GNU gdb (Ubuntu 15.1-1ubuntu1~24.04.1) 15.1
Copyright (C) 2024 Free Software Foundation, Inc.
License GPLv3+: GNU GPL version 3 or later <http://gnu.org/licenses/gpl.html>
This is free software: you are free to change and redistribute it.
There is NO WARRANTY, to the extent permitted by law.
Type "show copying" and "show warranty" for details.
This GDB was configured as "x86_64-linux-gnu".
Type "show configuration" for configuration details.
For bug reporting instructions, please see:
<https://www.gnu.org/software/gdb/bugs/>.
Find the GDB manual and other documentation resources online at:
    <http://www.gnu.org/software/gdb/documentation/>.

For help, type "help".
Type "apropos word" to search for commands related to "word".
warning: remote target does not support file transfer, attempting to access files from local filesystem.
Reading symbols from /samples/voicetext_paul.exe...
0x7bd64525 in DbgBreakPoint@0 ()
   from /usr/lib/i386-linux-gnu/wine/i386-windows/ntdll.dll
Wine-gdb> Wine-gdb> Wine-gdb> Wine-gdb> Signal        Stop	Print	Pass to program	Description
SIGSEGV       No	No	Yes		Segmentation fault
Wine-gdb> Signal        Stop	Print	Pass to program	Description
SIGSEGV       No	No	Yes		Segmentation fault
Wine-gdb> >>>>> > > >> > >>>>>>>>>>>>>>Wine-gdb> Wine-gdb> Breakpoint 1 at 0x1001da50
Wine-gdb> >>>>>>>>>>>>>>>>>>>>>>>>>>>>>>>>>>>>>>>>>>Wine-gdb> Wine-gdb> Continuing.
CSV_CAPACITY fields=99 bytes=197 bound=198 expected_100=0 expected_fields=1 expected_next=0
CSV_PARSE_CAPACITY fields=99 low_ax=1 stored_fields=99
CSV_CAPACITY fields=100 bytes=199 bound=200 expected_100=1 expected_fields=1 expected_next=0
CSV_PARSE_CAPACITY fields=100 low_ax=1 stored_fields=100
CSV_CAPACITY fields=101 bytes=201 bound=202 expected_100=1 expected_fields=0 expected_next=0
CSV_PARSE_CAPACITY fields=101 low_ax=-4 stored_fields=100
CSV_CAPACITY fields=102 bytes=203 bound=204 expected_100=1 expected_fields=0 expected_next=0
CSV_PARSE_CAPACITY fields=102 low_ax=-4 stored_fields=100
CSV_CAPACITY fields=103 bytes=205 bound=206 expected_100=1 expected_fields=0 expected_next=0
CSV_PARSE_CAPACITY fields=103 low_ax=-4 stored_fields=100
CSV_CAPACITY fields=104 bytes=207 bound=208 expected_100=1 expected_fields=0 expected_next=0
CSV_PARSE_CAPACITY fields=104 low_ax=-4 stored_fields=100
CSV_CAPACITY fields=105 bytes=209 bound=210 expected_100=1 expected_fields=0 expected_next=0
CSV_PARSE_CAPACITY fields=105 low_ax=-4 stored_fields=100
CSV_CAPACITY fields=106 bytes=211 bound=212 expected_100=1 expected_fields=0 expected_next=0
CSV_PARSE_CAPACITY fields=106 low_ax=-4 stored_fields=100
CSV_CAPACITY fields=107 bytes=213 bound=214 expected_100=1 expected_fields=0 expected_next=0
CSV_PARSE_CAPACITY fields=107 low_ax=-4 stored_fields=100
CSV_CAPACITY fields=108 bytes=215 bound=216 expected_100=1 expected_fields=0 expected_next=0
CSV_PARSE_CAPACITY fields=108 low_ax=-4 stored_fields=100
CSV_CAPACITY fields=109 bytes=217 bound=218 expected_100=1 expected_fields=0 expected_next=0
CSV_PARSE_CAPACITY fields=109 low_ax=-4 stored_fields=100
CSV_CAPACITY fields=110 bytes=219 bound=220 expected_100=1 expected_fields=0 expected_next=0
CSV_PARSE_CAPACITY fields=110 low_ax=-4 stored_fields=100
CSV_CAPACITY fields=111 bytes=221 bound=222 expected_100=1 expected_fields=0 expected_next=0
CSV_PARSE_CAPACITY fields=111 low_ax=-4 stored_fields=100
CSV_CAPACITY fields=112 bytes=223 bound=224 expected_100=1 expected_fields=0 expected_next=0
CSV_PARSE_CAPACITY fields=112 low_ax=-4 stored_fields=100
CSV_CAPACITY fields=113 bytes=225 bound=226 expected_100=1 expected_fields=0 expected_next=0
CSV_PARSE_CAPACITY fields=113 low_ax=-4 stored_fields=100
CSV_CAPACITY fields=114 bytes=227 bound=228 expected_100=1 expected_fields=0 expected_next=0
CSV_PARSE_CAPACITY fields=114 low_ax=-4 stored_fields=100
CSV_CAPACITY fields=115 bytes=229 bound=230 expected_100=1 expected_fields=0 expected_next=0
CSV_PARSE_CAPACITY fields=115 low_ax=-4 stored_fields=100
CSV_CAPACITY fields=116 bytes=231 bound=232 expected_100=1 expected_fields=0 expected_next=0
CSV_PARSE_CAPACITY fields=116 low_ax=-4 stored_fields=100
CSV_CAPACITY fields=117 bytes=233 bound=234 expected_100=1 expected_fields=0 expected_next=0
CSV_PARSE_CAPACITY fields=117 low_ax=-4 stored_fields=100
CSV_CAPACITY fields=118 bytes=235 bound=236 expected_100=1 expected_fields=0 expected_next=0
CSV_PARSE_CAPACITY fields=118 low_ax=-4 stored_fields=100
CSV_CAPACITY fields=119 bytes=237 bound=238 expected_100=1 expected_fields=0 expected_next=0
CSV_PARSE_CAPACITY fields=119 low_ax=-4 stored_fields=100
CSV_CAPACITY fields=120 bytes=239 bound=240 expected_100=1 expected_fields=0 expected_next=0
CSV_PARSE_CAPACITY fields=120 low_ax=-4 stored_fields=100
CSV_CAPACITY fields=121 bytes=241 bound=242 expected_100=1 expected_fields=0 expected_next=0
CSV_PARSE_CAPACITY fields=121 low_ax=-4 stored_fields=100
CSV_CAPACITY fields=122 bytes=243 bound=244 expected_100=1 expected_fields=0 expected_next=0
CSV_PARSE_CAPACITY fields=122 low_ax=-4 stored_fields=100
CSV_CAPACITY fields=123 bytes=245 bound=246 expected_100=1 expected_fields=0 expected_next=0
CSV_PARSE_CAPACITY fields=123 low_ax=-4 stored_fields=100
CSV_CAPACITY fields=124 bytes=247 bound=248 expected_100=1 expected_fields=0 expected_next=0
CSV_PARSE_CAPACITY fields=124 low_ax=-4 stored_fields=100
CSV_CAPACITY fields=125 bytes=249 bound=250 expected_100=1 expected_fields=0 expected_next=0
CSV_PARSE_CAPACITY fields=125 low_ax=-4 stored_fields=100
CSV_CAPACITY fields=126 bytes=251 bound=252 expected_100=1 expected_fields=0 expected_next=0
CSV_PARSE_CAPACITY fields=126 low_ax=-4 stored_fields=100
CSV_CAPACITY fields=127 bytes=253 bound=254 expected_100=1 expected_fields=0 expected_next=0
CSV_PARSE_CAPACITY fields=127 low_ax=-4 stored_fields=100
CSV_CAPACITY fields=128 bytes=255 bound=256 expected_100=1 expected_fields=0 expected_next=0
CSV_PARSE_CAPACITY fields=128 low_ax=-4 stored_fields=100
CSV_CAPACITY fields=255 bytes=509 bound=510 expected_100=1 expected_fields=0 expected_next=0
CSV_PARSE_CAPACITY fields=255 low_ax=-4 stored_fields=100
CSV_CAPACITY fields=256 bytes=511 bound=512 expected_100=1 expected_fields=0 expected_next=0
CSV_PARSE_CAPACITY fields=256 low_ax=-4 stored_fields=100
CSV_CAPACITY fields=512 bytes=1023 bound=1024 expected_100=1 expected_fields=0 expected_next=0
CSV_PARSE_CAPACITY fields=512 low_ax=-4 stored_fields=100
CSV_CAPACITY fields=1024 bytes=2047 bound=2048 expected_100=1 expected_fields=0 expected_next=0
CSV_PARSE_CAPACITY fields=1024 low_ax=-4 stored_fields=100
CSV_CAPACITY fields=4096 bytes=8191 bound=8192 expected_100=1 expected_fields=0 expected_next=0
CSV_PARSE_CAPACITY fields=4096 low_ax=-4 stored_fields=100
[Inferior 1 (Remote target) killed]
0114:0118: create process 'Z:\samples\voicetext_paul.exe'/00000000 @004014C0 (450560<1847>)
0114:0118: create thread I @004014C0
0114:0118: loads DLL C:\windows\system32\ntdll.dll @7BD10000 (2994176<5095>)
0114:0118: loads DLL C:\windows\system32\kernel32.dll @7BB90000 (1466368<19395>)
0114:0118: loads DLL C:\windows\system32\kernelbase.dll @7B650000 (5410816<14148>)
0114:0118: loads DLL C:\windows\system32\msvcrt.dll @7B2A0000 (2715648<8214>)
0114:0118: loads DLL Z:\samples\vt_pau.dll @10000000 (0<0>)
0114:0118: loads DLL C:\windows\system32\WINMM.dll @78EC0000 (1474560<4890>)
0114:0118: loads DLL C:\windows\system32\advapi32.dll @7B550000 (958464<7400>)
0114:0118: loads DLL C:\windows\system32\sechost.dll @7B200000 (565248<3163>)
0114:0118: loads DLL C:\windows\system32\ucrtbase.dll @7AEE0000 (3198976<11541>)
0114:0118: loads DLL C:\windows\system32\msacm32.dll @78E40000 (413696<1982>)
0114:0118: loads DLL C:\windows\system32\user32.dll @7A160000 (5005312<14159>)
0114:0118: loads DLL Z:\samples\zlib1.dll @7A120000 (135680<0>)
0114:0118: loads DLL C:\windows\system32\gdi32.dll @7A640000 (2355200<7390>)
0114:0118: loads DLL C:\windows\system32\win32u.dll @7A0D0000 (221184<1966>)
0114:0118: loads DLL C:\windows\system32\ole32.dll @7A9F0000 (4440064<14323>)
0114:0118: loads DLL C:\windows\system32\combase.dll @7A890000 (1314816<7562>)
0114:0118: loads DLL C:\windows\system32\rpcrt4.dll @79EA0000 (2162688<9274>)
0114:0118: loads DLL C:\windows\system32\coml2.dll @79E40000 (262144<3883>)
0114:0118: loads DLL C:\windows\system32\iphlpapi.dll @779C0000 (487424<4777>)
0114:0118: loads DLL C:\windows\system32\dnsapi.dll @77970000 (258048<1399>)
0114:0118: loads DLL C:\windows\system32\nsi.dll @77940000 (118784<823>)
0114:0118: loads DLL C:\windows\system32\ws2_32.dll @7AE40000 (565248<2279>)
0114:0118: loads DLL C:\windows\system32\tzres.dll @009C0000 (0<0>)
00000114:00000118: unload DLL @009C0000
0114:0118: loads DLL C:\windows\system32\tzres.dll @009C0000 (0<0>)
00000114:00000118: unload DLL @009C0000
0114:0118: loads DLL C:\windows\system32\imm32.dll @782F0000 (401408<2996>)
0114:0118: loads DLL C:\windows\system32\winex11.drv @780F0000 (307200<4314>)
0114:0118: loads DLL C:\windows\system32\uxtheme.dll @78030000 (671744<3646>)
