TOKEN_MATRIX baseline=0 record_bytes=468 token_length=96
TOKEN_BYTE index=00 class=selected mutation=next_hex result=-2
TOKEN_BYTE index=00 class=selected mutation=nonhex result=-2
TOKEN_BYTE index=01 class=selected mutation=next_hex result=-2
TOKEN_BYTE index=01 class=selected mutation=nonhex result=-2
TOKEN_BYTE index=02 class=gap mutation=next_hex result=-2
TOKEN_BYTE index=02 class=gap mutation=nonhex result=-2
TOKEN_BYTE index=02 class=gap mutation=case_flip result=-2
TOKEN_BYTE index=03 class=gap mutation=next_hex result=-2
TOKEN_BYTE index=03 class=gap mutation=nonhex result=-2
TOKEN_BYTE index=04 class=gap mutation=next_hex result=-2
TOKEN_BYTE index=04 class=gap mutation=nonhex result=-2
TOKEN_BYTE index=05 class=gap mutation=next_hex result=-2
TOKEN_BYTE index=05 class=gap mutation=nonhex result=-2
TOKEN_BYTE index=05 class=gap mutation=case_flip result=-2
TOKEN_BYTE index=06 class=selected mutation=next_hex result=-2
TOKEN_BYTE index=06 class=selected mutation=nonhex result=-2
TOKEN_BYTE index=07 class=selected mutation=next_hex result=-2
TOKEN_BYTE index=07 class=selected mutation=nonhex result=-2
TOKEN_BYTE index=08 class=gap mutation=next_hex result=-2
TOKEN_BYTE index=08 class=gap mutation=nonhex result=-2
TOKEN_BYTE index=09 class=gap mutation=next_hex result=-2
TOKEN_BYTE index=09 class=gap mutation=nonhex result=-2
TOKEN_BYTE index=10 class=gap mutation=next_hex result=-2
TOKEN_BYTE index=10 class=gap mutation=nonhex result=-2
TOKEN_BYTE index=10 class=gap mutation=case_flip result=-2
TOKEN_BYTE index=11 class=gap mutation=next_hex result=-2
TOKEN_BYTE index=11 class=gap mutation=nonhex result=-2
TOKEN_BYTE index=12 class=selected mutation=next_hex result=-2
TOKEN_BYTE index=12 class=selected mutation=nonhex result=-2
TOKEN_BYTE index=13 class=selected mutation=next_hex result=-2
TOKEN_BYTE index=13 class=selected mutation=nonhex result=-2
TOKEN_BYTE index=14 class=gap mutation=next_hex result=-2
TOKEN_BYTE index=14 class=gap mutation=nonhex result=-2
TOKEN_BYTE index=15 class=gap mutation=next_hex result=-2
TOKEN_BYTE index=15 class=gap mutation=nonhex result=-2
TOKEN_BYTE index=16 class=gap mutation=next_hex result=-2
TOKEN_BYTE index=16 class=gap mutation=nonhex result=-2
TOKEN_BYTE index=17 class=gap mutation=next_hex result=-2
TOKEN_BYTE index=17 class=gap mutation=nonhex result=-2
TOKEN_BYTE index=18 class=selected mutation=next_hex result=-2
TOKEN_BYTE index=18 class=selected mutation=nonhex result=-2
TOKEN_BYTE index=19 class=selected mutation=next_hex result=-2
TOKEN_BYTE index=19 class=selected mutation=nonhex result=-2
TOKEN_BYTE index=20 class=gap mutation=next_hex result=-2
TOKEN_BYTE index=20 class=gap mutation=nonhex result=-2
TOKEN_BYTE index=20 class=gap mutation=case_flip result=-2
TOKEN_BYTE index=21 class=gap mutation=next_hex result=-2
TOKEN_BYTE index=21 class=gap mutation=nonhex result=-2
TOKEN_BYTE index=22 class=gap mutation=next_hex result=-2
TOKEN_BYTE index=22 class=gap mutation=nonhex result=-2
TOKEN_BYTE index=23 class=gap mutation=next_hex result=-2
TOKEN_BYTE index=23 class=gap mutation=nonhex result=-2
TOKEN_BYTE index=23 class=gap mutation=case_flip result=-2
TOKEN_BYTE index=24 class=selected mutation=next_hex result=-2
TOKEN_BYTE index=24 class=selected mutation=nonhex result=-2
TOKEN_BYTE index=25 class=selected mutation=next_hex result=-2
TOKEN_BYTE index=25 class=selected mutation=nonhex result=-2
TOKEN_BYTE index=26 class=gap mutation=next_hex result=-2
TOKEN_BYTE index=26 class=gap mutation=nonhex result=-2
TOKEN_BYTE index=26 class=gap mutation=case_flip result=-2
TOKEN_BYTE index=27 class=gap mutation=next_hex result=-2
TOKEN_BYTE index=27 class=gap mutation=nonhex result=-2
TOKEN_BYTE index=27 class=gap mutation=case_flip result=-2
TOKEN_BYTE index=28 class=gap mutation=next_hex result=-2
TOKEN_BYTE index=28 class=gap mutation=nonhex result=-2
TOKEN_BYTE index=29 class=gap mutation=next_hex result=-2
TOKEN_BYTE index=29 class=gap mutation=nonhex result=-2
TOKEN_BYTE index=30 class=selected mutation=next_hex result=-2
TOKEN_BYTE index=30 class=selected mutation=nonhex result=-2
TOKEN_BYTE index=31 class=selected mutation=next_hex result=-2
TOKEN_BYTE index=31 class=selected mutation=nonhex result=-2
TOKEN_BYTE index=32 class=gap mutation=next_hex result=-2
TOKEN_BYTE index=32 class=gap mutation=nonhex result=-2
TOKEN_BYTE index=32 class=gap mutation=case_flip result=-2
TOKEN_BYTE index=33 class=gap mutation=next_hex result=-2
TOKEN_BYTE index=33 class=gap mutation=nonhex result=-2
TOKEN_BYTE index=33 class=gap mutation=case_flip result=-2
TOKEN_BYTE index=34 class=gap mutation=next_hex result=-2
TOKEN_BYTE index=34 class=gap mutation=nonhex result=-2
TOKEN_BYTE index=34 class=gap mutation=case_flip result=-2
TOKEN_BYTE index=35 class=gap mutation=next_hex result=-2
TOKEN_BYTE index=35 class=gap mutation=nonhex result=-2
TOKEN_BYTE index=36 class=selected mutation=next_hex result=-2
TOKEN_BYTE index=36 class=selected mutation=nonhex result=-2
TOKEN_BYTE index=37 class=selected mutation=next_hex result=-2
TOKEN_BYTE index=37 class=selected mutation=nonhex result=-2
TOKEN_BYTE index=38 class=gap mutation=next_hex result=-2
TOKEN_BYTE index=38 class=gap mutation=nonhex result=-2
TOKEN_BYTE index=39 class=gap mutation=next_hex result=-2
TOKEN_BYTE index=39 class=gap mutation=nonhex result=-2
TOKEN_BYTE index=40 class=gap mutation=next_hex result=-2
TOKEN_BYTE index=40 class=gap mutation=nonhex result=-2
TOKEN_BYTE index=41 class=gap mutation=next_hex result=-2
TOKEN_BYTE index=41 class=gap mutation=nonhex result=-2
TOKEN_BYTE index=42 class=selected mutation=next_hex result=-2
TOKEN_BYTE index=42 class=selected mutation=nonhex result=-2
TOKEN_BYTE index=42 class=selected mutation=case_flip result=-2
TOKEN_BYTE index=43 class=selected mutation=next_hex result=-2
TOKEN_BYTE index=43 class=selected mutation=nonhex result=-2
TOKEN_BYTE index=43 class=selected mutation=case_flip result=-2
TOKEN_BYTE index=44 class=gap mutation=next_hex result=-2
TOKEN_BYTE index=44 class=gap mutation=nonhex result=-2
TOKEN_BYTE index=45 class=gap mutation=next_hex result=-2
TOKEN_BYTE index=45 class=gap mutation=nonhex result=-2
TOKEN_BYTE index=46 class=gap mutation=next_hex result=-2
TOKEN_BYTE index=46 class=gap mutation=nonhex result=-2
TOKEN_BYTE index=47 class=gap mutation=next_hex result=-2
TOKEN_BYTE index=47 class=gap mutation=nonhex result=-2
TOKEN_BYTE index=48 class=selected mutation=next_hex result=-2
TOKEN_BYTE index=48 class=selected mutation=nonhex result=-2
TOKEN_BYTE index=49 class=selected mutation=next_hex result=-2
TOKEN_BYTE index=49 class=selected mutation=nonhex result=-2
TOKEN_BYTE index=50 class=gap mutation=next_hex result=-2
TOKEN_BYTE index=50 class=gap mutation=nonhex result=-2
TOKEN_BYTE index=51 class=gap mutation=next_hex result=-2
TOKEN_BYTE index=51 class=gap mutation=nonhex result=-2
TOKEN_BYTE index=52 class=gap mutation=next_hex result=-2
TOKEN_BYTE index=52 class=gap mutation=nonhex result=-2
TOKEN_BYTE index=53 class=gap mutation=next_hex result=-2
TOKEN_BYTE index=53 class=gap mutation=nonhex result=-2
TOKEN_CASEFLIP_ACCEPTED index=53
TOKEN_BYTE index=53 class=gap mutation=case_flip result=0
TOKEN_BYTE index=54 class=selected mutation=next_hex result=-2
TOKEN_BYTE index=54 class=selected mutation=nonhex result=-2
TOKEN_BYTE index=55 class=selected mutation=next_hex result=-2
TOKEN_BYTE index=55 class=selected mutation=nonhex result=-2
TOKEN_BYTE index=56 class=gap mutation=next_hex result=-2
TOKEN_BYTE index=56 class=gap mutation=nonhex result=-2
TOKEN_CASEFLIP_ACCEPTED index=56
TOKEN_BYTE index=56 class=gap mutation=case_flip result=0
TOKEN_BYTE index=57 class=gap mutation=next_hex result=-2
TOKEN_BYTE index=57 class=gap mutation=nonhex result=-2
TOKEN_BYTE index=58 class=gap mutation=next_hex result=-2
TOKEN_BYTE index=58 class=gap mutation=nonhex result=-2
TOKEN_CASEFLIP_ACCEPTED index=58
TOKEN_BYTE index=58 class=gap mutation=case_flip result=0
TOKEN_BYTE index=59 class=gap mutation=next_hex result=-2
TOKEN_BYTE index=59 class=gap mutation=nonhex result=-2
TOKEN_BYTE index=60 class=selected mutation=next_hex result=-2
TOKEN_BYTE index=60 class=selected mutation=nonhex result=-2
TOKEN_BYTE index=61 class=selected mutation=next_hex result=-2
TOKEN_BYTE index=61 class=selected mutation=nonhex result=-2
TOKEN_BYTE index=62 class=gap mutation=next_hex result=-2
TOKEN_BYTE index=62 class=gap mutation=nonhex result=-2
TOKEN_CASEFLIP_ACCEPTED index=62
TOKEN_BYTE index=62 class=gap mutation=case_flip result=0
TOKEN_BYTE index=63 class=gap mutation=next_hex result=-2
TOKEN_BYTE index=63 class=gap mutation=nonhex result=-2
TOKEN_BYTE index=64 class=gap mutation=next_hex result=-2
TOKEN_BYTE index=64 class=gap mutation=nonhex result=-2
TOKEN_CASEFLIP_ACCEPTED index=64
TOKEN_BYTE index=64 class=gap mutation=case_flip result=0
TOKEN_BYTE index=65 class=gap mutation=next_hex result=-2
TOKEN_BYTE index=65 class=gap mutation=nonhex result=-2
TOKEN_BYTE index=66 class=selected mutation=next_hex result=-2
TOKEN_BYTE index=66 class=selected mutation=nonhex result=-2
TOKEN_BYTE index=67 class=selected mutation=next_hex result=-2
TOKEN_BYTE index=67 class=selected mutation=nonhex result=-2
TOKEN_BYTE index=68 class=gap mutation=next_hex result=-2
TOKEN_BYTE index=68 class=gap mutation=nonhex result=-2
TOKEN_BYTE index=69 class=gap mutation=next_hex result=-2
TOKEN_BYTE index=69 class=gap mutation=nonhex result=-2
TOKEN_BYTE index=70 class=gap mutation=next_hex result=-2
TOKEN_BYTE index=70 class=gap mutation=nonhex result=-2
TOKEN_BYTE index=71 class=gap mutation=next_hex result=-2
TOKEN_BYTE index=71 class=gap mutation=nonhex result=-2
TOKEN_BYTE index=72 class=selected mutation=next_hex result=-2
TOKEN_BYTE index=72 class=selected mutation=nonhex result=-2
TOKEN_BYTE index=73 class=selected mutation=next_hex result=-2
TOKEN_BYTE index=73 class=selected mutation=nonhex result=-2
TOKEN_BYTE index=74 class=gap mutation=next_hex result=-2
TOKEN_BYTE index=74 class=gap mutation=nonhex result=-2
TOKEN_BYTE index=75 class=gap mutation=next_hex result=-2
TOKEN_BYTE index=75 class=gap mutation=nonhex result=-2
TOKEN_BYTE index=76 class=gap mutation=next_hex result=-2
TOKEN_BYTE index=76 class=gap mutation=nonhex result=-2
TOKEN_CASEFLIP_ACCEPTED index=76
TOKEN_BYTE index=76 class=gap mutation=case_flip result=0
TOKEN_BYTE index=77 class=gap mutation=next_hex result=-2
TOKEN_BYTE index=77 class=gap mutation=nonhex result=-2
TOKEN_CASEFLIP_ACCEPTED index=77
TOKEN_BYTE index=77 class=gap mutation=case_flip result=0
TOKEN_BYTE index=78 class=selected mutation=next_hex result=-2
TOKEN_BYTE index=78 class=selected mutation=nonhex result=-2
TOKEN_BYTE index=79 class=selected mutation=next_hex result=-2
TOKEN_BYTE index=79 class=selected mutation=nonhex result=-2
TOKEN_BYTE index=80 class=gap mutation=next_hex result=-2
TOKEN_BYTE index=80 class=gap mutation=nonhex result=-2
TOKEN_CASEFLIP_ACCEPTED index=80
TOKEN_BYTE index=80 class=gap mutation=case_flip result=0
TOKEN_BYTE index=81 class=gap mutation=next_hex result=-2
TOKEN_BYTE index=81 class=gap mutation=nonhex result=-2
TOKEN_BYTE index=82 class=gap mutation=next_hex result=-2
TOKEN_BYTE index=82 class=gap mutation=nonhex result=-2
TOKEN_CASEFLIP_ACCEPTED index=82
TOKEN_BYTE index=82 class=gap mutation=case_flip result=0
TOKEN_BYTE index=83 class=gap mutation=next_hex result=-2
TOKEN_BYTE index=83 class=gap mutation=nonhex result=-2
TOKEN_BYTE index=84 class=selected mutation=next_hex result=-2
TOKEN_BYTE index=84 class=selected mutation=nonhex result=-2
TOKEN_BYTE index=85 class=selected mutation=next_hex result=-2
TOKEN_BYTE index=85 class=selected mutation=nonhex result=-2
TOKEN_BYTE index=86 class=gap mutation=next_hex result=-2
TOKEN_BYTE index=86 class=gap mutation=nonhex result=-2
TOKEN_BYTE index=87 class=gap mutation=next_hex result=-2
TOKEN_BYTE index=87 class=gap mutation=nonhex result=-2
TOKEN_BYTE index=88 class=gap mutation=next_hex result=-2
TOKEN_BYTE index=88 class=gap mutation=nonhex result=-2
TOKEN_CASEFLIP_ACCEPTED index=88
TOKEN_BYTE index=88 class=gap mutation=case_flip result=0
TOKEN_BYTE index=89 class=gap mutation=next_hex result=-2
TOKEN_BYTE index=89 class=gap mutation=nonhex result=-2
TOKEN_BYTE index=90 class=selected mutation=next_hex result=-2
TOKEN_BYTE index=90 class=selected mutation=nonhex result=-2
TOKEN_BYTE index=91 class=selected mutation=next_hex result=-2
TOKEN_BYTE index=91 class=selected mutation=nonhex result=-2
TOKEN_BYTE index=92 class=gap mutation=next_hex result=-2
TOKEN_BYTE index=92 class=gap mutation=nonhex result=-2
TOKEN_BYTE index=93 class=gap mutation=next_hex result=-2
TOKEN_BYTE index=93 class=gap mutation=nonhex result=-2
TOKEN_BYTE index=94 class=gap mutation=next_hex result=-2
TOKEN_BYTE index=94 class=gap mutation=nonhex result=-2
TOKEN_BYTE index=95 class=gap mutation=next_hex result=-2
TOKEN_BYTE index=95 class=gap mutation=nonhex result=-2
TOKEN_CASE_COMBO mask=0 result=0
TOKEN_CASE_COMBO mask=1 result=0
TOKEN_CASE_COMBO mask=2 result=0
TOKEN_CASE_COMBO mask=3 result=0
TOKEN_CASE_COMBO mask=4 result=0
TOKEN_CASE_COMBO mask=5 result=0
TOKEN_CASE_COMBO mask=6 result=0
TOKEN_CASE_COMBO mask=7 result=0
TOKEN_CASE_COMBO mask=8 result=0
TOKEN_CASE_COMBO mask=9 result=0
TOKEN_CASE_COMBO mask=10 result=0
TOKEN_CASE_COMBO mask=11 result=0
TOKEN_CASE_COMBO mask=12 result=0
TOKEN_CASE_COMBO mask=13 result=0
TOKEN_CASE_COMBO mask=14 result=0
TOKEN_CASE_COMBO mask=15 result=0
TOKEN_CASE_COMBO mask=16 result=0
TOKEN_CASE_COMBO mask=17 result=0
TOKEN_CASE_COMBO mask=18 result=0
TOKEN_CASE_COMBO mask=19 result=0
TOKEN_CASE_COMBO mask=20 result=0
TOKEN_CASE_COMBO mask=21 result=0
TOKEN_CASE_COMBO mask=22 result=0
TOKEN_CASE_COMBO mask=23 result=0
TOKEN_CASE_COMBO mask=24 result=0
TOKEN_CASE_COMBO mask=25 result=0
TOKEN_CASE_COMBO mask=26 result=0
TOKEN_CASE_COMBO mask=27 result=0
TOKEN_CASE_COMBO mask=28 result=0
TOKEN_CASE_COMBO mask=29 result=0
TOKEN_CASE_COMBO mask=30 result=0
TOKEN_CASE_COMBO mask=31 result=0
TOKEN_CASE_COMBO mask=32 result=0
TOKEN_CASE_COMBO mask=33 result=0
TOKEN_CASE_COMBO mask=34 result=0
TOKEN_CASE_COMBO mask=35 result=0
TOKEN_CASE_COMBO mask=36 result=0
TOKEN_CASE_COMBO mask=37 result=0
TOKEN_CASE_COMBO mask=38 result=0
TOKEN_CASE_COMBO mask=39 result=0
TOKEN_CASE_COMBO mask=40 result=0
TOKEN_CASE_COMBO mask=41 result=0
TOKEN_CASE_COMBO mask=42 result=0
TOKEN_CASE_COMBO mask=43 result=0
TOKEN_CASE_COMBO mask=44 result=0
TOKEN_CASE_COMBO mask=45 result=0
TOKEN_CASE_COMBO mask=46 result=0
TOKEN_CASE_COMBO mask=47 result=0
TOKEN_CASE_COMBO mask=48 result=0
TOKEN_CASE_COMBO mask=49 result=0
TOKEN_CASE_COMBO mask=50 result=0
TOKEN_CASE_COMBO mask=51 result=0
TOKEN_CASE_COMBO mask=52 result=0
TOKEN_CASE_COMBO mask=53 result=0
TOKEN_CASE_COMBO mask=54 result=0
TOKEN_CASE_COMBO mask=55 result=0
TOKEN_CASE_COMBO mask=56 result=0
TOKEN_CASE_COMBO mask=57 result=0
TOKEN_CASE_COMBO mask=58 result=0
TOKEN_CASE_COMBO mask=59 result=0
TOKEN_CASE_COMBO mask=60 result=0
TOKEN_CASE_COMBO mask=61 result=0
TOKEN_CASE_COMBO mask=62 result=0
TOKEN_CASE_COMBO mask=63 result=0
TOKEN_CASE_COMBO mask=64 result=0
TOKEN_CASE_COMBO mask=65 result=0
TOKEN_CASE_COMBO mask=66 result=0
TOKEN_CASE_COMBO mask=67 result=0
TOKEN_CASE_COMBO mask=68 result=0
TOKEN_CASE_COMBO mask=69 result=0
TOKEN_CASE_COMBO mask=70 result=0
TOKEN_CASE_COMBO mask=71 result=0
TOKEN_CASE_COMBO mask=72 result=0
TOKEN_CASE_COMBO mask=73 result=0
TOKEN_CASE_COMBO mask=74 result=0
TOKEN_CASE_COMBO mask=75 result=0
TOKEN_CASE_COMBO mask=76 result=0
TOKEN_CASE_COMBO mask=77 result=0
TOKEN_CASE_COMBO mask=78 result=0
TOKEN_CASE_COMBO mask=79 result=0
TOKEN_CASE_COMBO mask=80 result=0
TOKEN_CASE_COMBO mask=81 result=0
TOKEN_CASE_COMBO mask=82 result=0
TOKEN_CASE_COMBO mask=83 result=0
TOKEN_CASE_COMBO mask=84 result=0
TOKEN_CASE_COMBO mask=85 result=0
TOKEN_CASE_COMBO mask=86 result=0
TOKEN_CASE_COMBO mask=87 result=0
TOKEN_CASE_COMBO mask=88 result=0
TOKEN_CASE_COMBO mask=89 result=0
TOKEN_CASE_COMBO mask=90 result=0
TOKEN_CASE_COMBO mask=91 result=0
TOKEN_CASE_COMBO mask=92 result=0
TOKEN_CASE_COMBO mask=93 result=0
TOKEN_CASE_COMBO mask=94 result=0
TOKEN_CASE_COMBO mask=95 result=0
TOKEN_CASE_COMBO mask=96 result=0
TOKEN_CASE_COMBO mask=97 result=0
TOKEN_CASE_COMBO mask=98 result=0
TOKEN_CASE_COMBO mask=99 result=0
TOKEN_CASE_COMBO mask=100 result=0
TOKEN_CASE_COMBO mask=101 result=0
TOKEN_CASE_COMBO mask=102 result=0
TOKEN_CASE_COMBO mask=103 result=0
TOKEN_CASE_COMBO mask=104 result=0
TOKEN_CASE_COMBO mask=105 result=0
TOKEN_CASE_COMBO mask=106 result=0
TOKEN_CASE_COMBO mask=107 result=0
TOKEN_CASE_COMBO mask=108 result=0
TOKEN_CASE_COMBO mask=109 result=0
TOKEN_CASE_COMBO mask=110 result=0
TOKEN_CASE_COMBO mask=111 result=0
TOKEN_CASE_COMBO mask=112 result=0
TOKEN_CASE_COMBO mask=113 result=0
TOKEN_CASE_COMBO mask=114 result=0
TOKEN_CASE_COMBO mask=115 result=0
TOKEN_CASE_COMBO mask=116 result=0
TOKEN_CASE_COMBO mask=117 result=0
TOKEN_CASE_COMBO mask=118 result=0
TOKEN_CASE_COMBO mask=119 result=0
TOKEN_CASE_COMBO mask=120 result=0
TOKEN_CASE_COMBO mask=121 result=0
TOKEN_CASE_COMBO mask=122 result=0
TOKEN_CASE_COMBO mask=123 result=0
TOKEN_CASE_COMBO mask=124 result=0
TOKEN_CASE_COMBO mask=125 result=0
TOKEN_CASE_COMBO mask=126 result=0
TOKEN_CASE_COMBO mask=127 result=0
TOKEN_CASE_COMBO mask=128 result=0
TOKEN_CASE_COMBO mask=129 result=0
TOKEN_CASE_COMBO mask=130 result=0
TOKEN_CASE_COMBO mask=131 result=0
TOKEN_CASE_COMBO mask=132 result=0
TOKEN_CASE_COMBO mask=133 result=0
TOKEN_CASE_COMBO mask=134 result=0
TOKEN_CASE_COMBO mask=135 result=0
TOKEN_CASE_COMBO mask=136 result=0
TOKEN_CASE_COMBO mask=137 result=0
TOKEN_CASE_COMBO mask=138 result=0
TOKEN_CASE_COMBO mask=139 result=0
TOKEN_CASE_COMBO mask=140 result=0
TOKEN_CASE_COMBO mask=141 result=0
TOKEN_CASE_COMBO mask=142 result=0
TOKEN_CASE_COMBO mask=143 result=0
TOKEN_CASE_COMBO mask=144 result=0
TOKEN_CASE_COMBO mask=145 result=0
TOKEN_CASE_COMBO mask=146 result=0
TOKEN_CASE_COMBO mask=147 result=0
TOKEN_CASE_COMBO mask=148 result=0
TOKEN_CASE_COMBO mask=149 result=0
TOKEN_CASE_COMBO mask=150 result=0
TOKEN_CASE_COMBO mask=151 result=0
TOKEN_CASE_COMBO mask=152 result=0
TOKEN_CASE_COMBO mask=153 result=0
TOKEN_CASE_COMBO mask=154 result=0
TOKEN_CASE_COMBO mask=155 result=0
TOKEN_CASE_COMBO mask=156 result=0
TOKEN_CASE_COMBO mask=157 result=0
TOKEN_CASE_COMBO mask=158 result=0
TOKEN_CASE_COMBO mask=159 result=0
TOKEN_CASE_COMBO mask=160 result=0
TOKEN_CASE_COMBO mask=161 result=0
TOKEN_CASE_COMBO mask=162 result=0
TOKEN_CASE_COMBO mask=163 result=0
TOKEN_CASE_COMBO mask=164 result=0
TOKEN_CASE_COMBO mask=165 result=0
TOKEN_CASE_COMBO mask=166 result=0
TOKEN_CASE_COMBO mask=167 result=0
TOKEN_CASE_COMBO mask=168 result=0
TOKEN_CASE_COMBO mask=169 result=0
TOKEN_CASE_COMBO mask=170 result=0
TOKEN_CASE_COMBO mask=171 result=0
TOKEN_CASE_COMBO mask=172 result=0
TOKEN_CASE_COMBO mask=173 result=0
TOKEN_CASE_COMBO mask=174 result=0
TOKEN_CASE_COMBO mask=175 result=0
TOKEN_CASE_COMBO mask=176 result=0
TOKEN_CASE_COMBO mask=177 result=0
TOKEN_CASE_COMBO mask=178 result=0
TOKEN_CASE_COMBO mask=179 result=0
TOKEN_CASE_COMBO mask=180 result=0
TOKEN_CASE_COMBO mask=181 result=0
TOKEN_CASE_COMBO mask=182 result=0
TOKEN_CASE_COMBO mask=183 result=0
TOKEN_CASE_COMBO mask=184 result=0
TOKEN_CASE_COMBO mask=185 result=0
TOKEN_CASE_COMBO mask=186 result=0
TOKEN_CASE_COMBO mask=187 result=0
TOKEN_CASE_COMBO mask=188 result=0
TOKEN_CASE_COMBO mask=189 result=0
TOKEN_CASE_COMBO mask=190 result=0
TOKEN_CASE_COMBO mask=191 result=0
TOKEN_CASE_COMBO mask=192 result=0
TOKEN_CASE_COMBO mask=193 result=0
TOKEN_CASE_COMBO mask=194 result=0
TOKEN_CASE_COMBO mask=195 result=0
TOKEN_CASE_COMBO mask=196 result=0
TOKEN_CASE_COMBO mask=197 result=0
TOKEN_CASE_COMBO mask=198 result=0
TOKEN_CASE_COMBO mask=199 result=0
TOKEN_CASE_COMBO mask=200 result=0
TOKEN_CASE_COMBO mask=201 result=0
TOKEN_CASE_COMBO mask=202 result=0
TOKEN_CASE_COMBO mask=203 result=0
TOKEN_CASE_COMBO mask=204 result=0
TOKEN_CASE_COMBO mask=205 result=0
TOKEN_CASE_COMBO mask=206 result=0
TOKEN_CASE_COMBO mask=207 result=0
TOKEN_CASE_COMBO mask=208 result=0
TOKEN_CASE_COMBO mask=209 result=0
TOKEN_CASE_COMBO mask=210 result=0
TOKEN_CASE_COMBO mask=211 result=0
TOKEN_CASE_COMBO mask=212 result=0
TOKEN_CASE_COMBO mask=213 result=0
TOKEN_CASE_COMBO mask=214 result=0
TOKEN_CASE_COMBO mask=215 result=0
TOKEN_CASE_COMBO mask=216 result=0
TOKEN_CASE_COMBO mask=217 result=0
TOKEN_CASE_COMBO mask=218 result=0
TOKEN_CASE_COMBO mask=219 result=0
TOKEN_CASE_COMBO mask=220 result=0
TOKEN_CASE_COMBO mask=221 result=0
TOKEN_CASE_COMBO mask=222 result=0
TOKEN_CASE_COMBO mask=223 result=0
TOKEN_CASE_COMBO mask=224 result=0
TOKEN_CASE_COMBO mask=225 result=0
TOKEN_CASE_COMBO mask=226 result=0
TOKEN_CASE_COMBO mask=227 result=0
TOKEN_CASE_COMBO mask=228 result=0
TOKEN_CASE_COMBO mask=229 result=0
TOKEN_CASE_COMBO mask=230 result=0
TOKEN_CASE_COMBO mask=231 result=0
TOKEN_CASE_COMBO mask=232 result=0
TOKEN_CASE_COMBO mask=233 result=0
TOKEN_CASE_COMBO mask=234 result=0
TOKEN_CASE_COMBO mask=235 result=0
TOKEN_CASE_COMBO mask=236 result=0
TOKEN_CASE_COMBO mask=237 result=0
TOKEN_CASE_COMBO mask=238 result=0
TOKEN_CASE_COMBO mask=239 result=0
TOKEN_CASE_COMBO mask=240 result=0
TOKEN_CASE_COMBO mask=241 result=0
TOKEN_CASE_COMBO mask=242 result=0
TOKEN_CASE_COMBO mask=243 result=0
TOKEN_CASE_COMBO mask=244 result=0
TOKEN_CASE_COMBO mask=245 result=0
TOKEN_CASE_COMBO mask=246 result=0
TOKEN_CASE_COMBO mask=247 result=0
TOKEN_CASE_COMBO mask=248 result=0
TOKEN_CASE_COMBO mask=249 result=0
TOKEN_CASE_COMBO mask=250 result=0
TOKEN_CASE_COMBO mask=251 result=0
TOKEN_CASE_COMBO mask=252 result=0
TOKEN_CASE_COMBO mask=253 result=0
TOKEN_CASE_COMBO mask=254 result=0
TOKEN_CASE_COMBO mask=255 result=0
TOKEN_CASE_COMBO mask=256 result=0
TOKEN_CASE_COMBO mask=257 result=0
TOKEN_CASE_COMBO mask=258 result=0
TOKEN_CASE_COMBO mask=259 result=0
TOKEN_CASE_COMBO mask=260 result=0
TOKEN_CASE_COMBO mask=261 result=0
TOKEN_CASE_COMBO mask=262 result=0
TOKEN_CASE_COMBO mask=263 result=0
TOKEN_CASE_COMBO mask=264 result=0
TOKEN_CASE_COMBO mask=265 result=0
TOKEN_CASE_COMBO mask=266 result=0
TOKEN_CASE_COMBO mask=267 result=0
TOKEN_CASE_COMBO mask=268 result=0
TOKEN_CASE_COMBO mask=269 result=0
TOKEN_CASE_COMBO mask=270 result=0
TOKEN_CASE_COMBO mask=271 result=0
TOKEN_CASE_COMBO mask=272 result=0
TOKEN_CASE_COMBO mask=273 result=0
TOKEN_CASE_COMBO mask=274 result=0
TOKEN_CASE_COMBO mask=275 result=0
TOKEN_CASE_COMBO mask=276 result=0
TOKEN_CASE_COMBO mask=277 result=0
TOKEN_CASE_COMBO mask=278 result=0
TOKEN_CASE_COMBO mask=279 result=0
TOKEN_CASE_COMBO mask=280 result=0
TOKEN_CASE_COMBO mask=281 result=0
TOKEN_CASE_COMBO mask=282 result=0
TOKEN_CASE_COMBO mask=283 result=0
TOKEN_CASE_COMBO mask=284 result=0
TOKEN_CASE_COMBO mask=285 result=0
TOKEN_CASE_COMBO mask=286 result=0
TOKEN_CASE_COMBO mask=287 result=0
TOKEN_CASE_COMBO mask=288 result=0
TOKEN_CASE_COMBO mask=289 result=0
TOKEN_CASE_COMBO mask=290 result=0
TOKEN_CASE_COMBO mask=291 result=0
TOKEN_CASE_COMBO mask=292 result=0
TOKEN_CASE_COMBO mask=293 result=0
TOKEN_CASE_COMBO mask=294 result=0
TOKEN_CASE_COMBO mask=295 result=0
TOKEN_CASE_COMBO mask=296 result=0
TOKEN_CASE_COMBO mask=297 result=0
TOKEN_CASE_COMBO mask=298 result=0
TOKEN_CASE_COMBO mask=299 result=0
TOKEN_CASE_COMBO mask=300 result=0
TOKEN_CASE_COMBO mask=301 result=0
TOKEN_CASE_COMBO mask=302 result=0
TOKEN_CASE_COMBO mask=303 result=0
TOKEN_CASE_COMBO mask=304 result=0
TOKEN_CASE_COMBO mask=305 result=0
TOKEN_CASE_COMBO mask=306 result=0
TOKEN_CASE_COMBO mask=307 result=0
TOKEN_CASE_COMBO mask=308 result=0
TOKEN_CASE_COMBO mask=309 result=0
TOKEN_CASE_COMBO mask=310 result=0
TOKEN_CASE_COMBO mask=311 result=0
TOKEN_CASE_COMBO mask=312 result=0
TOKEN_CASE_COMBO mask=313 result=0
TOKEN_CASE_COMBO mask=314 result=0
TOKEN_CASE_COMBO mask=315 result=0
TOKEN_CASE_COMBO mask=316 result=0
TOKEN_CASE_COMBO mask=317 result=0
TOKEN_CASE_COMBO mask=318 result=0
TOKEN_CASE_COMBO mask=319 result=0
TOKEN_CASE_COMBO mask=320 result=0
TOKEN_CASE_COMBO mask=321 result=0
TOKEN_CASE_COMBO mask=322 result=0
TOKEN_CASE_COMBO mask=323 result=0
TOKEN_CASE_COMBO mask=324 result=0
TOKEN_CASE_COMBO mask=325 result=0
TOKEN_CASE_COMBO mask=326 result=0
TOKEN_CASE_COMBO mask=327 result=0
TOKEN_CASE_COMBO mask=328 result=0
TOKEN_CASE_COMBO mask=329 result=0
TOKEN_CASE_COMBO mask=330 result=0
TOKEN_CASE_COMBO mask=331 result=0
TOKEN_CASE_COMBO mask=332 result=0
TOKEN_CASE_COMBO mask=333 result=0
TOKEN_CASE_COMBO mask=334 result=0
TOKEN_CASE_COMBO mask=335 result=0
TOKEN_CASE_COMBO mask=336 result=0
TOKEN_CASE_COMBO mask=337 result=0
TOKEN_CASE_COMBO mask=338 result=0
TOKEN_CASE_COMBO mask=339 result=0
TOKEN_CASE_COMBO mask=340 result=0
TOKEN_CASE_COMBO mask=341 result=0
TOKEN_CASE_COMBO mask=342 result=0
TOKEN_CASE_COMBO mask=343 result=0
TOKEN_CASE_COMBO mask=344 result=0
TOKEN_CASE_COMBO mask=345 result=0
TOKEN_CASE_COMBO mask=346 result=0
TOKEN_CASE_COMBO mask=347 result=0
TOKEN_CASE_COMBO mask=348 result=0
TOKEN_CASE_COMBO mask=349 result=0
TOKEN_CASE_COMBO mask=350 result=0
TOKEN_CASE_COMBO mask=351 result=0
TOKEN_CASE_COMBO mask=352 result=0
TOKEN_CASE_COMBO mask=353 result=0
TOKEN_CASE_COMBO mask=354 result=0
TOKEN_CASE_COMBO mask=355 result=0
TOKEN_CASE_COMBO mask=356 result=0
TOKEN_CASE_COMBO mask=357 result=0
TOKEN_CASE_COMBO mask=358 result=0
TOKEN_CASE_COMBO mask=359 result=0
TOKEN_CASE_COMBO mask=360 result=0
TOKEN_CASE_COMBO mask=361 result=0
TOKEN_CASE_COMBO mask=362 result=0
TOKEN_CASE_COMBO mask=363 result=0
TOKEN_CASE_COMBO mask=364 result=0
TOKEN_CASE_COMBO mask=365 result=0
TOKEN_CASE_COMBO mask=366 result=0
TOKEN_CASE_COMBO mask=367 result=0
TOKEN_CASE_COMBO mask=368 result=0
TOKEN_CASE_COMBO mask=369 result=0
TOKEN_CASE_COMBO mask=370 result=0
TOKEN_CASE_COMBO mask=371 result=0
TOKEN_CASE_COMBO mask=372 result=0
TOKEN_CASE_COMBO mask=373 result=0
TOKEN_CASE_COMBO mask=374 result=0
TOKEN_CASE_COMBO mask=375 result=0
TOKEN_CASE_COMBO mask=376 result=0
TOKEN_CASE_COMBO mask=377 result=0
TOKEN_CASE_COMBO mask=378 result=0
TOKEN_CASE_COMBO mask=379 result=0
TOKEN_CASE_COMBO mask=380 result=0
TOKEN_CASE_COMBO mask=381 result=0
TOKEN_CASE_COMBO mask=382 result=0
TOKEN_CASE_COMBO mask=383 result=0
TOKEN_CASE_COMBO mask=384 result=0
TOKEN_CASE_COMBO mask=385 result=0
TOKEN_CASE_COMBO mask=386 result=0
TOKEN_CASE_COMBO mask=387 result=0
TOKEN_CASE_COMBO mask=388 result=0
TOKEN_CASE_COMBO mask=389 result=0
TOKEN_CASE_COMBO mask=390 result=0
TOKEN_CASE_COMBO mask=391 result=0
TOKEN_CASE_COMBO mask=392 result=0
TOKEN_CASE_COMBO mask=393 result=0
TOKEN_CASE_COMBO mask=394 result=0
TOKEN_CASE_COMBO mask=395 result=0
TOKEN_CASE_COMBO mask=396 result=0
TOKEN_CASE_COMBO mask=397 result=0
TOKEN_CASE_COMBO mask=398 result=0
TOKEN_CASE_COMBO mask=399 result=0
TOKEN_CASE_COMBO mask=400 result=0
TOKEN_CASE_COMBO mask=401 result=0
TOKEN_CASE_COMBO mask=402 result=0
TOKEN_CASE_COMBO mask=403 result=0
TOKEN_CASE_COMBO mask=404 result=0
TOKEN_CASE_COMBO mask=405 result=0
TOKEN_CASE_COMBO mask=406 result=0
TOKEN_CASE_COMBO mask=407 result=0
TOKEN_CASE_COMBO mask=408 result=0
TOKEN_CASE_COMBO mask=409 result=0
TOKEN_CASE_COMBO mask=410 result=0
TOKEN_CASE_COMBO mask=411 result=0
TOKEN_CASE_COMBO mask=412 result=0
TOKEN_CASE_COMBO mask=413 result=0
TOKEN_CASE_COMBO mask=414 result=0
TOKEN_CASE_COMBO mask=415 result=0
TOKEN_CASE_COMBO mask=416 result=0
TOKEN_CASE_COMBO mask=417 result=0
TOKEN_CASE_COMBO mask=418 result=0
TOKEN_CASE_COMBO mask=419 result=0
TOKEN_CASE_COMBO mask=420 result=0
TOKEN_CASE_COMBO mask=421 result=0
TOKEN_CASE_COMBO mask=422 result=0
TOKEN_CASE_COMBO mask=423 result=0
TOKEN_CASE_COMBO mask=424 result=0
TOKEN_CASE_COMBO mask=425 result=0
TOKEN_CASE_COMBO mask=426 result=0
TOKEN_CASE_COMBO mask=427 result=0
TOKEN_CASE_COMBO mask=428 result=0
TOKEN_CASE_COMBO mask=429 result=0
TOKEN_CASE_COMBO mask=430 result=0
TOKEN_CASE_COMBO mask=431 result=0
TOKEN_CASE_COMBO mask=432 result=0
TOKEN_CASE_COMBO mask=433 result=0
TOKEN_CASE_COMBO mask=434 result=0
TOKEN_CASE_COMBO mask=435 result=0
TOKEN_CASE_COMBO mask=436 result=0
TOKEN_CASE_COMBO mask=437 result=0
TOKEN_CASE_COMBO mask=438 result=0
TOKEN_CASE_COMBO mask=439 result=0
TOKEN_CASE_COMBO mask=440 result=0
TOKEN_CASE_COMBO mask=441 result=0
TOKEN_CASE_COMBO mask=442 result=0
TOKEN_CASE_COMBO mask=443 result=0
TOKEN_CASE_COMBO mask=444 result=0
TOKEN_CASE_COMBO mask=445 result=0
TOKEN_CASE_COMBO mask=446 result=0
TOKEN_CASE_COMBO mask=447 result=0
TOKEN_CASE_COMBO mask=448 result=0
TOKEN_CASE_COMBO mask=449 result=0
TOKEN_CASE_COMBO mask=450 result=0
TOKEN_CASE_COMBO mask=451 result=0
TOKEN_CASE_COMBO mask=452 result=0
TOKEN_CASE_COMBO mask=453 result=0
TOKEN_CASE_COMBO mask=454 result=0
TOKEN_CASE_COMBO mask=455 result=0
TOKEN_CASE_COMBO mask=456 result=0
TOKEN_CASE_COMBO mask=457 result=0
TOKEN_CASE_COMBO mask=458 result=0
TOKEN_CASE_COMBO mask=459 result=0
TOKEN_CASE_COMBO mask=460 result=0
TOKEN_CASE_COMBO mask=461 result=0
TOKEN_CASE_COMBO mask=462 result=0
TOKEN_CASE_COMBO mask=463 result=0
TOKEN_CASE_COMBO mask=464 result=0
TOKEN_CASE_COMBO mask=465 result=0
TOKEN_CASE_COMBO mask=466 result=0
TOKEN_CASE_COMBO mask=467 result=0
TOKEN_CASE_COMBO mask=468 result=0
TOKEN_CASE_COMBO mask=469 result=0
TOKEN_CASE_COMBO mask=470 result=0
TOKEN_CASE_COMBO mask=471 result=0
TOKEN_CASE_COMBO mask=472 result=0
TOKEN_CASE_COMBO mask=473 result=0
TOKEN_CASE_COMBO mask=474 result=0
TOKEN_CASE_COMBO mask=475 result=0
TOKEN_CASE_COMBO mask=476 result=0
TOKEN_CASE_COMBO mask=477 result=0
TOKEN_CASE_COMBO mask=478 result=0
TOKEN_CASE_COMBO mask=479 result=0
TOKEN_CASE_COMBO mask=480 result=0
TOKEN_CASE_COMBO mask=481 result=0
TOKEN_CASE_COMBO mask=482 result=0
TOKEN_CASE_COMBO mask=483 result=0
TOKEN_CASE_COMBO mask=484 result=0
TOKEN_CASE_COMBO mask=485 result=0
TOKEN_CASE_COMBO mask=486 result=0
TOKEN_CASE_COMBO mask=487 result=0
TOKEN_CASE_COMBO mask=488 result=0
TOKEN_CASE_COMBO mask=489 result=0
TOKEN_CASE_COMBO mask=490 result=0
TOKEN_CASE_COMBO mask=491 result=0
TOKEN_CASE_COMBO mask=492 result=0
TOKEN_CASE_COMBO mask=493 result=0
TOKEN_CASE_COMBO mask=494 result=0
TOKEN_CASE_COMBO mask=495 result=0
TOKEN_CASE_COMBO mask=496 result=0
TOKEN_CASE_COMBO mask=497 result=0
TOKEN_CASE_COMBO mask=498 result=0
TOKEN_CASE_COMBO mask=499 result=0
TOKEN_CASE_COMBO mask=500 result=0
TOKEN_CASE_COMBO mask=501 result=0
TOKEN_CASE_COMBO mask=502 result=0
TOKEN_CASE_COMBO mask=503 result=0
TOKEN_CASE_COMBO mask=504 result=0
TOKEN_CASE_COMBO mask=505 result=0
TOKEN_CASE_COMBO mask=506 result=0
TOKEN_CASE_COMBO mask=507 result=0
TOKEN_CASE_COMBO mask=508 result=0
TOKEN_CASE_COMBO mask=509 result=0
TOKEN_CASE_COMBO mask=510 result=0
TOKEN_CASE_COMBO mask=511 result=0
TOKEN_CASE_COMBO mask=512 result=0
TOKEN_CASE_COMBO mask=513 result=0
TOKEN_CASE_COMBO mask=514 result=0
TOKEN_CASE_COMBO mask=515 result=0
TOKEN_CASE_COMBO mask=516 result=0
TOKEN_CASE_COMBO mask=517 result=0
TOKEN_CASE_COMBO mask=518 result=0
TOKEN_CASE_COMBO mask=519 result=0
TOKEN_CASE_COMBO mask=520 result=0
TOKEN_CASE_COMBO mask=521 result=0
TOKEN_CASE_COMBO mask=522 result=0
TOKEN_CASE_COMBO mask=523 result=0
TOKEN_CASE_COMBO mask=524 result=0
TOKEN_CASE_COMBO mask=525 result=0
TOKEN_CASE_COMBO mask=526 result=0
TOKEN_CASE_COMBO mask=527 result=0
TOKEN_CASE_COMBO mask=528 result=0
TOKEN_CASE_COMBO mask=529 result=0
TOKEN_CASE_COMBO mask=530 result=0
TOKEN_CASE_COMBO mask=531 result=0
TOKEN_CASE_COMBO mask=532 result=0
TOKEN_CASE_COMBO mask=533 result=0
TOKEN_CASE_COMBO mask=534 result=0
TOKEN_CASE_COMBO mask=535 result=0
TOKEN_CASE_COMBO mask=536 result=0
TOKEN_CASE_COMBO mask=537 result=0
TOKEN_CASE_COMBO mask=538 result=0
TOKEN_CASE_COMBO mask=539 result=0
TOKEN_CASE_COMBO mask=540 result=0
TOKEN_CASE_COMBO mask=541 result=0
TOKEN_CASE_COMBO mask=542 result=0
TOKEN_CASE_COMBO mask=543 result=0
TOKEN_CASE_COMBO mask=544 result=0
TOKEN_CASE_COMBO mask=545 result=0
TOKEN_CASE_COMBO mask=546 result=0
TOKEN_CASE_COMBO mask=547 result=0
TOKEN_CASE_COMBO mask=548 result=0
TOKEN_CASE_COMBO mask=549 result=0
TOKEN_CASE_COMBO mask=550 result=0
TOKEN_CASE_COMBO mask=551 result=0
TOKEN_CASE_COMBO mask=552 result=0
TOKEN_CASE_COMBO mask=553 result=0
TOKEN_CASE_COMBO mask=554 result=0
TOKEN_CASE_COMBO mask=555 result=0
TOKEN_CASE_COMBO mask=556 result=0
TOKEN_CASE_COMBO mask=557 result=0
TOKEN_CASE_COMBO mask=558 result=0
TOKEN_CASE_COMBO mask=559 result=0
TOKEN_CASE_COMBO mask=560 result=0
TOKEN_CASE_COMBO mask=561 result=0
TOKEN_CASE_COMBO mask=562 result=0
TOKEN_CASE_COMBO mask=563 result=0
TOKEN_CASE_COMBO mask=564 result=0
TOKEN_CASE_COMBO mask=565 result=0
TOKEN_CASE_COMBO mask=566 result=0
TOKEN_CASE_COMBO mask=567 result=0
TOKEN_CASE_COMBO mask=568 result=0
TOKEN_CASE_COMBO mask=569 result=0
TOKEN_CASE_COMBO mask=570 result=0
TOKEN_CASE_COMBO mask=571 result=0
TOKEN_CASE_COMBO mask=572 result=0
TOKEN_CASE_COMBO mask=573 result=0
TOKEN_CASE_COMBO mask=574 result=0
TOKEN_CASE_COMBO mask=575 result=0
TOKEN_CASE_COMBO mask=576 result=0
TOKEN_CASE_COMBO mask=577 result=0
TOKEN_CASE_COMBO mask=578 result=0
TOKEN_CASE_COMBO mask=579 result=0
TOKEN_CASE_COMBO mask=580 result=0
TOKEN_CASE_COMBO mask=581 result=0
TOKEN_CASE_COMBO mask=582 result=0
TOKEN_CASE_COMBO mask=583 result=0
TOKEN_CASE_COMBO mask=584 result=0
TOKEN_CASE_COMBO mask=585 result=0
TOKEN_CASE_COMBO mask=586 result=0
TOKEN_CASE_COMBO mask=587 result=0
TOKEN_CASE_COMBO mask=588 result=0
TOKEN_CASE_COMBO mask=589 result=0
TOKEN_CASE_COMBO mask=590 result=0
TOKEN_CASE_COMBO mask=591 result=0
TOKEN_CASE_COMBO mask=592 result=0
TOKEN_CASE_COMBO mask=593 result=0
TOKEN_CASE_COMBO mask=594 result=0
TOKEN_CASE_COMBO mask=595 result=0
TOKEN_CASE_COMBO mask=596 result=0
TOKEN_CASE_COMBO mask=597 result=0
TOKEN_CASE_COMBO mask=598 result=0
TOKEN_CASE_COMBO mask=599 result=0
TOKEN_CASE_COMBO mask=600 result=0
TOKEN_CASE_COMBO mask=601 result=0
TOKEN_CASE_COMBO mask=602 result=0
TOKEN_CASE_COMBO mask=603 result=0
TOKEN_CASE_COMBO mask=604 result=0
TOKEN_CASE_COMBO mask=605 result=0
TOKEN_CASE_COMBO mask=606 result=0
TOKEN_CASE_COMBO mask=607 result=0
TOKEN_CASE_COMBO mask=608 result=0
TOKEN_CASE_COMBO mask=609 result=0
TOKEN_CASE_COMBO mask=610 result=0
TOKEN_CASE_COMBO mask=611 result=0
TOKEN_CASE_COMBO mask=612 result=0
TOKEN_CASE_COMBO mask=613 result=0
TOKEN_CASE_COMBO mask=614 result=0
TOKEN_CASE_COMBO mask=615 result=0
TOKEN_CASE_COMBO mask=616 result=0
TOKEN_CASE_COMBO mask=617 result=0
TOKEN_CASE_COMBO mask=618 result=0
TOKEN_CASE_COMBO mask=619 result=0
TOKEN_CASE_COMBO mask=620 result=0
TOKEN_CASE_COMBO mask=621 result=0
TOKEN_CASE_COMBO mask=622 result=0
TOKEN_CASE_COMBO mask=623 result=0
TOKEN_CASE_COMBO mask=624 result=0
TOKEN_CASE_COMBO mask=625 result=0
TOKEN_CASE_COMBO mask=626 result=0
TOKEN_CASE_COMBO mask=627 result=0
TOKEN_CASE_COMBO mask=628 result=0
TOKEN_CASE_COMBO mask=629 result=0
TOKEN_CASE_COMBO mask=630 result=0
TOKEN_CASE_COMBO mask=631 result=0
TOKEN_CASE_COMBO mask=632 result=0
TOKEN_CASE_COMBO mask=633 result=0
TOKEN_CASE_COMBO mask=634 result=0
TOKEN_CASE_COMBO mask=635 result=0
TOKEN_CASE_COMBO mask=636 result=0
TOKEN_CASE_COMBO mask=637 result=0
TOKEN_CASE_COMBO mask=638 result=0
TOKEN_CASE_COMBO mask=639 result=0
TOKEN_CASE_COMBO mask=640 result=0
TOKEN_CASE_COMBO mask=641 result=0
TOKEN_CASE_COMBO mask=642 result=0
TOKEN_CASE_COMBO mask=643 result=0
TOKEN_CASE_COMBO mask=644 result=0
TOKEN_CASE_COMBO mask=645 result=0
TOKEN_CASE_COMBO mask=646 result=0
TOKEN_CASE_COMBO mask=647 result=0
TOKEN_CASE_COMBO mask=648 result=0
TOKEN_CASE_COMBO mask=649 result=0
TOKEN_CASE_COMBO mask=650 result=0
TOKEN_CASE_COMBO mask=651 result=0
TOKEN_CASE_COMBO mask=652 result=0
TOKEN_CASE_COMBO mask=653 result=0
TOKEN_CASE_COMBO mask=654 result=0
TOKEN_CASE_COMBO mask=655 result=0
TOKEN_CASE_COMBO mask=656 result=0
TOKEN_CASE_COMBO mask=657 result=0
TOKEN_CASE_COMBO mask=658 result=0
TOKEN_CASE_COMBO mask=659 result=0
TOKEN_CASE_COMBO mask=660 result=0
TOKEN_CASE_COMBO mask=661 result=0
TOKEN_CASE_COMBO mask=662 result=0
TOKEN_CASE_COMBO mask=663 result=0
TOKEN_CASE_COMBO mask=664 result=0
TOKEN_CASE_COMBO mask=665 result=0
TOKEN_CASE_COMBO mask=666 result=0
TOKEN_CASE_COMBO mask=667 result=0
TOKEN_CASE_COMBO mask=668 result=0
TOKEN_CASE_COMBO mask=669 result=0
TOKEN_CASE_COMBO mask=670 result=0
TOKEN_CASE_COMBO mask=671 result=0
TOKEN_CASE_COMBO mask=672 result=0
TOKEN_CASE_COMBO mask=673 result=0
TOKEN_CASE_COMBO mask=674 result=0
TOKEN_CASE_COMBO mask=675 result=0
TOKEN_CASE_COMBO mask=676 result=0
TOKEN_CASE_COMBO mask=677 result=0
TOKEN_CASE_COMBO mask=678 result=0
TOKEN_CASE_COMBO mask=679 result=0
TOKEN_CASE_COMBO mask=680 result=0
TOKEN_CASE_COMBO mask=681 result=0
TOKEN_CASE_COMBO mask=682 result=0
TOKEN_CASE_COMBO mask=683 result=0
TOKEN_CASE_COMBO mask=684 result=0
TOKEN_CASE_COMBO mask=685 result=0
TOKEN_CASE_COMBO mask=686 result=0
TOKEN_CASE_COMBO mask=687 result=0
TOKEN_CASE_COMBO mask=688 result=0
TOKEN_CASE_COMBO mask=689 result=0
TOKEN_CASE_COMBO mask=690 result=0
TOKEN_CASE_COMBO mask=691 result=0
TOKEN_CASE_COMBO mask=692 result=0
TOKEN_CASE_COMBO mask=693 result=0
TOKEN_CASE_COMBO mask=694 result=0
TOKEN_CASE_COMBO mask=695 result=0
TOKEN_CASE_COMBO mask=696 result=0
TOKEN_CASE_COMBO mask=697 result=0
TOKEN_CASE_COMBO mask=698 result=0
TOKEN_CASE_COMBO mask=699 result=0
TOKEN_CASE_COMBO mask=700 result=0
TOKEN_CASE_COMBO mask=701 result=0
TOKEN_CASE_COMBO mask=702 result=0
TOKEN_CASE_COMBO mask=703 result=0
TOKEN_CASE_COMBO mask=704 result=0
TOKEN_CASE_COMBO mask=705 result=0
TOKEN_CASE_COMBO mask=706 result=0
TOKEN_CASE_COMBO mask=707 result=0
TOKEN_CASE_COMBO mask=708 result=0
TOKEN_CASE_COMBO mask=709 result=0
TOKEN_CASE_COMBO mask=710 result=0
TOKEN_CASE_COMBO mask=711 result=0
TOKEN_CASE_COMBO mask=712 result=0
TOKEN_CASE_COMBO mask=713 result=0
TOKEN_CASE_COMBO mask=714 result=0
TOKEN_CASE_COMBO mask=715 result=0
TOKEN_CASE_COMBO mask=716 result=0
TOKEN_CASE_COMBO mask=717 result=0
TOKEN_CASE_COMBO mask=718 result=0
TOKEN_CASE_COMBO mask=719 result=0
TOKEN_CASE_COMBO mask=720 result=0
TOKEN_CASE_COMBO mask=721 result=0
TOKEN_CASE_COMBO mask=722 result=0
TOKEN_CASE_COMBO mask=723 result=0
TOKEN_CASE_COMBO mask=724 result=0
TOKEN_CASE_COMBO mask=725 result=0
TOKEN_CASE_COMBO mask=726 result=0
TOKEN_CASE_COMBO mask=727 result=0
TOKEN_CASE_COMBO mask=728 result=0
TOKEN_CASE_COMBO mask=729 result=0
TOKEN_CASE_COMBO mask=730 result=0
TOKEN_CASE_COMBO mask=731 result=0
TOKEN_CASE_COMBO mask=732 result=0
TOKEN_CASE_COMBO mask=733 result=0
TOKEN_CASE_COMBO mask=734 result=0
TOKEN_CASE_COMBO mask=735 result=0
TOKEN_CASE_COMBO mask=736 result=0
TOKEN_CASE_COMBO mask=737 result=0
TOKEN_CASE_COMBO mask=738 result=0
TOKEN_CASE_COMBO mask=739 result=0
TOKEN_CASE_COMBO mask=740 result=0
TOKEN_CASE_COMBO mask=741 result=0
TOKEN_CASE_COMBO mask=742 result=0
TOKEN_CASE_COMBO mask=743 result=0
TOKEN_CASE_COMBO mask=744 result=0
TOKEN_CASE_COMBO mask=745 result=0
TOKEN_CASE_COMBO mask=746 result=0
TOKEN_CASE_COMBO mask=747 result=0
TOKEN_CASE_COMBO mask=748 result=0
TOKEN_CASE_COMBO mask=749 result=0
TOKEN_CASE_COMBO mask=750 result=0
TOKEN_CASE_COMBO mask=751 result=0
TOKEN_CASE_COMBO mask=752 result=0
TOKEN_CASE_COMBO mask=753 result=0
TOKEN_CASE_COMBO mask=754 result=0
TOKEN_CASE_COMBO mask=755 result=0
TOKEN_CASE_COMBO mask=756 result=0
TOKEN_CASE_COMBO mask=757 result=0
TOKEN_CASE_COMBO mask=758 result=0
TOKEN_CASE_COMBO mask=759 result=0
TOKEN_CASE_COMBO mask=760 result=0
TOKEN_CASE_COMBO mask=761 result=0
TOKEN_CASE_COMBO mask=762 result=0
TOKEN_CASE_COMBO mask=763 result=0
TOKEN_CASE_COMBO mask=764 result=0
TOKEN_CASE_COMBO mask=765 result=0
TOKEN_CASE_COMBO mask=766 result=0
TOKEN_CASE_COMBO mask=767 result=0
TOKEN_CASE_COMBO mask=768 result=0
TOKEN_CASE_COMBO mask=769 result=0
TOKEN_CASE_COMBO mask=770 result=0
TOKEN_CASE_COMBO mask=771 result=0
TOKEN_CASE_COMBO mask=772 result=0
TOKEN_CASE_COMBO mask=773 result=0
TOKEN_CASE_COMBO mask=774 result=0
TOKEN_CASE_COMBO mask=775 result=0
TOKEN_CASE_COMBO mask=776 result=0
TOKEN_CASE_COMBO mask=777 result=0
TOKEN_CASE_COMBO mask=778 result=0
TOKEN_CASE_COMBO mask=779 result=0
TOKEN_CASE_COMBO mask=780 result=0
TOKEN_CASE_COMBO mask=781 result=0
TOKEN_CASE_COMBO mask=782 result=0
TOKEN_CASE_COMBO mask=783 result=0
TOKEN_CASE_COMBO mask=784 result=0
TOKEN_CASE_COMBO mask=785 result=0
TOKEN_CASE_COMBO mask=786 result=0
TOKEN_CASE_COMBO mask=787 result=0
TOKEN_CASE_COMBO mask=788 result=0
TOKEN_CASE_COMBO mask=789 result=0
TOKEN_CASE_COMBO mask=790 result=0
TOKEN_CASE_COMBO mask=791 result=0
TOKEN_CASE_COMBO mask=792 result=0
TOKEN_CASE_COMBO mask=793 result=0
TOKEN_CASE_COMBO mask=794 result=0
TOKEN_CASE_COMBO mask=795 result=0
TOKEN_CASE_COMBO mask=796 result=0
TOKEN_CASE_COMBO mask=797 result=0
TOKEN_CASE_COMBO mask=798 result=0
TOKEN_CASE_COMBO mask=799 result=0
TOKEN_CASE_COMBO mask=800 result=0
TOKEN_CASE_COMBO mask=801 result=0
TOKEN_CASE_COMBO mask=802 result=0
TOKEN_CASE_COMBO mask=803 result=0
TOKEN_CASE_COMBO mask=804 result=0
TOKEN_CASE_COMBO mask=805 result=0
TOKEN_CASE_COMBO mask=806 result=0
TOKEN_CASE_COMBO mask=807 result=0
TOKEN_CASE_COMBO mask=808 result=0
TOKEN_CASE_COMBO mask=809 result=0
TOKEN_CASE_COMBO mask=810 result=0
TOKEN_CASE_COMBO mask=811 result=0
TOKEN_CASE_COMBO mask=812 result=0
TOKEN_CASE_COMBO mask=813 result=0
TOKEN_CASE_COMBO mask=814 result=0
TOKEN_CASE_COMBO mask=815 result=0
TOKEN_CASE_COMBO mask=816 result=0
TOKEN_CASE_COMBO mask=817 result=0
TOKEN_CASE_COMBO mask=818 result=0
TOKEN_CASE_COMBO mask=819 result=0
TOKEN_CASE_COMBO mask=820 result=0
TOKEN_CASE_COMBO mask=821 result=0
TOKEN_CASE_COMBO mask=822 result=0
TOKEN_CASE_COMBO mask=823 result=0
TOKEN_CASE_COMBO mask=824 result=0
TOKEN_CASE_COMBO mask=825 result=0
TOKEN_CASE_COMBO mask=826 result=0
TOKEN_CASE_COMBO mask=827 result=0
TOKEN_CASE_COMBO mask=828 result=0
TOKEN_CASE_COMBO mask=829 result=0
TOKEN_CASE_COMBO mask=830 result=0
TOKEN_CASE_COMBO mask=831 result=0
TOKEN_CASE_COMBO mask=832 result=0
TOKEN_CASE_COMBO mask=833 result=0
TOKEN_CASE_COMBO mask=834 result=0
TOKEN_CASE_COMBO mask=835 result=0
TOKEN_CASE_COMBO mask=836 result=0
TOKEN_CASE_COMBO mask=837 result=0
TOKEN_CASE_COMBO mask=838 result=0
TOKEN_CASE_COMBO mask=839 result=0
TOKEN_CASE_COMBO mask=840 result=0
TOKEN_CASE_COMBO mask=841 result=0
TOKEN_CASE_COMBO mask=842 result=0
TOKEN_CASE_COMBO mask=843 result=0
TOKEN_CASE_COMBO mask=844 result=0
TOKEN_CASE_COMBO mask=845 result=0
TOKEN_CASE_COMBO mask=846 result=0
TOKEN_CASE_COMBO mask=847 result=0
TOKEN_CASE_COMBO mask=848 result=0
TOKEN_CASE_COMBO mask=849 result=0
TOKEN_CASE_COMBO mask=850 result=0
TOKEN_CASE_COMBO mask=851 result=0
TOKEN_CASE_COMBO mask=852 result=0
TOKEN_CASE_COMBO mask=853 result=0
TOKEN_CASE_COMBO mask=854 result=0
TOKEN_CASE_COMBO mask=855 result=0
TOKEN_CASE_COMBO mask=856 result=0
TOKEN_CASE_COMBO mask=857 result=0
TOKEN_CASE_COMBO mask=858 result=0
TOKEN_CASE_COMBO mask=859 result=0
TOKEN_CASE_COMBO mask=860 result=0
TOKEN_CASE_COMBO mask=861 result=0
TOKEN_CASE_COMBO mask=862 result=0
TOKEN_CASE_COMBO mask=863 result=0
TOKEN_CASE_COMBO mask=864 result=0
TOKEN_CASE_COMBO mask=865 result=0
TOKEN_CASE_COMBO mask=866 result=0
TOKEN_CASE_COMBO mask=867 result=0
TOKEN_CASE_COMBO mask=868 result=0
TOKEN_CASE_COMBO mask=869 result=0
TOKEN_CASE_COMBO mask=870 result=0
TOKEN_CASE_COMBO mask=871 result=0
TOKEN_CASE_COMBO mask=872 result=0
TOKEN_CASE_COMBO mask=873 result=0
TOKEN_CASE_COMBO mask=874 result=0
TOKEN_CASE_COMBO mask=875 result=0
TOKEN_CASE_COMBO mask=876 result=0
TOKEN_CASE_COMBO mask=877 result=0
TOKEN_CASE_COMBO mask=878 result=0
TOKEN_CASE_COMBO mask=879 result=0
TOKEN_CASE_COMBO mask=880 result=0
TOKEN_CASE_COMBO mask=881 result=0
TOKEN_CASE_COMBO mask=882 result=0
TOKEN_CASE_COMBO mask=883 result=0
TOKEN_CASE_COMBO mask=884 result=0
TOKEN_CASE_COMBO mask=885 result=0
TOKEN_CASE_COMBO mask=886 result=0
TOKEN_CASE_COMBO mask=887 result=0
TOKEN_CASE_COMBO mask=888 result=0
TOKEN_CASE_COMBO mask=889 result=0
TOKEN_CASE_COMBO mask=890 result=0
TOKEN_CASE_COMBO mask=891 result=0
TOKEN_CASE_COMBO mask=892 result=0
TOKEN_CASE_COMBO mask=893 result=0
TOKEN_CASE_COMBO mask=894 result=0
TOKEN_CASE_COMBO mask=895 result=0
TOKEN_CASE_COMBO mask=896 result=0
TOKEN_CASE_COMBO mask=897 result=0
TOKEN_CASE_COMBO mask=898 result=0
TOKEN_CASE_COMBO mask=899 result=0
TOKEN_CASE_COMBO mask=900 result=0
TOKEN_CASE_COMBO mask=901 result=0
TOKEN_CASE_COMBO mask=902 result=0
TOKEN_CASE_COMBO mask=903 result=0
TOKEN_CASE_COMBO mask=904 result=0
TOKEN_CASE_COMBO mask=905 result=0
TOKEN_CASE_COMBO mask=906 result=0
TOKEN_CASE_COMBO mask=907 result=0
TOKEN_CASE_COMBO mask=908 result=0
TOKEN_CASE_COMBO mask=909 result=0
TOKEN_CASE_COMBO mask=910 result=0
TOKEN_CASE_COMBO mask=911 result=0
TOKEN_CASE_COMBO mask=912 result=0
TOKEN_CASE_COMBO mask=913 result=0
TOKEN_CASE_COMBO mask=914 result=0
TOKEN_CASE_COMBO mask=915 result=0
TOKEN_CASE_COMBO mask=916 result=0
TOKEN_CASE_COMBO mask=917 result=0
TOKEN_CASE_COMBO mask=918 result=0
TOKEN_CASE_COMBO mask=919 result=0
TOKEN_CASE_COMBO mask=920 result=0
TOKEN_CASE_COMBO mask=921 result=0
TOKEN_CASE_COMBO mask=922 result=0
TOKEN_CASE_COMBO mask=923 result=0
TOKEN_CASE_COMBO mask=924 result=0
TOKEN_CASE_COMBO mask=925 result=0
TOKEN_CASE_COMBO mask=926 result=0
TOKEN_CASE_COMBO mask=927 result=0
TOKEN_CASE_COMBO mask=928 result=0
TOKEN_CASE_COMBO mask=929 result=0
TOKEN_CASE_COMBO mask=930 result=0
TOKEN_CASE_COMBO mask=931 result=0
TOKEN_CASE_COMBO mask=932 result=0
TOKEN_CASE_COMBO mask=933 result=0
TOKEN_CASE_COMBO mask=934 result=0
TOKEN_CASE_COMBO mask=935 result=0
TOKEN_CASE_COMBO mask=936 result=0
TOKEN_CASE_COMBO mask=937 result=0
TOKEN_CASE_COMBO mask=938 result=0
TOKEN_CASE_COMBO mask=939 result=0
TOKEN_CASE_COMBO mask=940 result=0
TOKEN_CASE_COMBO mask=941 result=0
TOKEN_CASE_COMBO mask=942 result=0
TOKEN_CASE_COMBO mask=943 result=0
TOKEN_CASE_COMBO mask=944 result=0
TOKEN_CASE_COMBO mask=945 result=0
TOKEN_CASE_COMBO mask=946 result=0
TOKEN_CASE_COMBO mask=947 result=0
TOKEN_CASE_COMBO mask=948 result=0
TOKEN_CASE_COMBO mask=949 result=0
TOKEN_CASE_COMBO mask=950 result=0
TOKEN_CASE_COMBO mask=951 result=0
TOKEN_CASE_COMBO mask=952 result=0
TOKEN_CASE_COMBO mask=953 result=0
TOKEN_CASE_COMBO mask=954 result=0
TOKEN_CASE_COMBO mask=955 result=0
TOKEN_CASE_COMBO mask=956 result=0
TOKEN_CASE_COMBO mask=957 result=0
TOKEN_CASE_COMBO mask=958 result=0
TOKEN_CASE_COMBO mask=959 result=0
TOKEN_CASE_COMBO mask=960 result=0
TOKEN_CASE_COMBO mask=961 result=0
TOKEN_CASE_COMBO mask=962 result=0
TOKEN_CASE_COMBO mask=963 result=0
TOKEN_CASE_COMBO mask=964 result=0
TOKEN_CASE_COMBO mask=965 result=0
TOKEN_CASE_COMBO mask=966 result=0
TOKEN_CASE_COMBO mask=967 result=0
TOKEN_CASE_COMBO mask=968 result=0
TOKEN_CASE_COMBO mask=969 result=0
TOKEN_CASE_COMBO mask=970 result=0
TOKEN_CASE_COMBO mask=971 result=0
TOKEN_CASE_COMBO mask=972 result=0
TOKEN_CASE_COMBO mask=973 result=0
TOKEN_CASE_COMBO mask=974 result=0
TOKEN_CASE_COMBO mask=975 result=0
TOKEN_CASE_COMBO mask=976 result=0
TOKEN_CASE_COMBO mask=977 result=0
TOKEN_CASE_COMBO mask=978 result=0
TOKEN_CASE_COMBO mask=979 result=0
TOKEN_CASE_COMBO mask=980 result=0
TOKEN_CASE_COMBO mask=981 result=0
TOKEN_CASE_COMBO mask=982 result=0
TOKEN_CASE_COMBO mask=983 result=0
TOKEN_CASE_COMBO mask=984 result=0
TOKEN_CASE_COMBO mask=985 result=0
TOKEN_CASE_COMBO mask=986 result=0
TOKEN_CASE_COMBO mask=987 result=0
TOKEN_CASE_COMBO mask=988 result=0
TOKEN_CASE_COMBO mask=989 result=0
TOKEN_CASE_COMBO mask=990 result=0
TOKEN_CASE_COMBO mask=991 result=0
TOKEN_CASE_COMBO mask=992 result=0
TOKEN_CASE_COMBO mask=993 result=0
TOKEN_CASE_COMBO mask=994 result=0
TOKEN_CASE_COMBO mask=995 result=0
TOKEN_CASE_COMBO mask=996 result=0
TOKEN_CASE_COMBO mask=997 result=0
TOKEN_CASE_COMBO mask=998 result=0
TOKEN_CASE_COMBO mask=999 result=0
TOKEN_CASE_COMBO mask=1000 result=0
TOKEN_CASE_COMBO mask=1001 result=0
TOKEN_CASE_COMBO mask=1002 result=0
TOKEN_CASE_COMBO mask=1003 result=0
TOKEN_CASE_COMBO mask=1004 result=0
TOKEN_CASE_COMBO mask=1005 result=0
TOKEN_CASE_COMBO mask=1006 result=0
TOKEN_CASE_COMBO mask=1007 result=0
TOKEN_CASE_COMBO mask=1008 result=0
TOKEN_CASE_COMBO mask=1009 result=0
TOKEN_CASE_COMBO mask=1010 result=0
TOKEN_CASE_COMBO mask=1011 result=0
TOKEN_CASE_COMBO mask=1012 result=0
TOKEN_CASE_COMBO mask=1013 result=0
TOKEN_CASE_COMBO mask=1014 result=0
TOKEN_CASE_COMBO mask=1015 result=0
TOKEN_CASE_COMBO mask=1016 result=0
TOKEN_CASE_COMBO mask=1017 result=0
TOKEN_CASE_COMBO mask=1018 result=0
TOKEN_CASE_COMBO mask=1019 result=0
TOKEN_CASE_COMBO mask=1020 result=0
TOKEN_CASE_COMBO mask=1021 result=0
TOKEN_CASE_COMBO mask=1022 result=0
TOKEN_CASE_COMBO mask=1023 result=0
TOKEN_MATRIX_SUMMARY selected_hex_pass=0 selected_hex_fail=32 gap_hex_pass=0 gap_hex_fail=64 selected_nonhex_pass=0 selected_nonhex_fail=32 gap_nonhex_pass=0 gap_nonhex_fail=64 caseflip_count=22 caseflip_pass=10 caseflip_fail=12 combo_count=1024 combo_pass=1024 combo_fail=0
