TOKEN_MATRIX baseline=0 record_bytes=468 token_length=96
TOKEN_BYTE index=00 class=selected mutation=next_hex result=-2
TOKEN_BYTE index=00 class=selected mutation=nonhex result=-2
TOKEN_BYTE index=01 class=selected mutation=next_hex result=-2
TOKEN_BYTE index=01 class=selected mutation=nonhex result=-2
TOKEN_BYTE index=02 class=gap mutation=next_hex result=-2
TOKEN_BYTE index=02 class=gap mutation=nonhex result=-2
TOKEN_BYTE index=03 class=gap mutation=next_hex result=-2
TOKEN_BYTE index=03 class=gap mutation=nonhex result=-2
TOKEN_BYTE index=04 class=gap mutation=next_hex result=-2
TOKEN_BYTE index=04 class=gap mutation=nonhex result=-2
TOKEN_BYTE index=05 class=gap mutation=next_hex result=-2
TOKEN_BYTE index=05 class=gap mutation=nonhex result=-2
TOKEN_BYTE index=06 class=selected mutation=next_hex result=-2
TOKEN_BYTE index=06 class=selected mutation=nonhex result=-2
TOKEN_BYTE index=07 class=selected mutation=next_hex result=-2
TOKEN_BYTE index=07 class=selected mutation=nonhex result=-2
TOKEN_BYTE index=08 class=gap mutation=next_hex result=-2
TOKEN_BYTE index=08 class=gap mutation=nonhex result=-2
TOKEN_BYTE index=09 class=gap mutation=next_hex result=-2
TOKEN_BYTE index=09 class=gap mutation=nonhex result=-2
TOKEN_BYTE index=10 class=gap mutation=next_hex result=-2
TOKEN_BYTE index=10 class=gap mutation=nonhex result=-2
TOKEN_BYTE index=11 class=gap mutation=next_hex result=-2
TOKEN_BYTE index=11 class=gap mutation=nonhex result=-2
TOKEN_BYTE index=12 class=selected mutation=next_hex result=-2
TOKEN_BYTE index=12 class=selected mutation=nonhex result=-2
TOKEN_BYTE index=13 class=selected mutation=next_hex result=-2
TOKEN_BYTE index=13 class=selected mutation=nonhex result=-2
TOKEN_BYTE index=14 class=gap mutation=next_hex result=-2
TOKEN_BYTE index=14 class=gap mutation=nonhex result=-2
TOKEN_BYTE index=15 class=gap mutation=next_hex result=-2
TOKEN_BYTE index=15 class=gap mutation=nonhex result=-2
TOKEN_BYTE index=16 class=gap mutation=next_hex result=-2
TOKEN_BYTE index=16 class=gap mutation=nonhex result=-2
TOKEN_BYTE index=17 class=gap mutation=next_hex result=-2
TOKEN_BYTE index=17 class=gap mutation=nonhex result=-2
TOKEN_BYTE index=18 class=selected mutation=next_hex result=-2
TOKEN_BYTE index=18 class=selected mutation=nonhex result=-2
TOKEN_BYTE index=19 class=selected mutation=next_hex result=-2
TOKEN_BYTE index=19 class=selected mutation=nonhex result=-2
TOKEN_BYTE index=20 class=gap mutation=next_hex result=-2
TOKEN_BYTE index=20 class=gap mutation=nonhex result=-2
TOKEN_BYTE index=21 class=gap mutation=next_hex result=-2
TOKEN_BYTE index=21 class=gap mutation=nonhex result=-2
TOKEN_BYTE index=22 class=gap mutation=next_hex result=-2
TOKEN_BYTE index=22 class=gap mutation=nonhex result=-2
TOKEN_BYTE index=23 class=gap mutation=next_hex result=-2
TOKEN_BYTE index=23 class=gap mutation=nonhex result=-2
TOKEN_BYTE index=24 class=selected mutation=next_hex result=-2
TOKEN_BYTE index=24 class=selected mutation=nonhex result=-2
TOKEN_BYTE index=25 class=selected mutation=next_hex result=-2
TOKEN_BYTE index=25 class=selected mutation=nonhex result=-2
TOKEN_BYTE index=26 class=gap mutation=next_hex result=-2
TOKEN_BYTE index=26 class=gap mutation=nonhex result=-2
TOKEN_BYTE index=27 class=gap mutation=next_hex result=-2
TOKEN_BYTE index=27 class=gap mutation=nonhex result=-2
TOKEN_BYTE index=28 class=gap mutation=next_hex result=-2
TOKEN_BYTE index=28 class=gap mutation=nonhex result=-2
TOKEN_BYTE index=29 class=gap mutation=next_hex result=-2
TOKEN_BYTE index=29 class=gap mutation=nonhex result=-2
TOKEN_BYTE index=30 class=selected mutation=next_hex result=-2
TOKEN_BYTE index=30 class=selected mutation=nonhex result=-2
TOKEN_BYTE index=31 class=selected mutation=next_hex result=-2
TOKEN_BYTE index=31 class=selected mutation=nonhex result=-2
TOKEN_BYTE index=32 class=gap mutation=next_hex result=-2
TOKEN_BYTE index=32 class=gap mutation=nonhex result=-2
TOKEN_BYTE index=33 class=gap mutation=next_hex result=-2
TOKEN_BYTE index=33 class=gap mutation=nonhex result=-2
TOKEN_BYTE index=34 class=gap mutation=next_hex result=-2
TOKEN_BYTE index=34 class=gap mutation=nonhex result=-2
TOKEN_BYTE index=35 class=gap mutation=next_hex result=-2
TOKEN_BYTE index=35 class=gap mutation=nonhex result=-2
TOKEN_BYTE index=36 class=selected mutation=next_hex result=-2
TOKEN_BYTE index=36 class=selected mutation=nonhex result=-2
TOKEN_BYTE index=37 class=selected mutation=next_hex result=-2
TOKEN_BYTE index=37 class=selected mutation=nonhex result=-2
TOKEN_BYTE index=38 class=gap mutation=next_hex result=-2
TOKEN_BYTE index=38 class=gap mutation=nonhex result=-2
TOKEN_BYTE index=39 class=gap mutation=next_hex result=-2
TOKEN_BYTE index=39 class=gap mutation=nonhex result=-2
TOKEN_BYTE index=40 class=gap mutation=next_hex result=-2
TOKEN_BYTE index=40 class=gap mutation=nonhex result=-2
TOKEN_BYTE index=41 class=gap mutation=next_hex result=-2
TOKEN_BYTE index=41 class=gap mutation=nonhex result=-2
TOKEN_BYTE index=42 class=selected mutation=next_hex result=-2
TOKEN_BYTE index=42 class=selected mutation=nonhex result=-2
TOKEN_BYTE index=43 class=selected mutation=next_hex result=-2
TOKEN_BYTE index=43 class=selected mutation=nonhex result=-2
TOKEN_BYTE index=44 class=gap mutation=next_hex result=-2
TOKEN_BYTE index=44 class=gap mutation=nonhex result=-2
TOKEN_BYTE index=45 class=gap mutation=next_hex result=-2
TOKEN_BYTE index=45 class=gap mutation=nonhex result=-2
TOKEN_BYTE index=46 class=gap mutation=next_hex result=-2
TOKEN_BYTE index=46 class=gap mutation=nonhex result=-2
TOKEN_BYTE index=47 class=gap mutation=next_hex result=-2
TOKEN_BYTE index=47 class=gap mutation=nonhex result=-2
TOKEN_BYTE index=48 class=selected mutation=next_hex result=-2
TOKEN_BYTE index=48 class=selected mutation=nonhex result=-2
TOKEN_BYTE index=49 class=selected mutation=next_hex result=-2
TOKEN_BYTE index=49 class=selected mutation=nonhex result=-2
TOKEN_BYTE index=50 class=gap mutation=next_hex result=-2
TOKEN_BYTE index=50 class=gap mutation=nonhex result=-2
TOKEN_BYTE index=51 class=gap mutation=next_hex result=-2
TOKEN_BYTE index=51 class=gap mutation=nonhex result=-2
TOKEN_BYTE index=52 class=gap mutation=next_hex result=-2
TOKEN_BYTE index=52 class=gap mutation=nonhex result=-2
TOKEN_BYTE index=53 class=gap mutation=next_hex result=-2
TOKEN_BYTE index=53 class=gap mutation=nonhex result=-2
TOKEN_BYTE index=54 class=selected mutation=next_hex result=-2
TOKEN_BYTE index=54 class=selected mutation=nonhex result=-2
TOKEN_BYTE index=55 class=selected mutation=next_hex result=-2
TOKEN_BYTE index=55 class=selected mutation=nonhex result=-2
TOKEN_BYTE index=56 class=gap mutation=next_hex result=-2
TOKEN_BYTE index=56 class=gap mutation=nonhex result=-2
TOKEN_BYTE index=57 class=gap mutation=next_hex result=-2
TOKEN_BYTE index=57 class=gap mutation=nonhex result=-2
TOKEN_BYTE index=58 class=gap mutation=next_hex result=-2
TOKEN_BYTE index=58 class=gap mutation=nonhex result=-2
TOKEN_BYTE index=59 class=gap mutation=next_hex result=-2
TOKEN_BYTE index=59 class=gap mutation=nonhex result=-2
TOKEN_BYTE index=60 class=selected mutation=next_hex result=-2
TOKEN_BYTE index=60 class=selected mutation=nonhex result=-2
TOKEN_BYTE index=61 class=selected mutation=next_hex result=-2
TOKEN_BYTE index=61 class=selected mutation=nonhex result=-2
TOKEN_BYTE index=62 class=gap mutation=next_hex result=-2
TOKEN_BYTE index=62 class=gap mutation=nonhex result=-2
TOKEN_BYTE index=63 class=gap mutation=next_hex result=-2
TOKEN_BYTE index=63 class=gap mutation=nonhex result=-2
TOKEN_BYTE index=64 class=gap mutation=next_hex result=-2
TOKEN_BYTE index=64 class=gap mutation=nonhex result=-2
TOKEN_BYTE index=65 class=gap mutation=next_hex result=-2
TOKEN_BYTE index=65 class=gap mutation=nonhex result=-2
TOKEN_BYTE index=66 class=selected mutation=next_hex result=-2
TOKEN_BYTE index=66 class=selected mutation=nonhex result=-2
TOKEN_BYTE index=67 class=selected mutation=next_hex result=-2
TOKEN_BYTE index=67 class=selected mutation=nonhex result=-2
TOKEN_BYTE index=68 class=gap mutation=next_hex result=-2
TOKEN_BYTE index=68 class=gap mutation=nonhex result=-2
TOKEN_BYTE index=69 class=gap mutation=next_hex result=-2
TOKEN_BYTE index=69 class=gap mutation=nonhex result=-2
TOKEN_BYTE index=70 class=gap mutation=next_hex result=-2
TOKEN_BYTE index=70 class=gap mutation=nonhex result=-2
TOKEN_BYTE index=71 class=gap mutation=next_hex result=-2
TOKEN_BYTE index=71 class=gap mutation=nonhex result=-2
TOKEN_BYTE index=72 class=selected mutation=next_hex result=-2
TOKEN_BYTE index=72 class=selected mutation=nonhex result=-2
TOKEN_BYTE index=73 class=selected mutation=next_hex result=-2
TOKEN_BYTE index=73 class=selected mutation=nonhex result=-2
TOKEN_BYTE index=74 class=gap mutation=next_hex result=-2
TOKEN_BYTE index=74 class=gap mutation=nonhex result=-2
TOKEN_BYTE index=75 class=gap mutation=next_hex result=-2
TOKEN_BYTE index=75 class=gap mutation=nonhex result=-2
TOKEN_BYTE index=76 class=gap mutation=next_hex result=-2
TOKEN_BYTE index=76 class=gap mutation=nonhex result=-2
TOKEN_BYTE index=77 class=gap mutation=next_hex result=-2
TOKEN_BYTE index=77 class=gap mutation=nonhex result=-2
TOKEN_BYTE index=78 class=selected mutation=next_hex result=-2
TOKEN_BYTE index=78 class=selected mutation=nonhex result=-2
TOKEN_BYTE index=79 class=selected mutation=next_hex result=-2
TOKEN_BYTE index=79 class=selected mutation=nonhex result=-2
TOKEN_BYTE index=80 class=gap mutation=next_hex result=-2
TOKEN_BYTE index=80 class=gap mutation=nonhex result=-2
TOKEN_BYTE index=81 class=gap mutation=next_hex result=-2
TOKEN_BYTE index=81 class=gap mutation=nonhex result=-2
TOKEN_BYTE index=82 class=gap mutation=next_hex result=-2
TOKEN_BYTE index=82 class=gap mutation=nonhex result=-2
TOKEN_BYTE index=83 class=gap mutation=next_hex result=-2
TOKEN_BYTE index=83 class=gap mutation=nonhex result=-2
TOKEN_BYTE index=84 class=selected mutation=next_hex result=-2
TOKEN_BYTE index=84 class=selected mutation=nonhex result=-2
TOKEN_BYTE index=85 class=selected mutation=next_hex result=-2
TOKEN_BYTE index=85 class=selected mutation=nonhex result=-2
TOKEN_BYTE index=86 class=gap mutation=next_hex result=-2
TOKEN_BYTE index=86 class=gap mutation=nonhex result=-2
TOKEN_BYTE index=87 class=gap mutation=next_hex result=-2
TOKEN_BYTE index=87 class=gap mutation=nonhex result=-2
TOKEN_BYTE index=88 class=gap mutation=next_hex result=-2
TOKEN_BYTE index=88 class=gap mutation=nonhex result=-2
TOKEN_BYTE index=89 class=gap mutation=next_hex result=-2
TOKEN_BYTE index=89 class=gap mutation=nonhex result=-2
TOKEN_BYTE index=90 class=selected mutation=next_hex result=-2
TOKEN_BYTE index=90 class=selected mutation=nonhex result=-2
TOKEN_BYTE index=91 class=selected mutation=next_hex result=-2
TOKEN_BYTE index=91 class=selected mutation=nonhex result=-2
TOKEN_BYTE index=92 class=gap mutation=next_hex result=-2
TOKEN_BYTE index=92 class=gap mutation=nonhex result=-2
TOKEN_BYTE index=93 class=gap mutation=next_hex result=-2
TOKEN_BYTE index=93 class=gap mutation=nonhex result=-2
TOKEN_BYTE index=94 class=gap mutation=next_hex result=-2
TOKEN_BYTE index=94 class=gap mutation=nonhex result=-2
TOKEN_BYTE index=95 class=gap mutation=next_hex result=-2
TOKEN_BYTE index=95 class=gap mutation=nonhex result=-2
TOKEN_MATRIX_SUMMARY selected_hex_pass=0 selected_hex_fail=32 gap_hex_pass=0 gap_hex_fail=64 selected_nonhex_pass=0 selected_nonhex_fail=32 gap_nonhex_pass=0 gap_nonhex_fail=64
