GNU gdb (Ubuntu 15.1-1ubuntu1~24.04.1) 15.1
Copyright (C) 2024 Free Software Foundation, Inc.
License GPLv3+: GNU GPL version 3 or later <http://gnu.org/licenses/gpl.html>
This is free software: you are free to change and redistribute it.
There is NO WARRANTY, to the extent permitted by law.
Type "show copying" and "show warranty" for details.
This GDB was configured as "x86_64-linux-gnu".
Type "show configuration" for configuration details.
For bug reporting instructions, please see:
<https://www.gnu.org/software/gdb/bugs/>.
Find the GDB manual and other documentation resources online at:
    <http://www.gnu.org/software/gdb/documentation/>.

For help, type "help".
Type "apropos word" to search for commands related to "word".
warning: remote target does not support file transfer, attempting to access files from local filesystem.
Reading symbols from /samples/voicetext_paul.exe...
0x7bd64525 in DbgBreakPoint@0 ()
   from /usr/lib/i386-linux-gnu/wine/i386-windows/ntdll.dll
Wine-gdb> Wine-gdb> Wine-gdb> Wine-gdb> Signal        Stop	Print	Pass to program	Description
SIGSEGV       No	No	Yes		Segmentation fault
Wine-gdb> Signal        Stop	Print	Pass to program	Description
SIGSEGV       No	No	Yes		Segmentation fault
Wine-gdb> Breakpoint 1 at 0x10025e12
Wine-gdb> >>>>>>Wine-gdb> Wine-gdb> Breakpoint 2 at 0x1001e050
Wine-gdb> >>>>>>>Wine-gdb> Wine-gdb> Breakpoint 3 at 0x1001e0c0
Wine-gdb> >>>>>>>>>Wine-gdb> Wine-gdb> Breakpoint 4 at 0x10025e4d
Wine-gdb> >>>>>>>>Wine-gdb> Wine-gdb> Breakpoint 5 at 0x1001da50
Wine-gdb> >>>>>>>>>>>>>>>>>>>Wine-gdb> Wine-gdb> Breakpoint 6 at 0x1006a56e
Wine-gdb> >> > > >>>Wine-gdb> Wine-gdb> Breakpoint 7 at 0x1006a57a
Wine-gdb> >> > > >>>Wine-gdb> Wine-gdb> Breakpoint 8 at 0x10064cd1
Wine-gdb> >>>>>>>Wine-gdb> Wine-gdb> Breakpoint 9 at 0x10068005
Wine-gdb> >>>>>>>Wine-gdb> Wine-gdb> Continuing.
LIPSYNC_REDIRECT missing_parent ret=0x4016d9 filename=<no-such-lipsync-dir/report.txt> text=<Hello world.
>
LIPSYNC_STREAM_OPEN_HELPER path=
0x66757c:	"no-such-lipsync-dir/report.txt"
LIPSYNC_STREAM_OPEN_MODE=0x1007d534:	"wt"
LIPSYNC_MODE_TRANSLATOR path=0x66757c:	"no-such-lipsync-dir/report.txt"
LIPSYNC_MODE_TRANSLATOR_MODE=0x1007d534:	"wt"
LIPSYNC_OPEN_HELPER_RETURN eax=0 context=0x14f6e60
0x66757c:	"no-such-lipsync-dir/report.txt"
0x14f6e74:	"wt"
LIPSYNC_CONTEXT_FIELD wrapper=0xbb1a58 open_context=0 path=
0x66757c:	"no-such-lipsync-dir/report.txt"
LIPSYNC_CONTEXT_MODE address=0x1007d534
0x1007d534:	"wt"
LIPSYNC_LOG_CONTEXT state=0x2ae0020 object=0xbb1a58 writer=0
0xbb1a58:	0x00000000	0x00000000	0x00000000	0x00000000
0xbb1a68:	0x00000000
LIPSYNC_NULL_WRITER eip=0x10025e4d edx=0 ecx=0x1007d5e4 eax=0x667154 esp=0x667140
=> 0x10025e4d <vt_eng!VT_GetDefUserDictRelativeName_ENG+32589>:	
    mov    (%edx),%eax
#0  0x10025e4d in vt_eng!VT_GetDefUserDictRelativeName_ENG ()
   from /samples/vt_pau.dll
#1  0x00667154 in ?? ()
#2  0x1001e1a3 in vt_eng!VT_GetDefUserDictRelativeName_ENG ()
   from /samples/vt_pau.dll
#3  0x00000000 in ?? ()
[Inferior 1 (Remote target) killed]
0114:0118: create process 'Z:\samples\voicetext_paul.exe'/00000000 @004014C0 (450560<1847>)
0114:0118: create thread I @004014C0
0114:0118: loads DLL C:\windows\system32\ntdll.dll @7BD10000 (2994176<5095>)
0114:0118: loads DLL C:\windows\system32\kernel32.dll @7BB90000 (1466368<19395>)
0114:0118: loads DLL C:\windows\system32\kernelbase.dll @7B650000 (5410816<14148>)
0114:0118: loads DLL C:\windows\system32\msvcrt.dll @7B2A0000 (2715648<8214>)
0114:0118: loads DLL Z:\samples\vt_pau.dll @10000000 (0<0>)
0114:0118: loads DLL C:\windows\system32\WINMM.dll @78EC0000 (1474560<4890>)
0114:0118: loads DLL C:\windows\system32\advapi32.dll @7B550000 (958464<7400>)
0114:0118: loads DLL C:\windows\system32\sechost.dll @7B200000 (565248<3163>)
0114:0118: loads DLL C:\windows\system32\ucrtbase.dll @7AEE0000 (3198976<11541>)
0114:0118: loads DLL C:\windows\system32\msacm32.dll @78E40000 (413696<1982>)
0114:0118: loads DLL C:\windows\system32\user32.dll @7A160000 (5005312<14159>)
0114:0118: loads DLL Z:\samples\zlib1.dll @7A120000 (135680<0>)
0114:0118: loads DLL C:\windows\system32\gdi32.dll @7A640000 (2355200<7390>)
0114:0118: loads DLL C:\windows\system32\win32u.dll @7A0D0000 (221184<1966>)
0114:0118: loads DLL C:\windows\system32\ole32.dll @7A9F0000 (4440064<14323>)
0114:0118: loads DLL C:\windows\system32\combase.dll @7A890000 (1314816<7562>)
0114:0118: loads DLL C:\windows\system32\rpcrt4.dll @79EA0000 (2162688<9274>)
0114:0118: loads DLL C:\windows\system32\coml2.dll @79E40000 (262144<3883>)
0114:0118: loads DLL C:\windows\system32\iphlpapi.dll @779C0000 (487424<4777>)
0114:0118: loads DLL C:\windows\system32\dnsapi.dll @77970000 (258048<1399>)
0114:0118: loads DLL C:\windows\system32\nsi.dll @77940000 (118784<823>)
0114:0118: loads DLL C:\windows\system32\ws2_32.dll @7AE40000 (565248<2279>)
0114:0118: loads DLL C:\windows\system32\tzres.dll @009C0000 (0<0>)
00000114:00000118: unload DLL @009C0000
0114:0118: loads DLL C:\windows\system32\tzres.dll @009C0000 (0<0>)
00000114:00000118: unload DLL @009C0000
0114:0118: loads DLL C:\windows\system32\imm32.dll @782F0000 (401408<2996>)
0114:0118: loads DLL C:\windows\system32\winex11.drv @780F0000 (307200<4314>)
0114:0118: loads DLL C:\windows\system32\uxtheme.dll @78030000 (671744<3646>)
X connection to :99 broken (explicit kill or server shutdown).
X connection to :99 broken (explicit kill or server shutdown).
