GNU gdb (Ubuntu 15.1-1ubuntu1~24.04.1) 15.1
Copyright (C) 2024 Free Software Foundation, Inc.
License GPLv3+: GNU GPL version 3 or later <http://gnu.org/licenses/gpl.html>
This is free software: you are free to change and redistribute it.
There is NO WARRANTY, to the extent permitted by law.
Type "show copying" and "show warranty" for details.
This GDB was configured as "x86_64-linux-gnu".
Type "show configuration" for configuration details.
For bug reporting instructions, please see:
<https://www.gnu.org/software/gdb/bugs/>.
Find the GDB manual and other documentation resources online at:
    <http://www.gnu.org/software/gdb/documentation/>.

For help, type "help".
Type "apropos word" to search for commands related to "word".
warning: remote target does not support file transfer, attempting to access files from local filesystem.
Reading symbols from /samples/voicetext_paul.exe...
0x7bd64525 in DbgBreakPoint@0 ()
   from /usr/lib/i386-linux-gnu/wine/i386-windows/ntdll.dll
Wine-gdb> Wine-gdb> Wine-gdb> Wine-gdb> Signal        Stop	Print	Pass to program	Description
SIGSEGV       No	No	Yes		Segmentation fault
Wine-gdb> Signal        Stop	Print	Pass to program	Description
SIGSEGV       No	No	Yes		Segmentation fault
Wine-gdb> Breakpoint 1 at 0x1001da50
Wine-gdb> >>>>>>>>>>>>>>>>>>>>>>>>>>>>>>>>>>>>>>>>>>>>>>>>>>>>>>>>>>>>>>>>>>>>>>>>>>>>>>>>>>>>>>>>>>>>>>>>>>>>>>>>>>>>>>>>>>>>>>>>>>>>>>>>>>>>>>>>>>>>>>>>>>>>>>>>>>>>>>>>>>>>>>>>>>>>>>>>>>>>>>>>>>>>>>>>>>>>>>>>>>>>>>>>>>>>>>>>>>>>>>>>>>>>>>>>>>>>>>>>>>>>>>>>>>>>>>>>>>>>>>>>>>>>>>>>>>>>>>>>>>>>>>>>>>>>>>>>>>>>>>>>>>>>>>>>>>>>>>>>>>>>>>>>>>>>>>>>>>>>>>>>>>>>>>>>>>>>>>>>>>>>>>>>>>>>>>>>>>>>>>>>>>>>>>>>>>>>>>>>>>>>>>>>>>>>>>>>>>>>>>>>>>>>>>>>>>>>>>>>>>>>>>>>>>>>>>>>>>>>>>>>>>>>>>>>>>>>>>>>>>>>>>>>>>>>>>>>>>>>>>>>>>>>>>>>>>>>>>>>>>>>>>>>>>>>>>>>>>>>>>>>>>>>>>>>>>>>>>>>>>>>>>>>>>>>>>>>>>>>>>>>>>>>>>>>>>>>>>>>>>>>>>>>>>>>>>>>>>>>>>>>>>>>>>>>>>>>>>>>>>>>>>>>>>>>>>>>>>>>>>>>>>>>>>>>>>>>>>>>>>>>>>>>>>>>>>>>>>>>>>>>>>>>>>>>>>>>>>>>>>>>>>>>>>>>>>>>>>>>>>>>>>>>>>>>>>>>>>>>>>>>>>>>>>>>>>>>>>>>>>>>>>>>>>>>>>>>>>>>>>>>>>>>>>>>>>>>>>>>>>>>>>>>>>>>>>>>>>>>>>>>>>>>>>>>>>>>>>>>>>>>>>>>>>>>>>>>>>>>>>>>>>>>>>>>>>>>>>>>>>>>>>>>>>>>>>>>>>>>>>>>>>>>>>>>>>>>>>>>>>>>>>>>>>>>>>>>>>>>>>>>>>>>>>>>>>>>>>>>>>>>>>>>>>>>>>>>>>>>>>>>>>>>>>>>>>>>>>>>>>>>>>>>>>>>>>>>>>>>>>>>>>>>>>>>>>>>>>>>>>>>>>>>>>>>>>>>>>>>>>>>>>>>>>>>>>>>>>>>>>>>>>>>>>>>>>>>>>>>>>>>>>>>>>>>>>>>>>>>>>>>>>>>>>>>>>>>>>>>>>>>>>>>>>>>>>>>>>>>>>>>>>>>>>>>>>>>>>>>>>>>>>>>>>>>>>>>>>>>>>>>>>>>>>>>>>>>>>>>>>>>>>>>>>>>>>>>>>>>>>>>>>>>>>>>>>>>>>>>>>>>>>>>>>>>>>>>>>>>>>>>>>>>>>>>>>>>>>>>>>>>>>>>>>>>>>>>>>>>>>>>>>>>>>>>>>>>>>>>>>>>>>>>>>>>>>>>>>>>>>>>>>>>>>>>>>>>>>>>>>>>>>>>>>>>>>>>>>>>>>>>>>>>>>>>>>>>>>>>>>>>>>>>>>>>>>>>>>>>>>>>>>>>>>>>>>>>>>>>>>>>>>>>>>>>>>>>>>>>>>>>>>>>>>>>>>>>>>>>>>>>>>>>>>>>>>>>>>>>>>>>>>>>>>>>>>>>>>>>>>>>>>>>>>>>>>>>>>>>>>>>>>>>>>>>>>>>>>>>>>>>>>>>>>>>>>>>>>>>>>>>>>>>>>>>>>>>>>>>>>>>>>>>>>>>>>>>>>>>>>>>>>>>>>>>>>>>>>>>>>>>>>>>>>>>>>>>>>>>>>>>>>>>>>>>>>>>>>>>>>>>>>>>>>>>>>>>>>>>>>>>>>>>>>>>>>>>>>>>>>>>>>>>>>>>>>>>>>>>>>>>>>>>>>>>>>>>>>>>>>>>>>>>>>>>>>>>>>>>>>>>>>>>>>>>>>>>>>>>>>>>>>>>>>>>>>>>>>>>>>>>>>>>>>>>>>>>>>>>>>>>>>>>>>>>>>>>>>>>>>>>>>>>>>>>>>>>>>>>>>>>>>>>>>>>>>>>>>>>>>>>>>>>>>>>>>>>>>>>>>>>>>>>>>>>>>>>>>>>>>>>>>>>>>>>>>>>>>>>>>>>>>>>>>>>>>>>>>>>>>>>>>>>>>>>>>>>>>>>>>>>>>>>>>>>>>>>>>>>>>>>>>>>>>>>>>>>>>>>>>>>>>>>>>>>>>>>>>>>>>>>>>>>>>>>>>>>>>>>>>>>>>>>>>>>>>>>>>>>>>>>>>>>>>>>>>>>>>>>>>>>>>>>>>>>>>>>>>>>>>>>>>>>>>>>>>>>>>>>>>>>>>>>>>>>>>>>>>>>>>>>>>>>>>>>>>>>>>>>>>>>>>>>>>>>>>>>>>>>>>>>>>>>>>>>>>>>>>>>>>>>>>>>>>>>>>>>>>>>>>>>>>>>>>>>>>>>>>>>>>>>>>>>>>>>>>>>>>>>>>>>>>>>>>>>>>>>>>>>>>>>>>>>>>>>>>>>>>>>>>>>>>>>>>>>>>>>>>>>>>>>>>>>>>>>>>>>>>>>>>>>>>>>>>>>>>>>>>>>>>>>>>>>>>>>>>>>>>>>>>>>>>>>>>>>>>>>>>>>>>>>>>>>>>>>>>>>>>>>>>>>>>>>>>>>>>>>>>>>>>>>>>>>>>>>>>>>>>>>>>>>>>>>>>>>>>>>>>>>>>>>>>>>>>>>>>>>>>>>>>>>>>>>>>>>>>>>>>>>>>>>>>>>>>>>>>>>>>>>>>>>>>>>>>>>>>>>>>>>>>>>>>>>>>>>>>>>>>>>>>>>>>>>>>>>>>>>>>>>>>>>>>>>>>>>>>>>>>>>>>>>>>>>>>>>>>>>>>>>>>>>>>>>>>>>>>>>>>>>>>>>>>>>>>>>>>>>>>>>>>>>>>>>>>>>>>>>>>>>>>>>>>>>>>>>>>>>>>>>>>>>>>>>>>>>>>>>>>>>>>>>>>>>>>>>>>>>>>>>>>>>>>>>>>>>>>>>>>>>>>>>>>>>>>>>>>>>>>>>>>>>>>>>>>>>>>>>>>>>>>>>>>>>>>>>>>>>>>>>>>>>>>>>>>>>>>>>>>>>>>>>>>>>>>>>>>>>>>>>>>>>>>>>>>>>>>>>>>>>>>>>>>>>>>>>>>>>>>>>>>>>>>>>>>>>>>>>>>>>>>>>>>>>>>>>>>>>>>>>>>>>>>>>>>>>>>>>>>>>>>>>>>>>>>>>>>>>>>>>>>>>>>>>>>>>>>>>>>>>>>>>>>>>>>>>>>>>>>>>>>>>>>>>>>>>>>>>>>>>>>>>>>>>>>>>>>>>>>>>>>>>>>>>>>>>>>>>>>>>>>>>>>>>>>>>>>>>>>>>>>>>>>>>>>>>>>>>>>>>>>>>>>>>>>>>>>>>>>>>>>>>>>>>>>>>>>>>>>>>>>>>>>>>>>>>>>>>>>>>>>>>>>>>>>>>>>>>>>>>>>>>>>>>>>>>>>>>>>>>>>>>>>>>>>>>>>>>>>>>>>>>>>>>>>>>>>>>>>>>>>>>>>>>>>>>>>>>>>>>>>>>>>>>>>>>>>>>>>>>>>>>>>>>>>>>>>>>>>>>>>>>>>>>>>>>>>>>>>>>>>>>>>>>>>>>>>>>>>>>>>>>>>>>>>>>>>>>>>>>>>>>>>>>>>>>>>>>>>>>>>>>>>>>>>>>>>>>>>>>>>>>>>>>>>>>>>>>>>>>>>>>>>>>>>>>>>>>>>>>>>>>>>>>>>>>>>>>>>>>>>>>>>>>>>>>>>>>>>>>>>>>>>>>>>>>>>>>>>>>>>>>>>>>>>>>>>>>>>>>>>>>>>>>>>>>>>>>>>>>>>>>>>>>>>>>>>>>>>>>>>>>>>>>>>>>>>>>>>>>>>>>>>>>>>>>>>>>>>>>>>>>>>>>>>>>>>>>>>>>>>>>>>>>>>>>>>>>>>>>>>>>>>>>>>>>>>>>>>>>>>>>>>>>>>>>>>>>>>>>>>>>>>>>>>>>>>>>>>>>>>>>>>>>>>>>>>>>>>>>>>>>>>>>>>>>>>>>>>>>>>>>>>>>>>>>>>>>>>>>>>>>>>>>>>>>>>>>>>>>>>>>>>>>>>>>>>>>>>>>>>>>>>>>>>>>>>>>>>>>>>>>>>>>>>>>>>>>>>>>>>>>>>>>>>>>>>>>>>>>>>>>>>>>>>>>>>>>>>>>>>>>>>>>>>>>>>>>>>>>>>>>>>>>>>>>>>>>>>>>>>>>>>>>>>>>>>>>>>>>>>>>>>>>>>>>>>>>>>>>>>>>>>>>>>>>>>>>>>>>>>>>>>>>>>>>>>>>>>>>>>>>>>>>>>>>>>>>>>>>>>>>>>>>>>>>>>>>>>>>>>>>>>>>>>>>>>>>>>>>>>>>>>>>>>>>>>>>>>>>>>>>>>>>>>>>>>>>>>>>>>>>>>>>>>>>>>>>>>>>>>>>>>>>>>>>>>>>>>>>>>>>>>>>>>>>>>>>>>>>>>>>>>>>>>>>>>>>>>>>>>>>>>>>>>>>>>>>>>>>>>>>>>>>>>>>>>>>>>>>>>>>>>>>>>>>>>>>>>>>>>>>>>>>>>>>>>>>>>>>>>>>>>>>>>>>>>>>>>>>>>>>>>>>>>>>>>>>>>>>>>>>>>>>>>>>>>>>>>>>>>>>>>>>>>>>>>>>>>>>>>>>>>>>>>>>>>>>>>>>>>>>>>>>>>>>>>>>>>>>>>>>>>>>>>>>>>>>>>>>>>>>>>>>>>>>>>>>>>>>>>>>>>>>>>>>>>>>>>>>>>>>>>>>>>>>>>>>>>>>>>>>>>>>>>>>>>>>>>>>>>>>>>>>>>>>>>>>>>>>>>>>>>>>>>>>>>>>>>>>>>>>>>>>>>>>>>>>>>>>>>>>>>>>>>>>>>>>>>>>>>>>>>>>>>>>>>>>>>>>>>>>>>>>>>>>>>>>>>>>>>>>>>>>>>>>>>>>>>>>>>>>>>>>>>>>>>>>>>>>>>>>>>>>>>>>>>>>>>>>>>>>>>>>>>>>>>>>>>>>>>>>>>>>>>>>>>>>>>>>>>>>>>>>>>>>>>>>>>>>>>>>>>>>>>>>>>>>>>>>>>>>>>>>>>>>>>>>>>>>>>>>>>>>>>>>>>>>>>>>>>>>>>>>>>>>>>>>>>>>>>>>>>>>>>>>>>>>>>>>>>>>>>>>>>>>>>>>>>>>>>>>>>>>>>>>>>>>>>>>>>>>>>>>>>>>>>>>>>>>>>>>>>>>>>>>>>>>>>>>>>>>>>>>>>>>>>>>>>>>>>>>>>>>>>>>>>>>>>>>>>>>>>>>>>>>>>>>>>>>>>>>>>>>>>>>>>>>>>>>>>>>>>>>>>>>>>>>>>>>>>>>>>>>>>>>>>>>>>>>>>>>>>>>>>>>>>>>>>>>>>>>>>>>>>>>>>>>>>>>>>>>>>>>>>>>>>>>>>>>>>>>>>>>>>>>>>>>>>>>>>>>>>>>>>>>>>>>>>>>>>>>>>>>>>>>>>>>>>>>>>>>>>>>>>>>>>>>>>>>>>>>>>>>>>>>>>>>>>>>>>>>>>>>>>>>>>>>>>>>>>>>>>>>>>>>>>>>>>>>>>>>>>>>>>>>>>>>>>>>>>>>>>>>>>>>>>>>>>>>>>>>>>>>>>>>>>>>>>>>>>>>>>>>>>>>>>>>>>>>>>>>>>>>>>>>>>>>>>>>>>>>>>>>>>>>>>>>>>>>>>>>>>>>>>>>>>>>>>>>>>>>>>>>>>>>>>>>>>>>>>>>>>>>>>>>>>>>>>>>>>>>>>>>>>>>>>>>>>>>>>>>>>>>>>>>>>>>>>>>>>>>>>>>>>>>>>>>>>>>>>>>>>>>>>>>>>>>>>>>>>>>>>>>>>>>>>>>>>>>>>>>>>>>>>>>>>>>>>>>>>>>>>>>>>>>>>>>>>>>>>>>>>>>>>>>>>>>>>>>>>>>>>>>>>>>>>>>>>>>>>>>>>>>>>>>>>>>>>>>>>>>>>>>>>>>>>>>>>>>>>>>>>>>>>>>>>>>>>>>>>>>>>>>>>>>>>>>>>>>>>>>>>>>>>>>>>>>>>>>>>>>>>>>>>>>>>>>>>>>>>>>>>>>>>>>>>>>>>>>>>>>>>>>>>>>>>>>>>>>>>>>>>>>>>>>>>>>>>>>>>>>>>>>>>>>>>>>>>>>>>>>>>>>>>>>>>>>>>>>>>>>>>>>>>>>>>>>>>>>>>>>>>>>>>>>>>>>>>>>>>>>>>>>>>>>>>>>>>>>>>>>>>>>>>>>>>>>>>>>>>>>>>>>>>>>>>>>>>>>>>>>>>>>>>>>>>>>>>>>>>>>>>>>>>>>>>>>>>>>>>>>>>>>>>>>>>>>>>>>>>>>>>>>>>>>>>>>>>>>>>>>>>>>>>>>>>>>>>>>>>>>>>>>>>>>>>>>>>>>>>>>>>>>>>>>>>>>>>>>>>>>>>>>>>>>>>>>>>>>>>>>>>>>>>>>>>>>>>>>>>>>>>>>>>>>>>>>>>>>>>>>>>>>>>>>>>>>>>>>>>>>>>>>>>>>>>>>>>>>>>>>>>>>>>>>>>>>>>>>>>>>>>>>>>>>>>>>>>>>>>>>>>>>>>>>>>>>>>>>>>>>>>>>>>>>>>>>>>>>>>>>>>>>>>>>>>>>>>>>>>>>>>>>>>>>>>>>>>>>>>>>>>>>>>>>>>>>>>>>>>>>>>>>>>>>>>>>>>>>>>>>>>>>>>>>>>>>>>>>>>>>>>>>>>>>>>>>>>>>>>>>>>>>>>>>>>>>>>>>>>>>>>>>>>>>>>>>>>>>>>>>>>>>>>>>>>>>>>>>>>>>>>>>>>>>>>>>>>>>>>>>>>>>>>>>>>>>>>>>>>>>>>>>>>>>>>>>>>>>>>>>>>>>>>>>>>>>>>>>>>>>>>>>>>>>>>>>>>>>>>>>>>>>>>>>>>>>>>>>>>>>>>>>>>>>>>>>>>>>>>>>>>>>>>>>>>>>>>>>>>>>>>>>>>>>>>>>>>>>>>>>>>>>>>>>>>>>>>>>>>>>>>>>>>>>>>>>>>>>>>>>>>>>>>>>>>>>>>>>>>>>>>>>>>>>>>>>>>>>>>>>>>>>>>>>>>>>>>>>>>>>>>>>>>>>>>>>>>>>>>>>>>>>>>>>>>>>>>>>>>>>>>>>>>>>>>>>>>>>>>>>>>>>>>>>>>>>>>>>>>>>>>>>>>>>>>>>>>>>>>>>>>>>>>>>>>>>>>>>>>>>>>>>>>>>>>>>>>>>>Wine-gdb> Wine-gdb> Continuing.
MAKEINFO_PAUSE_SILENCE case=comma pause=-1 raw_eax=0x1 text=A, B path=Z:/work/stage21/mi-pause-silence-comma--1
MAKEINFO_PAUSE_SILENCE case=comma pause=0 raw_eax=0x1 text=A, B path=Z:/work/stage21/mi-pause-silence-comma-0
MAKEINFO_PAUSE_SILENCE case=comma pause=1 raw_eax=0x1 text=A, B path=Z:/work/stage21/mi-pause-silence-comma-1
MAKEINFO_PAUSE_SILENCE case=comma pause=119 raw_eax=0x1 text=A, B path=Z:/work/stage21/mi-pause-silence-comma-119
MAKEINFO_PAUSE_SILENCE case=comma pause=120 raw_eax=0x1 text=A, B path=Z:/work/stage21/mi-pause-silence-comma-120
MAKEINFO_PAUSE_SILENCE case=comma pause=121 raw_eax=0x1 text=A, B path=Z:/work/stage21/mi-pause-silence-comma-121
MAKEINFO_PAUSE_SILENCE case=comma pause=249 raw_eax=0x1 text=A, B path=Z:/work/stage21/mi-pause-silence-comma-249
MAKEINFO_PAUSE_SILENCE case=comma pause=250 raw_eax=0x1 text=A, B path=Z:/work/stage21/mi-pause-silence-comma-250
MAKEINFO_PAUSE_SILENCE case=comma pause=251 raw_eax=0x1 text=A, B path=Z:/work/stage21/mi-pause-silence-comma-251
MAKEINFO_PAUSE_SILENCE case=comma pause=1000 raw_eax=0x1 text=A, B path=Z:/work/stage21/mi-pause-silence-comma-1000
MAKEINFO_PAUSE_SILENCE case=comma pause=65534 raw_eax=0x1 text=A, B path=Z:/work/stage21/mi-pause-silence-comma-65534
MAKEINFO_PAUSE_SILENCE case=comma pause=65535 raw_eax=0x1 text=A, B path=Z:/work/stage21/mi-pause-silence-comma-65535
MAKEINFO_PAUSE_SILENCE case=period-lower pause=-1 raw_eax=0x1 text=a. b path=Z:/work/stage21/mi-pause-silence-period-lower--1
MAKEINFO_PAUSE_SILENCE case=period-lower pause=0 raw_eax=0x1 text=a. b path=Z:/work/stage21/mi-pause-silence-period-lower-0
MAKEINFO_PAUSE_SILENCE case=period-lower pause=1 raw_eax=0x1 text=a. b path=Z:/work/stage21/mi-pause-silence-period-lower-1
MAKEINFO_PAUSE_SILENCE case=period-lower pause=119 raw_eax=0x1 text=a. b path=Z:/work/stage21/mi-pause-silence-period-lower-119
MAKEINFO_PAUSE_SILENCE case=period-lower pause=120 raw_eax=0x1 text=a. b path=Z:/work/stage21/mi-pause-silence-period-lower-120
MAKEINFO_PAUSE_SILENCE case=period-lower pause=121 raw_eax=0x1 text=a. b path=Z:/work/stage21/mi-pause-silence-period-lower-121
MAKEINFO_PAUSE_SILENCE case=period-lower pause=249 raw_eax=0x1 text=a. b path=Z:/work/stage21/mi-pause-silence-period-lower-249
MAKEINFO_PAUSE_SILENCE case=period-lower pause=250 raw_eax=0x1 text=a. b path=Z:/work/stage21/mi-pause-silence-period-lower-250
MAKEINFO_PAUSE_SILENCE case=period-lower pause=251 raw_eax=0x1 text=a. b path=Z:/work/stage21/mi-pause-silence-period-lower-251
MAKEINFO_PAUSE_SILENCE case=period-lower pause=1000 raw_eax=0x1 text=a. b path=Z:/work/stage21/mi-pause-silence-period-lower-1000
MAKEINFO_PAUSE_SILENCE case=period-lower pause=65534 raw_eax=0x1 text=a. b path=Z:/work/stage21/mi-pause-silence-period-lower-65534
MAKEINFO_PAUSE_SILENCE case=period-lower pause=65535 raw_eax=0x1 text=a. b path=Z:/work/stage21/mi-pause-silence-period-lower-65535
MAKEINFO_PAUSE_SILENCE case=period-exception pause=-1 raw_eax=0x1 text=n. e path=Z:/work/stage21/mi-pause-silence-period-exception--1
MAKEINFO_PAUSE_SILENCE case=period-exception pause=0 raw_eax=0x1 text=n. e path=Z:/work/stage21/mi-pause-silence-period-exception-0
MAKEINFO_PAUSE_SILENCE case=period-exception pause=1 raw_eax=0x1 text=n. e path=Z:/work/stage21/mi-pause-silence-period-exception-1
MAKEINFO_PAUSE_SILENCE case=period-exception pause=119 raw_eax=0x1 text=n. e path=Z:/work/stage21/mi-pause-silence-period-exception-119
MAKEINFO_PAUSE_SILENCE case=period-exception pause=120 raw_eax=0x1 text=n. e path=Z:/work/stage21/mi-pause-silence-period-exception-120
MAKEINFO_PAUSE_SILENCE case=period-exception pause=121 raw_eax=0x1 text=n. e path=Z:/work/stage21/mi-pause-silence-period-exception-121
MAKEINFO_PAUSE_SILENCE case=period-exception pause=249 raw_eax=0x1 text=n. e path=Z:/work/stage21/mi-pause-silence-period-exception-249
MAKEINFO_PAUSE_SILENCE case=period-exception pause=250 raw_eax=0x1 text=n. e path=Z:/work/stage21/mi-pause-silence-period-exception-250
MAKEINFO_PAUSE_SILENCE case=period-exception pause=251 raw_eax=0x1 text=n. e path=Z:/work/stage21/mi-pause-silence-period-exception-251
MAKEINFO_PAUSE_SILENCE case=period-exception pause=1000 raw_eax=0x1 text=n. e path=Z:/work/stage21/mi-pause-silence-period-exception-1000
MAKEINFO_PAUSE_SILENCE case=period-exception pause=65534 raw_eax=0x1 text=n. e path=Z:/work/stage21/mi-pause-silence-period-exception-65534
MAKEINFO_PAUSE_SILENCE case=period-exception pause=65535 raw_eax=0x1 text=n. e path=Z:/work/stage21/mi-pause-silence-period-exception-65535
MAKEINFO_PAUSE_SILENCE case=period-upper-control pause=-1 raw_eax=0x1 text=A. B path=Z:/work/stage21/mi-pause-silence-period-upper-control--1
MAKEINFO_PAUSE_SILENCE case=period-upper-control pause=0 raw_eax=0x1 text=A. B path=Z:/work/stage21/mi-pause-silence-period-upper-control-0
MAKEINFO_PAUSE_SILENCE case=period-upper-control pause=1 raw_eax=0x1 text=A. B path=Z:/work/stage21/mi-pause-silence-period-upper-control-1
MAKEINFO_PAUSE_SILENCE case=period-upper-control pause=119 raw_eax=0x1 text=A. B path=Z:/work/stage21/mi-pause-silence-period-upper-control-119
MAKEINFO_PAUSE_SILENCE case=period-upper-control pause=120 raw_eax=0x1 text=A. B path=Z:/work/stage21/mi-pause-silence-period-upper-control-120
MAKEINFO_PAUSE_SILENCE case=period-upper-control pause=121 raw_eax=0x1 text=A. B path=Z:/work/stage21/mi-pause-silence-period-upper-control-121
MAKEINFO_PAUSE_SILENCE case=period-upper-control pause=249 raw_eax=0x1 text=A. B path=Z:/work/stage21/mi-pause-silence-period-upper-control-249
MAKEINFO_PAUSE_SILENCE case=period-upper-control pause=250 raw_eax=0x1 text=A. B path=Z:/work/stage21/mi-pause-silence-period-upper-control-250
MAKEINFO_PAUSE_SILENCE case=period-upper-control pause=251 raw_eax=0x1 text=A. B path=Z:/work/stage21/mi-pause-silence-period-upper-control-251
MAKEINFO_PAUSE_SILENCE case=period-upper-control pause=1000 raw_eax=0x1 text=A. B path=Z:/work/stage21/mi-pause-silence-period-upper-control-1000
MAKEINFO_PAUSE_SILENCE case=period-upper-control pause=65534 raw_eax=0x1 text=A. B path=Z:/work/stage21/mi-pause-silence-period-upper-control-65534
MAKEINFO_PAUSE_SILENCE case=period-upper-control pause=65535 raw_eax=0x1 text=A. B path=Z:/work/stage21/mi-pause-silence-period-upper-control-65535
MAKEINFO_PAUSE_SILENCE case=ellipsis-lower pause=-1 raw_eax=0x1 text=a... b path=Z:/work/stage21/mi-pause-silence-ellipsis-lower--1
MAKEINFO_PAUSE_SILENCE case=ellipsis-lower pause=0 raw_eax=0x1 text=a... b path=Z:/work/stage21/mi-pause-silence-ellipsis-lower-0
MAKEINFO_PAUSE_SILENCE case=ellipsis-lower pause=1 raw_eax=0x1 text=a... b path=Z:/work/stage21/mi-pause-silence-ellipsis-lower-1
MAKEINFO_PAUSE_SILENCE case=ellipsis-lower pause=119 raw_eax=0x1 text=a... b path=Z:/work/stage21/mi-pause-silence-ellipsis-lower-119
MAKEINFO_PAUSE_SILENCE case=ellipsis-lower pause=120 raw_eax=0x1 text=a... b path=Z:/work/stage21/mi-pause-silence-ellipsis-lower-120
MAKEINFO_PAUSE_SILENCE case=ellipsis-lower pause=121 raw_eax=0x1 text=a... b path=Z:/work/stage21/mi-pause-silence-ellipsis-lower-121
MAKEINFO_PAUSE_SILENCE case=ellipsis-lower pause=249 raw_eax=0x1 text=a... b path=Z:/work/stage21/mi-pause-silence-ellipsis-lower-249
MAKEINFO_PAUSE_SILENCE case=ellipsis-lower pause=250 raw_eax=0x1 text=a... b path=Z:/work/stage21/mi-pause-silence-ellipsis-lower-250
MAKEINFO_PAUSE_SILENCE case=ellipsis-lower pause=251 raw_eax=0x1 text=a... b path=Z:/work/stage21/mi-pause-silence-ellipsis-lower-251
MAKEINFO_PAUSE_SILENCE case=ellipsis-lower pause=1000 raw_eax=0x1 text=a... b path=Z:/work/stage21/mi-pause-silence-ellipsis-lower-1000
MAKEINFO_PAUSE_SILENCE case=ellipsis-lower pause=65534 raw_eax=0x1 text=a... b path=Z:/work/stage21/mi-pause-silence-ellipsis-lower-65534
MAKEINFO_PAUSE_SILENCE case=ellipsis-lower pause=65535 raw_eax=0x1 text=a... b path=Z:/work/stage21/mi-pause-silence-ellipsis-lower-65535
MAKEINFO_PAUSE_SILENCE case=ellipsis-upper-positive pause=-1 raw_eax=0x1 text=A... A path=Z:/work/stage21/mi-pause-silence-ellipsis-upper-positive--1
MAKEINFO_PAUSE_SILENCE case=ellipsis-upper-positive pause=0 raw_eax=0x1 text=A... A path=Z:/work/stage21/mi-pause-silence-ellipsis-upper-positive-0
MAKEINFO_PAUSE_SILENCE case=ellipsis-upper-positive pause=1 raw_eax=0x1 text=A... A path=Z:/work/stage21/mi-pause-silence-ellipsis-upper-positive-1
MAKEINFO_PAUSE_SILENCE case=ellipsis-upper-positive pause=119 raw_eax=0x1 text=A... A path=Z:/work/stage21/mi-pause-silence-ellipsis-upper-positive-119
MAKEINFO_PAUSE_SILENCE case=ellipsis-upper-positive pause=120 raw_eax=0x1 text=A... A path=Z:/work/stage21/mi-pause-silence-ellipsis-upper-positive-120
MAKEINFO_PAUSE_SILENCE case=ellipsis-upper-positive pause=121 raw_eax=0x1 text=A... A path=Z:/work/stage21/mi-pause-silence-ellipsis-upper-positive-121
MAKEINFO_PAUSE_SILENCE case=ellipsis-upper-positive pause=249 raw_eax=0x1 text=A... A path=Z:/work/stage21/mi-pause-silence-ellipsis-upper-positive-249
MAKEINFO_PAUSE_SILENCE case=ellipsis-upper-positive pause=250 raw_eax=0x1 text=A... A path=Z:/work/stage21/mi-pause-silence-ellipsis-upper-positive-250
MAKEINFO_PAUSE_SILENCE case=ellipsis-upper-positive pause=251 raw_eax=0x1 text=A... A path=Z:/work/stage21/mi-pause-silence-ellipsis-upper-positive-251
MAKEINFO_PAUSE_SILENCE case=ellipsis-upper-positive pause=1000 raw_eax=0x1 text=A... A path=Z:/work/stage21/mi-pause-silence-ellipsis-upper-positive-1000
MAKEINFO_PAUSE_SILENCE case=ellipsis-upper-positive pause=65534 raw_eax=0x1 text=A... A path=Z:/work/stage21/mi-pause-silence-ellipsis-upper-positive-65534
MAKEINFO_PAUSE_SILENCE case=ellipsis-upper-positive pause=65535 raw_eax=0x1 text=A... A path=Z:/work/stage21/mi-pause-silence-ellipsis-upper-positive-65535
MAKEINFO_PAUSE_SILENCE case=ellipsis-upper-negative pause=-1 raw_eax=0x1 text=A... B path=Z:/work/stage21/mi-pause-silence-ellipsis-upper-negative--1
MAKEINFO_PAUSE_SILENCE case=ellipsis-upper-negative pause=0 raw_eax=0x1 text=A... B path=Z:/work/stage21/mi-pause-silence-ellipsis-upper-negative-0
MAKEINFO_PAUSE_SILENCE case=ellipsis-upper-negative pause=1 raw_eax=0x1 text=A... B path=Z:/work/stage21/mi-pause-silence-ellipsis-upper-negative-1
MAKEINFO_PAUSE_SILENCE case=ellipsis-upper-negative pause=119 raw_eax=0x1 text=A... B path=Z:/work/stage21/mi-pause-silence-ellipsis-upper-negative-119
MAKEINFO_PAUSE_SILENCE case=ellipsis-upper-negative pause=120 raw_eax=0x1 text=A... B path=Z:/work/stage21/mi-pause-silence-ellipsis-upper-negative-120
MAKEINFO_PAUSE_SILENCE case=ellipsis-upper-negative pause=121 raw_eax=0x1 text=A... B path=Z:/work/stage21/mi-pause-silence-ellipsis-upper-negative-121
MAKEINFO_PAUSE_SILENCE case=ellipsis-upper-negative pause=249 raw_eax=0x1 text=A... B path=Z:/work/stage21/mi-pause-silence-ellipsis-upper-negative-249
MAKEINFO_PAUSE_SILENCE case=ellipsis-upper-negative pause=250 raw_eax=0x1 text=A... B path=Z:/work/stage21/mi-pause-silence-ellipsis-upper-negative-250
MAKEINFO_PAUSE_SILENCE case=ellipsis-upper-negative pause=251 raw_eax=0x1 text=A... B path=Z:/work/stage21/mi-pause-silence-ellipsis-upper-negative-251
MAKEINFO_PAUSE_SILENCE case=ellipsis-upper-negative pause=1000 raw_eax=0x1 text=A... B path=Z:/work/stage21/mi-pause-silence-ellipsis-upper-negative-1000
MAKEINFO_PAUSE_SILENCE case=ellipsis-upper-negative pause=65534 raw_eax=0x1 text=A... B path=Z:/work/stage21/mi-pause-silence-ellipsis-upper-negative-65534
MAKEINFO_PAUSE_SILENCE case=ellipsis-upper-negative pause=65535 raw_eax=0x1 text=A... B path=Z:/work/stage21/mi-pause-silence-ellipsis-upper-negative-65535
MAKEINFO_PAUSE_SILENCE case=ellipsis-mixed-control pause=-1 raw_eax=0x1 text=A... a path=Z:/work/stage21/mi-pause-silence-ellipsis-mixed-control--1
MAKEINFO_PAUSE_SILENCE case=ellipsis-mixed-control pause=0 raw_eax=0x1 text=A... a path=Z:/work/stage21/mi-pause-silence-ellipsis-mixed-control-0
MAKEINFO_PAUSE_SILENCE case=ellipsis-mixed-control pause=1 raw_eax=0x1 text=A... a path=Z:/work/stage21/mi-pause-silence-ellipsis-mixed-control-1
MAKEINFO_PAUSE_SILENCE case=ellipsis-mixed-control pause=119 raw_eax=0x1 text=A... a path=Z:/work/stage21/mi-pause-silence-ellipsis-mixed-control-119
MAKEINFO_PAUSE_SILENCE case=ellipsis-mixed-control pause=120 raw_eax=0x1 text=A... a path=Z:/work/stage21/mi-pause-silence-ellipsis-mixed-control-120
MAKEINFO_PAUSE_SILENCE case=ellipsis-mixed-control pause=121 raw_eax=0x1 text=A... a path=Z:/work/stage21/mi-pause-silence-ellipsis-mixed-control-121
MAKEINFO_PAUSE_SILENCE case=ellipsis-mixed-control pause=249 raw_eax=0x1 text=A... a path=Z:/work/stage21/mi-pause-silence-ellipsis-mixed-control-249
MAKEINFO_PAUSE_SILENCE case=ellipsis-mixed-control pause=250 raw_eax=0x1 text=A... a path=Z:/work/stage21/mi-pause-silence-ellipsis-mixed-control-250
MAKEINFO_PAUSE_SILENCE case=ellipsis-mixed-control pause=251 raw_eax=0x1 text=A... a path=Z:/work/stage21/mi-pause-silence-ellipsis-mixed-control-251
MAKEINFO_PAUSE_SILENCE case=ellipsis-mixed-control pause=1000 raw_eax=0x1 text=A... a path=Z:/work/stage21/mi-pause-silence-ellipsis-mixed-control-1000
MAKEINFO_PAUSE_SILENCE case=ellipsis-mixed-control pause=65534 raw_eax=0x1 text=A... a path=Z:/work/stage21/mi-pause-silence-ellipsis-mixed-control-65534
MAKEINFO_PAUSE_SILENCE case=ellipsis-mixed-control pause=65535 raw_eax=0x1 text=A... a path=Z:/work/stage21/mi-pause-silence-ellipsis-mixed-control-65535
MAKEINFO_PAUSE_SILENCE case=plain-control pause=-1 raw_eax=0x1 text=A B path=Z:/work/stage21/mi-pause-silence-plain-control--1
MAKEINFO_PAUSE_SILENCE case=plain-control pause=0 raw_eax=0x1 text=A B path=Z:/work/stage21/mi-pause-silence-plain-control-0
MAKEINFO_PAUSE_SILENCE case=plain-control pause=1 raw_eax=0x1 text=A B path=Z:/work/stage21/mi-pause-silence-plain-control-1
MAKEINFO_PAUSE_SILENCE case=plain-control pause=119 raw_eax=0x1 text=A B path=Z:/work/stage21/mi-pause-silence-plain-control-119
MAKEINFO_PAUSE_SILENCE case=plain-control pause=120 raw_eax=0x1 text=A B path=Z:/work/stage21/mi-pause-silence-plain-control-120
MAKEINFO_PAUSE_SILENCE case=plain-control pause=121 raw_eax=0x1 text=A B path=Z:/work/stage21/mi-pause-silence-plain-control-121
MAKEINFO_PAUSE_SILENCE case=plain-control pause=249 raw_eax=0x1 text=A B path=Z:/work/stage21/mi-pause-silence-plain-control-249
MAKEINFO_PAUSE_SILENCE case=plain-control pause=250 raw_eax=0x1 text=A B path=Z:/work/stage21/mi-pause-silence-plain-control-250
MAKEINFO_PAUSE_SILENCE case=plain-control pause=251 raw_eax=0x1 text=A B path=Z:/work/stage21/mi-pause-silence-plain-control-251
MAKEINFO_PAUSE_SILENCE case=plain-control pause=1000 raw_eax=0x1 text=A B path=Z:/work/stage21/mi-pause-silence-plain-control-1000
MAKEINFO_PAUSE_SILENCE case=plain-control pause=65534 raw_eax=0x1 text=A B path=Z:/work/stage21/mi-pause-silence-plain-control-65534
MAKEINFO_PAUSE_SILENCE case=plain-control pause=65535 raw_eax=0x1 text=A B path=Z:/work/stage21/mi-pause-silence-plain-control-65535
[Inferior 1 (Remote target) killed]
0114:0118: create process 'Z:\samples\voicetext_paul.exe'/00000000 @004014C0 (450560<1847>)
0114:0118: create thread I @004014C0
0114:0118: loads DLL C:\windows\system32\ntdll.dll @7BD10000 (2994176<5095>)
0114:0118: loads DLL C:\windows\system32\kernel32.dll @7BB90000 (1466368<19395>)
0114:0118: loads DLL C:\windows\system32\kernelbase.dll @7B650000 (5410816<14148>)
0114:0118: loads DLL C:\windows\system32\msvcrt.dll @7B2A0000 (2715648<8214>)
0114:0118: loads DLL Z:\samples\vt_pau.dll @10000000 (0<0>)
0114:0118: loads DLL C:\windows\system32\WINMM.dll @78C50000 (1474560<4890>)
0114:0118: loads DLL C:\windows\system32\advapi32.dll @7B550000 (958464<7400>)
0114:0118: loads DLL C:\windows\system32\sechost.dll @7B200000 (565248<3163>)
0114:0118: loads DLL C:\windows\system32\ucrtbase.dll @7AEE0000 (3198976<11541>)
0114:0118: loads DLL C:\windows\system32\msacm32.dll @78BD0000 (413696<1982>)
0114:0118: loads DLL C:\windows\system32\user32.dll @7A160000 (5005312<14159>)
0114:0118: loads DLL Z:\samples\zlib1.dll @7A120000 (135680<0>)
0114:0118: loads DLL C:\windows\system32\gdi32.dll @7A640000 (2355200<7390>)
0114:0118: loads DLL C:\windows\system32\win32u.dll @7A0D0000 (221184<1966>)
0114:0118: loads DLL C:\windows\system32\ole32.dll @7A9F0000 (4440064<14323>)
0114:0118: loads DLL C:\windows\system32\combase.dll @7A890000 (1314816<7562>)
0114:0118: loads DLL C:\windows\system32\rpcrt4.dll @79EA0000 (2162688<9274>)
0114:0118: loads DLL C:\windows\system32\coml2.dll @79E40000 (262144<3883>)
0114:0118: loads DLL C:\windows\system32\iphlpapi.dll @779C0000 (487424<4777>)
0114:0118: loads DLL C:\windows\system32\dnsapi.dll @77970000 (258048<1399>)
0114:0118: loads DLL C:\windows\system32\nsi.dll @77940000 (118784<823>)
0114:0118: loads DLL C:\windows\system32\ws2_32.dll @7AE40000 (565248<2279>)
0114:0118: loads DLL C:\windows\system32\tzres.dll @009C0000 (0<0>)
00000114:00000118: unload DLL @009C0000
0114:0118: loads DLL C:\windows\system32\tzres.dll @009C0000 (0<0>)
00000114:00000118: unload DLL @009C0000
0114:0118: loads DLL C:\windows\system32\imm32.dll @782F0000 (401408<2996>)
0114:0118: loads DLL C:\windows\system32\winex11.drv @780F0000 (307200<4314>)
0114:0118: loads DLL C:\windows\system32\uxtheme.dll @78030000 (671744<3646>)
X connection to :99 broken (explicit kill or server shutdown).
