GNU gdb (Ubuntu 15.1-1ubuntu1~24.04.1) 15.1
Copyright (C) 2024 Free Software Foundation, Inc.
License GPLv3+: GNU GPL version 3 or later <http://gnu.org/licenses/gpl.html>
This is free software: you are free to change and redistribute it.
There is NO WARRANTY, to the extent permitted by law.
Type "show copying" and "show warranty" for details.
This GDB was configured as "x86_64-linux-gnu".
Type "show configuration" for configuration details.
For bug reporting instructions, please see:
<https://www.gnu.org/software/gdb/bugs/>.
Find the GDB manual and other documentation resources online at:
    <http://www.gnu.org/software/gdb/documentation/>.

For help, type "help".
Type "apropos word" to search for commands related to "word".
warning: remote target does not support file transfer, attempting to access files from local filesystem.
Reading symbols from /samples/voicetext_paul.exe...
0x7bd64525 in DbgBreakPoint@0 ()
   from /usr/lib/i386-linux-gnu/wine/i386-windows/ntdll.dll
Wine-gdb> Wine-gdb> Wine-gdb> Wine-gdb> Signal        Stop	Print	Pass to program	Description
SIGSEGV       No	No	Yes		Segmentation fault
Wine-gdb> Signal        Stop	Print	Pass to program	Description
SIGSEGV       No	No	Yes		Segmentation fault
Wine-gdb> Wine-gdb> Wine-gdb> Wine-gdb> Wine-gdb> Breakpoint 1 at 0x10027010
Wine-gdb> >>>>>Wine-gdb> Wine-gdb> Breakpoint 2 at 0x10027020
Wine-gdb> >>>>Wine-gdb> Wine-gdb> Breakpoint 3 at 0x10027030
Wine-gdb> >>>>>Wine-gdb> Wine-gdb> Breakpoint 4 at 0x10027040
Wine-gdb> >>>>Wine-gdb> Wine-gdb> Breakpoint 5 at 0x4016d9
Wine-gdb> >> > > > > > > > > > > > > > > > > > > >  >  >  >  >  >  >  >  >  >  >  >  >  >  > >>Wine-gdb> Wine-gdb> Breakpoint 6 at 0x1001da50
Wine-gdb> >>>>>>>>>>>Wine-gdb> Wine-gdb> Continuing.
PLAY_CONTROL starting_null_handle=0 text=0x667808
PLAY_CONTROL pause_enter=1 handle=0
PLAY_CONTROL pause_mmresult_call=1 result=0
PLAY_CONTROL restart_enter=1 handle=0
PLAY_CONTROL restart_mmresult_call=1 result=0
PLAY_CONTROL null_handle_wrappers_returned handle=0
PLAY_CONTROL redirected_to_play speaker=1
[New Thread 300]
[New Thread 304]
PLAY_CONTROL active_handle_play_return eax=1 handle=0xff00 state=1
[New Thread 312]
PLAY_CONTROL pause_enter=2 handle=0xff00
PLAY_CONTROL pause_mmresult_call=2 result=0
PLAY_CONTROL pause_enter=3 handle=0xff00
PLAY_CONTROL pause_mmresult_call=3 result=0
PLAY_CONTROL restart_enter=2 handle=0xff00
PLAY_CONTROL restart_mmresult_call=2 result=0
PLAY_CONTROL restart_enter=3 handle=0xff00
PLAY_CONTROL restart_mmresult_call=3 result=0
PLAY_CONTROL repeated_calls_complete pause_calls=3 restart_calls=3 handle=0xff00
[Inferior 1 (Remote target) exited with code 01]
Wine-gdb> 0118:011c: create process 'Z:\samples\voicetext_paul.exe'/00000000 @004014C0 (450560<1847>)
0118:011c: create thread I @004014C0
0118:011c: loads DLL C:\windows\system32\ntdll.dll @7BD10000 (2994176<5095>)
0118:011c: loads DLL C:\windows\system32\kernel32.dll @7BB90000 (1466368<19395>)
0118:011c: loads DLL C:\windows\system32\kernelbase.dll @7B650000 (5410816<14148>)
0118:011c: loads DLL C:\windows\system32\msvcrt.dll @7B2A0000 (2715648<8214>)
0118:011c: loads DLL Z:\samples\vt_pau.dll @10000000 (0<0>)
0118:011c: loads DLL C:\windows\system32\WINMM.dll @78EC0000 (1474560<4890>)
0118:011c: loads DLL C:\windows\system32\advapi32.dll @7B550000 (958464<7400>)
0118:011c: loads DLL C:\windows\system32\sechost.dll @7B200000 (565248<3163>)
0118:011c: loads DLL C:\windows\system32\ucrtbase.dll @7AEE0000 (3198976<11541>)
0118:011c: loads DLL C:\windows\system32\msacm32.dll @78E40000 (413696<1982>)
0118:011c: loads DLL C:\windows\system32\user32.dll @7A160000 (5005312<14159>)
0118:011c: loads DLL Z:\samples\zlib1.dll @7A120000 (135680<0>)
0118:011c: loads DLL C:\windows\system32\gdi32.dll @7A640000 (2355200<7390>)
0118:011c: loads DLL C:\windows\system32\win32u.dll @7A0D0000 (221184<1966>)
0118:011c: loads DLL C:\windows\system32\ole32.dll @7A9F0000 (4440064<14323>)
0118:011c: loads DLL C:\windows\system32\combase.dll @7A890000 (1314816<7562>)
0118:011c: loads DLL C:\windows\system32\rpcrt4.dll @79EA0000 (2162688<9274>)
0118:011c: loads DLL C:\windows\system32\coml2.dll @79E40000 (262144<3883>)
0118:011c: loads DLL C:\windows\system32\iphlpapi.dll @779C0000 (487424<4777>)
0118:011c: loads DLL C:\windows\system32\dnsapi.dll @77970000 (258048<1399>)
0118:011c: loads DLL C:\windows\system32\nsi.dll @77940000 (118784<823>)
0118:011c: loads DLL C:\windows\system32\ws2_32.dll @7AE40000 (565248<2279>)
0118:011c: loads DLL C:\windows\system32\tzres.dll @009C0000 (0<0>)
00000118:0000011c: unload DLL @009C0000
0118:011c: loads DLL C:\windows\system32\tzres.dll @009C0000 (0<0>)
00000118:0000011c: unload DLL @009C0000
0118:011c: loads DLL C:\windows\system32\imm32.dll @782F0000 (401408<2996>)
0118:011c: loads DLL C:\windows\system32\winex11.drv @780F0000 (307200<4314>)
0118:011c: loads DLL C:\windows\system32\uxtheme.dll @78030000 (671744<3646>)
00000118:0000012c: create thread D @78ED79C0
0118:012c: loads DLL C:\windows\system32\mmdevapi.dll @78D30000 (806912<4309>)
0118:012c: loads DLL C:\windows\system32\oleaut32.dll @785C0000 (3796992<12081>)
0118:012c: loads DLL C:\windows\system32\version.dll @78D00000 (106496<1150>)
0118:012c: loads DLL C:\windows\system32\winepulse.drv @78CD0000 (102400<1022>)
00000118:0000012c: unload DLL @78CD0000
0118:012c: loads DLL C:\windows\system32\winealsa.drv @78CC0000 (131072<1816>)
00000118:00000130: create thread D @78D38440
00000118:00000134: create thread D @78D33AC0
00000118:00000134: exit thread (0)
00000118:00000138: create thread D @78D33B20
00000118:00000138: exit thread (0)
00000118:0000012c: exit thread (0)
00000118:00000130: exit thread (1)
00000118:0000011c: exit process (1)
X connection to :99 broken (explicit kill or server shutdown).
