GNU gdb (Ubuntu 15.1-1ubuntu1~24.04.1) 15.1
Copyright (C) 2024 Free Software Foundation, Inc.
License GPLv3+: GNU GPL version 3 or later <http://gnu.org/licenses/gpl.html>
This is free software: you are free to change and redistribute it.
There is NO WARRANTY, to the extent permitted by law.
Type "show copying" and "show warranty" for details.
This GDB was configured as "x86_64-linux-gnu".
Type "show configuration" for configuration details.
For bug reporting instructions, please see:
<https://www.gnu.org/software/gdb/bugs/>.
Find the GDB manual and other documentation resources online at:
    <http://www.gnu.org/software/gdb/documentation/>.

For help, type "help".
Type "apropos word" to search for commands related to "word".
warning: remote target does not support file transfer, attempting to access files from local filesystem.
Reading symbols from /samples/voicetext_paul.exe...
0x7bd64525 in DbgBreakPoint@0 ()
   from /usr/lib/i386-linux-gnu/wine/i386-windows/ntdll.dll
Wine-gdb> Wine-gdb> Wine-gdb> Wine-gdb> Signal        Stop	Print	Pass to program	Description
SIGSEGV       No	No	Yes		Segmentation fault
Wine-gdb> Signal        Stop	Print	Pass to program	Description
SIGSEGV       No	No	Yes		Segmentation fault
Wine-gdb> Wine-gdb> Breakpoint 1 at 0x100275a8
Wine-gdb> >>>>Wine-gdb> Wine-gdb> Breakpoint 2 at 0x100275ca
Wine-gdb> >>>>>Wine-gdb> Wine-gdb> Breakpoint 3 at 0x100275f7
Wine-gdb> >>>>>Wine-gdb> Wine-gdb> Breakpoint 4 at 0x10027618
Wine-gdb> >>>>Wine-gdb> Wine-gdb> Breakpoint 5 at 0x10027622
Wine-gdb> >>>>Wine-gdb> Wine-gdb> Breakpoint 6 at 0x100276a7
Wine-gdb> >>>>>>>>Wine-gdb> Wine-gdb> Breakpoint 7 at 0x4016d9
Wine-gdb> >>>>>>>>>>>Wine-gdb> Wine-gdb> Wine-gdb> Breakpoint 8 at 0x4016f9
Wine-gdb> >>>>Wine-gdb> Breakpoint 9 at 0x1001da50
Wine-gdb> >>>>>>>>>>>>>>>>>Wine-gdb> Wine-gdb> Continuing.
PLAY_STOP_REDIRECT text=0x667808 speaker=1
STOP_AFTER_CLOSE handle=0 play_state=0 unprepare_calls=0
STOP_API_EPILOGUE eax=0 handle=0 play_state=0 unprepare_calls=0
STOP_REQUEST101 status=0 output=0x5a5a5a5a global=0
[New Thread 300]
[New Thread 304]
PLAY_AFTER_STOP_RETURN play_state=1
[New Thread 312]
STOP_WAVEOUT_RESET eax=0 handle=0xff00 play_state=1
STOP_WAVEOUT_UNPREPARE phase=1 count=1 eax=0 handle=0xff00 header=0x173d230
STOP_WAVEOUT_UNPREPARE phase=1 count=2 eax=0 handle=0xff00 header=0x1740104
[Thread 312 exited]
STOP_WAVEOUT_CLOSE eax=0 handle_before_clear=0xff00
STOP_AFTER_CLOSE handle=0 play_state=1 unprepare_calls=2
STOP_API_EPILOGUE eax=0 handle=0 play_state=1 unprepare_calls=2
[Thread 300 exited]
STOP_REQUEST101 status=1 output=0x5a5a5a5a global=1
[Inferior 1 (Remote target) exited normally]
Wine-gdb> 0118:011c: create process 'Z:\samples\voicetext_paul.exe'/00000000 @004014C0 (450560<1847>)
0118:011c: create thread I @004014C0
0118:011c: loads DLL C:\windows\system32\ntdll.dll @7BD10000 (2994176<5095>)
0118:011c: loads DLL C:\windows\system32\kernel32.dll @7BB90000 (1466368<19395>)
0118:011c: loads DLL C:\windows\system32\kernelbase.dll @7B650000 (5410816<14148>)
0118:011c: loads DLL C:\windows\system32\msvcrt.dll @7B2A0000 (2715648<8214>)
0118:011c: loads DLL Z:\samples\vt_pau.dll @10000000 (0<0>)
0118:011c: loads DLL C:\windows\system32\WINMM.dll @78D30000 (1474560<4890>)
0118:011c: loads DLL C:\windows\system32\advapi32.dll @7B550000 (958464<7400>)
0118:011c: loads DLL C:\windows\system32\sechost.dll @7B200000 (565248<3163>)
0118:011c: loads DLL C:\windows\system32\ucrtbase.dll @7AEE0000 (3198976<11541>)
0118:011c: loads DLL C:\windows\system32\msacm32.dll @78CB0000 (413696<1982>)
0118:011c: loads DLL C:\windows\system32\user32.dll @7A160000 (5005312<14159>)
0118:011c: loads DLL Z:\samples\zlib1.dll @7A120000 (135680<0>)
0118:011c: loads DLL C:\windows\system32\gdi32.dll @7A640000 (2355200<7390>)
0118:011c: loads DLL C:\windows\system32\win32u.dll @7A0D0000 (221184<1966>)
0118:011c: loads DLL C:\windows\system32\ole32.dll @7A9F0000 (4440064<14323>)
0118:011c: loads DLL C:\windows\system32\combase.dll @7A890000 (1314816<7562>)
0118:011c: loads DLL C:\windows\system32\rpcrt4.dll @79EA0000 (2162688<9274>)
0118:011c: loads DLL C:\windows\system32\coml2.dll @79E40000 (262144<3883>)
0118:011c: loads DLL C:\windows\system32\iphlpapi.dll @779C0000 (487424<4777>)
0118:011c: loads DLL C:\windows\system32\dnsapi.dll @77970000 (258048<1399>)
0118:011c: loads DLL C:\windows\system32\nsi.dll @77940000 (118784<823>)
0118:011c: loads DLL C:\windows\system32\ws2_32.dll @7AE40000 (565248<2279>)
0118:011c: loads DLL C:\windows\system32\tzres.dll @009C0000 (0<0>)
00000118:0000011c: unload DLL @009C0000
0118:011c: loads DLL C:\windows\system32\tzres.dll @009C0000 (0<0>)
00000118:0000011c: unload DLL @009C0000
0118:011c: loads DLL C:\windows\system32\imm32.dll @782F0000 (401408<2996>)
0118:011c: loads DLL C:\windows\system32\winex11.drv @780F0000 (307200<4314>)
0118:011c: loads DLL C:\windows\system32\uxtheme.dll @78030000 (671744<3646>)
00000118:0000012c: create thread D @78D479C0
0118:012c: loads DLL C:\windows\system32\mmdevapi.dll @78BA0000 (806912<4309>)
0118:012c: loads DLL C:\windows\system32\oleaut32.dll @783F0000 (3796992<12081>)
0118:012c: loads DLL C:\windows\system32\version.dll @78B70000 (106496<1150>)
0118:012c: loads DLL C:\windows\system32\winepulse.drv @78B40000 (102400<1022>)
00000118:0000012c: unload DLL @78B40000
0118:012c: loads DLL C:\windows\system32\winealsa.drv @78B30000 (131072<1816>)
00000118:00000130: create thread D @78BA8440
00000118:00000134: create thread D @78BA3AC0
00000118:00000134: exit thread (0)
00000118:00000138: create thread D @78BA3B20
00000118:00000138: exit thread (0)
00000118:0000012c: exit thread (0)
00000118:00000130: exit thread (0)
00000118:0000011c: exit process (0)
