SOURCE_PAIR_ROW first=0x00 calls=256 rejected=0 empty=256 one=0 two=0 mismatches=0 fnv64=e2c37300deb80925
SOURCE_PAIR_ROW first=0x01 calls=256 rejected=0 empty=0 one=5 two=251 mismatches=0 fnv64=3bc06198df1d348c
SOURCE_PAIR_ROW first=0x02 calls=256 rejected=0 empty=0 one=5 two=251 mismatches=0 fnv64=2668e0380519e014
SOURCE_PAIR_ROW first=0x03 calls=256 rejected=0 empty=0 one=5 two=251 mismatches=0 fnv64=e707b92d3a69a774
SOURCE_PAIR_ROW first=0x04 calls=256 rejected=0 empty=0 one=5 two=251 mismatches=0 fnv64=7114d56de00e50dc
SOURCE_PAIR_ROW first=0x05 calls=256 rejected=0 empty=0 one=5 two=251 mismatches=0 fnv64=6a74f49435fab7dc
SOURCE_PAIR_ROW first=0x06 calls=256 rejected=0 empty=0 one=5 two=251 mismatches=0 fnv64=d944b738976852e4
SOURCE_PAIR_ROW first=0x07 calls=256 rejected=0 empty=0 one=5 two=251 mismatches=0 fnv64=f365ebfe2db8dfd4
SOURCE_PAIR_ROW first=0x08 calls=256 rejected=0 empty=0 one=5 two=251 mismatches=0 fnv64=7bbf9f3c7470cfdc
SOURCE_PAIR_ROW first=0x09 calls=256 rejected=0 empty=5 one=251 two=0 mismatches=0 fnv64=2859d63d34398102
SOURCE_PAIR_ROW first=0x0a calls=256 rejected=0 empty=5 one=251 two=0 mismatches=0 fnv64=72495e2b20851ea6
SOURCE_PAIR_ROW first=0x0b calls=256 rejected=0 empty=0 one=5 two=251 mismatches=0 fnv64=df1c70a5f0211e34
SOURCE_PAIR_ROW first=0x0c calls=256 rejected=0 empty=0 one=5 two=251 mismatches=0 fnv64=335869eb4689377c
SOURCE_PAIR_ROW first=0x0d calls=256 rejected=0 empty=5 one=251 two=0 mismatches=0 fnv64=de4cf3fc40f47792
SOURCE_PAIR_ROW first=0x0e calls=256 rejected=0 empty=0 one=5 two=251 mismatches=0 fnv64=3e87791ac80c9494
SOURCE_PAIR_ROW first=0x0f calls=256 rejected=0 empty=0 one=5 two=251 mismatches=0 fnv64=c7dcb524b2d6fcd4
SOURCE_PAIR_ROW first=0x10 calls=256 rejected=0 empty=0 one=5 two=251 mismatches=0 fnv64=8107033036aa00fc
SOURCE_PAIR_ROW first=0x11 calls=256 rejected=0 empty=0 one=5 two=251 mismatches=0 fnv64=899757048221fa0c
SOURCE_PAIR_ROW first=0x12 calls=256 rejected=0 empty=0 one=5 two=251 mismatches=0 fnv64=d244e277e49c4c14
SOURCE_PAIR_ROW first=0x13 calls=256 rejected=0 empty=0 one=5 two=251 mismatches=0 fnv64=2894b6b7639ee834
SOURCE_PAIR_ROW first=0x14 calls=256 rejected=0 empty=0 one=5 two=251 mismatches=0 fnv64=7d24ebed273dcafc
SOURCE_PAIR_ROW first=0x15 calls=256 rejected=0 empty=0 one=5 two=251 mismatches=0 fnv64=c67950457ec0ddfc
SOURCE_PAIR_ROW first=0x16 calls=256 rejected=0 empty=0 one=5 two=251 mismatches=0 fnv64=fb0b624d9da98604
SOURCE_PAIR_ROW first=0x17 calls=256 rejected=0 empty=0 one=5 two=251 mismatches=0 fnv64=203c569dd7c65a54
SOURCE_PAIR_ROW first=0x18 calls=256 rejected=0 empty=0 one=5 two=251 mismatches=0 fnv64=9576c1eb21d6f73c
SOURCE_PAIR_ROW first=0x19 calls=256 rejected=0 empty=0 one=5 two=251 mismatches=0 fnv64=e41135bbeba52a3c
SOURCE_PAIR_ROW first=0x1a calls=256 rejected=0 empty=0 one=5 two=251 mismatches=0 fnv64=91d7a2292fba0c84
SOURCE_PAIR_ROW first=0x1b calls=256 rejected=0 empty=0 one=5 two=251 mismatches=0 fnv64=219acc9e221f4d74
SOURCE_PAIR_ROW first=0x1c calls=256 rejected=0 empty=0 one=5 two=251 mismatches=0 fnv64=50ba8c831aad83dc
SOURCE_PAIR_ROW first=0x1d calls=256 rejected=0 empty=0 one=5 two=251 mismatches=0 fnv64=f81fae88b47e8bec
SOURCE_PAIR_ROW first=0x1e calls=256 rejected=0 empty=0 one=5 two=251 mismatches=0 fnv64=026f66e6f1fe0b14
SOURCE_PAIR_ROW first=0x1f calls=256 rejected=0 empty=0 one=5 two=251 mismatches=0 fnv64=c6182d2aacb43294
SOURCE_PAIR_ROW first=0x20 calls=256 rejected=0 empty=5 one=251 two=0 mismatches=0 fnv64=1d215a625a51b0aa
SOURCE_PAIR_ROW first=0x21 calls=256 rejected=0 empty=0 one=5 two=251 mismatches=0 fnv64=2363f6605be06acc
SOURCE_PAIR_ROW first=0x22 calls=256 rejected=0 empty=0 one=5 two=251 mismatches=0 fnv64=d624876e24e9b394
SOURCE_PAIR_ROW first=0x23 calls=256 rejected=0 empty=0 one=5 two=251 mismatches=0 fnv64=84342bd87f39b5b4
SOURCE_PAIR_ROW first=0x24 calls=256 rejected=0 empty=0 one=5 two=251 mismatches=0 fnv64=7433302ed5f45bdc
SOURCE_PAIR_ROW first=0x25 calls=256 rejected=0 empty=0 one=5 two=251 mismatches=0 fnv64=20376f997ddd049c
SOURCE_PAIR_ROW first=0x26 calls=256 rejected=0 empty=0 one=5 two=251 mismatches=0 fnv64=7e47d752cd1943a4
SOURCE_PAIR_ROW first=0x27 calls=256 rejected=0 empty=0 one=5 two=251 mismatches=0 fnv64=a00316ac7d70ee54
SOURCE_PAIR_ROW first=0x28 calls=256 rejected=0 empty=0 one=5 two=251 mismatches=0 fnv64=778ef58848ff1e9c
SOURCE_PAIR_ROW first=0x29 calls=256 rejected=0 empty=0 one=5 two=251 mismatches=0 fnv64=c330c907aa2b1c5c
SOURCE_PAIR_ROW first=0x2a calls=256 rejected=0 empty=0 one=5 two=251 mismatches=0 fnv64=7e47008cc0e1e664
SOURCE_PAIR_ROW first=0x2b calls=256 rejected=0 empty=0 one=5 two=251 mismatches=0 fnv64=a3ac7dd67cf988f4
SOURCE_PAIR_ROW first=0x2c calls=256 rejected=0 empty=0 one=5 two=251 mismatches=0 fnv64=2e7974cb3eb9063c
SOURCE_PAIR_ROW first=0x2d calls=256 rejected=0 empty=0 one=5 two=251 mismatches=0 fnv64=a5d7a2ca1843e1ac
SOURCE_PAIR_ROW first=0x2e calls=256 rejected=0 empty=0 one=5 two=251 mismatches=0 fnv64=6c3ba0e413f82814
SOURCE_PAIR_ROW first=0x2f calls=256 rejected=0 empty=0 one=5 two=251 mismatches=0 fnv64=348548af56bef394
SOURCE_PAIR_ROW first=0x30 calls=256 rejected=0 empty=0 one=5 two=251 mismatches=0 fnv64=3a10287c6e72507c
SOURCE_PAIR_ROW first=0x31 calls=256 rejected=0 empty=0 one=5 two=251 mismatches=0 fnv64=4c8aeb494b29c5cc
SOURCE_PAIR_ROW first=0x32 calls=256 rejected=0 empty=0 one=5 two=251 mismatches=0 fnv64=75887fc745452014
SOURCE_PAIR_ROW first=0x33 calls=256 rejected=0 empty=0 one=5 two=251 mismatches=0 fnv64=7acbbd41c6e6c9f4
SOURCE_PAIR_ROW first=0x34 calls=256 rejected=0 empty=0 one=5 two=251 mismatches=0 fnv64=6f1270f965c8d53c
SOURCE_PAIR_ROW first=0x35 calls=256 rejected=0 empty=0 one=5 two=251 mismatches=0 fnv64=f9722c8b529e1b7c
SOURCE_PAIR_ROW first=0x36 calls=256 rejected=0 empty=0 one=5 two=251 mismatches=0 fnv64=0e79c3154e298e04
SOURCE_PAIR_ROW first=0x37 calls=256 rejected=0 empty=0 one=5 two=251 mismatches=0 fnv64=aefc66cdaa3841d4
SOURCE_PAIR_ROW first=0x38 calls=256 rejected=0 empty=0 one=5 two=251 mismatches=0 fnv64=abf585510fa0b73c
SOURCE_PAIR_ROW first=0x39 calls=256 rejected=0 empty=0 one=5 two=251 mismatches=0 fnv64=d3d366b93def34fc
SOURCE_PAIR_ROW first=0x3a calls=256 rejected=0 empty=0 one=5 two=251 mismatches=0 fnv64=417692529d814b84
SOURCE_PAIR_ROW first=0x3b calls=256 rejected=0 empty=0 one=5 two=251 mismatches=0 fnv64=81686356817e3bb4
SOURCE_PAIR_ROW first=0x3c calls=256 rejected=0 empty=0 one=5 two=251 mismatches=0 fnv64=8cd38f268f86315c
SOURCE_PAIR_ROW first=0x3d calls=256 rejected=0 empty=0 one=5 two=251 mismatches=0 fnv64=a6230d5ecc6f67ec
SOURCE_PAIR_ROW first=0x3e calls=256 rejected=0 empty=0 one=5 two=251 mismatches=0 fnv64=642137520c304a14
SOURCE_PAIR_ROW first=0x3f calls=256 rejected=0 empty=0 one=5 two=251 mismatches=0 fnv64=1e49d8440944b6d4
SOURCE_PAIR_ROW first=0x40 calls=256 rejected=0 empty=0 one=5 two=251 mismatches=0 fnv64=42df713504eac05c
SOURCE_PAIR_ROW first=0x41 calls=256 rejected=0 empty=0 one=5 two=251 mismatches=0 fnv64=1bfc5fcd23d49d0c
SOURCE_PAIR_ROW first=0x42 calls=256 rejected=0 empty=0 one=5 two=251 mismatches=0 fnv64=b9e2f18df9e7ca14
SOURCE_PAIR_ROW first=0x43 calls=256 rejected=0 empty=0 one=5 two=251 mismatches=0 fnv64=482aa10dd1047cf4
SOURCE_PAIR_ROW first=0x44 calls=256 rejected=0 empty=0 one=5 two=251 mismatches=0 fnv64=f8747d6850abd8dc
SOURCE_PAIR_ROW first=0x45 calls=256 rejected=0 empty=0 one=5 two=251 mismatches=0 fnv64=c173729e42f665dc
SOURCE_PAIR_ROW first=0x46 calls=256 rejected=0 empty=0 one=5 two=251 mismatches=0 fnv64=e2a41e3a747d44e4
SOURCE_PAIR_ROW first=0x47 calls=256 rejected=0 empty=0 one=5 two=251 mismatches=0 fnv64=0ab885c947a99a54
SOURCE_PAIR_ROW first=0x48 calls=256 rejected=0 empty=0 one=5 two=251 mismatches=0 fnv64=4a6bf34cb184145c
SOURCE_PAIR_ROW first=0x49 calls=256 rejected=0 empty=0 one=5 two=251 mismatches=0 fnv64=8a8b8d841b5223dc
SOURCE_PAIR_ROW first=0x4a calls=256 rejected=0 empty=0 one=5 two=251 mismatches=0 fnv64=fc25499a7bd68fa4
SOURCE_PAIR_ROW first=0x4b calls=256 rejected=0 empty=0 one=5 two=251 mismatches=0 fnv64=0607bfa36064d5b4
SOURCE_PAIR_ROW first=0x4c calls=256 rejected=0 empty=0 one=5 two=251 mismatches=0 fnv64=5952920bb6876cfc
SOURCE_PAIR_ROW first=0x4d calls=256 rejected=0 empty=0 one=5 two=251 mismatches=0 fnv64=ee9e48f96dd69dac
SOURCE_PAIR_ROW first=0x4e calls=256 rejected=0 empty=0 one=5 two=251 mismatches=0 fnv64=d868c6e0e564df94
SOURCE_PAIR_ROW first=0x4f calls=256 rejected=0 empty=0 one=5 two=251 mismatches=0 fnv64=0a4adf67b8f1aa54
SOURCE_PAIR_ROW first=0x50 calls=256 rejected=0 empty=0 one=5 two=251 mismatches=0 fnv64=c89c4b1949ec2bfc
SOURCE_PAIR_ROW first=0x51 calls=256 rejected=0 empty=0 one=5 two=251 mismatches=0 fnv64=096f77c48e36f68c
SOURCE_PAIR_ROW first=0x52 calls=256 rejected=0 empty=0 one=5 two=251 mismatches=0 fnv64=404059c887dc9d94
SOURCE_PAIR_ROW first=0x53 calls=256 rejected=0 empty=0 one=5 two=251 mismatches=0 fnv64=f514d64a6ea48bb4
SOURCE_PAIR_ROW first=0x54 calls=256 rejected=0 empty=0 one=5 two=251 mismatches=0 fnv64=75e312c5294d317c
SOURCE_PAIR_ROW first=0x55 calls=256 rejected=0 empty=0 one=5 two=251 mismatches=0 fnv64=a5034ca4b776657c
SOURCE_PAIR_ROW first=0x56 calls=256 rejected=0 empty=0 one=5 two=251 mismatches=0 fnv64=34925bf2e36bac84
SOURCE_PAIR_ROW first=0x57 calls=256 rejected=0 empty=0 one=5 two=251 mismatches=0 fnv64=28b1f1b159637cd4
SOURCE_PAIR_ROW first=0x58 calls=256 rejected=0 empty=0 one=5 two=251 mismatches=0 fnv64=1e3f11a99ce9f13c
SOURCE_PAIR_ROW first=0x59 calls=256 rejected=0 empty=0 one=5 two=251 mismatches=0 fnv64=6d95f3a0ea73083c
SOURCE_PAIR_ROW first=0x5a calls=256 rejected=0 empty=0 one=5 two=251 mismatches=0 fnv64=7fe79ad440fa1a04
SOURCE_PAIR_ROW first=0x5b calls=256 rejected=0 empty=0 one=5 two=251 mismatches=0 fnv64=2b151c7bc4c433f4
SOURCE_PAIR_ROW first=0x5c calls=256 rejected=0 empty=0 one=5 two=251 mismatches=0 fnv64=4e7eee10a6ad315c
SOURCE_PAIR_ROW first=0x5d calls=256 rejected=0 empty=0 one=5 two=251 mismatches=0 fnv64=8fdaf12ed123faec
SOURCE_PAIR_ROW first=0x5e calls=256 rejected=0 empty=0 one=5 two=251 mismatches=0 fnv64=7c4f741bd3bf1094
SOURCE_PAIR_ROW first=0x5f calls=256 rejected=0 empty=0 one=5 two=251 mismatches=0 fnv64=d9fb93b3d2dca214
SOURCE_PAIR_ROW first=0x60 calls=256 rejected=0 empty=0 one=5 two=251 mismatches=0 fnv64=dd1df3578a1c221c
SOURCE_PAIR_ROW first=0x61 calls=256 rejected=0 empty=0 one=5 two=251 mismatches=0 fnv64=065bac4fafbcf6cc
SOURCE_PAIR_ROW first=0x62 calls=256 rejected=0 empty=0 one=5 two=251 mismatches=0 fnv64=5bb3ce1c0b5a8194
SOURCE_PAIR_ROW first=0x63 calls=256 rejected=0 empty=0 one=5 two=251 mismatches=0 fnv64=4e7da85311de26b4
SOURCE_PAIR_ROW first=0x64 calls=256 rejected=0 empty=0 one=5 two=251 mismatches=0 fnv64=fd598d8e41f564dc
SOURCE_PAIR_ROW first=0x65 calls=256 rejected=0 empty=0 one=5 two=251 mismatches=0 fnv64=043159c91db76c1c
SOURCE_PAIR_ROW first=0x66 calls=256 rejected=0 empty=0 one=5 two=251 mismatches=0 fnv64=dc7e5a0d320d6d24
SOURCE_PAIR_ROW first=0x67 calls=256 rejected=0 empty=0 one=5 two=251 mismatches=0 fnv64=5ac8db4b9b3c76d4
SOURCE_PAIR_ROW first=0x68 calls=256 rejected=0 empty=0 one=5 two=251 mismatches=0 fnv64=5b120a747a4b689c
SOURCE_PAIR_ROW first=0x69 calls=256 rejected=0 empty=0 one=5 two=251 mismatches=0 fnv64=796b469f6a594fdc
SOURCE_PAIR_ROW first=0x6a calls=256 rejected=0 empty=0 one=5 two=251 mismatches=0 fnv64=5c9555d4a7eb1264
SOURCE_PAIR_ROW first=0x6b calls=256 rejected=0 empty=0 one=5 two=251 mismatches=0 fnv64=77e884ebf3c1a1f4
SOURCE_PAIR_ROW first=0x6c calls=256 rejected=0 empty=0 one=5 two=251 mismatches=0 fnv64=91d91fa34e38a23c
SOURCE_PAIR_ROW first=0x6d calls=256 rejected=0 empty=0 one=5 two=251 mismatches=0 fnv64=c58e7f347effd32c
SOURCE_PAIR_ROW first=0x6e calls=256 rejected=0 empty=0 one=5 two=251 mismatches=0 fnv64=c297251b6d581614
SOURCE_PAIR_ROW first=0x6f calls=256 rejected=0 empty=0 one=5 two=251 mismatches=0 fnv64=244ab575aa315194
SOURCE_PAIR_ROW first=0x70 calls=256 rejected=0 empty=0 one=5 two=251 mismatches=0 fnv64=b955312a6aa84a7c
SOURCE_PAIR_ROW first=0x71 calls=256 rejected=0 empty=0 one=5 two=251 mismatches=0 fnv64=b32ebb82b35884cc
SOURCE_PAIR_ROW first=0x72 calls=256 rejected=0 empty=0 one=5 two=251 mismatches=0 fnv64=0e72f9a4c9c23194
SOURCE_PAIR_ROW first=0x73 calls=256 rejected=0 empty=0 one=5 two=251 mismatches=0 fnv64=3092f8fbcc0008f4
SOURCE_PAIR_ROW first=0x74 calls=256 rejected=0 empty=0 one=5 two=251 mismatches=0 fnv64=b074ffec8252023c
SOURCE_PAIR_ROW first=0x75 calls=256 rejected=0 empty=0 one=5 two=251 mismatches=0 fnv64=c8cd4fb07c7d73fc
SOURCE_PAIR_ROW first=0x76 calls=256 rejected=0 empty=0 one=5 two=251 mismatches=0 fnv64=22ada6a7d9b31584
SOURCE_PAIR_ROW first=0x77 calls=256 rejected=0 empty=0 one=5 two=251 mismatches=0 fnv64=410716d610f8e554
SOURCE_PAIR_ROW first=0x78 calls=256 rejected=0 empty=0 one=5 two=251 mismatches=0 fnv64=e3fe9eb4683d503c
SOURCE_PAIR_ROW first=0x79 calls=256 rejected=0 empty=0 one=5 two=251 mismatches=0 fnv64=e0330cc6274ff37c
SOURCE_PAIR_ROW first=0x7a calls=256 rejected=0 empty=0 one=5 two=251 mismatches=0 fnv64=97d9d9cb4aae4704
SOURCE_PAIR_ROW first=0x7b calls=256 rejected=0 empty=0 one=5 two=251 mismatches=0 fnv64=80a54c3e21eb41b4
SOURCE_PAIR_ROW first=0x7c calls=256 rejected=0 empty=0 one=5 two=251 mismatches=0 fnv64=b29eb5772c8173dc
SOURCE_PAIR_ROW first=0x7d calls=256 rejected=0 empty=0 one=5 two=251 mismatches=0 fnv64=61bb630fcc7c36ec
SOURCE_PAIR_ROW first=0x7e calls=256 rejected=0 empty=0 one=5 two=251 mismatches=0 fnv64=65591066fbebf094
SOURCE_PAIR_ROW first=0x7f calls=256 rejected=0 empty=0 one=5 two=251 mismatches=0 fnv64=a37c99be693325d4
SOURCE_PAIR_ROW first=0x80 calls=256 rejected=0 empty=0 one=5 two=251 mismatches=0 fnv64=3c344755642c28dc
SOURCE_PAIR_ROW first=0x81 calls=256 rejected=0 empty=0 one=5 two=251 mismatches=0 fnv64=bdee69d38042738c
SOURCE_PAIR_ROW first=0x82 calls=256 rejected=0 empty=0 one=5 two=251 mismatches=0 fnv64=c926c86292075f14
SOURCE_PAIR_ROW first=0x83 calls=256 rejected=0 empty=0 one=5 two=251 mismatches=0 fnv64=8ae8799cc84eaf74
SOURCE_PAIR_ROW first=0x84 calls=256 rejected=0 empty=0 one=5 two=251 mismatches=0 fnv64=5edfddea6c6b35dc
SOURCE_PAIR_ROW first=0x85 calls=256 rejected=0 empty=0 one=5 two=251 mismatches=0 fnv64=16e991d8cb60cfdc
SOURCE_PAIR_ROW first=0x86 calls=256 rejected=0 empty=0 one=5 two=251 mismatches=0 fnv64=7e79e9f8f62861e4
SOURCE_PAIR_ROW first=0x87 calls=256 rejected=0 empty=0 one=5 two=251 mismatches=0 fnv64=b6de0d90018353d4
SOURCE_PAIR_ROW first=0x88 calls=256 rejected=0 empty=0 one=5 two=251 mismatches=0 fnv64=a925354070f935dc
SOURCE_PAIR_ROW first=0x89 calls=256 rejected=0 empty=0 one=5 two=251 mismatches=0 fnv64=09e1d7060a87345c
SOURCE_PAIR_ROW first=0x8a calls=256 rejected=0 empty=0 one=5 two=251 mismatches=0 fnv64=1cddf79092d8c724
SOURCE_PAIR_ROW first=0x8b calls=256 rejected=0 empty=0 one=5 two=251 mismatches=0 fnv64=bc8030a51319be34
SOURCE_PAIR_ROW first=0x8c calls=256 rejected=0 empty=0 one=5 two=251 mismatches=0 fnv64=afe3d228e061de7c
SOURCE_PAIR_ROW first=0x8d calls=256 rejected=0 empty=0 one=5 two=251 mismatches=0 fnv64=18c0c2784450172c
SOURCE_PAIR_ROW first=0x8e calls=256 rejected=0 empty=0 one=5 two=251 mismatches=0 fnv64=0e1fe38111334f94
SOURCE_PAIR_ROW first=0x8f calls=256 rejected=0 empty=0 one=5 two=251 mismatches=0 fnv64=f22f21918cd98cd4
SOURCE_PAIR_ROW first=0x90 calls=256 rejected=0 empty=0 one=5 two=251 mismatches=0 fnv64=7a140d3b68032bfc
SOURCE_PAIR_ROW first=0x91 calls=256 rejected=0 empty=0 one=5 two=251 mismatches=0 fnv64=8152988cf33ad90c
SOURCE_PAIR_ROW first=0x92 calls=256 rejected=0 empty=0 one=5 two=251 mismatches=0 fnv64=a84093286eb8fb14
SOURCE_PAIR_ROW first=0x93 calls=256 rejected=0 empty=0 one=5 two=251 mismatches=0 fnv64=53cc4add7aff6634
SOURCE_PAIR_ROW first=0x94 calls=256 rejected=0 empty=0 one=5 two=251 mismatches=0 fnv64=44beecfeb58dd7fc
SOURCE_PAIR_ROW first=0x95 calls=256 rejected=0 empty=0 one=5 two=251 mismatches=0 fnv64=e1a190bc728242fc
SOURCE_PAIR_ROW first=0x96 calls=256 rejected=0 empty=0 one=5 two=251 mismatches=0 fnv64=91f8b87ddafc2c04
SOURCE_PAIR_ROW first=0x97 calls=256 rejected=0 empty=0 one=5 two=251 mismatches=0 fnv64=227d55ecc7565054
SOURCE_PAIR_ROW first=0x98 calls=256 rejected=0 empty=0 one=5 two=251 mismatches=0 fnv64=c75e72305365003c
SOURCE_PAIR_ROW first=0x99 calls=256 rejected=0 empty=0 one=5 two=251 mismatches=0 fnv64=7c0533520e9bc43c
SOURCE_PAIR_ROW first=0x9a calls=256 rejected=0 empty=0 one=5 two=251 mismatches=0 fnv64=1db2e244a835d384
SOURCE_PAIR_ROW first=0x9b calls=256 rejected=0 empty=0 one=5 two=251 mismatches=0 fnv64=1cfca4d988025e74
SOURCE_PAIR_ROW first=0x9c calls=256 rejected=0 empty=0 one=5 two=251 mismatches=0 fnv64=ef74d2cb9683dadc
SOURCE_PAIR_ROW first=0x9d calls=256 rejected=0 empty=0 one=5 two=251 mismatches=0 fnv64=92538981a56f6eec
SOURCE_PAIR_ROW first=0x9e calls=256 rejected=0 empty=0 one=5 two=251 mismatches=0 fnv64=f540bafe0cbe0f14
SOURCE_PAIR_ROW first=0x9f calls=256 rejected=0 empty=0 one=5 two=251 mismatches=0 fnv64=286f9e093cd5ee94
SOURCE_PAIR_ROW first=0xa0 calls=256 rejected=0 empty=0 one=5 two=251 mismatches=0 fnv64=e7abb59a2dc2721c
SOURCE_PAIR_ROW first=0xa1 calls=256 rejected=94 empty=0 one=5 two=157 mismatches=0 fnv64=a5630a6ca3b3afa3
SOURCE_PAIR_ROW first=0xa2 calls=256 rejected=94 empty=0 one=5 two=157 mismatches=0 fnv64=1ca101d26bd87919
SOURCE_PAIR_ROW first=0xa3 calls=256 rejected=94 empty=0 one=5 two=157 mismatches=0 fnv64=58a59048ee290ef3
SOURCE_PAIR_ROW first=0xa4 calls=256 rejected=94 empty=0 one=5 two=157 mismatches=0 fnv64=48de0da7bf67b085
SOURCE_PAIR_ROW first=0xa5 calls=256 rejected=94 empty=0 one=5 two=157 mismatches=0 fnv64=9eb648b5fc91d623
SOURCE_PAIR_ROW first=0xa6 calls=256 rejected=94 empty=0 one=5 two=157 mismatches=0 fnv64=fa52a1127d4e9011
SOURCE_PAIR_ROW first=0xa7 calls=256 rejected=94 empty=0 one=5 two=157 mismatches=0 fnv64=14792324d5206763
SOURCE_PAIR_ROW first=0xa8 calls=256 rejected=94 empty=0 one=5 two=157 mismatches=0 fnv64=d02d419d347dcec5
SOURCE_PAIR_ROW first=0xa9 calls=256 rejected=94 empty=0 one=5 two=157 mismatches=0 fnv64=2e0acbff4d86f043
SOURCE_PAIR_ROW first=0xaa calls=256 rejected=94 empty=0 one=5 two=157 mismatches=0 fnv64=3303d1968fe1a779
SOURCE_PAIR_ROW first=0xab calls=256 rejected=94 empty=0 one=5 two=157 mismatches=0 fnv64=3fe2e914af740773
SOURCE_PAIR_ROW first=0xac calls=256 rejected=94 empty=0 one=5 two=157 mismatches=0 fnv64=f666bc04bd23ecb5
SOURCE_PAIR_ROW first=0xad calls=256 rejected=94 empty=0 one=5 two=157 mismatches=0 fnv64=48d289f8f25e8103
SOURCE_PAIR_ROW first=0xae calls=256 rejected=34 empty=0 one=5 two=217 mismatches=0 fnv64=32d1607b49ebf985
SOURCE_PAIR_ROW first=0xaf calls=256 rejected=0 empty=0 one=5 two=251 mismatches=0 fnv64=2d9a62617a62a894
SOURCE_PAIR_ROW first=0xb0 calls=256 rejected=0 empty=0 one=5 two=251 mismatches=0 fnv64=724f519e1379b37c
SOURCE_PAIR_ROW first=0xb1 calls=256 rejected=0 empty=0 one=5 two=251 mismatches=0 fnv64=86dcbd95780dffcc
SOURCE_PAIR_ROW first=0xb2 calls=256 rejected=0 empty=0 one=5 two=251 mismatches=0 fnv64=3c96fae844c99f14
SOURCE_PAIR_ROW first=0xb3 calls=256 rejected=0 empty=0 one=5 two=251 mismatches=0 fnv64=1e2f5a3b301901f4
SOURCE_PAIR_ROW first=0xb4 calls=256 rejected=0 empty=0 one=5 two=251 mismatches=0 fnv64=044fad66561e6c3c
SOURCE_PAIR_ROW first=0xb5 calls=256 rejected=0 empty=0 one=5 two=251 mismatches=0 fnv64=c99ff560515fd67c
SOURCE_PAIR_ROW first=0xb6 calls=256 rejected=0 empty=0 one=5 two=251 mismatches=0 fnv64=92e0e20b6dac1504
SOURCE_PAIR_ROW first=0xb7 calls=256 rejected=0 empty=0 one=5 two=251 mismatches=0 fnv64=d9ca562b357165d4
SOURCE_PAIR_ROW first=0xb8 calls=256 rejected=0 empty=0 one=5 two=251 mismatches=0 fnv64=088e0dbe1ea2253c
SOURCE_PAIR_ROW first=0xb9 calls=256 rejected=0 empty=0 one=5 two=251 mismatches=0 fnv64=590930660f17cdfc
SOURCE_PAIR_ROW first=0xba calls=256 rejected=0 empty=0 one=5 two=251 mismatches=0 fnv64=389740dd48870884
SOURCE_PAIR_ROW first=0xbb calls=256 rejected=0 empty=0 one=5 two=251 mismatches=0 fnv64=2ffa1110145edbb4
SOURCE_PAIR_ROW first=0xbc calls=256 rejected=0 empty=0 one=5 two=251 mismatches=0 fnv64=6a77dff08085c65c
SOURCE_PAIR_ROW first=0xbd calls=256 rejected=0 empty=0 one=5 two=251 mismatches=0 fnv64=aaec0207c74db0ec
SOURCE_PAIR_ROW first=0xbe calls=256 rejected=0 empty=0 one=5 two=251 mismatches=0 fnv64=726cd1c9c9aba314
SOURCE_PAIR_ROW first=0xbf calls=256 rejected=0 empty=0 one=5 two=251 mismatches=0 fnv64=d11e09c603ceebd4
SOURCE_PAIR_ROW first=0xc0 calls=256 rejected=0 empty=0 one=5 two=251 mismatches=0 fnv64=d35e6c626c0bda5c
SOURCE_PAIR_ROW first=0xc1 calls=256 rejected=0 empty=0 one=5 two=251 mismatches=0 fnv64=d59ebb8265cd370c
SOURCE_PAIR_ROW first=0xc2 calls=256 rejected=0 empty=0 one=5 two=251 mismatches=0 fnv64=aaa0ebb099a07114
SOURCE_PAIR_ROW first=0xc3 calls=256 rejected=0 empty=0 one=5 two=251 mismatches=0 fnv64=5c66baa1c22f4bf4
SOURCE_PAIR_ROW first=0xc4 calls=256 rejected=0 empty=0 one=5 two=251 mismatches=0 fnv64=2173aca49d132bdc
SOURCE_PAIR_ROW first=0xc5 calls=256 rejected=0 empty=0 one=5 two=251 mismatches=0 fnv64=1e6dda7eee717bdc
SOURCE_PAIR_ROW first=0xc6 calls=256 rejected=0 empty=0 one=5 two=251 mismatches=0 fnv64=2ae6bfb16ff597e4
SOURCE_PAIR_ROW first=0xc7 calls=256 rejected=0 empty=0 one=5 two=251 mismatches=0 fnv64=a64b100073014754
SOURCE_PAIR_ROW first=0xc8 calls=256 rejected=0 empty=0 one=5 two=251 mismatches=0 fnv64=f10d473686de3d5c
SOURCE_PAIR_ROW first=0xc9 calls=256 rejected=0 empty=0 one=5 two=251 mismatches=0 fnv64=ad12f27fc7202edc
SOURCE_PAIR_ROW first=0xca calls=256 rejected=0 empty=0 one=5 two=251 mismatches=0 fnv64=d70cbcd77ebd17a4
SOURCE_PAIR_ROW first=0xcb calls=256 rejected=0 empty=0 one=5 two=251 mismatches=0 fnv64=fa114b3ea90b2ab4
SOURCE_PAIR_ROW first=0xcc calls=256 rejected=0 empty=0 one=5 two=251 mismatches=0 fnv64=bc098cbb0e7540fc
SOURCE_PAIR_ROW first=0xcd calls=256 rejected=0 empty=0 one=5 two=251 mismatches=0 fnv64=f9fb0a660192ceac
SOURCE_PAIR_ROW first=0xce calls=256 rejected=0 empty=0 one=5 two=251 mismatches=0 fnv64=33bf6320baa48894
SOURCE_PAIR_ROW first=0xcf calls=256 rejected=0 empty=0 one=5 two=251 mismatches=0 fnv64=609dbfb2d2643d54
SOURCE_PAIR_ROW first=0xd0 calls=256 rejected=0 empty=0 one=5 two=251 mismatches=0 fnv64=f01e7cd472f238fc
SOURCE_PAIR_ROW first=0xd1 calls=256 rejected=0 empty=0 one=5 two=251 mismatches=0 fnv64=3f17e4c2dcb29a8c
SOURCE_PAIR_ROW first=0xd2 calls=256 rejected=0 empty=0 one=5 two=251 mismatches=0 fnv64=6f9f25d772d80b94
SOURCE_PAIR_ROW first=0xd3 calls=256 rejected=0 empty=0 one=5 two=251 mismatches=0 fnv64=658cc1798dba74b4
SOURCE_PAIR_ROW first=0xd4 calls=256 rejected=0 empty=0 one=5 two=251 mismatches=0 fnv64=14871e616080b77c
SOURCE_PAIR_ROW first=0xd5 calls=256 rejected=0 empty=0 one=5 two=251 mismatches=0 fnv64=65629e05bf23c17c
SOURCE_PAIR_ROW first=0xd6 calls=256 rejected=0 empty=0 one=5 two=251 mismatches=0 fnv64=0b23c5e68777bd84
SOURCE_PAIR_ROW first=0xd7 calls=256 rejected=0 empty=0 one=5 two=251 mismatches=0 fnv64=ad60d1d64e431bd4
SOURCE_PAIR_ROW first=0xd8 calls=256 rejected=0 empty=0 one=5 two=251 mismatches=0 fnv64=9d4abba81b40263c
SOURCE_PAIR_ROW first=0xd9 calls=256 rejected=0 empty=0 one=5 two=251 mismatches=0 fnv64=d8678dbdb6c21c3c
SOURCE_PAIR_ROW first=0xda calls=256 rejected=0 empty=0 one=5 two=251 mismatches=0 fnv64=818efbfeecc0be04
SOURCE_PAIR_ROW first=0xdb calls=256 rejected=0 empty=0 one=5 two=251 mismatches=0 fnv64=4c1185852ad3fff4
SOURCE_PAIR_ROW first=0xdc calls=256 rejected=0 empty=0 one=5 two=251 mismatches=0 fnv64=5099979a12b5f95c
SOURCE_PAIR_ROW first=0xdd calls=256 rejected=0 empty=0 one=5 two=251 mismatches=0 fnv64=e0426917cd31f5ec
SOURCE_PAIR_ROW first=0xde calls=256 rejected=0 empty=0 one=5 two=251 mismatches=0 fnv64=a9a275f8dcd6cb94
SOURCE_PAIR_ROW first=0xdf calls=256 rejected=0 empty=0 one=5 two=251 mismatches=0 fnv64=95741991104e6114
SOURCE_PAIR_ROW first=0xe0 calls=256 rejected=0 empty=0 one=5 two=251 mismatches=0 fnv64=16e77a504781431c
SOURCE_PAIR_ROW first=0xe1 calls=256 rejected=0 empty=0 one=5 two=251 mismatches=0 fnv64=2230eec1679506cc
SOURCE_PAIR_ROW first=0xe2 calls=256 rejected=0 empty=0 one=5 two=251 mismatches=0 fnv64=ef83a32d580c3f94
SOURCE_PAIR_ROW first=0xe3 calls=256 rejected=0 empty=0 one=5 two=251 mismatches=0 fnv64=660dd685d37a89b4
SOURCE_PAIR_ROW first=0xe4 calls=256 rejected=0 empty=0 one=5 two=251 mismatches=0 fnv64=afea0fa36f3154dc
SOURCE_PAIR_ROW first=0xe5 calls=256 rejected=0 empty=0 one=5 two=251 mismatches=0 fnv64=1e2c476dbeb3011c
SOURCE_PAIR_ROW first=0xe6 calls=256 rejected=0 empty=0 one=5 two=251 mismatches=0 fnv64=8f1ec7e44cf3d924
SOURCE_PAIR_ROW first=0xe7 calls=256 rejected=0 empty=0 one=5 two=251 mismatches=0 fnv64=d5c3af47f786e2d4
SOURCE_PAIR_ROW first=0xe8 calls=256 rejected=0 empty=0 one=5 two=251 mismatches=0 fnv64=0fbd73cfa285169c
SOURCE_PAIR_ROW first=0xe9 calls=256 rejected=0 empty=0 one=5 two=251 mismatches=0 fnv64=3180cda84606cedc
SOURCE_PAIR_ROW first=0xea calls=256 rejected=0 empty=0 one=5 two=251 mismatches=0 fnv64=2edda2134170df64
SOURCE_PAIR_ROW first=0xeb calls=256 rejected=0 empty=0 one=5 two=251 mismatches=0 fnv64=139a5a00b99f87f4
SOURCE_PAIR_ROW first=0xec calls=256 rejected=0 empty=0 one=5 two=251 mismatches=0 fnv64=a8632678fdce623c
SOURCE_PAIR_ROW first=0xed calls=256 rejected=0 empty=0 one=5 two=251 mismatches=0 fnv64=269ba81e05ffe62c
SOURCE_PAIR_ROW first=0xee calls=256 rejected=0 empty=0 one=5 two=251 mismatches=0 fnv64=d5876737378bd514
SOURCE_PAIR_ROW first=0xef calls=256 rejected=0 empty=0 one=5 two=251 mismatches=0 fnv64=34678fd9413af894
SOURCE_PAIR_ROW first=0xf0 calls=256 rejected=0 empty=0 one=5 two=251 mismatches=0 fnv64=36dc0f3649fc5b7c
SOURCE_PAIR_ROW first=0xf1 calls=256 rejected=0 empty=0 one=5 two=251 mismatches=0 fnv64=cb6b19366a22b4cc
SOURCE_PAIR_ROW first=0xf2 calls=256 rejected=0 empty=0 one=5 two=251 mismatches=0 fnv64=ed1406d818672594
SOURCE_PAIR_ROW first=0xf3 calls=256 rejected=0 empty=0 one=5 two=251 mismatches=0 fnv64=fea729eae46ba4f4
SOURCE_PAIR_ROW first=0xf4 calls=256 rejected=0 empty=0 one=5 two=251 mismatches=0 fnv64=c78c42112bc6573c
SOURCE_PAIR_ROW first=0xf5 calls=256 rejected=0 empty=0 one=5 two=251 mismatches=0 fnv64=386f9b0fb7b6f9fc
SOURCE_PAIR_ROW first=0xf6 calls=256 rejected=0 empty=0 one=5 two=251 mismatches=0 fnv64=e6653b9384220784
SOURCE_PAIR_ROW first=0xf7 calls=256 rejected=0 empty=0 one=5 two=251 mismatches=0 fnv64=27bf53f4f7033654
SOURCE_PAIR_ROW first=0xf8 calls=256 rejected=0 empty=0 one=5 two=251 mismatches=0 fnv64=4e6956895acd183c
SOURCE_PAIR_ROW first=0xf9 calls=256 rejected=0 empty=0 one=5 two=251 mismatches=0 fnv64=86341d8a76c25f7c
SOURCE_PAIR_ROW first=0xfa calls=256 rejected=0 empty=0 one=5 two=251 mismatches=0 fnv64=56ca43a859633504
SOURCE_PAIR_ROW first=0xfb calls=256 rejected=0 empty=0 one=5 two=251 mismatches=0 fnv64=23bafe813d5375b4
SOURCE_PAIR_ROW first=0xfc calls=256 rejected=0 empty=0 one=5 two=251 mismatches=0 fnv64=e31cf47d0de9f9dc
SOURCE_PAIR_ROW first=0xfd calls=256 rejected=1 empty=0 one=5 two=250 mismatches=0 fnv64=a1d6b67517ece55d
SOURCE_PAIR_ROW first=0xfe calls=256 rejected=0 empty=0 one=5 two=251 mismatches=0 fnv64=1cabd2c34e44b094
SOURCE_PAIR_ROW first=0xff calls=256 rejected=0 empty=0 one=5 two=251 mismatches=0 fnv64=4b626dfc7d6560d4
SOURCE_PAIR_MATRIX_COMPLETE calls=65536 rejected=1257 empty=276 one=2259 two=61744 mismatches=0 fnv64=bc75caddeff3fd2b
