GNU gdb (Ubuntu 15.1-1ubuntu1~24.04.1) 15.1
Copyright (C) 2024 Free Software Foundation, Inc.
License GPLv3+: GNU GPL version 3 or later <http://gnu.org/licenses/gpl.html>
This is free software: you are free to change and redistribute it.
There is NO WARRANTY, to the extent permitted by law.
Type "show copying" and "show warranty" for details.
This GDB was configured as "x86_64-linux-gnu".
Type "show configuration" for configuration details.
For bug reporting instructions, please see:
<https://www.gnu.org/software/gdb/bugs/>.
Find the GDB manual and other documentation resources online at:
    <http://www.gnu.org/software/gdb/documentation/>.

For help, type "help".
Type "apropos word" to search for commands related to "word".
warning: remote target does not support file transfer, attempting to access files from local filesystem.
Reading symbols from /samples/voicetext_paul.exe...
0x7bd64525 in DbgBreakPoint@0 ()
   from /usr/lib/i386-linux-gnu/wine/i386-windows/ntdll.dll
Wine-gdb> Wine-gdb> Wine-gdb> Wine-gdb> Signal        Stop	Print	Pass to program	Description
SIGSEGV       No	No	Yes		Segmentation fault
Wine-gdb> Signal        Stop	Print	Pass to program	Description
SIGSEGV       No	No	Yes		Segmentation fault
Wine-gdb> Breakpoint 1 at 0x1001da50
Wine-gdb> >>>>> > >  >  >  > > > >  >   >   >   >    >    >    >     >     >     >     >    >   >  >   >   >  >  >  > > > > > > >>> > >  >  >  > > > > >  >  > > > >  >  > > > > > > > >>>>Wine-gdb> Wine-gdb> Continuing.
TARGET_NORM_SKIP_CASE mask=0 result=1 bytes=
0x3e0670:	0x5b	0x53	0x4b	0x49	0x50	0x5d	0x00
TARGET_NORM_SKIP_CASE mask=1 result=1 bytes=
0x3e0670:	0x5b	0x73	0x4b	0x49	0x50	0x5d	0x00
TARGET_NORM_SKIP_CASE mask=2 result=1 bytes=
0x3e0670:	0x5b	0x53	0x6b	0x49	0x50	0x5d	0x00
TARGET_NORM_SKIP_CASE mask=3 result=1 bytes=
0x3e0670:	0x5b	0x73	0x6b	0x49	0x50	0x5d	0x00
TARGET_NORM_SKIP_CASE mask=4 result=1 bytes=
0x3e0670:	0x5b	0x53	0x4b	0x69	0x50	0x5d	0x00
TARGET_NORM_SKIP_CASE mask=5 result=1 bytes=
0x3e0670:	0x5b	0x73	0x4b	0x69	0x50	0x5d	0x00
TARGET_NORM_SKIP_CASE mask=6 result=1 bytes=
0x3e0670:	0x5b	0x53	0x6b	0x69	0x50	0x5d	0x00
TARGET_NORM_SKIP_CASE mask=7 result=1 bytes=
0x3e0670:	0x5b	0x73	0x6b	0x69	0x50	0x5d	0x00
TARGET_NORM_SKIP_CASE mask=8 result=1 bytes=
0x3e0670:	0x5b	0x53	0x4b	0x49	0x70	0x5d	0x00
TARGET_NORM_SKIP_CASE mask=9 result=1 bytes=
0x3e0670:	0x5b	0x73	0x4b	0x49	0x70	0x5d	0x00
TARGET_NORM_SKIP_CASE mask=10 result=1 bytes=
0x3e0670:	0x5b	0x53	0x6b	0x49	0x70	0x5d	0x00
TARGET_NORM_SKIP_CASE mask=11 result=1 bytes=
0x3e0670:	0x5b	0x73	0x6b	0x49	0x70	0x5d	0x00
TARGET_NORM_SKIP_CASE mask=12 result=1 bytes=
0x3e0670:	0x5b	0x53	0x4b	0x69	0x70	0x5d	0x00
TARGET_NORM_SKIP_CASE mask=13 result=1 bytes=
0x3e0670:	0x5b	0x73	0x4b	0x69	0x70	0x5d	0x00
TARGET_NORM_SKIP_CASE mask=14 result=1 bytes=
0x3e0670:	0x5b	0x53	0x6b	0x69	0x70	0x5d	0x00
TARGET_NORM_SKIP_CASE mask=15 result=1 bytes=
0x3e0670:	0x5b	0x73	0x6b	0x69	0x70	0x5d	0x00
TARGET_NORM_CI_CASE mask=0 result=2 bytes=
0x3e0670:	0x41	0x00	0x43	0x49	0x5d	0x00	0x00
TARGET_NORM_CI_CASE mask=1 result=2 bytes=
0x3e0670:	0x41	0x00	0x63	0x49	0x5d	0x00	0x00
TARGET_NORM_CI_CASE mask=2 result=2 bytes=
0x3e0670:	0x41	0x00	0x43	0x69	0x5d	0x00	0x00
TARGET_NORM_CI_CASE mask=3 result=2 bytes=
0x3e0670:	0x41	0x00	0x63	0x69	0x5d	0x00	0x00
TARGET_NORM_MARKER_CASE_COMPLETE skip=16 ci=4 total=20


Fatal signal: Segmentation fault
----- Backtrace -----
0x4d3574 ???
0x5cb4f9 ???
0x5cb68a ???
0x7d4d0bc6232f ???
0x4b748d ???
0x4b90dc ???
0x62cf89 ???
0x64db08 ???
0x766c09 ???
0x913bd5 ???
0x954cbb ???
0x697bec ???
0x43f4d4 ???
0x7d4d0bc471c9 ???
0x7d4d0bc4728a __libc_start_main
0x445544 ???
0xffffffffffffffff ???
---------------------
A fatal error internal to GDB has been detected, further
debugging is not possible.  GDB will now terminate.

This is a bug, please report it.  For instructions, see:
<https://www.gnu.org/software/gdb/bugs/>.

0114:0118: create process 'Z:\samples\voicetext_paul.exe'/00000000 @004014C0 (450560<1847>)
0114:0118: create thread I @004014C0
0114:0118: loads DLL C:\windows\system32\ntdll.dll @7BD10000 (2994176<5095>)
0114:0118: loads DLL C:\windows\system32\kernel32.dll @7BB90000 (1466368<19395>)
0114:0118: loads DLL C:\windows\system32\kernelbase.dll @7B650000 (5410816<14148>)
0114:0118: loads DLL C:\windows\system32\msvcrt.dll @7B2A0000 (2715648<8214>)
0114:0118: loads DLL Z:\samples\vt_pau.dll @10000000 (0<0>)
0114:0118: loads DLL C:\windows\system32\WINMM.dll @78EC0000 (1474560<4890>)
0114:0118: loads DLL C:\windows\system32\advapi32.dll @7B550000 (958464<7400>)
0114:0118: loads DLL C:\windows\system32\sechost.dll @7B200000 (565248<3163>)
0114:0118: loads DLL C:\windows\system32\ucrtbase.dll @7AEE0000 (3198976<11541>)
0114:0118: loads DLL C:\windows\system32\msacm32.dll @78E40000 (413696<1982>)
0114:0118: loads DLL C:\windows\system32\user32.dll @7A160000 (5005312<14159>)
0114:0118: loads DLL Z:\samples\zlib1.dll @7A120000 (135680<0>)
0114:0118: loads DLL C:\windows\system32\gdi32.dll @7A640000 (2355200<7390>)
0114:0118: loads DLL C:\windows\system32\win32u.dll @7A0D0000 (221184<1966>)
0114:0118: loads DLL C:\windows\system32\ole32.dll @7A9F0000 (4440064<14323>)
0114:0118: loads DLL C:\windows\system32\combase.dll @7A890000 (1314816<7562>)
0114:0118: loads DLL C:\windows\system32\rpcrt4.dll @79EA0000 (2162688<9274>)
0114:0118: loads DLL C:\windows\system32\coml2.dll @79E40000 (262144<3883>)
0114:0118: loads DLL C:\windows\system32\iphlpapi.dll @779C0000 (487424<4777>)
0114:0118: loads DLL C:\windows\system32\dnsapi.dll @77970000 (258048<1399>)
0114:0118: loads DLL C:\windows\system32\nsi.dll @77940000 (118784<823>)
0114:0118: loads DLL C:\windows\system32\ws2_32.dll @7AE40000 (565248<2279>)
0114:0118: loads DLL C:\windows\system32\tzres.dll @009C0000 (0<0>)
00000114:00000118: unload DLL @009C0000
0114:0118: loads DLL C:\windows\system32\tzres.dll @009C0000 (0<0>)
00000114:00000118: unload DLL @009C0000
0114:0118: loads DLL C:\windows\system32\imm32.dll @782F0000 (401408<2996>)
0114:0118: loads DLL C:\windows\system32\winex11.drv @780F0000 (307200<4314>)
0114:0118: loads DLL C:\windows\system32\uxtheme.dll @78030000 (671744<3646>)
X connection to :99 broken (explicit kill or server shutdown).
