GNU gdb (Ubuntu 15.1-1ubuntu1~24.04.1) 15.1
Copyright (C) 2024 Free Software Foundation, Inc.
License GPLv3+: GNU GPL version 3 or later <http://gnu.org/licenses/gpl.html>
This is free software: you are free to change and redistribute it.
There is NO WARRANTY, to the extent permitted by law.
Type "show copying" and "show warranty" for details.
This GDB was configured as "x86_64-linux-gnu".
Type "show configuration" for configuration details.
For bug reporting instructions, please see:
<https://www.gnu.org/software/gdb/bugs/>.
Find the GDB manual and other documentation resources online at:
    <http://www.gnu.org/software/gdb/documentation/>.

For help, type "help".
Type "apropos word" to search for commands related to "word".
warning: remote target does not support file transfer, attempting to access files from local filesystem.
Reading symbols from /samples/voicetext_paul.exe...
0x7bd64525 in DbgBreakPoint@0 ()
   from /usr/lib/i386-linux-gnu/wine/i386-windows/ntdll.dll
Wine-gdb> Wine-gdb> Wine-gdb> Wine-gdb> Signal        Stop	Print	Pass to program	Description
SIGSEGV       No	No	Yes		Segmentation fault
Wine-gdb> Signal        Stop	Print	Pass to program	Description
SIGSEGV       No	No	Yes		Segmentation fault
Wine-gdb> Breakpoint 1 at 0x1001da50
Wine-gdb> >>>>> >  >  >   >   >   >  >  >  >  >  > > >>>>Wine-gdb> Wine-gdb> Continuing.
TARGET_NORM_BYTE byte=0x1 result=-2 buffer=
0x3e0670:	0x01	0x00	0x00	0x00
TARGET_NORM_BYTE byte=0x2 result=-2 buffer=
0x3e0670:	0x02	0x00	0x00	0x00
TARGET_NORM_BYTE byte=0x3 result=-2 buffer=
0x3e0670:	0x03	0x00	0x00	0x00
TARGET_NORM_BYTE byte=0x4 result=-2 buffer=
0x3e0670:	0x04	0x00	0x00	0x00
TARGET_NORM_BYTE byte=0x5 result=-2 buffer=
0x3e0670:	0x05	0x00	0x00	0x00
TARGET_NORM_BYTE byte=0x6 result=-2 buffer=
0x3e0670:	0x06	0x00	0x00	0x00
TARGET_NORM_BYTE byte=0x7 result=-2 buffer=
0x3e0670:	0x07	0x00	0x00	0x00
TARGET_NORM_BYTE byte=0x8 result=-2 buffer=
0x3e0670:	0x08	0x00	0x00	0x00
TARGET_NORM_BYTE byte=0x9 result=-1 buffer=
0x3e0670:	0x00	0x00	0x00	0x00
TARGET_NORM_BYTE byte=0xa result=-1 buffer=
0x3e0670:	0x00	0x00	0x00	0x00
TARGET_NORM_BYTE byte=0xb result=-2 buffer=
0x3e0670:	0x0b	0x00	0x00	0x00
TARGET_NORM_BYTE byte=0xc result=-2 buffer=
0x3e0670:	0x0c	0x00	0x00	0x00
TARGET_NORM_BYTE byte=0xd result=-1 buffer=
0x3e0670:	0x00	0x00	0x00	0x00
TARGET_NORM_BYTE byte=0xe result=-2 buffer=
0x3e0670:	0x0e	0x00	0x00	0x00
TARGET_NORM_BYTE byte=0xf result=-2 buffer=
0x3e0670:	0x0f	0x00	0x00	0x00
TARGET_NORM_BYTE byte=0x10 result=-2 buffer=
0x3e0670:	0x10	0x00	0x00	0x00
TARGET_NORM_BYTE byte=0x11 result=-2 buffer=
0x3e0670:	0x11	0x00	0x00	0x00
TARGET_NORM_BYTE byte=0x12 result=-2 buffer=
0x3e0670:	0x12	0x00	0x00	0x00
TARGET_NORM_BYTE byte=0x13 result=-2 buffer=
0x3e0670:	0x13	0x00	0x00	0x00
TARGET_NORM_BYTE byte=0x14 result=-2 buffer=
0x3e0670:	0x14	0x00	0x00	0x00
TARGET_NORM_BYTE byte=0x15 result=-2 buffer=
0x3e0670:	0x15	0x00	0x00	0x00
TARGET_NORM_BYTE byte=0x16 result=-2 buffer=
0x3e0670:	0x16	0x00	0x00	0x00
TARGET_NORM_BYTE byte=0x17 result=-2 buffer=
0x3e0670:	0x17	0x00	0x00	0x00
TARGET_NORM_BYTE byte=0x18 result=-2 buffer=
0x3e0670:	0x18	0x00	0x00	0x00
TARGET_NORM_BYTE byte=0x19 result=-2 buffer=
0x3e0670:	0x19	0x00	0x00	0x00
TARGET_NORM_BYTE byte=0x1a result=-2 buffer=
0x3e0670:	0x1a	0x00	0x00	0x00
TARGET_NORM_BYTE byte=0x1b result=-2 buffer=
0x3e0670:	0x1b	0x00	0x00	0x00
TARGET_NORM_BYTE byte=0x1c result=-2 buffer=
0x3e0670:	0x1c	0x00	0x00	0x00
TARGET_NORM_BYTE byte=0x1d result=-2 buffer=
0x3e0670:	0x1d	0x00	0x00	0x00
TARGET_NORM_BYTE byte=0x1e result=-2 buffer=
0x3e0670:	0x1e	0x00	0x00	0x00
TARGET_NORM_BYTE byte=0x1f result=-2 buffer=
0x3e0670:	0x1f	0x00	0x00	0x00
TARGET_NORM_BYTE byte=0x7f result=-2 buffer=
0x3e0670:	0x7f	0x00	0x00	0x00
TARGET_NORM_BYTE byte=0x80 result=-2 buffer=
0x3e0670:	0x80	0x00	0x00	0x00
TARGET_NORM_BYTE byte=0x81 result=-2 buffer=
0x3e0670:	0x81	0x00	0x00	0x00
TARGET_NORM_BYTE byte=0x82 result=-2 buffer=
0x3e0670:	0x82	0x00	0x00	0x00
TARGET_NORM_BYTE byte=0x83 result=-2 buffer=
0x3e0670:	0x83	0x00	0x00	0x00
TARGET_NORM_BYTE byte=0x84 result=-2 buffer=
0x3e0670:	0x84	0x00	0x00	0x00
TARGET_NORM_BYTE byte=0x85 result=-2 buffer=
0x3e0670:	0x85	0x00	0x00	0x00
TARGET_NORM_BYTE byte=0x86 result=-2 buffer=
0x3e0670:	0x86	0x00	0x00	0x00
TARGET_NORM_BYTE byte=0x87 result=-2 buffer=
0x3e0670:	0x87	0x00	0x00	0x00
TARGET_NORM_BYTE byte=0x88 result=-2 buffer=
0x3e0670:	0x88	0x00	0x00	0x00
TARGET_NORM_BYTE byte=0x89 result=-2 buffer=
0x3e0670:	0x89	0x00	0x00	0x00
TARGET_NORM_BYTE byte=0x8a result=-2 buffer=
0x3e0670:	0x8a	0x00	0x00	0x00
TARGET_NORM_BYTE byte=0x8b result=-2 buffer=
0x3e0670:	0x8b	0x00	0x00	0x00
TARGET_NORM_BYTE byte=0x8c result=-2 buffer=
0x3e0670:	0x8c	0x00	0x00	0x00
TARGET_NORM_BYTE byte=0x8d result=-2 buffer=
0x3e0670:	0x8d	0x00	0x00	0x00
TARGET_NORM_BYTE byte=0x8e result=-2 buffer=
0x3e0670:	0x8e	0x00	0x00	0x00
TARGET_NORM_BYTE byte=0x8f result=-2 buffer=
0x3e0670:	0x8f	0x00	0x00	0x00
TARGET_NORM_BYTE byte=0x90 result=-2 buffer=
0x3e0670:	0x90	0x00	0x00	0x00
TARGET_NORM_BYTE byte=0x91 result=-2 buffer=
0x3e0670:	0x91	0x00	0x00	0x00
TARGET_NORM_BYTE byte=0x92 result=-2 buffer=
0x3e0670:	0x92	0x00	0x00	0x00
TARGET_NORM_BYTE byte=0x93 result=-2 buffer=
0x3e0670:	0x93	0x00	0x00	0x00
TARGET_NORM_BYTE byte=0x94 result=-2 buffer=
0x3e0670:	0x94	0x00	0x00	0x00
TARGET_NORM_BYTE byte=0x95 result=-2 buffer=
0x3e0670:	0x95	0x00	0x00	0x00
TARGET_NORM_BYTE byte=0x96 result=-2 buffer=
0x3e0670:	0x96	0x00	0x00	0x00
TARGET_NORM_BYTE byte=0x97 result=-2 buffer=
0x3e0670:	0x97	0x00	0x00	0x00
TARGET_NORM_BYTE byte=0x98 result=-2 buffer=
0x3e0670:	0x98	0x00	0x00	0x00
TARGET_NORM_BYTE byte=0x99 result=-2 buffer=
0x3e0670:	0x99	0x00	0x00	0x00
TARGET_NORM_BYTE byte=0x9a result=-2 buffer=
0x3e0670:	0x9a	0x00	0x00	0x00
TARGET_NORM_BYTE byte=0x9b result=-2 buffer=
0x3e0670:	0x9b	0x00	0x00	0x00
TARGET_NORM_BYTE byte=0x9c result=-2 buffer=
0x3e0670:	0x9c	0x00	0x00	0x00
TARGET_NORM_BYTE byte=0x9d result=-2 buffer=
0x3e0670:	0x9d	0x00	0x00	0x00
TARGET_NORM_BYTE byte=0x9e result=-2 buffer=
0x3e0670:	0x9e	0x00	0x00	0x00
TARGET_NORM_BYTE byte=0x9f result=-2 buffer=
0x3e0670:	0x9f	0x00	0x00	0x00
TARGET_NORM_BYTE byte=0xa0 result=-2 buffer=
0x3e0670:	0xa0	0x00	0x00	0x00
TARGET_NORM_BYTE byte=0xa1 result=-2 buffer=
0x3e0670:	0xa1	0x00	0x00	0x00
TARGET_NORM_BYTE byte=0xa2 result=-2 buffer=
0x3e0670:	0xa2	0x00	0x00	0x00
TARGET_NORM_BYTE byte=0xa3 result=-2 buffer=
0x3e0670:	0xa3	0x00	0x00	0x00
TARGET_NORM_BYTE byte=0xa4 result=-2 buffer=
0x3e0670:	0xa4	0x00	0x00	0x00
TARGET_NORM_BYTE byte=0xa5 result=-2 buffer=
0x3e0670:	0xa5	0x00	0x00	0x00
TARGET_NORM_BYTE byte=0xa6 result=-2 buffer=
0x3e0670:	0xa6	0x00	0x00	0x00
TARGET_NORM_BYTE byte=0xa7 result=-2 buffer=
0x3e0670:	0xa7	0x00	0x00	0x00
TARGET_NORM_BYTE byte=0xa8 result=-2 buffer=
0x3e0670:	0xa8	0x00	0x00	0x00
TARGET_NORM_BYTE byte=0xa9 result=-2 buffer=
0x3e0670:	0xa9	0x00	0x00	0x00
TARGET_NORM_BYTE byte=0xaa result=-2 buffer=
0x3e0670:	0xaa	0x00	0x00	0x00
TARGET_NORM_BYTE byte=0xab result=-2 buffer=
0x3e0670:	0xab	0x00	0x00	0x00
TARGET_NORM_BYTE byte=0xac result=-2 buffer=
0x3e0670:	0xac	0x00	0x00	0x00
TARGET_NORM_BYTE byte=0xad result=-2 buffer=
0x3e0670:	0xad	0x00	0x00	0x00
TARGET_NORM_BYTE byte=0xae result=-2 buffer=
0x3e0670:	0xae	0x00	0x00	0x00
TARGET_NORM_BYTE byte=0xaf result=-2 buffer=
0x3e0670:	0xaf	0x00	0x00	0x00
TARGET_NORM_BYTE byte=0xb0 result=-2 buffer=
0x3e0670:	0xb0	0x00	0x00	0x00
TARGET_NORM_BYTE byte=0xb1 result=-2 buffer=
0x3e0670:	0xb1	0x00	0x00	0x00
TARGET_NORM_BYTE byte=0xb2 result=-2 buffer=
0x3e0670:	0xb2	0x00	0x00	0x00
TARGET_NORM_BYTE byte=0xb3 result=-2 buffer=
0x3e0670:	0xb3	0x00	0x00	0x00
TARGET_NORM_BYTE byte=0xb4 result=-2 buffer=
0x3e0670:	0xb4	0x00	0x00	0x00
TARGET_NORM_BYTE byte=0xb5 result=-2 buffer=
0x3e0670:	0xb5	0x00	0x00	0x00
TARGET_NORM_BYTE byte=0xb6 result=-2 buffer=
0x3e0670:	0xb6	0x00	0x00	0x00
TARGET_NORM_BYTE byte=0xb7 result=-2 buffer=
0x3e0670:	0xb7	0x00	0x00	0x00
TARGET_NORM_BYTE byte=0xb8 result=-2 buffer=
0x3e0670:	0xb8	0x00	0x00	0x00
TARGET_NORM_BYTE byte=0xb9 result=-2 buffer=
0x3e0670:	0xb9	0x00	0x00	0x00
TARGET_NORM_BYTE byte=0xba result=-2 buffer=
0x3e0670:	0xba	0x00	0x00	0x00
TARGET_NORM_BYTE byte=0xbb result=-2 buffer=
0x3e0670:	0xbb	0x00	0x00	0x00
TARGET_NORM_BYTE byte=0xbc result=-2 buffer=
0x3e0670:	0xbc	0x00	0x00	0x00
TARGET_NORM_BYTE byte=0xbd result=-2 buffer=
0x3e0670:	0xbd	0x00	0x00	0x00
TARGET_NORM_BYTE byte=0xbe result=-2 buffer=
0x3e0670:	0xbe	0x00	0x00	0x00
TARGET_NORM_BYTE byte=0xbf result=-2 buffer=
0x3e0670:	0xbf	0x00	0x00	0x00
TARGET_NORM_BYTE byte=0xc0 result=-2 buffer=
0x3e0670:	0xc0	0x00	0x00	0x00
TARGET_NORM_BYTE byte=0xc1 result=-2 buffer=
0x3e0670:	0xc1	0x00	0x00	0x00
TARGET_NORM_BYTE byte=0xc2 result=-2 buffer=
0x3e0670:	0xc2	0x00	0x00	0x00
TARGET_NORM_BYTE byte=0xc3 result=-2 buffer=
0x3e0670:	0xc3	0x00	0x00	0x00
TARGET_NORM_BYTE byte=0xc4 result=-2 buffer=
0x3e0670:	0xc4	0x00	0x00	0x00
TARGET_NORM_BYTE byte=0xc5 result=-2 buffer=
0x3e0670:	0xc5	0x00	0x00	0x00
TARGET_NORM_BYTE byte=0xc6 result=-2 buffer=
0x3e0670:	0xc6	0x00	0x00	0x00
TARGET_NORM_BYTE byte=0xc7 result=-2 buffer=
0x3e0670:	0xc7	0x00	0x00	0x00
TARGET_NORM_BYTE byte=0xc8 result=-2 buffer=
0x3e0670:	0xc8	0x00	0x00	0x00
TARGET_NORM_BYTE byte=0xc9 result=-2 buffer=
0x3e0670:	0xc9	0x00	0x00	0x00
TARGET_NORM_BYTE byte=0xca result=-2 buffer=
0x3e0670:	0xca	0x00	0x00	0x00
TARGET_NORM_BYTE byte=0xcb result=-2 buffer=
0x3e0670:	0xcb	0x00	0x00	0x00
TARGET_NORM_BYTE byte=0xcc result=-2 buffer=
0x3e0670:	0xcc	0x00	0x00	0x00
TARGET_NORM_BYTE byte=0xcd result=-2 buffer=
0x3e0670:	0xcd	0x00	0x00	0x00
TARGET_NORM_BYTE byte=0xce result=-2 buffer=
0x3e0670:	0xce	0x00	0x00	0x00
TARGET_NORM_BYTE byte=0xcf result=-2 buffer=
0x3e0670:	0xcf	0x00	0x00	0x00
TARGET_NORM_BYTE byte=0xd0 result=-2 buffer=
0x3e0670:	0xd0	0x00	0x00	0x00
TARGET_NORM_BYTE byte=0xd1 result=-2 buffer=
0x3e0670:	0xd1	0x00	0x00	0x00
TARGET_NORM_BYTE byte=0xd2 result=-2 buffer=
0x3e0670:	0xd2	0x00	0x00	0x00
TARGET_NORM_BYTE byte=0xd3 result=-2 buffer=
0x3e0670:	0xd3	0x00	0x00	0x00
TARGET_NORM_BYTE byte=0xd4 result=-2 buffer=
0x3e0670:	0xd4	0x00	0x00	0x00
TARGET_NORM_BYTE byte=0xd5 result=-2 buffer=
0x3e0670:	0xd5	0x00	0x00	0x00
TARGET_NORM_BYTE byte=0xd6 result=-2 buffer=
0x3e0670:	0xd6	0x00	0x00	0x00
TARGET_NORM_BYTE byte=0xd7 result=-2 buffer=
0x3e0670:	0xd7	0x00	0x00	0x00
TARGET_NORM_BYTE byte=0xd8 result=-2 buffer=
0x3e0670:	0xd8	0x00	0x00	0x00
TARGET_NORM_BYTE byte=0xd9 result=-2 buffer=
0x3e0670:	0xd9	0x00	0x00	0x00
TARGET_NORM_BYTE byte=0xda result=-2 buffer=
0x3e0670:	0xda	0x00	0x00	0x00
TARGET_NORM_BYTE byte=0xdb result=-2 buffer=
0x3e0670:	0xdb	0x00	0x00	0x00
TARGET_NORM_BYTE byte=0xdc result=-2 buffer=
0x3e0670:	0xdc	0x00	0x00	0x00
TARGET_NORM_BYTE byte=0xdd result=-2 buffer=
0x3e0670:	0xdd	0x00	0x00	0x00
TARGET_NORM_BYTE byte=0xde result=-2 buffer=
0x3e0670:	0xde	0x00	0x00	0x00
TARGET_NORM_BYTE byte=0xdf result=-2 buffer=
0x3e0670:	0xdf	0x00	0x00	0x00
TARGET_NORM_BYTE byte=0xe0 result=-2 buffer=
0x3e0670:	0xe0	0x00	0x00	0x00
TARGET_NORM_BYTE byte=0xe1 result=-2 buffer=
0x3e0670:	0xe1	0x00	0x00	0x00
TARGET_NORM_BYTE byte=0xe2 result=-2 buffer=
0x3e0670:	0xe2	0x00	0x00	0x00
TARGET_NORM_BYTE byte=0xe3 result=-2 buffer=
0x3e0670:	0xe3	0x00	0x00	0x00
TARGET_NORM_BYTE byte=0xe4 result=-2 buffer=
0x3e0670:	0xe4	0x00	0x00	0x00
TARGET_NORM_BYTE byte=0xe5 result=-2 buffer=
0x3e0670:	0xe5	0x00	0x00	0x00
TARGET_NORM_BYTE byte=0xe6 result=-2 buffer=
0x3e0670:	0xe6	0x00	0x00	0x00
TARGET_NORM_BYTE byte=0xe7 result=-2 buffer=
0x3e0670:	0xe7	0x00	0x00	0x00
TARGET_NORM_BYTE byte=0xe8 result=-2 buffer=
0x3e0670:	0xe8	0x00	0x00	0x00
TARGET_NORM_BYTE byte=0xe9 result=-2 buffer=
0x3e0670:	0xe9	0x00	0x00	0x00
TARGET_NORM_BYTE byte=0xea result=-2 buffer=
0x3e0670:	0xea	0x00	0x00	0x00
TARGET_NORM_BYTE byte=0xeb result=-2 buffer=
0x3e0670:	0xeb	0x00	0x00	0x00
TARGET_NORM_BYTE byte=0xec result=-2 buffer=
0x3e0670:	0xec	0x00	0x00	0x00
TARGET_NORM_BYTE byte=0xed result=-2 buffer=
0x3e0670:	0xed	0x00	0x00	0x00
TARGET_NORM_BYTE byte=0xee result=-2 buffer=
0x3e0670:	0xee	0x00	0x00	0x00
TARGET_NORM_BYTE byte=0xef result=-2 buffer=
0x3e0670:	0xef	0x00	0x00	0x00
TARGET_NORM_BYTE byte=0xf0 result=-2 buffer=
0x3e0670:	0xf0	0x00	0x00	0x00
TARGET_NORM_BYTE byte=0xf1 result=-2 buffer=
0x3e0670:	0xf1	0x00	0x00	0x00
TARGET_NORM_BYTE byte=0xf2 result=-2 buffer=
0x3e0670:	0xf2	0x00	0x00	0x00
TARGET_NORM_BYTE byte=0xf3 result=-2 buffer=
0x3e0670:	0xf3	0x00	0x00	0x00
TARGET_NORM_BYTE byte=0xf4 result=-2 buffer=
0x3e0670:	0xf4	0x00	0x00	0x00
TARGET_NORM_BYTE byte=0xf5 result=-2 buffer=
0x3e0670:	0xf5	0x00	0x00	0x00
TARGET_NORM_BYTE byte=0xf6 result=-2 buffer=
0x3e0670:	0xf6	0x00	0x00	0x00
TARGET_NORM_BYTE byte=0xf7 result=-2 buffer=
0x3e0670:	0xf7	0x00	0x00	0x00
TARGET_NORM_BYTE byte=0xf8 result=-2 buffer=
0x3e0670:	0xf8	0x00	0x00	0x00
TARGET_NORM_BYTE byte=0xf9 result=-2 buffer=
0x3e0670:	0xf9	0x00	0x00	0x00
TARGET_NORM_BYTE byte=0xfa result=-2 buffer=
0x3e0670:	0xfa	0x00	0x00	0x00
TARGET_NORM_BYTE byte=0xfb result=-2 buffer=
0x3e0670:	0xfb	0x00	0x00	0x00
TARGET_NORM_BYTE byte=0xfc result=-2 buffer=
0x3e0670:	0xfc	0x00	0x00	0x00
TARGET_NORM_BYTE byte=0xfd result=-2 buffer=
0x3e0670:	0xfd	0x00	0x00	0x00
TARGET_NORM_BYTE byte=0xfe result=-2 buffer=
0x3e0670:	0xfe	0x00	0x00	0x00
TARGET_NORM_BYTE byte=0xff result=-2 buffer=
0x3e0670:	0xff	0x00	0x00	0x00
TARGET_NORM_NONPRINTABLE_COMPLETE controls=31 del=1 high=129 total=161


Fatal signal: Segmentation fault
----- Backtrace -----
0x4d3574 ???
0x5cb4f9 ???
0x5cb68a ???
0x714a29ff232f ???
0x4b9418 ???
0x62cf89 ???
0x64db08 ???
0x766c09 ???
0x913bd5 ???
0x954cbb ???
0x697bec ???
0x43f4d4 ???
0x714a29fd71c9 ???
0x714a29fd728a __libc_start_main
0x445544 ???
0xffffffffffffffff ???
---------------------
A fatal error internal to GDB has been detected, further
debugging is not possible.  GDB will now terminate.

This is a bug, please report it.  For instructions, see:
<https://www.gnu.org/software/gdb/bugs/>.

0114:0118: create process 'Z:\samples\voicetext_paul.exe'/00000000 @004014C0 (450560<1847>)
0114:0118: create thread I @004014C0
0114:0118: loads DLL C:\windows\system32\ntdll.dll @7BD10000 (2994176<5095>)
0114:0118: loads DLL C:\windows\system32\kernel32.dll @7BB90000 (1466368<19395>)
0114:0118: loads DLL C:\windows\system32\kernelbase.dll @7B650000 (5410816<14148>)
0114:0118: loads DLL C:\windows\system32\msvcrt.dll @7B2A0000 (2715648<8214>)
0114:0118: loads DLL Z:\samples\vt_pau.dll @10000000 (0<0>)
0114:0118: loads DLL C:\windows\system32\WINMM.dll @78EC0000 (1474560<4890>)
0114:0118: loads DLL C:\windows\system32\advapi32.dll @7B550000 (958464<7400>)
0114:0118: loads DLL C:\windows\system32\sechost.dll @7B200000 (565248<3163>)
0114:0118: loads DLL C:\windows\system32\ucrtbase.dll @7AEE0000 (3198976<11541>)
0114:0118: loads DLL C:\windows\system32\msacm32.dll @78E40000 (413696<1982>)
0114:0118: loads DLL C:\windows\system32\user32.dll @7A160000 (5005312<14159>)
0114:0118: loads DLL Z:\samples\zlib1.dll @7A120000 (135680<0>)
0114:0118: loads DLL C:\windows\system32\gdi32.dll @7A640000 (2355200<7390>)
0114:0118: loads DLL C:\windows\system32\win32u.dll @7A0D0000 (221184<1966>)
0114:0118: loads DLL C:\windows\system32\ole32.dll @7A9F0000 (4440064<14323>)
0114:0118: loads DLL C:\windows\system32\combase.dll @7A890000 (1314816<7562>)
0114:0118: loads DLL C:\windows\system32\rpcrt4.dll @79EA0000 (2162688<9274>)
0114:0118: loads DLL C:\windows\system32\coml2.dll @79E40000 (262144<3883>)
0114:0118: loads DLL C:\windows\system32\iphlpapi.dll @779C0000 (487424<4777>)
0114:0118: loads DLL C:\windows\system32\dnsapi.dll @77970000 (258048<1399>)
0114:0118: loads DLL C:\windows\system32\nsi.dll @77940000 (118784<823>)
0114:0118: loads DLL C:\windows\system32\ws2_32.dll @7AE40000 (565248<2279>)
0114:0118: loads DLL C:\windows\system32\tzres.dll @009C0000 (0<0>)
00000114:00000118: unload DLL @009C0000
0114:0118: loads DLL C:\windows\system32\tzres.dll @009C0000 (0<0>)
00000114:00000118: unload DLL @009C0000
0114:0118: loads DLL C:\windows\system32\imm32.dll @782F0000 (401408<2996>)
0114:0118: loads DLL C:\windows\system32\winex11.drv @780F0000 (307200<4314>)
0114:0118: loads DLL C:\windows\system32\uxtheme.dll @78030000 (671744<3646>)
