GNU gdb (Ubuntu 15.1-1ubuntu1~24.04.1) 15.1
Copyright (C) 2024 Free Software Foundation, Inc.
License GPLv3+: GNU GPL version 3 or later <http://gnu.org/licenses/gpl.html>
This is free software: you are free to change and redistribute it.
There is NO WARRANTY, to the extent permitted by law.
Type "show copying" and "show warranty" for details.
This GDB was configured as "x86_64-linux-gnu".
Type "show configuration" for configuration details.
For bug reporting instructions, please see:
<https://www.gnu.org/software/gdb/bugs/>.
Find the GDB manual and other documentation resources online at:
    <http://www.gnu.org/software/gdb/documentation/>.

For help, type "help".
Type "apropos word" to search for commands related to "word".
warning: remote target does not support file transfer, attempting to access files from local filesystem.
Reading symbols from /samples/voicetext_paul.exe...
0x7bd64525 in DbgBreakPoint@0 ()
   from /usr/lib/i386-linux-gnu/wine/i386-windows/ntdll.dll
Wine-gdb> Wine-gdb> Wine-gdb> Wine-gdb> Signal        Stop	Print	Pass to program	Description
SIGSEGV       No	No	Yes		Segmentation fault
Wine-gdb> Signal        Stop	Print	Pass to program	Description
SIGSEGV       No	No	Yes		Segmentation fault
Wine-gdb> Breakpoint 1 at 0x1001da50
Wine-gdb> >>>>> > > >  >  >  > > >  >  >  >   >   >    >    >    >     >     >     >      >      >      >      >     >    >   >   >   >  >  >  >  >  > > >>>Wine-gdb> Wine-gdb> Continuing.
VERIFY_TTS_DELIMITER_PRODUCT length=1 code=0 ax=65531
VERIFY_TTS_DELIMITER_PRODUCT length=1 code=1 ax=65531
VERIFY_TTS_DELIMITER_PRODUCT length=1 code=2 ax=1
VERIFY_TTS_DELIMITER_PRODUCT length=1 code=3 ax=1
VERIFY_TTS_DELIMITER_PRODUCT length=2 code=0 ax=65531
VERIFY_TTS_DELIMITER_PRODUCT length=2 code=1 ax=65531
VERIFY_TTS_DELIMITER_PRODUCT length=2 code=2 ax=1
VERIFY_TTS_DELIMITER_PRODUCT length=2 code=3 ax=1
VERIFY_TTS_DELIMITER_PRODUCT length=2 code=4 ax=65531
VERIFY_TTS_DELIMITER_PRODUCT length=2 code=5 ax=65531
VERIFY_TTS_DELIMITER_PRODUCT length=2 code=6 ax=1
VERIFY_TTS_DELIMITER_PRODUCT length=2 code=7 ax=1
VERIFY_TTS_DELIMITER_PRODUCT length=2 code=8 ax=1
VERIFY_TTS_DELIMITER_PRODUCT length=2 code=9 ax=1
VERIFY_TTS_DELIMITER_PRODUCT length=2 code=10 ax=65531
VERIFY_TTS_DELIMITER_PRODUCT length=2 code=11 ax=1
VERIFY_TTS_DELIMITER_PRODUCT length=2 code=12 ax=1
VERIFY_TTS_DELIMITER_PRODUCT length=2 code=13 ax=1
VERIFY_TTS_DELIMITER_PRODUCT length=2 code=14 ax=1
VERIFY_TTS_DELIMITER_PRODUCT length=2 code=15 ax=1
VERIFY_TTS_DELIMITER_PRODUCT length=3 code=0 ax=65531
VERIFY_TTS_DELIMITER_PRODUCT length=3 code=1 ax=65531
VERIFY_TTS_DELIMITER_PRODUCT length=3 code=2 ax=1
VERIFY_TTS_DELIMITER_PRODUCT length=3 code=3 ax=1
VERIFY_TTS_DELIMITER_PRODUCT length=3 code=4 ax=65531
VERIFY_TTS_DELIMITER_PRODUCT length=3 code=5 ax=65531
VERIFY_TTS_DELIMITER_PRODUCT length=3 code=6 ax=1
VERIFY_TTS_DELIMITER_PRODUCT length=3 code=7 ax=1
VERIFY_TTS_DELIMITER_PRODUCT length=3 code=8 ax=1
VERIFY_TTS_DELIMITER_PRODUCT length=3 code=9 ax=1
VERIFY_TTS_DELIMITER_PRODUCT length=3 code=10 ax=65531
VERIFY_TTS_DELIMITER_PRODUCT length=3 code=11 ax=1
VERIFY_TTS_DELIMITER_PRODUCT length=3 code=12 ax=1
VERIFY_TTS_DELIMITER_PRODUCT length=3 code=13 ax=1
VERIFY_TTS_DELIMITER_PRODUCT length=3 code=14 ax=1
VERIFY_TTS_DELIMITER_PRODUCT length=3 code=15 ax=1
VERIFY_TTS_DELIMITER_PRODUCT length=3 code=16 ax=65531
VERIFY_TTS_DELIMITER_PRODUCT length=3 code=17 ax=65531
VERIFY_TTS_DELIMITER_PRODUCT length=3 code=18 ax=1
VERIFY_TTS_DELIMITER_PRODUCT length=3 code=19 ax=1
VERIFY_TTS_DELIMITER_PRODUCT length=3 code=20 ax=65531
VERIFY_TTS_DELIMITER_PRODUCT length=3 code=21 ax=65531
VERIFY_TTS_DELIMITER_PRODUCT length=3 code=22 ax=1
VERIFY_TTS_DELIMITER_PRODUCT length=3 code=23 ax=1
VERIFY_TTS_DELIMITER_PRODUCT length=3 code=24 ax=1
VERIFY_TTS_DELIMITER_PRODUCT length=3 code=25 ax=1
VERIFY_TTS_DELIMITER_PRODUCT length=3 code=26 ax=65531
VERIFY_TTS_DELIMITER_PRODUCT length=3 code=27 ax=1
VERIFY_TTS_DELIMITER_PRODUCT length=3 code=28 ax=1
VERIFY_TTS_DELIMITER_PRODUCT length=3 code=29 ax=1
VERIFY_TTS_DELIMITER_PRODUCT length=3 code=30 ax=1
VERIFY_TTS_DELIMITER_PRODUCT length=3 code=31 ax=1
VERIFY_TTS_DELIMITER_PRODUCT length=3 code=32 ax=1
VERIFY_TTS_DELIMITER_PRODUCT length=3 code=33 ax=1
VERIFY_TTS_DELIMITER_PRODUCT length=3 code=34 ax=1
VERIFY_TTS_DELIMITER_PRODUCT length=3 code=35 ax=1
VERIFY_TTS_DELIMITER_PRODUCT length=3 code=36 ax=1
VERIFY_TTS_DELIMITER_PRODUCT length=3 code=37 ax=1
VERIFY_TTS_DELIMITER_PRODUCT length=3 code=38 ax=1
VERIFY_TTS_DELIMITER_PRODUCT length=3 code=39 ax=1
VERIFY_TTS_DELIMITER_PRODUCT length=3 code=40 ax=65531
VERIFY_TTS_DELIMITER_PRODUCT length=3 code=41 ax=65531
VERIFY_TTS_DELIMITER_PRODUCT length=3 code=42 ax=65531
VERIFY_TTS_DELIMITER_PRODUCT length=3 code=43 ax=1
VERIFY_TTS_DELIMITER_PRODUCT length=3 code=44 ax=1
VERIFY_TTS_DELIMITER_PRODUCT length=3 code=45 ax=1
VERIFY_TTS_DELIMITER_PRODUCT length=3 code=46 ax=1
VERIFY_TTS_DELIMITER_PRODUCT length=3 code=47 ax=1
VERIFY_TTS_DELIMITER_PRODUCT length=3 code=48 ax=1
VERIFY_TTS_DELIMITER_PRODUCT length=3 code=49 ax=1
VERIFY_TTS_DELIMITER_PRODUCT length=3 code=50 ax=1
VERIFY_TTS_DELIMITER_PRODUCT length=3 code=51 ax=1
VERIFY_TTS_DELIMITER_PRODUCT length=3 code=52 ax=1
VERIFY_TTS_DELIMITER_PRODUCT length=3 code=53 ax=1
VERIFY_TTS_DELIMITER_PRODUCT length=3 code=54 ax=1
VERIFY_TTS_DELIMITER_PRODUCT length=3 code=55 ax=1
VERIFY_TTS_DELIMITER_PRODUCT length=3 code=56 ax=1
VERIFY_TTS_DELIMITER_PRODUCT length=3 code=57 ax=1
VERIFY_TTS_DELIMITER_PRODUCT length=3 code=58 ax=1
VERIFY_TTS_DELIMITER_PRODUCT length=3 code=59 ax=1
VERIFY_TTS_DELIMITER_PRODUCT length=3 code=60 ax=1
VERIFY_TTS_DELIMITER_PRODUCT length=3 code=61 ax=1
VERIFY_TTS_DELIMITER_PRODUCT length=3 code=62 ax=1
VERIFY_TTS_DELIMITER_PRODUCT length=3 code=63 ax=1
VERIFY_TTS_DELIMITER_PRODUCT length=4 code=0 ax=65531
VERIFY_TTS_DELIMITER_PRODUCT length=4 code=1 ax=65531
VERIFY_TTS_DELIMITER_PRODUCT length=4 code=2 ax=1
VERIFY_TTS_DELIMITER_PRODUCT length=4 code=3 ax=1
VERIFY_TTS_DELIMITER_PRODUCT length=4 code=4 ax=65531
VERIFY_TTS_DELIMITER_PRODUCT length=4 code=5 ax=65531
VERIFY_TTS_DELIMITER_PRODUCT length=4 code=6 ax=1
VERIFY_TTS_DELIMITER_PRODUCT length=4 code=7 ax=1
VERIFY_TTS_DELIMITER_PRODUCT length=4 code=8 ax=1
VERIFY_TTS_DELIMITER_PRODUCT length=4 code=9 ax=1
VERIFY_TTS_DELIMITER_PRODUCT length=4 code=10 ax=65531
VERIFY_TTS_DELIMITER_PRODUCT length=4 code=11 ax=1
VERIFY_TTS_DELIMITER_PRODUCT length=4 code=12 ax=1
VERIFY_TTS_DELIMITER_PRODUCT length=4 code=13 ax=1
VERIFY_TTS_DELIMITER_PRODUCT length=4 code=14 ax=1
VERIFY_TTS_DELIMITER_PRODUCT length=4 code=15 ax=1
VERIFY_TTS_DELIMITER_PRODUCT length=4 code=16 ax=65531
VERIFY_TTS_DELIMITER_PRODUCT length=4 code=17 ax=65531
VERIFY_TTS_DELIMITER_PRODUCT length=4 code=18 ax=1
VERIFY_TTS_DELIMITER_PRODUCT length=4 code=19 ax=1
VERIFY_TTS_DELIMITER_PRODUCT length=4 code=20 ax=65531
VERIFY_TTS_DELIMITER_PRODUCT length=4 code=21 ax=65531
VERIFY_TTS_DELIMITER_PRODUCT length=4 code=22 ax=1
VERIFY_TTS_DELIMITER_PRODUCT length=4 code=23 ax=1
VERIFY_TTS_DELIMITER_PRODUCT length=4 code=24 ax=1
VERIFY_TTS_DELIMITER_PRODUCT length=4 code=25 ax=1
VERIFY_TTS_DELIMITER_PRODUCT length=4 code=26 ax=65531
VERIFY_TTS_DELIMITER_PRODUCT length=4 code=27 ax=1
VERIFY_TTS_DELIMITER_PRODUCT length=4 code=28 ax=1
VERIFY_TTS_DELIMITER_PRODUCT length=4 code=29 ax=1
VERIFY_TTS_DELIMITER_PRODUCT length=4 code=30 ax=1
VERIFY_TTS_DELIMITER_PRODUCT length=4 code=31 ax=1
VERIFY_TTS_DELIMITER_PRODUCT length=4 code=32 ax=1
VERIFY_TTS_DELIMITER_PRODUCT length=4 code=33 ax=1
VERIFY_TTS_DELIMITER_PRODUCT length=4 code=34 ax=1
VERIFY_TTS_DELIMITER_PRODUCT length=4 code=35 ax=1
VERIFY_TTS_DELIMITER_PRODUCT length=4 code=36 ax=1
VERIFY_TTS_DELIMITER_PRODUCT length=4 code=37 ax=1
VERIFY_TTS_DELIMITER_PRODUCT length=4 code=38 ax=1
VERIFY_TTS_DELIMITER_PRODUCT length=4 code=39 ax=1
VERIFY_TTS_DELIMITER_PRODUCT length=4 code=40 ax=65531
VERIFY_TTS_DELIMITER_PRODUCT length=4 code=41 ax=65531
VERIFY_TTS_DELIMITER_PRODUCT length=4 code=42 ax=65531
VERIFY_TTS_DELIMITER_PRODUCT length=4 code=43 ax=1
VERIFY_TTS_DELIMITER_PRODUCT length=4 code=44 ax=1
VERIFY_TTS_DELIMITER_PRODUCT length=4 code=45 ax=1
VERIFY_TTS_DELIMITER_PRODUCT length=4 code=46 ax=1
VERIFY_TTS_DELIMITER_PRODUCT length=4 code=47 ax=1
VERIFY_TTS_DELIMITER_PRODUCT length=4 code=48 ax=1
VERIFY_TTS_DELIMITER_PRODUCT length=4 code=49 ax=1
VERIFY_TTS_DELIMITER_PRODUCT length=4 code=50 ax=1
VERIFY_TTS_DELIMITER_PRODUCT length=4 code=51 ax=1
VERIFY_TTS_DELIMITER_PRODUCT length=4 code=52 ax=1
VERIFY_TTS_DELIMITER_PRODUCT length=4 code=53 ax=1
VERIFY_TTS_DELIMITER_PRODUCT length=4 code=54 ax=1
VERIFY_TTS_DELIMITER_PRODUCT length=4 code=55 ax=1
VERIFY_TTS_DELIMITER_PRODUCT length=4 code=56 ax=1
VERIFY_TTS_DELIMITER_PRODUCT length=4 code=57 ax=1
VERIFY_TTS_DELIMITER_PRODUCT length=4 code=58 ax=1
VERIFY_TTS_DELIMITER_PRODUCT length=4 code=59 ax=1
VERIFY_TTS_DELIMITER_PRODUCT length=4 code=60 ax=1
VERIFY_TTS_DELIMITER_PRODUCT length=4 code=61 ax=1
VERIFY_TTS_DELIMITER_PRODUCT length=4 code=62 ax=1
VERIFY_TTS_DELIMITER_PRODUCT length=4 code=63 ax=1
VERIFY_TTS_DELIMITER_PRODUCT length=4 code=64 ax=65531
VERIFY_TTS_DELIMITER_PRODUCT length=4 code=65 ax=65531
VERIFY_TTS_DELIMITER_PRODUCT length=4 code=66 ax=1
VERIFY_TTS_DELIMITER_PRODUCT length=4 code=67 ax=1
VERIFY_TTS_DELIMITER_PRODUCT length=4 code=68 ax=65531
VERIFY_TTS_DELIMITER_PRODUCT length=4 code=69 ax=65531
VERIFY_TTS_DELIMITER_PRODUCT length=4 code=70 ax=1
VERIFY_TTS_DELIMITER_PRODUCT length=4 code=71 ax=1
VERIFY_TTS_DELIMITER_PRODUCT length=4 code=72 ax=1
VERIFY_TTS_DELIMITER_PRODUCT length=4 code=73 ax=1
VERIFY_TTS_DELIMITER_PRODUCT length=4 code=74 ax=65531
VERIFY_TTS_DELIMITER_PRODUCT length=4 code=75 ax=1
VERIFY_TTS_DELIMITER_PRODUCT length=4 code=76 ax=1
VERIFY_TTS_DELIMITER_PRODUCT length=4 code=77 ax=1
VERIFY_TTS_DELIMITER_PRODUCT length=4 code=78 ax=1
VERIFY_TTS_DELIMITER_PRODUCT length=4 code=79 ax=1
VERIFY_TTS_DELIMITER_PRODUCT length=4 code=80 ax=65531
VERIFY_TTS_DELIMITER_PRODUCT length=4 code=81 ax=65531
VERIFY_TTS_DELIMITER_PRODUCT length=4 code=82 ax=1
VERIFY_TTS_DELIMITER_PRODUCT length=4 code=83 ax=1
VERIFY_TTS_DELIMITER_PRODUCT length=4 code=84 ax=65531
VERIFY_TTS_DELIMITER_PRODUCT length=4 code=85 ax=65531
VERIFY_TTS_DELIMITER_PRODUCT length=4 code=86 ax=1
VERIFY_TTS_DELIMITER_PRODUCT length=4 code=87 ax=1
VERIFY_TTS_DELIMITER_PRODUCT length=4 code=88 ax=1
VERIFY_TTS_DELIMITER_PRODUCT length=4 code=89 ax=1
VERIFY_TTS_DELIMITER_PRODUCT length=4 code=90 ax=65531
VERIFY_TTS_DELIMITER_PRODUCT length=4 code=91 ax=1
VERIFY_TTS_DELIMITER_PRODUCT length=4 code=92 ax=1
VERIFY_TTS_DELIMITER_PRODUCT length=4 code=93 ax=1
VERIFY_TTS_DELIMITER_PRODUCT length=4 code=94 ax=1
VERIFY_TTS_DELIMITER_PRODUCT length=4 code=95 ax=1
VERIFY_TTS_DELIMITER_PRODUCT length=4 code=96 ax=1
VERIFY_TTS_DELIMITER_PRODUCT length=4 code=97 ax=1
VERIFY_TTS_DELIMITER_PRODUCT length=4 code=98 ax=1
VERIFY_TTS_DELIMITER_PRODUCT length=4 code=99 ax=1
VERIFY_TTS_DELIMITER_PRODUCT length=4 code=100 ax=1
VERIFY_TTS_DELIMITER_PRODUCT length=4 code=101 ax=1
VERIFY_TTS_DELIMITER_PRODUCT length=4 code=102 ax=1
VERIFY_TTS_DELIMITER_PRODUCT length=4 code=103 ax=1
VERIFY_TTS_DELIMITER_PRODUCT length=4 code=104 ax=65531
VERIFY_TTS_DELIMITER_PRODUCT length=4 code=105 ax=65531
VERIFY_TTS_DELIMITER_PRODUCT length=4 code=106 ax=65531
VERIFY_TTS_DELIMITER_PRODUCT length=4 code=107 ax=1
VERIFY_TTS_DELIMITER_PRODUCT length=4 code=108 ax=1
VERIFY_TTS_DELIMITER_PRODUCT length=4 code=109 ax=1
VERIFY_TTS_DELIMITER_PRODUCT length=4 code=110 ax=1
VERIFY_TTS_DELIMITER_PRODUCT length=4 code=111 ax=1
VERIFY_TTS_DELIMITER_PRODUCT length=4 code=112 ax=1
VERIFY_TTS_DELIMITER_PRODUCT length=4 code=113 ax=1
VERIFY_TTS_DELIMITER_PRODUCT length=4 code=114 ax=1
VERIFY_TTS_DELIMITER_PRODUCT length=4 code=115 ax=1
VERIFY_TTS_DELIMITER_PRODUCT length=4 code=116 ax=1
VERIFY_TTS_DELIMITER_PRODUCT length=4 code=117 ax=1
VERIFY_TTS_DELIMITER_PRODUCT length=4 code=118 ax=1
VERIFY_TTS_DELIMITER_PRODUCT length=4 code=119 ax=1
VERIFY_TTS_DELIMITER_PRODUCT length=4 code=120 ax=1
VERIFY_TTS_DELIMITER_PRODUCT length=4 code=121 ax=1
VERIFY_TTS_DELIMITER_PRODUCT length=4 code=122 ax=1
VERIFY_TTS_DELIMITER_PRODUCT length=4 code=123 ax=1
VERIFY_TTS_DELIMITER_PRODUCT length=4 code=124 ax=1
VERIFY_TTS_DELIMITER_PRODUCT length=4 code=125 ax=1
VERIFY_TTS_DELIMITER_PRODUCT length=4 code=126 ax=1
VERIFY_TTS_DELIMITER_PRODUCT length=4 code=127 ax=1
VERIFY_TTS_DELIMITER_PRODUCT length=4 code=128 ax=1
VERIFY_TTS_DELIMITER_PRODUCT length=4 code=129 ax=1
VERIFY_TTS_DELIMITER_PRODUCT length=4 code=130 ax=1
VERIFY_TTS_DELIMITER_PRODUCT length=4 code=131 ax=1
VERIFY_TTS_DELIMITER_PRODUCT length=4 code=132 ax=1
VERIFY_TTS_DELIMITER_PRODUCT length=4 code=133 ax=1
VERIFY_TTS_DELIMITER_PRODUCT length=4 code=134 ax=1
VERIFY_TTS_DELIMITER_PRODUCT length=4 code=135 ax=1
VERIFY_TTS_DELIMITER_PRODUCT length=4 code=136 ax=1
VERIFY_TTS_DELIMITER_PRODUCT length=4 code=137 ax=1
VERIFY_TTS_DELIMITER_PRODUCT length=4 code=138 ax=1
VERIFY_TTS_DELIMITER_PRODUCT length=4 code=139 ax=1
VERIFY_TTS_DELIMITER_PRODUCT length=4 code=140 ax=1
VERIFY_TTS_DELIMITER_PRODUCT length=4 code=141 ax=1
VERIFY_TTS_DELIMITER_PRODUCT length=4 code=142 ax=1
VERIFY_TTS_DELIMITER_PRODUCT length=4 code=143 ax=1
VERIFY_TTS_DELIMITER_PRODUCT length=4 code=144 ax=1
VERIFY_TTS_DELIMITER_PRODUCT length=4 code=145 ax=1
VERIFY_TTS_DELIMITER_PRODUCT length=4 code=146 ax=1
VERIFY_TTS_DELIMITER_PRODUCT length=4 code=147 ax=1
VERIFY_TTS_DELIMITER_PRODUCT length=4 code=148 ax=1
VERIFY_TTS_DELIMITER_PRODUCT length=4 code=149 ax=1
VERIFY_TTS_DELIMITER_PRODUCT length=4 code=150 ax=1
VERIFY_TTS_DELIMITER_PRODUCT length=4 code=151 ax=1
VERIFY_TTS_DELIMITER_PRODUCT length=4 code=152 ax=1
VERIFY_TTS_DELIMITER_PRODUCT length=4 code=153 ax=1
VERIFY_TTS_DELIMITER_PRODUCT length=4 code=154 ax=1
VERIFY_TTS_DELIMITER_PRODUCT length=4 code=155 ax=1
VERIFY_TTS_DELIMITER_PRODUCT length=4 code=156 ax=1
VERIFY_TTS_DELIMITER_PRODUCT length=4 code=157 ax=1
VERIFY_TTS_DELIMITER_PRODUCT length=4 code=158 ax=1
VERIFY_TTS_DELIMITER_PRODUCT length=4 code=159 ax=1
VERIFY_TTS_DELIMITER_PRODUCT length=4 code=160 ax=65531
VERIFY_TTS_DELIMITER_PRODUCT length=4 code=161 ax=65531
VERIFY_TTS_DELIMITER_PRODUCT length=4 code=162 ax=1
VERIFY_TTS_DELIMITER_PRODUCT length=4 code=163 ax=1
VERIFY_TTS_DELIMITER_PRODUCT length=4 code=164 ax=65531
VERIFY_TTS_DELIMITER_PRODUCT length=4 code=165 ax=65531
VERIFY_TTS_DELIMITER_PRODUCT length=4 code=166 ax=1
VERIFY_TTS_DELIMITER_PRODUCT length=4 code=167 ax=1
VERIFY_TTS_DELIMITER_PRODUCT length=4 code=168 ax=65531
VERIFY_TTS_DELIMITER_PRODUCT length=4 code=169 ax=65531
VERIFY_TTS_DELIMITER_PRODUCT length=4 code=170 ax=65531
VERIFY_TTS_DELIMITER_PRODUCT length=4 code=171 ax=1
VERIFY_TTS_DELIMITER_PRODUCT length=4 code=172 ax=1
VERIFY_TTS_DELIMITER_PRODUCT length=4 code=173 ax=1
VERIFY_TTS_DELIMITER_PRODUCT length=4 code=174 ax=1
VERIFY_TTS_DELIMITER_PRODUCT length=4 code=175 ax=1
VERIFY_TTS_DELIMITER_PRODUCT length=4 code=176 ax=1
VERIFY_TTS_DELIMITER_PRODUCT length=4 code=177 ax=1
VERIFY_TTS_DELIMITER_PRODUCT length=4 code=178 ax=1
VERIFY_TTS_DELIMITER_PRODUCT length=4 code=179 ax=1
VERIFY_TTS_DELIMITER_PRODUCT length=4 code=180 ax=1
VERIFY_TTS_DELIMITER_PRODUCT length=4 code=181 ax=1
VERIFY_TTS_DELIMITER_PRODUCT length=4 code=182 ax=1
VERIFY_TTS_DELIMITER_PRODUCT length=4 code=183 ax=1
VERIFY_TTS_DELIMITER_PRODUCT length=4 code=184 ax=1
VERIFY_TTS_DELIMITER_PRODUCT length=4 code=185 ax=1
VERIFY_TTS_DELIMITER_PRODUCT length=4 code=186 ax=1
VERIFY_TTS_DELIMITER_PRODUCT length=4 code=187 ax=1
VERIFY_TTS_DELIMITER_PRODUCT length=4 code=188 ax=1
VERIFY_TTS_DELIMITER_PRODUCT length=4 code=189 ax=1
VERIFY_TTS_DELIMITER_PRODUCT length=4 code=190 ax=1
VERIFY_TTS_DELIMITER_PRODUCT length=4 code=191 ax=1
VERIFY_TTS_DELIMITER_PRODUCT length=4 code=192 ax=1
VERIFY_TTS_DELIMITER_PRODUCT length=4 code=193 ax=1
VERIFY_TTS_DELIMITER_PRODUCT length=4 code=194 ax=1
VERIFY_TTS_DELIMITER_PRODUCT length=4 code=195 ax=1
VERIFY_TTS_DELIMITER_PRODUCT length=4 code=196 ax=1
VERIFY_TTS_DELIMITER_PRODUCT length=4 code=197 ax=1
VERIFY_TTS_DELIMITER_PRODUCT length=4 code=198 ax=1
VERIFY_TTS_DELIMITER_PRODUCT length=4 code=199 ax=1
VERIFY_TTS_DELIMITER_PRODUCT length=4 code=200 ax=1
VERIFY_TTS_DELIMITER_PRODUCT length=4 code=201 ax=1
VERIFY_TTS_DELIMITER_PRODUCT length=4 code=202 ax=1
VERIFY_TTS_DELIMITER_PRODUCT length=4 code=203 ax=1
VERIFY_TTS_DELIMITER_PRODUCT length=4 code=204 ax=1
VERIFY_TTS_DELIMITER_PRODUCT length=4 code=205 ax=1
VERIFY_TTS_DELIMITER_PRODUCT length=4 code=206 ax=1
VERIFY_TTS_DELIMITER_PRODUCT length=4 code=207 ax=1
VERIFY_TTS_DELIMITER_PRODUCT length=4 code=208 ax=1
VERIFY_TTS_DELIMITER_PRODUCT length=4 code=209 ax=1
VERIFY_TTS_DELIMITER_PRODUCT length=4 code=210 ax=1
VERIFY_TTS_DELIMITER_PRODUCT length=4 code=211 ax=1
VERIFY_TTS_DELIMITER_PRODUCT length=4 code=212 ax=1
VERIFY_TTS_DELIMITER_PRODUCT length=4 code=213 ax=1
VERIFY_TTS_DELIMITER_PRODUCT length=4 code=214 ax=1
VERIFY_TTS_DELIMITER_PRODUCT length=4 code=215 ax=1
VERIFY_TTS_DELIMITER_PRODUCT length=4 code=216 ax=1
VERIFY_TTS_DELIMITER_PRODUCT length=4 code=217 ax=1
VERIFY_TTS_DELIMITER_PRODUCT length=4 code=218 ax=1
VERIFY_TTS_DELIMITER_PRODUCT length=4 code=219 ax=1
VERIFY_TTS_DELIMITER_PRODUCT length=4 code=220 ax=1
VERIFY_TTS_DELIMITER_PRODUCT length=4 code=221 ax=1
VERIFY_TTS_DELIMITER_PRODUCT length=4 code=222 ax=1
VERIFY_TTS_DELIMITER_PRODUCT length=4 code=223 ax=1
VERIFY_TTS_DELIMITER_PRODUCT length=4 code=224 ax=1
VERIFY_TTS_DELIMITER_PRODUCT length=4 code=225 ax=1
VERIFY_TTS_DELIMITER_PRODUCT length=4 code=226 ax=1
VERIFY_TTS_DELIMITER_PRODUCT length=4 code=227 ax=1
VERIFY_TTS_DELIMITER_PRODUCT length=4 code=228 ax=1
VERIFY_TTS_DELIMITER_PRODUCT length=4 code=229 ax=1
VERIFY_TTS_DELIMITER_PRODUCT length=4 code=230 ax=1
VERIFY_TTS_DELIMITER_PRODUCT length=4 code=231 ax=1
VERIFY_TTS_DELIMITER_PRODUCT length=4 code=232 ax=1
VERIFY_TTS_DELIMITER_PRODUCT length=4 code=233 ax=1
VERIFY_TTS_DELIMITER_PRODUCT length=4 code=234 ax=1
VERIFY_TTS_DELIMITER_PRODUCT length=4 code=235 ax=1
VERIFY_TTS_DELIMITER_PRODUCT length=4 code=236 ax=1
VERIFY_TTS_DELIMITER_PRODUCT length=4 code=237 ax=1
VERIFY_TTS_DELIMITER_PRODUCT length=4 code=238 ax=1
VERIFY_TTS_DELIMITER_PRODUCT length=4 code=239 ax=1
VERIFY_TTS_DELIMITER_PRODUCT length=4 code=240 ax=1
VERIFY_TTS_DELIMITER_PRODUCT length=4 code=241 ax=1
VERIFY_TTS_DELIMITER_PRODUCT length=4 code=242 ax=1
VERIFY_TTS_DELIMITER_PRODUCT length=4 code=243 ax=1
VERIFY_TTS_DELIMITER_PRODUCT length=4 code=244 ax=1
VERIFY_TTS_DELIMITER_PRODUCT length=4 code=245 ax=1
VERIFY_TTS_DELIMITER_PRODUCT length=4 code=246 ax=1
VERIFY_TTS_DELIMITER_PRODUCT length=4 code=247 ax=1
VERIFY_TTS_DELIMITER_PRODUCT length=4 code=248 ax=1
VERIFY_TTS_DELIMITER_PRODUCT length=4 code=249 ax=1
VERIFY_TTS_DELIMITER_PRODUCT length=4 code=250 ax=1
VERIFY_TTS_DELIMITER_PRODUCT length=4 code=251 ax=1
VERIFY_TTS_DELIMITER_PRODUCT length=4 code=252 ax=1
VERIFY_TTS_DELIMITER_PRODUCT length=4 code=253 ax=1
VERIFY_TTS_DELIMITER_PRODUCT length=4 code=254 ax=1
VERIFY_TTS_DELIMITER_PRODUCT length=4 code=255 ax=1
[Inferior 1 (Remote target) exited normally]
Wine-gdb> 0114:0118: create process 'Z:\samples\voicetext_paul.exe'/00000000 @004014C0 (450560<1847>)
0114:0118: create thread I @004014C0
0114:0118: loads DLL C:\windows\system32\ntdll.dll @7BD10000 (2994176<5095>)
0114:0118: loads DLL C:\windows\system32\kernel32.dll @7BB90000 (1466368<19395>)
0114:0118: loads DLL C:\windows\system32\kernelbase.dll @7B650000 (5410816<14148>)
0114:0118: loads DLL C:\windows\system32\msvcrt.dll @7B2A0000 (2715648<8214>)
0114:0118: loads DLL Z:\samples\vt_pau.dll @10000000 (0<0>)
0114:0118: loads DLL C:\windows\system32\WINMM.dll @78C50000 (1474560<4890>)
0114:0118: loads DLL C:\windows\system32\advapi32.dll @7B550000 (958464<7400>)
0114:0118: loads DLL C:\windows\system32\sechost.dll @7B200000 (565248<3163>)
0114:0118: loads DLL C:\windows\system32\ucrtbase.dll @7AEE0000 (3198976<11541>)
0114:0118: loads DLL C:\windows\system32\msacm32.dll @78BD0000 (413696<1982>)
0114:0118: loads DLL C:\windows\system32\user32.dll @7A160000 (5005312<14159>)
0114:0118: loads DLL Z:\samples\zlib1.dll @7A120000 (135680<0>)
0114:0118: loads DLL C:\windows\system32\gdi32.dll @7A640000 (2355200<7390>)
0114:0118: loads DLL C:\windows\system32\win32u.dll @7A0D0000 (221184<1966>)
0114:0118: loads DLL C:\windows\system32\ole32.dll @7A9F0000 (4440064<14323>)
0114:0118: loads DLL C:\windows\system32\combase.dll @7A890000 (1314816<7562>)
0114:0118: loads DLL C:\windows\system32\rpcrt4.dll @79EA0000 (2162688<9274>)
0114:0118: loads DLL C:\windows\system32\coml2.dll @79E40000 (262144<3883>)
0114:0118: loads DLL C:\windows\system32\iphlpapi.dll @779C0000 (487424<4777>)
0114:0118: loads DLL C:\windows\system32\dnsapi.dll @77970000 (258048<1399>)
0114:0118: loads DLL C:\windows\system32\nsi.dll @77940000 (118784<823>)
0114:0118: loads DLL C:\windows\system32\ws2_32.dll @7AE40000 (565248<2279>)
0114:0118: loads DLL C:\windows\system32\tzres.dll @009C0000 (0<0>)
00000114:00000118: unload DLL @009C0000
0114:0118: loads DLL C:\windows\system32\tzres.dll @009C0000 (0<0>)
00000114:00000118: unload DLL @009C0000
0114:0118: loads DLL C:\windows\system32\imm32.dll @782F0000 (401408<2996>)
0114:0118: loads DLL C:\windows\system32\winex11.drv @780F0000 (307200<4314>)
0114:0118: loads DLL C:\windows\system32\uxtheme.dll @78030000 (671744<3646>)
00000114:00000118: exit process (0)
X connection to :99 broken (explicit kill or server shutdown).
X connection to :99 broken (explicit kill or server shutdown).
