Wine-gdb> Wine-gdb> Wine-gdb> Wine-gdb> Breakpoint 1 at 0x10024060
Wine-gdb> >>>>>>>>>>>>>>>>> > > > >  >  >  >  >  > >>>>> > > > > > > > > >>>Wine-gdb> Wine-gdb> Breakpoint 2 at 0x10023060
Wine-gdb> >>> > > > > > > > >  >  >  >  > > > >  >  >  >  > >>>Wine-gdb> Wine-gdb> Breakpoint 3 at 0x1001b200
Wine-gdb> >>>>>Wine-gdb> Wine-gdb> Breakpoint 4 at 0x408187
Wine-gdb> >>>>Wine-gdb> Wine-gdb> Continuing.
LEGACY_KEY_PATCH_ENTER n=1 slot=0 bank=0 leaf=0 before:0x24e0752:	90	90	53	7	90	160	0
LEGACY_KEY_PATCH_ACTIVE n=1 slot=0 signature:0x24e0752:	90	90	34	23	90	160	0
Temporary breakpoint 5 at 0x10024808
LEGACY_KEY_METRIC_ENTRY caller=0x10024271 count=1 ids_weights: 32928:30
Temporary breakpoint 6 at 0x10024271
LEGACY_KEY_METRIC_RETURN sum=30
LEGACY_KEY_PATCH_RESTORED n=1 slot=0 accepted=1 signature:0x24e0752:	90	90	53	7	90	160	0
LEGACY_KEY_PATCH_ENTER n=2 slot=1 bank=0 leaf=1 before:0x24e0759:	90	53	7	90	90	101	0
LEGACY_KEY_PATCH_ACTIVE n=2 slot=1 signature:0x24e0759:	90	34	23	43	90	32	0
Temporary breakpoint 7 at 0x10024808
LEGACY_KEY_METRIC_ENTRY caller=0x10024271 count=1 ids_weights: 13478:9
Temporary breakpoint 8 at 0x10024271
LEGACY_KEY_METRIC_RETURN sum=9
LEGACY_KEY_PATCH_RESTORED n=2 slot=1 accepted=0 signature:0x24e0759:	90	53	7	90	90	101	0
SELECTED_UNIT n=1 id=272822
SELECTED_UNIT n=2 id=282532
SELECTED_UNIT n=3 id=282532
SELECTED_UNIT n=4 id=272823
[Inferior 1 (Remote target) exited normally]
Wine-gdb> 