GNU gdb (Ubuntu 15.1-1ubuntu1~24.04.1) 15.1
Copyright (C) 2024 Free Software Foundation, Inc.
License GPLv3+: GNU GPL version 3 or later <http://gnu.org/licenses/gpl.html>
This is free software: you are free to change and redistribute it.
There is NO WARRANTY, to the extent permitted by law.
Type "show copying" and "show warranty" for details.
This GDB was configured as "x86_64-linux-gnu".
Type "show configuration" for configuration details.
For bug reporting instructions, please see:
<https://www.gnu.org/software/gdb/bugs/>.
Find the GDB manual and other documentation resources online at:
    <http://www.gnu.org/software/gdb/documentation/>.

For help, type "help".
Type "apropos word" to search for commands related to "word".
warning: remote target does not support file transfer, attempting to access files from local filesystem.
Reading symbols from /samples/voicetext_kate.exe...
0x7bd64525 in DbgBreakPoint@0 ()
   from /usr/lib/i386-linux-gnu/wine/i386-windows/ntdll.dll
Wine-gdb> Wine-gdb> Wine-gdb> Wine-gdb> Signal        Stop	Print	Pass to program	Description
SIGSEGV       No	No	Yes		Segmentation fault
Wine-gdb> Wine-gdb> Wine-gdb> Copying output to /work/corpus-parity/stage20/hello-repeat-2013-order-only-264071-shortlist/adapted-order-only-264071-gdb.log.
Copying debug output to /work/corpus-parity/stage20/hello-repeat-2013-order-only-264071-shortlist/adapted-order-only-264071-gdb.log.
Wine-gdb> Already logging to /work/corpus-parity/stage20/hello-repeat-2013-order-only-264071-shortlist/adapted-order-only-264071-gdb.log.
Wine-gdb> Wine-gdb> Breakpoint 1 at 0x10023331
Wine-gdb> >>>> > > >  >  >   >   >  >  > >>>Wine-gdb> Wine-gdb> Wine-gdb> Wine-gdb> Wine-gdb> Breakpoint 2 at 0x100235f6
Wine-gdb> >>>> > > > >  >  >   >   >   >  >  > >  >  >  >  >  > >>>Wine-gdb> Wine-gdb> Wine-gdb> Breakpoint 3 at 0x1002389a
Wine-gdb> >>> > > >  >  > >>>Wine-gdb> Wine-gdb> Wine-gdb> Breakpoint 4 at 0x10023948
Wine-gdb> >>> > > > > > > >  >  >  >   >   >  >  > > >  >  >  >  >   >   >   >   >  >  >  > >>>Wine-gdb> Wine-gdb> Breakpoint 5 at 0x408187
Wine-gdb> >>>>Wine-gdb> Wine-gdb> Continuing.
ORDER_ONLY_SWAP position=6 unit=264071 old_index=22 new_index=0 unit_key=-1 unit_span=1 unit_weighted=0 swapped_with=4515 swapped_key=-1
SHORTLIST_UNIT_SCORE position=6 unit=264071 score=59.8 key=-1
SHORTLIST_UNIT_SCORE position=6 unit=49874 score=59.8 key=-1
SHORTLIST_SORT_INPUT position=6 total=79 presorted_prefix=0 suffix_count=79
SHORTLIST_SORT_TARGET position=6 index=0 unit=264071 score=59.8 key=59.8 flags=0
SHORTLIST_SORT_TARGET position=6 index=45 unit=49874 score=59.8 key=59.8 flags=0
Temporary breakpoint 6 at 0x1002394d
SHORTLIST_SORTED_TOP30 position=6 [0]=177867(score=49.8,key=49.8) [1]=166213(score=54.8,key=54.8) [2]=114916(score=54.8,key=54.8) [3]=6694(score=59.8,key=59.8) [4]=8054(score=59.8,key=59.8) [5]=9887(score=59.8,key=59.8) [6]=11362(score=59.8,key=59.8) [7]=13941(score=59.8,key=59.8) [8]=14659(score=59.8,key=59.8) [9]=15884(score=59.8,key=59.8) [10]=19726(score=59.8,key=59.8) [11]=264071(score=59.8,key=59.8) [12]=21433(score=59.8,key=59.8) [13]=27063(score=59.8,key=59.8) [14]=32482(score=59.8,key=59.8) [15]=46001(score=59.8,key=59.8) [16]=49874(score=59.8,key=59.8) [17]=56107(score=59.8,key=59.8) [18]=59821(score=59.8,key=59.8) [19]=62239(score=59.8,key=59.8) [20]=68423(score=59.8,key=59.8) [21]=5030(score=59.8,key=59.8) [22]=69479(score=59.8,key=59.8) [23]=86057(score=59.8,key=59.8) [24]=93490(score=59.8,key=59.8) [25]=97409(score=59.8,key=59.8) [26]=97795(score=59.8,key=59.8) [27]=104395(score=59.8,key=59.8) [28]=105256(score=59.8,key=59.8) [29]=106543(score=59.8,key=59.8)
[Inferior 1 (Remote target) exited normally]
Wine-gdb> 0114:0118: create process 'Z:\samples\voicetext_kate.exe'/00000000 @004014C0 (450560<1847>)
0114:0118: create thread I @004014C0
0114:0118: loads DLL C:\windows\system32\ntdll.dll @7BD10000 (2994176<5095>)
0114:0118: loads DLL C:\windows\system32\kernel32.dll @7BB90000 (1466368<19395>)
0114:0118: loads DLL C:\windows\system32\kernelbase.dll @7B650000 (5410816<14148>)
0114:0118: loads DLL C:\windows\system32\msvcrt.dll @7B2A0000 (2715648<8214>)
0114:0118: loads DLL Z:\samples\vt_kat.dll @10000000 (0<0>)
0114:0118: loads DLL C:\windows\system32\WINMM.dll @78EC0000 (1474560<4890>)
0114:0118: loads DLL C:\windows\system32\advapi32.dll @7B550000 (958464<7400>)
0114:0118: loads DLL C:\windows\system32\sechost.dll @7B200000 (565248<3163>)
0114:0118: loads DLL C:\windows\system32\ucrtbase.dll @7AEE0000 (3198976<11541>)
0114:0118: loads DLL C:\windows\system32\msacm32.dll @78E40000 (413696<1982>)
0114:0118: loads DLL C:\windows\system32\user32.dll @7A160000 (5005312<14159>)
0114:0118: loads DLL Z:\samples\zlib1.dll @7A120000 (135680<0>)
0114:0118: loads DLL C:\windows\system32\gdi32.dll @7A640000 (2355200<7390>)
0114:0118: loads DLL C:\windows\system32\win32u.dll @7A0D0000 (221184<1966>)
0114:0118: loads DLL C:\windows\system32\ole32.dll @7A9F0000 (4440064<14323>)
0114:0118: loads DLL C:\windows\system32\combase.dll @7A890000 (1314816<7562>)
0114:0118: loads DLL C:\windows\system32\rpcrt4.dll @79EA0000 (2162688<9274>)
0114:0118: loads DLL C:\windows\system32\coml2.dll @79E40000 (262144<3883>)
0114:0118: loads DLL C:\windows\system32\iphlpapi.dll @779C0000 (487424<4777>)
0114:0118: loads DLL C:\windows\system32\dnsapi.dll @77970000 (258048<1399>)
0114:0118: loads DLL C:\windows\system32\nsi.dll @77940000 (118784<823>)
0114:0118: loads DLL C:\windows\system32\ws2_32.dll @7AE40000 (565248<2279>)
0114:0118: loads DLL C:\windows\system32\tzres.dll @009C0000 (0<0>)
00000114:00000118: unload DLL @009C0000
0114:0118: loads DLL C:\windows\system32\tzres.dll @009C0000 (0<0>)
00000114:00000118: unload DLL @009C0000
0114:0118: loads DLL C:\windows\system32\imm32.dll @782F0000 (401408<2996>)
0114:0118: loads DLL C:\windows\system32\winex11.drv @780F0000 (307200<4314>)
0114:0118: loads DLL C:\windows\system32\uxtheme.dll @77FF0000 (671744<3646>)
00000114:00000118: exit process (0)
X connection to :99 broken (explicit kill or server shutdown).
X connection to :99 broken (explicit kill or server shutdown).
