Wine-gdb> Already logging to /work/corpus-parity/stage20/hello-repeat-2013-bit7-disk-overlay-attrb-neutralized/attrb-neutralized-gdb.log.
Wine-gdb> Wine-gdb> Breakpoint 1 at 0x10023331
Wine-gdb> >>>> > > >  >  >   >   >  >  > >>>Wine-gdb> Wine-gdb> Wine-gdb> Wine-gdb> Breakpoint 2 at 0x10018c80
Wine-gdb> >>>>> > > > >  >  >  >  >  >  >   >   >   >   >    >    >    >    >    >   >   >  >  > >>>Wine-gdb> Wine-gdb> Wine-gdb> Breakpoint 3 at 0x1001b200
Wine-gdb> >>> > >>>Wine-gdb> Wine-gdb> Breakpoint 4 at 0x408187
Wine-gdb> >>>>Wine-gdb> Wine-gdb> Breakpoint 5 at 0x10018736
Wine-gdb> >>>>>>Wine-gdb> Wine-gdb> Breakpoint 6 at 0x1001864a
Wine-gdb> >>>>>>Wine-gdb> Wine-gdb> Continuing.
ATTRB_NEUTRALIZED branch=flagged-path contribution=48
ATTRB_NEUTRALIZED branch=flagged-path contribution=48
ATTRB_NEUTRALIZED branch=flagged-path contribution=48
ATTRB_NEUTRALIZED branch=flagged-path contribution=48
ATTRB_NEUTRALIZED branch=flagged-path contribution=48
ATTRB_NEUTRALIZED branch=flagged-path contribution=48
ATTRB_NEUTRALIZED branch=flagged-path contribution=48
ATTRB_NEUTRALIZED branch=flagged-path contribution=48
ATTRB_NEUTRALIZED branch=flagged-path contribution=48
ATTRB_NEUTRALIZED branch=flagged-path contribution=48
ATTRB_NEUTRALIZED branch=flagged-path contribution=48
ATTRB_NEUTRALIZED branch=flagged-path contribution=48
ATTRB_NEUTRALIZED branch=flagged-path contribution=48
ATTRB_NEUTRALIZED branch=flagged-path contribution=48
ATTRB_NEUTRALIZED branch=flagged-path contribution=48
ATTRB_NEUTRALIZED branch=flagged-path contribution=48
ATTRB_NEUTRALIZED branch=flagged-path contribution=48
ATTRB_NEUTRALIZED branch=flagged-path contribution=48
ATTRB_NEUTRALIZED branch=flagged-path contribution=48
ATTRB_NEUTRALIZED branch=flagged-path contribution=48
ATTRB_NEUTRALIZED branch=flagged-path contribution=48
ATTRB_NEUTRALIZED branch=flagged-path contribution=48
ATTRB_NEUTRALIZED branch=flagged-path contribution=48
ATTRB_NEUTRALIZED branch=flagged-path contribution=48
ATTRB_NEUTRALIZED branch=flagged-path contribution=48
ATTRB_NEUTRALIZED branch=flagged-path contribution=48
ATTRB_NEUTRALIZED branch=flagged-path contribution=48
ATTRB_NEUTRALIZED branch=flagged-path contribution=48
ATTRB_NEUTRALIZED branch=flagged-path contribution=48
ATTRB_NEUTRALIZED branch=flagged-path contribution=48
ATTRB_NEUTRALIZED branch=flagged-path contribution=48
ATTRB_NEUTRALIZED branch=flagged-path contribution=48
ATTRB_NEUTRALIZED branch=flagged-path contribution=48
ATTRB_NEUTRALIZED branch=flagged-path contribution=48
ATTRB_NEUTRALIZED branch=flagged-path contribution=48
ATTRB_NEUTRALIZED branch=flagged-path contribution=48
ATTRB_NEUTRALIZED branch=flagged-path contribution=48
ATTRB_NEUTRALIZED branch=flagged-path contribution=48
ATTRB_NEUTRALIZED branch=flagged-path contribution=48
ATTRB_NEUTRALIZED branch=flagged-path contribution=48
ATTRB_NEUTRALIZED branch=flagged-path contribution=48
ATTRB_NEUTRALIZED branch=flagged-path contribution=48
ATTRB_NEUTRALIZED branch=flagged-path contribution=48
ATTRB_NEUTRALIZED branch=flagged-path contribution=48
ATTRB_NEUTRALIZED branch=flagged-path contribution=48
ATTRB_NEUTRALIZED branch=flagged-path contribution=48
ATTRB_NEUTRALIZED branch=flagged-path contribution=48
ATTRB_NEUTRALIZED branch=flagged-path contribution=48
ATTRB_NEUTRALIZED branch=flagged-path contribution=48
ATTRB_NEUTRALIZED branch=flagged-path contribution=48
ATTRB_NEUTRALIZED branch=flagged-path contribution=48
ATTRB_NEUTRALIZED branch=flagged-path contribution=48
ATTRB_NEUTRALIZED branch=flagged-path contribution=48
ATTRB_NEUTRALIZED branch=flagged-path contribution=48
ATTRB_NEUTRALIZED branch=flagged-path contribution=48
ATTRB_NEUTRALIZED branch=flagged-path contribution=48
ATTRB_NEUTRALIZED branch=flagged-path contribution=48
ATTRB_NEUTRALIZED branch=flagged-path contribution=48
ATTRB_NEUTRALIZED branch=flagged-path contribution=48
ATTRB_NEUTRALIZED branch=flagged-path contribution=48
ATTRB_NEUTRALIZED branch=flagged-path contribution=48
ATTRB_NEUTRALIZED branch=flagged-path contribution=48
ATTRB_NEUTRALIZED branch=flagged-path contribution=48
ATTRB_NEUTRALIZED branch=flagged-path contribution=48
ATTRB_NEUTRALIZED branch=flagged-path contribution=48
ATTRB_NEUTRALIZED branch=flagged-path contribution=48
ATTRB_NEUTRALIZED branch=flagged-path contribution=48
ATTRB_NEUTRALIZED branch=flagged-path contribution=48
ATTRB_NEUTRALIZED branch=flagged-path contribution=48
ATTRB_NEUTRALIZED branch=flagged-path contribution=48
ATTRB_NEUTRALIZED branch=flagged-path contribution=48
ATTRB_NEUTRALIZED branch=flagged-path contribution=48
ATTRB_NEUTRALIZED branch=flagged-path contribution=48
ATTRB_NEUTRALIZED branch=flagged-path contribution=48
ATTRB_NEUTRALIZED branch=flagged-path contribution=48
ATTRB_NEUTRALIZED branch=signature-path contribution=12
ATTRB_NEUTRALIZED branch=signature-path contribution=12
ATTRB_NEUTRALIZED branch=signature-path contribution=12
ATTRB_NEUTRALIZED branch=signature-path contribution=12
ATTRB_NEUTRALIZED branch=signature-path contribution=12
ATTRB_NEUTRALIZED branch=signature-path contribution=12
ATTRB_NEUTRALIZED branch=signature-path contribution=12
ATTRB_NEUTRALIZED branch=signature-path contribution=12
ATTRB_NEUTRALIZED branch=signature-path contribution=12
ATTRB_NEUTRALIZED branch=signature-path contribution=12
Temporary breakpoint 7 at 0x100248d6
COMPLETED_PATH_ROW context=1 candidates=10 predecessors=30
COMPLETED_PATH context=1 unit=264072 cumulative=13.5808 predecessor_index=9 predecessor=252497
COMPLETED_PATH context=1 unit=13942 cumulative=19.3179 predecessor_index=3 predecessor=267478
COMPLETED_PATH context=1 unit=36540 cumulative=16.4325 predecessor_index=24 predecessor=270371
COMPLETED_PATH context=1 unit=53487 cumulative=11.4927 predecessor_index=0 predecessor=273369
COMPLETED_PATH context=1 unit=96599 cumulative=17.7343 predecessor_index=0 predecessor=273369
COMPLETED_PATH context=1 unit=268760 cumulative=12.5993 predecessor_index=26 predecessor=222240
COMPLETED_PATH context=1 unit=272152 cumulative=15.7031 predecessor_index=0 predecessor=273369
COMPLETED_PATH context=1 unit=272823 cumulative=14.0885 predecessor_index=18 predecessor=3756
COMPLETED_PATH context=1 unit=273370 cumulative=7.01163 predecessor_index=0 predecessor=273369
COMPLETED_PATH context=1 unit=145101 cumulative=11.7356 predecessor_index=26 predecessor=222240
ATTRB_NEUTRALIZED branch=signature-path contribution=12
ATTRB_NEUTRALIZED branch=signature-path contribution=12
ATTRB_NEUTRALIZED branch=signature-path contribution=12
ATTRB_NEUTRALIZED branch=signature-path contribution=12
ATTRB_NEUTRALIZED branch=signature-path contribution=12
ATTRB_NEUTRALIZED branch=signature-path contribution=12
ATTRB_NEUTRALIZED branch=signature-path contribution=12
ATTRB_NEUTRALIZED branch=signature-path contribution=12
ATTRB_NEUTRALIZED branch=signature-path contribution=12
ATTRB_NEUTRALIZED branch=signature-path contribution=12
ATTRB_NEUTRALIZED branch=signature-path contribution=12
ATTRB_NEUTRALIZED branch=signature-path contribution=12
ATTRB_NEUTRALIZED branch=signature-path contribution=12
ATTRB_NEUTRALIZED branch=signature-path contribution=12
ATTRB_NEUTRALIZED branch=signature-path contribution=12
ATTRB_NEUTRALIZED branch=signature-path contribution=12
ATTRB_NEUTRALIZED branch=signature-path contribution=12
ATTRB_NEUTRALIZED branch=signature-path contribution=12
ATTRB_NEUTRALIZED branch=signature-path contribution=12
ATTRB_NEUTRALIZED branch=signature-path contribution=12
ATTRB_NEUTRALIZED branch=signature-path contribution=12
ATTRB_NEUTRALIZED branch=signature-path contribution=12
ATTRB_NEUTRALIZED branch=signature-path contribution=12
Temporary breakpoint 8 at 0x100248d6
COMPLETED_PATH_ROW context=2 candidates=23 predecessors=10
COMPLETED_PATH context=2 unit=264072 cumulative=18.5956 predecessor_index=0 predecessor=264072
COMPLETED_PATH context=2 unit=36540 cumulative=21.9541 predecessor_index=2 predecessor=36540
COMPLETED_PATH context=2 unit=273370 cumulative=12.1985 predecessor_index=8 predecessor=273370
COMPLETED_PATH context=2 unit=272823 cumulative=20.0171 predecessor_index=7 predecessor=272823
COMPLETED_PATH context=2 unit=272152 cumulative=20.7061 predecessor_index=6 predecessor=272152
COMPLETED_PATH context=2 unit=268760 cumulative=17.9094 predecessor_index=5 predecessor=268760
COMPLETED_PATH context=2 unit=96599 cumulative=22.8419 predecessor_index=4 predecessor=96599
COMPLETED_PATH context=2 unit=13942 cumulative=24.9486 predecessor_index=1 predecessor=13942
COMPLETED_PATH context=2 unit=53487 cumulative=16.5076 predecessor_index=3 predecessor=53487
COMPLETED_PATH context=2 unit=4105 cumulative=25.776 predecessor_index=8 predecessor=273370
COMPLETED_PATH context=2 unit=72577 cumulative=25.1527 predecessor_index=8 predecessor=273370
COMPLETED_PATH context=2 unit=63692 cumulative=33.7632 predecessor_index=5 predecessor=268760
COMPLETED_PATH context=2 unit=93736 cumulative=30.0797 predecessor_index=8 predecessor=273370
COMPLETED_PATH context=2 unit=235111 cumulative=29.7717 predecessor_index=8 predecessor=273370
COMPLETED_PATH context=2 unit=57821 cumulative=86.6443 predecessor_index=1 predecessor=13942
COMPLETED_PATH context=2 unit=128526 cumulative=48.5631 predecessor_index=7 predecessor=272823
COMPLETED_PATH context=2 unit=2244 cumulative=82.6787 predecessor_index=1 predecessor=13942
COMPLETED_PATH context=2 unit=64011 cumulative=60.8932 predecessor_index=1 predecessor=13942
COMPLETED_PATH context=2 unit=48369 cumulative=47.2325 predecessor_index=2 predecessor=36540
COMPLETED_PATH context=2 unit=45237 cumulative=30.1865 predecessor_index=5 predecessor=268760
COMPLETED_PATH context=2 unit=77285 cumulative=28.2309 predecessor_index=8 predecessor=273370
COMPLETED_PATH context=2 unit=281786 cumulative=29.3968 predecessor_index=8 predecessor=273370
COMPLETED_PATH context=2 unit=115179 cumulative=23.281 predecessor_index=8 predecessor=273370
ATTRB_NEUTRALIZED branch=signature-path contribution=70
ATTRB_NEUTRALIZED branch=signature-path contribution=70
ATTRB_NEUTRALIZED branch=signature-path contribution=70
ATTRB_NEUTRALIZED branch=signature-path contribution=70
ATTRB_NEUTRALIZED branch=signature-path contribution=70
ATTRB_NEUTRALIZED branch=signature-path contribution=70
ATTRB_NEUTRALIZED branch=signature-path contribution=70
ATTRB_NEUTRALIZED branch=signature-path contribution=70
ATTRB_NEUTRALIZED branch=signature-path contribution=70
ATTRB_NEUTRALIZED branch=signature-path contribution=70
ATTRB_NEUTRALIZED branch=signature-path contribution=70
ATTRB_NEUTRALIZED branch=signature-path contribution=70
ATTRB_NEUTRALIZED branch=signature-path contribution=70
ATTRB_NEUTRALIZED branch=signature-path contribution=70
ATTRB_NEUTRALIZED branch=signature-path contribution=70
ATTRB_NEUTRALIZED branch=signature-path contribution=70
ATTRB_NEUTRALIZED branch=signature-path contribution=70
ATTRB_NEUTRALIZED branch=signature-path contribution=70
ATTRB_NEUTRALIZED branch=signature-path contribution=70
ATTRB_NEUTRALIZED branch=signature-path contribution=70
ATTRB_NEUTRALIZED branch=signature-path contribution=70
ATTRB_NEUTRALIZED branch=signature-path contribution=70
ATTRB_NEUTRALIZED branch=signature-path contribution=70
ATTRB_NEUTRALIZED branch=signature-path contribution=70
ATTRB_NEUTRALIZED branch=signature-path contribution=70
Temporary breakpoint 9 at 0x100248d6
COMPLETED_PATH_ROW context=3 candidates=25 predecessors=18
COMPLETED_PATH context=3 unit=264073 cumulative=18.6568 predecessor_index=0 predecessor=264072
COMPLETED_PATH context=3 unit=2529 cumulative=139.987 predecessor_index=8 predecessor=53487
COMPLETED_PATH context=3 unit=272824 cumulative=22.9088 predecessor_index=3 predecessor=272823
COMPLETED_PATH context=3 unit=272153 cumulative=22.7364 predecessor_index=4 predecessor=272152
COMPLETED_PATH context=3 unit=265815 cumulative=148.34 predecessor_index=3 predecessor=272823
COMPLETED_PATH context=3 unit=252236 cumulative=145.944 predecessor_index=5 predecessor=268760
COMPLETED_PATH context=3 unit=238356 cumulative=137.293 predecessor_index=2 predecessor=273370
COMPLETED_PATH context=3 unit=233274 cumulative=145.736 predecessor_index=3 predecessor=272823
COMPLETED_PATH context=3 unit=206047 cumulative=139.842 predecessor_index=2 predecessor=273370
COMPLETED_PATH context=3 unit=173825 cumulative=136.734 predecessor_index=2 predecessor=273370
COMPLETED_PATH context=3 unit=160529 cumulative=151.608 predecessor_index=3 predecessor=272823
COMPLETED_PATH context=3 unit=153132 cumulative=120.29 predecessor_index=5 predecessor=268760
COMPLETED_PATH context=3 unit=146098 cumulative=147.068 predecessor_index=5 predecessor=268760
COMPLETED_PATH context=3 unit=105185 cumulative=146.696 predecessor_index=5 predecessor=268760
COMPLETED_PATH context=3 unit=87003 cumulative=136.982 predecessor_index=2 predecessor=273370
COMPLETED_PATH context=3 unit=83568 cumulative=148.936 predecessor_index=16 predecessor=281786
COMPLETED_PATH context=3 unit=75575 cumulative=150.833 predecessor_index=3 predecessor=272823
COMPLETED_PATH context=3 unit=49761 cumulative=139.999 predecessor_index=2 predecessor=273370
COMPLETED_PATH context=3 unit=31841 cumulative=143.579 predecessor_index=2 predecessor=273370
COMPLETED_PATH context=3 unit=29459 cumulative=148.536 predecessor_index=8 predecessor=53487
COMPLETED_PATH context=3 unit=28296 cumulative=141.049 predecessor_index=8 predecessor=53487
COMPLETED_PATH context=3 unit=13943 cumulative=27.4742 predecessor_index=7 predecessor=13942
COMPLETED_PATH context=3 unit=6519 cumulative=147.711 predecessor_index=3 predecessor=272823
COMPLETED_PATH context=3 unit=4632 cumulative=138.016 predecessor_index=2 predecessor=273370
COMPLETED_PATH context=3 unit=273371 cumulative=14.5776 predecessor_index=2 predecessor=273370
ATTRB_NEUTRALIZED branch=signature-path contribution=6.5
ATTRB_NEUTRALIZED branch=signature-path contribution=52
ATTRB_NEUTRALIZED branch=signature-path contribution=52
ATTRB_NEUTRALIZED branch=signature-path contribution=52
ATTRB_NEUTRALIZED branch=signature-path contribution=52
ATTRB_NEUTRALIZED branch=signature-path contribution=52
ATTRB_NEUTRALIZED branch=signature-path contribution=52
ATTRB_NEUTRALIZED branch=signature-path contribution=52
ATTRB_NEUTRALIZED branch=signature-path contribution=52
ATTRB_NEUTRALIZED branch=signature-path contribution=52
ATTRB_NEUTRALIZED branch=signature-path contribution=52
ATTRB_NEUTRALIZED branch=signature-path contribution=52
ATTRB_NEUTRALIZED branch=signature-path contribution=52
ATTRB_NEUTRALIZED branch=signature-path contribution=52
ATTRB_NEUTRALIZED branch=signature-path contribution=52
ATTRB_NEUTRALIZED branch=signature-path contribution=52
ATTRB_NEUTRALIZED branch=signature-path contribution=52
ATTRB_NEUTRALIZED branch=signature-path contribution=52
ATTRB_NEUTRALIZED branch=signature-path contribution=52
ATTRB_NEUTRALIZED branch=signature-path contribution=52
ATTRB_NEUTRALIZED branch=signature-path contribution=52
ATTRB_NEUTRALIZED branch=signature-path contribution=52
ATTRB_NEUTRALIZED branch=signature-path contribution=52
ATTRB_NEUTRALIZED branch=signature-path contribution=52
ATTRB_NEUTRALIZED branch=signature-path contribution=6.5
ATTRB_NEUTRALIZED branch=signature-path contribution=6.5
ATTRB_NEUTRALIZED branch=signature-path contribution=6.5
ATTRB_NEUTRALIZED branch=signature-path contribution=6.5
ATTRB_NEUTRALIZED branch=signature-path contribution=6.5
ATTRB_NEUTRALIZED branch=signature-path contribution=6.5
ATTRB_NEUTRALIZED branch=signature-path contribution=6.5
ATTRB_NEUTRALIZED branch=signature-path contribution=6.5
ATTRB_NEUTRALIZED branch=signature-path contribution=6.5
ATTRB_NEUTRALIZED branch=signature-path contribution=6.5
ATTRB_NEUTRALIZED branch=signature-path contribution=6.5
ATTRB_NEUTRALIZED branch=signature-path contribution=6.5
ATTRB_NEUTRALIZED branch=signature-path contribution=6.5
ATTRB_NEUTRALIZED branch=signature-path contribution=6.5
ATTRB_NEUTRALIZED branch=signature-path contribution=6.5
ATTRB_NEUTRALIZED branch=signature-path contribution=6.5
ATTRB_NEUTRALIZED branch=signature-path contribution=52
ATTRB_NEUTRALIZED branch=signature-path contribution=52
ATTRB_NEUTRALIZED branch=signature-path contribution=52
ATTRB_NEUTRALIZED branch=signature-path contribution=52
ATTRB_NEUTRALIZED branch=signature-path contribution=52
ATTRB_NEUTRALIZED branch=signature-path contribution=6.5
ATTRB_NEUTRALIZED branch=signature-path contribution=52
ATTRB_NEUTRALIZED branch=signature-path contribution=52
ATTRB_NEUTRALIZED branch=signature-path contribution=6.5
ATTRB_NEUTRALIZED branch=signature-path contribution=6.5
ATTRB_NEUTRALIZED branch=signature-path contribution=52
ATTRB_NEUTRALIZED branch=signature-path contribution=52
ATTRB_NEUTRALIZED branch=signature-path contribution=52
ATTRB_NEUTRALIZED branch=signature-path contribution=52
ATTRB_NEUTRALIZED branch=signature-path contribution=52
ATTRB_NEUTRALIZED branch=signature-path contribution=52
ATTRB_NEUTRALIZED branch=signature-path contribution=52
ATTRB_NEUTRALIZED branch=signature-path contribution=52
ATTRB_NEUTRALIZED branch=signature-path contribution=52
ATTRB_NEUTRALIZED branch=signature-path contribution=52
ATTRB_NEUTRALIZED branch=signature-path contribution=52
ATTRB_NEUTRALIZED branch=signature-path contribution=52
ATTRB_NEUTRALIZED branch=signature-path contribution=52
ATTRB_NEUTRALIZED branch=signature-path contribution=52
ATTRB_NEUTRALIZED branch=signature-path contribution=52
ATTRB_NEUTRALIZED branch=signature-path contribution=52
ATTRB_NEUTRALIZED branch=signature-path contribution=52
ATTRB_NEUTRALIZED branch=signature-path contribution=52
ATTRB_NEUTRALIZED branch=signature-path contribution=52
ATTRB_NEUTRALIZED branch=signature-path contribution=52
ATTRB_NEUTRALIZED branch=signature-path contribution=52
ATTRB_NEUTRALIZED branch=signature-path contribution=52
ATTRB_NEUTRALIZED branch=signature-path contribution=6.5
ATTRB_NEUTRALIZED branch=signature-path contribution=52
ATTRB_NEUTRALIZED branch=signature-path contribution=52
ATTRB_NEUTRALIZED branch=signature-path contribution=52
ATTRB_NEUTRALIZED branch=signature-path contribution=6.5
ATTRB_NEUTRALIZED branch=signature-path contribution=6.5
ATTRB_NEUTRALIZED branch=signature-path contribution=52
ATTRB_NEUTRALIZED branch=signature-path contribution=52
ATTRB_NEUTRALIZED branch=signature-path contribution=52
ATTRB_NEUTRALIZED branch=signature-path contribution=52
ATTRB_NEUTRALIZED branch=signature-path contribution=52
ATTRB_NEUTRALIZED branch=signature-path contribution=6.5
Temporary breakpoint 10 at 0x100248d6
COMPLETED_PATH_ROW context=4 candidates=30 predecessors=15
COMPLETED_PATH context=4 unit=264074 cumulative=268.827 predecessor_index=0 predecessor=264073
COMPLETED_PATH context=4 unit=185764 cumulative=48.4245 predecessor_index=0 predecessor=264073
COMPLETED_PATH context=4 unit=184279 cumulative=47.1201 predecessor_index=0 predecessor=264073
COMPLETED_PATH context=4 unit=53333 cumulative=27.1134 predecessor_index=0 predecessor=264073
COMPLETED_PATH context=4 unit=224354 cumulative=25.0848 predecessor_index=14 predecessor=273371
COMPLETED_PATH context=4 unit=168174 cumulative=24.8998 predecessor_index=14 predecessor=273371
COMPLETED_PATH context=4 unit=205629 cumulative=20.8796 predecessor_index=0 predecessor=264073
COMPLETED_PATH context=4 unit=232604 cumulative=27.1338 predecessor_index=0 predecessor=264073
COMPLETED_PATH context=4 unit=179667 cumulative=25.1224 predecessor_index=14 predecessor=273371
COMPLETED_PATH context=4 unit=269907 cumulative=22.9298 predecessor_index=14 predecessor=273371
COMPLETED_PATH context=4 unit=33050 cumulative=24.665 predecessor_index=14 predecessor=273371
COMPLETED_PATH context=4 unit=95151 cumulative=27.6596 predecessor_index=14 predecessor=273371
COMPLETED_PATH context=4 unit=255006 cumulative=22.9632 predecessor_index=14 predecessor=273371
COMPLETED_PATH context=4 unit=241241 cumulative=38.574 predecessor_index=0 predecessor=264073
COMPLETED_PATH context=4 unit=241411 cumulative=33.0311 predecessor_index=14 predecessor=273371
COMPLETED_PATH context=4 unit=177994 cumulative=36.0625 predecessor_index=2 predecessor=272824
COMPLETED_PATH context=4 unit=247104 cumulative=30.0523 predecessor_index=14 predecessor=273371
COMPLETED_PATH context=4 unit=87447 cumulative=29.1815 predecessor_index=14 predecessor=273371
COMPLETED_PATH context=4 unit=232670 cumulative=24.0933 predecessor_index=14 predecessor=273371
COMPLETED_PATH context=4 unit=266905 cumulative=41.3208 predecessor_index=0 predecessor=264073
COMPLETED_PATH context=4 unit=208339 cumulative=25.6448 predecessor_index=14 predecessor=273371
COMPLETED_PATH context=4 unit=220464 cumulative=40.983 predecessor_index=2 predecessor=272824
COMPLETED_PATH context=4 unit=171885 cumulative=36.5094 predecessor_index=14 predecessor=273371
COMPLETED_PATH context=4 unit=232750 cumulative=34.9742 predecessor_index=2 predecessor=272824
COMPLETED_PATH context=4 unit=239975 cumulative=34.3806 predecessor_index=2 predecessor=272824
COMPLETED_PATH context=4 unit=210572 cumulative=38.2342 predecessor_index=14 predecessor=273371
COMPLETED_PATH context=4 unit=197581 cumulative=35.2258 predecessor_index=14 predecessor=273371
COMPLETED_PATH context=4 unit=73962 cumulative=35.7025 predecessor_index=14 predecessor=273371
COMPLETED_PATH context=4 unit=252673 cumulative=35.0221 predecessor_index=14 predecessor=273371
COMPLETED_PATH context=4 unit=209064 cumulative=42.737 predecessor_index=14 predecessor=273371
ATTRB_NEUTRALIZED branch=signature-path contribution=52
ATTRB_NEUTRALIZED branch=signature-path contribution=52
ATTRB_NEUTRALIZED branch=signature-path contribution=6.5
ATTRB_NEUTRALIZED branch=signature-path contribution=6.5
ATTRB_NEUTRALIZED branch=signature-path contribution=52
ATTRB_NEUTRALIZED branch=signature-path contribution=52
ATTRB_NEUTRALIZED branch=signature-path contribution=6.5
ATTRB_NEUTRALIZED branch=signature-path contribution=6.5
ATTRB_NEUTRALIZED branch=signature-path contribution=6.5
ATTRB_NEUTRALIZED branch=signature-path contribution=6.5
ATTRB_NEUTRALIZED branch=signature-path contribution=6.5
ATTRB_NEUTRALIZED branch=signature-path contribution=6.5
ATTRB_NEUTRALIZED branch=signature-path contribution=6.5
ATTRB_NEUTRALIZED branch=signature-path contribution=6.5
ATTRB_NEUTRALIZED branch=signature-path contribution=6.5
ATTRB_NEUTRALIZED branch=signature-path contribution=6.5
ATTRB_NEUTRALIZED branch=signature-path contribution=6.5
ATTRB_NEUTRALIZED branch=signature-path contribution=6.5
ATTRB_NEUTRALIZED branch=signature-path contribution=6.5
ATTRB_NEUTRALIZED branch=signature-path contribution=6.5
ATTRB_NEUTRALIZED branch=signature-path contribution=6.5
ATTRB_NEUTRALIZED branch=signature-path contribution=6.5
ATTRB_NEUTRALIZED branch=signature-path contribution=6.5
ATTRB_NEUTRALIZED branch=signature-path contribution=52
ATTRB_NEUTRALIZED branch=signature-path contribution=52
ATTRB_NEUTRALIZED branch=signature-path contribution=6.5
ATTRB_NEUTRALIZED branch=signature-path contribution=6.5
ATTRB_NEUTRALIZED branch=signature-path contribution=6.5
Temporary breakpoint 11 at 0x100248d6
COMPLETED_PATH_ROW context=5 candidates=28 predecessors=29
COMPLETED_PATH context=5 unit=184279 cumulative=46.4166 predecessor_index=8 predecessor=269907
COMPLETED_PATH context=5 unit=185764 cumulative=45.8994 predecessor_index=8 predecessor=269907
COMPLETED_PATH context=5 unit=183342 cumulative=36.6511 predecessor_index=5 predecessor=205629
COMPLETED_PATH context=5 unit=179911 cumulative=40.8296 predecessor_index=7 predecessor=179667
COMPLETED_PATH context=5 unit=244251 cumulative=43.9239 predecessor_index=11 predecessor=255006
COMPLETED_PATH context=5 unit=134140 cumulative=42.365 predecessor_index=4 predecessor=168174
COMPLETED_PATH context=5 unit=265139 cumulative=34.1275 predecessor_index=8 predecessor=269907
COMPLETED_PATH context=5 unit=216044 cumulative=36.0959 predecessor_index=5 predecessor=205629
COMPLETED_PATH context=5 unit=213995 cumulative=39.4281 predecessor_index=8 predecessor=269907
COMPLETED_PATH context=5 unit=212344 cumulative=44.5903 predecessor_index=11 predecessor=255006
COMPLETED_PATH context=5 unit=139207 cumulative=41.5966 predecessor_index=11 predecessor=255006
COMPLETED_PATH context=5 unit=129448 cumulative=37.649 predecessor_index=7 predecessor=179667
COMPLETED_PATH context=5 unit=82668 cumulative=39.5716 predecessor_index=11 predecessor=255006
COMPLETED_PATH context=5 unit=73098 cumulative=47.8046 predecessor_index=10 predecessor=95151
COMPLETED_PATH context=5 unit=68970 cumulative=43.2315 predecessor_index=8 predecessor=269907
COMPLETED_PATH context=5 unit=60891 cumulative=35.6605 predecessor_index=4 predecessor=168174
COMPLETED_PATH context=5 unit=39483 cumulative=37.2326 predecessor_index=7 predecessor=179667
COMPLETED_PATH context=5 unit=34312 cumulative=38.8465 predecessor_index=8 predecessor=269907
COMPLETED_PATH context=5 unit=32698 cumulative=38.1117 predecessor_index=5 predecessor=205629
COMPLETED_PATH context=5 unit=31689 cumulative=54.7371 predecessor_index=23 predecessor=239975
COMPLETED_PATH context=5 unit=30843 cumulative=41.4228 predecessor_index=11 predecessor=255006
COMPLETED_PATH context=5 unit=24082 cumulative=53.7516 predecessor_index=23 predecessor=239975
COMPLETED_PATH context=5 unit=12561 cumulative=38.4243 predecessor_index=8 predecessor=269907
COMPLETED_PATH context=5 unit=113145 cumulative=42.6109 predecessor_index=7 predecessor=179667
COMPLETED_PATH context=5 unit=128048 cumulative=51.0608 predecessor_index=11 predecessor=255006
COMPLETED_PATH context=5 unit=96680 cumulative=38.9347 predecessor_index=11 predecessor=255006
COMPLETED_PATH context=5 unit=266023 cumulative=37.1761 predecessor_index=5 predecessor=205629
COMPLETED_PATH context=5 unit=44091 cumulative=304.272 predecessor_index=11 predecessor=255006
ATTRB_NEUTRALIZED branch=flagged-path contribution=74
ATTRB_NEUTRALIZED branch=flagged-path contribution=74
ATTRB_NEUTRALIZED branch=flagged-path contribution=74
ATTRB_NEUTRALIZED branch=flagged-path contribution=74
ATTRB_NEUTRALIZED branch=flagged-path contribution=74
ATTRB_NEUTRALIZED branch=flagged-path contribution=74
ATTRB_NEUTRALIZED branch=flagged-path contribution=74
ATTRB_NEUTRALIZED branch=flagged-path contribution=74
ATTRB_NEUTRALIZED branch=flagged-path contribution=74
ATTRB_NEUTRALIZED branch=flagged-path contribution=74
ATTRB_NEUTRALIZED branch=flagged-path contribution=74
ATTRB_NEUTRALIZED branch=flagged-path contribution=74
ATTRB_NEUTRALIZED branch=flagged-path contribution=74
ATTRB_NEUTRALIZED branch=flagged-path contribution=74
ATTRB_NEUTRALIZED branch=flagged-path contribution=74
ATTRB_NEUTRALIZED branch=flagged-path contribution=74
ATTRB_NEUTRALIZED branch=flagged-path contribution=74
ATTRB_NEUTRALIZED branch=flagged-path contribution=74
ATTRB_NEUTRALIZED branch=flagged-path contribution=74
ATTRB_NEUTRALIZED branch=flagged-path contribution=74
ATTRB_NEUTRALIZED branch=flagged-path contribution=74
ATTRB_NEUTRALIZED branch=flagged-path contribution=74
ATTRB_NEUTRALIZED branch=flagged-path contribution=74
ATTRB_NEUTRALIZED branch=flagged-path contribution=74
ATTRB_NEUTRALIZED branch=flagged-path contribution=74
ATTRB_NEUTRALIZED branch=flagged-path contribution=74
ATTRB_NEUTRALIZED branch=flagged-path contribution=74
ATTRB_NEUTRALIZED branch=flagged-path contribution=74
ATTRB_NEUTRALIZED branch=flagged-path contribution=74
ATTRB_NEUTRALIZED branch=flagged-path contribution=74
ATTRB_NEUTRALIZED branch=flagged-path contribution=74
ATTRB_NEUTRALIZED branch=flagged-path contribution=74
ATTRB_NEUTRALIZED branch=flagged-path contribution=74
ATTRB_NEUTRALIZED branch=flagged-path contribution=74
ATTRB_NEUTRALIZED branch=flagged-path contribution=74
ATTRB_NEUTRALIZED branch=flagged-path contribution=74
ATTRB_NEUTRALIZED branch=flagged-path contribution=74
ATTRB_NEUTRALIZED branch=flagged-path contribution=74
ATTRB_NEUTRALIZED branch=flagged-path contribution=74
ATTRB_NEUTRALIZED branch=flagged-path contribution=74
ATTRB_NEUTRALIZED branch=flagged-path contribution=74
ATTRB_NEUTRALIZED branch=flagged-path contribution=74
ATTRB_NEUTRALIZED branch=flagged-path contribution=74
ATTRB_NEUTRALIZED branch=flagged-path contribution=74
ATTRB_NEUTRALIZED branch=flagged-path contribution=74
ATTRB_NEUTRALIZED branch=flagged-path contribution=74
ATTRB_NEUTRALIZED branch=flagged-path contribution=74
ATTRB_NEUTRALIZED branch=flagged-path contribution=74
ATTRB_NEUTRALIZED branch=flagged-path contribution=74
ATTRB_NEUTRALIZED branch=flagged-path contribution=74
ATTRB_NEUTRALIZED branch=flagged-path contribution=74
ATTRB_NEUTRALIZED branch=flagged-path contribution=74
ATTRB_NEUTRALIZED branch=flagged-path contribution=74
ATTRB_NEUTRALIZED branch=flagged-path contribution=74
ATTRB_NEUTRALIZED branch=flagged-path contribution=74
ATTRB_NEUTRALIZED branch=flagged-path contribution=74
ATTRB_NEUTRALIZED branch=flagged-path contribution=74
ATTRB_NEUTRALIZED branch=flagged-path contribution=74
ATTRB_NEUTRALIZED branch=flagged-path contribution=74
ATTRB_NEUTRALIZED branch=flagged-path contribution=74
ATTRB_NEUTRALIZED branch=flagged-path contribution=74
ATTRB_NEUTRALIZED branch=flagged-path contribution=74
ATTRB_NEUTRALIZED branch=flagged-path contribution=74
ATTRB_NEUTRALIZED branch=flagged-path contribution=74
ATTRB_NEUTRALIZED branch=flagged-path contribution=74
ATTRB_NEUTRALIZED branch=flagged-path contribution=74
ATTRB_NEUTRALIZED branch=flagged-path contribution=74
ATTRB_NEUTRALIZED branch=flagged-path contribution=74
ATTRB_NEUTRALIZED branch=flagged-path contribution=74
ATTRB_NEUTRALIZED branch=flagged-path contribution=74
ATTRB_NEUTRALIZED branch=flagged-path contribution=74
ATTRB_NEUTRALIZED branch=flagged-path contribution=74
ATTRB_NEUTRALIZED branch=flagged-path contribution=74
ATTRB_NEUTRALIZED branch=flagged-path contribution=74
ATTRB_NEUTRALIZED branch=flagged-path contribution=74
ATTRB_NEUTRALIZED branch=flagged-path contribution=74
ATTRB_NEUTRALIZED branch=flagged-path contribution=74
ATTRB_NEUTRALIZED branch=flagged-path contribution=74
ATTRB_NEUTRALIZED branch=flagged-path contribution=74
Temporary breakpoint 12 at 0x100248d6
COMPLETED_PATH_ROW context=6 candidates=30 predecessors=27
COMPLETED_PATH context=6 unit=264071 cumulative=72.0261 predecessor_index=26 predecessor=266023
COMPLETED_PATH context=6 unit=177867 cumulative=60.8188 predecessor_index=15 predecessor=60891
COMPLETED_PATH context=6 unit=166213 cumulative=65.4994 predecessor_index=6 predecessor=265139
COMPLETED_PATH context=6 unit=114916 cumulative=73.9118 predecessor_index=26 predecessor=266023
COMPLETED_PATH context=6 unit=5030 cumulative=73.5742 predecessor_index=11 predecessor=129448
COMPLETED_PATH context=6 unit=6694 cumulative=67.3746 predecessor_index=2 predecessor=183342
COMPLETED_PATH context=6 unit=8054 cumulative=66.4716 predecessor_index=18 predecessor=32698
COMPLETED_PATH context=6 unit=9887 cumulative=79.1721 predecessor_index=7 predecessor=216044
COMPLETED_PATH context=6 unit=11362 cumulative=82.2786 predecessor_index=26 predecessor=266023
COMPLETED_PATH context=6 unit=13941 cumulative=138.36 predecessor_index=13 predecessor=73098
COMPLETED_PATH context=6 unit=14659 cumulative=73.6132 predecessor_index=16 predecessor=39483
COMPLETED_PATH context=6 unit=15884 cumulative=66.632 predecessor_index=2 predecessor=183342
COMPLETED_PATH context=6 unit=4515 cumulative=83.4914 predecessor_index=26 predecessor=266023
COMPLETED_PATH context=6 unit=19726 cumulative=68.0741 predecessor_index=2 predecessor=183342
COMPLETED_PATH context=6 unit=21433 cumulative=66.0673 predecessor_index=2 predecessor=183342
COMPLETED_PATH context=6 unit=27063 cumulative=66.7429 predecessor_index=15 predecessor=60891
COMPLETED_PATH context=6 unit=32482 cumulative=67.7325 predecessor_index=15 predecessor=60891
COMPLETED_PATH context=6 unit=46001 cumulative=76.1054 predecessor_index=26 predecessor=266023
COMPLETED_PATH context=6 unit=49874 cumulative=64.4254 predecessor_index=17 predecessor=34312
COMPLETED_PATH context=6 unit=56107 cumulative=76.3796 predecessor_index=26 predecessor=266023
COMPLETED_PATH context=6 unit=59821 cumulative=72.673 predecessor_index=15 predecessor=60891
COMPLETED_PATH context=6 unit=62239 cumulative=71.1722 predecessor_index=7 predecessor=216044
COMPLETED_PATH context=6 unit=69479 cumulative=73.2263 predecessor_index=7 predecessor=216044
COMPLETED_PATH context=6 unit=71823 cumulative=69.9732 predecessor_index=15 predecessor=60891
COMPLETED_PATH context=6 unit=86057 cumulative=67.8935 predecessor_index=2 predecessor=183342
COMPLETED_PATH context=6 unit=93490 cumulative=71.3435 predecessor_index=15 predecessor=60891
COMPLETED_PATH context=6 unit=97409 cumulative=66.9327 predecessor_index=7 predecessor=216044
COMPLETED_PATH context=6 unit=97795 cumulative=66.6923 predecessor_index=15 predecessor=60891
COMPLETED_PATH context=6 unit=104395 cumulative=67.0111 predecessor_index=16 predecessor=39483
COMPLETED_PATH context=6 unit=105256 cumulative=70.8449 predecessor_index=15 predecessor=60891
ATTRB_NEUTRALIZED branch=signature-path contribution=12
ATTRB_NEUTRALIZED branch=signature-path contribution=12
ATTRB_NEUTRALIZED branch=signature-path contribution=12
ATTRB_NEUTRALIZED branch=signature-path contribution=12
ATTRB_NEUTRALIZED branch=signature-path contribution=12
ATTRB_NEUTRALIZED branch=signature-path contribution=12
ATTRB_NEUTRALIZED branch=signature-path contribution=12
ATTRB_NEUTRALIZED branch=signature-path contribution=12
ATTRB_NEUTRALIZED branch=signature-path contribution=12
ATTRB_NEUTRALIZED branch=signature-path contribution=12
Temporary breakpoint 13 at 0x100248d6
COMPLETED_PATH_ROW context=7 candidates=10 predecessors=24
COMPLETED_PATH context=7 unit=264072 cumulative=82.0636 predecessor_index=0 predecessor=264071
COMPLETED_PATH context=7 unit=13942 cumulative=90.7377 predecessor_index=13 predecessor=49874
COMPLETED_PATH context=7 unit=36540 cumulative=85.9562 predecessor_index=13 predecessor=49874
COMPLETED_PATH context=7 unit=53487 cumulative=81.814 predecessor_index=13 predecessor=49874
COMPLETED_PATH context=7 unit=96599 cumulative=89.1146 predecessor_index=8 predecessor=15884
COMPLETED_PATH context=7 unit=268760 cumulative=78.4032 predecessor_index=1 predecessor=177867
COMPLETED_PATH context=7 unit=272152 cumulative=85.4734 predecessor_index=8 predecessor=15884
COMPLETED_PATH context=7 unit=272823 cumulative=81.1612 predecessor_index=10 predecessor=21433
COMPLETED_PATH context=7 unit=273370 cumulative=82.7613 predecessor_index=13 predecessor=49874
COMPLETED_PATH context=7 unit=145101 cumulative=84.1679 predecessor_index=1 predecessor=177867
ATTRB_NEUTRALIZED branch=signature-path contribution=12
ATTRB_NEUTRALIZED branch=signature-path contribution=12
ATTRB_NEUTRALIZED branch=signature-path contribution=12
ATTRB_NEUTRALIZED branch=signature-path contribution=12
ATTRB_NEUTRALIZED branch=signature-path contribution=12
ATTRB_NEUTRALIZED branch=signature-path contribution=12
ATTRB_NEUTRALIZED branch=signature-path contribution=12
ATTRB_NEUTRALIZED branch=signature-path contribution=12
ATTRB_NEUTRALIZED branch=signature-path contribution=12
ATTRB_NEUTRALIZED branch=signature-path contribution=12
ATTRB_NEUTRALIZED branch=signature-path contribution=12
ATTRB_NEUTRALIZED branch=signature-path contribution=12
ATTRB_NEUTRALIZED branch=signature-path contribution=12
ATTRB_NEUTRALIZED branch=signature-path contribution=12
ATTRB_NEUTRALIZED branch=signature-path contribution=12
ATTRB_NEUTRALIZED branch=signature-path contribution=12
ATTRB_NEUTRALIZED branch=signature-path contribution=12
ATTRB_NEUTRALIZED branch=signature-path contribution=12
ATTRB_NEUTRALIZED branch=signature-path contribution=12
ATTRB_NEUTRALIZED branch=signature-path contribution=12
ATTRB_NEUTRALIZED branch=signature-path contribution=12
ATTRB_NEUTRALIZED branch=signature-path contribution=12
ATTRB_NEUTRALIZED branch=signature-path contribution=12
Temporary breakpoint 14 at 0x100248d6
COMPLETED_PATH_ROW context=8 candidates=23 predecessors=10
COMPLETED_PATH context=8 unit=264072 cumulative=92.082 predecessor_index=0 predecessor=264072
COMPLETED_PATH context=8 unit=36540 cumulative=96.1603 predecessor_index=2 predecessor=36540
COMPLETED_PATH context=8 unit=273370 cumulative=92.7643 predecessor_index=8 predecessor=273370
COMPLETED_PATH context=8 unit=272823 cumulative=92.8067 predecessor_index=7 predecessor=272823
COMPLETED_PATH context=8 unit=272152 cumulative=95.6602 predecessor_index=6 predecessor=272152
COMPLETED_PATH context=8 unit=268760 cumulative=89.184 predecessor_index=5 predecessor=268760
COMPLETED_PATH context=8 unit=96599 cumulative=99.1286 predecessor_index=4 predecessor=96599
COMPLETED_PATH context=8 unit=13942 cumulative=101.007 predecessor_index=1 predecessor=13942
COMPLETED_PATH context=8 unit=53487 cumulative=91.9192 predecessor_index=3 predecessor=53487
COMPLETED_PATH context=8 unit=4105 cumulative=106.616 predecessor_index=8 predecessor=273370
COMPLETED_PATH context=8 unit=72577 cumulative=105.596 predecessor_index=3 predecessor=53487
COMPLETED_PATH context=8 unit=63692 cumulative=105.087 predecessor_index=5 predecessor=268760
COMPLETED_PATH context=8 unit=93736 cumulative=102.874 predecessor_index=5 predecessor=268760
COMPLETED_PATH context=8 unit=235111 cumulative=103.014 predecessor_index=5 predecessor=268760
COMPLETED_PATH context=8 unit=57821 cumulative=160.59 predecessor_index=2 predecessor=36540
COMPLETED_PATH context=8 unit=128526 cumulative=121.76 predecessor_index=7 predecessor=272823
COMPLETED_PATH context=8 unit=2244 cumulative=156.961 predecessor_index=2 predecessor=36540
COMPLETED_PATH context=8 unit=64011 cumulative=134.629 predecessor_index=2 predecessor=36540
COMPLETED_PATH context=8 unit=48369 cumulative=121.308 predecessor_index=2 predecessor=36540
COMPLETED_PATH context=8 unit=45237 cumulative=101.608 predecessor_index=5 predecessor=268760
COMPLETED_PATH context=8 unit=77285 cumulative=107.194 predecessor_index=0 predecessor=264072
COMPLETED_PATH context=8 unit=281786 cumulative=106.221 predecessor_index=3 predecessor=53487
COMPLETED_PATH context=8 unit=115179 cumulative=104.262 predecessor_index=8 predecessor=273370
ATTRB_NEUTRALIZED branch=signature-path contribution=70
ATTRB_NEUTRALIZED branch=signature-path contribution=70
ATTRB_NEUTRALIZED branch=signature-path contribution=70
ATTRB_NEUTRALIZED branch=signature-path contribution=70
ATTRB_NEUTRALIZED branch=signature-path contribution=70
ATTRB_NEUTRALIZED branch=signature-path contribution=70
ATTRB_NEUTRALIZED branch=signature-path contribution=70
ATTRB_NEUTRALIZED branch=signature-path contribution=70
ATTRB_NEUTRALIZED branch=signature-path contribution=70
ATTRB_NEUTRALIZED branch=signature-path contribution=70
ATTRB_NEUTRALIZED branch=signature-path contribution=70
ATTRB_NEUTRALIZED branch=signature-path contribution=70
ATTRB_NEUTRALIZED branch=signature-path contribution=70
ATTRB_NEUTRALIZED branch=signature-path contribution=70
ATTRB_NEUTRALIZED branch=signature-path contribution=70
ATTRB_NEUTRALIZED branch=signature-path contribution=70
ATTRB_NEUTRALIZED branch=signature-path contribution=70
ATTRB_NEUTRALIZED branch=signature-path contribution=70
ATTRB_NEUTRALIZED branch=signature-path contribution=70
ATTRB_NEUTRALIZED branch=signature-path contribution=70
ATTRB_NEUTRALIZED branch=signature-path contribution=70
ATTRB_NEUTRALIZED branch=signature-path contribution=70
ATTRB_NEUTRALIZED branch=signature-path contribution=70
ATTRB_NEUTRALIZED branch=signature-path contribution=70
ATTRB_NEUTRALIZED branch=signature-path contribution=70
Temporary breakpoint 15 at 0x100248d6
COMPLETED_PATH_ROW context=9 candidates=25 predecessors=18
COMPLETED_PATH context=9 unit=264073 cumulative=92.2379 predecessor_index=0 predecessor=264072
COMPLETED_PATH context=9 unit=2529 cumulative=217.904 predecessor_index=8 predecessor=53487
COMPLETED_PATH context=9 unit=272824 cumulative=99.4865 predecessor_index=3 predecessor=272823
COMPLETED_PATH context=9 unit=272153 cumulative=98.7831 predecessor_index=4 predecessor=272152
COMPLETED_PATH context=9 unit=265815 cumulative=223.949 predecessor_index=3 predecessor=272823
COMPLETED_PATH context=9 unit=252236 cumulative=220.467 predecessor_index=5 predecessor=268760
COMPLETED_PATH context=9 unit=238356 cumulative=215.357 predecessor_index=2 predecessor=273370
COMPLETED_PATH context=9 unit=233274 cumulative=220.874 predecessor_index=3 predecessor=272823
COMPLETED_PATH context=9 unit=206047 cumulative=215.538 predecessor_index=8 predecessor=53487
COMPLETED_PATH context=9 unit=173825 cumulative=218.173 predecessor_index=8 predecessor=53487
COMPLETED_PATH context=9 unit=160529 cumulative=228.857 predecessor_index=3 predecessor=272823
COMPLETED_PATH context=9 unit=153132 cumulative=194.136 predecessor_index=5 predecessor=268760
COMPLETED_PATH context=9 unit=146098 cumulative=221.179 predecessor_index=5 predecessor=268760
COMPLETED_PATH context=9 unit=105185 cumulative=221.365 predecessor_index=5 predecessor=268760
COMPLETED_PATH context=9 unit=87003 cumulative=215.527 predecessor_index=2 predecessor=273370
COMPLETED_PATH context=9 unit=83568 cumulative=222.852 predecessor_index=5 predecessor=268760
COMPLETED_PATH context=9 unit=75575 cumulative=228.637 predecessor_index=3 predecessor=272823
COMPLETED_PATH context=9 unit=49761 cumulative=217.13 predecessor_index=0 predecessor=264072
COMPLETED_PATH context=9 unit=31841 cumulative=219.435 predecessor_index=8 predecessor=53487
COMPLETED_PATH context=9 unit=29459 cumulative=223.484 predecessor_index=5 predecessor=268760
COMPLETED_PATH context=9 unit=28296 cumulative=217.966 predecessor_index=5 predecessor=268760
COMPLETED_PATH context=9 unit=13943 cumulative=103.698 predecessor_index=7 predecessor=13942
COMPLETED_PATH context=9 unit=6519 cumulative=223.875 predecessor_index=3 predecessor=272823
COMPLETED_PATH context=9 unit=4632 cumulative=215.226 predecessor_index=8 predecessor=53487
COMPLETED_PATH context=9 unit=273371 cumulative=95.2357 predecessor_index=2 predecessor=273370
ATTRB_NEUTRALIZED branch=signature-path contribution=12
ATTRB_NEUTRALIZED branch=signature-path contribution=12
ATTRB_NEUTRALIZED branch=signature-path contribution=12
ATTRB_NEUTRALIZED branch=signature-path contribution=12
ATTRB_NEUTRALIZED branch=signature-path contribution=12
ATTRB_NEUTRALIZED branch=signature-path contribution=12
ATTRB_NEUTRALIZED branch=signature-path contribution=12
ATTRB_NEUTRALIZED branch=signature-path contribution=12
ATTRB_NEUTRALIZED branch=signature-path contribution=12
ATTRB_NEUTRALIZED branch=signature-path contribution=12
ATTRB_NEUTRALIZED branch=signature-path contribution=12
ATTRB_NEUTRALIZED branch=signature-path contribution=12
ATTRB_NEUTRALIZED branch=signature-path contribution=12
ATTRB_NEUTRALIZED branch=signature-path contribution=96
ATTRB_NEUTRALIZED branch=signature-path contribution=12
ATTRB_NEUTRALIZED branch=signature-path contribution=96
ATTRB_NEUTRALIZED branch=signature-path contribution=12
ATTRB_NEUTRALIZED branch=signature-path contribution=96
ATTRB_NEUTRALIZED branch=signature-path contribution=96
ATTRB_NEUTRALIZED branch=signature-path contribution=96
ATTRB_NEUTRALIZED branch=signature-path contribution=96
ATTRB_NEUTRALIZED branch=signature-path contribution=12
ATTRB_NEUTRALIZED branch=signature-path contribution=96
ATTRB_NEUTRALIZED branch=signature-path contribution=96
ATTRB_NEUTRALIZED branch=signature-path contribution=96
Temporary breakpoint 16 at 0x100248d6
COMPLETED_PATH_ROW context=10 candidates=25 predecessors=16
COMPLETED_PATH context=10 unit=264074 cumulative=92.2848 predecessor_index=0 predecessor=264073
COMPLETED_PATH context=10 unit=282713 cumulative=138.444 predecessor_index=2 predecessor=272824
COMPLETED_PATH context=10 unit=282675 cumulative=127.184 predecessor_index=0 predecessor=264073
COMPLETED_PATH context=10 unit=282025 cumulative=108.015 predecessor_index=0 predecessor=264073
COMPLETED_PATH context=10 unit=272825 cumulative=102.525 predecessor_index=2 predecessor=272824
COMPLETED_PATH context=10 unit=255282 cumulative=100.177 predecessor_index=0 predecessor=264073
COMPLETED_PATH context=10 unit=246677 cumulative=102.817 predecessor_index=0 predecessor=264073
COMPLETED_PATH context=10 unit=5170 cumulative=101.283 predecessor_index=0 predecessor=264073
COMPLETED_PATH context=10 unit=1869 cumulative=113.613 predecessor_index=0 predecessor=264073
COMPLETED_PATH context=10 unit=273372 cumulative=122.959 predecessor_index=15 predecessor=273371
COMPLETED_PATH context=10 unit=268761 cumulative=139.588 predecessor_index=0 predecessor=264073
COMPLETED_PATH context=10 unit=65726 cumulative=138.475 predecessor_index=0 predecessor=264073
COMPLETED_PATH context=10 unit=13944 cumulative=124.177 predecessor_index=0 predecessor=264073
COMPLETED_PATH context=10 unit=255006 cumulative=155.343 predecessor_index=0 predecessor=264073
COMPLETED_PATH context=10 unit=232750 cumulative=161.113 predecessor_index=2 predecessor=272824
COMPLETED_PATH context=10 unit=241241 cumulative=169.579 predecessor_index=0 predecessor=264073
COMPLETED_PATH context=10 unit=208339 cumulative=151.482 predecessor_index=0 predecessor=264073
COMPLETED_PATH context=10 unit=243651 cumulative=175.598 predecessor_index=2 predecessor=272824
COMPLETED_PATH context=10 unit=211910 cumulative=173.543 predecessor_index=2 predecessor=272824
COMPLETED_PATH context=10 unit=149397 cumulative=168.174 predecessor_index=15 predecessor=273371
COMPLETED_PATH context=10 unit=132211 cumulative=155.108 predecessor_index=0 predecessor=264073
COMPLETED_PATH context=10 unit=171885 cumulative=164.807 predecessor_index=15 predecessor=273371
COMPLETED_PATH context=10 unit=224354 cumulative=152.835 predecessor_index=0 predecessor=264073
COMPLETED_PATH context=10 unit=168174 cumulative=154.747 predecessor_index=0 predecessor=264073
COMPLETED_PATH context=10 unit=33050 cumulative=157.505 predecessor_index=0 predecessor=264073
ATTRB_NEUTRALIZED branch=signature-path contribution=12
ATTRB_NEUTRALIZED branch=signature-path contribution=12
ATTRB_NEUTRALIZED branch=signature-path contribution=12
ATTRB_NEUTRALIZED branch=signature-path contribution=12
ATTRB_NEUTRALIZED branch=signature-path contribution=12
ATTRB_NEUTRALIZED branch=signature-path contribution=12
ATTRB_NEUTRALIZED branch=signature-path contribution=12
ATTRB_NEUTRALIZED branch=signature-path contribution=12
ATTRB_NEUTRALIZED branch=signature-path contribution=12
ATTRB_NEUTRALIZED branch=signature-path contribution=12
ATTRB_NEUTRALIZED branch=signature-path contribution=12
ATTRB_NEUTRALIZED branch=signature-path contribution=12
ATTRB_NEUTRALIZED branch=signature-path contribution=12
ATTRB_NEUTRALIZED branch=signature-path contribution=12
ATTRB_NEUTRALIZED branch=signature-path contribution=12
ATTRB_NEUTRALIZED branch=signature-path contribution=12
ATTRB_NEUTRALIZED branch=signature-path contribution=12
ATTRB_NEUTRALIZED branch=signature-path contribution=12
ATTRB_NEUTRALIZED branch=signature-path contribution=12
ATTRB_NEUTRALIZED branch=signature-path contribution=12
ATTRB_NEUTRALIZED branch=signature-path contribution=12
ATTRB_NEUTRALIZED branch=signature-path contribution=12
ATTRB_NEUTRALIZED branch=signature-path contribution=12
ATTRB_NEUTRALIZED branch=signature-path contribution=12
ATTRB_NEUTRALIZED branch=signature-path contribution=12
ATTRB_NEUTRALIZED branch=signature-path contribution=12
ATTRB_NEUTRALIZED branch=signature-path contribution=12
ATTRB_NEUTRALIZED branch=signature-path contribution=12
Temporary breakpoint 17 at 0x100248d6
COMPLETED_PATH_ROW context=11 candidates=28 predecessors=13
COMPLETED_PATH context=11 unit=264074 cumulative=92.3079 predecessor_index=0 predecessor=264074
COMPLETED_PATH context=11 unit=1869 cumulative=107.526 predecessor_index=0 predecessor=264074
COMPLETED_PATH context=11 unit=282713 cumulative=197.314 predecessor_index=1 predecessor=282713
COMPLETED_PATH context=11 unit=282675 cumulative=169.619 predecessor_index=0 predecessor=264074
COMPLETED_PATH context=11 unit=282025 cumulative=163.633 predecessor_index=0 predecessor=264074
COMPLETED_PATH context=11 unit=272825 cumulative=102.713 predecessor_index=4 predecessor=272825
COMPLETED_PATH context=11 unit=255282 cumulative=100.369 predecessor_index=5 predecessor=255282
COMPLETED_PATH context=11 unit=246677 cumulative=102.885 predecessor_index=6 predecessor=246677
COMPLETED_PATH context=11 unit=5170 cumulative=101.431 predecessor_index=7 predecessor=5170
COMPLETED_PATH context=11 unit=282035 cumulative=186.026 predecessor_index=5 predecessor=255282
COMPLETED_PATH context=11 unit=200069 cumulative=156.653 predecessor_index=0 predecessor=264074
COMPLETED_PATH context=11 unit=136758 cumulative=161.485 predecessor_index=0 predecessor=264074
COMPLETED_PATH context=11 unit=74841 cumulative=159.774 predecessor_index=0 predecessor=264074
COMPLETED_PATH context=11 unit=33797 cumulative=156.997 predecessor_index=0 predecessor=264074
COMPLETED_PATH context=11 unit=280962 cumulative=194.543 predecessor_index=9 predecessor=273372
COMPLETED_PATH context=11 unit=66928 cumulative=188.853 predecessor_index=5 predecessor=255282
COMPLETED_PATH context=11 unit=281739 cumulative=168.209 predecessor_index=0 predecessor=264074
COMPLETED_PATH context=11 unit=282031 cumulative=171.51 predecessor_index=0 predecessor=264074
COMPLETED_PATH context=11 unit=200145 cumulative=205.252 predecessor_index=9 predecessor=273372
COMPLETED_PATH context=11 unit=282647 cumulative=210.717 predecessor_index=1 predecessor=282713
COMPLETED_PATH context=11 unit=282009 cumulative=186.738 predecessor_index=5 predecessor=255282
COMPLETED_PATH context=11 unit=281857 cumulative=169.935 predecessor_index=0 predecessor=264074
COMPLETED_PATH context=11 unit=281980 cumulative=179.843 predecessor_index=5 predecessor=255282
COMPLETED_PATH context=11 unit=105189 cumulative=166.192 predecessor_index=0 predecessor=264074
COMPLETED_PATH context=11 unit=94772 cumulative=200.589 predecessor_index=0 predecessor=264074
COMPLETED_PATH context=11 unit=27246 cumulative=160.458 predecessor_index=0 predecessor=264074
COMPLETED_PATH context=11 unit=23010 cumulative=171.645 predecessor_index=0 predecessor=264074
COMPLETED_PATH context=11 unit=28799 cumulative=158.578 predecessor_index=0 predecessor=264074
COMPLETED_PATH_SELECTED context=0 unit=252497
COMPLETED_PATH_SELECTED context=1 unit=264072
COMPLETED_PATH_SELECTED context=2 unit=264072
COMPLETED_PATH_SELECTED context=3 unit=264073
COMPLETED_PATH_SELECTED context=4 unit=205629
COMPLETED_PATH_SELECTED context=5 unit=266023
COMPLETED_PATH_SELECTED context=6 unit=264071
COMPLETED_PATH_SELECTED context=7 unit=264072
COMPLETED_PATH_SELECTED context=8 unit=264072
COMPLETED_PATH_SELECTED context=9 unit=264073
COMPLETED_PATH_SELECTED context=10 unit=264074
COMPLETED_PATH_SELECTED context=11 unit=264074
COMPLETED_PATH_SELECTED context=12 unit=264071
COMPLETED_PATH_SELECTED context=13 unit=264074
COMPLETED_PATH_SELECTED context=14 unit=266023
COMPLETED_PATH_SELECTED context=15 unit=205629
[Inferior 1 (Remote target) exited normally]
Wine-gdb> 