GNU gdb (Ubuntu 15.1-1ubuntu1~24.04.1) 15.1
Copyright (C) 2024 Free Software Foundation, Inc.
License GPLv3+: GNU GPL version 3 or later <http://gnu.org/licenses/gpl.html>
This is free software: you are free to change and redistribute it.
There is NO WARRANTY, to the extent permitted by law.
Type "show copying" and "show warranty" for details.
This GDB was configured as "x86_64-linux-gnu".
Type "show configuration" for configuration details.
For bug reporting instructions, please see:
<https://www.gnu.org/software/gdb/bugs/>.
Find the GDB manual and other documentation resources online at:
    <http://www.gnu.org/software/gdb/documentation/>.

For help, type "help".
Type "apropos word" to search for commands related to "word".
warning: remote target does not support file transfer, attempting to access files from local filesystem.
Reading symbols from /samples/voicetext_paul.exe...
0x7bd64525 in DbgBreakPoint@0 ()
   from /usr/lib/i386-linux-gnu/wine/i386-windows/ntdll.dll
Wine-gdb> Wine-gdb> Wine-gdb> Wine-gdb> Signal        Stop	Print	Pass to program	Description
SIGSEGV       No	No	Yes		Segmentation fault
Wine-gdb> Signal        Stop	Print	Pass to program	Description
SIGSEGV       No	No	Yes		Segmentation fault
Wine-gdb> Wine-gdb> Wine-gdb> Wine-gdb> Wine-gdb> Breakpoint 1 at 0x1001b200
Wine-gdb> >>>>>Wine-gdb> Wine-gdb> Breakpoint 2 at 0x1002c220
Wine-gdb> >>>>>> > > > >>>Wine-gdb> Wine-gdb> Breakpoint 3 at 0x10026870
Wine-gdb> >>>>> > > > > > >>>Wine-gdb> Wine-gdb> Continuing.
Temporary breakpoint 4 at 0x1001ea93
SELECTED_UNIT n=1 id=49940
SELECTED_UNIT n=2 id=18399
SELECTED_UNIT n=3 id=18399
SELECTED_UNIT n=4 id=18400
SELECTED_UNIT n=5 id=18400
SELECTED_UNIT n=6 id=18401
SELECTED_UNIT n=7 id=199607
SELECTED_UNIT n=8 id=201032
SELECTED_UNIT n=9 id=388156
SELECTED_UNIT n=10 id=260293
SELECTED_UNIT n=11 id=260294
SELECTED_UNIT n=12 id=260295
SELECTED_UNIT n=13 id=260296
SELECTED_UNIT n=14 id=260297
SELECTED_UNIT n=15 id=439516
SELECTED_UNIT n=16 id=439517
SELECTED_UNIT n=17 id=439517
SELECTED_UNIT n=18 id=439518
SELECTED_UNIT n=19 id=439519
SELECTED_UNIT n=20 id=439520
SELECTED_UNIT n=21 id=439521
SELECTED_UNIT n=22 id=448971
SELECTED_UNIT n=23 id=448972
SELECTED_UNIT n=24 id=448973
SELECTED_UNIT n=25 id=448974
SELECTED_UNIT n=26 id=212282
SELECTED_UNIT n=27 id=169651
SELECTED_UNIT n=28 id=169652
SELECTED_UNIT n=29 id=107517
SELECTED_UNIT n=30 id=107517
SELECTED_UNIT n=31 id=204815
SELECTED_UNIT n=32 id=443283
SELECTED_UNIT n=33 id=443283
SELECTED_UNIT n=34 id=443284
SELECTED_UNIT n=35 id=443285
SELECTED_UNIT n=36 id=443286
SELECTED_UNIT n=37 id=443287
SELECTED_UNIT n=38 id=443288
SELECTED_UNIT n=39 id=443288
SELECTED_UNIT n=40 id=20125
SELECTED_UNIT n=41 id=113361
SELECTED_UNIT n=42 id=113362
SELECTED_UNIT n=43 id=113363
SELECTED_UNIT n=44 id=113364
SELECTED_UNIT n=45 id=113365
SELECTED_UNIT n=46 id=113366
SELECTED_UNIT n=47 id=113366
SELECTED_UNIT n=48 id=113367
SELECTED_UNIT n=49 id=113368
SELECTED_UNIT n=50 id=113369
SELECTED_UNIT n=51 id=193902
Temporary breakpoint 5 at 0x1002bde9
TIMELINE n=1 rows=51
SELECTED_UNIT n=52 id=18398
SELECTED_UNIT n=53 id=49941
SELECTED_UNIT n=54 id=199606
SELECTED_UNIT n=55 id=18402
SELECTED_UNIT n=56 id=201031
SELECTED_UNIT n=57 id=199608
SELECTED_UNIT n=58 id=388155
SELECTED_UNIT n=59 id=201033
SELECTED_UNIT n=60 id=260292
SELECTED_UNIT n=61 id=388157
SELECTED_UNIT n=62 id=439515
SELECTED_UNIT n=63 id=260298
SELECTED_UNIT n=64 id=448970
SELECTED_UNIT n=65 id=439522
SELECTED_UNIT n=66 id=212281
SELECTED_UNIT n=67 id=448975
SELECTED_UNIT n=68 id=169650
SELECTED_UNIT n=69 id=212283
SELECTED_UNIT n=70 id=107516
SELECTED_UNIT n=71 id=169653
SELECTED_UNIT n=72 id=204814
SELECTED_UNIT n=73 id=107518
SELECTED_UNIT n=74 id=443282
PCM_BLOCK n=1 bytes=57500
Temporary breakpoint 6 at 0x1001ea93
SELECTED_UNIT n=75 id=204816
SELECTED_UNIT n=76 id=20124
SELECTED_UNIT n=77 id=443289
SELECTED_UNIT n=78 id=113360
SELECTED_UNIT n=79 id=20126
SELECTED_UNIT n=80 id=193901
SELECTED_UNIT n=81 id=113370
SELECTED_UNIT n=82 id=12177
SELECTED_UNIT n=83 id=12178
SELECTED_UNIT n=84 id=423294
SELECTED_UNIT n=85 id=423295
SELECTED_UNIT n=86 id=423296
SELECTED_UNIT n=87 id=423297
SELECTED_UNIT n=88 id=423298
SELECTED_UNIT n=89 id=38383
SELECTED_UNIT n=90 id=38384
SELECTED_UNIT n=91 id=38384
SELECTED_UNIT n=92 id=30508
SELECTED_UNIT n=93 id=30509
SELECTED_UNIT n=94 id=30510
SELECTED_UNIT n=95 id=30510
SELECTED_UNIT n=96 id=364850
SELECTED_UNIT n=97 id=123803
Temporary breakpoint 7 at 0x1002bde9
TIMELINE n=2 rows=17
SELECTED_UNIT n=98 id=423293
SELECTED_UNIT n=99 id=12179
PCM_BLOCK n=2 bytes=56818
Temporary breakpoint 8 at 0x1001ea93
SELECTED_UNIT n=100 id=38382
SELECTED_UNIT n=101 id=423299
SELECTED_UNIT n=102 id=30507
SELECTED_UNIT n=103 id=38385
SELECTED_UNIT n=104 id=364849
SELECTED_UNIT n=105 id=30511
SELECTED_UNIT n=106 id=123802
SELECTED_UNIT n=107 id=364851
SELECTED_UNIT n=108 id=224413
SELECTED_UNIT n=109 id=224413
SELECTED_UNIT n=110 id=257197
SELECTED_UNIT n=111 id=257198
SELECTED_UNIT n=112 id=257198
SELECTED_UNIT n=113 id=257199
SELECTED_UNIT n=114 id=257200
SELECTED_UNIT n=115 id=257200
SELECTED_UNIT n=116 id=257201
SELECTED_UNIT n=117 id=257202
SELECTED_UNIT n=118 id=257203
SELECTED_UNIT n=119 id=257204
SELECTED_UNIT n=120 id=257204
SELECTED_UNIT n=121 id=257205
SELECTED_UNIT n=122 id=257206
SELECTED_UNIT n=123 id=257207
SELECTED_UNIT n=124 id=72025
Temporary breakpoint 9 at 0x1002bde9
TIMELINE n=3 rows=18
SELECTED_UNIT n=125 id=257196
SELECTED_UNIT n=126 id=224414
SELECTED_UNIT n=127 id=72024
PCM_BLOCK n=3 bytes=55888
Temporary breakpoint 10 at 0x1001ea93
SELECTED_UNIT n=128 id=257208
SELECTED_UNIT n=129 id=442132
SELECTED_UNIT n=130 id=442133
SELECTED_UNIT n=131 id=442134
SELECTED_UNIT n=132 id=442135
SELECTED_UNIT n=133 id=442136
SELECTED_UNIT n=134 id=122181
SELECTED_UNIT n=135 id=440792
SELECTED_UNIT n=136 id=440793
SELECTED_UNIT n=137 id=440794
SELECTED_UNIT n=138 id=442370
SELECTED_UNIT n=139 id=442371
SELECTED_UNIT n=140 id=442372
SELECTED_UNIT n=141 id=442373
SELECTED_UNIT n=142 id=442373
SELECTED_UNIT n=143 id=430639
SELECTED_UNIT n=144 id=430640
SELECTED_UNIT n=145 id=430641
Temporary breakpoint 11 at 0x1002bde9
TIMELINE n=4 rows=18
SELECTED_UNIT n=146 id=122181
SELECTED_UNIT n=147 id=442136
SELECTED_UNIT n=148 id=440791
SELECTED_UNIT n=149 id=122182
SELECTED_UNIT n=150 id=442369
SELECTED_UNIT n=151 id=440795
SELECTED_UNIT n=152 id=430638
SELECTED_UNIT n=153 id=442374
PCM_BLOCK n=4 bytes=55594
Temporary breakpoint 12 at 0x1001ea93
PCM_BLOCK n=5 bytes=11296
[Inferior 1 (Remote target) exited normally]
Wine-gdb> 01c8:01cc: create process 'Z:\samples\voicetext_paul.exe'/00000000 @004014C0 (450560<1847>)
01c8:01cc: create thread I @004014C0
01c8:01cc: loads DLL C:\windows\system32\ntdll.dll @7BD10000 (2994176<5095>)
01c8:01cc: loads DLL C:\windows\system32\kernel32.dll @7BB90000 (1466368<19395>)
01c8:01cc: loads DLL C:\windows\system32\kernelbase.dll @7B650000 (5410816<14148>)
01c8:01cc: loads DLL C:\windows\system32\msvcrt.dll @7B2A0000 (2715648<8214>)
01c8:01cc: loads DLL Z:\samples\vt_pau.dll @10000000 (0<0>)
01c8:01cc: loads DLL C:\windows\system32\WINMM.dll @78C50000 (1474560<4890>)
01c8:01cc: loads DLL C:\windows\system32\advapi32.dll @7B550000 (958464<7400>)
01c8:01cc: loads DLL C:\windows\system32\sechost.dll @7B200000 (565248<3163>)
01c8:01cc: loads DLL C:\windows\system32\ucrtbase.dll @7AEE0000 (3198976<11541>)
01c8:01cc: loads DLL C:\windows\system32\msacm32.dll @78BD0000 (413696<1982>)
01c8:01cc: loads DLL C:\windows\system32\user32.dll @7A160000 (5005312<14159>)
01c8:01cc: loads DLL Z:\samples\zlib1.dll @7A120000 (135680<0>)
01c8:01cc: loads DLL C:\windows\system32\gdi32.dll @7A640000 (2355200<7390>)
01c8:01cc: loads DLL C:\windows\system32\win32u.dll @7A0D0000 (221184<1966>)
01c8:01cc: loads DLL C:\windows\system32\ole32.dll @7A9F0000 (4440064<14323>)
01c8:01cc: loads DLL C:\windows\system32\combase.dll @7A890000 (1314816<7562>)
01c8:01cc: loads DLL C:\windows\system32\rpcrt4.dll @79EA0000 (2162688<9274>)
01c8:01cc: loads DLL C:\windows\system32\coml2.dll @79E40000 (262144<3883>)
01c8:01cc: loads DLL C:\windows\system32\iphlpapi.dll @779C0000 (487424<4777>)
01c8:01cc: loads DLL C:\windows\system32\dnsapi.dll @77970000 (258048<1399>)
01c8:01cc: loads DLL C:\windows\system32\nsi.dll @77940000 (118784<823>)
01c8:01cc: loads DLL C:\windows\system32\ws2_32.dll @7AE40000 (565248<2279>)
01c8:01cc: loads DLL C:\windows\system32\tzres.dll @009C0000 (0<0>)
000001c8:000001cc: unload DLL @009C0000
01c8:01cc: loads DLL C:\windows\system32\tzres.dll @009C0000 (0<0>)
000001c8:000001cc: unload DLL @009C0000
01c8:01cc: loads DLL C:\windows\system32\imm32.dll @782F0000 (401408<2996>)
01c8:01cc: loads DLL C:\windows\system32\winex11.drv @780F0000 (307200<4314>)
01c8:01cc: loads DLL C:\windows\system32\uxtheme.dll @78030000 (671744<3646>)
000001c8:000001cc: exit process (0)
