GNU gdb (Ubuntu 15.1-1ubuntu1~24.04.1) 15.1
Copyright (C) 2024 Free Software Foundation, Inc.
License GPLv3+: GNU GPL version 3 or later <http://gnu.org/licenses/gpl.html>
This is free software: you are free to change and redistribute it.
There is NO WARRANTY, to the extent permitted by law.
Type "show copying" and "show warranty" for details.
This GDB was configured as "x86_64-linux-gnu".
Type "show configuration" for configuration details.
For bug reporting instructions, please see:
<https://www.gnu.org/software/gdb/bugs/>.
Find the GDB manual and other documentation resources online at:
    <http://www.gnu.org/software/gdb/documentation/>.

For help, type "help".
Type "apropos word" to search for commands related to "word".
warning: remote target does not support file transfer, attempting to access files from local filesystem.
Reading symbols from /samples/voicetext_paul.exe...
0x7bd64525 in DbgBreakPoint@0 ()
   from /usr/lib/i386-linux-gnu/wine/i386-windows/ntdll.dll
Wine-gdb> Wine-gdb> Wine-gdb> Wine-gdb> Signal        Stop	Print	Pass to program	Description
SIGSEGV       No	No	Yes		Segmentation fault
Wine-gdb> Signal        Stop	Print	Pass to program	Description
SIGSEGV       No	No	Yes		Segmentation fault
Wine-gdb> Wine-gdb> Wine-gdb> Wine-gdb> Wine-gdb> Breakpoint 1 at 0x1001b200
Wine-gdb> >>>>>Wine-gdb> Wine-gdb> Breakpoint 2 at 0x1002c220
Wine-gdb> >>>>>> > > > >>>Wine-gdb> Wine-gdb> Breakpoint 3 at 0x10026870
Wine-gdb> >>>>> > > > > > >>>Wine-gdb> Wine-gdb> Continuing.
Temporary breakpoint 4 at 0x1001ea93
SELECTED_UNIT n=1 id=379156
SELECTED_UNIT n=2 id=379157
SELECTED_UNIT n=3 id=237421
SELECTED_UNIT n=4 id=225360
SELECTED_UNIT n=5 id=225360
SELECTED_UNIT n=6 id=225361
SELECTED_UNIT n=7 id=225362
SELECTED_UNIT n=8 id=255412
SELECTED_UNIT n=9 id=285463
SELECTED_UNIT n=10 id=285464
Temporary breakpoint 5 at 0x1002bde9
TIMELINE n=1 rows=10
SELECTED_UNIT n=11 id=237420
SELECTED_UNIT n=12 id=379158
SELECTED_UNIT n=13 id=225359
SELECTED_UNIT n=14 id=237422
SELECTED_UNIT n=15 id=255411
SELECTED_UNIT n=16 id=225363
SELECTED_UNIT n=17 id=285462
SELECTED_UNIT n=18 id=255413
PCM_BLOCK n=1 bytes=31142
[Inferior 1 (Remote target) exited normally]
Wine-gdb> 01ec:01f0: create process 'Z:\samples\voicetext_paul.exe'/00000000 @004014C0 (450560<1847>)
01ec:01f0: create thread I @004014C0
01ec:01f0: loads DLL C:\windows\system32\ntdll.dll @7BD10000 (2994176<5095>)
01ec:01f0: loads DLL C:\windows\system32\kernel32.dll @7BB90000 (1466368<19395>)
01ec:01f0: loads DLL C:\windows\system32\kernelbase.dll @7B650000 (5410816<14148>)
01ec:01f0: loads DLL C:\windows\system32\msvcrt.dll @7B2A0000 (2715648<8214>)
01ec:01f0: loads DLL Z:\samples\vt_pau.dll @10000000 (0<0>)
01ec:01f0: loads DLL C:\windows\system32\WINMM.dll @78C50000 (1474560<4890>)
01ec:01f0: loads DLL C:\windows\system32\advapi32.dll @7B550000 (958464<7400>)
01ec:01f0: loads DLL C:\windows\system32\sechost.dll @7B200000 (565248<3163>)
01ec:01f0: loads DLL C:\windows\system32\ucrtbase.dll @7AEE0000 (3198976<11541>)
01ec:01f0: loads DLL C:\windows\system32\msacm32.dll @78BD0000 (413696<1982>)
01ec:01f0: loads DLL C:\windows\system32\user32.dll @7A160000 (5005312<14159>)
01ec:01f0: loads DLL Z:\samples\zlib1.dll @7A120000 (135680<0>)
01ec:01f0: loads DLL C:\windows\system32\gdi32.dll @7A640000 (2355200<7390>)
01ec:01f0: loads DLL C:\windows\system32\win32u.dll @7A0D0000 (221184<1966>)
01ec:01f0: loads DLL C:\windows\system32\ole32.dll @7A9F0000 (4440064<14323>)
01ec:01f0: loads DLL C:\windows\system32\combase.dll @7A890000 (1314816<7562>)
01ec:01f0: loads DLL C:\windows\system32\rpcrt4.dll @79EA0000 (2162688<9274>)
01ec:01f0: loads DLL C:\windows\system32\coml2.dll @79E40000 (262144<3883>)
01ec:01f0: loads DLL C:\windows\system32\iphlpapi.dll @779C0000 (487424<4777>)
01ec:01f0: loads DLL C:\windows\system32\dnsapi.dll @77970000 (258048<1399>)
01ec:01f0: loads DLL C:\windows\system32\nsi.dll @77940000 (118784<823>)
01ec:01f0: loads DLL C:\windows\system32\ws2_32.dll @7AE40000 (565248<2279>)
01ec:01f0: loads DLL C:\windows\system32\tzres.dll @009C0000 (0<0>)
000001ec:000001f0: unload DLL @009C0000
01ec:01f0: loads DLL C:\windows\system32\tzres.dll @009C0000 (0<0>)
000001ec:000001f0: unload DLL @009C0000
01ec:01f0: loads DLL C:\windows\system32\imm32.dll @782F0000 (401408<2996>)
01ec:01f0: loads DLL C:\windows\system32\winex11.drv @780F0000 (307200<4314>)
01ec:01f0: loads DLL C:\windows\system32\uxtheme.dll @78030000 (671744<3646>)
000001ec:000001f0: exit process (0)
