GNU gdb (Ubuntu 15.1-1ubuntu1~24.04.1) 15.1
Copyright (C) 2024 Free Software Foundation, Inc.
License GPLv3+: GNU GPL version 3 or later <http://gnu.org/licenses/gpl.html>
This is free software: you are free to change and redistribute it.
There is NO WARRANTY, to the extent permitted by law.
Type "show copying" and "show warranty" for details.
This GDB was configured as "x86_64-linux-gnu".
Type "show configuration" for configuration details.
For bug reporting instructions, please see:
<https://www.gnu.org/software/gdb/bugs/>.
Find the GDB manual and other documentation resources online at:
    <http://www.gnu.org/software/gdb/documentation/>.

For help, type "help".
Type "apropos word" to search for commands related to "word".
warning: remote target does not support file transfer, attempting to access files from local filesystem.
Reading symbols from /samples/voicetext_paul.exe...
0x7bd64525 in DbgBreakPoint@0 ()
   from /usr/lib/i386-linux-gnu/wine/i386-windows/ntdll.dll
Wine-gdb> Wine-gdb> Wine-gdb> Wine-gdb> Signal        Stop	Print	Pass to program	Description
SIGSEGV       No	No	Yes		Segmentation fault
Wine-gdb> Signal        Stop	Print	Pass to program	Description
SIGSEGV       No	No	Yes		Segmentation fault
Wine-gdb> Wine-gdb> Wine-gdb> Wine-gdb> Wine-gdb> Breakpoint 1 at 0x1001b200
Wine-gdb> >>>>>Wine-gdb> Wine-gdb> Breakpoint 2 at 0x1002c220
Wine-gdb> >>>>>> > > > >>>Wine-gdb> Wine-gdb> Breakpoint 3 at 0x10026870
Wine-gdb> >>>>> > > > > > >>>Wine-gdb> Wine-gdb> Continuing.
Temporary breakpoint 4 at 0x1001ea93
SELECTED_UNIT n=1 id=387002
SELECTED_UNIT n=2 id=387003
SELECTED_UNIT n=3 id=387004
SELECTED_UNIT n=4 id=15768
SELECTED_UNIT n=5 id=187070
SELECTED_UNIT n=6 id=187071
SELECTED_UNIT n=7 id=187072
SELECTED_UNIT n=8 id=22320
SELECTED_UNIT n=9 id=316633
SELECTED_UNIT n=10 id=316634
SELECTED_UNIT n=11 id=154377
SELECTED_UNIT n=12 id=253337
SELECTED_UNIT n=13 id=253338
SELECTED_UNIT n=14 id=253339
SELECTED_UNIT n=15 id=253340
SELECTED_UNIT n=16 id=323736
SELECTED_UNIT n=17 id=65594
SELECTED_UNIT n=18 id=65595
SELECTED_UNIT n=19 id=65596
SELECTED_UNIT n=20 id=65597
SELECTED_UNIT n=21 id=186298
SELECTED_UNIT n=22 id=157240
SELECTED_UNIT n=23 id=157241
SELECTED_UNIT n=24 id=405274
SELECTED_UNIT n=25 id=405275
SELECTED_UNIT n=26 id=405276
SELECTED_UNIT n=27 id=405277
SELECTED_UNIT n=28 id=405278
SELECTED_UNIT n=29 id=35333
SELECTED_UNIT n=30 id=35334
SELECTED_UNIT n=31 id=35335
SELECTED_UNIT n=32 id=48011
SELECTED_UNIT n=33 id=358106
SELECTED_UNIT n=34 id=147162
SELECTED_UNIT n=35 id=147162
SELECTED_UNIT n=36 id=5787
SELECTED_UNIT n=37 id=5788
SELECTED_UNIT n=38 id=33574
SELECTED_UNIT n=39 id=33575
SELECTED_UNIT n=40 id=120878
SELECTED_UNIT n=41 id=120879
SELECTED_UNIT n=42 id=361114
SELECTED_UNIT n=43 id=361114
SELECTED_UNIT n=44 id=361115
Temporary breakpoint 5 at 0x1002bde9
TIMELINE n=1 rows=44
SELECTED_UNIT n=45 id=15767
SELECTED_UNIT n=46 id=387005
SELECTED_UNIT n=47 id=187069
SELECTED_UNIT n=48 id=15769
SELECTED_UNIT n=49 id=22319
SELECTED_UNIT n=50 id=187073
SELECTED_UNIT n=51 id=316632
SELECTED_UNIT n=52 id=22321
SELECTED_UNIT n=53 id=154377
SELECTED_UNIT n=54 id=316634
SELECTED_UNIT n=55 id=253336
SELECTED_UNIT n=56 id=154378
SELECTED_UNIT n=57 id=323735
SELECTED_UNIT n=58 id=253341
SELECTED_UNIT n=59 id=65593
SELECTED_UNIT n=60 id=323737
SELECTED_UNIT n=61 id=186297
SELECTED_UNIT n=62 id=65598
SELECTED_UNIT n=63 id=157239
SELECTED_UNIT n=64 id=186299
SELECTED_UNIT n=65 id=405273
SELECTED_UNIT n=66 id=157242
PCM_BLOCK n=1 bytes=56806
Temporary breakpoint 6 at 0x1001ea93
SELECTED_UNIT n=67 id=35332
SELECTED_UNIT n=68 id=405279
SELECTED_UNIT n=69 id=48010
SELECTED_UNIT n=70 id=35336
SELECTED_UNIT n=71 id=358105
SELECTED_UNIT n=72 id=48012
SELECTED_UNIT n=73 id=147161
SELECTED_UNIT n=74 id=358107
SELECTED_UNIT n=75 id=5786
SELECTED_UNIT n=76 id=147163
SELECTED_UNIT n=77 id=33574
SELECTED_UNIT n=78 id=5788
SELECTED_UNIT n=79 id=120877
SELECTED_UNIT n=80 id=33576
SELECTED_UNIT n=81 id=361113
SELECTED_UNIT n=82 id=120880
PCM_BLOCK n=2 bytes=51234
[Inferior 1 (Remote target) exited normally]
Wine-gdb> 0210:0214: create process 'Z:\samples\voicetext_paul.exe'/00000000 @004014C0 (450560<1847>)
0210:0214: create thread I @004014C0
0210:0214: loads DLL C:\windows\system32\ntdll.dll @7BD10000 (2994176<5095>)
0210:0214: loads DLL C:\windows\system32\kernel32.dll @7BB90000 (1466368<19395>)
0210:0214: loads DLL C:\windows\system32\kernelbase.dll @7B650000 (5410816<14148>)
0210:0214: loads DLL C:\windows\system32\msvcrt.dll @7B2A0000 (2715648<8214>)
0210:0214: loads DLL Z:\samples\vt_pau.dll @10000000 (0<0>)
0210:0214: loads DLL C:\windows\system32\WINMM.dll @78C50000 (1474560<4890>)
0210:0214: loads DLL C:\windows\system32\advapi32.dll @7B550000 (958464<7400>)
0210:0214: loads DLL C:\windows\system32\sechost.dll @7B200000 (565248<3163>)
0210:0214: loads DLL C:\windows\system32\ucrtbase.dll @7AEE0000 (3198976<11541>)
0210:0214: loads DLL C:\windows\system32\msacm32.dll @78BD0000 (413696<1982>)
0210:0214: loads DLL C:\windows\system32\user32.dll @7A160000 (5005312<14159>)
0210:0214: loads DLL Z:\samples\zlib1.dll @7A120000 (135680<0>)
0210:0214: loads DLL C:\windows\system32\gdi32.dll @7A640000 (2355200<7390>)
0210:0214: loads DLL C:\windows\system32\win32u.dll @7A0D0000 (221184<1966>)
0210:0214: loads DLL C:\windows\system32\ole32.dll @7A9F0000 (4440064<14323>)
0210:0214: loads DLL C:\windows\system32\combase.dll @7A890000 (1314816<7562>)
0210:0214: loads DLL C:\windows\system32\rpcrt4.dll @79EA0000 (2162688<9274>)
0210:0214: loads DLL C:\windows\system32\coml2.dll @79E40000 (262144<3883>)
0210:0214: loads DLL C:\windows\system32\iphlpapi.dll @779C0000 (487424<4777>)
0210:0214: loads DLL C:\windows\system32\dnsapi.dll @77970000 (258048<1399>)
0210:0214: loads DLL C:\windows\system32\nsi.dll @77940000 (118784<823>)
0210:0214: loads DLL C:\windows\system32\ws2_32.dll @7AE40000 (565248<2279>)
0210:0214: loads DLL C:\windows\system32\tzres.dll @009C0000 (0<0>)
00000210:00000214: unload DLL @009C0000
0210:0214: loads DLL C:\windows\system32\tzres.dll @009C0000 (0<0>)
00000210:00000214: unload DLL @009C0000
0210:0214: loads DLL C:\windows\system32\imm32.dll @782F0000 (401408<2996>)
0210:0214: loads DLL C:\windows\system32\winex11.drv @780F0000 (307200<4314>)
0210:0214: loads DLL C:\windows\system32\uxtheme.dll @78030000 (671744<3646>)
00000210:00000214: exit process (0)
