Wine-gdb> Already logging to /work/corpus-parity/stage20/kate-key5-score-path-hello/feature35-swap-gdb.log.
Wine-gdb> Wine-gdb> Wine-gdb> Breakpoint 1 at 0x100182e0
Wine-gdb> >>>>> > > > >  >  >  >  >   >   >   >   >    >    >    >    >     >     >     >    >   >  > >> > > > > > > > > > > > > > > >  >  >  >  >  >  >  >  > >>>Wine-gdb> Wine-gdb> Breakpoint 2 at 0x1001b200
Wine-gdb> >>>>Wine-gdb> Wine-gdb> Hardware assisted breakpoint 3 at 0x408187
Wine-gdb> >>>>Wine-gdb> Wine-gdb> Continuing.
KATE_KEY5_FEATURE35_SWAP_ENTRY unit=272822 pair=272822,280485 p3=66/77 p5=75/73
Temporary breakpoint 4 at 0x1002389a
KATE_KEY5_FEATURE35_SWAP_RETURN unit=272822 score=505.8
KATE_KEY5_FEATURE35_SWAP_ENTRY unit=280485 pair=272822,280485 p3=66/77 p5=75/73
Temporary breakpoint 5 at 0x1002389a
KATE_KEY5_FEATURE35_SWAP_RETURN unit=280485 score=34.8
KATE_KEY5_FEATURE35_SWAP_ENTRY unit=272822 pair=272822,280485 p3=66/77 p5=75/73
Temporary breakpoint 6 at 0x1002389a
KATE_KEY5_FEATURE35_SWAP_RETURN unit=272822 score=505.8
KATE_KEY5_FEATURE35_SWAP_ENTRY unit=21433 pair=272822,21433 p3=66/85 p5=75/81
Temporary breakpoint 7 at 0x1002389a
KATE_KEY5_FEATURE35_SWAP_RETURN unit=21433 score=39.8
KATE_KEY5_FEATURE35_SWAP_ENTRY unit=264072 pair=272823,264072 p3=75/92 p5=72/86
Temporary breakpoint 8 at 0x1002389a
KATE_KEY5_FEATURE35_SWAP_RETURN unit=264072 score=22.6485
KATE_KEY5_FEATURE35_SWAP_ENTRY unit=272823 pair=272823,264072 p3=75/92 p5=72/86
Temporary breakpoint 9 at 0x1002389a
KATE_KEY5_FEATURE35_SWAP_RETURN unit=272823 score=1003.8
KATE_KEY5_FEATURE35_SWAP_ENTRY unit=264072 pair=272823,264072 p3=75/92 p5=72/86
Temporary breakpoint 10 at 0x1002389a
KATE_KEY5_FEATURE35_SWAP_RETURN unit=264072 score=24.2206
KATE_KEY5_FEATURE35_SWAP_ENTRY unit=264073 pair=272824,264073 p3=72/86 p5=68/86
Temporary breakpoint 11 at 0x1002389a
KATE_KEY5_FEATURE35_SWAP_RETURN unit=264073 score=79.3595
KATE_KEY5_FEATURE35_SWAP_ENTRY unit=272824 pair=272824,264073 p3=72/86 p5=68/86
Temporary breakpoint 12 at 0x1002389a
KATE_KEY5_FEATURE35_SWAP_RETURN unit=272824 score=71.5588
KATE_KEY5_FEATURE35_SWAP_ENTRY unit=264074 pair=272825,264074 p3=68/86 p5=120/118
Temporary breakpoint 13 at 0x1002389a
KATE_KEY5_FEATURE35_SWAP_RETURN unit=264074 score=34.0206
KATE_KEY5_FEATURE35_SWAP_ENTRY unit=272825 pair=272825,264074 p3=68/86 p5=120/118
Temporary breakpoint 14 at 0x1002389a
KATE_KEY5_FEATURE35_SWAP_RETURN unit=272825 score=32.6192
KATE_KEY5_FEATURE35_SWAP_ENTRY unit=264074 pair=272825,264074 p3=68/86 p5=120/118
Temporary breakpoint 15 at 0x1002389a
KATE_KEY5_FEATURE35_SWAP_RETURN unit=264074 score=32.3026
KATE_KEY5_FEATURE35_SWAP_ENTRY unit=272825 pair=272825,264074 p3=68/86 p5=120/118
Temporary breakpoint 16 at 0x1002389a
KATE_KEY5_FEATURE35_SWAP_RETURN unit=272825 score=32.351
KATE_KEY5_FEATURE35_SELECTED id=280485
KATE_KEY5_FEATURE35_SELECTED id=21433
KATE_KEY5_FEATURE35_SELECTED id=272152
KATE_KEY5_FEATURE35_SELECTED id=272152
KATE_KEY5_FEATURE35_SELECTED id=272153
KATE_KEY5_FEATURE35_SELECTED id=246677
KATE_KEY5_FEATURE35_SELECTED id=246677
KATE_KEY5_FEATURE35_SELECTED id=21433
KATE_KEY5_FEATURE35_SELECTED id=280485
[Inferior 1 (Remote target) exited normally]
Wine-gdb> 