Wine-gdb> Wine-gdb> Wine-gdb> Wine-gdb> Breakpoint 1 at 0x100235f6
Wine-gdb> >>>> > > > >  >  >  >  > > >>>Wine-gdb> Wine-gdb> Wine-gdb> Wine-gdb> Breakpoint 2 at 0x1002389a
Wine-gdb> >>>>> > >>>Wine-gdb> Wine-gdb> Wine-gdb> Wine-gdb> Breakpoint 3 at 0x10018c80
Wine-gdb> >>>>>>> > > > > > >  >  >  >  >  >   >   >  >  > > > >>>Wine-gdb> Wine-gdb> Hardware assisted breakpoint 4 at 0x1001b200
Wine-gdb> >>> > >>>Wine-gdb> Wine-gdb> Hardware assisted breakpoint 5 at 0x408187
Wine-gdb> >>>>Wine-gdb> Wine-gdb> Continuing.
KATE_KEY5_FINAL_CANDIDATES position=0 count=416 200614 129641 165351 178453 179388 182880 189906 195687 200525 204612 206118 214148 245736 262454 272822 273369 279479 279484 116320 92183 51310 31795 31347 28430 22451 20499 2525 1200 187204 180891 180278 179008 170493 170520 170834 171752 172245 175240 175577 176870 178171 189785 190310 195032 196235 196633 6383 198004 198792 199794 201309 201399 203329 205319 206088 168334 167809 130661 130244 129734 128735 126242 126169 124767 124479 124143 119838 118237 117331 115553 115381 115357 115015 114930 114345 112912 112581 112318 112147 111965
KATE_KEY5_LOCAL position=0 unit=272822 rank=-2 span=2 weighted=0 local=505.8
KATE_KEY5_LOCAL position=0 unit=280485 rank=-1 span=1 weighted=0 local=34.8
KATE_KEY5_FINAL_CANDIDATES position=1 count=77 279484 1200 2525 20499 22451 28430 31347 31795 51310 92183 116320 129641 165351 178453 179388 182880 279479 273369 272822 262454 245736 214148 206118 204612 200614 200525 195687 189906 273058 178678 161641 144914 143670 98500 47227 6848 21433 225434 194048 173090 261020 245705 179960 179843 119987 118555 118365 97259 83687 273184 272869 272151 270386 264071 177867 166213 261641 271466 26006 157246 106022 61636 178139 137008 47071 23683 275700 266724 217117 208963 152582 134546 87382 81787 76406 51374 203702
KATE_KEY5_LOCAL position=1 unit=272822 rank=-2 span=2 weighted=0 local=505.8
KATE_KEY5_LOCAL position=1 unit=21433 rank=-1 span=1 weighted=0 local=39.8
Temporary breakpoint 6 at 0x100248d6
KATE_KEY5_PATH context=1 candidates=30 previous=30 {unit=272822 cost=318.8 pred-index=28 pred=280485} {unit=21433 cost=151.131 pred-index=28 pred=280485}
KATE_KEY5_FINAL_CANDIDATES position=2 count=10 13942 36540 264072 272152 53487 96599 268760 272823 273370 145101
KATE_KEY5_LOCAL position=2 unit=264072 rank=-2 span=2 weighted=0 local=22.3004
KATE_KEY5_LOCAL position=2 unit=272823 rank=-1 span=1 weighted=0 local=1003.89
Temporary breakpoint 7 at 0x100248d6
KATE_KEY5_PATH context=2 candidates=10 previous=30 {unit=264072 cost=181.853 pred-index=28 pred=21433} {unit=272823 cost=657.395 pred-index=28 pred=21433}
KATE_KEY5_FINAL_CANDIDATES position=3 count=13 13942 36540 264072 272152 93736 77285 45237 128526 235111 63692 72577 4105 115179
KATE_KEY5_LOCAL position=3 unit=264072 rank=-2 span=2 weighted=0 local=22.1471
Temporary breakpoint 8 at 0x100248d6
KATE_KEY5_PATH context=3 candidates=13 previous=10 {unit=264072 cost=192.927 pred-index=2 pred=264072}
KATE_KEY5_FINAL_CANDIDATES position=4 count=11 2529 4632 28296 105185 146098 153132 252236 264073 265815 272153 272824
KATE_KEY5_LOCAL position=4 unit=264073 rank=-1 span=1 weighted=0 local=71.5588
KATE_KEY5_LOCAL position=4 unit=272824 rank=-1 span=1 weighted=0 local=79.3595
Temporary breakpoint 9 at 0x100248d6
KATE_KEY5_PATH context=4 candidates=11 previous=12 {unit=264073 cost=230.706 pred-index=2 pred=264072} {unit=272824 cost=260.67 pred-index=7 pred=235111}
KATE_KEY5_FINAL_CANDIDATES position=5 count=16 268761 5170 246677 264074 272825 282675 282713 281488 195440 243651 82950 180021 105444 136589 137059 59471
KATE_KEY5_LOCAL position=5 unit=264074 rank=-2 span=2 weighted=0 local=32.5632
KATE_KEY5_LOCAL position=5 unit=272825 rank=-2 span=2 weighted=0 local=34.0766
Temporary breakpoint 10 at 0x100248d6
KATE_KEY5_PATH context=5 candidates=16 previous=4 {unit=264074 cost=248.988 pred-index=1 pred=264073} {unit=272825 cost=279.709 pred-index=3 pred=272824}
KATE_KEY5_FINAL_CANDIDATES position=6 count=26 282713 268761 5170 246677 264074 272825 282675 269609 200069 136758 74841 33797 266501 187123 184698 137959 73448 42894 34085 27246 66928 282647 282009 105189 94772 28799
KATE_KEY5_LOCAL position=6 unit=264074 rank=-2 span=2 weighted=0 local=32.2771
KATE_KEY5_LOCAL position=6 unit=272825 rank=-2 span=2 weighted=0 local=32.3766
Temporary breakpoint 11 at 0x100248d6
KATE_KEY5_PATH context=6 candidates=26 previous=13 {unit=264074 cost=265.126 pred-index=3 pred=264074} {unit=272825 cost=281.801 pred-index=3 pred=264074}
KATE_KEY5_SELECTED n=1 id=280485
KATE_KEY5_SELECTED n=2 id=21433
KATE_KEY5_SELECTED n=3 id=264072
KATE_KEY5_SELECTED n=4 id=264072
KATE_KEY5_SELECTED n=5 id=264073
KATE_KEY5_SELECTED n=6 id=264074
KATE_KEY5_SELECTED n=7 id=264074
KATE_KEY5_SELECTED n=8 id=21433
KATE_KEY5_SELECTED n=9 id=280485
[Inferior 1 (Remote target) exited normally]
Wine-gdb> 