Wine-gdb> Already logging to /work/corpus-parity/stage20/kate-key5-score-path-hello/score-fields-gdb.log.
Wine-gdb> Wine-gdb> Wine-gdb> Breakpoint 1 at 0x100182e0
Wine-gdb> >>> > > > > > > > > > > > > > > > > > > > > > > > > > > >  >  >  >  > >>>Wine-gdb> Wine-gdb> Breakpoint 2 at 0x1001b200
Wine-gdb> >>>>Wine-gdb> Wine-gdb> Hardware assisted breakpoint 3 at 0x408187
Wine-gdb> >>>>Wine-gdb> Wine-gdb> Continuing.
KATE_KEY5_SCORE_ENTRY unit=272822 target=0x25cc648:	0	0	0	0	1	1	0
KATE_KEY5_SCORE_TARGET_VIEW:0x6676cc:	12	85	85	0	244	118	102	0
0x6676d4:	213	73
KATE_KEY5_SCORE_SIGNATURE:0x1fa241a:	1	90	34	23	30	30	23
KATE_KEY5_SCORE_ARRAYS attr_a=1 attr_b=0 metrics=755,779,223 features=73,108,164,66,66,75
Temporary breakpoint 4 at 0x1002389a
KATE_KEY5_SCORE_RETURN unit=272822 score=505.8
KATE_KEY5_SCORE_ENTRY unit=280485 target=0x25cc648:	0	0	0	0	1	1	0
KATE_KEY5_SCORE_TARGET_VIEW:0x6676cc:	12	85	85	0	244	118	102	0
0x6676d4:	213	73
KATE_KEY5_SCORE_SIGNATURE:0x1faf5a3:	1	90	34	44	30	34	20
KATE_KEY5_SCORE_ARRAYS attr_a=3 attr_b=0 metrics=891,963,110 features=62,79,162,77,90,73
Temporary breakpoint 5 at 0x1002389a
KATE_KEY5_SCORE_RETURN unit=280485 score=34.8
KATE_KEY5_SCORE_ENTRY unit=272822 target=0x25cc64e:	0	0	0	1	2	1	0
KATE_KEY5_SCORE_TARGET_VIEW:0x6676a8:	12	85	85	0	204	118	102	0
0x6676b0:	206	72
KATE_KEY5_SCORE_SIGNATURE:0x1fa241a:	1	90	34	23	30	30	23
KATE_KEY5_SCORE_ARRAYS attr_a=1 attr_b=0 metrics=755,779,223 features=73,108,164,66,66,75
Temporary breakpoint 6 at 0x1002389a
KATE_KEY5_SCORE_RETURN unit=272822 score=505.8
KATE_KEY5_SCORE_ENTRY unit=21433 target=0x25cc64e:	0	0	0	1	2	1	0
KATE_KEY5_SCORE_TARGET_VIEW:0x6676a8:	12	85	85	0	204	118	102	0
0x6676b0:	206	72
KATE_KEY5_SCORE_SIGNATURE:0x1df4a2f:	1	62	34	24	10	10	31
KATE_KEY5_SCORE_ARRAYS attr_a=0 attr_b=0 metrics=943,523,223 features=162,154,165,85,94,81
Temporary breakpoint 7 at 0x1002389a
KATE_KEY5_SCORE_RETURN unit=21433 score=39.8
KATE_KEY5_SCORE_ENTRY unit=264072 target=0x25cc654:	0	0	1	2	1	0	0
KATE_KEY5_SCORE_TARGET_VIEW:0x6676a8:	6	85	84	0	204	118	102	0
0x6676b0:	206	72
KATE_KEY5_SCORE_SIGNATURE:0x1f934d8:	1	34	23	43	0	0	17
KATE_KEY5_SCORE_ARRAYS attr_a=1 attr_b=0 metrics=1007,892,428 features=161,164,165,92,86,86
Temporary breakpoint 8 at 0x1002389a
KATE_KEY5_SCORE_RETURN unit=264072 score=22.3004
KATE_KEY5_SCORE_ENTRY unit=272823 target=0x25cc654:	0	0	1	2	1	0	0
KATE_KEY5_SCORE_TARGET_VIEW:0x6676a8:	6	85	84	0	204	118	102	0
0x6676b0:	206	72
KATE_KEY5_SCORE_SIGNATURE:0x1fa2421:	1	34	23	43	0	30	10
KATE_KEY5_SCORE_ARRAYS attr_a=1 attr_b=0 metrics=223,183,63 features=164,168,170,75,72,72
Temporary breakpoint 9 at 0x1002389a
KATE_KEY5_SCORE_RETURN unit=272823 score=1003.89
KATE_KEY5_SCORE_ENTRY unit=264072 target=0x25cc65a:	0	0	1	3	2	0	0
KATE_KEY5_SCORE_TARGET_VIEW:0x6676a8:	6	85	91	0	204	118	102	0
0x6676b0:	206	72
KATE_KEY5_SCORE_SIGNATURE:0x1f934d8:	1	34	23	43	0	0	17
KATE_KEY5_SCORE_ARRAYS attr_a=1 attr_b=0 metrics=1007,892,428 features=161,164,165,92,86,86
Temporary breakpoint 10 at 0x1002389a
KATE_KEY5_SCORE_RETURN unit=264072 score=22.1471
KATE_KEY5_SCORE_ENTRY unit=264073 target=0x25cc660:	0	1	2	4	0	0	0
KATE_KEY5_SCORE_TARGET_VIEW:0x6676a8:	35	94	101	1	204	118	102	0
0x6676b0:	206	72
KATE_KEY5_SCORE_SIGNATURE:0x1f934df:	1	23	43	48	0	0	21
KATE_KEY5_SCORE_ARRAYS attr_a=1 attr_b=0 metrics=428,860,752 features=165,164,167,86,86,86
Temporary breakpoint 11 at 0x1002389a
KATE_KEY5_SCORE_RETURN unit=264073 score=71.5588
KATE_KEY5_SCORE_ENTRY unit=272824 target=0x25cc660:	0	1	2	4	0	0	0
KATE_KEY5_SCORE_TARGET_VIEW:0x6676a8:	35	94	101	1	204	118	102	0
0x6676b0:	206	72
KATE_KEY5_SCORE_SIGNATURE:0x1fa2428:	1	23	43	48	0	0	22
KATE_KEY5_SCORE_ARRAYS attr_a=1 attr_b=0 metrics=63,924,360 features=170,171,175,72,70,68
Temporary breakpoint 12 at 0x1002389a
KATE_KEY5_SCORE_RETURN unit=272824 score=79.3595
KATE_KEY5_SCORE_ENTRY unit=264074 target=0x25cc666:	0	1	3	5	1	0	0
KATE_KEY5_SCORE_TARGET_VIEW:0x6676a8:	48	104	116	1	204	118	102	0
0x6676b0:	206	72
KATE_KEY5_SCORE_SIGNATURE:0x1f934e6:	0	43	48	90	4	4	77
KATE_KEY5_SCORE_ARRAYS attr_a=1 attr_b=0 metrics=752,352,508 features=167,163,139,86,105,118
Temporary breakpoint 13 at 0x1002389a
KATE_KEY5_SCORE_RETURN unit=264074 score=32.5632
KATE_KEY5_SCORE_ENTRY unit=272825 target=0x25cc666:	0	1	3	5	1	0	0
KATE_KEY5_SCORE_TARGET_VIEW:0x6676a8:	48	104	116	1	204	118	102	0
0x6676b0:	206	72
KATE_KEY5_SCORE_SIGNATURE:0x1fa242f:	0	43	48	90	4	4	95
KATE_KEY5_SCORE_ARRAYS attr_a=1 attr_b=0 metrics=360,972,764 features=175,162,138,68,103,120
Temporary breakpoint 14 at 0x1002389a
KATE_KEY5_SCORE_RETURN unit=272825 score=34.0766
KATE_KEY5_SCORE_ENTRY unit=264074 target=0x25cc66c:	0	1	3	6	2	0	0
KATE_KEY5_SCORE_TARGET_VIEW:0x6676a8:	48	120	113	1	204	118	102	0
0x6676b0:	206	72
KATE_KEY5_SCORE_SIGNATURE:0x1f934e6:	0	43	48	90	4	4	77
KATE_KEY5_SCORE_ARRAYS attr_a=1 attr_b=0 metrics=752,352,508 features=167,163,139,86,105,118
Temporary breakpoint 15 at 0x1002389a
KATE_KEY5_SCORE_RETURN unit=264074 score=32.2771
KATE_KEY5_SCORE_ENTRY unit=272825 target=0x25cc66c:	0	1	3	6	2	0	0
KATE_KEY5_SCORE_TARGET_VIEW:0x6676a8:	48	120	113	1	204	118	102	0
0x6676b0:	206	72
KATE_KEY5_SCORE_SIGNATURE:0x1fa242f:	0	43	48	90	4	4	95
KATE_KEY5_SCORE_ARRAYS attr_a=1 attr_b=0 metrics=360,972,764 features=175,162,138,68,103,120
Temporary breakpoint 16 at 0x1002389a
KATE_KEY5_SCORE_RETURN unit=272825 score=32.3766
KATE_KEY5_SCORE_SELECTED id=280485
KATE_KEY5_SCORE_SELECTED id=21433
KATE_KEY5_SCORE_SELECTED id=264072
KATE_KEY5_SCORE_SELECTED id=264072
KATE_KEY5_SCORE_SELECTED id=264073
KATE_KEY5_SCORE_SELECTED id=264074
KATE_KEY5_SCORE_SELECTED id=264074
KATE_KEY5_SCORE_SELECTED id=21433
KATE_KEY5_SCORE_SELECTED id=280485
[Inferior 1 (Remote target) exited normally]
Wine-gdb> 