Wine-gdb> Already logging to /probe/stage20/hello-repeat-2006-matched-late-edges/legacy-matched-late-edges-gdb.log.
Wine-gdb> Wine-gdb> Wine-gdb> Hardware assisted breakpoint 1 at 0x1001ec07
Wine-gdb> >>>>> > >>>Wine-gdb> Wine-gdb> Breakpoint 2 at 0x408187
Wine-gdb> >>>>Wine-gdb> Wine-gdb> Continuing.
LEGACY_MATCHED_EDGE_TRACE_READY
LEGACY_MATCHED_EDGE context=3 current=232670 previous=272153 transition=13.4018 previous_path=21.7449 local=4.31396 total=39.4606 penalty=0
LEGACY_MATCHED_EDGE context=3 current=232670 previous=272824 transition=106.746 previous_path=8.70859 local=4.31396 total=119.768 penalty=0
LEGACY_MATCHED_EDGE context=3 current=232670 previous=273371 transition=7.45827 previous_path=2.92889 local=4.31396 total=14.7011 penalty=0
LEGACY_MATCHED_EDGE context=3 current=232670 previous=13943 transition=11.3113 previous_path=34.0191 local=4.31396 total=49.6443 penalty=0
LEGACY_MATCHED_EDGE context=3 current=232670 previous=264073 transition=7.16791 previous_path=30.2999 local=4.31396 total=41.7818 penalty=0
LEGACY_MATCHED_EDGE context=4 current=266023 previous=272154 transition=20.0744 previous_path=18.4083 local=2.78161 total=41.2643 penalty=10
LEGACY_MATCHED_EDGE context=4 current=266023 previous=184279 transition=34.7866 previous_path=59.0911 local=2.78161 total=96.6593 penalty=10
LEGACY_MATCHED_EDGE context=4 current=266023 previous=185764 transition=35.4676 previous_path=39.3397 local=2.78161 total=77.5889 penalty=10
LEGACY_MATCHED_EDGE context=4 current=266023 previous=252843 transition=26.0414 previous_path=22.9768 local=2.78161 total=51.7998 penalty=10
LEGACY_MATCHED_EDGE context=4 current=266023 previous=168174 transition=18.3173 previous_path=18.7868 local=2.78161 total=39.8857 penalty=10
LEGACY_MATCHED_EDGE context=4 current=266023 previous=224354 transition=18.9779 previous_path=16.9424 local=2.78161 total=38.702 penalty=10
LEGACY_MATCHED_EDGE context=4 current=266023 previous=33050 transition=25.6296 previous_path=17.4668 local=2.78161 total=45.878 penalty=10
LEGACY_MATCHED_EDGE context=4 current=266023 previous=269907 transition=43.279 previous_path=14.812 local=2.78161 total=60.8725 penalty=10
LEGACY_MATCHED_EDGE context=4 current=266023 previous=220464 transition=45.4646 previous_path=36.7684 local=2.78161 total=85.0146 penalty=10
LEGACY_MATCHED_EDGE context=4 current=266023 previous=61117 transition=19.1223 previous_path=22.1153 local=2.78161 total=44.0192 penalty=10
LEGACY_MATCHED_EDGE context=4 current=266023 previous=232670 transition=18.977 previous_path=14.7011 local=2.78161 total=36.4597 penalty=10
LEGACY_MATCHED_EDGE context=4 current=266023 previous=208339 transition=42.2462 previous_path=16.8324 local=2.78161 total=61.8602 penalty=10
LEGACY_MATCHED_EDGE context=4 current=266023 previous=232750 transition=66.0121 previous_path=24.4786 local=2.78161 total=93.2723 penalty=10
LEGACY_MATCHED_EDGE context=4 current=266023 previous=255006 transition=56.224 previous_path=22.1743 local=2.78161 total=81.1799 penalty=10
LEGACY_MATCHED_EDGE context=4 current=266023 previous=239975 transition=198.099 previous_path=33.6032 local=2.78161 total=234.484 penalty=10
LEGACY_MATCHED_EDGE context=4 current=266023 previous=202604 transition=18.2478 previous_path=31.8486 local=2.78161 total=52.8779 penalty=10
LEGACY_MATCHED_EDGE context=4 current=266023 previous=182449 transition=18.9788 previous_path=35.5539 local=2.78161 total=57.3144 penalty=10
LEGACY_MATCHED_EDGE context=4 current=266023 previous=17653 transition=46.2857 previous_path=34.3714 local=2.78161 total=83.4387 penalty=10
LEGACY_MATCHED_EDGE context=4 current=266023 previous=31690 transition=16.9882 previous_path=37.3948 local=2.78161 total=57.1646 penalty=10
LEGACY_MATCHED_EDGE context=4 current=266023 previous=118271 transition=27.0303 previous_path=35.8278 local=2.78161 total=65.6397 penalty=10
LEGACY_MATCHED_EDGE context=4 current=266023 previous=86460 transition=18.6699 previous_path=35.9788 local=2.78161 total=57.4303 penalty=10
LEGACY_MATCHED_EDGE context=4 current=266023 previous=36287 transition=40.6733 previous_path=36.8829 local=2.78161 total=80.3378 penalty=10
LEGACY_MATCHED_EDGE context=5 current=264071 previous=185764 transition=15.3758 previous_path=34.65 local=7.304 total=57.3297 penalty=0
LEGACY_MATCHED_EDGE context=5 current=264071 previous=183342 transition=15.0578 previous_path=37.5896 local=7.304 total=59.9514 penalty=0
LEGACY_MATCHED_EDGE context=5 current=264071 previous=70160 transition=35.064 previous_path=39.5781 local=7.304 total=81.9461 penalty=0
LEGACY_MATCHED_EDGE context=5 current=264071 previous=67509 transition=46.5777 previous_path=41.8654 local=7.304 total=95.7471 penalty=0
LEGACY_MATCHED_EDGE context=5 current=264071 previous=265139 transition=57.5779 previous_path=36.4883 local=7.304 total=101.37 penalty=0
LEGACY_MATCHED_EDGE context=5 current=264071 previous=216044 transition=28.9021 previous_path=39.5498 local=7.304 total=75.7558 penalty=0
LEGACY_MATCHED_EDGE context=5 current=264071 previous=213995 transition=39.5237 previous_path=37.3701 local=7.304 total=84.1978 penalty=0
LEGACY_MATCHED_EDGE context=5 current=264071 previous=139207 transition=39.6973 previous_path=49.1064 local=7.304 total=96.1077 penalty=0
LEGACY_MATCHED_EDGE context=5 current=264071 previous=129448 transition=62.7048 previous_path=44.909 local=7.304 total=114.918 penalty=0
LEGACY_MATCHED_EDGE context=5 current=264071 previous=82668 transition=37.4172 previous_path=37.9526 local=7.304 total=82.6738 penalty=0
LEGACY_MATCHED_EDGE context=5 current=264071 previous=68970 transition=49.1863 previous_path=49.1955 local=7.304 total=105.686 penalty=0
LEGACY_MATCHED_EDGE context=5 current=264071 previous=60891 transition=32.4509 previous_path=35.2381 local=7.304 total=74.9929 penalty=0
LEGACY_MATCHED_EDGE context=5 current=264071 previous=39483 transition=43.097 previous_path=41.1687 local=7.304 total=91.5696 penalty=0
LEGACY_MATCHED_EDGE context=5 current=264071 previous=34312 transition=42.2254 previous_path=46.5553 local=7.304 total=96.0847 penalty=0
LEGACY_MATCHED_EDGE context=5 current=264071 previous=32698 transition=23.4934 previous_path=44.5421 local=7.304 total=75.3395 penalty=0
LEGACY_MATCHED_EDGE context=5 current=264071 previous=12561 transition=34.3089 previous_path=35.8171 local=7.304 total=77.43 penalty=0
LEGACY_MATCHED_EDGE context=5 current=264071 previous=96680 transition=27.5179 previous_path=37.0107 local=7.304 total=71.8326 penalty=0
LEGACY_MATCHED_EDGE context=5 current=264071 previous=266023 transition=12.3499 previous_path=36.4597 local=7.304 total=56.1137 penalty=0
LEGACY_MATCHED_EDGE context=5 current=264071 previous=181700 transition=52.7631 previous_path=49.3243 local=7.304 total=109.391 penalty=0
LEGACY_MATCHED_EDGE context=5 current=264071 previous=179911 transition=38.2586 previous_path=40.4244 local=7.304 total=85.987 penalty=0
LEGACY_MATCHED_EDGE context=3 current=232670 previous=272153 transition=13.4018 previous_path=21.7449 local=4.31396 total=39.4606 penalty=0
LEGACY_MATCHED_EDGE context=3 current=232670 previous=272824 transition=106.746 previous_path=8.70859 local=4.31396 total=119.768 penalty=0
LEGACY_MATCHED_EDGE context=3 current=232670 previous=273371 transition=7.45827 previous_path=2.92889 local=4.31396 total=14.7011 penalty=0
LEGACY_MATCHED_EDGE context=3 current=232670 previous=13943 transition=11.3113 previous_path=34.0191 local=4.31396 total=49.6443 penalty=0
LEGACY_MATCHED_EDGE context=3 current=232670 previous=264073 transition=7.16791 previous_path=30.2999 local=4.31396 total=41.7818 penalty=0
LEGACY_MATCHED_EDGE context=4 current=266023 previous=272154 transition=20.0744 previous_path=18.4083 local=2.78161 total=41.2643 penalty=10
LEGACY_MATCHED_EDGE context=4 current=266023 previous=184279 transition=34.7866 previous_path=59.0911 local=2.78161 total=96.6593 penalty=10
LEGACY_MATCHED_EDGE context=4 current=266023 previous=185764 transition=35.4676 previous_path=39.3397 local=2.78161 total=77.5889 penalty=10
LEGACY_MATCHED_EDGE context=4 current=266023 previous=252843 transition=26.0414 previous_path=22.9768 local=2.78161 total=51.7998 penalty=10
LEGACY_MATCHED_EDGE context=4 current=266023 previous=168174 transition=18.3173 previous_path=18.7868 local=2.78161 total=39.8857 penalty=10
LEGACY_MATCHED_EDGE context=4 current=266023 previous=224354 transition=18.9779 previous_path=16.9424 local=2.78161 total=38.702 penalty=10
LEGACY_MATCHED_EDGE context=4 current=266023 previous=33050 transition=25.6296 previous_path=17.4668 local=2.78161 total=45.878 penalty=10
LEGACY_MATCHED_EDGE context=4 current=266023 previous=269907 transition=43.279 previous_path=14.812 local=2.78161 total=60.8725 penalty=10
LEGACY_MATCHED_EDGE context=4 current=266023 previous=220464 transition=45.4646 previous_path=36.7684 local=2.78161 total=85.0146 penalty=10
LEGACY_MATCHED_EDGE context=4 current=266023 previous=61117 transition=19.1223 previous_path=22.1153 local=2.78161 total=44.0192 penalty=10
LEGACY_MATCHED_EDGE context=4 current=266023 previous=232670 transition=18.977 previous_path=14.7011 local=2.78161 total=36.4597 penalty=10
LEGACY_MATCHED_EDGE context=4 current=266023 previous=208339 transition=42.2462 previous_path=16.8324 local=2.78161 total=61.8602 penalty=10
LEGACY_MATCHED_EDGE context=4 current=266023 previous=232750 transition=66.0121 previous_path=24.4786 local=2.78161 total=93.2723 penalty=10
LEGACY_MATCHED_EDGE context=4 current=266023 previous=255006 transition=56.224 previous_path=22.1743 local=2.78161 total=81.1799 penalty=10
LEGACY_MATCHED_EDGE context=4 current=266023 previous=239975 transition=198.099 previous_path=33.6032 local=2.78161 total=234.484 penalty=10
LEGACY_MATCHED_EDGE context=4 current=266023 previous=202604 transition=18.2478 previous_path=31.8486 local=2.78161 total=52.8779 penalty=10
LEGACY_MATCHED_EDGE context=4 current=266023 previous=182449 transition=18.9788 previous_path=35.5539 local=2.78161 total=57.3144 penalty=10
LEGACY_MATCHED_EDGE context=4 current=266023 previous=17653 transition=46.2857 previous_path=34.3714 local=2.78161 total=83.4387 penalty=10
LEGACY_MATCHED_EDGE context=4 current=266023 previous=31690 transition=16.9882 previous_path=37.3948 local=2.78161 total=57.1646 penalty=10
LEGACY_MATCHED_EDGE context=4 current=266023 previous=118271 transition=27.0303 previous_path=35.8278 local=2.78161 total=65.6397 penalty=10
LEGACY_MATCHED_EDGE context=4 current=266023 previous=86460 transition=18.6699 previous_path=35.9788 local=2.78161 total=57.4303 penalty=10
LEGACY_MATCHED_EDGE context=4 current=266023 previous=36287 transition=40.6733 previous_path=36.8829 local=2.78161 total=80.3378 penalty=10
LEGACY_MATCHED_EDGE context=5 current=264071 previous=185764 transition=15.3758 previous_path=34.65 local=7.304 total=57.3297 penalty=0
LEGACY_MATCHED_EDGE context=5 current=264071 previous=183342 transition=15.0578 previous_path=37.5896 local=7.304 total=59.9514 penalty=0
LEGACY_MATCHED_EDGE context=5 current=264071 previous=70160 transition=35.064 previous_path=39.5781 local=7.304 total=81.9461 penalty=0
LEGACY_MATCHED_EDGE context=5 current=264071 previous=67509 transition=46.5777 previous_path=41.8654 local=7.304 total=95.7471 penalty=0
LEGACY_MATCHED_EDGE context=5 current=264071 previous=265139 transition=57.5779 previous_path=36.4883 local=7.304 total=101.37 penalty=0
LEGACY_MATCHED_EDGE context=5 current=264071 previous=216044 transition=28.9021 previous_path=39.5498 local=7.304 total=75.7558 penalty=0
LEGACY_MATCHED_EDGE context=5 current=264071 previous=213995 transition=39.5237 previous_path=37.3701 local=7.304 total=84.1978 penalty=0
LEGACY_MATCHED_EDGE context=5 current=264071 previous=139207 transition=39.6973 previous_path=49.1064 local=7.304 total=96.1077 penalty=0
LEGACY_MATCHED_EDGE context=5 current=264071 previous=129448 transition=62.7048 previous_path=44.909 local=7.304 total=114.918 penalty=0
LEGACY_MATCHED_EDGE context=5 current=264071 previous=82668 transition=37.4172 previous_path=37.9526 local=7.304 total=82.6738 penalty=0
LEGACY_MATCHED_EDGE context=5 current=264071 previous=68970 transition=49.1863 previous_path=49.1955 local=7.304 total=105.686 penalty=0
LEGACY_MATCHED_EDGE context=5 current=264071 previous=60891 transition=32.4509 previous_path=35.2381 local=7.304 total=74.9929 penalty=0
LEGACY_MATCHED_EDGE context=5 current=264071 previous=39483 transition=43.097 previous_path=41.1687 local=7.304 total=91.5696 penalty=0
LEGACY_MATCHED_EDGE context=5 current=264071 previous=34312 transition=42.2254 previous_path=46.5553 local=7.304 total=96.0847 penalty=0
LEGACY_MATCHED_EDGE context=5 current=264071 previous=32698 transition=23.4934 previous_path=44.5421 local=7.304 total=75.3395 penalty=0
LEGACY_MATCHED_EDGE context=5 current=264071 previous=12561 transition=34.3089 previous_path=35.8171 local=7.304 total=77.43 penalty=0
LEGACY_MATCHED_EDGE context=5 current=264071 previous=96680 transition=27.5179 previous_path=37.0107 local=7.304 total=71.8326 penalty=0
LEGACY_MATCHED_EDGE context=5 current=264071 previous=266023 transition=12.3499 previous_path=36.4597 local=7.304 total=56.1137 penalty=0
LEGACY_MATCHED_EDGE context=5 current=264071 previous=181700 transition=52.7631 previous_path=49.3243 local=7.304 total=109.391 penalty=0
LEGACY_MATCHED_EDGE context=5 current=264071 previous=179911 transition=38.2586 previous_path=40.4244 local=7.304 total=85.987 penalty=0
LEGACY_MATCHED_EDGE context=3 current=232670 previous=272153 transition=13.4018 previous_path=21.7449 local=4.31396 total=39.4606 penalty=0
LEGACY_MATCHED_EDGE context=3 current=232670 previous=272824 transition=106.746 previous_path=8.70859 local=4.31396 total=119.768 penalty=0
LEGACY_MATCHED_EDGE context=3 current=232670 previous=273371 transition=7.45827 previous_path=2.92889 local=4.31396 total=14.7011 penalty=0
LEGACY_MATCHED_EDGE context=3 current=232670 previous=13943 transition=11.3113 previous_path=34.0191 local=4.31396 total=49.6443 penalty=0
LEGACY_MATCHED_EDGE context=3 current=232670 previous=264073 transition=7.16791 previous_path=30.2999 local=4.31396 total=41.7818 penalty=0
LEGACY_MATCHED_EDGE context=4 current=266023 previous=272154 transition=20.0744 previous_path=18.4083 local=2.78161 total=41.2643 penalty=10
LEGACY_MATCHED_EDGE context=4 current=266023 previous=184279 transition=34.7866 previous_path=59.0911 local=2.78161 total=96.6593 penalty=10
LEGACY_MATCHED_EDGE context=4 current=266023 previous=185764 transition=35.4676 previous_path=39.3397 local=2.78161 total=77.5889 penalty=10
LEGACY_MATCHED_EDGE context=4 current=266023 previous=252843 transition=26.0414 previous_path=22.9768 local=2.78161 total=51.7998 penalty=10
LEGACY_MATCHED_EDGE context=4 current=266023 previous=168174 transition=18.3173 previous_path=18.7868 local=2.78161 total=39.8857 penalty=10
LEGACY_MATCHED_EDGE context=4 current=266023 previous=224354 transition=18.9779 previous_path=16.9424 local=2.78161 total=38.702 penalty=10
LEGACY_MATCHED_EDGE context=4 current=266023 previous=33050 transition=25.6296 previous_path=17.4668 local=2.78161 total=45.878 penalty=10
LEGACY_MATCHED_EDGE context=4 current=266023 previous=269907 transition=43.279 previous_path=14.812 local=2.78161 total=60.8725 penalty=10
LEGACY_MATCHED_EDGE context=4 current=266023 previous=220464 transition=45.4646 previous_path=36.7684 local=2.78161 total=85.0146 penalty=10
LEGACY_MATCHED_EDGE context=4 current=266023 previous=61117 transition=19.1223 previous_path=22.1153 local=2.78161 total=44.0192 penalty=10
LEGACY_MATCHED_EDGE context=4 current=266023 previous=232670 transition=18.977 previous_path=14.7011 local=2.78161 total=36.4597 penalty=10
LEGACY_MATCHED_EDGE context=4 current=266023 previous=208339 transition=42.2462 previous_path=16.8324 local=2.78161 total=61.8602 penalty=10
LEGACY_MATCHED_EDGE context=4 current=266023 previous=232750 transition=66.0121 previous_path=24.4786 local=2.78161 total=93.2723 penalty=10
LEGACY_MATCHED_EDGE context=4 current=266023 previous=255006 transition=56.224 previous_path=22.1743 local=2.78161 total=81.1799 penalty=10
LEGACY_MATCHED_EDGE context=4 current=266023 previous=239975 transition=198.099 previous_path=33.6032 local=2.78161 total=234.484 penalty=10
LEGACY_MATCHED_EDGE context=4 current=266023 previous=202604 transition=18.2478 previous_path=31.8486 local=2.78161 total=52.8779 penalty=10
LEGACY_MATCHED_EDGE context=4 current=266023 previous=182449 transition=18.9788 previous_path=35.5539 local=2.78161 total=57.3144 penalty=10
LEGACY_MATCHED_EDGE context=4 current=266023 previous=17653 transition=46.2857 previous_path=34.3714 local=2.78161 total=83.4387 penalty=10
LEGACY_MATCHED_EDGE context=4 current=266023 previous=31690 transition=16.9882 previous_path=37.3948 local=2.78161 total=57.1646 penalty=10
LEGACY_MATCHED_EDGE context=4 current=266023 previous=118271 transition=27.0303 previous_path=35.8278 local=2.78161 total=65.6397 penalty=10
LEGACY_MATCHED_EDGE context=4 current=266023 previous=86460 transition=18.6699 previous_path=35.9788 local=2.78161 total=57.4303 penalty=10
LEGACY_MATCHED_EDGE context=4 current=266023 previous=36287 transition=40.6733 previous_path=36.8829 local=2.78161 total=80.3378 penalty=10
LEGACY_MATCHED_EDGE context=5 current=264071 previous=185764 transition=15.3758 previous_path=34.65 local=7.304 total=57.3297 penalty=0
LEGACY_MATCHED_EDGE context=5 current=264071 previous=183342 transition=15.0578 previous_path=37.5896 local=7.304 total=59.9514 penalty=0
LEGACY_MATCHED_EDGE context=5 current=264071 previous=70160 transition=35.064 previous_path=39.5781 local=7.304 total=81.9461 penalty=0
LEGACY_MATCHED_EDGE context=5 current=264071 previous=67509 transition=46.5777 previous_path=41.8654 local=7.304 total=95.7471 penalty=0
LEGACY_MATCHED_EDGE context=5 current=264071 previous=265139 transition=57.5779 previous_path=36.4883 local=7.304 total=101.37 penalty=0
LEGACY_MATCHED_EDGE context=5 current=264071 previous=216044 transition=28.9021 previous_path=39.5498 local=7.304 total=75.7558 penalty=0
LEGACY_MATCHED_EDGE context=5 current=264071 previous=213995 transition=39.5237 previous_path=37.3701 local=7.304 total=84.1978 penalty=0
LEGACY_MATCHED_EDGE context=5 current=264071 previous=139207 transition=39.6973 previous_path=49.1064 local=7.304 total=96.1077 penalty=0
LEGACY_MATCHED_EDGE context=5 current=264071 previous=129448 transition=62.7048 previous_path=44.909 local=7.304 total=114.918 penalty=0
LEGACY_MATCHED_EDGE context=5 current=264071 previous=82668 transition=37.4172 previous_path=37.9526 local=7.304 total=82.6738 penalty=0
LEGACY_MATCHED_EDGE context=5 current=264071 previous=68970 transition=49.1863 previous_path=49.1955 local=7.304 total=105.686 penalty=0
LEGACY_MATCHED_EDGE context=5 current=264071 previous=60891 transition=32.4509 previous_path=35.2381 local=7.304 total=74.9929 penalty=0
LEGACY_MATCHED_EDGE context=5 current=264071 previous=39483 transition=43.097 previous_path=41.1687 local=7.304 total=91.5696 penalty=0
LEGACY_MATCHED_EDGE context=5 current=264071 previous=34312 transition=42.2254 previous_path=46.5553 local=7.304 total=96.0847 penalty=0
LEGACY_MATCHED_EDGE context=5 current=264071 previous=32698 transition=23.4934 previous_path=44.5421 local=7.304 total=75.3395 penalty=0
LEGACY_MATCHED_EDGE context=5 current=264071 previous=12561 transition=34.3089 previous_path=35.8171 local=7.304 total=77.43 penalty=0
LEGACY_MATCHED_EDGE context=5 current=264071 previous=96680 transition=27.5179 previous_path=37.0107 local=7.304 total=71.8326 penalty=0
LEGACY_MATCHED_EDGE context=5 current=264071 previous=266023 transition=12.3499 previous_path=36.4597 local=7.304 total=56.1137 penalty=0
LEGACY_MATCHED_EDGE context=5 current=264071 previous=181700 transition=52.7631 previous_path=49.3243 local=7.304 total=109.391 penalty=0
LEGACY_MATCHED_EDGE context=5 current=264071 previous=179911 transition=38.2586 previous_path=40.4244 local=7.304 total=85.987 penalty=0
warning: Temporarily disabling breakpoints for unloaded shared library "/samples/vt_kat.dll"
[Inferior 1 (Remote target) exited normally]
Wine-gdb> 