GNU gdb (Ubuntu 15.1-1ubuntu1~24.04.1) 15.1
Copyright (C) 2024 Free Software Foundation, Inc.
License GPLv3+: GNU GPL version 3 or later <http://gnu.org/licenses/gpl.html>
This is free software: you are free to change and redistribute it.
There is NO WARRANTY, to the extent permitted by law.
Type "show copying" and "show warranty" for details.
This GDB was configured as "x86_64-linux-gnu".
Type "show configuration" for configuration details.
For bug reporting instructions, please see:
<https://www.gnu.org/software/gdb/bugs/>.
Find the GDB manual and other documentation resources online at:
    <http://www.gnu.org/software/gdb/documentation/>.

For help, type "help".
Type "apropos word" to search for commands related to "word".
warning: remote target does not support file transfer, attempting to access files from local filesystem.
Reading symbols from /probe/probe-original-kate-2006.exe...
0x7bd64525 in DbgBreakPoint@0 ()
   from /usr/lib/i386-linux-gnu/wine/i386-windows/ntdll.dll
Wine-gdb> Wine-gdb> Wine-gdb> Wine-gdb> Signal        Stop	Print	Pass to program	Description
SIGSEGV       No	No	Yes		Segmentation fault
Wine-gdb> Wine-gdb> Wine-gdb> Copying output to /probe/stage20/legacy-continuity-candidates-hardware-gdb.log.
Copying debug output to /probe/stage20/legacy-continuity-candidates-hardware-gdb.log.
Wine-gdb> Wine-gdb> Wine-gdb> Hardware assisted breakpoint 1 at 0x1001cd60
Wine-gdb> >>>>>>> > >  >  >  >  >  >  >  >   >   >   >   >  > > >>>Wine-gdb> Wine-gdb> Breakpoint 2 at 0x408187
Wine-gdb> >>>>Wine-gdb> Wine-gdb> Continuing.
LEGACY_CONTINUITY_TRACE_READY
Hardware assisted breakpoint 3 at 0x1001d289
LEGACY_CONTINUITY_RETURN position=0 candidates=10 total_positions=2
LEGACY_CONTINUITY_CANDIDATE position=0 index=0 unit=272820 coverage=2 left=0 right=1 preliminary_cost=-4
LEGACY_CONTINUITY_CANDIDATE position=0 index=1 unit=22336 coverage=1 left=0 right=0 preliminary_cost=-2
LEGACY_CONTINUITY_CANDIDATE position=0 index=2 unit=65331 coverage=1 left=0 right=0 preliminary_cost=-2
LEGACY_CONTINUITY_CANDIDATE position=0 index=3 unit=75811 coverage=1 left=0 right=0 preliminary_cost=-2
LEGACY_CONTINUITY_CANDIDATE position=0 index=4 unit=135441 coverage=1 left=0 right=0 preliminary_cost=-2
LEGACY_CONTINUITY_CANDIDATE position=0 index=5 unit=164116 coverage=1 left=0 right=0 preliminary_cost=-2
LEGACY_CONTINUITY_CANDIDATE position=0 index=6 unit=205125 coverage=1 left=0 right=0 preliminary_cost=-2
LEGACY_CONTINUITY_CANDIDATE position=0 index=7 unit=219724 coverage=1 left=0 right=0 preliminary_cost=-2
LEGACY_CONTINUITY_CANDIDATE position=0 index=8 unit=255985 coverage=1 left=0 right=0 preliminary_cost=-2
LEGACY_CONTINUITY_CANDIDATE position=0 index=9 unit=277527 coverage=1 left=0 right=0 preliminary_cost=-2
Hardware assisted breakpoint 4 at 0x1001d289
LEGACY_CONTINUITY_RETURN position=1 candidates=9 total_positions=2
LEGACY_CONTINUITY_CANDIDATE position=1 index=0 unit=272821 coverage=2 left=1 right=0 preliminary_cost=-4
LEGACY_CONTINUITY_CANDIDATE position=1 index=1 unit=4087 coverage=1 left=0 right=0 preliminary_cost=-2
LEGACY_CONTINUITY_CANDIDATE position=1 index=2 unit=4102 coverage=1 left=0 right=0 preliminary_cost=-2
LEGACY_CONTINUITY_CANDIDATE position=1 index=3 unit=84094 coverage=1 left=0 right=0 preliminary_cost=-2
LEGACY_CONTINUITY_CANDIDATE position=1 index=4 unit=177718 coverage=1 left=0 right=0 preliminary_cost=-2
LEGACY_CONTINUITY_CANDIDATE position=1 index=5 unit=243540 coverage=1 left=0 right=0 preliminary_cost=-2
LEGACY_CONTINUITY_CANDIDATE position=1 index=6 unit=279498 coverage=1 left=0 right=0 preliminary_cost=-2
LEGACY_CONTINUITY_CANDIDATE position=1 index=7 unit=279499 coverage=1 left=0 right=0 preliminary_cost=-2
LEGACY_CONTINUITY_CANDIDATE position=1 index=8 unit=280449 coverage=1 left=0 right=0 preliminary_cost=-2
Hardware assisted breakpoint 5 at 0x1001d289
LEGACY_CONTINUITY_RETURN position=0 candidates=10 total_positions=2
LEGACY_CONTINUITY_CANDIDATE position=0 index=0 unit=272820 coverage=2 left=0 right=1 preliminary_cost=-4
LEGACY_CONTINUITY_CANDIDATE position=0 index=1 unit=22336 coverage=1 left=0 right=0 preliminary_cost=-2
LEGACY_CONTINUITY_CANDIDATE position=0 index=2 unit=65331 coverage=1 left=0 right=0 preliminary_cost=-2
LEGACY_CONTINUITY_CANDIDATE position=0 index=3 unit=75811 coverage=1 left=0 right=0 preliminary_cost=-2
LEGACY_CONTINUITY_CANDIDATE position=0 index=4 unit=135441 coverage=1 left=0 right=0 preliminary_cost=-2
LEGACY_CONTINUITY_CANDIDATE position=0 index=5 unit=164116 coverage=1 left=0 right=0 preliminary_cost=-2
LEGACY_CONTINUITY_CANDIDATE position=0 index=6 unit=205125 coverage=1 left=0 right=0 preliminary_cost=-2
LEGACY_CONTINUITY_CANDIDATE position=0 index=7 unit=219724 coverage=1 left=0 right=0 preliminary_cost=-2
LEGACY_CONTINUITY_CANDIDATE position=0 index=8 unit=255985 coverage=1 left=0 right=0 preliminary_cost=-2
LEGACY_CONTINUITY_CANDIDATE position=0 index=9 unit=277527 coverage=1 left=0 right=0 preliminary_cost=-2
Hardware assisted breakpoint 6 at 0x1001d289
LEGACY_CONTINUITY_RETURN position=1 candidates=9 total_positions=2
LEGACY_CONTINUITY_CANDIDATE position=1 index=0 unit=272821 coverage=2 left=1 right=0 preliminary_cost=-4
LEGACY_CONTINUITY_CANDIDATE position=1 index=1 unit=4087 coverage=1 left=0 right=0 preliminary_cost=-2
LEGACY_CONTINUITY_CANDIDATE position=1 index=2 unit=4102 coverage=1 left=0 right=0 preliminary_cost=-2
LEGACY_CONTINUITY_CANDIDATE position=1 index=3 unit=84094 coverage=1 left=0 right=0 preliminary_cost=-2
LEGACY_CONTINUITY_CANDIDATE position=1 index=4 unit=177718 coverage=1 left=0 right=0 preliminary_cost=-2
LEGACY_CONTINUITY_CANDIDATE position=1 index=5 unit=243540 coverage=1 left=0 right=0 preliminary_cost=-2
LEGACY_CONTINUITY_CANDIDATE position=1 index=6 unit=279498 coverage=1 left=0 right=0 preliminary_cost=-2
LEGACY_CONTINUITY_CANDIDATE position=1 index=7 unit=279499 coverage=1 left=0 right=0 preliminary_cost=-2
LEGACY_CONTINUITY_CANDIDATE position=1 index=8 unit=280449 coverage=1 left=0 right=0 preliminary_cost=-2
Hardware assisted breakpoint 7 at 0x1001d289
Hardware assisted breakpoint 8 at 0x1001d289
warning: Temporarily disabling breakpoints for unloaded shared library "/samples/vt_kat.dll"
[Inferior 1 (Remote target) exited normally]
Wine-gdb> 0118:011c: create process 'Z:\probe\probe-original-kate-2006.exe'/00000000 @004013E0 (204288<1830>)
0118:011c: create thread I @004013E0
0118:011c: loads DLL C:\windows\system32\ntdll.dll @7BD10000 (2994176<5095>)
0118:011c: loads DLL C:\windows\system32\kernel32.dll @7BB90000 (1466368<19395>)
0118:011c: loads DLL C:\windows\system32\kernelbase.dll @7B650000 (5410816<14148>)
0118:011c: loads DLL C:\windows\system32\msvcrt.dll @7B2A0000 (2715648<8214>)
0118:011c: loads DLL C:\windows\system32\tzres.dll @10000000 (0<0>)
00000118:0000011c: unload DLL @10000000
0118:011c: loads DLL C:\windows\system32\tzres.dll @10000000 (0<0>)
00000118:0000011c: unload DLL @10000000
0118:011c: loads DLL Z:\samples\vt_kat.dll @10000000 (0<0>)
0118:011c: loads DLL C:\windows\system32\WINMM.dll @78E90000 (1474560<4890>)
0118:011c: loads DLL C:\windows\system32\advapi32.dll @7B550000 (958464<7400>)
0118:011c: loads DLL C:\windows\system32\sechost.dll @7B200000 (565248<3163>)
0118:011c: loads DLL C:\windows\system32\ucrtbase.dll @7AEE0000 (3198976<11541>)
0118:011c: loads DLL C:\windows\system32\msacm32.dll @78E10000 (413696<1982>)
0118:011c: loads DLL C:\windows\system32\user32.dll @7A160000 (5005312<14159>)
0118:011c: loads DLL C:\windows\system32\zlib1.dll @7A120000 (135680<0>)
0118:011c: loads DLL C:\windows\system32\gdi32.dll @7A640000 (2355200<7390>)
0118:011c: loads DLL C:\windows\system32\win32u.dll @7A0D0000 (221184<1966>)
0118:011c: loads DLL C:\windows\system32\ole32.dll @7A9F0000 (4440064<14323>)
0118:011c: loads DLL C:\windows\system32\combase.dll @7A890000 (1314816<7562>)
0118:011c: loads DLL C:\windows\system32\rpcrt4.dll @79EA0000 (2162688<9274>)
0118:011c: loads DLL C:\windows\system32\coml2.dll @79E40000 (262144<3883>)
0118:011c: loads DLL C:\windows\system32\iphlpapi.dll @779C0000 (487424<4777>)
0118:011c: loads DLL C:\windows\system32\dnsapi.dll @77970000 (258048<1399>)
0118:011c: loads DLL C:\windows\system32\nsi.dll @77940000 (118784<823>)
0118:011c: loads DLL C:\windows\system32\ws2_32.dll @7AE40000 (565248<2279>)
0118:011c: loads DLL C:\windows\system32\imm32.dll @782F0000 (401408<2996>)
0118:011c: loads DLL C:\windows\system32\winex11.drv @780F0000 (307200<4314>)
0118:011c: loads DLL C:\windows\system32\uxtheme.dll @78030000 (671744<3646>)
00000118:0000011c: unload DLL @10000000
00000118:0000011c: unload DLL @779C0000
00000118:0000011c: unload DLL @7AE40000
00000118:0000011c: unload DLL @77940000
00000118:0000011c: unload DLL @77970000
00000118:0000011c: unload DLL @78E90000
00000118:0000011c: unload DLL @7A9F0000
00000118:0000011c: unload DLL @79E40000
00000118:0000011c: unload DLL @7A890000
00000118:0000011c: unload DLL @79EA0000
00000118:0000011c: unload DLL @78E10000
00000118:0000011c: exit process (0)
