Wine-gdb> Already logging to /work/corpus-parity/stage20/hello-plain-crosswalk-score-fields/adapted-score-fields-gdb.log.
Wine-gdb> Wine-gdb> Wine-gdb> Wine-gdb> Breakpoint 1 at 0x10024060
Wine-gdb> >>>>>> > >  >  >  > > >>>Wine-gdb> Wine-gdb> Breakpoint 2 at 0x10023060
Wine-gdb> >>> > > > > > > >  >  >  >  > >>>Wine-gdb> Wine-gdb> Breakpoint 3 at 0x100182e0
Wine-gdb> >>> > > > > > > > > > > > > > > > > > > > > > > > > > > >  >  >  >  > >>>Wine-gdb> Wine-gdb> Wine-gdb> Breakpoint 4 at 0x1001b200
Wine-gdb> >>> > >>>Wine-gdb> Wine-gdb> Hardware assisted breakpoint 5 at 0x408187
Wine-gdb> >>>>Wine-gdb> Wine-gdb> Continuing.
Temporary breakpoint 6 at 0x10024808
Temporary breakpoint 7 at 0x10024271
Temporary breakpoint 8 at 0x10024808
Temporary breakpoint 9 at 0x10024271
SCORE_FIELDS_CUTOFF_OVERRIDE slot=1 sum=9
Temporary breakpoint 10 at 0x10024808
Temporary breakpoint 11 at 0x10024271
SCORE_FIELDS_CUTOFF_OVERRIDE slot=2 sum=5
Temporary breakpoint 12 at 0x10024808
Temporary breakpoint 13 at 0x10024271
SCORE_FIELDS_CUTOFF_OVERRIDE slot=3 sum=6
SCORE_FIELDS_ENTRY unit=273369 target=0x25cc648:	0	0	0	0	0	1	0
SCORE_FIELDS_TARGET_VIEW:0x6676cc:	24	12	12	0	244	118	102	0
0x6676d4:	213	73
SCORE_FIELDS_CANDIDATE_SIGNATURE:0x1fa330f:	1	90	34	23	27	160	0
SCORE_FIELDS_ATTRS attr_a=1 attr_b=0 metrics=763,283,1000 features=67,113,157,90,89,87
Temporary breakpoint 14 at 0x1002389a
SCORE_FIELDS_RETURN unit=273369 score=9.6
SCORE_FIELDS_ENTRY unit=272822 target=0x25cc648:	0	0	0	0	0	1	0
SCORE_FIELDS_TARGET_VIEW:0x6676cc:	24	12	12	0	244	118	102	0
0x6676d4:	213	73
SCORE_FIELDS_CANDIDATE_SIGNATURE:0x1fa241a:	1	90	34	23	23	160	0
SCORE_FIELDS_ATTRS attr_a=1 attr_b=0 metrics=755,779,223 features=73,108,164,66,66,75
Temporary breakpoint 15 at 0x1002389a
SCORE_FIELDS_RETURN unit=272822 score=9.6
SCORE_FIELDS_ENTRY unit=52542 target=0x25cc648:	0	0	0	0	0	1	0
SCORE_FIELDS_TARGET_VIEW:0x6676cc:	24	12	12	0	244	118	102	0
0x6676d4:	213	73
SCORE_FIELDS_CANDIDATE_SIGNATURE:0x1e29cd2:	1	90	34	23	33	160	0
SCORE_FIELDS_ATTRS attr_a=0 attr_b=0 metrics=885,267,255 features=76,134,162,89,130,88
Temporary breakpoint 16 at 0x1002389a
SCORE_FIELDS_RETURN unit=52542 score=9.6
SCORE_FIELDS_ENTRY unit=264072 target=0x25cc64e:	0	0	1	1	0	0	0
SCORE_FIELDS_TARGET_VIEW:0x6676a8:	11	12	185	0	204	118	102	0
0x6676b0:	206	72
SCORE_FIELDS_CANDIDATE_SIGNATURE:0x1f934d8:	1	34	23	43	17	32	0
SCORE_FIELDS_ATTRS attr_a=1 attr_b=0 metrics=1007,892,428 features=161,164,165,92,86,86
Temporary breakpoint 17 at 0x1002389a
SCORE_FIELDS_RETURN unit=264072 score=27.1761
SCORE_FIELDS_ENTRY unit=272823 target=0x25cc64e:	0	0	1	1	0	0	0
SCORE_FIELDS_TARGET_VIEW:0x6676a8:	11	12	185	0	204	118	102	0
0x6676b0:	206	72
SCORE_FIELDS_CANDIDATE_SIGNATURE:0x1fa2421:	1	34	23	43	10	32	0
SCORE_FIELDS_ATTRS attr_a=1 attr_b=0 metrics=223,183,63 features=164,168,170,75,72,72
Temporary breakpoint 18 at 0x1002389a
SCORE_FIELDS_RETURN unit=272823 score=26.5764
SCORE_FIELDS_ENTRY unit=273370 target=0x25cc64e:	0	0	1	1	0	0	0
SCORE_FIELDS_TARGET_VIEW:0x6676a8:	11	12	185	0	204	118	102	0
0x6676b0:	206	72
SCORE_FIELDS_CANDIDATE_SIGNATURE:0x1fa3316:	1	34	23	43	20	32	0
SCORE_FIELDS_ATTRS attr_a=1 attr_b=0 metrics=1000,944,944 features=157,168,170,87,84,91
Temporary breakpoint 19 at 0x1002389a
SCORE_FIELDS_RETURN unit=273370 score=24.9582
SCORE_FIELDS_ENTRY unit=264073 target=0x25cc654:	0	1	2	2	0	0	0
SCORE_FIELDS_TARGET_VIEW:0x6676a8:	35	185	185	1	204	118	102	0
0x6676b0:	206	72
SCORE_FIELDS_CANDIDATE_SIGNATURE:0x1f934df:	1	23	43	48	21	0	0
SCORE_FIELDS_ATTRS attr_a=1 attr_b=0 metrics=428,860,752 features=165,164,167,86,86,86
Temporary breakpoint 20 at 0x1002389a
SCORE_FIELDS_RETURN unit=264073 score=142.332
SCORE_FIELDS_ENTRY unit=272824 target=0x25cc654:	0	1	2	2	0	0	0
SCORE_FIELDS_TARGET_VIEW:0x6676a8:	35	185	185	1	204	118	102	0
0x6676b0:	206	72
SCORE_FIELDS_CANDIDATE_SIGNATURE:0x1fa2428:	1	23	43	48	22	0	0
SCORE_FIELDS_ATTRS attr_a=1 attr_b=0 metrics=63,924,360 features=170,171,175,72,70,68
Temporary breakpoint 21 at 0x1002389a
SCORE_FIELDS_RETURN unit=272824 score=173.792
SCORE_FIELDS_ENTRY unit=273371 target=0x25cc654:	0	1	2	2	0	0	0
SCORE_FIELDS_TARGET_VIEW:0x6676a8:	35	185	185	1	204	118	102	0
0x6676b0:	206	72
SCORE_FIELDS_CANDIDATE_SIGNATURE:0x1fa331d:	1	23	43	48	33	0	0
SCORE_FIELDS_ATTRS attr_a=1 attr_b=0 metrics=944,348,944 features=170,168,170,91,100,88
Temporary breakpoint 22 at 0x1002389a
SCORE_FIELDS_RETURN unit=273371 score=136.48
SCORE_FIELDS_ENTRY unit=255282 target=0x25cc65a:	0	1	3	3	0	0	0
SCORE_FIELDS_TARGET_VIEW:0x6676a8:	97	0	0	1	204	118	102	0
0x6676b0:	206	72
SCORE_FIELDS_CANDIDATE_SIGNATURE:0x1f8447e:	0	43	48	90	102	69	0
SCORE_FIELDS_ATTRS attr_a=1 attr_b=0 metrics=240,708,508 features=169,165,138,90,102,109
Temporary breakpoint 23 at 0x1002389a
SCORE_FIELDS_RETURN unit=255282 score=74
SCORE_FIELDS_ENTRY unit=264074 target=0x25cc65a:	0	1	3	3	0	0	0
SCORE_FIELDS_TARGET_VIEW:0x6676a8:	97	0	0	1	204	118	102	0
0x6676b0:	206	72
SCORE_FIELDS_CANDIDATE_SIGNATURE:0x1f934e6:	0	43	48	90	77	69	0
SCORE_FIELDS_ATTRS attr_a=1 attr_b=0 metrics=752,352,508 features=167,163,139,86,105,118
Temporary breakpoint 24 at 0x1002389a
SCORE_FIELDS_RETURN unit=264074 score=75.25
SCORE_FIELDS_ENTRY unit=272825 target=0x25cc65a:	0	1	3	3	0	0	0
SCORE_FIELDS_TARGET_VIEW:0x6676a8:	97	0	0	1	204	118	102	0
0x6676b0:	206	72
SCORE_FIELDS_CANDIDATE_SIGNATURE:0x1fa242f:	0	43	48	90	95	69	0
SCORE_FIELDS_ATTRS attr_a=1 attr_b=0 metrics=360,972,764 features=175,162,138,68,103,120
Temporary breakpoint 25 at 0x1002389a
SCORE_FIELDS_RETURN unit=272825 score=71.25
SCORE_FIELDS_SELECTED n=1 id=52542
SCORE_FIELDS_SELECTED n=2 id=273370
SCORE_FIELDS_SELECTED n=3 id=273371
SCORE_FIELDS_SELECTED n=4 id=255282
[Inferior 1 (Remote target) exited normally]
Wine-gdb> 