GNU gdb (Ubuntu 15.1-1ubuntu1~24.04.1) 15.1
Copyright (C) 2024 Free Software Foundation, Inc.
License GPLv3+: GNU GPL version 3 or later <http://gnu.org/licenses/gpl.html>
This is free software: you are free to change and redistribute it.
There is NO WARRANTY, to the extent permitted by law.
Type "show copying" and "show warranty" for details.
This GDB was configured as "x86_64-linux-gnu".
Type "show configuration" for configuration details.
For bug reporting instructions, please see:
<https://www.gnu.org/software/gdb/bugs/>.
Find the GDB manual and other documentation resources online at:
    <http://www.gnu.org/software/gdb/documentation/>.

For help, type "help".
Type "apropos word" to search for commands related to "word".
warning: remote target does not support file transfer, attempting to access files from local filesystem.
Reading symbols from /samples/voicetext_kate.exe...
0x7bd64525 in DbgBreakPoint@0 ()
   from /usr/lib/i386-linux-gnu/wine/i386-windows/ntdll.dll
Wine-gdb> Wine-gdb> Wine-gdb> Wine-gdb> Signal        Stop	Print	Pass to program	Description
SIGSEGV       No	No	Yes		Segmentation fault
Wine-gdb> Wine-gdb> Wine-gdb> Wine-gdb> Hardware assisted breakpoint 1 at 0x100182e0
Wine-gdb> >>> > > > > > > > > > > > > > >  >  >  >  > >>>Wine-gdb> Wine-gdb> Hardware assisted breakpoint 2 at 0x1001b200
Wine-gdb> >>>>>Wine-gdb> Wine-gdb> Hardware assisted breakpoint 3 at 0x408187
Wine-gdb> >>>>Wine-gdb> Wine-gdb> Continuing.
APPLE_RANK_SCORE_ENTRY n=1 unit=103871 target:
0x25cc648:	0	0	0	0	1	0	0
APPLE_RANK_SCORE_VIEW:
0x6676cc:	28	85	76	0	244	118	102	0
0x6676d4:	213	73
APPLE_RANK_CANDIDATE_SIGNATURE:
0x1e81859:	1	90	5	57	0	30	158
Temporary breakpoint 4 at 0x1002389a
APPLE_RANK_SCORE_RETURN unit=103871 score=1002.1
APPLE_RANK_SCORE_ENTRY n=2 unit=142230 target:
0x25cc64e:	0	0	0	1	2	0	0
APPLE_RANK_SCORE_VIEW:
0x6676a8:	28	74	85	0	204	118	102	0
0x6676b0:	206	72
APPLE_RANK_CANDIDATE_SIGNATURE:
0x1ec313a:	1	42	5	71	0	0	128
Temporary breakpoint 5 at 0x1002389a
APPLE_RANK_SCORE_RETURN unit=142230 score=14.1746
APPLE_RANK_SCORE_ENTRY n=3 unit=128863 target:
0x25cc654:	0	1	1	2	0	1	0
APPLE_RANK_SCORE_VIEW:
0x6676a8:	25	91	91	1	204	118	102	0
0x6676b0:	206	72
APPLE_RANK_CANDIDATE_SIGNATURE:
0x1eac3b9:	1	5	71	7	0	0	128
Temporary breakpoint 6 at 0x1002389a
APPLE_RANK_SCORE_RETURN unit=128863 score=0.118519
APPLE_RANK_SCORE_ENTRY n=4 unit=100180 target:
0x25cc654:	0	1	1	2	0	1	0
APPLE_RANK_SCORE_VIEW:
0x6676a8:	25	91	91	1	204	118	102	0
0x6676b0:	206	72
APPLE_RANK_CANDIDATE_SIGNATURE:
0x1e7b36c:	1	5	71	7	0	0	128
Temporary breakpoint 7 at 0x1002389a
APPLE_RANK_SCORE_RETURN unit=100180 score=0
APPLE_RANK_SCORE_ENTRY n=5 unit=266884 target:
0x25cc65a:	0	1	2	3	1	0	0
APPLE_RANK_SCORE_VIEW:
0x6676a8:	6	91	91	1	204	118	102	0
0x6676b0:	206	72
APPLE_RANK_CANDIDATE_SIGNATURE:
0x1f981bc:	1	71	7	43	0	0	133
Temporary breakpoint 8 at 0x1002389a
APPLE_RANK_SCORE_RETURN unit=266884 score=108.771
APPLE_RANK_SCORE_ENTRY n=6 unit=266884 target:
0x25cc660:	0	1	2	4	2	0	0
APPLE_RANK_SCORE_VIEW:
0x6676a8:	6	97	97	1	204	118	102	0
0x6676b0:	206	72
APPLE_RANK_CANDIDATE_SIGNATURE:
0x1f981bc:	1	71	7	43	0	0	133
Temporary breakpoint 9 at 0x1002389a
APPLE_RANK_SCORE_RETURN unit=266884 score=111.496
APPLE_RANK_SCORE_ENTRY n=7 unit=266885 target:
0x25cc666:	0	1	3	5	1	0	0
APPLE_RANK_SCORE_VIEW:
0x6676a8:	24	104	122	1	204	118	102	0
0x6676b0:	206	72
APPLE_RANK_CANDIDATE_SIGNATURE:
0x1f981c3:	0	7	43	94	0	5	5
Temporary breakpoint 10 at 0x1002389a
APPLE_RANK_SCORE_RETURN unit=266885 score=3.08881
APPLE_RANK_SCORE_ENTRY n=8 unit=271296 target:
0x25cc666:	0	1	3	5	1	0	0
APPLE_RANK_SCORE_VIEW:
0x6676a8:	24	104	122	1	204	118	102	0
0x6676b0:	206	72
APPLE_RANK_CANDIDATE_SIGNATURE:
0x1f9fa60:	0	7	43	94	0	5	5
Temporary breakpoint 11 at 0x1002389a
APPLE_RANK_SCORE_RETURN unit=271296 score=5.32556
APPLE_RANK_SCORE_ENTRY n=9 unit=266885 target:
0x25cc66c:	0	1	3	6	2	0	0
APPLE_RANK_SCORE_VIEW:
0x6676a8:	24	123	113	1	204	118	102	0
0x6676b0:	206	72
APPLE_RANK_CANDIDATE_SIGNATURE:
0x1f981c3:	0	7	43	94	0	5	5
Temporary breakpoint 12 at 0x1002389a
APPLE_RANK_SCORE_RETURN unit=266885 score=104.03
APPLE_RANK_SCORE_ENTRY n=10 unit=271296 target:
0x25cc66c:	0	1	3	6	2	0	0
APPLE_RANK_SCORE_VIEW:
0x6676a8:	24	123	113	1	204	118	102	0
0x6676b0:	206	72
APPLE_RANK_CANDIDATE_SIGNATURE:
0x1f9fa60:	0	7	43	94	0	5	5
Temporary breakpoint 13 at 0x1002389a
APPLE_RANK_SCORE_RETURN unit=271296 score=103.921
APPLE_RANK_SELECTED_UNIT n=1 id=103871
APPLE_RANK_SELECTED_UNIT n=2 id=142230
APPLE_RANK_SELECTED_UNIT n=3 id=128863
APPLE_RANK_SELECTED_UNIT n=4 id=266884
APPLE_RANK_SELECTED_UNIT n=5 id=266884
APPLE_RANK_SELECTED_UNIT n=6 id=266885
APPLE_RANK_SELECTED_UNIT n=7 id=266885
APPLE_RANK_SELECTED_UNIT n=8 id=142230
APPLE_RANK_SELECTED_UNIT n=9 id=103871
APPLE_RANK_SELECTED_UNIT n=10 id=128862
APPLE_RANK_SELECTED_UNIT n=11 id=142231
APPLE_RANK_SELECTED_UNIT n=12 id=266883
APPLE_RANK_SELECTED_UNIT n=13 id=128864
[Inferior 1 (Remote target) exited normally]
Wine-gdb> 0114:0118: create process 'Z:\samples\voicetext_kate.exe'/00000000 @004014C0 (450560<1847>)
0114:0118: create thread I @004014C0
0114:0118: loads DLL C:\windows\system32\ntdll.dll @7BD10000 (2994176<5095>)
0114:0118: loads DLL C:\windows\system32\kernel32.dll @7BB90000 (1466368<19395>)
0114:0118: loads DLL C:\windows\system32\kernelbase.dll @7B650000 (5410816<14148>)
0114:0118: loads DLL C:\windows\system32\msvcrt.dll @7B2A0000 (2715648<8214>)
0114:0118: loads DLL Z:\samples\vt_kat.dll @10000000 (0<0>)
0114:0118: loads DLL C:\windows\system32\WINMM.dll @78EC0000 (1474560<4890>)
0114:0118: loads DLL C:\windows\system32\advapi32.dll @7B550000 (958464<7400>)
0114:0118: loads DLL C:\windows\system32\sechost.dll @7B200000 (565248<3163>)
0114:0118: loads DLL C:\windows\system32\ucrtbase.dll @7AEE0000 (3198976<11541>)
0114:0118: loads DLL C:\windows\system32\msacm32.dll @78E40000 (413696<1982>)
0114:0118: loads DLL C:\windows\system32\user32.dll @7A160000 (5005312<14159>)
0114:0118: loads DLL Z:\samples\zlib1.dll @7A120000 (135680<0>)
0114:0118: loads DLL C:\windows\system32\gdi32.dll @7A640000 (2355200<7390>)
0114:0118: loads DLL C:\windows\system32\win32u.dll @7A0D0000 (221184<1966>)
0114:0118: loads DLL C:\windows\system32\ole32.dll @7A9F0000 (4440064<14323>)
0114:0118: loads DLL C:\windows\system32\combase.dll @7A890000 (1314816<7562>)
0114:0118: loads DLL C:\windows\system32\rpcrt4.dll @79EA0000 (2162688<9274>)
0114:0118: loads DLL C:\windows\system32\coml2.dll @79E40000 (262144<3883>)
0114:0118: loads DLL C:\windows\system32\iphlpapi.dll @779C0000 (487424<4777>)
0114:0118: loads DLL C:\windows\system32\dnsapi.dll @77970000 (258048<1399>)
0114:0118: loads DLL C:\windows\system32\nsi.dll @77940000 (118784<823>)
0114:0118: loads DLL C:\windows\system32\ws2_32.dll @7AE40000 (565248<2279>)
0114:0118: loads DLL C:\windows\system32\tzres.dll @009C0000 (0<0>)
00000114:00000118: unload DLL @009C0000
0114:0118: loads DLL C:\windows\system32\tzres.dll @009C0000 (0<0>)
00000114:00000118: unload DLL @009C0000
0114:0118: loads DLL C:\windows\system32\imm32.dll @782F0000 (401408<2996>)
0114:0118: loads DLL C:\windows\system32\winex11.drv @780F0000 (307200<4314>)
0114:0118: loads DLL C:\windows\system32\uxtheme.dll @78030000 (671744<3646>)
00000114:00000118: exit process (0)
X connection to :99 broken (explicit kill or server shutdown).
