GNU gdb (Ubuntu 15.1-1ubuntu1~24.04.1) 15.1
Copyright (C) 2024 Free Software Foundation, Inc.
License GPLv3+: GNU GPL version 3 or later <http://gnu.org/licenses/gpl.html>
This is free software: you are free to change and redistribute it.
There is NO WARRANTY, to the extent permitted by law.
Type "show copying" and "show warranty" for details.
This GDB was configured as "x86_64-linux-gnu".
Type "show configuration" for configuration details.
For bug reporting instructions, please see:
<https://www.gnu.org/software/gdb/bugs/>.
Find the GDB manual and other documentation resources online at:
    <http://www.gnu.org/software/gdb/documentation/>.

For help, type "help".
Type "apropos word" to search for commands related to "word".
warning: remote target does not support file transfer, attempting to access files from local filesystem.
Reading symbols from /samples/voicetext_kate.exe...
0x7bd64525 in DbgBreakPoint@0 ()
   from /usr/lib/i386-linux-gnu/wine/i386-windows/ntdll.dll
Wine-gdb> Wine-gdb> Wine-gdb> Wine-gdb> Signal        Stop	Print	Pass to program	Description
SIGSEGV       No	No	Yes		Segmentation fault
Wine-gdb> Wine-gdb> Wine-gdb> Breakpoint 1 at 0x100235f6
Wine-gdb> >>>>>>> > > > >>>>Wine-gdb> Wine-gdb> Hardware assisted breakpoint 2 at 0x1001b200
Wine-gdb> >>>>>Wine-gdb> Wine-gdb> Hardware assisted breakpoint 3 at 0x408187
Wine-gdb> >>>>Wine-gdb> Wine-gdb> Continuing.
HI_2013_CANDIDATE_LIST position=0 count=465 [0]=6383(span=2,weighted=0)
 [1]=233162(span=2,weighted=0) [2]=235930(span=2,weighted=0)
 [3]=249911(span=2,weighted=0) [4]=252074(span=2,weighted=0)
 [5]=252321(span=2,weighted=0) [6]=255985(span=2,weighted=0)
 [7]=258691(span=2,weighted=0) [8]=259622(span=2,weighted=0)
 [9]=261254(span=2,weighted=0) [10]=262832(span=2,weighted=0)
 [11]=264327(span=2,weighted=0) [12]=264440(span=2,weighted=0)
 [13]=266424(span=2,weighted=0) [14]=266510(span=2,weighted=0)
 [15]=267511(span=2,weighted=0) [16]=268243(span=2,weighted=0)
 [17]=268259(span=2,weighted=0) [18]=269106(span=2,weighted=0)
 [19]=271307(span=2,weighted=0) [20]=271762(span=2,weighted=0)
 [21]=272305(span=2,weighted=0) [22]=272353(span=2,weighted=0)
 [23]=272820(span=2,weighted=0) [24]=273094(span=2,weighted=0)
 [25]=273182(span=2,weighted=0) [26]=273203(span=2,weighted=0)
 [27]=273271(span=2,weighted=0) [28]=275865(span=2,weighted=0)
 [29]=275869(span=2,weighted=0) [30]=277079(span=2,weighted=0)
 [31]=277527(span=2,weighted=0) [32]=279467(span=2,weighted=0)
 [33]=229517(span=2,weighted=0) [34]=225192(span=2,weighted=0)
 [35]=8528(span=2,weighted=0) [36]=22336(span=2,weighted=0)
 [37]=23272(span=2,weighted=0) [38]=23555(span=2,weighted=0)
 [39]=27111(span=2,weighted=0) [40]=41104(span=2,weighted=0)
 [41]=53134(span=2,weighted=0) [42]=65331(span=2,weighted=0)
 [43]=75811(span=2,weighted=0) [44]=87152(span=2,weighted=0)
 [45]=93904(span=2,weighted=0) [46]=122874(span=2,weighted=0)
 [47]=126198(span=2,weighted=0) [48]=131518(span=2,weighted=0)
 [49]=135441(span=2,weighted=0) [50]=161158(span=2,weighted=0)
 [51]=164116(span=2,weighted=0) [52]=223670(span=2,weighted=0)
 [53]=221876(span=2,weighted=0) [54]=219724(span=2,weighted=0)
 [55]=217770(span=2,weighted=0) [56]=216572(span=2,weighted=0)
 [57]=208796(span=2,weighted=0) [58]=205125(span=2,weighted=0)
 [59]=204920(span=2,weighted=0) [60]=198590(span=2,weighted=0)
 [61]=197242(span=2,weighted=0) [62]=196165(span=2,weighted=0)
 [63]=179422(span=2,weighted=0) [64]=179137(span=2,weighted=0)
 [65]=179010(span=2,weighted=0) [66]=178825(span=2,weighted=0)
 [67]=201309(span=1,weighted=0) [68]=201399(span=1,weighted=0)
 [69]=203329(span=1,weighted=0) [70]=205319(span=1,weighted=0)
 [71]=206088(span=1,weighted=0) [72]=206440(span=1,weighted=0)
 [73]=206531(span=1,weighted=0) [74]=207200(span=1,weighted=0)
 [75]=207341(span=1,weighted=0) [76]=209142(span=1,weighted=0)
 [77]=209542(span=1,weighted=0) [78]=199794(span=1,weighted=0)
 [79]=198792(span=1,weighted=0) [80]=198004(span=1,weighted=0)
 [81]=196633(span=1,weighted=0) [82]=196235(span=1,weighted=0)
 [83]=195032(span=1,weighted=0) [84]=190310(span=1,weighted=0)
 [85]=189785(span=1,weighted=0) [86]=187204(span=1,weighted=0)
 [87]=180891(span=1,weighted=0) [88]=180278(span=1,weighted=0)
 [89]=179008(span=1,weighted=0) [90]=211070(span=1,weighted=0)
 [91]=212858(span=1,weighted=0) [92]=246032(span=1,weighted=0)
 [93]=244685(span=1,weighted=0) [94]=243739(span=1,weighted=0)
 [95]=242943(span=1,weighted=0) [96]=241096(span=1,weighted=0)
 [97]=235625(span=1,weighted=0) [98]=235420(span=1,weighted=0)
 [99]=234683(span=1,weighted=0) [100]=233465(span=1,weighted=0)
 [101]=232984(span=1,weighted=0) [102]=231904(span=1,weighted=0)
 [103]=230072(span=1,weighted=0) [104]=226594(span=1,weighted=0)
 [105]=225002(span=1,weighted=0) [106]=221317(span=1,weighted=0)
 [107]=219970(span=1,weighted=0) [108]=219751(span=1,weighted=0)
 [109]=219273(span=1,weighted=0) [110]=218246(span=1,weighted=0)
 [111]=216171(span=1,weighted=0) [112]=216069(span=1,weighted=0)
 [113]=214563(span=1,weighted=0) [114]=213113(span=1,weighted=0)
 [115]=178362(span=1,weighted=0) [116]=178171(span=1,weighted=0)
 [117]=144683(span=1,weighted=0) [118]=144480(span=1,weighted=0)
 [119]=144314(span=1,weighted=0) [120]=141121(span=1,weighted=0)
 [121]=138837(span=1,weighted=0) [122]=138569(span=1,weighted=0)
 [123]=138167(span=1,weighted=0) [124]=137874(span=1,weighted=0)
 [125]=137440(span=1,weighted=0) [126]=135758(span=1,weighted=0)
 [127]=134954(span=1,weighted=0) [128]=133641(span=1,weighted=0)
 [129]=133600(span=1,weighted=0) [130]=130712(span=1,weighted=0)
 [131]=130661(span=1,weighted=0) [132]=130244(span=1,weighted=0)
 [133]=129734(span=1,weighted=0) [134]=128735(span=1,weighted=0)
 [135]=126242(span=1,weighted=0) [136]=126169(span=1,weighted=0)
 [137]=124767(span=1,weighted=0) [138]=124479(span=1,weighted=0)
 [139]=124143(span=1,weighted=0) [140]=144846(span=1,weighted=0)
 [141]=146968(span=1,weighted=0) [142]=176870(span=1,weighted=0)
 [143]=175577(span=1,weighted=0) [144]=175240(span=1,weighted=0)
 [145]=172245(span=1,weighted=0) [146]=171752(span=1,weighted=0)
 [147]=170834(span=1,weighted=0) [148]=170520(span=1,weighted=0)
 [149]=170493(span=1,weighted=0) [150]=168334(span=1,weighted=0)
 [151]=167809(span=1,weighted=0) [152]=165172(span=1,weighted=0)
 [153]=162858(span=1,weighted=0) [154]=159993(span=1,weighted=0)
 [155]=159963(span=1,weighted=0) [156]=159752(span=1,weighted=0)
 [157]=157517(span=1,weighted=0) [158]=157175(span=1,weighted=0)
 [159]=156651(span=1,weighted=0) [160]=154500(span=1,weighted=0)
 [161]=152309(span=1,weighted=0) [162]=150853(span=1,weighted=0)
 [163]=150695(span=1,weighted=0) [164]=148034(span=1,weighted=0)
 [165]=251071(span=1,weighted=0) [166]=252313(span=1,weighted=0)
 [167]=252101(span=1,weighted=0) [168]=245543(span=1,weighted=0)
 [169]=242959(span=1,weighted=0) [170]=209447(span=1,weighted=0)
 [171]=200771(span=1,weighted=0) [172]=199673(span=1,weighted=0)
 [173]=178676(span=1,weighted=0) [174]=171087(span=1,weighted=0)
 [175]=166488(span=1,weighted=0) [176]=165568(span=1,weighted=0)
 [177]=163373(span=1,weighted=0) [178]=157814(span=1,weighted=0)
 [179]=136256(span=1,weighted=0) [180]=127840(span=1,weighted=0)
 [181]=125603(span=1,weighted=0) [182]=125134(span=1,weighted=0)
 [183]=92222(span=1,weighted=0) [184]=79402(span=1,weighted=0)
 [185]=75713(span=1,weighted=0) [186]=74074(span=1,weighted=0)
 [187]=73526(span=1,weighted=0) [188]=70321(span=1,weighted=0)
 [189]=68421(span=1,weighted=0) [190]=252281(span=1,weighted=0)
 [191]=252613(span=1,weighted=0) [192]=215331(span=1,weighted=0)
 [193]=54424(span=1,weighted=0) [194]=37743(span=1,weighted=0)
 [195]=1578(span=1,weighted=0) [196]=280130(span=1,weighted=0)
 [197]=272920(span=1,weighted=0) [198]=271214(span=1,weighted=0)
 [199]=271069(span=1,weighted=0) [200]=262131(span=1,weighted=0)
 [201]=261745(span=1,weighted=0) [202]=261283(span=1,weighted=0)
 [203]=260997(span=1,weighted=0) [204]=260673(span=1,weighted=0)
 [205]=260110(span=1,weighted=0) [206]=257277(span=1,weighted=0)
 [207]=255965(span=1,weighted=0) [208]=255874(span=1,weighted=0)
 [209]=254680(span=1,weighted=0) [210]=254410(span=1,weighted=0)
 [211]=253884(span=1,weighted=0) [212]=253659(span=1,weighted=0)
 [213]=253387(span=1,weighted=0) [214]=253229(span=1,weighted=0)
 [215]=66699(span=1,weighted=0) [216]=34495(span=1,weighted=0)
 [217]=270641(span=1,weighted=0) [218]=270219(span=1,weighted=0)
 [219]=269610(span=1,weighted=0) [220]=268653(span=1,weighted=0)
 [221]=268016(span=1,weighted=0) [222]=267486(span=1,weighted=0)
 [223]=266738(span=1,weighted=0) [224]=264762(span=1,weighted=0)
 [225]=264435(span=1,weighted=0) [226]=264182(span=1,weighted=0)
 [227]=263453(span=1,weighted=0) [228]=263062(span=1,weighted=0)
 [229]=262119(span=1,weighted=0) [230]=260831(span=1,weighted=0)
 [231]=260701(span=1,weighted=0) [232]=260164(span=1,weighted=0)
 [233]=259664(span=1,weighted=0) [234]=259271(span=1,weighted=0)
 [235]=258548(span=1,weighted=0) [236]=257682(span=1,weighted=0)
 [237]=257392(span=1,weighted=0) [238]=253455(span=1,weighted=0)
 [239]=252990(span=1,weighted=0) [240]=272180(span=1,weighted=0)
 [241]=273033(span=1,weighted=0) [242]=30177(span=1,weighted=0)
 [243]=10806(span=1,weighted=0) [244]=4500(span=1,weighted=0)
 [245]=1729(span=1,weighted=0) [246]=280437(span=1,weighted=0)
 [247]=6172(span=1,weighted=0) [248]=279505(span=1,weighted=0)
 [249]=275843(span=1,weighted=0) [250]=252756(span=1,weighted=0)
 [251]=232217(span=1,weighted=0) [252]=217698(span=1,weighted=0)
 [253]=205660(span=1,weighted=0) [254]=196440(span=1,weighted=0)
 [255]=184020(span=1,weighted=0) [256]=159128(span=1,weighted=0)
 [257]=129708(span=1,weighted=0) [258]=127617(span=1,weighted=0)
 [259]=123679(span=1,weighted=0) [260]=97326(span=1,weighted=0)
 [261]=20660(span=1,weighted=0) [262]=16509(span=1,weighted=0)
 [263]=1670(span=1,weighted=0) [264]=279488(span=1,weighted=0)
 [265]=119838(span=1,weighted=0) [266]=118237(span=1,weighted=0)
 [267]=28430(span=1,weighted=0) [268]=22451(span=1,weighted=0)
 [269]=20499(span=1,weighted=0) [270]=2525(span=1,weighted=0)
 [271]=1200(span=1,weighted=0) [272]=164016(span=1,weighted=0)
 [273]=152996(span=1,weighted=0) [274]=278914(span=1,weighted=0)
 [275]=278735(span=1,weighted=0) [276]=278376(span=1,weighted=0)
 [277]=277084(span=1,weighted=0) [278]=262252(span=1,weighted=0)
 [279]=212514(span=1,weighted=0) [280]=205464(span=1,weighted=0)
 [281]=204179(span=1,weighted=0) [282]=184314(span=1,weighted=0)
 [283]=179322(span=1,weighted=0) [284]=158248(span=1,weighted=0)
 [285]=149557(span=1,weighted=0) [286]=127814(span=1,weighted=0)
 [287]=97975(span=1,weighted=0) [288]=77214(span=1,weighted=0)
 [289]=73832(span=1,weighted=0) [290]=31347(span=1,weighted=0)
 [291]=31795(span=1,weighted=0) [292]=279484(span=1,weighted=0)
 [293]=279479(span=1,weighted=0) [294]=273369(span=1,weighted=0)
 [295]=272822(span=1,weighted=0) [296]=262454(span=1,weighted=0)
 [297]=245736(span=1,weighted=0) [298]=233533(span=1,weighted=0)
 [299]=214148(span=1,weighted=0) [300]=206118(span=1,weighted=0)
 [301]=204612(span=1,weighted=0) [302]=200614(span=1,weighted=0)
 [303]=200525(span=1,weighted=0) [304]=195687(span=1,weighted=0)
 [305]=189906(span=1,weighted=0) [306]=182880(span=1,weighted=0)
 [307]=179388(span=1,weighted=0) [308]=178453(span=1,weighted=0)
 [309]=165351(span=1,weighted=0) [310]=129641(span=1,weighted=0)
 [311]=116320(span=1,weighted=0) [312]=92183(span=1,weighted=0)
 [313]=52542(span=1,weighted=0) [314]=51310(span=1,weighted=0)
 [315]=42541(span=1,weighted=0) [316]=33386(span=1,weighted=0)
 [317]=197867(span=1,weighted=0) [318]=169343(span=1,weighted=0)
 [319]=167546(span=1,weighted=0) [320]=158787(span=1,weighted=0)
 [321]=149799(span=1,weighted=0) [322]=146049(span=1,weighted=0)
 [323]=113167(span=1,weighted=0) [324]=111587(span=1,weighted=0)
 [325]=100640(span=1,weighted=0) [326]=100016(span=1,weighted=0)
 [327]=99833(span=1,weighted=0) [328]=97386(span=1,weighted=0)
 [329]=88195(span=1,weighted=0) [330]=50118(span=1,weighted=0)
 [331]=32995(span=1,weighted=0) [332]=25895(span=1,weighted=0)
 [333]=19888(span=1,weighted=0) [334]=18378(span=1,weighted=0)
 [335]=13531(span=1,weighted=0) [336]=6208(span=1,weighted=0)
 [337]=5218(span=1,weighted=0) [338]=3756(span=1,weighted=0)
 [339]=63(span=1,weighted=0) [340]=198921(span=1,weighted=0)
 [341]=205939(span=1,weighted=0) [342]=29297(span=1,weighted=0)
 [343]=21061(span=1,weighted=0) [344]=4910(span=1,weighted=0)
 [345]=271915(span=1,weighted=0) [346]=271878(span=1,weighted=0)
 [347]=270371(span=1,weighted=0) [348]=268190(span=1,weighted=0)
 [349]=267478(span=1,weighted=0) [350]=264663(span=1,weighted=0)
 [351]=264405(span=1,weighted=0) [352]=258594(span=1,weighted=0)
 [353]=255501(span=1,weighted=0) [354]=252497(span=1,weighted=0)
 [355]=248753(span=1,weighted=0) [356]=234795(span=1,weighted=0)
 [357]=233955(span=1,weighted=0) [358]=233824(span=1,weighted=0)
 [359]=222240(span=1,weighted=0) [360]=220903(span=1,weighted=0)
 [361]=211497(span=1,weighted=0) [362]=208625(span=1,weighted=0)
 [363]=208165(span=1,weighted=0) [364]=207948(span=1,weighted=0)
 [365]=3253(span=1,weighted=0) [366]=4248(span=1,weighted=0)
 [367]=91981(span=1,weighted=0) [368]=91966(span=1,weighted=0)
 [369]=88800(span=1,weighted=0) [370]=85804(span=1,weighted=0)
 [371]=85758(span=1,weighted=0) [372]=84236(span=1,weighted=0)
 [373]=84095(span=1,weighted=0) [374]=83361(span=1,weighted=0)
 [375]=82458(span=1,weighted=0) [376]=81378(span=1,weighted=0)
 [377]=81349(span=1,weighted=0) [378]=80578(span=1,weighted=0)
 [379]=78161(span=1,weighted=0) [380]=76077(span=1,weighted=0)
 [381]=75113(span=1,weighted=0) [382]=75098(span=1,weighted=0)
 [383]=75024(span=1,weighted=0) [384]=74607(span=1,weighted=0)
 [385]=74527(span=1,weighted=0) [386]=73697(span=1,weighted=0)
 [387]=72689(span=1,weighted=0) [388]=72647(span=1,weighted=0)
 [389]=72579(span=1,weighted=0) [390]=92013(span=1,weighted=0)
 [391]=92377(span=1,weighted=0) [392]=117331(span=1,weighted=0)
 [393]=115553(span=1,weighted=0) [394]=115381(span=1,weighted=0)
 [395]=115357(span=1,weighted=0) [396]=115015(span=1,weighted=0)
 [397]=114930(span=1,weighted=0) [398]=114345(span=1,weighted=0)
 [399]=112912(span=1,weighted=0) [400]=112581(span=1,weighted=0)
 [401]=112318(span=1,weighted=0) [402]=112147(span=1,weighted=0)
 [403]=111965(span=1,weighted=0) [404]=110573(span=1,weighted=0)
 [405]=109245(span=1,weighted=0) [406]=109049(span=1,weighted=0)
 [407]=108705(span=1,weighted=0) [408]=107912(span=1,weighted=0)
 [409]=106459(span=1,weighted=0) [410]=105529(span=1,weighted=0)
 [411]=104595(span=1,weighted=0) [412]=104446(span=1,weighted=0)
 [413]=101631(span=1,weighted=0) [414]=99749(span=1,weighted=0)
 [415]=72135(span=1,weighted=0) [416]=64750(span=1,weighted=0)
 [417]=40616(span=1,weighted=0) [418]=40490(span=1,weighted=0)
 [419]=39208(span=1,weighted=0) [420]=38846(span=1,weighted=0)
 [421]=38527(span=1,weighted=0) [422]=33637(span=1,weighted=0)
 [423]=32347(span=1,weighted=0) [424]=31086(span=1,weighted=0)
 [425]=29851(span=1,weighted=0) [426]=28935(span=1,weighted=0)
 [427]=23600(span=1,weighted=0) [428]=18836(span=1,weighted=0)
 [429]=18246(span=1,weighted=0) [430]=17658(span=1,weighted=0)
 [431]=14908(span=1,weighted=0) [432]=13801(span=1,weighted=0)
 [433]=13285(span=1,weighted=0) [434]=12578(span=1,weighted=0)
 [435]=12280(span=1,weighted=0) [436]=9490(span=1,weighted=0)
 [437]=8869(span=1,weighted=0) [438]=7773(span=1,weighted=0)
 [439]=6255(span=1,weighted=0) [440]=40858(span=1,weighted=0)
 [441]=41457(span=1,weighted=0) [442]=63680(span=1,weighted=0)
 [443]=62224(span=1,weighted=0) [444]=62059(span=1,weighted=0)
 [445]=61494(span=1,weighted=0) [446]=60500(span=1,weighted=0)
 [447]=59190(span=1,weighted=0) [448]=58573(span=1,weighted=0)
 [449]=57427(span=1,weighted=0) [450]=56949(span=1,weighted=0)
 [451]=53317(span=1,weighted=0) [452]=52803(span=1,weighted=0)
 [453]=52691(span=1,weighted=0) [454]=52658(span=1,weighted=0)
 [455]=52307(span=1,weighted=0) [456]=50954(span=1,weighted=0)
 [457]=50676(span=1,weighted=0) [458]=50271(span=1,weighted=0)
 [459]=48609(span=1,weighted=0) [460]=48497(span=1,weighted=0)
 [461]=46604(span=1,weighted=0) [462]=44417(span=1,weighted=0)
 [463]=42296(span=1,weighted=0) [464]=275918(span=1,weighted=0)
HI_2013_CANDIDATE_LIST position=1 count=232 [0]=75811(span=2,weighted=0)
 [1]=225192(span=2,weighted=0) [2]=223670(span=2,weighted=0)
 [3]=221876(span=2,weighted=0) [4]=219724(span=2,weighted=0)
 [5]=217770(span=2,weighted=0) [6]=216572(span=2,weighted=0)
 [7]=205125(span=2,weighted=0) [8]=204920(span=2,weighted=0)
 [9]=197242(span=2,weighted=0) [10]=196165(span=2,weighted=0)
 [11]=179422(span=2,weighted=0) [12]=164116(span=2,weighted=0)
 [13]=161158(span=2,weighted=0) [14]=135441(span=2,weighted=0)
 [15]=131518(span=2,weighted=0) [16]=126198(span=2,weighted=0)
 [17]=93904(span=2,weighted=0) [18]=87152(span=2,weighted=0)
 [19]=65331(span=2,weighted=0) [20]=53134(span=2,weighted=0)
 [21]=23555(span=2,weighted=0) [22]=22336(span=2,weighted=0)
 [23]=8528(span=2,weighted=0) [24]=6383(span=2,weighted=0)
 [25]=255985(span=2,weighted=0) [26]=272820(span=2,weighted=0)
 [27]=277527(span=2,weighted=0) [28]=277079(span=2,weighted=0)
 [29]=275869(span=2,weighted=0) [30]=145167(span=1,weighted=0)
 [31]=12506(span=1,weighted=0) [32]=4101(span=1,weighted=0)
 [33]=1409(span=1,weighted=0) [34]=127910(span=1,weighted=0)
 [35]=271402(span=1,weighted=0) [36]=267799(span=1,weighted=0)
 [37]=136506(span=1,weighted=0) [38]=243513(span=1,weighted=0)
 [39]=229789(span=1,weighted=0) [40]=197009(span=1,weighted=0)
 [41]=213243(span=1,weighted=0) [42]=214382(span=1,weighted=0)
 [43]=219881(span=1,weighted=0) [44]=265854(span=1,weighted=0)
 [45]=49307(span=1,weighted=0) [46]=83355(span=1,weighted=0)
 [47]=89340(span=1,weighted=0) [48]=97648(span=1,weighted=0)
 [49]=26217(span=1,weighted=0) [50]=73150(span=1,weighted=0)
 [51]=156801(span=1,weighted=0) [52]=163321(span=1,weighted=0)
 [53]=168428(span=1,weighted=0) [54]=188296(span=1,weighted=0)
 [55]=204442(span=1,weighted=0) [56]=220428(span=1,weighted=0)
 [57]=140110(span=1,weighted=0) [58]=139925(span=1,weighted=0)
 [59]=108095(span=1,weighted=0) [60]=99611(span=1,weighted=0)
 [61]=85447(span=1,weighted=0) [62]=84093(span=1,weighted=0)
 [63]=243699(span=1,weighted=0) [64]=65521(span=1,weighted=0)
 [65]=45874(span=1,weighted=0) [66]=245464(span=1,weighted=0)
 [67]=39355(span=1,weighted=0) [68]=37492(span=1,weighted=0)
 [69]=32991(span=1,weighted=0) [70]=252182(span=1,weighted=0)
 [71]=44633(span=1,weighted=0) [72]=132120(span=1,weighted=0)
 [73]=145462(span=1,weighted=0) [74]=259622(span=1,weighted=0)
 [75]=261254(span=1,weighted=0) [76]=262832(span=1,weighted=0)
 [77]=264327(span=1,weighted=0) [78]=264440(span=1,weighted=0)
 [79]=266424(span=1,weighted=0) [80]=266510(span=1,weighted=0)
 [81]=267511(span=1,weighted=0) [82]=268243(span=1,weighted=0)
 [83]=268259(span=1,weighted=0) [84]=269106(span=1,weighted=0)
 [85]=271307(span=1,weighted=0) [86]=271762(span=1,weighted=0)
 [87]=272305(span=1,weighted=0) [88]=272353(span=1,weighted=0)
 [89]=273094(span=1,weighted=0) [90]=273182(span=1,weighted=0)
 [91]=273203(span=1,weighted=0) [92]=273271(span=1,weighted=0)
 [93]=275865(span=1,weighted=0) [94]=258691(span=1,weighted=0)
 [95]=252321(span=1,weighted=0) [96]=239546(span=1,weighted=0)
 [97]=254564(span=1,weighted=0) [98]=268127(span=1,weighted=0)
 [99]=270309(span=1,weighted=0) [100]=23272(span=1,weighted=0)
 [101]=27111(span=1,weighted=0) [102]=41104(span=1,weighted=0)
 [103]=189(span=1,weighted=0) [104]=122874(span=1,weighted=0)
 [105]=178825(span=1,weighted=0) [106]=179010(span=1,weighted=0)
 [107]=179137(span=1,weighted=0) [108]=198590(span=1,weighted=0)
 [109]=208796(span=1,weighted=0) [110]=229517(span=1,weighted=0)
 [111]=233162(span=1,weighted=0) [112]=235930(span=1,weighted=0)
 [113]=249911(span=1,weighted=0) [114]=252074(span=1,weighted=0)
 [115]=210489(span=1,weighted=0) [116]=206240(span=1,weighted=0)
 [117]=138545(span=1,weighted=0) [118]=142214(span=1,weighted=0)
 [119]=142578(span=1,weighted=0) [120]=144838(span=1,weighted=0)
 [121]=145662(span=1,weighted=0) [122]=159660(span=1,weighted=0)
 [123]=167926(span=1,weighted=0) [124]=169211(span=1,weighted=0)
 [125]=171632(span=1,weighted=0) [126]=175623(span=1,weighted=0)
 [127]=176208(span=1,weighted=0) [128]=177720(span=1,weighted=0)
 [129]=180068(span=1,weighted=0) [130]=180377(span=1,weighted=0)
 [131]=186876(span=1,weighted=0) [132]=190980(span=1,weighted=0)
 [133]=196490(span=1,weighted=0) [134]=198732(span=1,weighted=0)
 [135]=203759(span=1,weighted=0) [136]=211816(span=1,weighted=0)
 [137]=216540(span=1,weighted=0) [138]=224406(span=1,weighted=0)
 [139]=229631(span=1,weighted=0) [140]=231086(span=1,weighted=0)
 [141]=232547(span=1,weighted=0) [142]=234894(span=1,weighted=0)
 [143]=236635(span=1,weighted=0) [144]=134647(span=1,weighted=0)
 [145]=133930(span=1,weighted=0) [146]=1090(span=1,weighted=0)
 [147]=2189(span=1,weighted=0) [148]=2578(span=1,weighted=0)
 [149]=7451(span=1,weighted=0) [150]=8243(span=1,weighted=0)
 [151]=16794(span=1,weighted=0) [152]=23570(span=1,weighted=0)
 [153]=23759(span=1,weighted=0) [154]=24998(span=1,weighted=0)
 [155]=25822(span=1,weighted=0) [156]=26212(span=1,weighted=0)
 [157]=27180(span=1,weighted=0) [158]=64686(span=1,weighted=0)
 [159]=70600(span=1,weighted=0) [160]=76579(span=1,weighted=0)
 [161]=78048(span=1,weighted=0) [162]=85855(span=1,weighted=0)
 [163]=87112(span=1,weighted=0) [164]=94886(span=1,weighted=0)
 [165]=96386(span=1,weighted=0) [166]=96787(span=1,weighted=0)
 [167]=97501(span=1,weighted=0) [168]=104986(span=1,weighted=0)
 [169]=105276(span=1,weighted=0) [170]=109128(span=1,weighted=0)
 [171]=109781(span=1,weighted=0) [172]=131893(span=1,weighted=0)
 [173]=239889(span=1,weighted=0) [174]=243591(span=1,weighted=0)
 [175]=256054(span=1,weighted=0) [176]=266937(span=1,weighted=0)
 [177]=36136(span=1,weighted=0) [178]=66534(span=1,weighted=0)
 [179]=180457(span=1,weighted=0) [180]=245078(span=1,weighted=0)
 [181]=246530(span=1,weighted=0) [182]=260298(span=1,weighted=0)
 [183]=263996(span=1,weighted=0) [184]=266353(span=1,weighted=0)
 [185]=267793(span=1,weighted=0) [186]=13477(span=1,weighted=0)
 [187]=14180(span=1,weighted=0) [188]=44396(span=1,weighted=0)
 [189]=59678(span=1,weighted=0) [190]=72034(span=1,weighted=0)
 [191]=85537(span=1,weighted=0) [192]=86986(span=1,weighted=0)
 [193]=89315(span=1,weighted=0) [194]=90566(span=1,weighted=0)
 [195]=92316(span=1,weighted=0) [196]=112548(span=1,weighted=0)
 [197]=126992(span=1,weighted=0) [198]=144938(span=1,weighted=0)
 [199]=149616(span=1,weighted=0) [200]=174332(span=1,weighted=0)
 [201]=178877(span=1,weighted=0) [202]=213996(span=1,weighted=0)
 [203]=213538(span=1,weighted=0) [204]=248750(span=1,weighted=0)
 [205]=250170(span=1,weighted=0) [206]=251469(span=1,weighted=0)
 [207]=253544(span=1,weighted=0) [208]=262847(span=1,weighted=0)
 [209]=4236(span=1,weighted=0) [210]=19(span=1,weighted=0)
 [211]=44365(span=1,weighted=0) [212]=76446(span=1,weighted=0)
 [213]=76746(span=1,weighted=0) [214]=108622(span=1,weighted=0)
 [215]=132545(span=1,weighted=0) [216]=155752(span=1,weighted=0)
 [217]=161212(span=1,weighted=0) [218]=163051(span=1,weighted=0)
 [219]=184280(span=1,weighted=0) [220]=12562(span=1,weighted=0)
 [221]=32699(span=1,weighted=0) [222]=50795(span=1,weighted=0)
 [223]=62303(span=1,weighted=0) [224]=73293(span=1,weighted=0)
 [225]=129449(span=1,weighted=0) [226]=132875(span=1,weighted=0)
 [227]=145016(span=1,weighted=0) [228]=166646(span=1,weighted=0)
 [229]=173578(span=1,weighted=0) [230]=201326(span=1,weighted=0)
 [231]=279467(span=1,weighted=0)
HI_2013_CANDIDATE_LIST position=2 count=16 [0]=281932(span=2,weighted=0)
 [1]=12507(span=1,weighted=0) [2]=85448(span=1,weighted=0)
 [3]=64687(span=1,weighted=0) [4]=90567(span=1,weighted=0)
 [5]=141537(span=1,weighted=0) [6]=145017(span=1,weighted=0)
 [7]=183816(span=1,weighted=0) [8]=92750(span=1,weighted=0)
 [9]=246531(span=1,weighted=0) [10]=247093(span=1,weighted=0)
 [11]=4087(span=1,weighted=0) [12]=4102(span=1,weighted=0)
 [13]=84094(span=1,weighted=0) [14]=177718(span=1,weighted=0)
 [15]=243540(span=1,weighted=0)
HI_2013_CANDIDATE_LIST position=3 count=13 [0]=281932(span=2,weighted=0)
 [1]=269347(span=1,weighted=0) [2]=282426(span=1,weighted=0)
 [3]=43632(span=1,weighted=0) [4]=210571(span=1,weighted=0)
 [5]=45(span=1,weighted=0) [6]=27998(span=1,weighted=0)
 [7]=282470(span=1,weighted=0) [8]=282189(span=1,weighted=0)
 [9]=139767(span=1,weighted=0) [10]=27432(span=1,weighted=0)
 [11]=240647(span=1,weighted=0) [12]=211922(span=1,weighted=0)
HI_2013_SELECTED_UNIT n=1 id=65331
HI_2013_SELECTED_UNIT n=2 id=65331
HI_2013_SELECTED_UNIT n=3 id=281932
HI_2013_SELECTED_UNIT n=4 id=281932
[Inferior 1 (Remote target) exited normally]
Wine-gdb> 0114:0118: create process 'Z:\samples\voicetext_kate.exe'/00000000 @004014C0 (450560<1847>)
0114:0118: create thread I @004014C0
0114:0118: loads DLL C:\windows\system32\ntdll.dll @7BD10000 (2994176<5095>)
0114:0118: loads DLL C:\windows\system32\kernel32.dll @7BB90000 (1466368<19395>)
0114:0118: loads DLL C:\windows\system32\kernelbase.dll @7B650000 (5410816<14148>)
0114:0118: loads DLL C:\windows\system32\msvcrt.dll @7B2A0000 (2715648<8214>)
0114:0118: loads DLL Z:\samples\vt_kat.dll @10000000 (0<0>)
0114:0118: loads DLL C:\windows\system32\WINMM.dll @78EC0000 (1474560<4890>)
0114:0118: loads DLL C:\windows\system32\advapi32.dll @7B550000 (958464<7400>)
0114:0118: loads DLL C:\windows\system32\sechost.dll @7B200000 (565248<3163>)
0114:0118: loads DLL C:\windows\system32\ucrtbase.dll @7AEE0000 (3198976<11541>)
0114:0118: loads DLL C:\windows\system32\msacm32.dll @78E40000 (413696<1982>)
0114:0118: loads DLL C:\windows\system32\user32.dll @7A160000 (5005312<14159>)
0114:0118: loads DLL Z:\samples\zlib1.dll @7A120000 (135680<0>)
0114:0118: loads DLL C:\windows\system32\gdi32.dll @7A640000 (2355200<7390>)
0114:0118: loads DLL C:\windows\system32\win32u.dll @7A0D0000 (221184<1966>)
0114:0118: loads DLL C:\windows\system32\ole32.dll @7A9F0000 (4440064<14323>)
0114:0118: loads DLL C:\windows\system32\combase.dll @7A890000 (1314816<7562>)
0114:0118: loads DLL C:\windows\system32\rpcrt4.dll @79EA0000 (2162688<9274>)
0114:0118: loads DLL C:\windows\system32\coml2.dll @79E40000 (262144<3883>)
0114:0118: loads DLL C:\windows\system32\iphlpapi.dll @779C0000 (487424<4777>)
0114:0118: loads DLL C:\windows\system32\dnsapi.dll @77970000 (258048<1399>)
0114:0118: loads DLL C:\windows\system32\nsi.dll @77940000 (118784<823>)
0114:0118: loads DLL C:\windows\system32\ws2_32.dll @7AE40000 (565248<2279>)
0114:0118: loads DLL C:\windows\system32\tzres.dll @009C0000 (0<0>)
00000114:00000118: unload DLL @009C0000
0114:0118: loads DLL C:\windows\system32\tzres.dll @009C0000 (0<0>)
00000114:00000118: unload DLL @009C0000
0114:0118: loads DLL C:\windows\system32\imm32.dll @782F0000 (401408<2996>)
0114:0118: loads DLL C:\windows\system32\winex11.drv @780F0000 (307200<4314>)
0114:0118: loads DLL C:\windows\system32\uxtheme.dll @78030000 (671744<3646>)
00000114:00000118: exit process (0)
X connection to :99 broken (explicit kill or server shutdown).
X connection to :99 broken (explicit kill or server shutdown).
