Wine-gdb> Already logging to /work/corpus-parity/stage20/hello-legacy-feature-crosswalk-old-score/legacy-unit-score-gdb.log.
Wine-gdb> Hardware assisted breakpoint 1 at 0x1001c860
Wine-gdb> >>> > > > > > > > > > > > > > > >  >  >  >  > >>>Wine-gdb> Wine-gdb> Breakpoint 2 at 0x408187
Wine-gdb> >>>>Wine-gdb> Wine-gdb> Hardware assisted breakpoint 3 at 0x1001ed7f
Wine-gdb> >>>>>Wine-gdb> Wine-gdb> Continuing.
LEGACY_SCORE_HARDWARE_TRACE_READY
LEGACY_SCORE_INPUT unit=272822 target_row=0 target_context=0x27a9a04 target_features=0x63fa94 signature:0x25bd0ae:	90	34	23	30	30
LEGACY_SCORE_TARGET_CONTEXT:0x27a9a04:	0	0	0	0	0	1
LEGACY_SCORE_TARGET_FEATURES:0x63fa94:	24	85	85	2	0	0	0	0
Hardware assisted breakpoint 4 at 0x1001d3f4
LEGACY_SCORE_RETURN unit=272822 target_row=0 score=0.00141844
LEGACY_SCORE_INPUT unit=272823 target_row=1 target_context=0x27a9a0a target_features=0x63fa94 signature:0x25bd0b3:	34	23	43	0	30
LEGACY_SCORE_TARGET_CONTEXT:0x27a9a0a:	0	0	1	1	0	0
LEGACY_SCORE_TARGET_FEATURES:0x63fa94:	11	85	99	2	0	0	0	0
Hardware assisted breakpoint 5 at 0x1001d3f4
LEGACY_SCORE_RETURN unit=272823 target_row=1 score=1.64526
LEGACY_SCORE_INPUT unit=272824 target_row=2 target_context=0x27a9a10 target_features=0x63fa94 signature:0x25bd0b8:	23	43	48	0	0
LEGACY_SCORE_TARGET_CONTEXT:0x27a9a10:	0	1	2	2	0	0
LEGACY_SCORE_TARGET_FEATURES:0x63fa94:	35	101	112	2	0	0	0	0
Hardware assisted breakpoint 6 at 0x1001d3f4
LEGACY_SCORE_RETURN unit=272824 target_row=2 score=6.19391
LEGACY_SCORE_INPUT unit=272825 target_row=3 target_context=0x27a9a16 target_features=0x63fa94 signature:0x25bd0bd:	43	48	90	4	4
LEGACY_SCORE_TARGET_CONTEXT:0x27a9a16:	0	1	3	3	0	0
LEGACY_SCORE_TARGET_FEATURES:0x63fa94:	97	114	113	2	0	0	0	0
Hardware assisted breakpoint 7 at 0x1001d3f4
LEGACY_SCORE_RETURN unit=272825 target_row=3 score=3.9525
OLD_CROSSWALK_SELECTED index=0 unit=272822
OLD_CROSSWALK_SELECTED index=0 unit=272823
OLD_CROSSWALK_SELECTED index=0 unit=272824
OLD_CROSSWALK_SELECTED index=0 unit=272825
LEGACY_SCORE_INPUT unit=272822 target_row=0 target_context=0x27a9a04 target_features=0x63fa94 signature:0x25bd0ae:	90	34	23	30	30
LEGACY_SCORE_TARGET_CONTEXT:0x27a9a04:	0	0	0	0	0	1
LEGACY_SCORE_TARGET_FEATURES:0x63fa94:	24	85	85	2	0	0	0	0
Hardware assisted breakpoint 8 at 0x1001d3f4
LEGACY_SCORE_RETURN unit=272822 target_row=0 score=0.00141844
LEGACY_SCORE_INPUT unit=272823 target_row=1 target_context=0x27a9a0a target_features=0x63fa94 signature:0x25bd0b3:	34	23	43	0	30
LEGACY_SCORE_TARGET_CONTEXT:0x27a9a0a:	0	0	1	1	0	0
LEGACY_SCORE_TARGET_FEATURES:0x63fa94:	11	85	99	2	0	0	0	0
Hardware assisted breakpoint 9 at 0x1001d3f4
LEGACY_SCORE_RETURN unit=272823 target_row=1 score=1.64526
LEGACY_SCORE_INPUT unit=272824 target_row=2 target_context=0x27a9a10 target_features=0x63fa94 signature:0x25bd0b8:	23	43	48	0	0
LEGACY_SCORE_TARGET_CONTEXT:0x27a9a10:	0	1	2	2	0	0
LEGACY_SCORE_TARGET_FEATURES:0x63fa94:	35	101	112	2	0	0	0	0
Hardware assisted breakpoint 10 at 0x1001d3f4
LEGACY_SCORE_RETURN unit=272824 target_row=2 score=6.19391
LEGACY_SCORE_INPUT unit=272825 target_row=3 target_context=0x27a9a16 target_features=0x63fa94 signature:0x25bd0bd:	43	48	90	4	4
LEGACY_SCORE_TARGET_CONTEXT:0x27a9a16:	0	1	3	3	0	0
LEGACY_SCORE_TARGET_FEATURES:0x63fa94:	97	114	113	2	0	0	0	0
Hardware assisted breakpoint 11 at 0x1001d3f4
LEGACY_SCORE_RETURN unit=272825 target_row=3 score=3.9525
OLD_CROSSWALK_SELECTED index=0 unit=272822
OLD_CROSSWALK_SELECTED index=0 unit=272823
OLD_CROSSWALK_SELECTED index=0 unit=272824
OLD_CROSSWALK_SELECTED index=0 unit=272825
LEGACY_SCORE_INPUT unit=272822 target_row=0 target_context=0x27a9a04 target_features=0x63fa94 signature:0x25bd0ae:	90	34	23	30	30
LEGACY_SCORE_TARGET_CONTEXT:0x27a9a04:	0	0	0	0	0	1
LEGACY_SCORE_TARGET_FEATURES:0x63fa94:	24	85	85	2	0	0	0	0
Hardware assisted breakpoint 12 at 0x1001d3f4
LEGACY_SCORE_RETURN unit=272822 target_row=0 score=0.00141844
LEGACY_SCORE_INPUT unit=272823 target_row=1 target_context=0x27a9a0a target_features=0x63fa94 signature:0x25bd0b3:	34	23	43	0	30
LEGACY_SCORE_TARGET_CONTEXT:0x27a9a0a:	0	0	1	1	0	0
LEGACY_SCORE_TARGET_FEATURES:0x63fa94:	11	85	99	2	0	0	0	0
Hardware assisted breakpoint 13 at 0x1001d3f4
LEGACY_SCORE_RETURN unit=272823 target_row=1 score=1.64526
LEGACY_SCORE_INPUT unit=272824 target_row=2 target_context=0x27a9a10 target_features=0x63fa94 signature:0x25bd0b8:	23	43	48	0	0
LEGACY_SCORE_TARGET_CONTEXT:0x27a9a10:	0	1	2	2	0	0
LEGACY_SCORE_TARGET_FEATURES:0x63fa94:	35	101	112	2	0	0	0	0
Hardware assisted breakpoint 14 at 0x1001d3f4
LEGACY_SCORE_RETURN unit=272824 target_row=2 score=6.19391
LEGACY_SCORE_INPUT unit=272825 target_row=3 target_context=0x27a9a16 target_features=0x63fa94 signature:0x25bd0bd:	43	48	90	4	4
LEGACY_SCORE_TARGET_CONTEXT:0x27a9a16:	0	1	3	3	0	0
LEGACY_SCORE_TARGET_FEATURES:0x63fa94:	97	114	113	2	0	0	0	0
Hardware assisted breakpoint 15 at 0x1001d3f4
LEGACY_SCORE_RETURN unit=272825 target_row=3 score=3.9525
OLD_CROSSWALK_SELECTED index=0 unit=272822
OLD_CROSSWALK_SELECTED index=0 unit=272823
OLD_CROSSWALK_SELECTED index=0 unit=272824
OLD_CROSSWALK_SELECTED index=0 unit=272825
warning: Temporarily disabling breakpoints for unloaded shared library "/samples/vt_kat.dll"
[Inferior 1 (Remote target) exited normally]
Wine-gdb> 