GNU gdb (Ubuntu 15.1-1ubuntu1~24.04.1) 15.1
Copyright (C) 2024 Free Software Foundation, Inc.
License GPLv3+: GNU GPL version 3 or later <http://gnu.org/licenses/gpl.html>
This is free software: you are free to change and redistribute it.
There is NO WARRANTY, to the extent permitted by law.
Type "show copying" and "show warranty" for details.
This GDB was configured as "x86_64-linux-gnu".
Type "show configuration" for configuration details.
For bug reporting instructions, please see:
<https://www.gnu.org/software/gdb/bugs/>.
Find the GDB manual and other documentation resources online at:
    <http://www.gnu.org/software/gdb/documentation/>.

For help, type "help".
Type "apropos word" to search for commands related to "word".
warning: remote target does not support file transfer, attempting to access files from local filesystem.
Reading symbols from /samples/voicetext_kate.exe...
0x7bd64525 in DbgBreakPoint@0 ()
   from /usr/lib/i386-linux-gnu/wine/i386-windows/ntdll.dll
Wine-gdb> Wine-gdb> Wine-gdb> Wine-gdb> Signal        Stop	Print	Pass to program	Description
SIGSEGV       No	No	Yes		Segmentation fault
Wine-gdb> Wine-gdb> Wine-gdb> Wine-gdb> Breakpoint 1 at 0x10018c80
Wine-gdb> Wine-gdb> >>>>>>>> > > >>>>Wine-gdb> Wine-gdb> Breakpoint 2 at 0x1002328a
Wine-gdb> Wine-gdb> >>>>>>>Wine-gdb> Wine-gdb> Breakpoint 3 at 0x100235f6
Wine-gdb> Wine-gdb> >>>>>>>> > > >  >  > >  >  >  > > >>>>Wine-gdb> Wine-gdb> Breakpoint 4 at 0x100235f1
Wine-gdb> Wine-gdb> >>>>>> > > >  >  > > >>>>Wine-gdb> Wine-gdb> Breakpoint 5 at 0x100238a7
Wine-gdb> Wine-gdb> >>>>>>> > > >  >  > > >>>>Wine-gdb> Wine-gdb> Breakpoint 6 at 0x10023814
Wine-gdb> Wine-gdb> >>>>>>> > > >  >  > >  >  > > >>>>Wine-gdb> Wine-gdb> Breakpoint 7 at 0x10023895
Wine-gdb> Wine-gdb> >>>>>Wine-gdb> Wine-gdb> Wine-gdb> Hardware assisted breakpoint 8 at 0x100182e0
Wine-gdb> >>> > > > > >  >  >  >  > >>>Wine-gdb> Wine-gdb> Breakpoint 9 at 0x100191bc
Wine-gdb> Wine-gdb> >>>>>>>>>>>>>>>>>>>>>>>>>>>>Wine-gdb> Wine-gdb> Hardware assisted breakpoint 10 at 0x1001b200
Wine-gdb> >>>>>Wine-gdb> Wine-gdb> Hardware assisted breakpoint 11 at 0x408187
Wine-gdb> >>>>Wine-gdb> Wine-gdb> Continuing.
APPLE_SELECTED_EDGE_COMPONENTS n=1 context=2 current=100180 previous=188825 previous_cost=560.106 local_cost=0 raw=0 derived_a=1.09924 derived_b=0.0127389 weights_raw_a_b=10,2,5 subtotal=4.26217 reconstructed_total=564.368
APPLE_SELECTED_EDGE_COMPONENTS n=2 context=2 current=100180 previous=64727 previous_cost=554.284 local_cost=0 raw=0.641366 derived_a=1.00699 derived_b=1.64626 weights_raw_a_b=10,2,5 subtotal=18.6589 reconstructed_total=572.943
APPLE_SELECTED_EDGE_COMPONENTS n=3 context=2 current=100180 previous=142230 previous_cost=597.117 local_cost=0 raw=0.429843 derived_a=0.115108 derived_b=0.116129 weights_raw_a_b=10,2,5 subtotal=7.10929 reconstructed_total=604.226
APPLE_SELECTED_EDGE_COMPONENTS n=4 context=2 current=64728 previous=188825 previous_cost=560.106 local_cost=0.0382979 raw=0.641366 derived_a=4.20438 derived_b=1.36986 weights_raw_a_b=10,2,5 subtotal=23.6717 reconstructed_total=583.816
APPLE_SELECTED_EDGE_COMPONENTS n=5 context=2 current=64728 previous=64727 previous_cost=554.284 local_cost=0.0382979 raw=0.641366 derived_a=1.00699 derived_b=2.61333 weights_raw_a_b=10,2,5 subtotal=0 reconstructed_total=554.322
APPLE_SELECTED_EDGE_COMPONENTS n=6 context=2 current=64728 previous=142230 previous_cost=597.117 local_cost=0.0382979 raw=0.450601 derived_a=0.441379 derived_b=0.888889 weights_raw_a_b=10,2,5 subtotal=11.8332 reconstructed_total=608.988
APPLE_SELECTED_EDGE_COMPONENTS n=7 context=2 current=128863 previous=188825 previous_cost=560.106 local_cost=0.0592593 raw=0.429843 derived_a=0.769231 derived_b=0.0127389 weights_raw_a_b=10,2,5 subtotal=7.90058 reconstructed_total=568.066
APPLE_SELECTED_EDGE_COMPONENTS n=8 context=2 current=128863 previous=64727 previous_cost=554.284 local_cost=0.0592593 raw=0.450601 derived_a=1.38028 derived_b=1.64626 weights_raw_a_b=10,2,5 subtotal=17.4979 reconstructed_total=571.841
APPLE_SELECTED_EDGE_COMPONENTS n=9 context=2 current=128863 previous=142230 previous_cost=597.117 local_cost=0.0592593 raw=0 derived_a=0.26087 derived_b=0.116129 weights_raw_a_b=10,2,5 subtotal=3.10238 reconstructed_total=600.279
APPLE_CONTEXT3_PRE_230A0_ORDER count=491
 candidate=28631 list_index=32 score=0.222222 fields_c_e_10=1,2,0
 candidate=64729 list_index=68 score=1039.64 fields_c_e_10=0,1,0
APPLE_CONTEXT3_FORCE_E4 id=64729 old_computed_e=2 forced_e=4\n
APPLE_CONTEXT3_CONTINUITY_METADATA count=491
APPLE_CONTEXT3_ORDER_ROW index=0 id=40504 rank_term=-4 score=2.00816 fields_c_e_10=1,4,0\n
APPLE_CONTEXT3_ORDER_ROW index=1 id=266884 rank_term=-4 score=0 fields_c_e_10=3,4,0\n
APPLE_CONTEXT3_ORDER_ROW index=2 id=64729 rank_term=-4 score=1039.64 fields_c_e_10=1,4,0\n candidate=64729 list_index=2 pre_score=1039.64 fields_c_e_10=1,4,0
APPLE_CONTEXT3_ORDER_ROW index=3 id=64720 rank_term=-4 score=1039.63 fields_c_e_10=1,4,0\n
APPLE_CONTEXT3_ORDER_ROW index=4 id=27440 rank_term=-3 score=0.13913 fields_c_e_10=2,3,0\n
APPLE_CONTEXT3_ORDER_ROW index=5 id=27794 rank_term=-3 score=0.181818 fields_c_e_10=2,3,0\n
APPLE_CONTEXT3_ORDER_ROW index=6 id=27966 rank_term=-3 score=0.222222 fields_c_e_10=2,3,0\n
APPLE_CONTEXT3_ORDER_ROW index=7 id=28631 rank_term=-3 score=0.222222 fields_c_e_10=2,3,0\n candidate=28631 list_index=7 pre_score=0.222222 fields_c_e_10=2,3,0
APPLE_CONTEXT3_ORDER_ROW index=8 id=67064 rank_term=-3 score=1039.75 fields_c_e_10=2,3,0\n
APPLE_CONTEXT3_ORDER_ROW index=9 id=138984 rank_term=-3 score=0 fields_c_e_10=2,3,0\n
APPLE_CONTEXT3_ORDER_ROW index=10 id=239586 rank_term=-3 score=0 fields_c_e_10=2,3,0\n
APPLE_CONTEXT3_ORDER_ROW index=11 id=134712 rank_term=-3 score=0 fields_c_e_10=2,3,0\n
APPLE_CONTEXT3_SCORE_PREFIX count=47 candidate64729_index=2 candidate28631_index=7 first_id=40504
APPLE_CONTEXT3_SCORE_CALL id=64729 record=0x2531498 fields_c_e_10=1,4,0 norm=0.5 weight=3.74594e-38
APPLE_UNIT_SCORE_ENTRY n=1 id=64729 state=0x24e0020 target=0x25cc65a context=0x6676a8 norm=0.5 weight=3.74594e-38
Temporary breakpoint 12 at 0x1001875c
APPLE_UNIT_SCORE_SPLIT id=64729 local_penalty=100 distance_intermediate=103.655 final_factor=0.5 distance_term=51.8277 returned_score=151.828
APPLE_CONTEXT3_SCORE_CALL id=28631 record=0x2531948 fields_c_e_10=2,3,0 norm=0.666667 weight=3.74594e-38
APPLE_UNIT_SCORE_ENTRY n=2 id=28631 state=0x24e0020 target=0x25cc65a context=0x6676a8 norm=0.666667 weight=3.74594e-38
Temporary breakpoint 13 at 0x1001875c
APPLE_UNIT_SCORE_SPLIT id=28631 local_penalty=100 distance_intermediate=69.0406 final_factor=0.666667 distance_term=46.0271 returned_score=146.027
APPLE_CONTEXT3_PRE_CUTOFF_RANKS count=491
 candidate=64729 score=151.828 fields_c_e_10=1,4,0
 candidate=28631 score=146.027 fields_c_e_10=2,3,0
APPLE_CONTEXT3_CANDIDATES count=30 ids=40504,266884,64729,64720,97884,256581,
232462,103238,59558,27966,11135,134712,123121,41057,40214,27440,131118,158830,
2646,107074,82036,244718,96835,2554,218670,27794,86327,55214,129559,258822,
APPLE_SELECTED_EDGE_COMPONENTS n=10 context=3 current=64729 previous=40503 previous_cost=560.718 local_cost=75.9138 raw=1.41318 derived_a=3.29252 derived_b=2.05714 weights_raw_a_b=10,2,5 subtotal=33.0025 reconstructed_total=669.635
APPLE_SELECTED_EDGE_COMPONENTS n=11 context=3 current=64729 previous=64719 previous_cost=559.94 local_cost=75.9138 raw=0.64832 derived_a=1.30502 derived_b=0.318471 weights_raw_a_b=10,2,5 subtotal=12.6856 reconstructed_total=648.539
APPLE_SELECTED_EDGE_COMPONENTS n=12 context=3 current=64729 previous=2645 previous_cost=575.658 local_cost=75.9138 raw=0.69684 derived_a=0.351254 derived_b=8.71111 weights_raw_a_b=10,2,5 subtotal=53.2265 reconstructed_total=704.798
APPLE_SELECTED_EDGE_COMPONENTS n=13 context=3 current=64729 previous=244717 previous_cost=565.511 local_cost=75.9138 raw=0.639411 derived_a=0 derived_b=4.22222 weights_raw_a_b=10,2,5 subtotal=29.5052 reconstructed_total=670.93
APPLE_SELECTED_EDGE_COMPONENTS n=14 context=3 current=64729 previous=55213 previous_cost=601.127 local_cost=75.9138 raw=0.848072 derived_a=2.85375 derived_b=1.48466 weights_raw_a_b=10,2,5 subtotal=23.6115 reconstructed_total=700.653
APPLE_SELECTED_EDGE_COMPONENTS n=15 context=3 current=64729 previous=213256 previous_cost=579.639 local_cost=75.9138 raw=0.443518 derived_a=0.457143 derived_b=0.116129 weights_raw_a_b=10,2,5 subtotal=7.93012 reconstructed_total=663.483
APPLE_SELECTED_EDGE_COMPONENTS n=16 context=3 current=64729 previous=100180 previous_cost=564.368 local_cost=75.9138 raw=1.14442 derived_a=3.01024 derived_b=8.14525 weights_raw_a_b=10,2,5 subtotal=60.1909 reconstructed_total=700.473
APPLE_SELECTED_EDGE_COMPONENTS n=17 context=3 current=64729 previous=188302 previous_cost=571.054 local_cost=75.9138 raw=0.868749 derived_a=1.77778 derived_b=0.120805 weights_raw_a_b=10,2,5 subtotal=14.8471 reconstructed_total=661.815
APPLE_SELECTED_EDGE_COMPONENTS n=18 context=3 current=64729 previous=189455 previous_cost=571.177 local_cost=75.9138 raw=1.57478 derived_a=4.87625 derived_b=0.216216 weights_raw_a_b=10,2,5 subtotal=28.5813 reconstructed_total=675.672
APPLE_SELECTED_EDGE_COMPONENTS n=19 context=3 current=64729 previous=199880 previous_cost=561.986 local_cost=75.9138 raw=1.49915 derived_a=3.89189 derived_b=0.8 weights_raw_a_b=10,2,5 subtotal=28.7753 reconstructed_total=666.675
APPLE_SELECTED_EDGE_COMPONENTS n=20 context=3 current=64729 previous=38294 previous_cost=593.308 local_cost=75.9138 raw=1.28412 derived_a=2.73973 derived_b=7.06215 weights_raw_a_b=10,2,5 subtotal=55.6314 reconstructed_total=724.853
APPLE_SELECTED_EDGE_COMPONENTS n=21 context=3 current=64729 previous=137215 previous_cost=602.721 local_cost=75.9138 raw=0.997418 derived_a=0.855124 derived_b=18.1856 weights_raw_a_b=10,2,5 subtotal=104.612 reconstructed_total=783.247
APPLE_SELECTED_EDGE_COMPONENTS n=22 context=3 current=64729 previous=45509 previous_cost=563.785 local_cost=75.9138 raw=1.28412 derived_a=3.58644 derived_b=1.40845 weights_raw_a_b=10,2,5 subtotal=29.0563 reconstructed_total=668.755
APPLE_SELECTED_EDGE_COMPONENTS n=23 context=3 current=64729 previous=61725 previous_cost=570.307 local_cost=75.9138 raw=1.28412 derived_a=3.89189 derived_b=3.04762 weights_raw_a_b=10,2,5 subtotal=37.8631 reconstructed_total=684.083
APPLE_SELECTED_EDGE_COMPONENTS n=24 context=3 current=64729 previous=40810 previous_cost=563.944 local_cost=75.9138 raw=1.49396 derived_a=4.20875 derived_b=0.455696 weights_raw_a_b=10,2,5 subtotal=27.6356 reconstructed_total=667.494
APPLE_SELECTED_EDGE_COMPONENTS n=25 context=3 current=64729 previous=118661 previous_cost=566.665 local_cost=75.9138 raw=1.24905 derived_a=3.01024 derived_b=0.0533333 weights_raw_a_b=10,2,5 subtotal=20.7776 reconstructed_total=663.357
APPLE_SELECTED_EDGE_COMPONENTS n=26 context=3 current=64729 previous=56167 previous_cost=572.759 local_cost=75.9138 raw=1.33388 derived_a=3.58644 derived_b=0.340136 weights_raw_a_b=10,2,5 subtotal=24.2124 reconstructed_total=672.886
APPLE_SELECTED_EDGE_COMPONENTS n=27 context=3 current=64729 previous=231014 previous_cost=563.191 local_cost=75.9138 raw=1.32319 derived_a=4.53691 derived_b=0.0533333 weights_raw_a_b=10,2,5 subtotal=24.5724 reconstructed_total=663.678
APPLE_SELECTED_EDGE_COMPONENTS n=28 context=3 current=64729 previous=41008 previous_cost=563.344 local_cost=75.9138 raw=1.81687 derived_a=4.20875 derived_b=2.05714 weights_raw_a_b=10,2,5 subtotal=38.872 reconstructed_total=678.129
APPLE_SELECTED_EDGE_COMPONENTS n=29 context=3 current=64729 previous=96145 previous_cost=561.65 local_cost=75.9138 raw=1.59422 derived_a=5.22667 derived_b=2.43165 weights_raw_a_b=10,2,5 subtotal=40.5538 reconstructed_total=678.118
APPLE_SELECTED_EDGE_COMPONENTS n=30 context=3 current=64729 previous=151210 previous_cost=594.842 local_cost=75.9138 raw=1.36282 derived_a=2 derived_b=5.09827 weights_raw_a_b=10,2,5 subtotal=45.1196 reconstructed_total=715.875
APPLE_SELECTED_EDGE_COMPONENTS n=31 context=3 current=64729 previous=82377 previous_cost=603.18 local_cost=75.9138 raw=1.18715 derived_a=1.56794 derived_b=1.23457 weights_raw_a_b=10,2,5 subtotal=23.1802 reconstructed_total=702.274
APPLE_SELECTED_EDGE_COMPONENTS n=32 context=3 current=64729 previous=82709 previous_cost=561.336 local_cost=75.9138 raw=1.7369 derived_a=2.73973 derived_b=2.43165 weights_raw_a_b=10,2,5 subtotal=37.0067 reconstructed_total=674.256
APPLE_SELECTED_EDGE_COMPONENTS n=33 context=3 current=64729 previous=64728 previous_cost=554.322 local_cost=75.9138 raw=0 derived_a=0 derived_b=0 weights_raw_a_b=10,2,5 subtotal=2 reconstructed_total=632.236
APPLE_SELECTED_EDGE_COMPONENTS n=34 context=3 current=64729 previous=97601 previous_cost=565.343 local_cost=75.9138 raw=0.640711 derived_a=1.37063 derived_b=0.888889 weights_raw_a_b=10,2,5 subtotal=15.5928 reconstructed_total=656.85
APPLE_SELECTED_EDGE_COMPONENTS n=35 context=3 current=64729 previous=108878 previous_cost=564.328 local_cost=75.9138 raw=1.81687 derived_a=4.87625 derived_b=0.888889 weights_raw_a_b=10,2,5 subtotal=34.3657 reconstructed_total=674.608
APPLE_SELECTED_EDGE_COMPONENTS n=36 context=3 current=64729 previous=128863 previous_cost=566.147 local_cost=75.9138 raw=1.01574 derived_a=1.56794 derived_b=0.216216 weights_raw_a_b=10,2,5 subtotal=16.3744 reconstructed_total=658.435
APPLE_SELECTED_EDGE_COMPONENTS n=37 context=3 current=64729 previous=78432 previous_cost=586.697 local_cost=75.9138 raw=0.598845 derived_a=1.77778 derived_b=12.4301 weights_raw_a_b=10,2,5 subtotal=73.6945 reconstructed_total=736.306
APPLE_SELECTED_EDGE_COMPONENTS n=38 context=3 current=64729 previous=86012 previous_cost=562.811 local_cost=75.9138 raw=1.32464 derived_a=3.29252 derived_b=0.120805 weights_raw_a_b=10,2,5 subtotal=22.4354 reconstructed_total=661.16
APPLE_SELECTED_EDGE_COMPONENTS n=39 context=3 current=64729 previous=150075 previous_cost=562.256 local_cost=75.9138 raw=1.32464 derived_a=3.89189 derived_b=0.340136 weights_raw_a_b=10,2,5 subtotal=24.7308 reconstructed_total=662.901
APPLE_SELECTED_UNIT_HARDWARE n=1 id=66216
APPLE_SELECTED_UNIT_HARDWARE n=2 id=64727
APPLE_SELECTED_UNIT_HARDWARE n=3 id=64728
APPLE_SELECTED_UNIT_HARDWARE n=4 id=64729
APPLE_SELECTED_UNIT_HARDWARE n=5 id=266884
APPLE_SELECTED_UNIT_HARDWARE n=6 id=266885
APPLE_SELECTED_UNIT_HARDWARE n=7 id=266885
APPLE_SELECTED_UNIT_HARDWARE n=8 id=64727
APPLE_SELECTED_UNIT_HARDWARE n=9 id=66216
APPLE_SELECTED_UNIT_HARDWARE n=10 id=266884
APPLE_SELECTED_UNIT_HARDWARE n=11 id=64729
[Inferior 1 (Remote target) exited normally]
Wine-gdb> 0114:0118: create process 'Z:\samples\voicetext_kate.exe'/00000000 @004014C0 (450560<1847>)
0114:0118: create thread I @004014C0
0114:0118: loads DLL C:\windows\system32\ntdll.dll @7BD10000 (2994176<5095>)
0114:0118: loads DLL C:\windows\system32\kernel32.dll @7BB90000 (1466368<19395>)
0114:0118: loads DLL C:\windows\system32\kernelbase.dll @7B650000 (5410816<14148>)
0114:0118: loads DLL C:\windows\system32\msvcrt.dll @7B2A0000 (2715648<8214>)
0114:0118: loads DLL Z:\samples\vt_kat.dll @10000000 (0<0>)
0114:0118: loads DLL C:\windows\system32\WINMM.dll @78EC0000 (1474560<4890>)
0114:0118: loads DLL C:\windows\system32\advapi32.dll @7B550000 (958464<7400>)
0114:0118: loads DLL C:\windows\system32\sechost.dll @7B200000 (565248<3163>)
0114:0118: loads DLL C:\windows\system32\ucrtbase.dll @7AEE0000 (3198976<11541>)
0114:0118: loads DLL C:\windows\system32\msacm32.dll @78E40000 (413696<1982>)
0114:0118: loads DLL C:\windows\system32\user32.dll @7A160000 (5005312<14159>)
0114:0118: loads DLL Z:\samples\zlib1.dll @7A120000 (135680<0>)
0114:0118: loads DLL C:\windows\system32\gdi32.dll @7A640000 (2355200<7390>)
0114:0118: loads DLL C:\windows\system32\win32u.dll @7A0D0000 (221184<1966>)
0114:0118: loads DLL C:\windows\system32\ole32.dll @7A9F0000 (4440064<14323>)
0114:0118: loads DLL C:\windows\system32\combase.dll @7A890000 (1314816<7562>)
0114:0118: loads DLL C:\windows\system32\rpcrt4.dll @79EA0000 (2162688<9274>)
0114:0118: loads DLL C:\windows\system32\coml2.dll @79E40000 (262144<3883>)
0114:0118: loads DLL C:\windows\system32\iphlpapi.dll @779C0000 (487424<4777>)
0114:0118: loads DLL C:\windows\system32\dnsapi.dll @77970000 (258048<1399>)
0114:0118: loads DLL C:\windows\system32\nsi.dll @77940000 (118784<823>)
0114:0118: loads DLL C:\windows\system32\ws2_32.dll @7AE40000 (565248<2279>)
0114:0118: loads DLL C:\windows\system32\tzres.dll @009C0000 (0<0>)
00000114:00000118: unload DLL @009C0000
0114:0118: loads DLL C:\windows\system32\tzres.dll @009C0000 (0<0>)
00000114:00000118: unload DLL @009C0000
0114:0118: loads DLL C:\windows\system32\imm32.dll @782F0000 (401408<2996>)
0114:0118: loads DLL C:\windows\system32\winex11.drv @780F0000 (307200<4314>)
0114:0118: loads DLL C:\windows\system32\uxtheme.dll @77FF0000 (671744<3646>)
00000114:00000118: exit process (0)
X connection to :99 broken (explicit kill or server shutdown).
X connection to :99 broken (explicit kill or server shutdown).
