GNU gdb (Ubuntu 15.1-1ubuntu1~24.04.1) 15.1
Copyright (C) 2024 Free Software Foundation, Inc.
License GPLv3+: GNU GPL version 3 or later <http://gnu.org/licenses/gpl.html>
This is free software: you are free to change and redistribute it.
There is NO WARRANTY, to the extent permitted by law.
Type "show copying" and "show warranty" for details.
This GDB was configured as "x86_64-linux-gnu".
Type "show configuration" for configuration details.
For bug reporting instructions, please see:
<https://www.gnu.org/software/gdb/bugs/>.
Find the GDB manual and other documentation resources online at:
    <http://www.gnu.org/software/gdb/documentation/>.

For help, type "help".
Type "apropos word" to search for commands related to "word".
warning: remote target does not support file transfer, attempting to access files from local filesystem.
Reading symbols from /samples/voicetext_kate.exe...
0x7bd64525 in DbgBreakPoint@0 ()
   from /usr/lib/i386-linux-gnu/wine/i386-windows/ntdll.dll
Wine-gdb> Wine-gdb> Wine-gdb> Wine-gdb> Signal        Stop	Print	Pass to program	Description
SIGSEGV       No	No	Yes		Segmentation fault
Wine-gdb> Wine-gdb> Wine-gdb> Copying output to /work/corpus-parity/stage20/hello-vector-copy-score-gdb.log.
Copying debug output to /work/corpus-parity/stage20/hello-vector-copy-score-gdb.log.
Wine-gdb> Wine-gdb> Wine-gdb> Wine-gdb> Wine-gdb> Breakpoint 1 at 0x10001670
Wine-gdb> >>>>>>>>> > > > >>>Wine-gdb> Wine-gdb> Breakpoint 2 at 0x100016a0
Wine-gdb> >>>>>>>>>> > > > > >>>Wine-gdb> Wine-gdb> Breakpoint 3 at 0x1001b200
Wine-gdb> >>>>>Wine-gdb> Wine-gdb> Breakpoint 4 at 0x1002c220
Wine-gdb> >>>>>>>>> > > > > >  >  >  >  > > >>>Wine-gdb> Wine-gdb> Wine-gdb> Breakpoint 5 at 0x100182e0
Wine-gdb> >>> > > > > > > > > > > > > > >>>Wine-gdb> Wine-gdb> Continuing.
TREE3_SCALAR_ENTRY n=1 tree=0x14bf308 features:0x6676ec:	16	40	11	0	1	1	1	2
0x6676fc:	1	0	2468	590	112	590	1740	590
Temporary breakpoint 6 at 0x100134e1
TREE3_SCALAR_RETURN n=1 value=1207
TREE3_SCALAR_ENTRY n=2 tree=0x14bf27c features:0x6676ec:	11	16	21	0	1	1	1	2
0x6676fc:	2	0	2468	590	112	590	1742	590
Temporary breakpoint 7 at 0x1001344e
TREE3_SCALAR_RETURN n=2 value=555
TREE3_SCALAR_ENTRY n=3 tree=0x14bf340 features:0x6676ec:	21	11	25	0	1	3	3	2
0x6676fc:	1	0	2470	590	112	590	1744	590
Temporary breakpoint 8 at 0x1001350b
TREE3_SCALAR_RETURN n=3 value=1740
TREE3_SCALAR_ENTRY n=4 tree=0x14bf2b4 features:0x6676ec:	25	21	40	1	1	3	3	2
0x6676fc:	2	0	2470	590	112	590	1746	590
Temporary breakpoint 9 at 0x1001347e
TREE3_SCALAR_RETURN n=4 value=4832
TREE3_SCALAR_ENTRY n=5 tree=0x14bf378 features:0x6676f0:	2	11	0	3	1	1	0	3
0x667700:	1	1	2	590	112	590	0	0
Temporary breakpoint 10 at 0x10013984
TREE3_SCALAR_RETURN n=5 value=0
TREE3_VECTOR_ENTRY n=6 tree=0x14bf3e8 features:0x6676f0:	2	11	0	3	1	1	0	3
0x667700:	1	1	2	0	112	590	0	0
Temporary breakpoint 11 at 0x100139b6
TREE3_VECTOR_RETURN n=6 values:
0x24f7dc0:	85	84	83	83	84	84	85	85
0x24f7dd0:	86	86	86	86
TREE3_SCALAR_ENTRY n=7 tree=0x14bf3b0 features:0x6676f0:	5	25	1	0	3	3	1	4
0x667700:	3	1	2	0	112	590	0	0
Temporary breakpoint 12 at 0x10013984
TREE3_SCALAR_RETURN n=7 value=0
TREE3_VECTOR_ENTRY n=8 tree=0x14bf420 features:0x6676f0:	5	25	1	0	3	3	1	4
0x667700:	3	1	2	0	112	590	0	0
Temporary breakpoint 13 at 0x100139b6
TREE3_VECTOR_RETURN n=8 values:
0x24f7dde:	96	98	100	104	108	112	116	120
0x24f7dee:	122	124	119	113
INDEX_ATTR unit=200614 attr_a=1 category_a=0 attr_b=22 target_b=12 pair_cost=5.88235
INDEX_ATTR unit=116320 attr_a=0 category_a=0 attr_b=20 target_b=12 pair_cost=4
INDEX_ATTR unit=129641 attr_a=0 category_a=0 attr_b=25 target_b=12 pair_cost=9.13513
INDEX_ATTR unit=165351 attr_a=0 category_a=0 attr_b=27 target_b=12 pair_cost=11.5385
INDEX_ATTR unit=178453 attr_a=0 category_a=0 attr_b=20 target_b=12 pair_cost=4
INDEX_ATTR unit=179388 attr_a=0 category_a=0 attr_b=30 target_b=12 pair_cost=15.4286
INDEX_ATTR unit=182880 attr_a=1 category_a=0 attr_b=23 target_b=12 pair_cost=6.91429
INDEX_ATTR unit=189906 attr_a=1 category_a=0 attr_b=20 target_b=12 pair_cost=4
INDEX_ATTR unit=195687 attr_a=1 category_a=0 attr_b=25 target_b=12 pair_cost=9.13513
INDEX_ATTR unit=200525 attr_a=1 category_a=0 attr_b=26 target_b=12 pair_cost=10.3158
INDEX_ATTR unit=204612 attr_a=1 category_a=0 attr_b=23 target_b=12 pair_cost=6.91429
INDEX_ATTR unit=206118 attr_a=1 category_a=0 attr_b=28 target_b=12 pair_cost=12.8
INDEX_ATTR unit=214148 attr_a=1 category_a=0 attr_b=20 target_b=12 pair_cost=4
INDEX_ATTR unit=233533 attr_a=1 category_a=0 attr_b=36 target_b=12 pair_cost=24
INDEX_ATTR unit=245736 attr_a=1 category_a=0 attr_b=22 target_b=12 pair_cost=5.88235
INDEX_ATTR unit=262454 attr_a=1 category_a=0 attr_b=25 target_b=12 pair_cost=9.13513
INDEX_ATTR unit=272822 attr_a=1 category_a=0 attr_b=23 target_b=12 pair_cost=6.91429
INDEX_ATTR unit=273369 attr_a=1 category_a=0 attr_b=27 target_b=12 pair_cost=11.5385
INDEX_ATTR unit=279479 attr_a=3 category_a=100 attr_b=26 target_b=12 pair_cost=10.3158
INDEX_ATTR unit=279484 attr_a=3 category_a=100 attr_b=18 target_b=12 pair_cost=2.4
INDEX_ATTR unit=92183 attr_a=0 category_a=0 attr_b=25 target_b=12 pair_cost=9.13513
INDEX_ATTR unit=52542 attr_a=0 category_a=0 attr_b=33 target_b=12 pair_cost=19.6
INDEX_ATTR unit=51310 attr_a=0 category_a=0 attr_b=22 target_b=12 pair_cost=5.88235
INDEX_ATTR unit=31795 attr_a=0 category_a=0 attr_b=22 target_b=12 pair_cost=5.88235
INDEX_ATTR unit=31347 attr_a=0 category_a=0 attr_b=31 target_b=12 pair_cost=16.7907
INDEX_ATTR unit=28430 attr_a=0 category_a=0 attr_b=24 target_b=12 pair_cost=8
INDEX_ATTR unit=22451 attr_a=0 category_a=0 attr_b=29 target_b=12 pair_cost=14.0976
INDEX_ATTR unit=20499 attr_a=0 category_a=0 attr_b=23 target_b=12 pair_cost=6.91429
INDEX_ATTR unit=2525 attr_a=0 category_a=0 attr_b=24 target_b=12 pair_cost=8
INDEX_ATTR unit=1200 attr_a=0 category_a=0 attr_b=26 target_b=12 pair_cost=10.3158
INDEX_ATTR unit=279484 attr_a=3 category_a=100 attr_b=18 target_b=12 pair_cost=2.4
INDEX_ATTR unit=1200 attr_a=0 category_a=0 attr_b=26 target_b=12 pair_cost=10.3158
INDEX_ATTR unit=2525 attr_a=0 category_a=0 attr_b=24 target_b=12 pair_cost=8
INDEX_ATTR unit=20499 attr_a=0 category_a=0 attr_b=23 target_b=12 pair_cost=6.91429
INDEX_ATTR unit=22451 attr_a=0 category_a=0 attr_b=29 target_b=12 pair_cost=14.0976
INDEX_ATTR unit=28430 attr_a=0 category_a=0 attr_b=24 target_b=12 pair_cost=8
INDEX_ATTR unit=31347 attr_a=0 category_a=0 attr_b=31 target_b=12 pair_cost=16.7907
INDEX_ATTR unit=31795 attr_a=0 category_a=0 attr_b=22 target_b=12 pair_cost=5.88235
INDEX_ATTR unit=51310 attr_a=0 category_a=0 attr_b=22 target_b=12 pair_cost=5.88235
INDEX_ATTR unit=52542 attr_a=0 category_a=0 attr_b=33 target_b=12 pair_cost=19.6
INDEX_ATTR unit=92183 attr_a=0 category_a=0 attr_b=25 target_b=12 pair_cost=9.13513
INDEX_ATTR unit=116320 attr_a=0 category_a=0 attr_b=20 target_b=12 pair_cost=4
INDEX_ATTR unit=129641 attr_a=0 category_a=0 attr_b=25 target_b=12 pair_cost=9.13513
INDEX_ATTR unit=165351 attr_a=0 category_a=0 attr_b=27 target_b=12 pair_cost=11.5385
INDEX_ATTR unit=178453 attr_a=0 category_a=0 attr_b=20 target_b=12 pair_cost=4
INDEX_ATTR unit=179388 attr_a=0 category_a=0 attr_b=30 target_b=12 pair_cost=15.4286
INDEX_ATTR unit=182880 attr_a=1 category_a=0 attr_b=23 target_b=12 pair_cost=6.91429
INDEX_ATTR unit=279479 attr_a=3 category_a=100 attr_b=26 target_b=12 pair_cost=10.3158
INDEX_ATTR unit=273369 attr_a=1 category_a=0 attr_b=27 target_b=12 pair_cost=11.5385
INDEX_ATTR unit=272822 attr_a=1 category_a=0 attr_b=23 target_b=12 pair_cost=6.91429
INDEX_ATTR unit=262454 attr_a=1 category_a=0 attr_b=25 target_b=12 pair_cost=9.13513
INDEX_ATTR unit=245736 attr_a=1 category_a=0 attr_b=22 target_b=12 pair_cost=5.88235
INDEX_ATTR unit=233533 attr_a=1 category_a=0 attr_b=36 target_b=12 pair_cost=24
INDEX_ATTR unit=214148 attr_a=1 category_a=0 attr_b=20 target_b=12 pair_cost=4
INDEX_ATTR unit=206118 attr_a=1 category_a=0 attr_b=28 target_b=12 pair_cost=12.8
INDEX_ATTR unit=204612 attr_a=1 category_a=0 attr_b=23 target_b=12 pair_cost=6.91429
INDEX_ATTR unit=200614 attr_a=1 category_a=0 attr_b=22 target_b=12 pair_cost=5.88235
INDEX_ATTR unit=200525 attr_a=1 category_a=0 attr_b=26 target_b=12 pair_cost=10.3158
INDEX_ATTR unit=195687 attr_a=1 category_a=0 attr_b=25 target_b=12 pair_cost=9.13513
INDEX_ATTR unit=189906 attr_a=1 category_a=0 attr_b=20 target_b=12 pair_cost=4
SELECTED_UNIT n=1 id=273369
SELECTED_UNIT n=2 id=273369
SELECTED_UNIT n=3 id=272152
SELECTED_UNIT n=4 id=272152
SELECTED_UNIT n=5 id=272153
SELECTED_UNIT n=6 id=282025
SELECTED_UNIT n=7 id=282025
TIMELINE_ENTRY n=1 start=0 input_count=7
Temporary breakpoint 14 at 0x1002bde9
TIMELINE_RETURN n=1 records=7
TIMELINE_ROW i=0 words:0x25cde18:	0x00000064	0x00000064	0x000000c8	0x0000041c
0x25cde28:	0x00010000	0x042d8608	0x025fb26c	0x00197135
0x25cde38:	0x004e000c	0x02010086	0x00000000	0x00000000
0x25cde48:	0x00220000
TIMELINE_ROW i=1 words:0x25cde4c:	0x00000064	0x00000064	0x000000c8	0x000001f2
0x25cde5c:	0x00010001	0x042d899e	0x025fb284	0x00197140
0x25cde6c:	0x00860005	0x02020054	0x00000000	0x00000000
0x25cde7c:	0x00220000
TIMELINE_ROW i=2 words:0x25cde80:	0x00000064	0x00000064	0x000000c8	0x0000010a
0x25cde90:	0x00010002	0x041ed730	0x025fb29c	0x00191ceb
0x25cdea0:	0x005c0003	0x02010056	0x00000000	0x00000001
0x25cdeb0:	0x00170000
TIMELINE_ROW i=3 words:0x25cdeb4:	0x00000064	0x00000064	0x000000c8	0x0000014e
0x25cdec4:	0x00010003	0x041ed7e4	0x025fb2b4	0x00191ced
0x25cded4:	0x00560004	0x02020050	0x00000000	0x00000001
0x25cdee4:	0x00170000
TIMELINE_ROW i=4 words:0x25cdee8:	0x00000064	0x00000064	0x000000c8	0x000005ec
0x25cdef8:	0x00010004	0x041ed828	0x025fb2cc	0x00191cf1
0x25cdf08:	0x00500012	0x02000052	0x00000000	0x00000002
0x25cdf18:	0x002b0000
TIMELINE_ROW i=5 words:0x25cdf1c:	0x00000064	0x00000064	0x000000c8	0x0000075e
0x25cdf2c:	0x00030005	0x0046dfc0	0x025fb2e4	0x00019f66
0x25cdf3c:	0x00620013	0x02010066	0x00000000	0x00000003
0x25cdf4c:	0x00300000
TIMELINE_ROW i=6 words:0x25cdf50:	0x00000064	0x00000064	0x000000c8	0x00000c4c
0x25cdf60:	0x00030006	0x0046e6b8	0x025fb2fc	0x00019f78
0x25cdf70:	0x0066002b	0x02020062	0x00000000	0x00000003
0x25cdf80:	0x00300000
[Inferior 1 (Remote target) exited normally]
Wine-gdb> 0114:0118: create process 'Z:\samples\voicetext_kate.exe'/00000000 @004014C0 (450560<1847>)
0114:0118: create thread I @004014C0
0114:0118: loads DLL C:\windows\system32\ntdll.dll @7BD10000 (2994176<5095>)
0114:0118: loads DLL C:\windows\system32\kernel32.dll @7BB90000 (1466368<19395>)
0114:0118: loads DLL C:\windows\system32\kernelbase.dll @7B650000 (5410816<14148>)
0114:0118: loads DLL C:\windows\system32\msvcrt.dll @7B2A0000 (2715648<8214>)
0114:0118: loads DLL Z:\samples\vt_kat.dll @10000000 (0<0>)
0114:0118: loads DLL C:\windows\system32\WINMM.dll @78EC0000 (1474560<4890>)
0114:0118: loads DLL C:\windows\system32\advapi32.dll @7B550000 (958464<7400>)
0114:0118: loads DLL C:\windows\system32\sechost.dll @7B200000 (565248<3163>)
0114:0118: loads DLL C:\windows\system32\ucrtbase.dll @7AEE0000 (3198976<11541>)
0114:0118: loads DLL C:\windows\system32\msacm32.dll @78E40000 (413696<1982>)
0114:0118: loads DLL C:\windows\system32\user32.dll @7A160000 (5005312<14159>)
0114:0118: loads DLL Z:\samples\zlib1.dll @7A120000 (135680<0>)
0114:0118: loads DLL C:\windows\system32\gdi32.dll @7A640000 (2355200<7390>)
0114:0118: loads DLL C:\windows\system32\win32u.dll @7A0D0000 (221184<1966>)
0114:0118: loads DLL C:\windows\system32\ole32.dll @7A9F0000 (4440064<14323>)
0114:0118: loads DLL C:\windows\system32\combase.dll @7A890000 (1314816<7562>)
0114:0118: loads DLL C:\windows\system32\rpcrt4.dll @79EA0000 (2162688<9274>)
0114:0118: loads DLL C:\windows\system32\coml2.dll @79E40000 (262144<3883>)
0114:0118: loads DLL C:\windows\system32\iphlpapi.dll @779C0000 (487424<4777>)
0114:0118: loads DLL C:\windows\system32\dnsapi.dll @77970000 (258048<1399>)
0114:0118: loads DLL C:\windows\system32\nsi.dll @77940000 (118784<823>)
0114:0118: loads DLL C:\windows\system32\ws2_32.dll @7AE40000 (565248<2279>)
0114:0118: loads DLL C:\windows\system32\tzres.dll @009C0000 (0<0>)
00000114:00000118: unload DLL @009C0000
0114:0118: loads DLL C:\windows\system32\tzres.dll @009C0000 (0<0>)
00000114:00000118: unload DLL @009C0000
0114:0118: loads DLL C:\windows\system32\imm32.dll @782F0000 (401408<2996>)
0114:0118: loads DLL C:\windows\system32\winex11.drv @780F0000 (307200<4314>)
0114:0118: loads DLL C:\windows\system32\uxtheme.dll @78030000 (671744<3646>)
00000114:00000118: exit process (0)
X connection to :99 broken (explicit kill or server shutdown).
X connection to :99 broken (explicit kill or server shutdown).
