GNU gdb (Ubuntu 15.1-1ubuntu1~24.04.1) 15.1
Copyright (C) 2024 Free Software Foundation, Inc.
License GPLv3+: GNU GPL version 3 or later <http://gnu.org/licenses/gpl.html>
This is free software: you are free to change and redistribute it.
There is NO WARRANTY, to the extent permitted by law.
Type "show copying" and "show warranty" for details.
This GDB was configured as "x86_64-linux-gnu".
Type "show configuration" for configuration details.
For bug reporting instructions, please see:
<https://www.gnu.org/software/gdb/bugs/>.
Find the GDB manual and other documentation resources online at:
    <http://www.gnu.org/software/gdb/documentation/>.

For help, type "help".
Type "apropos word" to search for commands related to "word".
warning: remote target does not support file transfer, attempting to access files from local filesystem.
Reading symbols from /samples/voicetext_kate.exe...
0x7bd64525 in DbgBreakPoint@0 ()
   from /usr/lib/i386-linux-gnu/wine/i386-windows/ntdll.dll
Wine-gdb> Wine-gdb> Wine-gdb> Wine-gdb> Signal        Stop	Print	Pass to program	Description
SIGSEGV       No	No	Yes		Segmentation fault
Wine-gdb> Wine-gdb> Wine-gdb> Copying output to /work/corpus-parity/stage20/apple-selector-byte0-2013-context4-legacy-top30-2026-09-29/adapted-context4-legacy-top30-gdb.log.
Copying debug output to /work/corpus-parity/stage20/apple-selector-byte0-2013-context4-legacy-top30-2026-09-29/adapted-context4-legacy-top30-gdb.log.
Wine-gdb> Wine-gdb> Wine-gdb> Wine-gdb> Wine-gdb> Hardware assisted breakpoint 1 at 0x10023350
Wine-gdb> >>>>>Wine-gdb> Wine-gdb> Wine-gdb> Wine-gdb> Hardware assisted breakpoint 2 at 0x10023814
Wine-gdb> >> > > > > > > >  >  >  >  >  >   >   >   >    >    >     >     >    >    >   >    >    >   >  >   >   >   >  >  > > > >  >  >  >  > > > > >>>Wine-gdb> Wine-gdb> Hardware assisted breakpoint 3 at 0x1001b200
Wine-gdb> >>> > >>>Wine-gdb> Wine-gdb> Hardware assisted breakpoint 4 at 0x408187
Wine-gdb> >>>>Wine-gdb> Wine-gdb> Continuing.
APPLE_2013_CONTEXT4_BEFORE count=158 ids: 82037 232463 86328 97885 103239 59559 218671 256582 129560 131119 41058 40215 258823 28632 27967 27795 2555 27441 158831 11136 188878 187942 219326 182016 219477 220694 196501 221272 223083 223707 180825 226760 174354 228636 217041 216381 211856 189093 209264 189212 190635 208317 194124 207850 207295 207007 199623 197174 196613 402 231458 261692 262799 265707 265928 267916 268559 270302 274861 275163 275203 276145 276552 276879 277062 277324 277768 278423 258624 258101 235373 236761 238346 245588 249105 249481 250167 251433 251456 251883 252354 253801 253812 256064 256655 257887 173289 168901 39797 42610 44034 44379 49602 52462 56727 58384 59217 62201 62835 63467 65278 72668 73807 74878 38982 38575 1953 2196 6454 8655 9574 9835 11069 15284 18278 24051 27759 31907 32548 34914 36087 37445 77460 77764 134575 137725 139248 139363 142576 147915 149955 150738 157990 158806 160420 160493 161353 162361 162687 163137 134038 130220 126088 123740 110978 108929 106503 102356 97948 93162 92245 88799 84487 82224 81178 78934 77974 280073
APPLE_2013_CONTEXT4_AFTER count=30 ids: 82037 232463 86328 97885 103239 59559 218671 256582 129560 131119 41058 40215 258823 28632 27967 27795 2555 27441 158831 11136 261692 258101 238346 249481 250167 9835 11069 160420 162687 102356
APPLE_2013_CONTEXT4_LEGACY_TOP30_SELECTED n=1 unit=177774
APPLE_2013_CONTEXT4_LEGACY_TOP30_SELECTED n=2 unit=177774
APPLE_2013_CONTEXT4_LEGACY_TOP30_SELECTED n=3 unit=64719
APPLE_2013_CONTEXT4_LEGACY_TOP30_SELECTED n=4 unit=2554
APPLE_2013_CONTEXT4_LEGACY_TOP30_SELECTED n=5 unit=2555
[Inferior 1 (Remote target) exited normally]
Wine-gdb> 0114:0118: create process 'Z:\samples\voicetext_kate.exe'/00000000 @004014C0 (450560<1847>)
0114:0118: create thread I @004014C0
0114:0118: loads DLL C:\windows\system32\ntdll.dll @7BD10000 (2994176<5095>)
0114:0118: loads DLL C:\windows\system32\kernel32.dll @7BB90000 (1466368<19395>)
0114:0118: loads DLL C:\windows\system32\kernelbase.dll @7B650000 (5410816<14148>)
0114:0118: loads DLL C:\windows\system32\msvcrt.dll @7B2A0000 (2715648<8214>)
0114:0118: loads DLL Z:\samples\vt_kat.dll @10000000 (0<0>)
0114:0118: loads DLL C:\windows\system32\WINMM.dll @78EC0000 (1474560<4890>)
0114:0118: loads DLL C:\windows\system32\advapi32.dll @7B550000 (958464<7400>)
0114:0118: loads DLL C:\windows\system32\sechost.dll @7B200000 (565248<3163>)
0114:0118: loads DLL C:\windows\system32\ucrtbase.dll @7AEE0000 (3198976<11541>)
0114:0118: loads DLL C:\windows\system32\msacm32.dll @78E40000 (413696<1982>)
0114:0118: loads DLL C:\windows\system32\user32.dll @7A160000 (5005312<14159>)
0114:0118: loads DLL Z:\samples\zlib1.dll @7A120000 (135680<0>)
0114:0118: loads DLL C:\windows\system32\gdi32.dll @7A640000 (2355200<7390>)
0114:0118: loads DLL C:\windows\system32\win32u.dll @7A0D0000 (221184<1966>)
0114:0118: loads DLL C:\windows\system32\ole32.dll @7A9F0000 (4440064<14323>)
0114:0118: loads DLL C:\windows\system32\combase.dll @7A890000 (1314816<7562>)
0114:0118: loads DLL C:\windows\system32\rpcrt4.dll @79EA0000 (2162688<9274>)
0114:0118: loads DLL C:\windows\system32\coml2.dll @79E40000 (262144<3883>)
0114:0118: loads DLL C:\windows\system32\iphlpapi.dll @779C0000 (487424<4777>)
0114:0118: loads DLL C:\windows\system32\dnsapi.dll @77970000 (258048<1399>)
0114:0118: loads DLL C:\windows\system32\nsi.dll @77940000 (118784<823>)
0114:0118: loads DLL C:\windows\system32\ws2_32.dll @7AE40000 (565248<2279>)
0114:0118: loads DLL C:\windows\system32\tzres.dll @009C0000 (0<0>)
00000114:00000118: unload DLL @009C0000
0114:0118: loads DLL C:\windows\system32\tzres.dll @009C0000 (0<0>)
00000114:00000118: unload DLL @009C0000
0114:0118: loads DLL C:\windows\system32\imm32.dll @782F0000 (401408<2996>)
0114:0118: loads DLL C:\windows\system32\winex11.drv @780F0000 (307200<4314>)
0114:0118: loads DLL C:\windows\system32\uxtheme.dll @78030000 (671744<3646>)
00000114:00000118: exit process (0)
X connection to :99 broken (explicit kill or server shutdown).
X connection to :99 broken (explicit kill or server shutdown).
