Wine-gdb> Already logging to /work/corpus-parity/stage20/hello-repeat-2013-unmarked-prefix-264072/adapted-prefix-edges-gdb.log.
Wine-gdb> Breakpoint 1 at 0x10023331
Wine-gdb> >>>> > > >  >  >   >   >  >  > >>>Wine-gdb> Wine-gdb> Hardware assisted breakpoint 2 at 0x100191bc
Wine-gdb> >>>>>> > > > > > > > >>>Wine-gdb> Wine-gdb> Hardware assisted breakpoint 3 at 0x408187
Wine-gdb> >>>>Wine-gdb> Wine-gdb> Continuing.
UNMARKED_264072_EDGE context=1 current=264072 previous=273369 feature=8.61681 divisor=1 penalty=0 previous_path=4.8 local=11.1502 total=24.567
UNMARKED_264072_EDGE context=1 current=264072 previous=63 feature=22.0066 divisor=1 penalty=0 previous_path=4.8 local=11.1502 total=37.9568
UNMARKED_264072_EDGE context=1 current=264072 previous=268190 feature=8.91623 divisor=1 penalty=0 previous_path=4.8 local=11.1502 total=24.8664
UNMARKED_264072_EDGE context=1 current=264072 previous=267478 feature=10.2543 divisor=1 penalty=0 previous_path=4.8 local=11.1502 total=26.2045
UNMARKED_264072_EDGE context=1 current=264072 previous=264663 feature=16.4365 divisor=1 penalty=0 previous_path=4.8 local=11.1502 total=32.3867
UNMARKED_264072_EDGE context=1 current=264072 previous=264405 feature=12.879 divisor=1 penalty=0 previous_path=4.8 local=11.1502 total=28.8292
UNMARKED_264072_EDGE context=1 current=264072 previous=149799 feature=10.6512 divisor=1 penalty=0 previous_path=4.8 local=11.1502 total=26.6014
UNMARKED_264072_EDGE context=1 current=264072 previous=258594 feature=19.7233 divisor=1 penalty=0 previous_path=4.8 local=11.1502 total=35.6735
UNMARKED_264072_EDGE context=1 current=264072 previous=255501 feature=10.3278 divisor=1 penalty=0 previous_path=4.8 local=11.1502 total=26.278
UNMARKED_264072_EDGE context=1 current=264072 previous=252497 feature=8.50575 divisor=1 penalty=0 previous_path=4.8 local=11.1502 total=24.4559
UNMARKED_264072_EDGE context=1 current=264072 previous=248753 feature=25.4384 divisor=1 penalty=0 previous_path=4.8 local=11.1502 total=41.3886
UNMARKED_264072_EDGE context=1 current=264072 previous=158787 feature=12.3213 divisor=1 penalty=0 previous_path=4.8 local=11.1502 total=28.2715
UNMARKED_264072_EDGE context=1 current=264072 previous=234795 feature=22.5246 divisor=1 penalty=0 previous_path=4.8 local=11.1502 total=38.4747
UNMARKED_264072_EDGE context=1 current=264072 previous=167546 feature=23.3476 divisor=1 penalty=0 previous_path=4.8 local=11.1502 total=39.2977
UNMARKED_264072_EDGE context=1 current=264072 previous=169343 feature=13.2464 divisor=1 penalty=0 previous_path=4.8 local=11.1502 total=29.1965
UNMARKED_264072_EDGE context=1 current=264072 previous=50118 feature=9.26742 divisor=1 penalty=0 previous_path=4.8 local=11.1502 total=25.2176
UNMARKED_264072_EDGE context=1 current=264072 previous=32995 feature=23.1224 divisor=1 penalty=0 previous_path=4.8 local=11.1502 total=39.0726
UNMARKED_264072_EDGE context=1 current=264072 previous=88195 feature=34.1759 divisor=1 penalty=0 previous_path=4.8 local=11.1502 total=50.1261
UNMARKED_264072_EDGE context=1 current=264072 previous=3756 feature=29.295 divisor=1 penalty=0 previous_path=4.8 local=11.1502 total=45.2452
UNMARKED_264072_EDGE context=1 current=264072 previous=5218 feature=18.5296 divisor=1 penalty=0 previous_path=4.8 local=11.1502 total=34.4798
UNMARKED_264072_EDGE context=1 current=264072 previous=25895 feature=18.7311 divisor=1 penalty=0 previous_path=4.8 local=11.1502 total=34.6813
UNMARKED_264072_EDGE context=1 current=264072 previous=6208 feature=13.8298 divisor=1 penalty=0 previous_path=4.8 local=11.1502 total=29.78
UNMARKED_264072_EDGE context=1 current=264072 previous=13531 feature=20.4888 divisor=1 penalty=0 previous_path=4.8 local=11.1502 total=36.439
UNMARKED_264072_EDGE context=1 current=264072 previous=19888 feature=24.6874 divisor=1 penalty=0 previous_path=4.8 local=11.1502 total=40.6376
UNMARKED_264072_EDGE context=1 current=264072 previous=270371 feature=10.3692 divisor=1 penalty=0 previous_path=4.8 local=11.1502 total=26.3194
UNMARKED_264072_EDGE context=1 current=264072 previous=271878 feature=10.2543 divisor=1 penalty=0 previous_path=4.8 local=11.1502 total=26.2045
UNMARKED_264072_EDGE context=1 current=264072 previous=222240 feature=15.1682 divisor=1 penalty=0 previous_path=4.8 local=11.1502 total=31.1183
UNMARKED_264072_EDGE context=1 current=264072 previous=220903 feature=15.9762 divisor=1 penalty=0 previous_path=4.8 local=11.1502 total=31.9264
UNMARKED_264072_EDGE context=1 current=264072 previous=97386 feature=12.717 divisor=1 penalty=0 previous_path=4.8 local=11.1502 total=28.6672
UNMARKED_264072_EDGE context=1 current=264072 previous=211497 feature=24.2351 divisor=1 penalty=0 previous_path=4.8 local=11.1502 total=40.1853
UNMARKED_264072_EDGE context=2 current=264072 previous=13942 feature=14.2253 divisor=1 penalty=5 previous_path=30.1179 local=11.0296 total=60.3727
UNMARKED_264072_EDGE context=2 current=264072 previous=36540 feature=12.3122 divisor=1 penalty=5 previous_path=27.2325 local=11.0296 total=55.5742
UNMARKED_264072_EDGE context=2 current=264072 previous=53487 feature=11.1916 divisor=1 penalty=5 previous_path=22.2927 local=11.0296 total=49.5139
UNMARKED_264072_EDGE context=2 current=264072 previous=96599 feature=10.5958 divisor=1 penalty=5 previous_path=28.5343 local=11.0296 total=55.1596
UNMARKED_264072_EDGE context=2 current=264072 previous=264072 feature=0 divisor=1 penalty=0 previous_path=24.4559 local=11.0296 total=35.4855
UNMARKED_264072_EDGE context=2 current=264072 previous=268760 feature=23.8593 divisor=1 penalty=5 previous_path=23.3993 local=11.0296 total=63.2882
UNMARKED_264072_EDGE context=2 current=264072 previous=272152 feature=6.73257 divisor=1 penalty=5 previous_path=26.5031 local=11.0296 total=49.2653
UNMARKED_264072_EDGE context=2 current=264072 previous=272823 feature=34.3272 divisor=1 penalty=5 previous_path=24.8885 local=11.0296 total=75.2452
UNMARKED_264072_EDGE context=2 current=264072 previous=273370 feature=13.629 divisor=1 penalty=5 previous_path=17.8116 local=11.0296 total=47.4702
UNMARKED_264072_EDGE context=2 current=264072 previous=145101 feature=12.5808 divisor=1 penalty=5 previous_path=22.5356 local=11.0296 total=51.1459
[Inferior 1 (Remote target) exited normally]
Wine-gdb> 