Wine-gdb> Wine-gdb> Wine-gdb> Wine-gdb> Wine-gdb> Breakpoint 1 at 0x10001670
Wine-gdb> >>>>>>>>> > > > >>>Wine-gdb> Wine-gdb> Breakpoint 2 at 0x100016a0
Wine-gdb> >>>>>>>>>> > > > > >>>Wine-gdb> Wine-gdb> Breakpoint 3 at 0x1001b200
Wine-gdb> >>>>>Wine-gdb> Wine-gdb> Breakpoint 4 at 0x1002c220
Wine-gdb> >>>>>>>>> > > > > >  >  >  >  > > >>>Wine-gdb> Wine-gdb> Continuing.
TREE3_SCALAR_ENTRY n=1 tree=0x1470220 features:0x6676bc:	1	1	2	2	1	3	1	1
0x6676cc:	0	0	0	0	0	0	0	4099
Temporary breakpoint 5 at 0x10013086
TREE3_SCALAR_RETURN n=1 value=65
TREE3_SCALAR_ENTRY n=2 tree=0x14bf27c features:0x6676ec:	11	40	20	1	2	1	1	2
0x6676fc:	2	0	2468	590	112	590	1740	590
Temporary breakpoint 6 at 0x1001344e
TREE3_SCALAR_RETURN n=2 value=1815
TREE3_SCALAR_ENTRY n=3 tree=0x14bf2ec features:0x6676ec:	20	11	29	0	2	1	1	2
0x6676fc:	3	0	2468	590	112	590	1742	590
Temporary breakpoint 7 at 0x100134cc
TREE3_SCALAR_RETURN n=3 value=900
TREE3_SCALAR_ENTRY n=4 tree=0x14bf308 features:0x6676ec:	29	20	11	0	2	1	1	2
0x6676fc:	3	0	2468	590	112	590	1744	590
Temporary breakpoint 8 at 0x100134e1
TREE3_SCALAR_RETURN n=4 value=1869
TREE3_SCALAR_ENTRY n=5 tree=0x14bf27c features:0x6676ec:	11	29	20	1	2	1	2	2
0x6676fc:	2	0	2471	590	112	590	1746	590
Temporary breakpoint 9 at 0x1001344e
TREE3_SCALAR_RETURN n=5 value=1685
TREE3_SCALAR_ENTRY n=6 tree=0x14bf2ec features:0x6676ec:	20	11	29	0	2	1	2	2
0x6676fc:	3	0	2471	590	112	590	1748	590
Temporary breakpoint 10 at 0x100134cc
TREE3_SCALAR_RETURN n=6 value=900
TREE3_SCALAR_ENTRY n=7 tree=0x14bf308 features:0x6676ec:	29	20	42	0	2	1	2	2
0x6676fc:	3	0	2471	590	112	590	1750	590
Temporary breakpoint 11 at 0x100134e1
TREE3_SCALAR_RETURN n=7 value=1565
TREE3_SCALAR_ENTRY n=8 tree=0x14bf308 features:0x6676ec:	38	42	18	0	1	1	3	1
0x6676fc:	1	0	3428	590	112	590	2700	590
Temporary breakpoint 12 at 0x100134e1
TREE3_SCALAR_RETURN n=8 value=2030
TREE3_SCALAR_ENTRY n=9 tree=0x14bf298 features:0x6676ec:	18	38	40	1	1	1	3	1
0x6676fc:	2	0	3428	590	112	590	2702	590
Temporary breakpoint 13 at 0x10013466
TREE3_SCALAR_RETURN n=9 value=4225
TREE3_SCALAR_ENTRY n=10 tree=0x14bf378 features:0x6676f0:	0	11	1	3	1	1	0	1
0x667700:	1	2	2	590	112	590	0	0
Temporary breakpoint 14 at 0x10013984
TREE3_SCALAR_RETURN n=10 value=0
TREE3_VECTOR_ENTRY n=11 tree=0x14bf3e8 features:0x6676f0:	0	11	1	3	1	1	0	1
0x667700:	1	2	2	0	112	590	0	0
Temporary breakpoint 15 at 0x100139b6
TREE3_VECTOR_RETURN n=11 values:
0x24f7dc0:	90	89	87	86	84	82	80	78
0x24f7dd0:	77	76	75	74
TREE3_SCALAR_ENTRY n=12 tree=0x14bf378 features:0x6676f0:	0	11	1	1	3	1	1	4
0x667700:	2	2	2	0	112	590	0	0
Temporary breakpoint 16 at 0x10013984
TREE3_SCALAR_RETURN n=12 value=0
TREE3_VECTOR_ENTRY n=13 tree=0x14bf3e8 features:0x6676f0:	0	11	1	1	3	1	1	4
0x667700:	2	2	2	0	112	590	0	0
Temporary breakpoint 17 at 0x100139b6
TREE3_VECTOR_RETURN n=13 values:
0x24f7dde:	70	70	71	72	72	73	74	75
0x24f7dee:	76	76	76	77
TREE3_SCALAR_ENTRY n=14 tree=0x14bf3b0 features:0x6676f0:	2	18	1	3	3	1	0	4
0x667700:	3	1	1	0	112	590	1	0
Temporary breakpoint 18 at 0x10013984
TREE3_SCALAR_RETURN n=14 value=2
TREE3_VECTOR_ENTRY n=15 tree=0x14bf420 features:0x6676f0:	2	18	1	3	3	1	0	4
0x667700:	3	1	1	2	112	590	1	0
Temporary breakpoint 19 at 0x100139b6
TREE3_VECTOR_RETURN n=15 values:
0x24f7dfc:	83	84	85	87	90	94	101	107
0x24f7e0c:	113	118	115	110
SELECTED_UNIT n=1 id=174746
SELECTED_UNIT n=2 id=174746
SELECTED_UNIT n=3 id=85421
SELECTED_UNIT n=4 id=85421
SELECTED_UNIT n=5 id=250415
SELECTED_UNIT n=6 id=256081
SELECTED_UNIT n=7 id=148587
SELECTED_UNIT n=8 id=148587
SELECTED_UNIT n=9 id=153558
SELECTED_UNIT n=10 id=153558
SELECTED_UNIT n=11 id=257205
SELECTED_UNIT n=12 id=20561
SELECTED_UNIT n=13 id=198628
SELECTED_UNIT n=14 id=198628
SELECTED_UNIT n=15 id=251849
SELECTED_UNIT n=16 id=251849
TIMELINE_ENTRY n=1 start=0 input_count=16
Temporary breakpoint 20 at 0x1002bde9
TIMELINE_RETURN n=1 records=16
TIMELINE_ROW i=0 words:0x25cde18:	0x00000064	0x00000064	0x000000c8	0x000001b4
0x25cde28:	0x00000000	0x07deb46c	0x025fb26c	0x002f3e30
0x25cde38:	0x00800005	0x02010054	0x00000000	0x00000000
0x25cde48:	0x00180000
TIMELINE_ROW i=1 words:0x25cde4c:	0x00000064	0x00000064	0x000000c8	0x00000290
0x25cde5c:	0x00000001	0x07deb5cc	0x025fb284	0x002f3e34
0x25cde6c:	0x00540008	0x0202005a	0x00000000	0x00000000
0x25cde7c:	0x00180000
TIMELINE_ROW i=2 words:0x25cde80:	0x00000064	0x00000064	0x000000c8	0x000002ba
0x25cde90:	0x00000002	0x0415691c	0x025fb29c	0x001869fd
0x25cdea0:	0x005a0008	0x02010056	0x00000000	0x00000001
0x25cdeb0:	0x002a0000
TIMELINE_ROW i=3 words:0x25cdeb4:	0x00000064	0x00000064	0x000000c8	0x00000364
0x25cdec4:	0x00000003	0x04156b80	0x025fb2b4	0x00186a04
0x25cded4:	0x0056000b	0x02020050	0x00000000	0x00000001
0x25cdee4:	0x002a0000
TIMELINE_ROW i=4 words:0x25cdee8:	0x00000064	0x00000064	0x000000c8	0x000002ae
0x25cdef8:	0x00010004	0x03009d94	0x025fb2cc	0x001271cd
0x25cdf08:	0x0048000a	0x0201004a	0x00000000	0x00000002
0x25cdf18:	0x00370000
TIMELINE_ROW i=5 words:0x25cdf1c:	0x00000064	0x00000064	0x000000c8	0x0000038c
0x25cdf2c:	0x00010005	0x0352b4b4	0x025fb2e4	0x0014556f
0x25cdf3c:	0x0048000d	0x0202004a	0x00000000	0x00000002
0x25cdf4c:	0x00370000
TIMELINE_ROW i=6 words:0x25cdf50:	0x00000064	0x00000064	0x000000c8	0x00000226
0x25cdf60:	0x00000006	0x06c4bfb8	0x025fb2fc	0x002889d7
0x25cdf70:	0x00460008	0x02010040	0x00000000	0x00000003
0x25cdf80:	0x00180000
TIMELINE_ROW i=7 words:0x25cdf84:	0x00000064	0x00000064	0x000000c8	0x0000037a
0x25cdf94:	0x00000007	0x06c4c19e	0x025fb314	0x002889de
0x25cdfa4:	0x0040000b	0x0202005e	0x00000000	0x00000003
0x25cdfb4:	0x00180000
TIMELINE_ROW i=8 words:0x25cdfb8:	0x00000064	0x00000064	0x000000c8	0x0000034e
0x25cdfc8:	0x00000008	0x06fb1f18	0x025fb32c	0x0029d342
0x25cdfd8:	0x005a0009	0x02010048	0x00000000	0x00000004
0x25cdfe8:	0x002a0000
TIMELINE_ROW i=9 words:0x25cdfec:	0x00000064	0x00000064	0x000000c8	0x0000030a
0x25cdffc:	0x00000009	0x06fb221e	0x025fb344	0x0029d34a
0x25ce00c:	0x0048000b	0x0202004c	0x00000000	0x00000004
0x25ce01c:	0x002a0000
TIMELINE_ROW i=10 words:0x25ce020:	0x00000064	0x00000064	0x000000c8	0x000001d6
0x25ce030:	0x0001000a	0x0363873c	0x025fb35c	0x0014bb1e
0x25ce040:	0x004a0006	0x02010054	0x00000000	0x00000005
0x25ce050:	0x00370000
TIMELINE_ROW i=11 words:0x25ce054:	0x00000064	0x00000064	0x000000c8	0x00000296
0x25ce064:	0x0000000b	0x010b43fe	0x025fb374	0x000632bb
0x25ce074:	0x00560008	0x02020052	0x00000000	0x00000005
0x25ce084:	0x00370000
TIMELINE_ROW i=12 words:0x25ce088:	0x00000064	0x00000064	0x000000c8	0x00000176
0x25ce098:	0x0001000c	0x00c63b48	0x025fb38c	0x0004d382
0x25ce0a8:	0x00480005	0x0201004c	0x00000001	0x00000000
0x25ce0b8:	0x00440000
TIMELINE_ROW i=13 words:0x25ce0bc:	0x00000064	0x00000064	0x000000c8	0x00000140
0x25ce0cc:	0x0001000d	0x00c63c72	0x025fb3a4	0x0004d386
0x25ce0dc:	0x004c0004	0x02020052	0x00000001	0x00000000
0x25ce0ec:	0x00440000
TIMELINE_ROW i=14 words:0x25ce0f0:	0x00000064	0x00000064	0x000000c8	0x00000336
0x25ce100:	0x0001000e	0x03117d48	0x025fb3bc	0x0012d6a2
0x25ce110:	0x004e000a	0x0201005c	0x00000001	0x00000001
0x25ce120:	0x00270000
TIMELINE_ROW i=15 words:0x25ce124:	0x00000064	0x00000064	0x000000c8	0x0000030c
0x25ce134:	0x0001000f	0x03118022	0x025fb3d4	0x0012d6ab
0x25ce144:	0x005c0009	0x02020048	0x00000001	0x00000001
0x25ce154:	0x00270000
SELECTED_UNIT n=17 id=256081
SELECTED_UNIT n=18 id=250415
SELECTED_UNIT n=19 id=20561
SELECTED_UNIT n=20 id=257205
[Inferior 1 (Remote target) exited normally]
Wine-gdb> 