GNU gdb (Ubuntu 15.1-1ubuntu1~24.04.1) 15.1
Copyright (C) 2024 Free Software Foundation, Inc.
License GPLv3+: GNU GPL version 3 or later <http://gnu.org/licenses/gpl.html>
This is free software: you are free to change and redistribute it.
There is NO WARRANTY, to the extent permitted by law.
Type "show copying" and "show warranty" for details.
This GDB was configured as "x86_64-linux-gnu".
Type "show configuration" for configuration details.
For bug reporting instructions, please see:
<https://www.gnu.org/software/gdb/bugs/>.
Find the GDB manual and other documentation resources online at:
    <http://www.gnu.org/software/gdb/documentation/>.

For help, type "help".
Type "apropos word" to search for commands related to "word".
warning: remote target does not support file transfer, attempting to access files from local filesystem.
Reading symbols from /probe/probe-original-kate-2006.exe...
0x7bd64525 in DbgBreakPoint@0 ()
   from /usr/lib/i386-linux-gnu/wine/i386-windows/ntdll.dll
Wine-gdb> Wine-gdb> Wine-gdb> Wine-gdb> Signal        Stop	Print	Pass to program	Description
SIGSEGV       No	No	Yes		Segmentation fault
Wine-gdb> Wine-gdb> Wine-gdb> Copying output to /work/corpus-parity/stage20/apple-plain-features-v3-gdb.log.
Copying debug output to /work/corpus-parity/stage20/apple-plain-features-v3-gdb.log.
Wine-gdb> Already logging to /work/corpus-parity/stage20/apple-plain-features-v3-gdb.log.
Wine-gdb> Breakpoint 1 at 0x408187
Wine-gdb> >>>>> > > >  >  >  >  >  >  >  >  >  >  >   >   >   >   >   >   >    >    >    >    >    >    >   >   >   >  > > >>>>Wine-gdb> Wine-gdb> Continuing.
APPLE_OLD_FEATURE_TRACE_READY
Breakpoint 2 at 0x1001da80
APPLE_OLD_CLASS_LOOKUP slot=0 mode=1 key:0x26f0834:	90	5	71	30	30
Temporary breakpoint 3 at 0x1001e012
APPLE_OLD_CLASS_RETURN slot=0 appended=2 total=2 ids: 51804
APPLE_OLD_CLASS_FEATURE id=51804:0x2225384:	90	5	53	30	30	71	0
 51804
APPLE_OLD_CLASS_FEATURE id=51804:0x2225384:	90	5	53	30	30	71	0

APPLE_OLD_CLASS_LOOKUP slot=2 mode=1 key:0x26f0839:	5	71	7	0	0
Temporary breakpoint 4 at 0x1001e012
APPLE_OLD_CLASS_RETURN slot=2 appended=48 total=3 ids: 10816
APPLE_OLD_CLASS_FEATURE id=10816:0x21df2c0:	1	71	7	0	0	7	5
 5341
APPLE_OLD_CLASS_FEATURE id=5341:0x21d5d0b:	1	53	7	0	0	7	2
 5342
APPLE_OLD_CLASS_FEATURE id=5342:0x21d5d12:	1	53	7	0	0	7	7

APPLE_OLD_CLASS_LOOKUP slot=3 mode=1 key:0x26f083e:	71	7	43	0	4
Temporary breakpoint 5 at 0x1001e012
APPLE_OLD_CLASS_RETURN slot=3 appended=20 total=1 ids: 49605
APPLE_OLD_CLASS_FEATURE id=49605:0x2221763:	71	7	43	0	4	43	71

APPLE_OLD_CLASS_LOOKUP slot=4 mode=1 key:0x26f0843:	7	43	90	4	4
Temporary breakpoint 6 at 0x1001e012
APPLE_OLD_CLASS_RETURN slot=4 appended=157 total=1 ids: 12253
APPLE_OLD_CLASS_FEATURE id=12253:0x21e1a0b:	7	43	90	4	4	0	7

APPLE_OLD_CLASS_LOOKUP slot=0 mode=1 key:0x26f0834:	90	5	71	30	30
Temporary breakpoint 7 at 0x1001e012
APPLE_OLD_CLASS_RETURN slot=0 appended=2 total=2 ids: 51804
APPLE_OLD_CLASS_FEATURE id=51804:0x2225384:	90	5	53	30	30	71	0
 51804
APPLE_OLD_CLASS_FEATURE id=51804:0x2225384:	90	5	53	30	30	71	0

APPLE_OLD_CLASS_LOOKUP slot=2 mode=1 key:0x26f0839:	5	71	7	0	0
Temporary breakpoint 8 at 0x1001e012
APPLE_OLD_CLASS_RETURN slot=2 appended=48 total=3 ids: 10816
APPLE_OLD_CLASS_FEATURE id=10816:0x21df2c0:	1	71	7	0	0	7	5
 5341
APPLE_OLD_CLASS_FEATURE id=5341:0x21d5d0b:	1	53	7	0	0	7	2
 5342
APPLE_OLD_CLASS_FEATURE id=5342:0x21d5d12:	1	53	7	0	0	7	7

APPLE_OLD_CLASS_LOOKUP slot=3 mode=1 key:0x26f083e:	71	7	43	0	4
Temporary breakpoint 9 at 0x1001e012
APPLE_OLD_CLASS_RETURN slot=3 appended=20 total=1 ids: 49605
APPLE_OLD_CLASS_FEATURE id=49605:0x2221763:	71	7	43	0	4	43	71

APPLE_OLD_CLASS_LOOKUP slot=4 mode=1 key:0x26f0843:	7	43	90	4	4
Temporary breakpoint 10 at 0x1001e012
APPLE_OLD_CLASS_RETURN slot=4 appended=157 total=1 ids: 12253
APPLE_OLD_CLASS_FEATURE id=12253:0x21e1a0b:	7	43	90	4	4	0	7

APPLE_OLD_CLASS_LOOKUP slot=0 mode=1 key:0x26f0834:	90	5	71	30	30
Temporary breakpoint 11 at 0x1001e012
APPLE_OLD_CLASS_RETURN slot=0 appended=2 total=2 ids: 51804
APPLE_OLD_CLASS_FEATURE id=51804:0x2225384:	90	5	53	30	30	71	0
 51804
APPLE_OLD_CLASS_FEATURE id=51804:0x2225384:	90	5	53	30	30	71	0

APPLE_OLD_CLASS_LOOKUP slot=2 mode=1 key:0x26f0839:	5	71	7	0	0
Temporary breakpoint 12 at 0x1001e012
APPLE_OLD_CLASS_RETURN slot=2 appended=48 total=3 ids: 10816
APPLE_OLD_CLASS_FEATURE id=10816:0x21df2c0:	1	71	7	0	0	7	5
 5341
APPLE_OLD_CLASS_FEATURE id=5341:0x21d5d0b:	1	53	7	0	0	7	2
 5342
APPLE_OLD_CLASS_FEATURE id=5342:0x21d5d12:	1	53	7	0	0	7	7

APPLE_OLD_CLASS_LOOKUP slot=3 mode=1 key:0x26f083e:	71	7	43	0	4
Temporary breakpoint 13 at 0x1001e012
APPLE_OLD_CLASS_RETURN slot=3 appended=20 total=1 ids: 49605
APPLE_OLD_CLASS_FEATURE id=49605:0x2221763:	71	7	43	0	4	43	71

APPLE_OLD_CLASS_LOOKUP slot=4 mode=1 key:0x26f0843:	7	43	90	4	4
Temporary breakpoint 14 at 0x1001e012
APPLE_OLD_CLASS_RETURN slot=4 appended=157 total=1 ids: 12253
APPLE_OLD_CLASS_FEATURE id=12253:0x21e1a0b:	7	43	90	4	4	0	7

warning: Temporarily disabling breakpoints for unloaded shared library "/samples/vt_kat.dll"
[Inferior 1 (Remote target) exited normally]
Wine-gdb> 0118:011c: create process 'Z:\probe\probe-original-kate-2006.exe'/00000000 @004013E0 (204288<1830>)
0118:011c: create thread I @004013E0
0118:011c: loads DLL C:\windows\system32\ntdll.dll @7BD10000 (2994176<5095>)
0118:011c: loads DLL C:\windows\system32\kernel32.dll @7BB90000 (1466368<19395>)
0118:011c: loads DLL C:\windows\system32\kernelbase.dll @7B650000 (5410816<14148>)
0118:011c: loads DLL C:\windows\system32\msvcrt.dll @7B2A0000 (2715648<8214>)
0118:011c: loads DLL C:\windows\system32\tzres.dll @10000000 (0<0>)
00000118:0000011c: unload DLL @10000000
0118:011c: loads DLL C:\windows\system32\tzres.dll @10000000 (0<0>)
00000118:0000011c: unload DLL @10000000
0118:011c: loads DLL Z:\samples\vt_kat.dll @10000000 (0<0>)
0118:011c: loads DLL C:\windows\system32\WINMM.dll @78CC0000 (1474560<4890>)
0118:011c: loads DLL C:\windows\system32\advapi32.dll @7B550000 (958464<7400>)
0118:011c: loads DLL C:\windows\system32\sechost.dll @7B200000 (565248<3163>)
0118:011c: loads DLL C:\windows\system32\ucrtbase.dll @7AEE0000 (3198976<11541>)
0118:011c: loads DLL C:\windows\system32\msacm32.dll @78C40000 (413696<1982>)
0118:011c: loads DLL C:\windows\system32\user32.dll @7A160000 (5005312<14159>)
0118:011c: loads DLL C:\windows\system32\zlib1.dll @7A120000 (135680<0>)
0118:011c: loads DLL C:\windows\system32\gdi32.dll @7A640000 (2355200<7390>)
0118:011c: loads DLL C:\windows\system32\win32u.dll @7A0D0000 (221184<1966>)
0118:011c: loads DLL C:\windows\system32\ole32.dll @7A9F0000 (4440064<14323>)
0118:011c: loads DLL C:\windows\system32\combase.dll @7A890000 (1314816<7562>)
0118:011c: loads DLL C:\windows\system32\rpcrt4.dll @79EA0000 (2162688<9274>)
0118:011c: loads DLL C:\windows\system32\coml2.dll @79E40000 (262144<3883>)
0118:011c: loads DLL C:\windows\system32\iphlpapi.dll @779C0000 (487424<4777>)
0118:011c: loads DLL C:\windows\system32\dnsapi.dll @77970000 (258048<1399>)
0118:011c: loads DLL C:\windows\system32\nsi.dll @77940000 (118784<823>)
0118:011c: loads DLL C:\windows\system32\ws2_32.dll @7AE40000 (565248<2279>)
0118:011c: loads DLL C:\windows\system32\imm32.dll @782F0000 (401408<2996>)
0118:011c: loads DLL C:\windows\system32\winex11.drv @780F0000 (307200<4314>)
0118:011c: loads DLL C:\windows\system32\uxtheme.dll @77EF0000 (671744<3646>)
00000118:0000011c: unload DLL @10000000
00000118:0000011c: unload DLL @779C0000
00000118:0000011c: unload DLL @7AE40000
00000118:0000011c: unload DLL @77940000
00000118:0000011c: unload DLL @77970000
00000118:0000011c: unload DLL @78CC0000
00000118:0000011c: unload DLL @7A9F0000
00000118:0000011c: unload DLL @79E40000
00000118:0000011c: unload DLL @7A890000
00000118:0000011c: unload DLL @79EA0000
00000118:0000011c: unload DLL @78C40000
00000118:0000011c: exit process (0)
