GNU gdb (Ubuntu 15.1-1ubuntu1~24.04.1) 15.1
Copyright (C) 2024 Free Software Foundation, Inc.
License GPLv3+: GNU GPL version 3 or later <http://gnu.org/licenses/gpl.html>
This is free software: you are free to change and redistribute it.
There is NO WARRANTY, to the extent permitted by law.
Type "show copying" and "show warranty" for details.
This GDB was configured as "x86_64-linux-gnu".
Type "show configuration" for configuration details.
For bug reporting instructions, please see:
<https://www.gnu.org/software/gdb/bugs/>.
Find the GDB manual and other documentation resources online at:
    <http://www.gnu.org/software/gdb/documentation/>.

For help, type "help".
Type "apropos word" to search for commands related to "word".
warning: remote target does not support file transfer, attempting to access files from local filesystem.
Reading symbols from /samples/voicetext_kate.exe...
0x7bd64525 in DbgBreakPoint@0 ()
   from /usr/lib/i386-linux-gnu/wine/i386-windows/ntdll.dll
Wine-gdb> Wine-gdb> Wine-gdb> Wine-gdb> Signal        Stop	Print	Pass to program	Description
SIGSEGV       No	No	Yes		Segmentation fault
Wine-gdb> Signal        Stop	Print	Pass to program	Description
SIGSEGV       No	No	Yes		Segmentation fault
Wine-gdb> Breakpoint 1 at 0x100235f6
Wine-gdb> >>>>>>>>> > > >  >  >   >   >  > > >>>> > > >  >  >  >  >  >  >  > > >>> > > > > > > > >>>Wine-gdb> Wine-gdb> Hardware assisted breakpoint 2 at 0x408187
Wine-gdb> >>>>Wine-gdb> Wine-gdb> Hardware assisted breakpoint 3 at 0x1001b200
Wine-gdb> >>>>Wine-gdb> Wine-gdb> Continuing.
POSITION_WEIGHTED_COVERAGE position=0 count=30 nonzero=0 max=0
POSITION_WEIGHTED_TOP position=0 index=0 id=1200 rank_term=-1 fields_c_e_10=0,1,0
POSITION_WEIGHTED_TOP position=0 index=1 id=279479 rank_term=-1 fields_c_e_10=0,1,0
POSITION_WEIGHTED_TOP position=0 index=2 id=273369 rank_term=-1 fields_c_e_10=0,1,0
POSITION_WEIGHTED_TOP position=0 index=3 id=272822 rank_term=-1 fields_c_e_10=0,1,0
POSITION_WEIGHTED_TOP position=0 index=4 id=262454 rank_term=-1 fields_c_e_10=0,1,0
POSITION_WEIGHTED_TOP position=0 index=5 id=245736 rank_term=-1 fields_c_e_10=0,1,0
POSITION_WEIGHTED_TOP position=0 index=6 id=233533 rank_term=-1 fields_c_e_10=0,1,0
POSITION_WEIGHTED_TOP position=0 index=7 id=214148 rank_term=-1 fields_c_e_10=0,1,0
POSITION_WEIGHTED_TOP position=0 index=8 id=206118 rank_term=-1 fields_c_e_10=0,1,0
POSITION_WEIGHTED_TOP position=0 index=9 id=204612 rank_term=-1 fields_c_e_10=0,1,0
POSITION_WEIGHTED_TOP position=0 index=10 id=200614 rank_term=-1 fields_c_e_10=0,1,0
POSITION_WEIGHTED_TOP position=0 index=11 id=200525 rank_term=-1 fields_c_e_10=0,1,0
POSITION_WEIGHTED_COVERAGE position=1 count=232 nonzero=0 max=0
POSITION_WEIGHTED_TOP position=1 index=0 id=85447 rank_term=-2 fields_c_e_10=1,2,0
POSITION_WEIGHTED_TOP position=1 index=1 id=145016 rank_term=-2 fields_c_e_10=1,2,0
POSITION_WEIGHTED_TOP position=1 index=2 id=4101 rank_term=-2 fields_c_e_10=1,2,0
POSITION_WEIGHTED_TOP position=1 index=3 id=12506 rank_term=-2 fields_c_e_10=1,2,0
POSITION_WEIGHTED_TOP position=1 index=4 id=84093 rank_term=-2 fields_c_e_10=1,2,0
POSITION_WEIGHTED_TOP position=1 index=5 id=64686 rank_term=-2 fields_c_e_10=1,2,0
POSITION_WEIGHTED_TOP position=1 index=6 id=90566 rank_term=-2 fields_c_e_10=1,2,0
POSITION_WEIGHTED_TOP position=1 index=7 id=246530 rank_term=-2 fields_c_e_10=1,2,0
POSITION_WEIGHTED_TOP position=1 index=8 id=132120 rank_term=-1 fields_c_e_10=0,1,0
POSITION_WEIGHTED_TOP position=1 index=9 id=97648 rank_term=-1 fields_c_e_10=0,1,0
POSITION_WEIGHTED_TOP position=1 index=10 id=89340 rank_term=-1 fields_c_e_10=0,1,0
POSITION_WEIGHTED_TOP position=1 index=11 id=83355 rank_term=-1 fields_c_e_10=0,1,0
POSITION_WEIGHTED_COVERAGE position=2 count=16 nonzero=0 max=0
POSITION_WEIGHTED_TOP position=2 index=0 id=12507 rank_term=-2 fields_c_e_10=0,2,0
POSITION_WEIGHTED_TOP position=2 index=1 id=85448 rank_term=-2 fields_c_e_10=0,2,0
POSITION_WEIGHTED_TOP position=2 index=2 id=64687 rank_term=-2 fields_c_e_10=0,2,0
POSITION_WEIGHTED_TOP position=2 index=3 id=90567 rank_term=-2 fields_c_e_10=0,2,0
POSITION_WEIGHTED_TOP position=2 index=4 id=145017 rank_term=-2 fields_c_e_10=0,2,0
POSITION_WEIGHTED_TOP position=2 index=5 id=246531 rank_term=-2 fields_c_e_10=0,2,0
POSITION_WEIGHTED_TOP position=2 index=6 id=4102 rank_term=-2 fields_c_e_10=0,2,0
POSITION_WEIGHTED_TOP position=2 index=7 id=84094 rank_term=-2 fields_c_e_10=0,2,0
POSITION_WEIGHTED_TOP position=2 index=8 id=281932 rank_term=-2 fields_c_e_10=1,2,0
POSITION_WEIGHTED_TOP position=2 index=9 id=141537 rank_term=-1 fields_c_e_10=0,1,0
POSITION_WEIGHTED_TOP position=2 index=10 id=183816 rank_term=-1 fields_c_e_10=0,1,0
POSITION_WEIGHTED_TOP position=2 index=11 id=92750 rank_term=-1 fields_c_e_10=0,1,0
POSITION_WEIGHTED_COVERAGE position=3 count=13 nonzero=0 max=0
POSITION_WEIGHTED_TOP position=3 index=0 id=281932 rank_term=-2 fields_c_e_10=0,2,0
POSITION_WEIGHTED_TOP position=3 index=1 id=269347 rank_term=-1 fields_c_e_10=0,1,0
POSITION_WEIGHTED_TOP position=3 index=2 id=282426 rank_term=-1 fields_c_e_10=0,1,0
POSITION_WEIGHTED_TOP position=3 index=3 id=43632 rank_term=-1 fields_c_e_10=0,1,0
POSITION_WEIGHTED_TOP position=3 index=4 id=210571 rank_term=-1 fields_c_e_10=0,1,0
POSITION_WEIGHTED_TOP position=3 index=5 id=45 rank_term=-1 fields_c_e_10=0,1,0
POSITION_WEIGHTED_TOP position=3 index=6 id=27998 rank_term=-1 fields_c_e_10=0,1,0
POSITION_WEIGHTED_TOP position=3 index=7 id=282470 rank_term=-1 fields_c_e_10=0,1,0
POSITION_WEIGHTED_TOP position=3 index=8 id=282189 rank_term=-1 fields_c_e_10=0,1,0
POSITION_WEIGHTED_TOP position=3 index=9 id=139767 rank_term=-1 fields_c_e_10=0,1,0
POSITION_WEIGHTED_TOP position=3 index=10 id=27432 rank_term=-1 fields_c_e_10=0,1,0
POSITION_WEIGHTED_TOP position=3 index=11 id=240647 rank_term=-1 fields_c_e_10=0,1,0
POSITION_SELECTED_UNIT id=178453
POSITION_SELECTED_UNIT id=132545
POSITION_SELECTED_UNIT id=281932
POSITION_SELECTED_UNIT id=281932
POSITION_SELECTED_UNIT id=132545
POSITION_SELECTED_UNIT id=178453
POSITION_SELECTED_UNIT id=132546
[Inferior 1 (Remote target) exited normally]
Wine-gdb> 0114:0118: create process 'Z:\samples\voicetext_kate.exe'/00000000 @004014C0 (450560<1847>)
0114:0118: create thread I @004014C0
0114:0118: loads DLL C:\windows\system32\ntdll.dll @7BD10000 (2994176<5095>)
0114:0118: loads DLL C:\windows\system32\kernel32.dll @7BB90000 (1466368<19395>)
0114:0118: loads DLL C:\windows\system32\kernelbase.dll @7B650000 (5410816<14148>)
0114:0118: loads DLL C:\windows\system32\msvcrt.dll @7B2A0000 (2715648<8214>)
0114:0118: loads DLL Z:\samples\vt_kat.dll @10000000 (0<0>)
0114:0118: loads DLL C:\windows\system32\WINMM.dll @78EC0000 (1474560<4890>)
0114:0118: loads DLL C:\windows\system32\advapi32.dll @7B550000 (958464<7400>)
0114:0118: loads DLL C:\windows\system32\sechost.dll @7B200000 (565248<3163>)
0114:0118: loads DLL C:\windows\system32\ucrtbase.dll @7AEE0000 (3198976<11541>)
0114:0118: loads DLL C:\windows\system32\msacm32.dll @78E40000 (413696<1982>)
0114:0118: loads DLL C:\windows\system32\user32.dll @7A160000 (5005312<14159>)
0114:0118: loads DLL Z:\samples\zlib1.dll @7A120000 (135680<0>)
0114:0118: loads DLL C:\windows\system32\gdi32.dll @7A640000 (2355200<7390>)
0114:0118: loads DLL C:\windows\system32\win32u.dll @7A0D0000 (221184<1966>)
0114:0118: loads DLL C:\windows\system32\ole32.dll @7A9F0000 (4440064<14323>)
0114:0118: loads DLL C:\windows\system32\combase.dll @7A890000 (1314816<7562>)
0114:0118: loads DLL C:\windows\system32\rpcrt4.dll @79EA0000 (2162688<9274>)
0114:0118: loads DLL C:\windows\system32\coml2.dll @79E40000 (262144<3883>)
0114:0118: loads DLL C:\windows\system32\iphlpapi.dll @779C0000 (487424<4777>)
0114:0118: loads DLL C:\windows\system32\dnsapi.dll @77970000 (258048<1399>)
0114:0118: loads DLL C:\windows\system32\nsi.dll @77940000 (118784<823>)
0114:0118: loads DLL C:\windows\system32\ws2_32.dll @7AE40000 (565248<2279>)
0114:0118: loads DLL C:\windows\system32\tzres.dll @009C0000 (0<0>)
00000114:00000118: unload DLL @009C0000
0114:0118: loads DLL C:\windows\system32\tzres.dll @009C0000 (0<0>)
00000114:00000118: unload DLL @009C0000
0114:0118: loads DLL C:\windows\system32\imm32.dll @782F0000 (401408<2996>)
0114:0118: loads DLL C:\windows\system32\winex11.drv @780F0000 (307200<4314>)
0114:0118: loads DLL C:\windows\system32\uxtheme.dll @77FF0000 (671744<3646>)
00000114:00000118: exit process (0)
X connection to :99 broken (explicit kill or server shutdown).
X connection to :99 broken (explicit kill or server shutdown).
