Wine-gdb> Already logging to /work/corpus-parity/stage20/hi-2013-feature-context-gate/adapted-feature-swap-gdb.log.
Wine-gdb> Wine-gdb> Breakpoint 1 at 0x10024060
Wine-gdb> >>>>>> > >  >  >  > > >>>Wine-gdb> Wine-gdb> Breakpoint 2 at 0x10023060
Wine-gdb> >>> > > > > > >  >  >  >  > >>>Wine-gdb> Wine-gdb> Wine-gdb> Wine-gdb> Breakpoint 3 at 0x100182e0
Wine-gdb> >>> > > > > > > > > > > > > >  >  >  >  >  >  > >>>Wine-gdb> Wine-gdb> Wine-gdb> Breakpoint 4 at 0x1001b200
Wine-gdb> >>> > >>>Wine-gdb> Wine-gdb> Hardware assisted breakpoint 5 at 0x408187
Wine-gdb> >>>>Wine-gdb> Wine-gdb> Continuing.
Temporary breakpoint 6 at 0x10024808
Temporary breakpoint 7 at 0x10024271
Temporary breakpoint 8 at 0x10024808
Temporary breakpoint 9 at 0x10024271
HI_FEATURE_CONTEXT_GATE_CUTOFF_OVERRIDE slot=1 sum=9
HI_FEATURE_CONTEXT_GATE_INPUT unit=272820 context=00,00,00,00,00,01 target=1b,0c,0c,00,f4,76,66
HI_FEATURE_CONTEXT_GATE_SWAP_ENTRY unit=272820 pair=272820,65331 values=77,81
Temporary breakpoint 10 at 0x1002389a
HI_FEATURE_CONTEXT_GATE_SWAP_RETURN unit=272820 score=10.8
HI_FEATURE_CONTEXT_GATE_INPUT unit=65331 context=00,00,00,00,00,01 target=1b,0c,0c,00,f4,76,66
HI_FEATURE_CONTEXT_GATE_SWAP_ENTRY unit=65331 pair=272820,65331 values=77,81
Temporary breakpoint 11 at 0x1002389a
HI_FEATURE_CONTEXT_GATE_SWAP_RETURN unit=65331 score=10.8
HI_FEATURE_CONTEXT_GATE_SELECTED n=1 id=272820
HI_FEATURE_CONTEXT_GATE_SELECTED n=2 id=272821
[Inferior 1 (Remote target) exited normally]
Wine-gdb> 