GNU gdb (Ubuntu 15.1-1ubuntu1~24.04.1) 15.1
Copyright (C) 2024 Free Software Foundation, Inc.
License GPLv3+: GNU GPL version 3 or later <http://gnu.org/licenses/gpl.html>
This is free software: you are free to change and redistribute it.
There is NO WARRANTY, to the extent permitted by law.
Type "show copying" and "show warranty" for details.
This GDB was configured as "x86_64-linux-gnu".
Type "show configuration" for configuration details.
For bug reporting instructions, please see:
<https://www.gnu.org/software/gdb/bugs/>.
Find the GDB manual and other documentation resources online at:
    <http://www.gnu.org/software/gdb/documentation/>.

For help, type "help".
Type "apropos word" to search for commands related to "word".
warning: remote target does not support file transfer, attempting to access files from local filesystem.
Reading symbols from /probe/probe-original-kate-2006.exe...
0x7bd64525 in DbgBreakPoint@0 ()
   from /usr/lib/i386-linux-gnu/wine/i386-windows/ntdll.dll
Wine-gdb> Wine-gdb> Wine-gdb> Wine-gdb> Signal        Stop	Print	Pass to program	Description
SIGSEGV       No	No	Yes		Segmentation fault
Wine-gdb> Wine-gdb> Wine-gdb> Copying output to /probe/stage20/legacy-map-comparison/legacy-class-span-gdb.log.
Copying debug output to /probe/stage20/legacy-map-comparison/legacy-class-span-gdb.log.
Wine-gdb> Wine-gdb> Wine-gdb> Hardware assisted breakpoint 1 at 0x1001cd60
Wine-gdb> >>> > > > > > > > > > >  >  >  > > > > > >  >  >  >  >  >  >  >   >   >   >   >  >  > >>>Wine-gdb> Wine-gdb> Breakpoint 2 at 0x408187
Wine-gdb> >>>>Wine-gdb> Wine-gdb> Continuing.
LEGACY_CLASS_SPAN_TRACE_READY
LEGACY_TARGET_CLASS_POOL position=0 count=4 classes=52164 52165 52166 52167 
LEGACY_MODEL_TABLE_30 position=0 272822->52165 272823->32401 272824->25383 272825->37302
LEGACY_MODEL_UNIT_FLAGS position=0 272822=0x1 272823=0x1 272824=0x1 272825=0
Hardware assisted breakpoint 3 at 0x1001d289
LEGACY_SPAN_RESULT position=0 candidates=75
LEGACY_SPAN_CANDIDATE index=0 unit=272822 span=4 left=0 right=3
LEGACY_SPAN_CANDIDATE index=1 unit=273369 span=3 left=0 right=2
LEGACY_SPAN_CANDIDATE index=2 unit=92183 span=1 left=0 right=0
LEGACY_SPAN_CANDIDATE index=3 unit=52542 span=1 left=0 right=0
LEGACY_SPAN_CANDIDATE index=4 unit=51310 span=1 left=0 right=0
LEGACY_SPAN_CANDIDATE index=5 unit=31795 span=1 left=0 right=0
LEGACY_SPAN_CANDIDATE index=6 unit=31347 span=1 left=0 right=0
LEGACY_SPAN_CANDIDATE index=7 unit=22451 span=1 left=0 right=0
LEGACY_SPAN_CANDIDATE index=8 unit=20499 span=1 left=0 right=0
LEGACY_SPAN_CANDIDATE index=9 unit=1200 span=1 left=0 right=0
LEGACY_SPAN_CANDIDATE index=10 unit=63 span=1 left=0 right=0
LEGACY_SPAN_CANDIDATE index=11 unit=271915 span=1 left=0 right=0
LEGACY_TARGET_CLASS_POOL position=1 count=2 classes=32400 32401 
LEGACY_MODEL_TABLE_30 position=1 272822->52165 272823->32401 272824->25383 272825->37302
LEGACY_MODEL_UNIT_FLAGS position=1 272822=0x1 272823=0x1 272824=0x1 272825=0
Hardware assisted breakpoint 4 at 0x1001d289
LEGACY_SPAN_RESULT position=1 candidates=9
LEGACY_SPAN_CANDIDATE index=0 unit=272823 span=4 left=1 right=2
LEGACY_SPAN_CANDIDATE index=1 unit=273370 span=3 left=1 right=1
LEGACY_SPAN_CANDIDATE index=2 unit=264072 span=3 left=0 right=2
LEGACY_SPAN_CANDIDATE index=3 unit=13942 span=2 left=0 right=1
LEGACY_SPAN_CANDIDATE index=4 unit=272152 span=2 left=0 right=1
LEGACY_SPAN_CANDIDATE index=5 unit=36540 span=1 left=0 right=0
LEGACY_SPAN_CANDIDATE index=6 unit=53487 span=1 left=0 right=0
LEGACY_SPAN_CANDIDATE index=7 unit=96599 span=1 left=0 right=0
LEGACY_SPAN_CANDIDATE index=8 unit=268760 span=1 left=0 right=0
LEGACY_TARGET_CLASS_POOL position=2 count=1 classes=25383 
LEGACY_MODEL_TABLE_30 position=2 272822->52165 272823->32401 272824->25383 272825->37302
LEGACY_MODEL_UNIT_FLAGS position=2 272822=0x1 272823=0x1 272824=0x1 272825=0
Hardware assisted breakpoint 5 at 0x1001d289
LEGACY_SPAN_RESULT position=2 candidates=5
LEGACY_SPAN_CANDIDATE index=0 unit=272824 span=4 left=2 right=1
LEGACY_SPAN_CANDIDATE index=1 unit=264073 span=3 left=1 right=1
LEGACY_SPAN_CANDIDATE index=2 unit=273371 span=3 left=2 right=0
LEGACY_SPAN_CANDIDATE index=3 unit=13943 span=2 left=1 right=0
LEGACY_SPAN_CANDIDATE index=4 unit=272153 span=2 left=1 right=0
LEGACY_TARGET_CLASS_POOL position=3 count=1 classes=37302 
LEGACY_MODEL_TABLE_30 position=3 272822->52165 272823->32401 272824->25383 272825->37302
LEGACY_MODEL_UNIT_FLAGS position=3 272822=0x1 272823=0x1 272824=0x1 272825=0
Hardware assisted breakpoint 6 at 0x1001d289
LEGACY_SPAN_RESULT position=3 candidates=6
LEGACY_SPAN_CANDIDATE index=0 unit=272825 span=4 left=3 right=0
LEGACY_SPAN_CANDIDATE index=1 unit=264074 span=3 left=2 right=0
LEGACY_SPAN_CANDIDATE index=2 unit=1869 span=1 left=0 right=0
LEGACY_SPAN_CANDIDATE index=3 unit=5170 span=1 left=0 right=0
LEGACY_SPAN_CANDIDATE index=4 unit=246677 span=1 left=0 right=0
LEGACY_SPAN_CANDIDATE index=5 unit=255282 span=1 left=0 right=0
warning: Temporarily disabling breakpoints for unloaded shared library "/samples/vt_kat.dll"
[Inferior 1 (Remote target) exited normally]
Wine-gdb> 0114:0118: create process 'Z:\probe\probe-original-kate-2006.exe'/00000000 @004013E0 (204288<1830>)
0114:0118: create thread I @004013E0
0114:0118: loads DLL C:\windows\system32\ntdll.dll @7BD10000 (2994176<5095>)
0114:0118: loads DLL C:\windows\system32\kernel32.dll @7BB90000 (1466368<19395>)
0114:0118: loads DLL C:\windows\system32\kernelbase.dll @7B650000 (5410816<14148>)
0114:0118: loads DLL C:\windows\system32\msvcrt.dll @7B2A0000 (2715648<8214>)
0114:0118: loads DLL C:\windows\system32\tzres.dll @10000000 (0<0>)
00000114:00000118: unload DLL @10000000
0114:0118: loads DLL C:\windows\system32\tzres.dll @10000000 (0<0>)
00000114:00000118: unload DLL @10000000
0114:0118: loads DLL Z:\samples\vt_kat.dll @10000000 (0<0>)
0114:0118: loads DLL C:\windows\system32\WINMM.dll @78E90000 (1474560<4890>)
0114:0118: loads DLL C:\windows\system32\advapi32.dll @7B550000 (958464<7400>)
0114:0118: loads DLL C:\windows\system32\sechost.dll @7B200000 (565248<3163>)
0114:0118: loads DLL C:\windows\system32\ucrtbase.dll @7AEE0000 (3198976<11541>)
0114:0118: loads DLL C:\windows\system32\msacm32.dll @78E10000 (413696<1982>)
0114:0118: loads DLL C:\windows\system32\user32.dll @7A160000 (5005312<14159>)
0114:0118: loads DLL C:\windows\system32\zlib1.dll @7A120000 (135680<0>)
0114:0118: loads DLL C:\windows\system32\gdi32.dll @7A640000 (2355200<7390>)
0114:0118: loads DLL C:\windows\system32\win32u.dll @7A0D0000 (221184<1966>)
0114:0118: loads DLL C:\windows\system32\ole32.dll @7A9F0000 (4440064<14323>)
0114:0118: loads DLL C:\windows\system32\combase.dll @7A890000 (1314816<7562>)
0114:0118: loads DLL C:\windows\system32\rpcrt4.dll @79EA0000 (2162688<9274>)
0114:0118: loads DLL C:\windows\system32\coml2.dll @79E40000 (262144<3883>)
0114:0118: loads DLL C:\windows\system32\iphlpapi.dll @779C0000 (487424<4777>)
0114:0118: loads DLL C:\windows\system32\dnsapi.dll @77970000 (258048<1399>)
0114:0118: loads DLL C:\windows\system32\nsi.dll @77940000 (118784<823>)
0114:0118: loads DLL C:\windows\system32\ws2_32.dll @7AE40000 (565248<2279>)
0114:0118: loads DLL C:\windows\system32\imm32.dll @782F0000 (401408<2996>)
0114:0118: loads DLL C:\windows\system32\winex11.drv @780F0000 (307200<4314>)
0114:0118: loads DLL C:\windows\system32\uxtheme.dll @78030000 (671744<3646>)
00000114:00000118: unload DLL @10000000
00000114:00000118: unload DLL @779C0000
00000114:00000118: unload DLL @7AE40000
00000114:00000118: unload DLL @77940000
00000114:00000118: unload DLL @77970000
00000114:00000118: unload DLL @78E90000
00000114:00000118: unload DLL @7A9F0000
00000114:00000118: unload DLL @79E40000
00000114:00000118: unload DLL @7A890000
00000114:00000118: unload DLL @79EA0000
00000114:00000118: unload DLL @78E10000
00000114:00000118: exit process (0)
X connection to :99 broken (explicit kill or server shutdown).
X connection to :99 broken (explicit kill or server shutdown).
