Wine-gdb> Already logging to /work/corpus-parity/stage20/hello-repeat-2013-bit7-prefix-232670/adapted-prefix-edge-gdb.log.
Wine-gdb> Wine-gdb> Breakpoint 1 at 0x10023331
Wine-gdb> >>>> > > >  >  >   >   >  >  > >>>Wine-gdb> Wine-gdb> Hardware assisted breakpoint 2 at 0x100191bc
Wine-gdb> >>>>>> > > > > > > > >>>Wine-gdb> Wine-gdb> Hardware assisted breakpoint 3 at 0x408187
Wine-gdb> >>>>Wine-gdb> Wine-gdb> Continuing.
BIT7_PREFIX_EDGE context=3 current=264073 previous=264072 feature=0 divisor=1 penalty=0 previous_path=29.3956 local=17.5612 total=46.9568
BIT7_PREFIX_EDGE context=3 current=264073 previous=36540 feature=17.3689 divisor=1 penalty=10 previous_path=38.7541 local=17.5612 total=83.6842
BIT7_PREFIX_EDGE context=3 current=264073 previous=273370 feature=15.7059 divisor=1 penalty=10 previous_path=28.9985 local=17.5612 total=72.2656
BIT7_PREFIX_EDGE context=3 current=264073 previous=272823 feature=33.3572 divisor=1 penalty=10 previous_path=36.8171 local=17.5612 total=97.7355
BIT7_PREFIX_EDGE context=3 current=264073 previous=272152 feature=11.0072 divisor=1 penalty=10 previous_path=37.5061 local=17.5612 total=76.0745
BIT7_PREFIX_EDGE context=3 current=264073 previous=268760 feature=20.4667 divisor=1 penalty=10 previous_path=34.7094 local=17.5612 total=82.7373
BIT7_PREFIX_EDGE context=3 current=264073 previous=96599 feature=11.2718 divisor=1 penalty=10 previous_path=39.6419 local=17.5612 total=78.4749
BIT7_PREFIX_EDGE context=3 current=264073 previous=13942 feature=19.4778 divisor=1 penalty=10 previous_path=41.7486 local=17.5612 total=88.7876
BIT7_PREFIX_EDGE context=3 current=264073 previous=53487 feature=11.8166 divisor=1 penalty=10 previous_path=33.3076 local=17.5612 total=72.6854
BIT7_PREFIX_EDGE context=3 current=264073 previous=4105 feature=12.0503 divisor=1 penalty=10 previous_path=42.576 local=17.5612 total=82.1875
BIT7_PREFIX_EDGE context=3 current=264073 previous=72577 feature=9.61477 divisor=1 penalty=10 previous_path=41.9527 local=17.5612 total=79.1287
BIT7_PREFIX_EDGE context=3 current=264073 previous=63692 feature=24.4179 divisor=1 penalty=10 previous_path=50.5632 local=17.5612 total=102.542
BIT7_PREFIX_EDGE context=3 current=264073 previous=93736 feature=20.5224 divisor=1 penalty=10 previous_path=46.8797 local=17.5612 total=94.9634
BIT7_PREFIX_EDGE context=3 current=264073 previous=235111 feature=24.8164 divisor=1 penalty=10 previous_path=46.5717 local=17.5612 total=98.9494
BIT7_PREFIX_EDGE context=3 current=264073 previous=45237 feature=30.5591 divisor=1 penalty=10 previous_path=46.9865 local=17.5612 total=105.107
BIT7_PREFIX_EDGE context=3 current=264073 previous=77285 feature=11.7109 divisor=1 penalty=10 previous_path=45.0309 local=17.5612 total=84.3031
BIT7_PREFIX_EDGE context=3 current=264073 previous=281786 feature=24.5266 divisor=1 penalty=10 previous_path=46.1968 local=17.5612 total=98.2847
BIT7_PREFIX_EDGE context=3 current=264073 previous=115179 feature=10.0723 divisor=1 penalty=10 previous_path=40.081 local=17.5612 total=77.7145
[Inferior 1 (Remote target) exited normally]
Wine-gdb> 