GNU gdb (Ubuntu 15.1-1ubuntu1~24.04.1) 15.1
Copyright (C) 2024 Free Software Foundation, Inc.
License GPLv3+: GNU GPL version 3 or later <http://gnu.org/licenses/gpl.html>
This is free software: you are free to change and redistribute it.
There is NO WARRANTY, to the extent permitted by law.
Type "show copying" and "show warranty" for details.
This GDB was configured as "x86_64-linux-gnu".
Type "show configuration" for configuration details.
For bug reporting instructions, please see:
<https://www.gnu.org/software/gdb/bugs/>.
Find the GDB manual and other documentation resources online at:
    <http://www.gnu.org/software/gdb/documentation/>.

For help, type "help".
Type "apropos word" to search for commands related to "word".
warning: remote target does not support file transfer, attempting to access files from local filesystem.
Reading symbols from /samples/voicetext_kate.exe...
0x7bd64525 in DbgBreakPoint@0 ()
   from /usr/lib/i386-linux-gnu/wine/i386-windows/ntdll.dll
Wine-gdb> Wine-gdb> Wine-gdb> Wine-gdb> Signal        Stop	Print	Pass to program	Description
SIGSEGV       No	No	Yes		Segmentation fault
Wine-gdb> Wine-gdb> Wine-gdb> Copying output to /work/corpus-parity/stage20/hello-repeat-2013-slot8-tail-map/adapted-query-keyclasses-gdb.log.
Copying debug output to /work/corpus-parity/stage20/hello-repeat-2013-slot8-tail-map/adapted-query-keyclasses-gdb.log.
Wine-gdb> Already logging to /work/corpus-parity/stage20/hello-repeat-2013-slot8-tail-map/adapted-query-keyclasses-gdb.log.
Wine-gdb> Wine-gdb> Hardware assisted breakpoint 1 at 0x10023dc0
Wine-gdb> >>>>>>>>>>> > > > > >>>Wine-gdb> Wine-gdb> Hardware assisted breakpoint 2 at 0x408187
Wine-gdb> >>>>Wine-gdb> Wine-gdb> Continuing.
Temporary breakpoint 3 at 0x1001896a
REPEAT_SLOT8_QUERY n=1 signature=5a,5a,22,17,2b,a0,00 key=5a,22,17,a0,00 count=0
Temporary breakpoint 4 at 0x10018a45
REPEAT_SLOT8_QUERY n=2 signature=61,61,22,17,2b,98,00 key=5a,22,17,98,00 count=0
Temporary breakpoint 5 at 0x1001896a
REPEAT_SLOT8_QUERY n=3 signature=5a,22,17,2b,30,20,00 key=22,17,2b,20,00 count=0
Temporary breakpoint 6 at 0x10018a45
REPEAT_SLOT8_QUERY n=4 signature=5a,22,17,2b,30,18,00 key=22,17,2b,18,00 count=0
Temporary breakpoint 7 at 0x10018a45
REPEAT_SLOT8_QUERY n=5 signature=5a,22,17,2b,30,10,00 key=22,17,2b,10,00 count=0
Temporary breakpoint 8 at 0x10018a45
REPEAT_SLOT8_QUERY n=6 signature=5a,22,17,2b,30,08,00 key=22,17,2b,08,00 count=0
Temporary breakpoint 9 at 0x1001896a
REPEAT_SLOT8_QUERY n=7 signature=22,17,2b,30,22,00,00 key=17,2b,2f,00,00 count=1
Temporary breakpoint 10 at 0x10018a45
REPEAT_SLOT8_QUERY n=8 signature=22,17,2b,30,22,08,00 key=17,2b,2f,08,00 count=0
Temporary breakpoint 11 at 0x1001896a
REPEAT_SLOT8_QUERY n=9 signature=17,2b,30,22,17,41,00 key=2b,30,22,41,00 count=0
Temporary breakpoint 12 at 0x10018a45
REPEAT_SLOT8_QUERY n=10 signature=17,2b,30,22,17,00,00 key=2b,30,22,00,00 count=1
Temporary breakpoint 13 at 0x10018a45
REPEAT_SLOT8_QUERY n=11 signature=17,2b,30,22,17,42,00 key=2b,30,22,42,00 count=0
Temporary breakpoint 14 at 0x10018a45
REPEAT_SLOT8_QUERY n=12 signature=17,2b,30,22,17,49,00 key=2b,30,22,49,00 count=0
Temporary breakpoint 15 at 0x10018a45
REPEAT_SLOT8_QUERY n=13 signature=17,2b,30,22,17,08,00 key=2b,30,22,08,00 count=0
Temporary breakpoint 16 at 0x10018a45
REPEAT_SLOT8_QUERY n=14 signature=17,2b,30,22,17,4a,00 key=2b,30,22,4a,00 count=0
Temporary breakpoint 17 at 0x1001896a
REPEAT_SLOT8_QUERY n=15 signature=2b,30,22,17,2b,88,00 key=0d,22,17,88,00 count=0
Temporary breakpoint 18 at 0x10018a45
REPEAT_SLOT8_QUERY n=16 signature=2b,30,22,17,2b,00,00 key=0d,22,17,00,00 count=1
Temporary breakpoint 19 at 0x10018a45
REPEAT_SLOT8_QUERY n=17 signature=2b,30,22,17,2b,90,00 key=0d,22,17,90,00 count=0
Temporary breakpoint 20 at 0x1001896a
REPEAT_SLOT8_QUERY n=18 signature=30,22,17,2b,30,08,00 key=22,17,2b,08,00 count=0
Temporary breakpoint 21 at 0x10018a45
REPEAT_SLOT8_QUERY n=19 signature=30,22,17,2b,30,00,00 key=22,17,2b,00,00 count=1
Temporary breakpoint 22 at 0x10018a45
REPEAT_SLOT8_QUERY n=20 signature=30,22,17,2b,30,10,00 key=22,17,2b,10,00 count=0
Temporary breakpoint 23 at 0x1001896a
REPEAT_SLOT8_QUERY n=21 signature=22,17,2b,30,5a,00,00 key=17,2b,2f,00,00 count=1
Temporary breakpoint 24 at 0x10018a45
REPEAT_SLOT8_QUERY n=22 signature=22,17,2b,30,5a,08,00 key=17,2b,2f,08,00 count=0
Temporary breakpoint 25 at 0x1001896a
REPEAT_SLOT8_QUERY n=23 signature=17,2b,30,5a,5a,45,00 key=2b,30,5a,45,00 count=0
Temporary breakpoint 26 at 0x10018a45
REPEAT_SLOT8_QUERY n=24 signature=17,2b,30,5a,5a,4d,00 key=2b,30,5a,4d,00 count=0
[Inferior 1 (Remote target) exited normally]
Wine-gdb> 0114:0118: create process 'Z:\samples\voicetext_kate.exe'/00000000 @004014C0 (450560<1847>)
0114:0118: create thread I @004014C0
0114:0118: loads DLL C:\windows\system32\ntdll.dll @7BD10000 (2994176<5095>)
0114:0118: loads DLL C:\windows\system32\kernel32.dll @7BB90000 (1466368<19395>)
0114:0118: loads DLL C:\windows\system32\kernelbase.dll @7B650000 (5410816<14148>)
0114:0118: loads DLL C:\windows\system32\msvcrt.dll @7B2A0000 (2715648<8214>)
0114:0118: loads DLL Z:\samples\vt_kat.dll @10000000 (0<0>)
0114:0118: loads DLL C:\windows\system32\WINMM.dll @78CF0000 (1474560<4890>)
0114:0118: loads DLL C:\windows\system32\advapi32.dll @7B550000 (958464<7400>)
0114:0118: loads DLL C:\windows\system32\sechost.dll @7B200000 (565248<3163>)
0114:0118: loads DLL C:\windows\system32\ucrtbase.dll @7AEE0000 (3198976<11541>)
0114:0118: loads DLL C:\windows\system32\msacm32.dll @78C70000 (413696<1982>)
0114:0118: loads DLL C:\windows\system32\user32.dll @7A160000 (5005312<14159>)
0114:0118: loads DLL Z:\samples\zlib1.dll @7A120000 (135680<0>)
0114:0118: loads DLL C:\windows\system32\gdi32.dll @7A640000 (2355200<7390>)
0114:0118: loads DLL C:\windows\system32\win32u.dll @7A0D0000 (221184<1966>)
0114:0118: loads DLL C:\windows\system32\ole32.dll @7A9F0000 (4440064<14323>)
0114:0118: loads DLL C:\windows\system32\combase.dll @7A890000 (1314816<7562>)
0114:0118: loads DLL C:\windows\system32\rpcrt4.dll @79EA0000 (2162688<9274>)
0114:0118: loads DLL C:\windows\system32\coml2.dll @79E40000 (262144<3883>)
0114:0118: loads DLL C:\windows\system32\iphlpapi.dll @779C0000 (487424<4777>)
0114:0118: loads DLL C:\windows\system32\dnsapi.dll @77970000 (258048<1399>)
0114:0118: loads DLL C:\windows\system32\nsi.dll @77940000 (118784<823>)
0114:0118: loads DLL C:\windows\system32\ws2_32.dll @7AE40000 (565248<2279>)
0114:0118: loads DLL C:\windows\system32\tzres.dll @009C0000 (0<0>)
00000114:00000118: unload DLL @009C0000
0114:0118: loads DLL C:\windows\system32\tzres.dll @009C0000 (0<0>)
00000114:00000118: unload DLL @009C0000
0114:0118: loads DLL C:\windows\system32\imm32.dll @782F0000 (401408<2996>)
0114:0118: loads DLL C:\windows\system32\winex11.drv @780F0000 (307200<4314>)
0114:0118: loads DLL C:\windows\system32\uxtheme.dll @78030000 (671744<3646>)
00000114:00000118: exit process (0)
X connection to :99 broken (explicit kill or server shutdown).
X connection to :99 broken (explicit kill or server shutdown).
