GNU gdb (Ubuntu 15.1-1ubuntu1~24.04.1) 15.1
Copyright (C) 2024 Free Software Foundation, Inc.
License GPLv3+: GNU GPL version 3 or later <http://gnu.org/licenses/gpl.html>
This is free software: you are free to change and redistribute it.
There is NO WARRANTY, to the extent permitted by law.
Type "show copying" and "show warranty" for details.
This GDB was configured as "x86_64-linux-gnu".
Type "show configuration" for configuration details.
For bug reporting instructions, please see:
<https://www.gnu.org/software/gdb/bugs/>.
Find the GDB manual and other documentation resources online at:
    <http://www.gnu.org/software/gdb/documentation/>.

For help, type "help".
Type "apropos word" to search for commands related to "word".
warning: remote target does not support file transfer, attempting to access files from local filesystem.
Reading symbols from /probe/probe-original-kate-2006.exe...
0x7bd64525 in DbgBreakPoint@0 ()
   from /usr/lib/i386-linux-gnu/wine/i386-windows/ntdll.dll
Wine-gdb> Wine-gdb> Wine-gdb> Wine-gdb> Signal        Stop	Print	Pass to program	Description
SIGSEGV       No	No	Yes		Segmentation fault
Wine-gdb> Wine-gdb> Wine-gdb> Copying output to /probe/stage20/hello-repeat-2006-shortlist-sort-boundary/legacy-shortlist-sort-gdb.log.
Copying debug output to /probe/stage20/hello-repeat-2006-shortlist-sort-boundary/legacy-shortlist-sort-gdb.log.
Wine-gdb> Wine-gdb> Wine-gdb> Wine-gdb> Wine-gdb> Wine-gdb> Hardware assisted breakpoint 1 at 0x1001cff0
Wine-gdb> >>>> > >>>Wine-gdb> Wine-gdb> Wine-gdb> Wine-gdb> Hardware assisted breakpoint 2 at 0x1001d3f4
Wine-gdb> >> > > >  >  > >>>Wine-gdb> Wine-gdb> Wine-gdb> Hardware assisted breakpoint 3 at 0x1001d48e
Wine-gdb> >> > > > > > > >  >  >  >   >   >  >  > > >  >  >  >  >   >   >   >   >  >  >  > >>>Wine-gdb> Wine-gdb> Breakpoint 4 at 0x408187
Wine-gdb> >>>>Wine-gdb> Wine-gdb> Continuing.
LEGACY_SHORTLIST_SORT_TRACE_READY
LEGACY_SHORTLIST_ENTRY position=5 class_count=10
LEGACY_UNIT_SCORE position=5 unit=264071 score=7.304 rank_key=-8 span_left=0 span_right=3 span=4
LEGACY_UNIT_SCORE position=5 unit=49874 score=23.5254 rank_key=-2 span_left=0 span_right=0 span=1
LEGACY_SHORTLIST_SORT_INPUT position=5 total=73 presorted_prefix=3 suffix_count=70
LEGACY_SHORTLIST_SORT_TARGET position=5 index=0 unit=264071 score=7.304 key=-8 flags=0
LEGACY_SHORTLIST_SORT_TARGET position=5 index=24 unit=49874 score=23.5254 key=23.5254 flags=0
Temporary breakpoint 5 at 0x1001d493
LEGACY_SHORTLIST_SORTED_TOP30 position=5 [0]=264071(score=7.304,key=-8,span=4) [1]=272151(score=6.97531,key=-6,span=3) [2]=13941(score=5.0338,key=-6,span=3) [3]=21433(score=14.2118,key=14.2118,span=1) [4]=160974(score=22.625,key=22.625,span=1) [5]=200323(score=22.929,key=22.929,span=1) [6]=8054(score=22.929,key=22.929,span=1) [7]=243207(score=23.5254,key=23.5254,span=1) [8]=49874(score=23.5254,key=23.5254,span=1) [9]=104395(score=24.0281,key=24.0281,span=1) [10]=175733(score=24.3143,key=24.3143,span=1) [11]=5030(score=26.149,key=26.149,span=1) [12]=27063(score=26.149,key=26.149,span=1) [13]=264213(score=26.608,key=26.608,span=1) [14]=231058(score=27.102,key=27.102,span=1) [15]=9887(score=27.6333,key=27.6333,span=1) [16]=179927(score=27.6333,key=27.6333,span=1) [17]=97409(score=27.6333,key=27.6333,span=1) [18]=192035(score=28.2043,key=28.2043,span=1) [19]=193044(score=28.2043,key=28.2043,span=1) [20]=224085(score=28.2043,key=28.2043,span=1) [21]=68423(score=28.8174,key=28.8174,span=1) [22]=62239(score=28.8174,key=28.8174,span=1) [23]=212241(score=28.8174,key=28.8174,span=1) [24]=215444(score=28.8174,key=28.8174,span=1) [25]=172912(score=28.8174,key=28.8174,span=1) [26]=56107(score=30.0055,key=30.0055,span=1) [27]=223362(score=30.1449,key=30.1449,span=1) [28]=260513(score=30.2925,key=30.2925,span=1) [29]=19726(score=30.3879,key=30.3879,span=1)
LEGACY_SHORTLIST_ENTRY position=5 class_count=10
LEGACY_UNIT_SCORE position=5 unit=264071 score=7.304 rank_key=-8 span_left=0 span_right=3 span=4
LEGACY_UNIT_SCORE position=5 unit=49874 score=23.5254 rank_key=-2 span_left=0 span_right=0 span=1
LEGACY_SHORTLIST_SORT_INPUT position=5 total=73 presorted_prefix=3 suffix_count=70
LEGACY_SHORTLIST_SORT_TARGET position=5 index=0 unit=264071 score=7.304 key=-8 flags=0
LEGACY_SHORTLIST_SORT_TARGET position=5 index=24 unit=49874 score=23.5254 key=23.5254 flags=0
Temporary breakpoint 6 at 0x1001d493
LEGACY_SHORTLIST_SORTED_TOP30 position=5 [0]=264071(score=7.304,key=-8,span=4) [1]=272151(score=6.97531,key=-6,span=3) [2]=13941(score=5.0338,key=-6,span=3) [3]=21433(score=14.2118,key=14.2118,span=1) [4]=160974(score=22.625,key=22.625,span=1) [5]=200323(score=22.929,key=22.929,span=1) [6]=8054(score=22.929,key=22.929,span=1) [7]=243207(score=23.5254,key=23.5254,span=1) [8]=49874(score=23.5254,key=23.5254,span=1) [9]=104395(score=24.0281,key=24.0281,span=1) [10]=175733(score=24.3143,key=24.3143,span=1) [11]=5030(score=26.149,key=26.149,span=1) [12]=27063(score=26.149,key=26.149,span=1) [13]=264213(score=26.608,key=26.608,span=1) [14]=231058(score=27.102,key=27.102,span=1) [15]=9887(score=27.6333,key=27.6333,span=1) [16]=179927(score=27.6333,key=27.6333,span=1) [17]=97409(score=27.6333,key=27.6333,span=1) [18]=192035(score=28.2043,key=28.2043,span=1) [19]=193044(score=28.2043,key=28.2043,span=1) [20]=224085(score=28.2043,key=28.2043,span=1) [21]=68423(score=28.8174,key=28.8174,span=1) [22]=62239(score=28.8174,key=28.8174,span=1) [23]=212241(score=28.8174,key=28.8174,span=1) [24]=215444(score=28.8174,key=28.8174,span=1) [25]=172912(score=28.8174,key=28.8174,span=1) [26]=56107(score=30.0055,key=30.0055,span=1) [27]=223362(score=30.1449,key=30.1449,span=1) [28]=260513(score=30.2925,key=30.2925,span=1) [29]=19726(score=30.3879,key=30.3879,span=1)
LEGACY_SHORTLIST_ENTRY position=5 class_count=10
LEGACY_UNIT_SCORE position=5 unit=264071 score=7.304 rank_key=-8 span_left=0 span_right=3 span=4
LEGACY_UNIT_SCORE position=5 unit=49874 score=23.5254 rank_key=-2 span_left=0 span_right=0 span=1
LEGACY_SHORTLIST_SORT_INPUT position=5 total=73 presorted_prefix=3 suffix_count=70
LEGACY_SHORTLIST_SORT_TARGET position=5 index=0 unit=264071 score=7.304 key=-8 flags=0
LEGACY_SHORTLIST_SORT_TARGET position=5 index=24 unit=49874 score=23.5254 key=23.5254 flags=0
Temporary breakpoint 7 at 0x1001d493
LEGACY_SHORTLIST_SORTED_TOP30 position=5 [0]=264071(score=7.304,key=-8,span=4) [1]=272151(score=6.97531,key=-6,span=3) [2]=13941(score=5.0338,key=-6,span=3) [3]=21433(score=14.2118,key=14.2118,span=1) [4]=160974(score=22.625,key=22.625,span=1) [5]=200323(score=22.929,key=22.929,span=1) [6]=8054(score=22.929,key=22.929,span=1) [7]=243207(score=23.5254,key=23.5254,span=1) [8]=49874(score=23.5254,key=23.5254,span=1) [9]=104395(score=24.0281,key=24.0281,span=1) [10]=175733(score=24.3143,key=24.3143,span=1) [11]=5030(score=26.149,key=26.149,span=1) [12]=27063(score=26.149,key=26.149,span=1) [13]=264213(score=26.608,key=26.608,span=1) [14]=231058(score=27.102,key=27.102,span=1) [15]=9887(score=27.6333,key=27.6333,span=1) [16]=179927(score=27.6333,key=27.6333,span=1) [17]=97409(score=27.6333,key=27.6333,span=1) [18]=192035(score=28.2043,key=28.2043,span=1) [19]=193044(score=28.2043,key=28.2043,span=1) [20]=224085(score=28.2043,key=28.2043,span=1) [21]=68423(score=28.8174,key=28.8174,span=1) [22]=62239(score=28.8174,key=28.8174,span=1) [23]=212241(score=28.8174,key=28.8174,span=1) [24]=215444(score=28.8174,key=28.8174,span=1) [25]=172912(score=28.8174,key=28.8174,span=1) [26]=56107(score=30.0055,key=30.0055,span=1) [27]=223362(score=30.1449,key=30.1449,span=1) [28]=260513(score=30.2925,key=30.2925,span=1) [29]=19726(score=30.3879,key=30.3879,span=1)
warning: Temporarily disabling breakpoints for unloaded shared library "/samples/vt_kat.dll"
[Inferior 1 (Remote target) exited normally]
Wine-gdb> 0114:0118: create process 'Z:\probe\probe-original-kate-2006.exe'/00000000 @004013E0 (204288<1830>)
0114:0118: create thread I @004013E0
0114:0118: loads DLL C:\windows\system32\ntdll.dll @7BD10000 (2994176<5095>)
0114:0118: loads DLL C:\windows\system32\kernel32.dll @7BB90000 (1466368<19395>)
0114:0118: loads DLL C:\windows\system32\kernelbase.dll @7B650000 (5410816<14148>)
0114:0118: loads DLL C:\windows\system32\msvcrt.dll @7B2A0000 (2715648<8214>)
0114:0118: loads DLL C:\windows\system32\tzres.dll @10000000 (0<0>)
00000114:00000118: unload DLL @10000000
0114:0118: loads DLL C:\windows\system32\tzres.dll @10000000 (0<0>)
00000114:00000118: unload DLL @10000000
0114:0118: loads DLL Z:\samples\vt_kat.dll @10000000 (0<0>)
0114:0118: loads DLL C:\windows\system32\WINMM.dll @78C20000 (1474560<4890>)
0114:0118: loads DLL C:\windows\system32\advapi32.dll @7B550000 (958464<7400>)
0114:0118: loads DLL C:\windows\system32\sechost.dll @7B200000 (565248<3163>)
0114:0118: loads DLL C:\windows\system32\ucrtbase.dll @7AEE0000 (3198976<11541>)
0114:0118: loads DLL C:\windows\system32\msacm32.dll @78BA0000 (413696<1982>)
0114:0118: loads DLL C:\windows\system32\user32.dll @7A160000 (5005312<14159>)
0114:0118: loads DLL C:\windows\system32\zlib1.dll @7A120000 (135680<0>)
0114:0118: loads DLL C:\windows\system32\gdi32.dll @7A640000 (2355200<7390>)
0114:0118: loads DLL C:\windows\system32\win32u.dll @7A0D0000 (221184<1966>)
0114:0118: loads DLL C:\windows\system32\ole32.dll @7A9F0000 (4440064<14323>)
0114:0118: loads DLL C:\windows\system32\combase.dll @7A890000 (1314816<7562>)
0114:0118: loads DLL C:\windows\system32\rpcrt4.dll @79EA0000 (2162688<9274>)
0114:0118: loads DLL C:\windows\system32\coml2.dll @79E40000 (262144<3883>)
0114:0118: loads DLL C:\windows\system32\iphlpapi.dll @779C0000 (487424<4777>)
0114:0118: loads DLL C:\windows\system32\dnsapi.dll @77970000 (258048<1399>)
0114:0118: loads DLL C:\windows\system32\nsi.dll @77940000 (118784<823>)
0114:0118: loads DLL C:\windows\system32\ws2_32.dll @7AE40000 (565248<2279>)
0114:0118: loads DLL C:\windows\system32\imm32.dll @782F0000 (401408<2996>)
0114:0118: loads DLL C:\windows\system32\winex11.drv @780F0000 (307200<4314>)
0114:0118: loads DLL C:\windows\system32\uxtheme.dll @77F70000 (671744<3646>)
00000114:00000118: unload DLL @10000000
00000114:00000118: unload DLL @779C0000
00000114:00000118: unload DLL @7AE40000
00000114:00000118: unload DLL @77940000
00000114:00000118: unload DLL @77970000
00000114:00000118: unload DLL @78C20000
00000114:00000118: unload DLL @7A9F0000
00000114:00000118: unload DLL @79E40000
00000114:00000118: unload DLL @7A890000
00000114:00000118: unload DLL @79EA0000
00000114:00000118: unload DLL @78BA0000
00000114:00000118: exit process (0)
X connection to :99 broken (explicit kill or server shutdown).
