GNU gdb (Ubuntu 15.1-1ubuntu1~24.04.1) 15.1
Copyright (C) 2024 Free Software Foundation, Inc.
License GPLv3+: GNU GPL version 3 or later <http://gnu.org/licenses/gpl.html>
This is free software: you are free to change and redistribute it.
There is NO WARRANTY, to the extent permitted by law.
Type "show copying" and "show warranty" for details.
This GDB was configured as "x86_64-linux-gnu".
Type "show configuration" for configuration details.
For bug reporting instructions, please see:
<https://www.gnu.org/software/gdb/bugs/>.
Find the GDB manual and other documentation resources online at:
    <http://www.gnu.org/software/gdb/documentation/>.

For help, type "help".
Type "apropos word" to search for commands related to "word".
warning: remote target does not support file transfer, attempting to access files from local filesystem.
Reading symbols from /samples/voicetext_kate.exe...
0x7bd64525 in DbgBreakPoint@0 ()
   from /usr/lib/i386-linux-gnu/wine/i386-windows/ntdll.dll
Wine-gdb> Wine-gdb> Wine-gdb> Wine-gdb> Signal        Stop	Print	Pass to program	Description
SIGSEGV       No	No	Yes		Segmentation fault
Wine-gdb> Wine-gdb> Wine-gdb> Wine-gdb> Wine-gdb> Breakpoint 1 at 0x10023331
Wine-gdb> >>>> > > >  >  >   >   >   >   >  >  > >>>Wine-gdb> Wine-gdb> Wine-gdb> Wine-gdb> Wine-gdb> Breakpoint 2 at 0x100235f6
Wine-gdb> Wine-gdb> >>>>>> > > > >>> > >  >  >  >  > > >>>Wine-gdb> Wine-gdb> Wine-gdb> Wine-gdb> Breakpoint 3 at 0x1002389a
Wine-gdb> Wine-gdb> >>>>>Wine-gdb> Wine-gdb> Wine-gdb> Wine-gdb> Wine-gdb> Breakpoint 4 at 0x10018c80
Wine-gdb> >>>>>>>> > > > > >  >  >  >  >  >  >  >  > > >>>Wine-gdb> Wine-gdb> Hardware assisted breakpoint 5 at 0x1001b200
Wine-gdb> >>>>>Wine-gdb> Wine-gdb> Hardware assisted breakpoint 6 at 0x408187
Wine-gdb> >>>>Wine-gdb> Wine-gdb> Continuing.
HELLO_REPEAT_ORDER_ONLY_PRE_SORT id=272822 span=5 weighted=2 rank=-205
HELLO_REPEAT_ORDER_ONLY_PRE_SCORE count=30
 [0]=273369(key=-204,span=4,weighted=2) [1]=272822(key=-5,span=5,weighted=0)
 [2]=1200(key=-1,span=1,weighted=0) [3]=279479(key=-1,span=1,weighted=0)
 [4]=262454(key=-1,span=1,weighted=0) [5]=245736(key=-1,span=1,weighted=0)
 [6]=233533(key=-1,span=1,weighted=0) [7]=214148(key=-1,span=1,weighted=0)
HELLO_REPEAT_ORDER_ONLY_RESTORED id=272822 index=1 span=5 weighted=2 rank=-205
HELLO_REPEAT_ORDER_ONLY_LOCAL id=273369 key=-204 span=4 weighted=2 cost=0.0176471
HELLO_REPEAT_ORDER_ONLY_LOCAL id=272822 key=-205 span=5 weighted=2 cost=0.00189125
HELLO_REPEAT_ORDER_ONLY_LOCAL id=1200 key=-1 span=1 weighted=0 cost=16.032
HELLO_REPEAT_ORDER_ONLY_LOCAL id=279479 key=-1 span=1 weighted=0 cost=30.032
HELLO_REPEAT_ORDER_ONLY_LOCAL id=262454 key=-1 span=1 weighted=0 cost=15.0082
HELLO_REPEAT_ORDER_ONLY_LOCAL id=245736 key=-1 span=1 weighted=0 cost=16.0348
HELLO_REPEAT_ORDER_ONLY_LOCAL id=233533 key=-1 span=1 weighted=0 cost=16.96
HELLO_REPEAT_ORDER_ONLY_LOCAL id=214148 key=-1 span=1 weighted=0 cost=15.1455
HELLO_REPEAT_ORDER_ONLY_LOCAL id=206118 key=-1 span=1 weighted=0 cost=20.1231
HELLO_REPEAT_ORDER_ONLY_LOCAL id=204612 key=-1 span=1 weighted=0 cost=15.0085
HELLO_REPEAT_ORDER_ONLY_LOCAL id=200614 key=-1 span=1 weighted=0 cost=15.0348
HELLO_REPEAT_ORDER_ONLY_LOCAL id=200525 key=-1 span=1 weighted=0 cost=15.032
HELLO_REPEAT_ORDER_ONLY_LOCAL id=195687 key=-1 span=1 weighted=0 cost=15.0082
HELLO_REPEAT_ORDER_ONLY_LOCAL id=189906 key=-1 span=1 weighted=0 cost=15.1455
HELLO_REPEAT_ORDER_ONLY_LOCAL id=182880 key=-1 span=1 weighted=0 cost=15.0085
HELLO_REPEAT_ORDER_ONLY_LOCAL id=179388 key=-1 span=1 weighted=0 cost=15.2667
HELLO_REPEAT_ORDER_ONLY_LOCAL id=178453 key=-1 span=1 weighted=0 cost=15.1455
HELLO_REPEAT_ORDER_ONLY_LOCAL id=165351 key=-1 span=1 weighted=0 cost=16.0706
HELLO_REPEAT_ORDER_ONLY_LOCAL id=129641 key=-1 span=1 weighted=0 cost=16.0082
HELLO_REPEAT_ORDER_ONLY_LOCAL id=116320 key=-1 span=1 weighted=0 cost=15.1455
HELLO_REPEAT_ORDER_ONLY_LOCAL id=92183 key=-1 span=1 weighted=0 cost=15.0082
HELLO_REPEAT_ORDER_ONLY_LOCAL id=52542 key=-1 span=1 weighted=0 cost=16.5684
HELLO_REPEAT_ORDER_ONLY_LOCAL id=51310 key=-1 span=1 weighted=0 cost=15.0348
HELLO_REPEAT_ORDER_ONLY_LOCAL id=31795 key=-1 span=1 weighted=0 cost=15.0348
HELLO_REPEAT_ORDER_ONLY_LOCAL id=31347 key=-1 span=1 weighted=0 cost=16.3564
HELLO_REPEAT_ORDER_ONLY_LOCAL id=28430 key=-1 span=1 weighted=0 cost=20
HELLO_REPEAT_ORDER_ONLY_LOCAL id=22451 key=-1 span=1 weighted=0 cost=16.1887
HELLO_REPEAT_ORDER_ONLY_LOCAL id=20499 key=-1 span=1 weighted=0 cost=16.0085
HELLO_REPEAT_ORDER_ONLY_LOCAL id=2525 key=-1 span=1 weighted=0 cost=20
HELLO_REPEAT_ORDER_ONLY_LOCAL id=279484 key=-1 span=1 weighted=0 cost=25.3429
HELLO_REPEAT_ORDER_ONLY_TRANSITION_ENTER context=1 current_count=10 previous_count=30
Temporary breakpoint 7 at 0x100248d6
HELLO_REPEAT_ORDER_ONLY_TRANSITION_RETURN context=1 candidates=10
HELLO_REPEAT_ORDER_ONLY_PATH context=1 unit=272823 cumulative=3.29596 predecessor=272822 predecessor_index=1
HELLO_REPEAT_ORDER_ONLY_PATH context=1 unit=273370 cumulative=6.19035 predecessor=273369 predecessor_index=0
HELLO_REPEAT_ORDER_ONLY_PATH context=1 unit=264072 cumulative=18.1756 predecessor=273369 predecessor_index=0
HELLO_REPEAT_ORDER_ONLY_PATH context=1 unit=13942 cumulative=29.7776 predecessor=273369 predecessor_index=0
HELLO_REPEAT_ORDER_ONLY_PATH context=1 unit=272152 cumulative=22.7628 predecessor=273369 predecessor_index=0
HELLO_REPEAT_ORDER_ONLY_PATH context=1 unit=36540 cumulative=32.403 predecessor=273369 predecessor_index=0
HELLO_REPEAT_ORDER_ONLY_PATH context=1 unit=53487 cumulative=23.9938 predecessor=273369 predecessor_index=0
HELLO_REPEAT_ORDER_ONLY_PATH context=1 unit=96599 cumulative=31.7336 predecessor=273369 predecessor_index=0
HELLO_REPEAT_ORDER_ONLY_PATH context=1 unit=268760 cumulative=25.0068 predecessor=272822 predecessor_index=1
HELLO_REPEAT_ORDER_ONLY_PATH context=1 unit=145101 cumulative=88.1729 predecessor=273369 predecessor_index=0
HELLO_REPEAT_ORDER_ONLY_TRANSITION_ENTER context=2 current_count=23 previous_count=10
Temporary breakpoint 8 at 0x100248d6
HELLO_REPEAT_ORDER_ONLY_TRANSITION_RETURN context=2 candidates=23
HELLO_REPEAT_ORDER_ONLY_PATH context=2 unit=272823 cumulative=6.19995 predecessor=272823 predecessor_index=0
HELLO_REPEAT_ORDER_ONLY_PATH context=2 unit=273370 cumulative=10.087 predecessor=273370 predecessor_index=1
HELLO_REPEAT_ORDER_ONLY_PATH context=2 unit=264072 cumulative=24.0777 predecessor=264072 predecessor_index=2
HELLO_REPEAT_ORDER_ONLY_PATH context=2 unit=272152 cumulative=30.1678 predecessor=273370 predecessor_index=1
HELLO_REPEAT_ORDER_ONLY_PATH context=2 unit=13942 cumulative=37.9294 predecessor=13942 predecessor_index=3
HELLO_REPEAT_ORDER_ONLY_PATH context=2 unit=36540 cumulative=44.2793 predecessor=36540 predecessor_index=5
HELLO_REPEAT_ORDER_ONLY_PATH context=2 unit=268760 cumulative=31.0603 predecessor=272823 predecessor_index=0
HELLO_REPEAT_ORDER_ONLY_PATH context=2 unit=96599 cumulative=29.7675 predecessor=273370 predecessor_index=1
HELLO_REPEAT_ORDER_ONLY_PATH context=2 unit=53487 cumulative=29.516 predecessor=273370 predecessor_index=1
HELLO_REPEAT_ORDER_ONLY_PATH context=2 unit=4105 cumulative=80.1404 predecessor=273370 predecessor_index=1
HELLO_REPEAT_ORDER_ONLY_PATH context=2 unit=72577 cumulative=69.5846 predecessor=273370 predecessor_index=1
HELLO_REPEAT_ORDER_ONLY_PATH context=2 unit=63692 cumulative=79.9008 predecessor=272823 predecessor_index=0
HELLO_REPEAT_ORDER_ONLY_PATH context=2 unit=93736 cumulative=75.186 predecessor=273370 predecessor_index=1
HELLO_REPEAT_ORDER_ONLY_PATH context=2 unit=235111 cumulative=81.6068 predecessor=272823 predecessor_index=0
HELLO_REPEAT_ORDER_ONLY_PATH context=2 unit=57821 cumulative=159.594 predecessor=13942 predecessor_index=3
HELLO_REPEAT_ORDER_ONLY_PATH context=2 unit=128526 cumulative=77.2644 predecessor=272823 predecessor_index=0
HELLO_REPEAT_ORDER_ONLY_PATH context=2 unit=2244 cumulative=162.236 predecessor=13942 predecessor_index=3
HELLO_REPEAT_ORDER_ONLY_PATH context=2 unit=64011 cumulative=146.578 predecessor=13942 predecessor_index=3
HELLO_REPEAT_ORDER_ONLY_PATH context=2 unit=48369 cumulative=109.108 predecessor=273370 predecessor_index=1
HELLO_REPEAT_ORDER_ONLY_PATH context=2 unit=45237 cumulative=81.2337 predecessor=272823 predecessor_index=0
HELLO_REPEAT_ORDER_ONLY_PATH context=2 unit=77285 cumulative=78.339 predecessor=273370 predecessor_index=1
HELLO_REPEAT_ORDER_ONLY_PATH context=2 unit=281786 cumulative=86.6711 predecessor=273370 predecessor_index=1
HELLO_REPEAT_ORDER_ONLY_PATH context=2 unit=115179 cumulative=82.6325 predecessor=273370 predecessor_index=1
HELLO_REPEAT_ORDER_ONLY_TRANSITION_ENTER context=3 current_count=25 previous_count=18
Temporary breakpoint 9 at 0x100248d6
HELLO_REPEAT_ORDER_ONLY_TRANSITION_RETURN context=3 candidates=25
HELLO_REPEAT_ORDER_ONLY_PATH context=3 unit=272824 cumulative=22.6482 predecessor=272823 predecessor_index=0
HELLO_REPEAT_ORDER_ONLY_PATH context=3 unit=273371 cumulative=32.6114 predecessor=273370 predecessor_index=1
HELLO_REPEAT_ORDER_ONLY_PATH context=3 unit=264073 cumulative=48.1208 predecessor=264072 predecessor_index=2
HELLO_REPEAT_ORDER_ONLY_PATH context=3 unit=272153 cumulative=59.8899 predecessor=272152 predecessor_index=3
HELLO_REPEAT_ORDER_ONLY_PATH context=3 unit=13943 cumulative=61.6332 predecessor=273370 predecessor_index=1
HELLO_REPEAT_ORDER_ONLY_PATH context=3 unit=265815 cumulative=176.837 predecessor=272823 predecessor_index=0
HELLO_REPEAT_ORDER_ONLY_PATH context=3 unit=252236 cumulative=174.062 predecessor=272823 predecessor_index=0
HELLO_REPEAT_ORDER_ONLY_PATH context=3 unit=238356 cumulative=194.278 predecessor=273370 predecessor_index=1
HELLO_REPEAT_ORDER_ONLY_PATH context=3 unit=233274 cumulative=175.881 predecessor=272823 predecessor_index=0
HELLO_REPEAT_ORDER_ONLY_PATH context=3 unit=206047 cumulative=188.605 predecessor=273370 predecessor_index=1
HELLO_REPEAT_ORDER_ONLY_PATH context=3 unit=173825 cumulative=170.195 predecessor=273370 predecessor_index=1
HELLO_REPEAT_ORDER_ONLY_PATH context=3 unit=160529 cumulative=173.925 predecessor=272823 predecessor_index=0
HELLO_REPEAT_ORDER_ONLY_PATH context=3 unit=153132 cumulative=152.931 predecessor=272823 predecessor_index=0
HELLO_REPEAT_ORDER_ONLY_PATH context=3 unit=146098 cumulative=177.01 predecessor=272823 predecessor_index=0
HELLO_REPEAT_ORDER_ONLY_PATH context=3 unit=105185 cumulative=172.107 predecessor=272823 predecessor_index=0
HELLO_REPEAT_ORDER_ONLY_PATH context=3 unit=87003 cumulative=187.757 predecessor=273370 predecessor_index=1
HELLO_REPEAT_ORDER_ONLY_PATH context=3 unit=83568 cumulative=183.547 predecessor=272823 predecessor_index=0
HELLO_REPEAT_ORDER_ONLY_PATH context=3 unit=75575 cumulative=169.806 predecessor=272823 predecessor_index=0
HELLO_REPEAT_ORDER_ONLY_PATH context=3 unit=49761 cumulative=192.39 predecessor=273370 predecessor_index=1
HELLO_REPEAT_ORDER_ONLY_PATH context=3 unit=31841 cumulative=193.335 predecessor=273370 predecessor_index=1
HELLO_REPEAT_ORDER_ONLY_PATH context=3 unit=29459 cumulative=188.647 predecessor=272823 predecessor_index=0
HELLO_REPEAT_ORDER_ONLY_PATH context=3 unit=28296 cumulative=181.208 predecessor=272823 predecessor_index=0
HELLO_REPEAT_ORDER_ONLY_PATH context=3 unit=6519 cumulative=173.764 predecessor=272823 predecessor_index=0
HELLO_REPEAT_ORDER_ONLY_PATH context=3 unit=4632 cumulative=180.453 predecessor=273370 predecessor_index=1
HELLO_REPEAT_ORDER_ONLY_PATH context=3 unit=2529 cumulative=177.419 predecessor=273370 predecessor_index=1
HELLO_REPEAT_ORDER_ONLY_TRANSITION_ENTER context=4 current_count=30 previous_count=19
Temporary breakpoint 10 at 0x100248d6
HELLO_REPEAT_ORDER_ONLY_TRANSITION_RETURN context=4 candidates=30
HELLO_REPEAT_ORDER_ONLY_PATH context=4 unit=272825 cumulative=283.166 predecessor=272824 predecessor_index=0
HELLO_REPEAT_ORDER_ONLY_PATH context=4 unit=264074 cumulative=303.306 predecessor=273371 predecessor_index=1
HELLO_REPEAT_ORDER_ONLY_PATH context=4 unit=184279 cumulative=99.7696 predecessor=272824 predecessor_index=0
HELLO_REPEAT_ORDER_ONLY_PATH context=4 unit=185764 cumulative=62.465 predecessor=272824 predecessor_index=0
HELLO_REPEAT_ORDER_ONLY_PATH context=4 unit=239975 cumulative=51.2357 predecessor=272824 predecessor_index=0
HELLO_REPEAT_ORDER_ONLY_PATH context=4 unit=232750 cumulative=52.7089 predecessor=272824 predecessor_index=0
HELLO_REPEAT_ORDER_ONLY_PATH context=4 unit=241200 cumulative=65.643 predecessor=272824 predecessor_index=0
HELLO_REPEAT_ORDER_ONLY_PATH context=4 unit=208339 cumulative=63.6647 predecessor=273371 predecessor_index=1
HELLO_REPEAT_ORDER_ONLY_PATH context=4 unit=61117 cumulative=69.0136 predecessor=273371 predecessor_index=1
HELLO_REPEAT_ORDER_ONLY_PATH context=4 unit=247104 cumulative=69.7719 predecessor=273371 predecessor_index=1
HELLO_REPEAT_ORDER_ONLY_PATH context=4 unit=232670 cumulative=65.7833 predecessor=273371 predecessor_index=1
HELLO_REPEAT_ORDER_ONLY_PATH context=4 unit=171885 cumulative=79.9362 predecessor=273371 predecessor_index=1
HELLO_REPEAT_ORDER_ONLY_PATH context=4 unit=148345 cumulative=65.4349 predecessor=272824 predecessor_index=0
HELLO_REPEAT_ORDER_ONLY_PATH context=4 unit=136589 cumulative=75.3318 predecessor=272824 predecessor_index=0
HELLO_REPEAT_ORDER_ONLY_PATH context=4 unit=26360 cumulative=82.298 predecessor=272824 predecessor_index=0
HELLO_REPEAT_ORDER_ONLY_PATH context=4 unit=28356 cumulative=83.0469 predecessor=273371 predecessor_index=1
HELLO_REPEAT_ORDER_ONLY_PATH context=4 unit=137059 cumulative=81.7837 predecessor=273371 predecessor_index=1
HELLO_REPEAT_ORDER_ONLY_PATH context=4 unit=58828 cumulative=77.6572 predecessor=273371 predecessor_index=1
HELLO_REPEAT_ORDER_ONLY_PATH context=4 unit=105444 cumulative=78.8668 predecessor=273371 predecessor_index=1
HELLO_REPEAT_ORDER_ONLY_PATH context=4 unit=222800 cumulative=76.5977 predecessor=273371 predecessor_index=1
HELLO_REPEAT_ORDER_ONLY_PATH context=4 unit=8824 cumulative=120.344 predecessor=272824 predecessor_index=0
HELLO_REPEAT_ORDER_ONLY_PATH context=4 unit=243651 cumulative=110.485 predecessor=272824 predecessor_index=0
HELLO_REPEAT_ORDER_ONLY_PATH context=4 unit=58652 cumulative=112.088 predecessor=272824 predecessor_index=0
HELLO_REPEAT_ORDER_ONLY_PATH context=4 unit=211910 cumulative=113.023 predecessor=272824 predecessor_index=0
HELLO_REPEAT_ORDER_ONLY_PATH context=4 unit=211800 cumulative=115.724 predecessor=272824 predecessor_index=0
HELLO_REPEAT_ORDER_ONLY_PATH context=4 unit=177994 cumulative=114.056 predecessor=272824 predecessor_index=0
HELLO_REPEAT_ORDER_ONLY_PATH context=4 unit=241241 cumulative=120.389 predecessor=272824 predecessor_index=0
HELLO_REPEAT_ORDER_ONLY_PATH context=4 unit=269907 cumulative=121.275 predecessor=273371 predecessor_index=1
HELLO_REPEAT_ORDER_ONLY_PATH context=4 unit=179667 cumulative=125.837 predecessor=273371 predecessor_index=1
HELLO_REPEAT_ORDER_ONLY_PATH context=4 unit=53333 cumulative=130.172 predecessor=273371 predecessor_index=1
HELLO_REPEAT_ORDER_ONLY_TRANSITION_ENTER context=5 current_count=27 previous_count=22
Temporary breakpoint 11 at 0x100248d6
HELLO_REPEAT_ORDER_ONLY_TRANSITION_RETURN context=5 candidates=27
HELLO_REPEAT_ORDER_ONLY_PATH context=5 unit=184279 cumulative=105.808 predecessor=232750 predecessor_index=3
HELLO_REPEAT_ORDER_ONLY_PATH context=5 unit=128048 cumulative=116.646 predecessor=232750 predecessor_index=3
HELLO_REPEAT_ORDER_ONLY_PATH context=5 unit=185764 cumulative=75.7657 predecessor=185764 predecessor_index=1
HELLO_REPEAT_ORDER_ONLY_PATH context=5 unit=183342 cumulative=93.2357 predecessor=185764 predecessor_index=1
HELLO_REPEAT_ORDER_ONLY_PATH context=5 unit=244251 cumulative=119.053 predecessor=232750 predecessor_index=3
HELLO_REPEAT_ORDER_ONLY_PATH context=5 unit=134140 cumulative=132.92 predecessor=185764 predecessor_index=1
HELLO_REPEAT_ORDER_ONLY_PATH context=5 unit=265139 cumulative=77.9993 predecessor=232750 predecessor_index=3
HELLO_REPEAT_ORDER_ONLY_PATH context=5 unit=216044 cumulative=91.4487 predecessor=232670 predecessor_index=8
HELLO_REPEAT_ORDER_ONLY_PATH context=5 unit=213995 cumulative=83.754 predecessor=232750 predecessor_index=3
HELLO_REPEAT_ORDER_ONLY_PATH context=5 unit=212344 cumulative=82.0063 predecessor=232750 predecessor_index=3
HELLO_REPEAT_ORDER_ONLY_PATH context=5 unit=139207 cumulative=82.1242 predecessor=232750 predecessor_index=3
HELLO_REPEAT_ORDER_ONLY_PATH context=5 unit=129448 cumulative=79.9708 predecessor=232750 predecessor_index=3
HELLO_REPEAT_ORDER_ONLY_PATH context=5 unit=82668 cumulative=81.2539 predecessor=232750 predecessor_index=3
HELLO_REPEAT_ORDER_ONLY_PATH context=5 unit=73098 cumulative=105.754 predecessor=232670 predecessor_index=8
HELLO_REPEAT_ORDER_ONLY_PATH context=5 unit=68970 cumulative=82.0441 predecessor=232750 predecessor_index=3
HELLO_REPEAT_ORDER_ONLY_PATH context=5 unit=60891 cumulative=86.2209 predecessor=232750 predecessor_index=3
HELLO_REPEAT_ORDER_ONLY_PATH context=5 unit=39483 cumulative=79.496 predecessor=232750 predecessor_index=3
HELLO_REPEAT_ORDER_ONLY_PATH context=5 unit=34312 cumulative=80.7992 predecessor=232750 predecessor_index=3
HELLO_REPEAT_ORDER_ONLY_PATH context=5 unit=32698 cumulative=88.9056 predecessor=232750 predecessor_index=3
HELLO_REPEAT_ORDER_ONLY_PATH context=5 unit=31689 cumulative=81.3696 predecessor=239975 predecessor_index=2
HELLO_REPEAT_ORDER_ONLY_PATH context=5 unit=30843 cumulative=82.7338 predecessor=232750 predecessor_index=3
HELLO_REPEAT_ORDER_ONLY_PATH context=5 unit=24082 cumulative=79.6777 predecessor=239975 predecessor_index=2
HELLO_REPEAT_ORDER_ONLY_PATH context=5 unit=12561 cumulative=84.1344 predecessor=232750 predecessor_index=3
HELLO_REPEAT_ORDER_ONLY_PATH context=5 unit=113145 cumulative=123.716 predecessor=232750 predecessor_index=3
HELLO_REPEAT_ORDER_ONLY_PATH context=5 unit=96680 cumulative=83.5012 predecessor=232750 predecessor_index=3
HELLO_REPEAT_ORDER_ONLY_PATH context=5 unit=266023 cumulative=92.8348 predecessor=232670 predecessor_index=8
HELLO_REPEAT_ORDER_ONLY_PATH context=5 unit=44091 cumulative=340.218 predecessor=239975 predecessor_index=2
HELLO_REPEAT_ORDER_ONLY_TRANSITION_ENTER context=6 current_count=30 previous_count=23
Temporary breakpoint 12 at 0x100248d6
HELLO_REPEAT_ORDER_ONLY_TRANSITION_RETURN context=6 candidates=30
HELLO_REPEAT_ORDER_ONLY_PATH context=6 unit=184280 cumulative=97.0635 predecessor=185764 predecessor_index=2
HELLO_REPEAT_ORDER_ONLY_PATH context=6 unit=114916 cumulative=112.217 predecessor=185764 predecessor_index=2
HELLO_REPEAT_ORDER_ONLY_PATH context=6 unit=4515 cumulative=118.893 predecessor=185764 predecessor_index=2
HELLO_REPEAT_ORDER_ONLY_PATH context=6 unit=128049 cumulative=100.926 predecessor=185764 predecessor_index=2
HELLO_REPEAT_ORDER_ONLY_PATH context=6 unit=195426 cumulative=98.3646 predecessor=39483 predecessor_index=14
HELLO_REPEAT_ORDER_ONLY_PATH context=6 unit=243207 cumulative=100.814 predecessor=34312 predecessor_index=15
HELLO_REPEAT_ORDER_ONLY_PATH context=6 unit=85094 cumulative=104.319 predecessor=82668 predecessor_index=10
HELLO_REPEAT_ORDER_ONLY_PATH context=6 unit=175733 cumulative=102.835 predecessor=185764 predecessor_index=2
HELLO_REPEAT_ORDER_ONLY_PATH context=6 unit=236771 cumulative=102.671 predecessor=39483 predecessor_index=14
HELLO_REPEAT_ORDER_ONLY_PATH context=6 unit=104395 cumulative=101.78 predecessor=39483 predecessor_index=14
HELLO_REPEAT_ORDER_ONLY_PATH context=6 unit=224814 cumulative=103.981 predecessor=185764 predecessor_index=2
HELLO_REPEAT_ORDER_ONLY_PATH context=6 unit=53980 cumulative=121.413 predecessor=185764 predecessor_index=2
HELLO_REPEAT_ORDER_ONLY_PATH context=6 unit=49874 cumulative=98.9221 predecessor=34312 predecessor_index=15
HELLO_REPEAT_ORDER_ONLY_PATH context=6 unit=253930 cumulative=105.548 predecessor=185764 predecessor_index=2
HELLO_REPEAT_ORDER_ONLY_PATH context=6 unit=59454 cumulative=108.859 predecessor=39483 predecessor_index=14
HELLO_REPEAT_ORDER_ONLY_PATH context=6 unit=200608 cumulative=103.629 predecessor=185764 predecessor_index=2
HELLO_REPEAT_ORDER_ONLY_PATH context=6 unit=27063 cumulative=102.652 predecessor=39483 predecessor_index=14
HELLO_REPEAT_ORDER_ONLY_PATH context=6 unit=5030 cumulative=108.491 predecessor=212344 predecessor_index=7
HELLO_REPEAT_ORDER_ONLY_PATH context=6 unit=197810 cumulative=103.352 predecessor=185764 predecessor_index=2
HELLO_REPEAT_ORDER_ONLY_PATH context=6 unit=8054 cumulative=98.7141 predecessor=185764 predecessor_index=2
HELLO_REPEAT_ORDER_ONLY_PATH context=6 unit=200323 cumulative=101.118 predecessor=185764 predecessor_index=2
HELLO_REPEAT_ORDER_ONLY_PATH context=6 unit=13167 cumulative=101.221 predecessor=185764 predecessor_index=2
HELLO_REPEAT_ORDER_ONLY_PATH context=6 unit=264213 cumulative=103.758 predecessor=185764 predecessor_index=2
HELLO_REPEAT_ORDER_ONLY_PATH context=6 unit=160974 cumulative=102.52 predecessor=185764 predecessor_index=2
HELLO_REPEAT_ORDER_ONLY_PATH context=6 unit=231058 cumulative=109.488 predecessor=185764 predecessor_index=2
HELLO_REPEAT_ORDER_ONLY_PATH context=6 unit=180633 cumulative=105.107 predecessor=185764 predecessor_index=2
HELLO_REPEAT_ORDER_ONLY_PATH context=6 unit=92734 cumulative=105.549 predecessor=39483 predecessor_index=14
HELLO_REPEAT_ORDER_ONLY_PATH context=6 unit=220757 cumulative=102.717 predecessor=39483 predecessor_index=14
HELLO_REPEAT_ORDER_ONLY_PATH context=6 unit=5327 cumulative=102.752 predecessor=185764 predecessor_index=2
HELLO_REPEAT_ORDER_ONLY_PATH context=6 unit=9887 cumulative=116.07 predecessor=185764 predecessor_index=2
HELLO_REPEAT_ORDER_ONLY_TRANSITION_ENTER context=7 current_count=30 previous_count=25
Temporary breakpoint 13 at 0x100248d6
HELLO_REPEAT_ORDER_ONLY_TRANSITION_RETURN context=7 candidates=30
HELLO_REPEAT_ORDER_ONLY_PATH context=7 unit=272822 cumulative=169.255 predecessor=8054 predecessor_index=16
HELLO_REPEAT_ORDER_ONLY_PATH context=7 unit=273369 cumulative=146.642 predecessor=128049 predecessor_index=3
HELLO_REPEAT_ORDER_ONLY_PATH context=7 unit=114916 cumulative=130.665 predecessor=114916 predecessor_index=1
HELLO_REPEAT_ORDER_ONLY_PATH context=7 unit=4515 cumulative=135.6 predecessor=8054 predecessor_index=16
HELLO_REPEAT_ORDER_ONLY_PATH context=7 unit=186880 cumulative=128.567 predecessor=13167 predecessor_index=18
HELLO_REPEAT_ORDER_ONLY_PATH context=7 unit=212340 cumulative=124.838 predecessor=13167 predecessor_index=18
HELLO_REPEAT_ORDER_ONLY_PATH context=7 unit=48159 cumulative=130.799 predecessor=8054 predecessor_index=16
HELLO_REPEAT_ORDER_ONLY_PATH context=7 unit=257554 cumulative=123.569 predecessor=243207 predecessor_index=5
HELLO_REPEAT_ORDER_ONLY_PATH context=7 unit=253981 cumulative=131.96 predecessor=184280 predecessor_index=0
HELLO_REPEAT_ORDER_ONLY_PATH context=7 unit=63876 cumulative=125.558 predecessor=243207 predecessor_index=5
HELLO_REPEAT_ORDER_ONLY_PATH context=7 unit=239199 cumulative=135.037 predecessor=8054 predecessor_index=16
HELLO_REPEAT_ORDER_ONLY_PATH context=7 unit=267613 cumulative=126.179 predecessor=8054 predecessor_index=16
HELLO_REPEAT_ORDER_ONLY_PATH context=7 unit=273222 cumulative=125.951 predecessor=200323 predecessor_index=17
HELLO_REPEAT_ORDER_ONLY_PATH context=7 unit=225024 cumulative=133.012 predecessor=49874 predecessor_index=11
HELLO_REPEAT_ORDER_ONLY_PATH context=7 unit=252124 cumulative=133.773 predecessor=243207 predecessor_index=5
HELLO_REPEAT_ORDER_ONLY_PATH context=7 unit=219785 cumulative=133.868 predecessor=49874 predecessor_index=11
HELLO_REPEAT_ORDER_ONLY_PATH context=7 unit=76688 cumulative=124.598 predecessor=8054 predecessor_index=16
HELLO_REPEAT_ORDER_ONLY_PATH context=7 unit=179241 cumulative=132.174 predecessor=8054 predecessor_index=16
HELLO_REPEAT_ORDER_ONLY_PATH context=7 unit=40356 cumulative=133.249 predecessor=8054 predecessor_index=16
HELLO_REPEAT_ORDER_ONLY_PATH context=7 unit=178624 cumulative=129.915 predecessor=8054 predecessor_index=16
HELLO_REPEAT_ORDER_ONLY_PATH context=7 unit=259028 cumulative=130.306 predecessor=5327 predecessor_index=24
HELLO_REPEAT_ORDER_ONLY_PATH context=7 unit=238133 cumulative=137.882 predecessor=8054 predecessor_index=16
HELLO_REPEAT_ORDER_ONLY_PATH context=7 unit=233001 cumulative=131.611 predecessor=8054 predecessor_index=16
HELLO_REPEAT_ORDER_ONLY_PATH context=7 unit=195241 cumulative=125.501 predecessor=8054 predecessor_index=16
HELLO_REPEAT_ORDER_ONLY_PATH context=7 unit=131099 cumulative=144.326 predecessor=8054 predecessor_index=16
HELLO_REPEAT_ORDER_ONLY_PATH context=7 unit=126060 cumulative=132.287 predecessor=8054 predecessor_index=16
HELLO_REPEAT_ORDER_ONLY_PATH context=7 unit=127889 cumulative=146.329 predecessor=8054 predecessor_index=16
HELLO_REPEAT_ORDER_ONLY_PATH context=7 unit=110456 cumulative=132.313 predecessor=8054 predecessor_index=16
HELLO_REPEAT_ORDER_ONLY_PATH context=7 unit=29828 cumulative=129.321 predecessor=8054 predecessor_index=16
HELLO_REPEAT_ORDER_ONLY_PATH context=7 unit=181914 cumulative=127.637 predecessor=8054 predecessor_index=16
HELLO_REPEAT_ORDER_ONLY_TRANSITION_ENTER context=8 current_count=10 previous_count=26
Temporary breakpoint 14 at 0x100248d6
HELLO_REPEAT_ORDER_ONLY_TRANSITION_RETURN context=8 candidates=10
HELLO_REPEAT_ORDER_ONLY_PATH context=8 unit=272823 cumulative=163.201 predecessor=195241 predecessor_index=21
HELLO_REPEAT_ORDER_ONLY_PATH context=8 unit=264072 cumulative=164.833 predecessor=63876 predecessor_index=8
HELLO_REPEAT_ORDER_ONLY_PATH context=8 unit=273370 cumulative=165.738 predecessor=76688 predecessor_index=15
HELLO_REPEAT_ORDER_ONLY_PATH context=8 unit=13942 cumulative=171.309 predecessor=63876 predecessor_index=8
HELLO_REPEAT_ORDER_ONLY_PATH context=8 unit=272152 cumulative=173.548 predecessor=63876 predecessor_index=8
HELLO_REPEAT_ORDER_ONLY_PATH context=8 unit=36540 cumulative=175.156 predecessor=63876 predecessor_index=8
HELLO_REPEAT_ORDER_ONLY_PATH context=8 unit=53487 cumulative=170.991 predecessor=267613 predecessor_index=10
HELLO_REPEAT_ORDER_ONLY_PATH context=8 unit=96599 cumulative=176.909 predecessor=63876 predecessor_index=8
HELLO_REPEAT_ORDER_ONLY_PATH context=8 unit=268760 cumulative=167.913 predecessor=178624 predecessor_index=18
HELLO_REPEAT_ORDER_ONLY_PATH context=8 unit=145101 cumulative=188.76 predecessor=181914 predecessor_index=25
HELLO_REPEAT_ORDER_ONLY_TRANSITION_ENTER context=9 current_count=23 previous_count=10
Temporary breakpoint 15 at 0x100248d6
HELLO_REPEAT_ORDER_ONLY_TRANSITION_RETURN context=9 candidates=23
HELLO_REPEAT_ORDER_ONLY_PATH context=9 unit=272823 cumulative=192.034 predecessor=272823 predecessor_index=0
HELLO_REPEAT_ORDER_ONLY_PATH context=9 unit=273370 cumulative=195.15 predecessor=273370 predecessor_index=2
HELLO_REPEAT_ORDER_ONLY_PATH context=9 unit=264072 cumulative=196.205 predecessor=264072 predecessor_index=1
HELLO_REPEAT_ORDER_ONLY_PATH context=9 unit=13942 cumulative=204.153 predecessor=13942 predecessor_index=3
HELLO_REPEAT_ORDER_ONLY_PATH context=9 unit=272152 cumulative=209 predecessor=272152 predecessor_index=4
HELLO_REPEAT_ORDER_ONLY_PATH context=9 unit=36540 cumulative=215.566 predecessor=36540 predecessor_index=5
HELLO_REPEAT_ORDER_ONLY_PATH context=9 unit=268760 cumulative=208.178 predecessor=268760 predecessor_index=8
HELLO_REPEAT_ORDER_ONLY_PATH context=9 unit=96599 cumulative=217.346 predecessor=96599 predecessor_index=7
HELLO_REPEAT_ORDER_ONLY_PATH context=9 unit=53487 cumulative=211.245 predecessor=53487 predecessor_index=6
HELLO_REPEAT_ORDER_ONLY_PATH context=9 unit=4105 cumulative=261.482 predecessor=273370 predecessor_index=2
HELLO_REPEAT_ORDER_ONLY_PATH context=9 unit=72577 cumulative=250.035 predecessor=273370 predecessor_index=2
HELLO_REPEAT_ORDER_ONLY_PATH context=9 unit=63692 cumulative=264.29 predecessor=272823 predecessor_index=0
HELLO_REPEAT_ORDER_ONLY_PATH context=9 unit=93736 cumulative=256.774 predecessor=268760 predecessor_index=8
HELLO_REPEAT_ORDER_ONLY_PATH context=9 unit=235111 cumulative=265.517 predecessor=268760 predecessor_index=8
HELLO_REPEAT_ORDER_ONLY_PATH context=9 unit=57821 cumulative=312.877 predecessor=13942 predecessor_index=3
HELLO_REPEAT_ORDER_ONLY_PATH context=9 unit=128526 cumulative=265.257 predecessor=272823 predecessor_index=0
HELLO_REPEAT_ORDER_ONLY_PATH context=9 unit=2244 cumulative=316.621 predecessor=13942 predecessor_index=3
HELLO_REPEAT_ORDER_ONLY_PATH context=9 unit=64011 cumulative=302.923 predecessor=13942 predecessor_index=3
HELLO_REPEAT_ORDER_ONLY_PATH context=9 unit=48369 cumulative=280.574 predecessor=13942 predecessor_index=3
HELLO_REPEAT_ORDER_ONLY_PATH context=9 unit=45237 cumulative=266.224 predecessor=272823 predecessor_index=0
HELLO_REPEAT_ORDER_ONLY_PATH context=9 unit=77285 cumulative=256.345 predecessor=264072 predecessor_index=1
HELLO_REPEAT_ORDER_ONLY_PATH context=9 unit=281786 cumulative=270.403 predecessor=273370 predecessor_index=2
HELLO_REPEAT_ORDER_ONLY_PATH context=9 unit=115179 cumulative=264.868 predecessor=273370 predecessor_index=2
HELLO_REPEAT_ORDER_ONLY_TRANSITION_ENTER context=10 current_count=25 previous_count=12
Temporary breakpoint 16 at 0x100248d6
HELLO_REPEAT_ORDER_ONLY_TRANSITION_RETURN context=10 candidates=25
HELLO_REPEAT_ORDER_ONLY_PATH context=10 unit=272824 cumulative=205.75 predecessor=272823 predecessor_index=0
HELLO_REPEAT_ORDER_ONLY_PATH context=10 unit=264073 cumulative=207.538 predecessor=264072 predecessor_index=2
HELLO_REPEAT_ORDER_ONLY_PATH context=10 unit=273371 cumulative=208.47 predecessor=273370 predecessor_index=1
HELLO_REPEAT_ORDER_ONLY_PATH context=10 unit=13943 cumulative=220.645 predecessor=13942 predecessor_index=3
HELLO_REPEAT_ORDER_ONLY_PATH context=10 unit=272153 cumulative=234.956 predecessor=272152 predecessor_index=4
HELLO_REPEAT_ORDER_ONLY_PATH context=10 unit=265815 cumulative=368.119 predecessor=272823 predecessor_index=0
HELLO_REPEAT_ORDER_ONLY_PATH context=10 unit=252236 cumulative=370.313 predecessor=272823 predecessor_index=0
HELLO_REPEAT_ORDER_ONLY_PATH context=10 unit=238356 cumulative=345.911 predecessor=273370 predecessor_index=1
HELLO_REPEAT_ORDER_ONLY_PATH context=10 unit=233274 cumulative=363.204 predecessor=272823 predecessor_index=0
HELLO_REPEAT_ORDER_ONLY_PATH context=10 unit=206047 cumulative=353.435 predecessor=273370 predecessor_index=1
HELLO_REPEAT_ORDER_ONLY_PATH context=10 unit=173825 cumulative=363.744 predecessor=273370 predecessor_index=1
HELLO_REPEAT_ORDER_ONLY_PATH context=10 unit=160529 cumulative=377.948 predecessor=272823 predecessor_index=0
HELLO_REPEAT_ORDER_ONLY_PATH context=10 unit=153132 cumulative=343.72 predecessor=272823 predecessor_index=0
HELLO_REPEAT_ORDER_ONLY_PATH context=10 unit=146098 cumulative=369.415 predecessor=272823 predecessor_index=0
HELLO_REPEAT_ORDER_ONLY_PATH context=10 unit=105185 cumulative=368.959 predecessor=272823 predecessor_index=0
HELLO_REPEAT_ORDER_ONLY_PATH context=10 unit=87003 cumulative=343.955 predecessor=273370 predecessor_index=1
HELLO_REPEAT_ORDER_ONLY_PATH context=10 unit=83568 cumulative=363 predecessor=272823 predecessor_index=0
HELLO_REPEAT_ORDER_ONLY_PATH context=10 unit=75575 cumulative=379.117 predecessor=272823 predecessor_index=0
HELLO_REPEAT_ORDER_ONLY_PATH context=10 unit=49761 cumulative=347.107 predecessor=273370 predecessor_index=1
HELLO_REPEAT_ORDER_ONLY_PATH context=10 unit=31841 cumulative=359.309 predecessor=273370 predecessor_index=1
HELLO_REPEAT_ORDER_ONLY_PATH context=10 unit=29459 cumulative=371.634 predecessor=272823 predecessor_index=0
HELLO_REPEAT_ORDER_ONLY_PATH context=10 unit=28296 cumulative=375.926 predecessor=264072 predecessor_index=2
HELLO_REPEAT_ORDER_ONLY_PATH context=10 unit=6519 cumulative=369.428 predecessor=272823 predecessor_index=0
HELLO_REPEAT_ORDER_ONLY_PATH context=10 unit=4632 cumulative=356.799 predecessor=273370 predecessor_index=1
HELLO_REPEAT_ORDER_ONLY_PATH context=10 unit=2529 cumulative=368.709 predecessor=264072 predecessor_index=2
HELLO_REPEAT_ORDER_ONLY_TRANSITION_ENTER context=11 current_count=25 previous_count=15
Temporary breakpoint 17 at 0x100248d6
HELLO_REPEAT_ORDER_ONLY_TRANSITION_RETURN context=11 candidates=25
HELLO_REPEAT_ORDER_ONLY_PATH context=11 unit=272825 cumulative=210.411 predecessor=272824 predecessor_index=0
HELLO_REPEAT_ORDER_ONLY_PATH context=11 unit=264074 cumulative=213.03 predecessor=264073 predecessor_index=1
HELLO_REPEAT_ORDER_ONLY_PATH context=11 unit=273372 cumulative=243.112 predecessor=273371 predecessor_index=2
HELLO_REPEAT_ORDER_ONLY_PATH context=11 unit=13944 cumulative=252.406 predecessor=264073 predecessor_index=1
HELLO_REPEAT_ORDER_ONLY_PATH context=11 unit=282675 cumulative=266.931 predecessor=273371 predecessor_index=2
HELLO_REPEAT_ORDER_ONLY_PATH context=11 unit=282025 cumulative=249.002 predecessor=264073 predecessor_index=1
HELLO_REPEAT_ORDER_ONLY_PATH context=11 unit=255282 cumulative=241.295 predecessor=273371 predecessor_index=2
HELLO_REPEAT_ORDER_ONLY_PATH context=11 unit=246677 cumulative=243.722 predecessor=264073 predecessor_index=1
HELLO_REPEAT_ORDER_ONLY_PATH context=11 unit=5170 cumulative=241.495 predecessor=273371 predecessor_index=2
HELLO_REPEAT_ORDER_ONLY_PATH context=11 unit=1869 cumulative=255.497 predecessor=273371 predecessor_index=2
HELLO_REPEAT_ORDER_ONLY_PATH context=11 unit=282713 cumulative=255.292 predecessor=272824 predecessor_index=0
HELLO_REPEAT_ORDER_ONLY_PATH context=11 unit=255006 cumulative=346.432 predecessor=264073 predecessor_index=1
HELLO_REPEAT_ORDER_ONLY_PATH context=11 unit=232750 cumulative=282.43 predecessor=272824 predecessor_index=0
HELLO_REPEAT_ORDER_ONLY_PATH context=11 unit=65726 cumulative=276.273 predecessor=272824 predecessor_index=0
HELLO_REPEAT_ORDER_ONLY_PATH context=11 unit=268761 cumulative=271.3 predecessor=272824 predecessor_index=0
HELLO_REPEAT_ORDER_ONLY_PATH context=11 unit=241241 cumulative=346.447 predecessor=272824 predecessor_index=0
HELLO_REPEAT_ORDER_ONLY_PATH context=11 unit=208339 cumulative=284.932 predecessor=264073 predecessor_index=1
HELLO_REPEAT_ORDER_ONLY_PATH context=11 unit=243651 cumulative=338.111 predecessor=272824 predecessor_index=0
HELLO_REPEAT_ORDER_ONLY_PATH context=11 unit=211910 cumulative=335.037 predecessor=272824 predecessor_index=0
HELLO_REPEAT_ORDER_ONLY_PATH context=11 unit=149397 cumulative=364.617 predecessor=273371 predecessor_index=2
HELLO_REPEAT_ORDER_ONLY_PATH context=11 unit=132211 cumulative=347.661 predecessor=264073 predecessor_index=1
HELLO_REPEAT_ORDER_ONLY_PATH context=11 unit=171885 cumulative=301.575 predecessor=273371 predecessor_index=2
HELLO_REPEAT_ORDER_ONLY_PATH context=11 unit=224354 cumulative=347.932 predecessor=264073 predecessor_index=1
HELLO_REPEAT_ORDER_ONLY_PATH context=11 unit=168174 cumulative=346.867 predecessor=264073 predecessor_index=1
HELLO_REPEAT_ORDER_ONLY_PATH context=11 unit=33050 cumulative=352.384 predecessor=273371 predecessor_index=2
HELLO_REPEAT_ORDER_ONLY_TRANSITION_ENTER context=12 current_count=28 previous_count=16
Temporary breakpoint 18 at 0x100248d6
HELLO_REPEAT_ORDER_ONLY_TRANSITION_RETURN context=12 candidates=28
HELLO_REPEAT_ORDER_ONLY_PATH context=12 unit=272825 cumulative=215.379 predecessor=272825 predecessor_index=0
HELLO_REPEAT_ORDER_ONLY_PATH context=12 unit=264074 cumulative=219.412 predecessor=264074 predecessor_index=1
HELLO_REPEAT_ORDER_ONLY_PATH context=12 unit=1869 cumulative=254.018 predecessor=272825 predecessor_index=0
HELLO_REPEAT_ORDER_ONLY_PATH context=12 unit=282713 cumulative=327.457 predecessor=282713 predecessor_index=10
HELLO_REPEAT_ORDER_ONLY_PATH context=12 unit=282675 cumulative=310.713 predecessor=272825 predecessor_index=0
HELLO_REPEAT_ORDER_ONLY_PATH context=12 unit=282025 cumulative=306.031 predecessor=272825 predecessor_index=0
HELLO_REPEAT_ORDER_ONLY_PATH context=12 unit=255282 cumulative=254.388 predecessor=272825 predecessor_index=0
HELLO_REPEAT_ORDER_ONLY_PATH context=12 unit=246677 cumulative=262.094 predecessor=264074 predecessor_index=1
HELLO_REPEAT_ORDER_ONLY_PATH context=12 unit=5170 cumulative=254.014 predecessor=272825 predecessor_index=0
HELLO_REPEAT_ORDER_ONLY_PATH context=12 unit=282035 cumulative=326.887 predecessor=272825 predecessor_index=0
HELLO_REPEAT_ORDER_ONLY_PATH context=12 unit=200069 cumulative=299.125 predecessor=264074 predecessor_index=1
HELLO_REPEAT_ORDER_ONLY_PATH context=12 unit=136758 cumulative=303.801 predecessor=272825 predecessor_index=0
HELLO_REPEAT_ORDER_ONLY_PATH context=12 unit=74841 cumulative=299.031 predecessor=272825 predecessor_index=0
HELLO_REPEAT_ORDER_ONLY_PATH context=12 unit=33797 cumulative=298.875 predecessor=272825 predecessor_index=0
HELLO_REPEAT_ORDER_ONLY_PATH context=12 unit=280962 cumulative=335.17 predecessor=273372 predecessor_index=2
HELLO_REPEAT_ORDER_ONLY_PATH context=12 unit=66928 cumulative=328.109 predecessor=272825 predecessor_index=0
HELLO_REPEAT_ORDER_ONLY_PATH context=12 unit=281739 cumulative=305.876 predecessor=272825 predecessor_index=0
HELLO_REPEAT_ORDER_ONLY_PATH context=12 unit=282031 cumulative=311.47 predecessor=272825 predecessor_index=0
HELLO_REPEAT_ORDER_ONLY_PATH context=12 unit=200145 cumulative=338.829 predecessor=273372 predecessor_index=2
HELLO_REPEAT_ORDER_ONLY_PATH context=12 unit=282647 cumulative=343.207 predecessor=282713 predecessor_index=10
HELLO_REPEAT_ORDER_ONLY_PATH context=12 unit=282009 cumulative=319.203 predecessor=272825 predecessor_index=0
HELLO_REPEAT_ORDER_ONLY_PATH context=12 unit=281857 cumulative=306.796 predecessor=272825 predecessor_index=0
HELLO_REPEAT_ORDER_ONLY_PATH context=12 unit=281980 cumulative=322.944 predecessor=272825 predecessor_index=0
HELLO_REPEAT_ORDER_ONLY_PATH context=12 unit=105189 cumulative=308.65 predecessor=272825 predecessor_index=0
HELLO_REPEAT_ORDER_ONLY_PATH context=12 unit=94772 cumulative=350.438 predecessor=264074 predecessor_index=1
HELLO_REPEAT_ORDER_ONLY_PATH context=12 unit=27246 cumulative=305.43 predecessor=264074 predecessor_index=1
HELLO_REPEAT_ORDER_ONLY_PATH context=12 unit=23010 cumulative=318.546 predecessor=264074 predecessor_index=1
HELLO_REPEAT_ORDER_ONLY_PATH context=12 unit=28799 cumulative=298.388 predecessor=272825 predecessor_index=0
HELLO_REPEAT_ORDER_ONLY_SELECTED n=1 id=272822
HELLO_REPEAT_ORDER_ONLY_SELECTED n=2 id=272823
HELLO_REPEAT_ORDER_ONLY_SELECTED n=3 id=272823
HELLO_REPEAT_ORDER_ONLY_SELECTED n=4 id=272824
HELLO_REPEAT_ORDER_ONLY_SELECTED n=5 id=185764
HELLO_REPEAT_ORDER_ONLY_SELECTED n=6 id=185764
HELLO_REPEAT_ORDER_ONLY_SELECTED n=7 id=8054
HELLO_REPEAT_ORDER_ONLY_SELECTED n=8 id=195241
HELLO_REPEAT_ORDER_ONLY_SELECTED n=9 id=272823
HELLO_REPEAT_ORDER_ONLY_SELECTED n=10 id=272823
HELLO_REPEAT_ORDER_ONLY_SELECTED n=11 id=272824
HELLO_REPEAT_ORDER_ONLY_SELECTED n=12 id=272825
HELLO_REPEAT_ORDER_ONLY_SELECTED n=13 id=272825
HELLO_REPEAT_ORDER_ONLY_SELECTED n=14 id=185763
HELLO_REPEAT_ORDER_ONLY_SELECTED n=15 id=272825
HELLO_REPEAT_ORDER_ONLY_SELECTED n=16 id=8053
HELLO_REPEAT_ORDER_ONLY_SELECTED n=17 id=195241
HELLO_REPEAT_ORDER_ONLY_SELECTED n=18 id=8054
HELLO_REPEAT_ORDER_ONLY_SELECTED n=19 id=272822
HELLO_REPEAT_ORDER_ONLY_SELECTED n=20 id=195242
[Inferior 1 (Remote target) exited normally]
Wine-gdb> 0114:0118: create process 'Z:\samples\voicetext_kate.exe'/00000000 @004014C0 (450560<1847>)
0114:0118: create thread I @004014C0
0114:0118: loads DLL C:\windows\system32\ntdll.dll @7BD10000 (2994176<5095>)
0114:0118: loads DLL C:\windows\system32\kernel32.dll @7BB90000 (1466368<19395>)
0114:0118: loads DLL C:\windows\system32\kernelbase.dll @7B650000 (5410816<14148>)
0114:0118: loads DLL C:\windows\system32\msvcrt.dll @7B2A0000 (2715648<8214>)
0114:0118: loads DLL Z:\samples\vt_kat.dll @10000000 (0<0>)
0114:0118: loads DLL C:\windows\system32\WINMM.dll @78EC0000 (1474560<4890>)
0114:0118: loads DLL C:\windows\system32\advapi32.dll @7B550000 (958464<7400>)
0114:0118: loads DLL C:\windows\system32\sechost.dll @7B200000 (565248<3163>)
0114:0118: loads DLL C:\windows\system32\ucrtbase.dll @7AEE0000 (3198976<11541>)
0114:0118: loads DLL C:\windows\system32\msacm32.dll @78E40000 (413696<1982>)
0114:0118: loads DLL C:\windows\system32\user32.dll @7A160000 (5005312<14159>)
0114:0118: loads DLL Z:\samples\zlib1.dll @7A120000 (135680<0>)
0114:0118: loads DLL C:\windows\system32\gdi32.dll @7A640000 (2355200<7390>)
0114:0118: loads DLL C:\windows\system32\win32u.dll @7A0D0000 (221184<1966>)
0114:0118: loads DLL C:\windows\system32\ole32.dll @7A9F0000 (4440064<14323>)
0114:0118: loads DLL C:\windows\system32\combase.dll @7A890000 (1314816<7562>)
0114:0118: loads DLL C:\windows\system32\rpcrt4.dll @79EA0000 (2162688<9274>)
0114:0118: loads DLL C:\windows\system32\coml2.dll @79E40000 (262144<3883>)
0114:0118: loads DLL C:\windows\system32\iphlpapi.dll @779C0000 (487424<4777>)
0114:0118: loads DLL C:\windows\system32\dnsapi.dll @77970000 (258048<1399>)
0114:0118: loads DLL C:\windows\system32\nsi.dll @77940000 (118784<823>)
0114:0118: loads DLL C:\windows\system32\ws2_32.dll @7AE40000 (565248<2279>)
0114:0118: loads DLL C:\windows\system32\tzres.dll @009C0000 (0<0>)
00000114:00000118: unload DLL @009C0000
0114:0118: loads DLL C:\windows\system32\tzres.dll @009C0000 (0<0>)
00000114:00000118: unload DLL @009C0000
0114:0118: loads DLL C:\windows\system32\imm32.dll @782F0000 (401408<2996>)
0114:0118: loads DLL C:\windows\system32\winex11.drv @780F0000 (307200<4314>)
0114:0118: loads DLL C:\windows\system32\uxtheme.dll @78030000 (671744<3646>)
00000114:00000118: exit process (0)
X connection to :99 broken (explicit kill or server shutdown).
X connection to :99 broken (explicit kill or server shutdown).
