GNU gdb (Ubuntu 15.1-1ubuntu1~24.04.1) 15.1
Copyright (C) 2024 Free Software Foundation, Inc.
License GPLv3+: GNU GPL version 3 or later <http://gnu.org/licenses/gpl.html>
This is free software: you are free to change and redistribute it.
There is NO WARRANTY, to the extent permitted by law.
Type "show copying" and "show warranty" for details.
This GDB was configured as "x86_64-linux-gnu".
Type "show configuration" for configuration details.
For bug reporting instructions, please see:
<https://www.gnu.org/software/gdb/bugs/>.
Find the GDB manual and other documentation resources online at:
    <http://www.gnu.org/software/gdb/documentation/>.

For help, type "help".
Type "apropos word" to search for commands related to "word".
warning: remote target does not support file transfer, attempting to access files from local filesystem.
Reading symbols from /samples/voicetext_kate.exe...
0x7bd64525 in DbgBreakPoint@0 ()
   from /usr/lib/i386-linux-gnu/wine/i386-windows/ntdll.dll
Wine-gdb> Wine-gdb> Wine-gdb> Wine-gdb> Signal        Stop	Print	Pass to program	Description
SIGSEGV       No	No	Yes		Segmentation fault
Wine-gdb> Wine-gdb> Wine-gdb> Copying output to /work/corpus-parity/stage20/hello-repeat-2013-bit7-matched-late-edges/adapted-matched-edges-gdb.log.
Copying debug output to /work/corpus-parity/stage20/hello-repeat-2013-bit7-matched-late-edges/adapted-matched-edges-gdb.log.
Wine-gdb> Already logging to /work/corpus-parity/stage20/hello-repeat-2013-bit7-matched-late-edges/adapted-matched-edges-gdb.log.
Wine-gdb> Wine-gdb> Breakpoint 1 at 0x10023331
Wine-gdb> >>>> > > >  >  >   >   >  >  > >>>Wine-gdb> Wine-gdb> Wine-gdb> Hardware assisted breakpoint 2 at 0x100191bc
Wine-gdb> >>>>>> > > > > > > > >>>Wine-gdb> Wine-gdb> Hardware assisted breakpoint 3 at 0x408187
Wine-gdb> >>>>Wine-gdb> Wine-gdb> Continuing.
BIT7_MATCHED_EDGE context=4 current=232670 previous=264073 feature=6.96275 divisor=1 penalty=0 previous_path=46.9568 local=5.77679 total=59.6964
BIT7_MATCHED_EDGE context=4 current=232670 previous=2529 feature=35.7694 divisor=1 penalty=0 previous_path=191.787 local=5.77679 total=233.333
BIT7_MATCHED_EDGE context=4 current=232670 previous=272824 feature=55.8792 divisor=1 penalty=0 previous_path=74.7088 local=5.77679 total=136.365
BIT7_MATCHED_EDGE context=4 current=232670 previous=272153 feature=10.1497 divisor=1 penalty=0 previous_path=74.5364 local=5.77679 total=90.4629
BIT7_MATCHED_EDGE context=4 current=232670 previous=252236 feature=44.5648 divisor=1 penalty=0 previous_path=197.744 local=5.77679 total=248.086
BIT7_MATCHED_EDGE context=4 current=232670 previous=238356 feature=88.0606 divisor=1 penalty=0 previous_path=189.093 local=5.77679 total=282.931
BIT7_MATCHED_EDGE context=4 current=232670 previous=233274 feature=11.8049 divisor=1 penalty=0 previous_path=197.536 local=5.77679 total=215.118
BIT7_MATCHED_EDGE context=4 current=232670 previous=206047 feature=25.3131 divisor=1 penalty=0 previous_path=191.642 local=5.77679 total=222.732
BIT7_MATCHED_EDGE context=4 current=232670 previous=173825 feature=48.6212 divisor=1 penalty=0 previous_path=188.534 local=5.77679 total=242.932
BIT7_MATCHED_EDGE context=4 current=232670 previous=153132 feature=25.2454 divisor=1 penalty=0 previous_path=172.09 local=5.77679 total=203.113
BIT7_MATCHED_EDGE context=4 current=232670 previous=146098 feature=30.9015 divisor=1 penalty=0 previous_path=198.868 local=5.77679 total=235.546
BIT7_MATCHED_EDGE context=4 current=232670 previous=105185 feature=44.2557 divisor=1 penalty=0 previous_path=198.496 local=5.77679 total=248.529
BIT7_MATCHED_EDGE context=4 current=232670 previous=87003 feature=54.9764 divisor=1 penalty=0 previous_path=188.782 local=5.77679 total=249.535
BIT7_MATCHED_EDGE context=4 current=232670 previous=49761 feature=67.4516 divisor=1 penalty=0 previous_path=191.558 local=5.77679 total=264.787
BIT7_MATCHED_EDGE context=4 current=232670 previous=31841 feature=26.2564 divisor=1 penalty=0 previous_path=195.12 local=5.77679 total=227.153
BIT7_MATCHED_EDGE context=4 current=232670 previous=28296 feature=56.4614 divisor=1 penalty=0 previous_path=192.849 local=5.77679 total=255.087
BIT7_MATCHED_EDGE context=4 current=232670 previous=13943 feature=10.4911 divisor=1 penalty=0 previous_path=79.2742 local=5.77679 total=95.5421
BIT7_MATCHED_EDGE context=4 current=232670 previous=6519 feature=40.8092 divisor=1 penalty=0 previous_path=199.511 local=5.77679 total=246.097
BIT7_MATCHED_EDGE context=4 current=232670 previous=4632 feature=2.38109 divisor=1 penalty=0 previous_path=189.452 local=5.77679 total=197.61
BIT7_MATCHED_EDGE context=4 current=232670 previous=273371 feature=6.98895 divisor=1 penalty=0 previous_path=66.3776 local=5.77679 total=79.1433
BIT7_MATCHED_EDGE context=4 current=208339 previous=264073 feature=7.71861 divisor=1 penalty=0 previous_path=46.9568 local=5.85963 total=60.5351
BIT7_MATCHED_EDGE context=4 current=208339 previous=2529 feature=28.3757 divisor=1 penalty=0 previous_path=191.787 local=5.85963 total=226.022
BIT7_MATCHED_EDGE context=4 current=208339 previous=272824 feature=48.4345 divisor=1 penalty=0 previous_path=74.7088 local=5.85963 total=129.003
BIT7_MATCHED_EDGE context=4 current=208339 previous=272153 feature=9.10948 divisor=1 penalty=0 previous_path=74.5364 local=5.85963 total=89.5055
BIT7_MATCHED_EDGE context=4 current=208339 previous=252236 feature=36.8664 divisor=1 penalty=0 previous_path=197.744 local=5.85963 total=240.47
BIT7_MATCHED_EDGE context=4 current=208339 previous=238356 feature=101.26 divisor=1 penalty=0 previous_path=189.093 local=5.85963 total=296.214
BIT7_MATCHED_EDGE context=4 current=208339 previous=233274 feature=9.92248 divisor=1 penalty=0 previous_path=197.536 local=5.85963 total=213.318
BIT7_MATCHED_EDGE context=4 current=208339 previous=206047 feature=32.8194 divisor=1 penalty=0 previous_path=191.642 local=5.85963 total=230.321
BIT7_MATCHED_EDGE context=4 current=208339 previous=173825 feature=40.6107 divisor=1 penalty=0 previous_path=188.534 local=5.85963 total=235.005
BIT7_MATCHED_EDGE context=4 current=208339 previous=153132 feature=19.5846 divisor=1 penalty=0 previous_path=172.09 local=5.85963 total=197.535
BIT7_MATCHED_EDGE context=4 current=208339 previous=146098 feature=25.0772 divisor=1 penalty=0 previous_path=198.868 local=5.85963 total=229.805
BIT7_MATCHED_EDGE context=4 current=208339 previous=105185 feature=36.7321 divisor=1 penalty=0 previous_path=198.496 local=5.85963 total=241.088
BIT7_MATCHED_EDGE context=4 current=208339 previous=87003 feature=64.9058 divisor=1 penalty=0 previous_path=188.782 local=5.85963 total=259.548
BIT7_MATCHED_EDGE context=4 current=208339 previous=49761 feature=79.3495 divisor=1 penalty=0 previous_path=191.558 local=5.85963 total=276.767
BIT7_MATCHED_EDGE context=4 current=208339 previous=31841 feature=33.021 divisor=1 penalty=0 previous_path=195.12 local=5.85963 total=234
BIT7_MATCHED_EDGE context=4 current=208339 previous=28296 feature=46.6693 divisor=1 penalty=0 previous_path=192.849 local=5.85963 total=245.378
BIT7_MATCHED_EDGE context=4 current=208339 previous=13943 feature=9.7387 divisor=1 penalty=0 previous_path=79.2742 local=5.85963 total=94.8725
BIT7_MATCHED_EDGE context=4 current=208339 previous=6519 feature=33.49 divisor=1 penalty=0 previous_path=199.511 local=5.85963 total=238.861
BIT7_MATCHED_EDGE context=4 current=208339 previous=4632 feature=6.49238 divisor=1 penalty=0 previous_path=189.452 local=5.85963 total=201.804
BIT7_MATCHED_EDGE context=4 current=208339 previous=273371 feature=8.45765 divisor=1 penalty=0 previous_path=66.3776 local=5.85963 total=80.6948
BIT7_MATCHED_EDGE context=5 current=34312 previous=185764 feature=8.35244 divisor=1 penalty=5 previous_path=102.724 local=6.02302 total=122.1
BIT7_MATCHED_EDGE context=5 current=34312 previous=184279 feature=4.25155 divisor=1 penalty=5 previous_path=101.42 local=6.02302 total=116.695
BIT7_MATCHED_EDGE context=5 current=34312 previous=247104 feature=30.588 divisor=1 penalty=5 previous_path=64.0483 local=6.02302 total=105.659
BIT7_MATCHED_EDGE context=5 current=34312 previous=87447 feature=19.2335 divisor=1 penalty=5 previous_path=62.2616 local=6.02302 total=92.5182
BIT7_MATCHED_EDGE context=5 current=34312 previous=232670 feature=24.5649 divisor=1 penalty=5 previous_path=59.6964 local=6.02302 total=95.2843
BIT7_MATCHED_EDGE context=5 current=34312 previous=266905 feature=17.5029 divisor=1 penalty=5 previous_path=72.8708 local=6.02302 total=101.397
BIT7_MATCHED_EDGE context=5 current=34312 previous=208339 feature=7.68029 divisor=1 penalty=5 previous_path=60.5351 local=6.02302 total=79.2384
BIT7_MATCHED_EDGE context=5 current=34312 previous=220464 feature=8.03534 divisor=1 penalty=5 previous_path=74.9487 local=6.02302 total=94.007
BIT7_MATCHED_EDGE context=5 current=34312 previous=171885 feature=71.7774 divisor=1 penalty=5 previous_path=76.2228 local=6.02302 total=159.023
BIT7_MATCHED_EDGE context=5 current=34312 previous=232750 feature=7.7028 divisor=1 penalty=5 previous_path=90.0242 local=6.02302 total=108.75
BIT7_MATCHED_EDGE context=5 current=34312 previous=239975 feature=38.1335 divisor=1 penalty=5 previous_path=89.4306 local=6.02302 total=138.587
BIT7_MATCHED_EDGE context=5 current=34312 previous=137059 feature=31.4253 divisor=1 penalty=5 previous_path=70.6494 local=6.02302 total=113.098
BIT7_MATCHED_EDGE context=5 current=34312 previous=58828 feature=17.9827 divisor=1 penalty=5 previous_path=67.9873 local=6.02302 total=96.9931
BIT7_MATCHED_EDGE context=5 current=34312 previous=28356 feature=18.0713 divisor=1 penalty=5 previous_path=75.4011 local=6.02302 total=104.495
BIT7_MATCHED_EDGE context=5 current=34312 previous=26360 feature=19.4466 divisor=1 penalty=5 previous_path=77.1698 local=6.02302 total=107.639
BIT7_MATCHED_EDGE context=5 current=34312 previous=222800 feature=40.0866 divisor=1 penalty=5 previous_path=70.091 local=6.02302 total=121.201
BIT7_MATCHED_EDGE context=5 current=34312 previous=105444 feature=43.16 divisor=1 penalty=5 previous_path=71.5357 local=6.02302 total=125.719
BIT7_MATCHED_EDGE context=5 current=34312 previous=136589 feature=13.1512 divisor=1 penalty=5 previous_path=81.8575 local=6.02302 total=106.032
BIT7_MATCHED_EDGE context=5 current=34312 previous=53333 feature=31.3553 divisor=1 penalty=5 previous_path=81.4134 local=6.02302 total=123.792
BIT7_MATCHED_EDGE context=5 current=34312 previous=224354 feature=32.6779 divisor=1 penalty=5 previous_path=79.7812 local=6.02302 total=123.482
BIT7_MATCHED_EDGE context=5 current=34312 previous=168174 feature=18.2168 divisor=1 penalty=5 previous_path=80.7073 local=6.02302 total=109.947
BIT7_MATCHED_EDGE context=5 current=34312 previous=205629 feature=19.4542 divisor=1 penalty=5 previous_path=75.1796 local=6.02302 total=105.657
BIT7_MATCHED_EDGE context=5 current=34312 previous=232604 feature=9.35434 divisor=1 penalty=5 previous_path=81.4338 local=6.02302 total=101.811
BIT7_MATCHED_EDGE context=5 current=34312 previous=179667 feature=7.99603 divisor=1 penalty=5 previous_path=81.2854 local=6.02302 total=100.304
BIT7_MATCHED_EDGE context=5 current=34312 previous=269907 feature=8.14362 divisor=1 penalty=5 previous_path=81.0671 local=6.02302 total=100.234
BIT7_MATCHED_EDGE context=5 current=34312 previous=33050 feature=15.8102 divisor=1 penalty=5 previous_path=84.0683 local=6.02302 total=110.901
BIT7_MATCHED_EDGE context=5 current=34312 previous=95151 feature=66.5528 divisor=1 penalty=5 previous_path=85.3353 local=6.02302 total=162.911
BIT7_MATCHED_EDGE context=5 current=34312 previous=255006 feature=8.19328 divisor=1 penalty=5 previous_path=79.8894 local=6.02302 total=99.1057
BIT7_MATCHED_EDGE context=5 current=266023 previous=185764 feature=17.1734 divisor=1 penalty=5 previous_path=102.724 local=5.75951 total=130.657
BIT7_MATCHED_EDGE context=5 current=266023 previous=184279 feature=16.493 divisor=1 penalty=5 previous_path=101.42 local=5.75951 total=128.673
BIT7_MATCHED_EDGE context=5 current=266023 previous=247104 feature=8.31103 divisor=1 penalty=5 previous_path=64.0483 local=5.75951 total=83.1188
BIT7_MATCHED_EDGE context=5 current=266023 previous=87447 feature=10.3607 divisor=1 penalty=5 previous_path=62.2616 local=5.75951 total=83.3819
BIT7_MATCHED_EDGE context=5 current=266023 previous=232670 feature=8.49863 divisor=1 penalty=5 previous_path=59.6964 local=5.75951 total=78.9545
BIT7_MATCHED_EDGE context=5 current=266023 previous=266905 feature=12.7665 divisor=1 penalty=5 previous_path=72.8708 local=5.75951 total=96.3968
BIT7_MATCHED_EDGE context=5 current=266023 previous=208339 feature=19.2592 divisor=1 penalty=5 previous_path=60.5351 local=5.75951 total=90.5538
BIT7_MATCHED_EDGE context=5 current=266023 previous=220464 feature=22.3891 divisor=1 penalty=5 previous_path=74.9487 local=5.75951 total=108.097
BIT7_MATCHED_EDGE context=5 current=266023 previous=171885 feature=21.935 divisor=1 penalty=5 previous_path=76.2228 local=5.75951 total=108.917
BIT7_MATCHED_EDGE context=5 current=266023 previous=232750 feature=32.2245 divisor=1 penalty=5 previous_path=90.0242 local=5.75951 total=133.008
BIT7_MATCHED_EDGE context=5 current=266023 previous=239975 feature=97.8181 divisor=1 penalty=5 previous_path=89.4306 local=5.75951 total=198.008
BIT7_MATCHED_EDGE context=5 current=266023 previous=137059 feature=7.92508 divisor=1 penalty=5 previous_path=70.6494 local=5.75951 total=89.334
BIT7_MATCHED_EDGE context=5 current=266023 previous=58828 feature=9.77055 divisor=1 penalty=5 previous_path=67.9873 local=5.75951 total=88.5174
BIT7_MATCHED_EDGE context=5 current=266023 previous=28356 feature=9.93832 divisor=1 penalty=5 previous_path=75.4011 local=5.75951 total=96.0989
BIT7_MATCHED_EDGE context=5 current=266023 previous=26360 feature=11.5134 divisor=1 penalty=5 previous_path=77.1698 local=5.75951 total=99.4426
BIT7_MATCHED_EDGE context=5 current=266023 previous=222800 feature=10.3566 divisor=1 penalty=5 previous_path=70.091 local=5.75951 total=91.2071
BIT7_MATCHED_EDGE context=5 current=266023 previous=105444 feature=13.9122 divisor=1 penalty=5 previous_path=71.5357 local=5.75951 total=96.2073
BIT7_MATCHED_EDGE context=5 current=266023 previous=136589 feature=15.364 divisor=1 penalty=5 previous_path=81.8575 local=5.75951 total=107.981
BIT7_MATCHED_EDGE context=5 current=266023 previous=53333 feature=7.02735 divisor=1 penalty=5 previous_path=81.4134 local=5.75951 total=99.2003
BIT7_MATCHED_EDGE context=5 current=266023 previous=224354 feature=8.7682 divisor=1 penalty=5 previous_path=79.7812 local=5.75951 total=99.3089
BIT7_MATCHED_EDGE context=5 current=266023 previous=168174 feature=7.1108 divisor=1 penalty=5 previous_path=80.7073 local=5.75951 total=98.5776
BIT7_MATCHED_EDGE context=5 current=266023 previous=205629 feature=8.78697 divisor=1 penalty=5 previous_path=75.1796 local=5.75951 total=94.7261
BIT7_MATCHED_EDGE context=5 current=266023 previous=232604 feature=16.0071 divisor=1 penalty=5 previous_path=81.4338 local=5.75951 total=108.2
BIT7_MATCHED_EDGE context=5 current=266023 previous=179667 feature=18.9503 divisor=1 penalty=5 previous_path=81.2854 local=5.75951 total=110.995
BIT7_MATCHED_EDGE context=5 current=266023 previous=269907 feature=20.2034 divisor=1 penalty=5 previous_path=81.0671 local=5.75951 total=112.03
BIT7_MATCHED_EDGE context=5 current=266023 previous=33050 feature=10.7197 divisor=1 penalty=5 previous_path=84.0683 local=5.75951 total=105.547
BIT7_MATCHED_EDGE context=5 current=266023 previous=95151 feature=19.6241 divisor=1 penalty=5 previous_path=85.3353 local=5.75951 total=115.719
BIT7_MATCHED_EDGE context=5 current=266023 previous=255006 feature=27.1876 divisor=1 penalty=5 previous_path=79.8894 local=5.75951 total=117.837
BIT7_MATCHED_EDGE context=6 current=264071 previous=183342 feature=15.0578 divisor=1 penalty=0 previous_path=79.6499 local=24.9667 total=119.674
BIT7_MATCHED_EDGE context=6 current=264071 previous=179911 feature=38.3573 divisor=1 penalty=0 previous_path=81.4085 local=24.9667 total=144.732
BIT7_MATCHED_EDGE context=6 current=264071 previous=265139 feature=59.9765 divisor=1 penalty=0 previous_path=80.1262 local=24.9667 total=165.069
BIT7_MATCHED_EDGE context=6 current=264071 previous=216044 feature=29.2018 divisor=1 penalty=0 previous_path=77.5888 local=24.9667 total=131.757
BIT7_MATCHED_EDGE context=6 current=264071 previous=213995 feature=39.5794 divisor=1 penalty=0 previous_path=78.6293 local=24.9667 total=143.175
BIT7_MATCHED_EDGE context=6 current=264071 previous=212344 feature=77.5081 divisor=1 penalty=0 previous_path=88.4334 local=24.9667 total=190.908
BIT7_MATCHED_EDGE context=6 current=264071 previous=139207 feature=39.9266 divisor=1 penalty=0 previous_path=84.812 local=24.9667 total=149.705
BIT7_MATCHED_EDGE context=6 current=264071 previous=129448 feature=62.7111 divisor=1 penalty=0 previous_path=80.0523 local=24.9667 total=167.73
BIT7_MATCHED_EDGE context=6 current=264071 previous=82668 feature=37.4172 divisor=1 penalty=0 previous_path=80.7032 local=24.9667 total=143.087
BIT7_MATCHED_EDGE context=6 current=264071 previous=73098 feature=12.3335 divisor=1 penalty=0 previous_path=90.4081 local=24.9667 total=127.708
BIT7_MATCHED_EDGE context=6 current=264071 previous=68970 feature=51.5849 divisor=1 penalty=0 previous_path=85.9546 local=24.9667 total=162.506
BIT7_MATCHED_EDGE context=6 current=264071 previous=60891 feature=32.6047 divisor=1 penalty=0 previous_path=79.3167 local=24.9667 total=136.888
BIT7_MATCHED_EDGE context=6 current=264071 previous=39483 feature=43.2508 divisor=1 penalty=0 previous_path=79.6358 local=24.9667 total=147.853
BIT7_MATCHED_EDGE context=6 current=264071 previous=34312 feature=42.2503 divisor=1 penalty=0 previous_path=79.2384 local=24.9667 total=146.455
BIT7_MATCHED_EDGE context=6 current=264071 previous=32698 feature=23.4934 divisor=1 penalty=0 previous_path=81.3145 local=24.9667 total=129.775
BIT7_MATCHED_EDGE context=6 current=264071 previous=30843 feature=79.7068 divisor=1 penalty=0 previous_path=86.3645 local=24.9667 total=191.038
BIT7_MATCHED_EDGE context=6 current=264071 previous=12561 feature=34.3646 divisor=1 penalty=0 previous_path=78.7276 local=24.9667 total=138.059
BIT7_MATCHED_EDGE context=6 current=264071 previous=96680 feature=27.5242 divisor=1 penalty=0 previous_path=78.4163 local=24.9667 total=130.907
BIT7_MATCHED_EDGE context=6 current=264071 previous=266023 feature=12.3499 divisor=1 penalty=0 previous_path=78.9545 local=24.9667 total=116.271
BIT7_MATCHED_EDGE context=6 current=49874 previous=183342 feature=13.3282 divisor=1 penalty=0 previous_path=79.6499 local=29.9 total=122.878
BIT7_MATCHED_EDGE context=6 current=49874 previous=179911 feature=16.1267 divisor=1 penalty=0 previous_path=81.4085 local=29.9 total=127.435
BIT7_MATCHED_EDGE context=6 current=49874 previous=265139 feature=18.0986 divisor=1 penalty=0 previous_path=80.1262 local=29.9 total=128.125
BIT7_MATCHED_EDGE context=6 current=49874 previous=216044 feature=8.84895 divisor=1 penalty=0 previous_path=77.5888 local=29.9 total=116.338
BIT7_MATCHED_EDGE context=6 current=49874 previous=213995 feature=7.94267 divisor=1 penalty=0 previous_path=78.6293 local=29.9 total=116.472
BIT7_MATCHED_EDGE context=6 current=49874 previous=212344 feature=21.7688 divisor=1 penalty=0 previous_path=88.4334 local=29.9 total=140.102
BIT7_MATCHED_EDGE context=6 current=49874 previous=139207 feature=8.96476 divisor=1 penalty=0 previous_path=84.812 local=29.9 total=123.677
BIT7_MATCHED_EDGE context=6 current=49874 previous=129448 feature=13.7334 divisor=1 penalty=0 previous_path=80.0523 local=29.9 total=123.686
BIT7_MATCHED_EDGE context=6 current=49874 previous=82668 feature=10.8314 divisor=1 penalty=0 previous_path=80.7032 local=29.9 total=121.435
BIT7_MATCHED_EDGE context=6 current=49874 previous=73098 feature=21.5636 divisor=1 penalty=0 previous_path=90.4081 local=29.9 total=141.872
BIT7_MATCHED_EDGE context=6 current=49874 previous=68970 feature=18.4649 divisor=1 penalty=0 previous_path=85.9546 local=29.9 total=134.32
BIT7_MATCHED_EDGE context=6 current=49874 previous=60891 feature=7.1648 divisor=1 penalty=0 previous_path=79.3167 local=29.9 total=116.382
BIT7_MATCHED_EDGE context=6 current=49874 previous=39483 feature=9.64638 divisor=1 penalty=0 previous_path=79.6358 local=29.9 total=119.182
BIT7_MATCHED_EDGE context=6 current=49874 previous=34312 feature=3.07897 divisor=1 penalty=0 previous_path=79.2384 local=29.9 total=112.217
BIT7_MATCHED_EDGE context=6 current=49874 previous=32698 feature=8.46517 divisor=1 penalty=0 previous_path=81.3145 local=29.9 total=119.68
BIT7_MATCHED_EDGE context=6 current=49874 previous=30843 feature=16.805 divisor=1 penalty=0 previous_path=86.3645 local=29.9 total=133.07
BIT7_MATCHED_EDGE context=6 current=49874 previous=12561 feature=7.41201 divisor=1 penalty=0 previous_path=78.7276 local=29.9 total=116.04
BIT7_MATCHED_EDGE context=6 current=49874 previous=96680 feature=7.80182 divisor=1 penalty=0 previous_path=78.4163 local=29.9 total=116.118
BIT7_MATCHED_EDGE context=6 current=49874 previous=266023 feature=17.5373 divisor=1 penalty=0 previous_path=78.9545 local=29.9 total=126.392
[Inferior 1 (Remote target) exited normally]
Wine-gdb> 0114:0118: create process 'Z:\samples\voicetext_kate.exe'/00000000 @004014C0 (450560<1847>)
0114:0118: create thread I @004014C0
0114:0118: loads DLL C:\windows\system32\ntdll.dll @7BD10000 (2994176<5095>)
0114:0118: loads DLL C:\windows\system32\kernel32.dll @7BB90000 (1466368<19395>)
0114:0118: loads DLL C:\windows\system32\kernelbase.dll @7B650000 (5410816<14148>)
0114:0118: loads DLL C:\windows\system32\msvcrt.dll @7B2A0000 (2715648<8214>)
0114:0118: loads DLL Z:\samples\vt_kat.dll @10000000 (0<0>)
0114:0118: loads DLL C:\windows\system32\WINMM.dll @78D30000 (1474560<4890>)
0114:0118: loads DLL C:\windows\system32\advapi32.dll @7B550000 (958464<7400>)
0114:0118: loads DLL C:\windows\system32\sechost.dll @7B200000 (565248<3163>)
0114:0118: loads DLL C:\windows\system32\ucrtbase.dll @7AEE0000 (3198976<11541>)
0114:0118: loads DLL C:\windows\system32\msacm32.dll @78CB0000 (413696<1982>)
0114:0118: loads DLL C:\windows\system32\user32.dll @7A160000 (5005312<14159>)
0114:0118: loads DLL Z:\samples\zlib1.dll @7A120000 (135680<0>)
0114:0118: loads DLL C:\windows\system32\gdi32.dll @7A640000 (2355200<7390>)
0114:0118: loads DLL C:\windows\system32\win32u.dll @7A0D0000 (221184<1966>)
0114:0118: loads DLL C:\windows\system32\ole32.dll @7A9F0000 (4440064<14323>)
0114:0118: loads DLL C:\windows\system32\combase.dll @7A890000 (1314816<7562>)
0114:0118: loads DLL C:\windows\system32\rpcrt4.dll @79EA0000 (2162688<9274>)
0114:0118: loads DLL C:\windows\system32\coml2.dll @79E40000 (262144<3883>)
0114:0118: loads DLL C:\windows\system32\iphlpapi.dll @779C0000 (487424<4777>)
0114:0118: loads DLL C:\windows\system32\dnsapi.dll @77970000 (258048<1399>)
0114:0118: loads DLL C:\windows\system32\nsi.dll @77940000 (118784<823>)
0114:0118: loads DLL C:\windows\system32\ws2_32.dll @7AE40000 (565248<2279>)
0114:0118: loads DLL C:\windows\system32\tzres.dll @009C0000 (0<0>)
00000114:00000118: unload DLL @009C0000
0114:0118: loads DLL C:\windows\system32\tzres.dll @009C0000 (0<0>)
00000114:00000118: unload DLL @009C0000
0114:0118: loads DLL C:\windows\system32\imm32.dll @782F0000 (401408<2996>)
0114:0118: loads DLL C:\windows\system32\winex11.drv @780F0000 (307200<4314>)
0114:0118: loads DLL C:\windows\system32\uxtheme.dll @78030000 (671744<3646>)
00000114:00000118: exit process (0)
X connection to :99 broken (explicit kill or server shutdown).
X connection to :99 broken (explicit kill or server shutdown).
