Wine-gdb> Wine-gdb> Wine-gdb> Wine-gdb> Wine-gdb> Wine-gdb> Wine-gdb> Hardware assisted breakpoint 1 at 0x100191bc
Wine-gdb> >>> > > > > > >>>Wine-gdb> Wine-gdb> Hardware assisted breakpoint 2 at 0x1001b200
Wine-gdb> >>> > >>>Wine-gdb> Wine-gdb> Continuing.
APPLE_2013_CONTEXT3_WEIGHTS_ONLY_SELECTED n=1 id=273369
APPLE_2013_CONTEXT3_WEIGHTS_ONLY_SELECTED n=2 id=273370
APPLE_2013_CONTEXT3_WEIGHTS_ONLY_SELECTED n=3 id=273370
APPLE_2013_CONTEXT3_WEIGHTS_ONLY_SELECTED n=4 id=273371
APPLE_2013_CONTEXT3_WEIGHTS_ONLY_SELECTED n=5 id=232670
APPLE_2013_CONTEXT3_WEIGHTS_ONLY_SELECTED n=6 id=242820
APPLE_2013_CONTEXT3_WEIGHTS_ONLY_SELECTED n=7 id=72522
APPLE_2013_CONTEXT3_WEIGHTS_ONLY_SELECTED n=8 id=259296
APPLE_2013_CONTEXT3_WEIGHTS_ONLY_SELECTED n=9 id=107494
APPLE_2013_CONTEXT3_WEIGHTS_ONLY_SELECTED n=10 id=107494
APPLE_2013_CONTEXT3_WEIGHTS_ONLY_SELECTED n=11 id=238295
APPLE_2013_CONTEXT3_WEIGHTS_ONLY_SELECTED n=12 id=238295
APPLE_2013_CONTEXT3_WEIGHTS_ONLY_SELECTED n=13 id=41232
APPLE_2013_CONTEXT3_WEIGHTS_ONLY_SELECTED n=14 id=242820
APPLE_2013_CONTEXT3_WEIGHTS_ONLY_SELECTED n=15 id=232670
[Inferior 1 (Remote target) exited normally]
Wine-gdb> 