Wine-gdb> Wine-gdb> Wine-gdb> Wine-gdb> Wine-gdb> Wine-gdb> Wine-gdb> Wine-gdb> Breakpoint 1 at 0x10024060
Wine-gdb> >>>>>> > > >  >  >  > > >>>Wine-gdb> Wine-gdb> Breakpoint 2 at 0x10023060
Wine-gdb> >>> > > > > > > > >  >  >  >  > > >  >  >  >  > >>>Wine-gdb> Wine-gdb> Breakpoint 3 at 0x10023350
Wine-gdb> >>>>>>Wine-gdb> Wine-gdb> Breakpoint 4 at 0x10023814
Wine-gdb> >>>>>>>>>>> > > >>>>>> > > > >>>Wine-gdb> Wine-gdb> Continuing.
Temporary breakpoint 5 at 0x10024808
Temporary breakpoint 6 at 0x10024808
POST_COVERAGE_GATE call=1 context=0 total_positions=4 candidate_count=211 input_ids=33088 33089 33090 33091 33092 33093 33094 33095 33096 33097 
MODEL_SIGNATURE_BYTE6 context=0 272822=0x80 272823=0x80 272824=0x80 272825=0
POST_COVERAGE_CANDIDATE context=0 index=0 unit=159228 left=1 right=0 span=2
POST_COVERAGE_CANDIDATE context=0 index=1 unit=133273 left=1 right=0 span=2
POST_COVERAGE_CANDIDATE context=0 index=2 unit=131797 left=1 right=0 span=2
POST_COVERAGE_CANDIDATE context=0 index=3 unit=121653 left=1 right=0 span=2
POST_COVERAGE_CANDIDATE context=0 index=4 unit=117207 left=1 right=0 span=2
POST_COVERAGE_CANDIDATE context=0 index=5 unit=113279 left=1 right=0 span=2
POST_COVERAGE_CANDIDATE context=0 index=6 unit=112656 left=1 right=0 span=2
POST_COVERAGE_CANDIDATE context=0 index=7 unit=96535 left=1 right=0 span=2
POST_COVERAGE_CANDIDATE context=0 index=8 unit=93083 left=1 right=0 span=2
POST_COVERAGE_CANDIDATE context=0 index=9 unit=77949 left=1 right=0 span=2
POST_COVERAGE_CANDIDATE context=0 index=10 unit=41362 left=1 right=0 span=2
POST_COVERAGE_CANDIDATE context=0 index=11 unit=39043 left=1 right=0 span=2
POST_COVERAGE_CANDIDATE context=0 index=12 unit=33749 left=1 right=0 span=2
POST_COVERAGE_CANDIDATE context=0 index=13 unit=31435 left=1 right=0 span=2
POST_COVERAGE_CANDIDATE context=0 index=14 unit=28088 left=1 right=0 span=2
POST_COVERAGE_CANDIDATE context=0 index=15 unit=16240 left=1 right=0 span=2
POST_COVERAGE_CANDIDATE context=0 index=16 unit=7270 left=1 right=0 span=2
POST_COVERAGE_CANDIDATE context=0 index=17 unit=1560 left=1 right=0 span=2
POST_COVERAGE_CANDIDATE context=0 index=18 unit=145636 left=1 right=0 span=2
POST_COVERAGE_CANDIDATE context=0 index=19 unit=148463 left=1 right=0 span=2
POST_COVERAGE_CANDIDATE context=0 index=20 unit=277711 left=1 right=0 span=2
POST_COVERAGE_CANDIDATE context=0 index=21 unit=277694 left=1 right=0 span=2
POST_COVERAGE_CANDIDATE context=0 index=22 unit=272883 left=1 right=0 span=2
POST_COVERAGE_CANDIDATE context=0 index=23 unit=269687 left=1 right=0 span=2
POST_COVERAGE_CANDIDATE context=0 index=24 unit=232559 left=1 right=0 span=2
POST_COVERAGE_CANDIDATE context=0 index=25 unit=224746 left=1 right=0 span=2
POST_COVERAGE_CANDIDATE context=0 index=26 unit=222903 left=1 right=0 span=2
POST_COVERAGE_CANDIDATE context=0 index=27 unit=213306 left=1 right=0 span=2
POST_COVERAGE_CANDIDATE context=0 index=28 unit=188348 left=1 right=0 span=2
POST_COVERAGE_CANDIDATE context=0 index=29 unit=173430 left=1 right=0 span=2
POST_COVERAGE_CANDIDATE context=0 index=30 unit=161485 left=1 right=0 span=2
POST_COVERAGE_CANDIDATE context=0 index=31 unit=161231 left=1 right=0 span=2
POST_COVERAGE_CANDIDATE context=0 index=32 unit=150119 left=1 right=0 span=2
POST_COVERAGE_CANDIDATE context=0 index=33 unit=49675 left=0 right=0 span=1
POST_COVERAGE_CANDIDATE context=0 index=34 unit=50594 left=0 right=0 span=1
POST_COVERAGE_CANDIDATE context=0 index=35 unit=52740 left=0 right=0 span=1
POST_COVERAGE_CANDIDATE context=0 index=36 unit=57164 left=0 right=0 span=1
POST_COVERAGE_CANDIDATE context=0 index=37 unit=42089 left=0 right=0 span=1
POST_COVERAGE_CANDIDATE context=0 index=38 unit=38253 left=0 right=0 span=1
POST_COVERAGE_CANDIDATE context=0 index=39 unit=36024 left=0 right=0 span=1
POST_COVERAGE_CANDIDATE context=0 index=40 unit=179302 left=0 right=0 span=1
POST_COVERAGE_CANDIDATE context=0 index=41 unit=177855 left=0 right=0 span=1
POST_COVERAGE_CANDIDATE context=0 index=42 unit=145419 left=0 right=0 span=1
POST_COVERAGE_CANDIDATE context=0 index=43 unit=83703 left=0 right=0 span=1
POST_COVERAGE_CANDIDATE context=0 index=44 unit=58486 left=0 right=0 span=1
POST_COVERAGE_CANDIDATE context=0 index=45 unit=57072 left=0 right=0 span=1
POST_COVERAGE_CANDIDATE context=0 index=46 unit=3859 left=0 right=0 span=1
POST_COVERAGE_CANDIDATE context=0 index=47 unit=3065 left=0 right=0 span=1
POST_COVERAGE_CANDIDATE context=0 index=48 unit=283495 left=0 right=0 span=1
POST_COVERAGE_CANDIDATE context=0 index=49 unit=283425 left=0 right=0 span=1
POST_COVERAGE_CANDIDATE context=0 index=50 unit=283400 left=0 right=0 span=1
POST_COVERAGE_CANDIDATE context=0 index=51 unit=283238 left=0 right=0 span=1
POST_COVERAGE_CANDIDATE context=0 index=52 unit=279757 left=0 right=0 span=1
POST_COVERAGE_CANDIDATE context=0 index=53 unit=278417 left=0 right=0 span=1
POST_COVERAGE_CANDIDATE context=0 index=54 unit=261971 left=0 right=0 span=1
POST_COVERAGE_CANDIDATE context=0 index=55 unit=256573 left=0 right=0 span=1
POST_COVERAGE_CANDIDATE context=0 index=56 unit=241896 left=0 right=0 span=1
POST_COVERAGE_CANDIDATE context=0 index=57 unit=201756 left=0 right=0 span=1
POST_COVERAGE_CANDIDATE context=0 index=58 unit=218695 left=0 right=0 span=1
POST_COVERAGE_CANDIDATE context=0 index=59 unit=32842 left=0 right=0 span=1
POST_COVERAGE_CANDIDATE context=0 index=60 unit=15433 left=0 right=0 span=1
POST_COVERAGE_CANDIDATE context=0 index=61 unit=12690 left=0 right=0 span=1
POST_COVERAGE_CANDIDATE context=0 index=62 unit=10126 left=0 right=0 span=1
POST_COVERAGE_CANDIDATE context=0 index=63 unit=6771 left=0 right=0 span=1
POST_COVERAGE_GATE call=2 context=1 total_positions=4 candidate_count=406 input_ids=2049 8359 13062 18915 20293 21850 22696 29138 30398 33090 595 2453 
MODEL_SIGNATURE_BYTE6 context=1 272822=0x80 272823=0x80 272824=0x80 272825=0
POST_COVERAGE_CANDIDATE context=1 index=0 unit=161485 left=0 right=0 span=2
POST_COVERAGE_CANDIDATE context=1 index=1 unit=277711 left=0 right=0 span=2
POST_COVERAGE_CANDIDATE context=1 index=2 unit=277694 left=0 right=0 span=2
POST_COVERAGE_CANDIDATE context=1 index=3 unit=272883 left=0 right=0 span=2
POST_COVERAGE_CANDIDATE context=1 index=4 unit=269687 left=0 right=0 span=2
POST_COVERAGE_CANDIDATE context=1 index=5 unit=232559 left=0 right=0 span=2
POST_COVERAGE_CANDIDATE context=1 index=6 unit=222903 left=0 right=0 span=2
POST_COVERAGE_CANDIDATE context=1 index=7 unit=188348 left=0 right=0 span=2
POST_COVERAGE_CANDIDATE context=1 index=8 unit=1560 left=0 right=0 span=2
POST_COVERAGE_CANDIDATE context=1 index=9 unit=7270 left=0 right=0 span=2
POST_COVERAGE_CANDIDATE context=1 index=10 unit=16240 left=0 right=0 span=2
POST_COVERAGE_CANDIDATE context=1 index=11 unit=28088 left=0 right=0 span=2
POST_COVERAGE_CANDIDATE context=1 index=12 unit=31435 left=0 right=0 span=2
POST_COVERAGE_CANDIDATE context=1 index=13 unit=33749 left=0 right=0 span=2
POST_COVERAGE_CANDIDATE context=1 index=14 unit=39043 left=0 right=0 span=2
POST_COVERAGE_CANDIDATE context=1 index=15 unit=41362 left=0 right=0 span=2
POST_COVERAGE_CANDIDATE context=1 index=16 unit=77949 left=0 right=0 span=2
POST_COVERAGE_CANDIDATE context=1 index=17 unit=161231 left=0 right=0 span=2
POST_COVERAGE_CANDIDATE context=1 index=18 unit=159228 left=0 right=0 span=2
POST_COVERAGE_CANDIDATE context=1 index=19 unit=150119 left=0 right=0 span=2
POST_COVERAGE_CANDIDATE context=1 index=20 unit=148463 left=0 right=0 span=2
POST_COVERAGE_CANDIDATE context=1 index=21 unit=145636 left=0 right=0 span=2
POST_COVERAGE_CANDIDATE context=1 index=22 unit=133273 left=0 right=0 span=2
POST_COVERAGE_CANDIDATE context=1 index=23 unit=131797 left=0 right=0 span=2
POST_COVERAGE_CANDIDATE context=1 index=24 unit=121653 left=0 right=0 span=2
POST_COVERAGE_CANDIDATE context=1 index=25 unit=117207 left=0 right=0 span=2
POST_COVERAGE_CANDIDATE context=1 index=26 unit=113279 left=0 right=0 span=2
POST_COVERAGE_CANDIDATE context=1 index=27 unit=173430 left=0 right=0 span=2
POST_COVERAGE_CANDIDATE context=1 index=28 unit=96535 left=0 right=0 span=2
POST_COVERAGE_CANDIDATE context=1 index=29 unit=93083 left=0 right=0 span=2
POST_COVERAGE_CANDIDATE context=1 index=30 unit=41551 left=0 right=0 span=1
POST_COVERAGE_CANDIDATE context=1 index=31 unit=41056 left=0 right=0 span=1
POST_COVERAGE_CANDIDATE context=1 index=32 unit=40213 left=0 right=0 span=1
POST_COVERAGE_CANDIDATE context=1 index=33 unit=39316 left=0 right=0 span=1
POST_COVERAGE_CANDIDATE context=1 index=34 unit=32586 left=0 right=0 span=1
POST_COVERAGE_CANDIDATE context=1 index=35 unit=32215 left=0 right=0 span=1
POST_COVERAGE_CANDIDATE context=1 index=36 unit=31971 left=0 right=0 span=1
POST_COVERAGE_CANDIDATE context=1 index=37 unit=28630 left=0 right=0 span=1
POST_COVERAGE_CANDIDATE context=1 index=38 unit=27965 left=0 right=0 span=1
POST_COVERAGE_CANDIDATE context=1 index=39 unit=27793 left=0 right=0 span=1
POST_COVERAGE_CANDIDATE context=1 index=40 unit=27439 left=0 right=0 span=1
POST_COVERAGE_CANDIDATE context=1 index=41 unit=27058 left=0 right=0 span=1
POST_COVERAGE_CANDIDATE context=1 index=42 unit=23536 left=0 right=0 span=1
POST_COVERAGE_CANDIDATE context=1 index=43 unit=21877 left=0 right=0 span=1
POST_COVERAGE_CANDIDATE context=1 index=44 unit=19512 left=0 right=0 span=1
POST_COVERAGE_CANDIDATE context=1 index=45 unit=14150 left=0 right=0 span=1
POST_COVERAGE_CANDIDATE context=1 index=46 unit=12141 left=0 right=0 span=1
POST_COVERAGE_CANDIDATE context=1 index=47 unit=11134 left=0 right=0 span=1
POST_COVERAGE_CANDIDATE context=1 index=48 unit=49383 left=0 right=0 span=1
POST_COVERAGE_CANDIDATE context=1 index=49 unit=50357 left=0 right=0 span=1
POST_COVERAGE_CANDIDATE context=1 index=50 unit=72177 left=0 right=0 span=1
POST_COVERAGE_CANDIDATE context=1 index=51 unit=70609 left=0 right=0 span=1
POST_COVERAGE_CANDIDATE context=1 index=52 unit=67926 left=0 right=0 span=1
POST_COVERAGE_CANDIDATE context=1 index=53 unit=67796 left=0 right=0 span=1
POST_COVERAGE_CANDIDATE context=1 index=54 unit=63754 left=0 right=0 span=1
POST_COVERAGE_CANDIDATE context=1 index=55 unit=62808 left=0 right=0 span=1
POST_COVERAGE_CANDIDATE context=1 index=56 unit=62493 left=0 right=0 span=1
POST_COVERAGE_CANDIDATE context=1 index=57 unit=60661 left=0 right=0 span=1
POST_COVERAGE_CANDIDATE context=1 index=58 unit=60379 left=0 right=0 span=1
POST_COVERAGE_CANDIDATE context=1 index=59 unit=59230 left=0 right=0 span=1
POST_COVERAGE_CANDIDATE context=1 index=60 unit=59002 left=0 right=0 span=1
POST_COVERAGE_CANDIDATE context=1 index=61 unit=58795 left=0 right=0 span=1
POST_COVERAGE_CANDIDATE context=1 index=62 unit=55491 left=0 right=0 span=1
POST_COVERAGE_CANDIDATE context=1 index=63 unit=54604 left=0 right=0 span=1
POST_COVERAGE_GATE call=3 context=2 total_positions=4 candidate_count=78 input_ids=22930 22934 22935 22936 22939 22940 22941 22942 22944 22945 31039 31041 
MODEL_SIGNATURE_BYTE6 context=2 272822=0x80 272823=0x80 272824=0x80 272825=0
POST_COVERAGE_CANDIDATE context=2 index=0 unit=158213 left=1 right=0 span=2
POST_COVERAGE_CANDIDATE context=2 index=1 unit=282532 left=1 right=0 span=2
POST_COVERAGE_CANDIDATE context=2 index=2 unit=190000 left=0 right=0 span=1
POST_COVERAGE_CANDIDATE context=2 index=3 unit=166460 left=0 right=0 span=1
POST_COVERAGE_CANDIDATE context=2 index=4 unit=133404 left=0 right=0 span=1
POST_COVERAGE_CANDIDATE context=2 index=5 unit=273418 left=0 right=0 span=1
POST_COVERAGE_CANDIDATE context=2 index=6 unit=260317 left=0 right=0 span=1
POST_COVERAGE_CANDIDATE context=2 index=7 unit=258964 left=0 right=0 span=1
POST_COVERAGE_CANDIDATE context=2 index=8 unit=252752 left=0 right=0 span=1
POST_COVERAGE_CANDIDATE context=2 index=9 unit=210383 left=0 right=0 span=1
POST_COVERAGE_CANDIDATE context=2 index=10 unit=190057 left=0 right=0 span=1
POST_COVERAGE_CANDIDATE context=2 index=11 unit=136799 left=0 right=0 span=1
POST_COVERAGE_CANDIDATE context=2 index=12 unit=90173 left=0 right=0 span=1
POST_COVERAGE_CANDIDATE context=2 index=13 unit=73009 left=0 right=0 span=1
POST_COVERAGE_CANDIDATE context=2 index=14 unit=71526 left=0 right=0 span=1
POST_COVERAGE_CANDIDATE context=2 index=15 unit=11522 left=0 right=0 span=1
POST_COVERAGE_CANDIDATE context=2 index=16 unit=189024 left=0 right=0 span=1
POST_COVERAGE_CANDIDATE context=2 index=17 unit=146645 left=0 right=0 span=1
POST_COVERAGE_CANDIDATE context=2 index=18 unit=66239 left=0 right=0 span=1
POST_COVERAGE_CANDIDATE context=2 index=19 unit=190155 left=0 right=0 span=1
POST_COVERAGE_CANDIDATE context=2 index=20 unit=786 left=0 right=0 span=1
POST_COVERAGE_CANDIDATE context=2 index=21 unit=279724 left=0 right=0 span=1
POST_COVERAGE_CANDIDATE context=2 index=22 unit=259535 left=0 right=0 span=1
POST_COVERAGE_CANDIDATE context=2 index=23 unit=124074 left=0 right=0 span=1
POST_COVERAGE_CANDIDATE context=2 index=24 unit=164066 left=0 right=0 span=1
POST_COVERAGE_CANDIDATE context=2 index=25 unit=3034 left=0 right=0 span=1
POST_COVERAGE_CANDIDATE context=2 index=26 unit=350 left=0 right=0 span=1
POST_COVERAGE_CANDIDATE context=2 index=27 unit=279272 left=0 right=0 span=1
POST_COVERAGE_CANDIDATE context=2 index=28 unit=236039 left=0 right=0 span=1
POST_COVERAGE_CANDIDATE context=2 index=29 unit=208873 left=0 right=0 span=1
POST_COVERAGE_CANDIDATE context=2 index=30 unit=196011 left=0 right=0 span=1
POST_COVERAGE_CANDIDATE context=2 index=31 unit=188624 left=0 right=0 span=1
POST_COVERAGE_CANDIDATE context=2 index=32 unit=183429 left=0 right=0 span=1
POST_COVERAGE_CANDIDATE context=2 index=33 unit=170737 left=0 right=0 span=1
POST_COVERAGE_CANDIDATE context=2 index=34 unit=163929 left=0 right=0 span=1
POST_COVERAGE_CANDIDATE context=2 index=35 unit=102063 left=0 right=0 span=1
POST_COVERAGE_CANDIDATE context=2 index=36 unit=59762 left=0 right=0 span=1
POST_COVERAGE_CANDIDATE context=2 index=37 unit=20127 left=0 right=0 span=1
POST_COVERAGE_CANDIDATE context=2 index=38 unit=20012 left=0 right=0 span=1
POST_COVERAGE_CANDIDATE context=2 index=39 unit=33992 left=0 right=0 span=1
POST_COVERAGE_CANDIDATE context=2 index=40 unit=238802 left=0 right=0 span=1
POST_COVERAGE_CANDIDATE context=2 index=41 unit=230301 left=0 right=0 span=1
POST_COVERAGE_CANDIDATE context=2 index=42 unit=228343 left=0 right=0 span=1
POST_COVERAGE_CANDIDATE context=2 index=43 unit=166600 left=0 right=0 span=1
POST_COVERAGE_CANDIDATE context=2 index=44 unit=137250 left=0 right=0 span=1
POST_COVERAGE_CANDIDATE context=2 index=45 unit=116038 left=0 right=0 span=1
POST_COVERAGE_CANDIDATE context=2 index=46 unit=113280 left=0 right=0 span=1
POST_COVERAGE_CANDIDATE context=2 index=47 unit=106646 left=0 right=0 span=1
POST_COVERAGE_CANDIDATE context=2 index=48 unit=89565 left=0 right=0 span=1
POST_COVERAGE_CANDIDATE context=2 index=49 unit=75726 left=0 right=0 span=1
POST_COVERAGE_CANDIDATE context=2 index=50 unit=66051 left=0 right=0 span=1
POST_COVERAGE_CANDIDATE context=2 index=51 unit=48505 left=0 right=0 span=1
POST_COVERAGE_CANDIDATE context=2 index=52 unit=36174 left=0 right=0 span=1
POST_COVERAGE_CANDIDATE context=2 index=53 unit=6001 left=0 right=0 span=1
POST_COVERAGE_CANDIDATE context=2 index=54 unit=1561 left=0 right=0 span=1
POST_COVERAGE_CANDIDATE context=2 index=55 unit=58807 left=0 right=0 span=1
POST_COVERAGE_CANDIDATE context=2 index=56 unit=253503 left=0 right=0 span=1
POST_COVERAGE_CANDIDATE context=2 index=57 unit=123730 left=0 right=0 span=1
POST_COVERAGE_CANDIDATE context=2 index=58 unit=232560 left=0 right=0 span=1
POST_COVERAGE_CANDIDATE context=2 index=59 unit=245846 left=0 right=0 span=1
POST_COVERAGE_CANDIDATE context=2 index=60 unit=231274 left=0 right=0 span=1
POST_COVERAGE_CANDIDATE context=2 index=61 unit=103217 left=0 right=0 span=1
POST_COVERAGE_CANDIDATE context=2 index=62 unit=91953 left=0 right=0 span=1
POST_COVERAGE_CANDIDATE context=2 index=63 unit=77959 left=0 right=0 span=1
POST_COVERAGE_GATE call=4 context=3 total_positions=4 candidate_count=11 input_ids=6887 7505 11885 15995 22366 22945 26718 28463 29803 31071 
MODEL_SIGNATURE_BYTE6 context=3 272822=0x80 272823=0x80 272824=0x80 272825=0
POST_COVERAGE_CANDIDATE context=3 index=0 unit=282532 left=0 right=0 span=2
POST_COVERAGE_CANDIDATE context=3 index=1 unit=158213 left=0 right=0 span=2
POST_COVERAGE_CANDIDATE context=3 index=2 unit=281315 left=0 right=0 span=1
POST_COVERAGE_CANDIDATE context=3 index=3 unit=61270 left=0 right=0 span=1
POST_COVERAGE_CANDIDATE context=3 index=4 unit=282490 left=0 right=0 span=1
POST_COVERAGE_CANDIDATE context=3 index=5 unit=282379 left=0 right=0 span=1
POST_COVERAGE_CANDIDATE context=3 index=6 unit=40480 left=0 right=0 span=1
POST_COVERAGE_CANDIDATE context=3 index=7 unit=41128 left=0 right=0 span=1
POST_COVERAGE_CANDIDATE context=3 index=8 unit=1574 left=0 right=0 span=1
POST_COVERAGE_CANDIDATE context=3 index=9 unit=62496 left=0 right=0 span=1
POST_COVERAGE_CANDIDATE context=3 index=10 unit=27729 left=0 right=0 span=1
[Inferior 1 (Remote target) exited normally]
Wine-gdb> 