GNU gdb (Ubuntu 15.1-1ubuntu1~24.04.1) 15.1
Copyright (C) 2024 Free Software Foundation, Inc.
License GPLv3+: GNU GPL version 3 or later <http://gnu.org/licenses/gpl.html>
This is free software: you are free to change and redistribute it.
There is NO WARRANTY, to the extent permitted by law.
Type "show copying" and "show warranty" for details.
This GDB was configured as "x86_64-linux-gnu".
Type "show configuration" for configuration details.
For bug reporting instructions, please see:
<https://www.gnu.org/software/gdb/bugs/>.
Find the GDB manual and other documentation resources online at:
    <http://www.gnu.org/software/gdb/documentation/>.

For help, type "help".
Type "apropos word" to search for commands related to "word".
warning: remote target does not support file transfer, attempting to access files from local filesystem.
Reading symbols from /samples/voicetext_kate.exe...
0x7bd64525 in DbgBreakPoint@0 ()
   from /usr/lib/i386-linux-gnu/wine/i386-windows/ntdll.dll
Wine-gdb> Wine-gdb> Wine-gdb> Wine-gdb> Signal        Stop	Print	Pass to program	Description
SIGSEGV       No	No	Yes		Segmentation fault
Wine-gdb> Wine-gdb> Wine-gdb> Wine-gdb> Wine-gdb> Wine-gdb> Wine-gdb> Wine-gdb> Breakpoint 1 at 0x10024060
Wine-gdb> >>>>>>>>>>>>>>>>>> > > >  >  >  > > > >>>Wine-gdb> Wine-gdb> Breakpoint 2 at 0x10023060
Wine-gdb> >>> > > > > > > > >  >  >  >  > > >  >  >  >  > >>>Wine-gdb> Wine-gdb> Breakpoint 3 at 0x10023350
Wine-gdb> >>>>>>Wine-gdb> Wine-gdb> Breakpoint 4 at 0x10023814
Wine-gdb> >>>>>>>>>>> > > >>>>>>>>>>>>> > > > >  >  > >  >  > >  >  > >  >  > >  >  > >  >  > >  >  > >  >  > >  >  > > >>>>Wine-gdb> Wine-gdb> Wine-gdb> Breakpoint 5 at 0x1001b200
Wine-gdb> >>>>>Wine-gdb> Wine-gdb> Breakpoint 6 at 0x408187
Wine-gdb> >>>>Wine-gdb> Wine-gdb> Continuing.
HELLO_TARGET_SIGNATURE slot=0 bank=0 leaf=0:
0x24e0752:	90	90	34	23	43	160	0
HELLO_TARGET_CLASS_KEY slot=0 key=90,34,23,160,0
Temporary breakpoint 7 at 0x10024808
Temporary breakpoint 8 at 0x10024271
HELLO_TARGET_SPLIT_RETURN slot=0 native=1 final=1 measured_sum=30
HELLO_TARGET_SIGNATURE slot=1 bank=0 leaf=1:
0x24e0759:	90	34	23	43	48	32	0
HELLO_TARGET_CLASS_KEY slot=1 key=34,23,43,32,0
Temporary breakpoint 9 at 0x10024808
Temporary breakpoint 10 at 0x10024271
HELLO_CUTOFF_OVERRIDE slot=1 sum=9 native=0 overridden=1
HELLO_TARGET_SPLIT_RETURN slot=1 native=0 final=1 measured_sum=9
HELLO_TARGET_SIGNATURE slot=2 bank=0 leaf=2:
0x24e0760:	34	23	43	48	90	0	0
HELLO_TARGET_CLASS_KEY slot=2 key=23,43,47,0,0
Temporary breakpoint 11 at 0x10024808
Temporary breakpoint 12 at 0x10024271
HELLO_TARGET_SPLIT_RETURN slot=2 native=1 final=1 measured_sum=25
HELLO_TARGET_SIGNATURE slot=3 bank=0 leaf=3:
0x24e0767:	23	43	48	90	90	69	0
HELLO_TARGET_CLASS_KEY slot=3 key=43,48,90,69,0
Temporary breakpoint 13 at 0x10024808
Temporary breakpoint 14 at 0x10024271
HELLO_CUTOFF_OVERRIDE slot=3 sum=6 native=0 overridden=1
HELLO_TARGET_SPLIT_RETURN slot=3 native=0 final=1 measured_sum=6
HELLO_POST_COVERAGE_GATE call=1 context=0 total_positions=4 candidate_count=30 input_ids=32928 
HELLO_MARKER_BYTES context=0 ids=272822:0x80,272823:0x80,272824:0x80,272825:0
HELLO_SOURCE_CLASS_IDS context=0 272822:32928,272823:13478,272824:9147,272825:18857
HELLO_TARGET_CANDIDATE context=0 unit=272822 class=32928 left=3 right=4 span=4
HELLO_SPANS context=0 scanned=30 span1=29 span2=0 span3=0 span4=1 target_mask=0x1
HELLO_POST_COVERAGE_GATE call=2 context=1 total_positions=4 candidate_count=9 input_ids=13478 
HELLO_MARKER_BYTES context=1 ids=272822:0x80,272823:0x80,272824:0x80,272825:0
HELLO_SOURCE_CLASS_IDS context=1 272822:32928,272823:13478,272824:9147,272825:18857
HELLO_TARGET_CANDIDATE context=1 unit=272823 class=13478 left=2 right=4 span=4
HELLO_SPANS context=1 scanned=9 span1=8 span2=0 span3=0 span4=1 target_mask=0x2
HELLO_POST_COVERAGE_GATE call=3 context=2 total_positions=4 candidate_count=25 input_ids=9147 
HELLO_MARKER_BYTES context=2 ids=272822:0x80,272823:0x80,272824:0x80,272825:0
HELLO_SOURCE_CLASS_IDS context=2 272822:32928,272823:13478,272824:9147,272825:18857
HELLO_TARGET_CANDIDATE context=2 unit=272824 class=9147 left=1 right=4 span=4
HELLO_SPANS context=2 scanned=25 span1=24 span2=0 span3=0 span4=1 target_mask=0x4
HELLO_POST_COVERAGE_GATE call=4 context=3 total_positions=4 candidate_count=6 input_ids=18857 
HELLO_MARKER_BYTES context=3 ids=272822:0x80,272823:0x80,272824:0x80,272825:0
HELLO_SOURCE_CLASS_IDS context=3 272822:32928,272823:13478,272824:9147,272825:18857
HELLO_TARGET_CANDIDATE context=3 unit=272825 class=18857 left=0 right=4 span=4
HELLO_SPANS context=3 scanned=6 span1=5 span2=0 span3=0 span4=1 target_mask=0x8
HELLO_SELECTED_UNIT n=1 id=272822
HELLO_SELECTED_UNIT n=2 id=272823
HELLO_SELECTED_UNIT n=3 id=272824
HELLO_SELECTED_UNIT n=4 id=272825
[Inferior 1 (Remote target) exited normally]
Wine-gdb> 0114:0118: create process 'Z:\samples\voicetext_kate.exe'/00000000 @004014C0 (450560<1847>)
0114:0118: create thread I @004014C0
0114:0118: loads DLL C:\windows\system32\ntdll.dll @7BD10000 (2994176<5095>)
0114:0118: loads DLL C:\windows\system32\kernel32.dll @7BB90000 (1466368<19395>)
0114:0118: loads DLL C:\windows\system32\kernelbase.dll @7B650000 (5410816<14148>)
0114:0118: loads DLL C:\windows\system32\msvcrt.dll @7B2A0000 (2715648<8214>)
0114:0118: loads DLL Z:\samples\vt_kat.dll @10000000 (0<0>)
0114:0118: loads DLL C:\windows\system32\WINMM.dll @78EC0000 (1474560<4890>)
0114:0118: loads DLL C:\windows\system32\advapi32.dll @7B550000 (958464<7400>)
0114:0118: loads DLL C:\windows\system32\sechost.dll @7B200000 (565248<3163>)
0114:0118: loads DLL C:\windows\system32\ucrtbase.dll @7AEE0000 (3198976<11541>)
0114:0118: loads DLL C:\windows\system32\msacm32.dll @78E40000 (413696<1982>)
0114:0118: loads DLL C:\windows\system32\user32.dll @7A160000 (5005312<14159>)
0114:0118: loads DLL Z:\samples\zlib1.dll @7A120000 (135680<0>)
0114:0118: loads DLL C:\windows\system32\gdi32.dll @7A640000 (2355200<7390>)
0114:0118: loads DLL C:\windows\system32\win32u.dll @7A0D0000 (221184<1966>)
0114:0118: loads DLL C:\windows\system32\ole32.dll @7A9F0000 (4440064<14323>)
0114:0118: loads DLL C:\windows\system32\combase.dll @7A890000 (1314816<7562>)
0114:0118: loads DLL C:\windows\system32\rpcrt4.dll @79EA0000 (2162688<9274>)
0114:0118: loads DLL C:\windows\system32\coml2.dll @79E40000 (262144<3883>)
0114:0118: loads DLL C:\windows\system32\iphlpapi.dll @779C0000 (487424<4777>)
0114:0118: loads DLL C:\windows\system32\dnsapi.dll @77970000 (258048<1399>)
0114:0118: loads DLL C:\windows\system32\nsi.dll @77940000 (118784<823>)
0114:0118: loads DLL C:\windows\system32\ws2_32.dll @7AE40000 (565248<2279>)
0114:0118: loads DLL C:\windows\system32\tzres.dll @009C0000 (0<0>)
00000114:00000118: unload DLL @009C0000
0114:0118: loads DLL C:\windows\system32\tzres.dll @009C0000 (0<0>)
00000114:00000118: unload DLL @009C0000
0114:0118: loads DLL C:\windows\system32\imm32.dll @782F0000 (401408<2996>)
0114:0118: loads DLL C:\windows\system32\winex11.drv @780F0000 (307200<4314>)
0114:0118: loads DLL C:\windows\system32\uxtheme.dll @78030000 (671744<3646>)
00000114:00000118: exit process (0)
X connection to :99 broken (explicit kill or server shutdown).
X connection to :99 broken (explicit kill or server shutdown).
