GNU gdb (Ubuntu 15.1-1ubuntu1~24.04.1) 15.1
Copyright (C) 2024 Free Software Foundation, Inc.
License GPLv3+: GNU GPL version 3 or later <http://gnu.org/licenses/gpl.html>
This is free software: you are free to change and redistribute it.
There is NO WARRANTY, to the extent permitted by law.
Type "show copying" and "show warranty" for details.
This GDB was configured as "x86_64-linux-gnu".
Type "show configuration" for configuration details.
For bug reporting instructions, please see:
<https://www.gnu.org/software/gdb/bugs/>.
Find the GDB manual and other documentation resources online at:
    <http://www.gnu.org/software/gdb/documentation/>.

For help, type "help".
Type "apropos word" to search for commands related to "word".
warning: remote target does not support file transfer, attempting to access files from local filesystem.
Reading symbols from /probe/probe-original-kate-2006.exe...
0x7bd64525 in DbgBreakPoint@0 ()
   from /usr/lib/i386-linux-gnu/wine/i386-windows/ntdll.dll
Wine-gdb> Wine-gdb> Wine-gdb> Wine-gdb> Signal        Stop	Print	Pass to program	Description
SIGSEGV       No	No	Yes		Segmentation fault
Wine-gdb> Wine-gdb> Wine-gdb> Copying output to /probe/stage20/apple-selector-byte0-old-shortlist-2026-09-29/legacy-shortlist-sort-gdb.log.
Copying debug output to /probe/stage20/apple-selector-byte0-old-shortlist-2026-09-29/legacy-shortlist-sort-gdb.log.
Wine-gdb> Wine-gdb> Wine-gdb> Wine-gdb> Hardware assisted breakpoint 1 at 0x1001cff0
Wine-gdb> >>>> > >>>Wine-gdb> Wine-gdb> Wine-gdb> Hardware assisted breakpoint 2 at 0x1001d3f4
Wine-gdb> >> > > >  >  > >>>Wine-gdb> Wine-gdb> Wine-gdb> Hardware assisted breakpoint 3 at 0x1001d48e
Wine-gdb> >> > > > > > > >  >  >  >   >   >  >  > > >  >  >  >  >   >   >   >   >  >  >  > >>>Wine-gdb> Wine-gdb> Hardware assisted breakpoint 4 at 0x408187
Wine-gdb> >>>>Wine-gdb> Wine-gdb> Continuing.
APPLE_OLD_POSITION4_SORT_TRACE_READY
APPLE_OLD_SHORTLIST_ENTRY position=4 candidate_count=0
APPLE_OLD_POSITION4_SCORE unit=59559 score=0.307186 rank_key=-4 span_left=1 span_right=0 span=2
APPLE_OLD_POSITION4_SCORE unit=82037 score=0.247923 rank_key=-4 span_left=1 span_right=0 span=2
APPLE_OLD_POSITION4_SCORE unit=2555 score=0.377395 rank_key=-4 span_left=1 span_right=0 span=2
APPLE_OLD_POSITION4_SORT_INPUT total=157 presorted_prefix=20 suffix_count=137
APPLE_OLD_POSITION4_SORT_TARGET_BEFORE index=5 unit=59559 score=0.307186 key=-4 span=2 flags=0
APPLE_OLD_POSITION4_SORT_TARGET_BEFORE index=16 unit=82037 score=0.247923 key=-4 span=2 flags=0
APPLE_OLD_POSITION4_SORT_TARGET_BEFORE index=19 unit=2555 score=0.377395 key=-4 span=2 flags=0
Temporary breakpoint 5 at 0x1001d493
APPLE_OLD_POSITION4_SORTED_TOP30 [0]=158831(score=0.485026,key=-4,span=2) [1]=232463(score=0.274869,key=-4,span=2) [2]=86328(score=0.647595,key=-4,span=2) [3]=97885(score=2.17933,key=-4,span=2) [4]=103239(score=0.464545,key=-4,span=2) [5]=59559(score=0.307186,key=-4,span=2) [6]=218671(score=1.67941,key=-4,span=2) [7]=256582(score=0.693647,key=-4,span=2) [8]=129560(score=0.522934,key=-4,span=2) [9]=41058(score=0.341546,key=-4,span=2) [10]=40215(score=0.252175,key=-4,span=2) [11]=131119(score=0.423175,key=-4,span=2) [12]=258823(score=1.15598,key=-4,span=2) [13]=28632(score=1.20654,key=-4,span=2) [14]=27967(score=0.371031,key=-4,span=2) [15]=27795(score=0.798215,key=-4,span=2) [16]=82037(score=0.247923,key=-4,span=2) [17]=27441(score=0.126714,key=-4,span=2) [18]=11136(score=1.04603,key=-4,span=2) [19]=2555(score=0.377395,key=-4,span=2) [20]=261692(score=0.179692,key=0.179692,span=1) [21]=258101(score=0.193296,key=0.193296,span=1) [22]=250167(score=0.216086,key=0.216086,span=1) [23]=9835(score=0.31014,key=0.31014,span=1) [24]=11069(score=0.312336,key=0.312336,span=1) [25]=238346(score=0.400159,key=0.400159,span=1) [26]=160420(score=0.420601,key=0.420601,span=1) [27]=249481(score=0.441653,key=0.441653,span=1) [28]=162687(score=0.455843,key=0.455843,span=1) [29]=102356(score=0.465417,key=0.465417,span=1)
APPLE_OLD_SHORTLIST_ENTRY position=4 candidate_count=0
APPLE_OLD_POSITION4_SCORE unit=59559 score=0.307186 rank_key=-4 span_left=1 span_right=0 span=2
APPLE_OLD_POSITION4_SCORE unit=82037 score=0.247923 rank_key=-4 span_left=1 span_right=0 span=2
APPLE_OLD_POSITION4_SCORE unit=2555 score=0.377395 rank_key=-4 span_left=1 span_right=0 span=2
APPLE_OLD_POSITION4_SORT_INPUT total=157 presorted_prefix=20 suffix_count=137
APPLE_OLD_POSITION4_SORT_TARGET_BEFORE index=5 unit=59559 score=0.307186 key=-4 span=2 flags=0
APPLE_OLD_POSITION4_SORT_TARGET_BEFORE index=16 unit=82037 score=0.247923 key=-4 span=2 flags=0
APPLE_OLD_POSITION4_SORT_TARGET_BEFORE index=19 unit=2555 score=0.377395 key=-4 span=2 flags=0
Temporary breakpoint 6 at 0x1001d493
APPLE_OLD_POSITION4_SORTED_TOP30 [0]=158831(score=0.485026,key=-4,span=2) [1]=232463(score=0.274869,key=-4,span=2) [2]=86328(score=0.647595,key=-4,span=2) [3]=97885(score=2.17933,key=-4,span=2) [4]=103239(score=0.464545,key=-4,span=2) [5]=59559(score=0.307186,key=-4,span=2) [6]=218671(score=1.67941,key=-4,span=2) [7]=256582(score=0.693647,key=-4,span=2) [8]=129560(score=0.522934,key=-4,span=2) [9]=41058(score=0.341546,key=-4,span=2) [10]=40215(score=0.252175,key=-4,span=2) [11]=131119(score=0.423175,key=-4,span=2) [12]=258823(score=1.15598,key=-4,span=2) [13]=28632(score=1.20654,key=-4,span=2) [14]=27967(score=0.371031,key=-4,span=2) [15]=27795(score=0.798215,key=-4,span=2) [16]=82037(score=0.247923,key=-4,span=2) [17]=27441(score=0.126714,key=-4,span=2) [18]=11136(score=1.04603,key=-4,span=2) [19]=2555(score=0.377395,key=-4,span=2) [20]=261692(score=0.179692,key=0.179692,span=1) [21]=258101(score=0.193296,key=0.193296,span=1) [22]=250167(score=0.216086,key=0.216086,span=1) [23]=9835(score=0.31014,key=0.31014,span=1) [24]=11069(score=0.312336,key=0.312336,span=1) [25]=238346(score=0.400159,key=0.400159,span=1) [26]=160420(score=0.420601,key=0.420601,span=1) [27]=249481(score=0.441653,key=0.441653,span=1) [28]=162687(score=0.455843,key=0.455843,span=1) [29]=102356(score=0.465417,key=0.465417,span=1)
APPLE_OLD_SHORTLIST_ENTRY position=4 candidate_count=0
APPLE_OLD_POSITION4_SCORE unit=59559 score=0.307186 rank_key=-4 span_left=1 span_right=0 span=2
APPLE_OLD_POSITION4_SCORE unit=82037 score=0.247923 rank_key=-4 span_left=1 span_right=0 span=2
APPLE_OLD_POSITION4_SCORE unit=2555 score=0.377395 rank_key=-4 span_left=1 span_right=0 span=2
APPLE_OLD_POSITION4_SORT_INPUT total=157 presorted_prefix=20 suffix_count=137
APPLE_OLD_POSITION4_SORT_TARGET_BEFORE index=5 unit=59559 score=0.307186 key=-4 span=2 flags=0
APPLE_OLD_POSITION4_SORT_TARGET_BEFORE index=16 unit=82037 score=0.247923 key=-4 span=2 flags=0
APPLE_OLD_POSITION4_SORT_TARGET_BEFORE index=19 unit=2555 score=0.377395 key=-4 span=2 flags=0
Temporary breakpoint 7 at 0x1001d493
APPLE_OLD_POSITION4_SORTED_TOP30 [0]=158831(score=0.485026,key=-4,span=2) [1]=232463(score=0.274869,key=-4,span=2) [2]=86328(score=0.647595,key=-4,span=2) [3]=97885(score=2.17933,key=-4,span=2) [4]=103239(score=0.464545,key=-4,span=2) [5]=59559(score=0.307186,key=-4,span=2) [6]=218671(score=1.67941,key=-4,span=2) [7]=256582(score=0.693647,key=-4,span=2) [8]=129560(score=0.522934,key=-4,span=2) [9]=41058(score=0.341546,key=-4,span=2) [10]=40215(score=0.252175,key=-4,span=2) [11]=131119(score=0.423175,key=-4,span=2) [12]=258823(score=1.15598,key=-4,span=2) [13]=28632(score=1.20654,key=-4,span=2) [14]=27967(score=0.371031,key=-4,span=2) [15]=27795(score=0.798215,key=-4,span=2) [16]=82037(score=0.247923,key=-4,span=2) [17]=27441(score=0.126714,key=-4,span=2) [18]=11136(score=1.04603,key=-4,span=2) [19]=2555(score=0.377395,key=-4,span=2) [20]=261692(score=0.179692,key=0.179692,span=1) [21]=258101(score=0.193296,key=0.193296,span=1) [22]=250167(score=0.216086,key=0.216086,span=1) [23]=9835(score=0.31014,key=0.31014,span=1) [24]=11069(score=0.312336,key=0.312336,span=1) [25]=238346(score=0.400159,key=0.400159,span=1) [26]=160420(score=0.420601,key=0.420601,span=1) [27]=249481(score=0.441653,key=0.441653,span=1) [28]=162687(score=0.455843,key=0.455843,span=1) [29]=102356(score=0.465417,key=0.465417,span=1)
warning: Temporarily disabling breakpoints for unloaded shared library "/samples/vt_kat.dll"
[Inferior 1 (Remote target) exited normally]
Wine-gdb> 0114:0118: create process 'Z:\probe\probe-original-kate-2006.exe'/00000000 @004013E0 (204288<1830>)
0114:0118: create thread I @004013E0
0114:0118: loads DLL C:\windows\system32\ntdll.dll @7BD10000 (2994176<5095>)
0114:0118: loads DLL C:\windows\system32\kernel32.dll @7BB90000 (1466368<19395>)
0114:0118: loads DLL C:\windows\system32\kernelbase.dll @7B650000 (5410816<14148>)
0114:0118: loads DLL C:\windows\system32\msvcrt.dll @7B2A0000 (2715648<8214>)
0114:0118: loads DLL C:\windows\system32\tzres.dll @10000000 (0<0>)
00000114:00000118: unload DLL @10000000
0114:0118: loads DLL C:\windows\system32\tzres.dll @10000000 (0<0>)
00000114:00000118: unload DLL @10000000
0114:0118: loads DLL Z:\samples\vt_kat.dll @10000000 (0<0>)
0114:0118: loads DLL C:\windows\system32\WINMM.dll @78E90000 (1474560<4890>)
0114:0118: loads DLL C:\windows\system32\advapi32.dll @7B550000 (958464<7400>)
0114:0118: loads DLL C:\windows\system32\sechost.dll @7B200000 (565248<3163>)
0114:0118: loads DLL C:\windows\system32\ucrtbase.dll @7AEE0000 (3198976<11541>)
0114:0118: loads DLL C:\windows\system32\msacm32.dll @78E10000 (413696<1982>)
0114:0118: loads DLL C:\windows\system32\user32.dll @7A160000 (5005312<14159>)
0114:0118: loads DLL C:\windows\system32\zlib1.dll @7A120000 (135680<0>)
0114:0118: loads DLL C:\windows\system32\gdi32.dll @7A640000 (2355200<7390>)
0114:0118: loads DLL C:\windows\system32\win32u.dll @7A0D0000 (221184<1966>)
0114:0118: loads DLL C:\windows\system32\ole32.dll @7A9F0000 (4440064<14323>)
0114:0118: loads DLL C:\windows\system32\combase.dll @7A890000 (1314816<7562>)
0114:0118: loads DLL C:\windows\system32\rpcrt4.dll @79EA0000 (2162688<9274>)
0114:0118: loads DLL C:\windows\system32\coml2.dll @79E40000 (262144<3883>)
0114:0118: loads DLL C:\windows\system32\iphlpapi.dll @779C0000 (487424<4777>)
0114:0118: loads DLL C:\windows\system32\dnsapi.dll @77970000 (258048<1399>)
0114:0118: loads DLL C:\windows\system32\nsi.dll @77940000 (118784<823>)
0114:0118: loads DLL C:\windows\system32\ws2_32.dll @7AE40000 (565248<2279>)
0114:0118: loads DLL C:\windows\system32\imm32.dll @782F0000 (401408<2996>)
0114:0118: loads DLL C:\windows\system32\winex11.drv @780F0000 (307200<4314>)
0114:0118: loads DLL C:\windows\system32\uxtheme.dll @78030000 (671744<3646>)
00000114:00000118: unload DLL @10000000
00000114:00000118: unload DLL @779C0000
00000114:00000118: unload DLL @7AE40000
00000114:00000118: unload DLL @77940000
00000114:00000118: unload DLL @77970000
00000114:00000118: unload DLL @78E90000
00000114:00000118: unload DLL @7A9F0000
00000114:00000118: unload DLL @79E40000
00000114:00000118: unload DLL @7A890000
00000114:00000118: unload DLL @79EA0000
00000114:00000118: unload DLL @78E10000
00000114:00000118: exit process (0)
X connection to :99 broken (explicit kill or server shutdown).
X connection to :99 broken (explicit kill or server shutdown).
