Wine-gdb> Wine-gdb> Wine-gdb> Hardware assisted breakpoint 1 at 0x100191bc
Wine-gdb> >>>>>> > > > > > > > >>>Wine-gdb> Wine-gdb> Hardware assisted breakpoint 2 at 0x1001b200
Wine-gdb> >>>>>Wine-gdb> Wine-gdb> Hardware assisted breakpoint 3 at 0x408187
Wine-gdb> >>>>Wine-gdb> Wine-gdb> Continuing.
REPACKED_NEW_SELECTED_UNIT n=1 id=272822
REPACKED_NEW_SELECTED_UNIT n=2 id=272822
REPACKED_NEW_SELECTED_UNIT n=3 id=272823
REPACKED_NEW_SELECTED_UNIT n=4 id=272823
REPACKED_NEW_SELECTED_UNIT n=5 id=272824
REPACKED_NEW_SELECTED_UNIT n=6 id=185764
REPACKED_NEW_SELECTED_UNIT n=7 id=185764
REPACKED_NEW_SELECTED_UNIT n=8 id=8054
REPACKED_NEW_SELECTED_UNIT n=9 id=181914
REPACKED_NEW_SELECTED_UNIT n=10 id=273370
REPACKED_NEW_SELECTED_UNIT n=11 id=273370
REPACKED_NEW_SELECTED_UNIT n=12 id=273371
REPACKED_NEW_SELECTED_UNIT n=13 id=282025
REPACKED_NEW_SELECTED_UNIT n=14 id=282025
REPACKED_NEW_SELECTED_UNIT n=15 id=181914
REPACKED_NEW_SELECTED_UNIT n=16 id=8054
[Inferior 1 (Remote target) exited normally]
Wine-gdb> 