GNU gdb (Ubuntu 15.1-1ubuntu1~24.04.1) 15.1
Copyright (C) 2024 Free Software Foundation, Inc.
License GPLv3+: GNU GPL version 3 or later <http://gnu.org/licenses/gpl.html>
This is free software: you are free to change and redistribute it.
There is NO WARRANTY, to the extent permitted by law.
Type "show copying" and "show warranty" for details.
This GDB was configured as "x86_64-linux-gnu".
Type "show configuration" for configuration details.
For bug reporting instructions, please see:
<https://www.gnu.org/software/gdb/bugs/>.
Find the GDB manual and other documentation resources online at:
    <http://www.gnu.org/software/gdb/documentation/>.

For help, type "help".
Type "apropos word" to search for commands related to "word".
warning: remote target does not support file transfer, attempting to access files from local filesystem.
Reading symbols from /samples/voicetext_kate.exe...
0x7bd64525 in DbgBreakPoint@0 ()
   from /usr/lib/i386-linux-gnu/wine/i386-windows/ntdll.dll
Wine-gdb> Wine-gdb> Wine-gdb> Wine-gdb> Signal        Stop	Print	Pass to program	Description
SIGSEGV       No	No	Yes		Segmentation fault
Wine-gdb> Wine-gdb> Wine-gdb> Copying output to /work/corpus-parity/stage20/hello-hi-builder-baseline/live-builder.gdb.log.
Copying debug output to /work/corpus-parity/stage20/hello-hi-builder-baseline/live-builder.gdb.log.
Wine-gdb> Breakpoint 1 at 0x10023350
Breakpoint 2 at 0x100230a0
Breakpoint 3 at 0x100235f6
Hardware assisted breakpoint 4 at 0x408187
HELLO_BUILDER_ENTRY context=0 count=0
HELLO_COVERAGE_ENTRY context=0 count=465 [0]=6383 [1]=8528 [2]=22336 [3]=23272 [4]=23555 [5]=27111 [6]=41104 [7]=53134 [8]=65331 [9]=75811 [10]=87152 [11]=93904
Temporary breakpoint 5 at 0x100235f6
HELLO_PRE_SCORE context=0 count=465 [0]=273369(span=6,weighted=3) [1]=272822(span=6,weighted=3) [2]=200614(span=2,weighted=0) [3]=116320(span=2,weighted=0) [4]=129641(span=2,weighted=0) [5]=165351(span=2,weighted=0) [6]=178453(span=2,weighted=0) [7]=179388(span=2,weighted=0) [8]=182880(span=2,weighted=0) [9]=189906(span=2,weighted=0) [10]=195687(span=2,weighted=0) [11]=200525(span=2,weighted=0)
HELLO_BUILDER_ENTRY context=1 count=0
HELLO_COVERAGE_ENTRY context=1 count=111 [0]=8766 [1]=12790 [2]=32803 [3]=82909 [4]=84961 [5]=87351 [6]=90590 [7]=108998 [8]=114948 [9]=135330 [10]=167628 [11]=187571
Temporary breakpoint 6 at 0x100235f6
HELLO_PRE_SCORE context=1 count=111 [0]=273369(span=6,weighted=2) [1]=272822(span=6,weighted=2) [2]=279484(span=2,weighted=0) [3]=1200(span=2,weighted=0) [4]=2525(span=2,weighted=0) [5]=20499(span=2,weighted=0) [6]=22451(span=2,weighted=0) [7]=28430(span=2,weighted=0) [8]=31347(span=2,weighted=0) [9]=31795(span=2,weighted=0) [10]=51310(span=2,weighted=0) [11]=52542(span=2,weighted=0)
HELLO_BUILDER_ENTRY context=6 count=0
HELLO_COVERAGE_ENTRY context=6 count=23 [0]=280962 [1]=23010 [2]=27246 [3]=94772 [4]=105189 [5]=281980 [6]=281739 [7]=66928 [8]=282025 [9]=282675 [10]=282713 [11]=33797
Temporary breakpoint 7 at 0x100235f6
HELLO_PRE_SCORE context=6 count=23 [0]=282025(span=2,weighted=0) [1]=282675(span=2,weighted=0) [2]=282713(span=2,weighted=0) [3]=280962(span=1,weighted=0) [4]=282007(span=1,weighted=0) [5]=282011(span=1,weighted=0) [6]=281727(span=1,weighted=0) [7]=281136(span=1,weighted=0) [8]=269609(span=1,weighted=0) [9]=282043(span=1,weighted=0) [10]=282035(span=1,weighted=0) [11]=200069(span=1,weighted=0)
[Inferior 1 (Remote target) exited normally]
Wine-gdb> 0114:0118: create process 'Z:\samples\voicetext_kate.exe'/00000000 @004014C0 (450560<1847>)
0114:0118: create thread I @004014C0
0114:0118: loads DLL C:\windows\system32\ntdll.dll @7BD10000 (2994176<5095>)
0114:0118: loads DLL C:\windows\system32\kernel32.dll @7BB90000 (1466368<19395>)
0114:0118: loads DLL C:\windows\system32\kernelbase.dll @7B650000 (5410816<14148>)
0114:0118: loads DLL C:\windows\system32\msvcrt.dll @7B2A0000 (2715648<8214>)
0114:0118: loads DLL Z:\samples\vt_kat.dll @10000000 (0<0>)
0114:0118: loads DLL C:\windows\system32\WINMM.dll @78EC0000 (1474560<4890>)
0114:0118: loads DLL C:\windows\system32\advapi32.dll @7B550000 (958464<7400>)
0114:0118: loads DLL C:\windows\system32\sechost.dll @7B200000 (565248<3163>)
0114:0118: loads DLL C:\windows\system32\ucrtbase.dll @7AEE0000 (3198976<11541>)
0114:0118: loads DLL C:\windows\system32\msacm32.dll @78E40000 (413696<1982>)
0114:0118: loads DLL C:\windows\system32\user32.dll @7A160000 (5005312<14159>)
0114:0118: loads DLL Z:\samples\zlib1.dll @7A120000 (135680<0>)
0114:0118: loads DLL C:\windows\system32\gdi32.dll @7A640000 (2355200<7390>)
0114:0118: loads DLL C:\windows\system32\win32u.dll @7A0D0000 (221184<1966>)
0114:0118: loads DLL C:\windows\system32\ole32.dll @7A9F0000 (4440064<14323>)
0114:0118: loads DLL C:\windows\system32\combase.dll @7A890000 (1314816<7562>)
0114:0118: loads DLL C:\windows\system32\rpcrt4.dll @79EA0000 (2162688<9274>)
0114:0118: loads DLL C:\windows\system32\coml2.dll @79E40000 (262144<3883>)
0114:0118: loads DLL C:\windows\system32\iphlpapi.dll @779C0000 (487424<4777>)
0114:0118: loads DLL C:\windows\system32\dnsapi.dll @77970000 (258048<1399>)
0114:0118: loads DLL C:\windows\system32\nsi.dll @77940000 (118784<823>)
0114:0118: loads DLL C:\windows\system32\ws2_32.dll @7AE40000 (565248<2279>)
0114:0118: loads DLL C:\windows\system32\tzres.dll @009C0000 (0<0>)
00000114:00000118: unload DLL @009C0000
0114:0118: loads DLL C:\windows\system32\tzres.dll @009C0000 (0<0>)
00000114:00000118: unload DLL @009C0000
0114:0118: loads DLL C:\windows\system32\imm32.dll @782F0000 (401408<2996>)
0114:0118: loads DLL C:\windows\system32\winex11.drv @780F0000 (307200<4314>)
0114:0118: loads DLL C:\windows\system32\uxtheme.dll @77FF0000 (671744<3646>)
00000114:00000118: exit process (0)
X connection to :99 broken (explicit kill or server shutdown).
X connection to :99 broken (explicit kill or server shutdown).
