GNU gdb (Ubuntu 15.1-1ubuntu1~24.04.1) 15.1
Copyright (C) 2024 Free Software Foundation, Inc.
License GPLv3+: GNU GPL version 3 or later <http://gnu.org/licenses/gpl.html>
This is free software: you are free to change and redistribute it.
There is NO WARRANTY, to the extent permitted by law.
Type "show copying" and "show warranty" for details.
This GDB was configured as "x86_64-linux-gnu".
Type "show configuration" for configuration details.
For bug reporting instructions, please see:
<https://www.gnu.org/software/gdb/bugs/>.
Find the GDB manual and other documentation resources online at:
    <http://www.gnu.org/software/gdb/documentation/>.

For help, type "help".
Type "apropos word" to search for commands related to "word".
warning: remote target does not support file transfer, attempting to access files from local filesystem.
Reading symbols from /samples/voicetext_kate.exe...
0x7bd64525 in DbgBreakPoint@0 ()
   from /usr/lib/i386-linux-gnu/wine/i386-windows/ntdll.dll
Wine-gdb> Wine-gdb> Wine-gdb> Signal        Stop	Print	Pass to program	Description
SIGSEGV       No	No	Yes		Segmentation fault
Wine-gdb> Wine-gdb> Wine-gdb> Copying output to /work/corpus-parity/stage20/matched-context-score-zero-gdb.log.
Copying debug output to /work/corpus-parity/stage20/matched-context-score-zero-gdb.log.
Wine-gdb> Wine-gdb> Wine-gdb> Wine-gdb> Wine-gdb> Breakpoint 1 at 0x10023af0
Wine-gdb> >>> > > > > > > > > > > > > > > >  >  >  >  >  > > >  >  >  >  >  >   >   >   >  >  >  > >>>Wine-gdb> Wine-gdb> Breakpoint 2 at 0x10023350
Wine-gdb> >>> > > > > > > > >  >  >  > > > >  >  >  >  >  >   >   >   >  >  >  >   >   >   >   >  >  > >>>Wine-gdb> Wine-gdb> Breakpoint 3 at 0x100182e0
Wine-gdb> >>> > > > > > > > > > > >  >  >  >  > >>>Wine-gdb> Wine-gdb> Wine-gdb> Wine-gdb> Wine-gdb> Breakpoint 4 at 0x10024060
Wine-gdb> >>>>>>> > > >  >  >  >  >  > > >>>Wine-gdb> Wine-gdb> Breakpoint 5 at 0x10023060
Wine-gdb> >>> > > > > > > > >  >  >  >  > > > >  >  >  >  >  > >>>Wine-gdb> Wine-gdb> Breakpoint 6 at 0x100242a0
Wine-gdb> >>>>>> > > > >>>Wine-gdb> Wine-gdb> Breakpoint 7 at 0x10024680
Wine-gdb> >>>> > > > >>>Wine-gdb> Wine-gdb> Breakpoint 8 at 0x1001b200
Wine-gdb> >>> > >>>Wine-gdb> Wine-gdb> Breakpoint 9 at 0x408187
Wine-gdb> >>>>Wine-gdb> Wine-gdb> Breakpoint 10 at 0x10018c80
Wine-gdb> >>>>>>>> > > > > >  >  >  >  >  >  >  >  > > >>>Wine-gdb> Wine-gdb> Breakpoint 11 at 0x100191bc
Wine-gdb> >>>>>> > > > > > > > >>>Wine-gdb> Wine-gdb> Breakpoint 12 at 0x10018736
Wine-gdb> >>>>>>Wine-gdb> Wine-gdb> Breakpoint 13 at 0x1001864a
Wine-gdb> >>>>>>Wine-gdb> Wine-gdb> Continuing.
Temporary breakpoint 14 at 0x100249bb
OLD_CUTOFF_SPLIT_ENTER slot=0
Temporary breakpoint 15 at 0x10024808
KEY_RANK_ENTRY call=1 limit=30 budget=10000 count=1 signature=0x24e0752:	0x5a	0x5a	0x22	0x17	0x2b	0xa0	0x00
KEY_CANDIDATE call=1 index=0 class_id=32928 duration=30 key=0x204de60:	0x5a	0x22	0x17	0xa0	0x00
Temporary breakpoint 16 at 0x10024164
KEY_RANK_RETURN call=1 selected=1 class_ids=32928 
OLD_CUTOFF_METRIC_ENTRY count=1 ids_weights: 32928:30
Temporary breakpoint 17 at 0x10024271
OLD_CUTOFF_METRIC_RETURN sum=30
OLD_CUTOFF_SPLIT_RETURN slot=0 sum=30 accepted=1
OLD_CUTOFF_SPLIT_ENTER slot=1
Temporary breakpoint 18 at 0x10024808
KEY_RANK_ENTRY call=2 limit=30 budget=10000 count=1 signature=0x24e0759:	0x5a	0x22	0x17	0x2b	0x30	0x20	0x00
KEY_CANDIDATE call=2 index=0 class_id=13478 duration=9 key=0x203627e:	0x22	0x17	0x2b	0x20	0x00
Temporary breakpoint 19 at 0x10024164
KEY_RANK_RETURN call=2 selected=1 class_ids=13478 
OLD_CUTOFF_METRIC_ENTRY count=1 ids_weights: 13478:9
Temporary breakpoint 20 at 0x10024271
OLD_CUTOFF_METRIC_RETURN sum=9
OLD_CUTOFF_OVERRIDE slot=1 sum=9 native=0 overridden=1
OLD_CUTOFF_SPLIT_ENTER slot=2
Temporary breakpoint 21 at 0x10024808
KEY_RANK_ENTRY call=3 limit=30 budget=10000 count=1 signature=0x24e0760:	0x22	0x17	0x2b	0x30	0x5a	0x00	0x00
KEY_CANDIDATE call=3 index=0 class_id=9147 duration=25 key=0x2030de7:	0x17	0x2b	0x2f	0x00	0x00
Temporary breakpoint 22 at 0x10024164
KEY_RANK_RETURN call=3 selected=1 class_ids=9147 
OLD_CUTOFF_METRIC_ENTRY count=1 ids_weights: 9147:25
Temporary breakpoint 23 at 0x10024271
OLD_CUTOFF_METRIC_RETURN sum=25
OLD_CUTOFF_SPLIT_RETURN slot=2 sum=25 accepted=1
OLD_CUTOFF_SPLIT_ENTER slot=3
Temporary breakpoint 24 at 0x10024808
OLD_CUTOFF_METRIC_ENTRY count=1 ids_weights: 18857:6
Temporary breakpoint 25 at 0x10024271
OLD_CUTOFF_METRIC_RETURN sum=6
OLD_CUTOFF_OVERRIDE slot=3 sum=6 native=0 overridden=1
OLD_CUTOFF_POSITION_BUILDER_RETURN positions=4
FINAL_RANK_ENTRY call=1 context=0 input_count=1 input_ids=32928 
Temporary breakpoint 26 at 0x100249d5
CEP_PROSODY_ENTRY call=1 unit=1200 scale=1 target=0x25cc648:	0x00	0x00	0x00	0x00	0x00	0x01	0x00
CEP_PROSODY_FEATURE_VIEW=0x6676cc:	0x18	0x55	0x55	0x00	0xf4	0x76	0x66	0x00
0x6676d4:	0xd5	0x49
Temporary breakpoint 27 at 0x1002389a
ATTRB_NEUTRALIZED branch=flagged-path contribution=48
CEP_PROSODY_RETURN call=1 cost=16
CEP_PROSODY_ENTRY call=2 unit=279479 scale=1 target=0x25cc648:	0x00	0x00	0x00	0x00	0x00	0x01	0x00
CEP_PROSODY_FEATURE_VIEW=0x6676cc:	0x18	0x55	0x55	0x00	0xf4	0x76	0x66	0x00
0x6676d4:	0xd5	0x49
Temporary breakpoint 28 at 0x1002389a
ATTRB_NEUTRALIZED branch=flagged-path contribution=48
CEP_PROSODY_RETURN call=2 cost=30
CEP_PROSODY_ENTRY call=3 unit=273369 scale=1 target=0x25cc648:	0x00	0x00	0x00	0x00	0x00	0x01	0x00
CEP_PROSODY_FEATURE_VIEW=0x6676cc:	0x18	0x55	0x55	0x00	0xf4	0x76	0x66	0x00
0x6676d4:	0xd5	0x49
Temporary breakpoint 29 at 0x1002389a
ATTRB_NEUTRALIZED branch=flagged-path contribution=48
CEP_PROSODY_RETURN call=3 cost=0
CEP_PROSODY_ENTRY call=4 unit=272822 scale=1 target=0x25cc648:	0x00	0x00	0x00	0x00	0x00	0x01	0x00
CEP_PROSODY_FEATURE_VIEW=0x6676cc:	0x18	0x55	0x55	0x00	0xf4	0x76	0x66	0x00
0x6676d4:	0xd5	0x49
Temporary breakpoint 30 at 0x1002389a
ATTRB_NEUTRALIZED branch=flagged-path contribution=48
CEP_PROSODY_RETURN call=4 cost=0
CEP_PROSODY_ENTRY call=5 unit=262454 scale=1 target=0x25cc648:	0x00	0x00	0x00	0x00	0x00	0x01	0x00
CEP_PROSODY_FEATURE_VIEW=0x6676cc:	0x18	0x55	0x55	0x00	0xf4	0x76	0x66	0x00
0x6676d4:	0xd5	0x49
Temporary breakpoint 31 at 0x1002389a
ATTRB_NEUTRALIZED branch=flagged-path contribution=48
CEP_PROSODY_RETURN call=5 cost=15
CEP_PROSODY_ENTRY call=6 unit=245736 scale=1 target=0x25cc648:	0x00	0x00	0x00	0x00	0x00	0x01	0x00
CEP_PROSODY_FEATURE_VIEW=0x6676cc:	0x18	0x55	0x55	0x00	0xf4	0x76	0x66	0x00
0x6676d4:	0xd5	0x49
Temporary breakpoint 32 at 0x1002389a
ATTRB_NEUTRALIZED branch=flagged-path contribution=48
CEP_PROSODY_RETURN call=6 cost=16
CEP_PROSODY_ENTRY call=7 unit=233533 scale=1 target=0x25cc648:	0x00	0x00	0x00	0x00	0x00	0x01	0x00
CEP_PROSODY_FEATURE_VIEW=0x6676cc:	0x18	0x55	0x55	0x00	0xf4	0x76	0x66	0x00
0x6676d4:	0xd5	0x49
Temporary breakpoint 33 at 0x1002389a
ATTRB_NEUTRALIZED branch=flagged-path contribution=48
CEP_PROSODY_RETURN call=7 cost=16
CEP_PROSODY_ENTRY call=8 unit=214148 scale=1 target=0x25cc648:	0x00	0x00	0x00	0x00	0x00	0x01	0x00
CEP_PROSODY_FEATURE_VIEW=0x6676cc:	0x18	0x55	0x55	0x00	0xf4	0x76	0x66	0x00
0x6676d4:	0xd5	0x49
Temporary breakpoint 34 at 0x1002389a
ATTRB_NEUTRALIZED branch=flagged-path contribution=48
CEP_PROSODY_RETURN call=8 cost=15
ATTRB_NEUTRALIZED branch=flagged-path contribution=48
ATTRB_NEUTRALIZED branch=flagged-path contribution=48
ATTRB_NEUTRALIZED branch=flagged-path contribution=48
ATTRB_NEUTRALIZED branch=flagged-path contribution=48
ATTRB_NEUTRALIZED branch=flagged-path contribution=48
ATTRB_NEUTRALIZED branch=flagged-path contribution=48
ATTRB_NEUTRALIZED branch=flagged-path contribution=48
ATTRB_NEUTRALIZED branch=flagged-path contribution=48
ATTRB_NEUTRALIZED branch=flagged-path contribution=48
ATTRB_NEUTRALIZED branch=flagged-path contribution=48
ATTRB_NEUTRALIZED branch=flagged-path contribution=48
ATTRB_NEUTRALIZED branch=flagged-path contribution=48
ATTRB_NEUTRALIZED branch=flagged-path contribution=48
ATTRB_NEUTRALIZED branch=flagged-path contribution=48
ATTRB_NEUTRALIZED branch=flagged-path contribution=48
ATTRB_NEUTRALIZED branch=flagged-path contribution=48
ATTRB_NEUTRALIZED branch=flagged-path contribution=48
ATTRB_NEUTRALIZED branch=flagged-path contribution=48
ATTRB_NEUTRALIZED branch=flagged-path contribution=48
ATTRB_NEUTRALIZED branch=flagged-path contribution=48
ATTRB_NEUTRALIZED branch=flagged-path contribution=48
ATTRB_NEUTRALIZED branch=flagged-path contribution=48
FINAL_RANK_RETURN call=1 selected=30 unit_ids=1200 279479 273369 272822 262454 245736 233533 214148 206118 204612 
FINAL_RANK_COSTS call=1
FINAL_COST position=0 unit=1200 score=16 duration_penalty=1 context_penalty=0
FINAL_COST position=1 unit=279479 score=30 duration_penalty=1 context_penalty=0
FINAL_COST position=2 unit=273369 score=0 duration_penalty=1 context_penalty=0
FINAL_COST position=3 unit=272822 score=0 duration_penalty=1 context_penalty=0
FINAL_COST position=4 unit=262454 score=15 duration_penalty=1 context_penalty=0
FINAL_COST position=5 unit=245736 score=16 duration_penalty=1 context_penalty=0
FINAL_COST position=6 unit=233533 score=16 duration_penalty=1 context_penalty=0
FINAL_COST position=7 unit=214148 score=15 duration_penalty=1 context_penalty=0
FINAL_COST position=8 unit=206118 score=20 duration_penalty=1 context_penalty=0
FINAL_COST position=9 unit=204612 score=15 duration_penalty=1 context_penalty=0
FINAL_RANK_ENTRY call=2 context=1 input_count=1 input_ids=13478 
Temporary breakpoint 35 at 0x100248ce
ATTRB_NEUTRALIZED branch=signature-path contribution=2.75
ATTRB_NEUTRALIZED branch=signature-path contribution=2.75
ATTRB_NEUTRALIZED branch=signature-path contribution=2.75
ATTRB_NEUTRALIZED branch=signature-path contribution=2.75
ATTRB_NEUTRALIZED branch=signature-path contribution=2.75
ATTRB_NEUTRALIZED branch=signature-path contribution=2.75
ATTRB_NEUTRALIZED branch=signature-path contribution=2.75
ATTRB_NEUTRALIZED branch=signature-path contribution=2.75
ATTRB_NEUTRALIZED branch=signature-path contribution=2.75
FINAL_RANK_RETURN call=2 selected=9 unit_ids=13942 36540 53487 96599 264072 268760 272152 272823 273370 
FINAL_RANK_COSTS call=2
FINAL_COST position=0 unit=13942 score=0.25238 duration_penalty=1 context_penalty=0
FINAL_COST position=1 unit=36540 score=0.0632985 duration_penalty=1 context_penalty=0
FINAL_COST position=2 unit=53487 score=0.0511364 duration_penalty=1 context_penalty=0
FINAL_COST position=3 unit=96599 score=0.144444 duration_penalty=1 context_penalty=0
FINAL_COST position=4 unit=264072 score=0.10452 duration_penalty=1 context_penalty=0
FINAL_COST position=5 unit=268760 score=0.329545 duration_penalty=1 context_penalty=0
FINAL_COST position=6 unit=272152 score=0.114943 duration_penalty=1 context_penalty=0
FINAL_COST position=7 unit=272823 score=0.709931 duration_penalty=1 context_penalty=0
FINAL_COST position=8 unit=273370 score=0.00581395 duration_penalty=1 context_penalty=0
TRANSITION_ENTER context=1 current_count=9 previous_count=30
Temporary breakpoint 36 at 0x100248d6
TRANSITION_COMPONENTS context=1 current=272823 previous=273369 feature=21.9468 divisor=1 categorical=0 previous_cost=0 local_cost=0.354965 sum=22.3018
TRANSITION_COMPONENTS context=1 current=272823 previous=272822 feature=2 divisor=1 categorical=0 previous_cost=0 local_cost=0.354965 sum=2.35497
TRANSITION_COMPONENTS context=1 current=273370 previous=273369 feature=2 divisor=1 categorical=0 previous_cost=0 local_cost=0.00290698 sum=2.00291
TRANSITION_COMPONENTS context=1 current=273370 previous=272822 feature=21.9468 divisor=1 categorical=0 previous_cost=0 local_cost=0.00290698 sum=21.9497
TRANSITION_RETURN context=1 candidates=9 cumulative_costs_and_predecessors:
TRANSITION_CANDIDATE context=1 unit=13942 cost=16.2437 predecessor=273369 predecessor_index=2
TRANSITION_CANDIDATE context=1 unit=36540 cost=13.1518 predecessor=273369 predecessor_index=2
TRANSITION_CANDIDATE context=1 unit=53487 cost=6.51826 predecessor=273369 predecessor_index=2
TRANSITION_CANDIDATE context=1 unit=96599 cost=12.517 predecessor=273369 predecessor_index=2
TRANSITION_CANDIDATE context=1 unit=264072 cost=8.66907 predecessor=273369 predecessor_index=2
TRANSITION_CANDIDATE context=1 unit=268760 cost=9.18799 predecessor=272822 predecessor_index=3
TRANSITION_CANDIDATE context=1 unit=272152 cost=10.7029 predecessor=273369 predecessor_index=2
TRANSITION_CANDIDATE context=1 unit=272823 cost=2.35497 predecessor=272822 predecessor_index=3
TRANSITION_CANDIDATE context=1 unit=273370 cost=2.00291 predecessor=273369 predecessor_index=2
FINAL_RANK_ENTRY call=3 context=2 input_count=1 input_ids=9147 
Temporary breakpoint 37 at 0x100248ce
ATTRB_NEUTRALIZED branch=signature-path contribution=70
ATTRB_NEUTRALIZED branch=signature-path contribution=70
ATTRB_NEUTRALIZED branch=signature-path contribution=70
ATTRB_NEUTRALIZED branch=signature-path contribution=70
ATTRB_NEUTRALIZED branch=signature-path contribution=70
ATTRB_NEUTRALIZED branch=signature-path contribution=70
ATTRB_NEUTRALIZED branch=signature-path contribution=70
ATTRB_NEUTRALIZED branch=signature-path contribution=70
ATTRB_NEUTRALIZED branch=signature-path contribution=70
ATTRB_NEUTRALIZED branch=signature-path contribution=70
ATTRB_NEUTRALIZED branch=signature-path contribution=70
ATTRB_NEUTRALIZED branch=signature-path contribution=70
ATTRB_NEUTRALIZED branch=signature-path contribution=70
ATTRB_NEUTRALIZED branch=signature-path contribution=70
ATTRB_NEUTRALIZED branch=signature-path contribution=70
ATTRB_NEUTRALIZED branch=signature-path contribution=70
ATTRB_NEUTRALIZED branch=signature-path contribution=70
ATTRB_NEUTRALIZED branch=signature-path contribution=70
ATTRB_NEUTRALIZED branch=signature-path contribution=70
ATTRB_NEUTRALIZED branch=signature-path contribution=70
ATTRB_NEUTRALIZED branch=signature-path contribution=70
ATTRB_NEUTRALIZED branch=signature-path contribution=70
ATTRB_NEUTRALIZED branch=signature-path contribution=70
ATTRB_NEUTRALIZED branch=signature-path contribution=70
ATTRB_NEUTRALIZED branch=signature-path contribution=70
FINAL_RANK_RETURN call=3 selected=25 unit_ids=2529 272824 272153 265815 264073 252236 238356 233274 206047 173825 
FINAL_RANK_COSTS call=3
FINAL_COST position=0 unit=2529 score=215.545 duration_penalty=1 context_penalty=0
FINAL_COST position=1 unit=272824 score=9.35945 duration_penalty=1 context_penalty=0
FINAL_COST position=2 unit=272153 score=2.24578 duration_penalty=1 context_penalty=0
FINAL_COST position=3 unit=265815 score=216.447 duration_penalty=1 context_penalty=0
FINAL_COST position=4 unit=264073 score=1.55876 duration_penalty=1 context_penalty=0
FINAL_COST position=5 unit=252236 score=217.526 duration_penalty=1 context_penalty=0
FINAL_COST position=6 unit=238356 score=211.105 duration_penalty=1 context_penalty=0
FINAL_COST position=7 unit=233274 score=215.352 duration_penalty=1 context_penalty=0
FINAL_COST position=8 unit=206047 score=210.567 duration_penalty=1 context_penalty=0
FINAL_COST position=9 unit=173825 score=216.379 duration_penalty=1 context_penalty=0
TRANSITION_ENTER context=2 current_count=25 previous_count=9
Temporary breakpoint 38 at 0x100248d6
TRANSITION_COMPONENTS context=2 current=272824 previous=272823 feature=2 divisor=1 categorical=0 previous_cost=2.35497 local_cost=4.67972 sum=9.03469
TRANSITION_COMPONENTS context=2 current=272824 previous=273370 feature=56.9509 divisor=1 categorical=10 previous_cost=2.00291 local_cost=4.67972 sum=73.6335
TRANSITION_COMPONENTS context=2 current=273371 previous=272823 feature=56.9509 divisor=1 categorical=10 previous_cost=2.35497 local_cost=0.471414 sum=69.7772
TRANSITION_COMPONENTS context=2 current=273371 previous=273370 feature=2 divisor=1 categorical=0 previous_cost=2.00291 local_cost=0.471414 sum=4.47432
TRANSITION_RETURN context=2 candidates=25 cumulative_costs_and_predecessors:
TRANSITION_CANDIDATE context=2 unit=2529 cost=132.503 predecessor=53487 predecessor_index=2
TRANSITION_CANDIDATE context=2 unit=272824 cost=9.03469 predecessor=272823 predecessor_index=7
TRANSITION_CANDIDATE context=2 unit=272153 cost=13.8258 predecessor=272152 predecessor_index=6
TRANSITION_CANDIDATE context=2 unit=265815 cost=133.497 predecessor=272823 predecessor_index=7
TRANSITION_CANDIDATE context=2 unit=264073 cost=11.4485 predecessor=264072 predecessor_index=4
TRANSITION_CANDIDATE context=2 unit=252236 cost=135.32 predecessor=272823 predecessor_index=7
TRANSITION_CANDIDATE context=2 unit=238356 cost=124.596 predecessor=273370 predecessor_index=8
TRANSITION_CANDIDATE context=2 unit=233274 cost=130.422 predecessor=272823 predecessor_index=7
TRANSITION_CANDIDATE context=2 unit=206047 cost=128.921 predecessor=273370 predecessor_index=8
TRANSITION_CANDIDATE context=2 unit=173825 cost=129.201 predecessor=273370 predecessor_index=8
TRANSITION_CANDIDATE context=2 unit=160529 cost=138.405 predecessor=272823 predecessor_index=7
TRANSITION_CANDIDATE context=2 unit=153132 cost=108.794 predecessor=272823 predecessor_index=7
TRANSITION_CANDIDATE context=2 unit=146098 cost=134.504 predecessor=272823 predecessor_index=7
TRANSITION_CANDIDATE context=2 unit=105185 cost=133.178 predecessor=272823 predecessor_index=7
TRANSITION_CANDIDATE context=2 unit=87003 cost=124.766 predecessor=273370 predecessor_index=8
TRANSITION_CANDIDATE context=2 unit=83568 cost=133.545 predecessor=272823 predecessor_index=7
TRANSITION_CANDIDATE context=2 unit=75575 cost=138.185 predecessor=272823 predecessor_index=7
TRANSITION_CANDIDATE context=2 unit=49761 cost=127.689 predecessor=273370 predecessor_index=8
TRANSITION_CANDIDATE context=2 unit=31841 cost=132.832 predecessor=273370 predecessor_index=8
TRANSITION_CANDIDATE context=2 unit=29459 cost=140.081 predecessor=53487 predecessor_index=2
TRANSITION_CANDIDATE context=2 unit=28296 cost=134.194 predecessor=53487 predecessor_index=2
TRANSITION_CANDIDATE context=2 unit=13943 cost=18.9345 predecessor=13942 predecessor_index=0
TRANSITION_CANDIDATE context=2 unit=6519 cost=133.423 predecessor=272823 predecessor_index=7
TRANSITION_CANDIDATE context=2 unit=4632 cost=128.409 predecessor=273370 predecessor_index=8
TRANSITION_CANDIDATE context=2 unit=273371 cost=4.47432 predecessor=273370 predecessor_index=8
ATTRB_NEUTRALIZED branch=signature-path contribution=24.25
ATTRB_NEUTRALIZED branch=signature-path contribution=24.25
ATTRB_NEUTRALIZED branch=signature-path contribution=24.25
ATTRB_NEUTRALIZED branch=signature-path contribution=24.25
ATTRB_NEUTRALIZED branch=signature-path contribution=24.25
ATTRB_NEUTRALIZED branch=signature-path contribution=24.25
TRANSITION_ENTER context=3 current_count=6 previous_count=15
Temporary breakpoint 39 at 0x100248d6
TRANSITION_COMPONENTS context=3 current=255282 previous=272824 feature=70.7129 divisor=1 categorical=0 previous_cost=9.03469 local_cost=0.135298 sum=79.8829
TRANSITION_COMPONENTS context=3 current=255282 previous=273371 feature=6.39509 divisor=1 categorical=0 previous_cost=4.47432 local_cost=0.135298 sum=11.0047
TRANSITION_COMPONENTS context=3 current=272825 previous=272824 feature=2 divisor=1 categorical=0 previous_cost=9.03469 local_cost=0.968148 sum=12.0028
TRANSITION_COMPONENTS context=3 current=272825 previous=273371 feature=59.1905 divisor=1 categorical=0 previous_cost=4.47432 local_cost=0.968148 sum=64.633
TRANSITION_RETURN context=3 candidates=6 cumulative_costs_and_predecessors:
TRANSITION_CANDIDATE context=3 unit=1869 cost=23.8137 predecessor=273371 predecessor_index=14
TRANSITION_CANDIDATE context=3 unit=5170 cost=11.5094 predecessor=273371 predecessor_index=14
TRANSITION_CANDIDATE context=3 unit=246677 cost=16.6046 predecessor=273371 predecessor_index=14
TRANSITION_CANDIDATE context=3 unit=255282 cost=11.0047 predecessor=273371 predecessor_index=14
TRANSITION_CANDIDATE context=3 unit=264074 cost=11.88 predecessor=273371 predecessor_index=14
TRANSITION_CANDIDATE context=3 unit=272825 cost=12.0028 predecessor=272824 predecessor_index=1
OLD_CUTOFF_SELECTED_UNIT n=1 id=273369
OLD_CUTOFF_SELECTED_UNIT n=2 id=273370
OLD_CUTOFF_SELECTED_UNIT n=3 id=273371
OLD_CUTOFF_SELECTED_UNIT n=4 id=255282
[Inferior 1 (Remote target) exited normally]
Wine-gdb> 0118:011c: create process 'Z:\samples\voicetext_kate.exe'/00000000 @004014C0 (450560<1847>)
0118:011c: create thread I @004014C0
0118:011c: loads DLL C:\windows\system32\ntdll.dll @7BD10000 (2994176<5095>)
0118:011c: loads DLL C:\windows\system32\kernel32.dll @7BB90000 (1466368<19395>)
0118:011c: loads DLL C:\windows\system32\kernelbase.dll @7B650000 (5410816<14148>)
0118:011c: loads DLL C:\windows\system32\msvcrt.dll @7B2A0000 (2715648<8214>)
0118:011c: loads DLL Z:\samples\vt_kat.dll @10000000 (0<0>)
0118:011c: loads DLL C:\windows\system32\WINMM.dll @78EC0000 (1474560<4890>)
0118:011c: loads DLL C:\windows\system32\advapi32.dll @7B550000 (958464<7400>)
0118:011c: loads DLL C:\windows\system32\sechost.dll @7B200000 (565248<3163>)
0118:011c: loads DLL C:\windows\system32\ucrtbase.dll @7AEE0000 (3198976<11541>)
0118:011c: loads DLL C:\windows\system32\msacm32.dll @78E40000 (413696<1982>)
0118:011c: loads DLL C:\windows\system32\user32.dll @7A160000 (5005312<14159>)
0118:011c: loads DLL Z:\samples\zlib1.dll @7A120000 (135680<0>)
0118:011c: loads DLL C:\windows\system32\gdi32.dll @7A640000 (2355200<7390>)
0118:011c: loads DLL C:\windows\system32\win32u.dll @7A0D0000 (221184<1966>)
0118:011c: loads DLL C:\windows\system32\ole32.dll @7A9F0000 (4440064<14323>)
0118:011c: loads DLL C:\windows\system32\combase.dll @7A890000 (1314816<7562>)
0118:011c: loads DLL C:\windows\system32\rpcrt4.dll @79EA0000 (2162688<9274>)
0118:011c: loads DLL C:\windows\system32\coml2.dll @79E40000 (262144<3883>)
0118:011c: loads DLL C:\windows\system32\iphlpapi.dll @779C0000 (487424<4777>)
0118:011c: loads DLL C:\windows\system32\dnsapi.dll @77970000 (258048<1399>)
0118:011c: loads DLL C:\windows\system32\nsi.dll @77940000 (118784<823>)
0118:011c: loads DLL C:\windows\system32\ws2_32.dll @7AE40000 (565248<2279>)
0118:011c: loads DLL C:\windows\system32\tzres.dll @009C0000 (0<0>)
00000118:0000011c: unload DLL @009C0000
0118:011c: loads DLL C:\windows\system32\tzres.dll @009C0000 (0<0>)
00000118:0000011c: unload DLL @009C0000
0118:011c: loads DLL C:\windows\system32\imm32.dll @782F0000 (401408<2996>)
0118:011c: loads DLL C:\windows\system32\winex11.drv @780F0000 (307200<4314>)
0118:011c: loads DLL C:\windows\system32\uxtheme.dll @78030000 (671744<3646>)
00000118:0000011c: exit process (0)
X connection to :99 broken (explicit kill or server shutdown).
X connection to :99 broken (explicit kill or server shutdown).
