Wine-gdb> Already logging to /work/corpus-parity/stage20/hello-2013-producer/adapted-producer-gdb.log.
Wine-gdb> Wine-gdb> Hardware assisted breakpoint 1 at 0x10018770
Wine-gdb> >>>>>>>>>>>>>Wine-gdb> Wine-gdb> Hardware assisted breakpoint 2 at 0x408187
Wine-gdb> >>>>Wine-gdb> Wine-gdb> Continuing.
2013_HELLO_QUERY_PRODUCER n=1 slot=0 mode=1 row:0x25cc648:	0	0	0	0	0	1
2013_HELLO_QUERY_SOURCE_SIGNATURE:0x24e0752:	90	90	34	23	43	160	0
2013_HELLO_QUERY_PRODUCER n=2 slot=0 mode=1 row:0x25cc648:	0	0	0	0	1	1
2013_HELLO_QUERY_SOURCE_SIGNATURE:0x24e0752:	90	90	34	23	43	160	0
2013_HELLO_QUERY_PRODUCER n=3 slot=1 mode=1 row:0x25cc64e:	0	0	0	1	2	1
2013_HELLO_QUERY_SOURCE_SIGNATURE:0x24e0752:	90	90	34	23	43	160	0
2013_HELLO_QUERY_PRODUCER n=4 slot=2 mode=1 row:0x25cc654:	0	0	1	2	0	0
2013_HELLO_QUERY_SOURCE_SIGNATURE:0x24e0759:	90	34	23	43	48	32	0
2013_HELLO_QUERY_PRODUCER n=5 slot=2 mode=1 row:0x25cc654:	0	0	1	2	1	0
2013_HELLO_QUERY_SOURCE_SIGNATURE:0x24e0759:	90	34	23	43	48	32	0
2013_HELLO_QUERY_PRODUCER n=6 slot=3 mode=1 row:0x25cc65a:	0	0	1	3	2	0
2013_HELLO_QUERY_SOURCE_SIGNATURE:0x24e0759:	90	34	23	43	48	32	0
2013_HELLO_QUERY_PRODUCER n=7 slot=4 mode=1 row:0x25cc660:	0	1	2	4	0	0
2013_HELLO_QUERY_SOURCE_SIGNATURE:0x24e0760:	34	23	43	48	90	0	0
2013_HELLO_QUERY_PRODUCER n=8 slot=5 mode=1 row:0x25cc666:	0	1	3	5	0	0
2013_HELLO_QUERY_SOURCE_SIGNATURE:0x24e0767:	23	43	48	90	90	69	0
2013_HELLO_QUERY_PRODUCER n=9 slot=5 mode=1 row:0x25cc666:	0	1	3	5	1	0
2013_HELLO_QUERY_SOURCE_SIGNATURE:0x24e0767:	23	43	48	90	90	69	0
2013_HELLO_QUERY_PRODUCER n=10 slot=6 mode=1 row:0x25cc66c:	0	1	3	6	2	0
2013_HELLO_QUERY_SOURCE_SIGNATURE:0x24e0767:	23	43	48	90	90	69	0
[Inferior 1 (Remote target) exited normally]
Wine-gdb> 