GNU gdb (Ubuntu 15.1-1ubuntu1~24.04.1) 15.1
Copyright (C) 2024 Free Software Foundation, Inc.
License GPLv3+: GNU GPL version 3 or later <http://gnu.org/licenses/gpl.html>
This is free software: you are free to change and redistribute it.
There is NO WARRANTY, to the extent permitted by law.
Type "show copying" and "show warranty" for details.
This GDB was configured as "x86_64-linux-gnu".
Type "show configuration" for configuration details.
For bug reporting instructions, please see:
<https://www.gnu.org/software/gdb/bugs/>.
Find the GDB manual and other documentation resources online at:
    <http://www.gnu.org/software/gdb/documentation/>.

For help, type "help".
Type "apropos word" to search for commands related to "word".
warning: remote target does not support file transfer, attempting to access files from local filesystem.
Reading symbols from /samples/voicetext_kate.exe...
0x7bd64525 in DbgBreakPoint@0 ()
   from /usr/lib/i386-linux-gnu/wine/i386-windows/ntdll.dll
Wine-gdb> Wine-gdb> Wine-gdb> Wine-gdb> Signal        Stop	Print	Pass to program	Description
SIGSEGV       No	No	Yes		Segmentation fault
Wine-gdb> Wine-gdb> Wine-gdb> Copying output to /work/corpus-parity/stage20/apple-selector-byte0-context3-bit7-weights-debug-2026-09-29/adapted-context3-bit7-weights-debug-gdb.log.
Copying debug output to /work/corpus-parity/stage20/apple-selector-byte0-context3-bit7-weights-debug-2026-09-29/adapted-context3-bit7-weights-debug-gdb.log.
Wine-gdb> Wine-gdb> Wine-gdb> Wine-gdb> Wine-gdb> Wine-gdb> Wine-gdb> Wine-gdb> Wine-gdb> Hardware assisted breakpoint 1 at 0x10018ed3
Wine-gdb> >> > > > > > > >>>Wine-gdb> Wine-gdb> Hardware assisted breakpoint 2 at 0x10018ed9
Wine-gdb> >> > > > >>>Wine-gdb> Wine-gdb> Hardware assisted breakpoint 3 at 0x100191bc
Wine-gdb> >>>>>>> > >> > > > > > >>>Wine-gdb> Wine-gdb> Hardware assisted breakpoint 4 at 0x1001b200
Wine-gdb> >>> > >> > >>>Wine-gdb> Wine-gdb> Continuing.
APPLE_2013_SCORER_CALL n=1 context=1 current=64727 previous=177774 feature=68.5517
APPLE_2013_SCORER_CALL n=2 context=1 current=64727 previous=206615 feature=14.7541
APPLE_2013_SCORER_CALL n=3 context=1 current=64727 previous=141947 feature=17.5648
APPLE_2013_SCORER_CALL n=4 context=1 current=64727 previous=259475 feature=10.7098
APPLE_2013_SCORER_CALL n=5 context=1 current=64727 previous=241971 feature=21.8479
APPLE_2013_SCORER_CALL n=6 context=1 current=64727 previous=36668 feature=4.37186
APPLE_2013_SCORER_CALL n=7 context=1 current=64727 previous=117529 feature=15.8437
APPLE_2013_SCORER_CALL n=8 context=1 current=64727 previous=254282 feature=16.3207
APPLE_2013_SCORER_CALL n=9 context=1 current=64727 previous=277212 feature=20.1057
APPLE_2013_SCORER_CALL n=10 context=1 current=64727 previous=254839 feature=12.1034
APPLE_2013_SCORER_CALL n=11 context=1 current=64727 previous=11027 feature=20.028
APPLE_2013_SCORER_CALL n=12 context=1 current=64727 previous=165377 feature=10.6028
APPLE_2013_SCORER_CALL n=13 context=1 current=64727 previous=271390 feature=13.7115
APPLE_2013_SCORER_CALL n=14 context=1 current=64727 previous=103871 feature=14.0763
APPLE_2013_SCORER_CALL n=15 context=1 current=64727 previous=51262 feature=16.836
APPLE_2013_SCORER_CALL n=16 context=1 current=64727 previous=241852 feature=12.4705
APPLE_2013_SCORER_CALL n=17 context=1 current=64727 previous=35103 feature=29.4496
APPLE_2013_SCORER_CALL n=18 context=1 current=64727 previous=66400 feature=31.9155
APPLE_2013_SCORER_CALL n=19 context=1 current=64727 previous=277024 feature=33.2184
APPLE_2013_SCORER_CALL n=20 context=1 current=64727 previous=238347 feature=23.5835
APPLE_2013_SCORER_CALL n=21 context=1 current=64727 previous=183384 feature=21.5824
APPLE_2013_SCORER_CALL n=22 context=1 current=64727 previous=153718 feature=9.4499
APPLE_2013_SCORER_CALL n=23 context=1 current=64727 previous=257217 feature=27.0269
APPLE_2013_SCORER_CALL n=24 context=1 current=64727 previous=254363 feature=23.438
APPLE_2013_SCORER_CALL n=25 context=1 current=64727 previous=70519 feature=11.6343
APPLE_2013_SCORER_CALL n=26 context=1 current=64727 previous=145539 feature=27.6124
APPLE_2013_SCORER_CALL n=27 context=1 current=64727 previous=7248 feature=17.4471
APPLE_2013_SCORER_CALL n=28 context=1 current=64727 previous=200178 feature=14.2407
APPLE_2013_SCORER_CALL n=29 context=1 current=64727 previous=147963 feature=22.8759
APPLE_2013_SCORER_CALL n=30 context=1 current=64727 previous=162606 feature=23.6711
APPLE_2013_MARKER current=82037 previous=82036 before=0 after=128
APPLE_2013_MARKER_BRANCH_TAKEN current=82037 previous=82036
APPLE_2013_MARKER current=59559 previous=59558 before=0 after=128
APPLE_2013_MARKER_BRANCH_TAKEN current=59559 previous=59558
APPLE_2013_MARKER current=2555 previous=2554 before=0 after=128
APPLE_2013_MARKER_BRANCH_TAKEN current=2555 previous=2554
APPLE_2013_DEBUG_SUMMARY calls=2820 context3_edges=420 marker_edges=3
APPLE_2013_DEBUG_SELECTED n=1 id=177774
APPLE_2013_DEBUG_SELECTED n=2 id=177774
APPLE_2013_DEBUG_SELECTED n=3 id=100180
APPLE_2013_DEBUG_SELECTED n=4 id=59558
APPLE_2013_DEBUG_SELECTED n=5 id=59559
[Inferior 1 (Remote target) exited normally]
Wine-gdb> 0114:0118: create process 'Z:\samples\voicetext_kate.exe'/00000000 @004014C0 (450560<1847>)
0114:0118: create thread I @004014C0
0114:0118: loads DLL C:\windows\system32\ntdll.dll @7BD10000 (2994176<5095>)
0114:0118: loads DLL C:\windows\system32\kernel32.dll @7BB90000 (1466368<19395>)
0114:0118: loads DLL C:\windows\system32\kernelbase.dll @7B650000 (5410816<14148>)
0114:0118: loads DLL C:\windows\system32\msvcrt.dll @7B2A0000 (2715648<8214>)
0114:0118: loads DLL Z:\samples\vt_kat.dll @10000000 (0<0>)
0114:0118: loads DLL C:\windows\system32\WINMM.dll @78A80000 (1474560<4890>)
0114:0118: loads DLL C:\windows\system32\advapi32.dll @7B550000 (958464<7400>)
0114:0118: loads DLL C:\windows\system32\sechost.dll @7B200000 (565248<3163>)
0114:0118: loads DLL C:\windows\system32\ucrtbase.dll @7AEE0000 (3198976<11541>)
0114:0118: loads DLL C:\windows\system32\msacm32.dll @78A00000 (413696<1982>)
0114:0118: loads DLL C:\windows\system32\user32.dll @7A160000 (5005312<14159>)
0114:0118: loads DLL Z:\samples\zlib1.dll @7A120000 (135680<0>)
0114:0118: loads DLL C:\windows\system32\gdi32.dll @7A640000 (2355200<7390>)
0114:0118: loads DLL C:\windows\system32\win32u.dll @7A0D0000 (221184<1966>)
0114:0118: loads DLL C:\windows\system32\ole32.dll @7A9F0000 (4440064<14323>)
0114:0118: loads DLL C:\windows\system32\combase.dll @7A890000 (1314816<7562>)
0114:0118: loads DLL C:\windows\system32\rpcrt4.dll @79EA0000 (2162688<9274>)
0114:0118: loads DLL C:\windows\system32\coml2.dll @79E40000 (262144<3883>)
0114:0118: loads DLL C:\windows\system32\iphlpapi.dll @779C0000 (487424<4777>)
0114:0118: loads DLL C:\windows\system32\dnsapi.dll @77970000 (258048<1399>)
0114:0118: loads DLL C:\windows\system32\nsi.dll @77940000 (118784<823>)
0114:0118: loads DLL C:\windows\system32\ws2_32.dll @7AE40000 (565248<2279>)
0114:0118: loads DLL C:\windows\system32\tzres.dll @009C0000 (0<0>)
00000114:00000118: unload DLL @009C0000
0114:0118: loads DLL C:\windows\system32\tzres.dll @009C0000 (0<0>)
00000114:00000118: unload DLL @009C0000
0114:0118: loads DLL C:\windows\system32\imm32.dll @782F0000 (401408<2996>)
0114:0118: loads DLL C:\windows\system32\winex11.drv @780F0000 (307200<4314>)
0114:0118: loads DLL C:\windows\system32\uxtheme.dll @78030000 (671744<3646>)
00000114:00000118: exit process (0)
X connection to :99 broken (explicit kill or server shutdown).
