GNU gdb (Ubuntu 15.1-1ubuntu1~24.04.1) 15.1
Copyright (C) 2024 Free Software Foundation, Inc.
License GPLv3+: GNU GPL version 3 or later <http://gnu.org/licenses/gpl.html>
This is free software: you are free to change and redistribute it.
There is NO WARRANTY, to the extent permitted by law.
Type "show copying" and "show warranty" for details.
This GDB was configured as "x86_64-linux-gnu".
Type "show configuration" for configuration details.
For bug reporting instructions, please see:
<https://www.gnu.org/software/gdb/bugs/>.
Find the GDB manual and other documentation resources online at:
    <http://www.gnu.org/software/gdb/documentation/>.

For help, type "help".
Type "apropos word" to search for commands related to "word".
warning: remote target does not support file transfer, attempting to access files from local filesystem.
Reading symbols from /samples/voicetext_paul.exe...

This GDB supports auto-downloading debuginfo from the following URLs:
  <https://debuginfod.ubuntu.com>
Enable debuginfod for this session? (y or [n]) [answered N; input not from terminal]
Debuginfod has been disabled.
To make this setting permanent, add 'set debuginfod enabled off' to .gdbinit.
0x7bd64525 in DbgBreakPoint@0 ()
   from /usr/lib/i386-linux-gnu/wine/i386-windows/ntdll.dll
Wine-gdb> Wine-gdb> Wine-gdb> Wine-gdb> Signal        Stop	Print	Pass to program	Description
SIGSEGV       No	No	Yes		Segmentation fault
Wine-gdb> Signal        Stop	Print	Pass to program	Description
SIGSEGV       No	No	Yes		Segmentation fault
Wine-gdb> Breakpoint 1 at 0x10007520
Wine-gdb> >>>>>>> > > > > > > >>> > > >  >  >  >  >  >  >  > > >>>Wine-gdb> Wine-gdb> Breakpoint 2 at 0x1001b200
Wine-gdb> >>>>Wine-gdb> Wine-gdb> Continuing.
EFFECT_UPSTREAM row=0 source=0 code25=0 class26=0 surface=
0x14e18b0:	"Opelika"
EFFECT_UPSTREAM row=1 source=0 code25=0 class26=0 surface=
0x14e18b0:	"Opelika"
Temporary breakpoint 3 at 0x1000e365
EFFECT_ROW index=0 source=0 flags=0x1 surface=0x16f057d:	"Opelika"
EFFECT_ROW_CODE index=0 bytes:
0x16f059b:	0x31	0x35	0x07	0x2b	0x11	0x2a	0x07	0x00
0x16f05a3:	0x00	0x00	0x00	0x00	0x00	0x00	0x00	0x00
EFFECT_ROW index=1 source=0 flags=0 surface=0x16f05ed:	"."
EFFECT_ROW_CODE index=1 bytes:
0x16f060b:	0x00	0x00	0x00	0x00	0x00	0x00	0x00	0x00
0x16f0613:	0x00	0x00	0x00	0x00	0x00	0x00	0x00	0x00
EFFECT_SELECTED_UNIT id=11278
EFFECT_SELECTED_UNIT id=22459
EFFECT_SELECTED_UNIT id=435365
EFFECT_SELECTED_UNIT id=404444
EFFECT_SELECTED_UNIT id=237865
EFFECT_SELECTED_UNIT id=237866
EFFECT_SELECTED_UNIT id=325511
EFFECT_SELECTED_UNIT id=325512
EFFECT_SELECTED_UNIT id=392038
EFFECT_SELECTED_UNIT id=22459
EFFECT_SELECTED_UNIT id=11278
EFFECT_SELECTED_UNIT id=435364
EFFECT_SELECTED_UNIT id=22460
EFFECT_SELECTED_UNIT id=404443
EFFECT_SELECTED_UNIT id=435366
EFFECT_SELECTED_UNIT id=237864
EFFECT_SELECTED_UNIT id=404445
EFFECT_SELECTED_UNIT id=325511
EFFECT_SELECTED_UNIT id=237866
EFFECT_SELECTED_UNIT id=392037
EFFECT_SELECTED_UNIT id=325513
EFFECT_UPSTREAM row=0 source=0 code25=0 class26=0 surface=
0x14e18b0:	"Opportunity"
EFFECT_UPSTREAM row=1 source=0 code25=0 class26=0 surface=
0x14e18b0:	"Opportunity"
Temporary breakpoint 4 at 0x1000e365
EFFECT_ROW index=0 source=0 flags=0x50 surface=0x16f057d:	"Opportunity"
EFFECT_ROW_CODE index=0 bytes:
0x16f059b:	0x03	0x35	0x1a	0x39	0x3f	0x2d	0x07	0x39
0x16f05a3:	0x26	0x00	0x00	0x00	0x00	0x00	0x00	0x00
EFFECT_ROW index=1 source=0 flags=0 surface=0x16f05ed:	"."
EFFECT_ROW_CODE index=1 bytes:
0x16f060b:	0x00	0x00	0x00	0x00	0x00	0x00	0x00	0x00
0x16f0613:	0x00	0x00	0x00	0x00	0x00	0x00	0x00	0x00
EFFECT_SELECTED_UNIT id=567968
EFFECT_SELECTED_UNIT id=567969
EFFECT_SELECTED_UNIT id=567970
EFFECT_SELECTED_UNIT id=567971
EFFECT_SELECTED_UNIT id=567972
EFFECT_SELECTED_UNIT id=567973
EFFECT_SELECTED_UNIT id=567974
EFFECT_SELECTED_UNIT id=567975
EFFECT_SELECTED_UNIT id=567976
EFFECT_UPSTREAM row=0 source=0 code25=0 class26=0 surface=
0x14e18b0:	"Orchards"
EFFECT_UPSTREAM row=1 source=0 code25=0 class26=0 surface=
0x14e18b0:	"Orchards"
Temporary breakpoint 5 at 0x1000e365
EFFECT_ROW index=0 source=0 flags=0x50 surface=0x16f057d:	"Orchards"
EFFECT_ROW_CODE index=0 bytes:
0x16f059b:	0x0b	0x36	0x14	0x1a	0x15	0x44	0x00	0x00
0x16f05a3:	0x26	0x00	0x00	0x00	0x00	0x00	0x00	0x00
EFFECT_ROW index=1 source=0 flags=0 surface=0x16f05ed:	"."
EFFECT_ROW_CODE index=1 bytes:
0x16f060b:	0x00	0x00	0x00	0x00	0x00	0x00	0x00	0x00
0x16f0613:	0x00	0x00	0x00	0x00	0x00	0x00	0x00	0x00
EFFECT_SELECTED_UNIT id=568025
EFFECT_SELECTED_UNIT id=568026
EFFECT_SELECTED_UNIT id=568027
EFFECT_SELECTED_UNIT id=568028
EFFECT_SELECTED_UNIT id=568028
EFFECT_SELECTED_UNIT id=64529
EFFECT_SELECTED_UNIT id=64530
EFFECT_SELECTED_UNIT id=64528
EFFECT_SELECTED_UNIT id=568029
EFFECT_UPSTREAM row=0 source=0 code25=0 class26=0 surface=
0x14e18b0:	"Pinewood"
EFFECT_UPSTREAM row=1 source=0 code25=0 class26=0 surface=
0x14e18b0:	"Pinewood"
Temporary breakpoint 6 at 0x1000e365
EFFECT_ROW index=0 source=0 flags=0x1 surface=0x16f057d:	"Pinewood"
EFFECT_ROW_CODE index=0 bytes:
0x16f059b:	0x35	0x11	0x2d	0x63	0x42	0x3d	0x15	0x00
0x16f05a3:	0x26	0x00	0x00	0x00	0x00	0x00	0x00	0x00
EFFECT_ROW index=1 source=0 flags=0 surface=0x16f05ed:	"."
EFFECT_ROW_CODE index=1 bytes:
0x16f060b:	0x00	0x00	0x00	0x00	0x00	0x00	0x00	0x00
0x16f0613:	0x00	0x00	0x00	0x00	0x00	0x00	0x00	0x00
EFFECT_SELECTED_UNIT id=181204
EFFECT_SELECTED_UNIT id=181205
EFFECT_SELECTED_UNIT id=181205
EFFECT_SELECTED_UNIT id=416666
EFFECT_SELECTED_UNIT id=416666
EFFECT_SELECTED_UNIT id=516397
EFFECT_SELECTED_UNIT id=516397
EFFECT_SELECTED_UNIT id=516398
EFFECT_SELECTED_UNIT id=516399
EFFECT_SELECTED_UNIT id=416665
EFFECT_SELECTED_UNIT id=181206
EFFECT_SELECTED_UNIT id=516396
EFFECT_SELECTED_UNIT id=416667
EFFECT_UPSTREAM row=0 source=0 code25=0 class26=0 surface=0x14e18b0:	"Ponce"
EFFECT_UPSTREAM row=1 source=0 code25=0 class26=0 surface=0x14e18b0:	"Ponce"
Temporary breakpoint 7 at 0x1000e365
EFFECT_ROW index=0 source=0 flags=0x50 surface=0x16f057d:	"Ponce"
EFFECT_ROW_CODE index=0 bytes:
0x16f059b:	0x35	0x02	0x2d	0x37	0x00	0x3d	0x15	0x00
0x16f05a3:	0x26	0x00	0x00	0x00	0x00	0x00	0x00	0x00
EFFECT_ROW index=1 source=0 flags=0 surface=0x16f05ed:	"."
EFFECT_ROW_CODE index=1 bytes:
0x16f060b:	0x00	0x00	0x00	0x00	0x00	0x00	0x00	0x00
0x16f0613:	0x00	0x00	0x00	0x00	0x00	0x00	0x00	0x00
EFFECT_SELECTED_UNIT id=523652
EFFECT_SELECTED_UNIT id=523653
EFFECT_SELECTED_UNIT id=523653
EFFECT_SELECTED_UNIT id=523654
EFFECT_SELECTED_UNIT id=523654
EFFECT_SELECTED_UNIT id=523655
EFFECT_UPSTREAM row=0 source=0 code25=0 class26=0 surface=
0x14e18b0:	"Prattville"
EFFECT_UPSTREAM row=1 source=0 code25=0 class26=0 surface=
0x14e18b0:	"Prattville"
Temporary breakpoint 8 at 0x1000e365
EFFECT_ROW index=0 source=0 flags=0x50 surface=0x16f057d:	"Prattville"
EFFECT_ROW_CODE index=0 bytes:
0x16f059b:	0x35	0x36	0x05	0x39	0x41	0x23	0x2b	0x00
0x16f05a3:	0x26	0x00	0x00	0x00	0x00	0x00	0x00	0x00
EFFECT_ROW index=1 source=0 flags=0 surface=0x16f05ed:	"."
EFFECT_ROW_CODE index=1 bytes:
0x16f060b:	0x00	0x00	0x00	0x00	0x00	0x00	0x00	0x00
0x16f0613:	0x00	0x00	0x00	0x00	0x00	0x00	0x00	0x00
EFFECT_SELECTED_UNIT id=417198
EFFECT_SELECTED_UNIT id=399078
EFFECT_SELECTED_UNIT id=20288
EFFECT_SELECTED_UNIT id=530683
EFFECT_SELECTED_UNIT id=530683
EFFECT_SELECTED_UNIT id=530684
EFFECT_SELECTED_UNIT id=530684
EFFECT_SELECTED_UNIT id=533328
EFFECT_SELECTED_UNIT id=533328
EFFECT_SELECTED_UNIT id=533329
EFFECT_SELECTED_UNIT id=399077
EFFECT_SELECTED_UNIT id=417199
EFFECT_SELECTED_UNIT id=20287
EFFECT_SELECTED_UNIT id=399079
EFFECT_SELECTED_UNIT id=530682
EFFECT_SELECTED_UNIT id=20289
EFFECT_SELECTED_UNIT id=533327
EFFECT_SELECTED_UNIT id=530685
EFFECT_UPSTREAM row=0 source=0 code25=0 class26=0 surface=
0x14e18b0:	"Prichard"
EFFECT_UPSTREAM row=1 source=0 code25=0 class26=0 surface=
0x14e18b0:	"Prichard"
Temporary breakpoint 9 at 0x1000e365
EFFECT_ROW index=0 source=0 flags=0x1 surface=0x16f057d:	"Prichard"
EFFECT_ROW_CODE index=0 bytes:
0x16f059b:	0x35	0x36	0x24	0x14	0x1a	0x15	0x00	0x00
0x16f05a3:	0x26	0x00	0x00	0x00	0x00	0x00	0x00	0x00
EFFECT_ROW index=1 source=0 flags=0 surface=0x16f05ed:	"."
EFFECT_ROW_CODE index=1 bytes:
0x16f060b:	0x00	0x00	0x00	0x00	0x00	0x00	0x00	0x00
0x16f0613:	0x00	0x00	0x00	0x00	0x00	0x00	0x00	0x00
EFFECT_SELECTED_UNIT id=86804
EFFECT_SELECTED_UNIT id=86805
EFFECT_SELECTED_UNIT id=77104
EFFECT_SELECTED_UNIT id=77105
EFFECT_SELECTED_UNIT id=9926
EFFECT_SELECTED_UNIT id=9926
EFFECT_SELECTED_UNIT id=9927
EFFECT_SELECTED_UNIT id=77103
EFFECT_SELECTED_UNIT id=86806
EFFECT_SELECTED_UNIT id=9925
EFFECT_SELECTED_UNIT id=77106
EFFECT_UPSTREAM row=0 source=0 code25=0 class26=0 surface=
0x14e18b0:	"Redland"
EFFECT_UPSTREAM row=1 source=0 code25=0 class26=0 surface=
0x14e18b0:	"Redland"
Temporary breakpoint 10 at 0x1000e365
EFFECT_ROW index=0 source=0 flags=0x50 surface=0x16f057d:	"Redland"
EFFECT_ROW_CODE index=0 bytes:
0x16f059b:	0x36	0x18	0x15	0x2b	0x07	0x2d	0x15	0x00
0x16f05a3:	0x26	0x00	0x00	0x00	0x00	0x00	0x00	0x00
EFFECT_ROW index=1 source=0 flags=0 surface=0x16f05ed:	"."
EFFECT_ROW_CODE index=1 bytes:
0x16f060b:	0x00	0x00	0x00	0x00	0x00	0x00	0x00	0x00
0x16f0613:	0x00	0x00	0x00	0x00	0x00	0x00	0x00	0x00
EFFECT_SELECTED_UNIT id=23669
EFFECT_SELECTED_UNIT id=186543
EFFECT_SELECTED_UNIT id=318130
EFFECT_SELECTED_UNIT id=518238
EFFECT_SELECTED_UNIT id=518239
EFFECT_SELECTED_UNIT id=204931
EFFECT_SELECTED_UNIT id=204932
EFFECT_SELECTED_UNIT id=204933
EFFECT_SELECTED_UNIT id=186542
EFFECT_SELECTED_UNIT id=23670
EFFECT_SELECTED_UNIT id=318129
EFFECT_SELECTED_UNIT id=186544
EFFECT_SELECTED_UNIT id=518238
EFFECT_SELECTED_UNIT id=318130
EFFECT_SELECTED_UNIT id=204930
EFFECT_SELECTED_UNIT id=518240
EFFECT_UPSTREAM row=0 source=0 code25=0 class26=0 surface=
0x14e18b0:	"Rossmoor"
EFFECT_UPSTREAM row=1 source=0 code25=0 class26=0 surface=
0x14e18b0:	"Rossmoor"
Temporary breakpoint 11 at 0x1000e365
EFFECT_ROW index=0 source=0 flags=0x50 surface=0x16f057d:	"Rossmoor"
EFFECT_ROW_CODE index=0 bytes:
0x16f059b:	0x36	0x0b	0x37	0x2c	0x3d	0x36	0x00	0x00
0x16f05a3:	0x26	0x00	0x00	0x00	0x00	0x00	0x00	0x00
EFFECT_ROW index=1 source=0 flags=0 surface=0x16f05ed:	"."
EFFECT_ROW_CODE index=1 bytes:
0x16f060b:	0x00	0x00	0x00	0x00	0x00	0x00	0x00	0x00
0x16f0613:	0x00	0x00	0x00	0x00	0x00	0x00	0x00	0x00
EFFECT_SELECTED_UNIT id=226258
EFFECT_SELECTED_UNIT id=226259
EFFECT_SELECTED_UNIT id=169716
EFFECT_SELECTED_UNIT id=169717
EFFECT_SELECTED_UNIT id=50329
EFFECT_SELECTED_UNIT id=50330
EFFECT_SELECTED_UNIT id=236374
EFFECT_SELECTED_UNIT id=7507
EFFECT_SELECTED_UNIT id=7507
EFFECT_SELECTED_UNIT id=527581
EFFECT_SELECTED_UNIT id=169716
EFFECT_SELECTED_UNIT id=226259
EFFECT_SELECTED_UNIT id=50329
EFFECT_SELECTED_UNIT id=169717
EFFECT_SELECTED_UNIT id=236374
EFFECT_SELECTED_UNIT id=50330
EFFECT_SELECTED_UNIT id=7506
EFFECT_SELECTED_UNIT id=236375
EFFECT_SELECTED_UNIT id=527580
EFFECT_SELECTED_UNIT id=7508
EFFECT_UPSTREAM row=0 source=0 code25=0 class26=0 surface=
0x14e18b0:	"Sherrelwood"
EFFECT_UPSTREAM row=1 source=0 code25=0 class26=0 surface=
0x14e18b0:	"Sherrelwood"
Temporary breakpoint 12 at 0x1000e365
EFFECT_ROW index=0 source=0 flags=0x50 surface=0x16f057d:	"Sherrelwood"
EFFECT_ROW_CODE index=0 bytes:
0x16f059b:	0x38	0x18	0x36	0x07	0x2b	0x42	0x3d	0x15
0x16f05a3:	0x00	0x00	0x00	0x00	0x00	0x00	0x00	0x00
EFFECT_ROW index=1 source=0 flags=0 surface=0x16f05ed:	"."
EFFECT_ROW_CODE index=1 bytes:
0x16f060b:	0x00	0x00	0x00	0x00	0x00	0x00	0x00	0x00
0x16f0613:	0x00	0x00	0x00	0x00	0x00	0x00	0x00	0x00
EFFECT_SELECTED_UNIT id=49940
EFFECT_SELECTED_UNIT id=49941
EFFECT_SELECTED_UNIT id=313342
EFFECT_SELECTED_UNIT id=431072
EFFECT_SELECTED_UNIT id=526614
EFFECT_SELECTED_UNIT id=526614
EFFECT_SELECTED_UNIT id=526615
EFFECT_SELECTED_UNIT id=526615
EFFECT_SELECTED_UNIT id=526616
EFFECT_SELECTED_UNIT id=526617
EFFECT_SELECTED_UNIT id=313341
EFFECT_SELECTED_UNIT id=49942
EFFECT_SELECTED_UNIT id=431071
EFFECT_SELECTED_UNIT id=313343
EFFECT_SELECTED_UNIT id=526613
EFFECT_SELECTED_UNIT id=431073
EFFECT_UPSTREAM row=0 source=0 code25=0 class26=0 surface=
0x14e18b0:	"Southglenn"
EFFECT_UPSTREAM row=1 source=0 code25=0 class26=0 surface=
0x14e18b0:	"Southglenn"
Temporary breakpoint 13 at 0x1000e365
EFFECT_ROW index=0 source=0 flags=0x1 surface=0x16f057d:	"Southglenn"
EFFECT_ROW_CODE index=0 bytes:
0x16f059b:	0x37	0x0e	0x3a	0x21	0x2b	0x19	0x2d	0x00
0x16f05a3:	0x00	0x00	0x00	0x00	0x00	0x00	0x00	0x00
EFFECT_ROW index=1 source=0 flags=0 surface=0x16f05ed:	"."
EFFECT_ROW_CODE index=1 bytes:
0x16f060b:	0x00	0x00	0x00	0x00	0x00	0x00	0x00	0x00
0x16f0613:	0x00	0x00	0x00	0x00	0x00	0x00	0x00	0x00
EFFECT_SELECTED_UNIT id=529918
EFFECT_SELECTED_UNIT id=529919
EFFECT_SELECTED_UNIT id=529919
EFFECT_SELECTED_UNIT id=16341
EFFECT_SELECTED_UNIT id=4137
EFFECT_SELECTED_UNIT id=272928
EFFECT_SELECTED_UNIT id=272928
EFFECT_SELECTED_UNIT id=272929
EFFECT_SELECTED_UNIT id=202039
EFFECT_SELECTED_UNIT id=2320
EFFECT_SELECTED_UNIT id=518487
EFFECT_SELECTED_UNIT id=518488
EFFECT_SELECTED_UNIT id=16340
EFFECT_SELECTED_UNIT id=529920
EFFECT_SELECTED_UNIT id=4137
EFFECT_SELECTED_UNIT id=16341
EFFECT_SELECTED_UNIT id=272927
EFFECT_SELECTED_UNIT id=4138
EFFECT_SELECTED_UNIT id=202039
EFFECT_SELECTED_UNIT id=272929
EFFECT_SELECTED_UNIT id=2319
EFFECT_SELECTED_UNIT id=202040
EFFECT_SELECTED_UNIT id=518487
EFFECT_SELECTED_UNIT id=2320
EFFECT_UPSTREAM row=0 source=0 code25=0 class26=0 surface=
0x14e18b0:	"Talladega"
EFFECT_UPSTREAM row=1 source=0 code25=0 class26=0 surface=
0x14e18b0:	"Talladega"
Temporary breakpoint 14 at 0x1000e365
EFFECT_ROW index=0 source=0 flags=0x1 surface=0x16f057d:	"Talladega"
EFFECT_ROW_CODE index=0 bytes:
0x16f059b:	0x39	0x06	0x2b	0x07	0x15	0x1e	0x21	0x07
0x16f05a3:	0x00	0x00	0x00	0x00	0x00	0x00	0x00	0x00
EFFECT_ROW index=1 source=0 flags=0 surface=0x16f05ed:	"."
EFFECT_ROW_CODE index=1 bytes:
0x16f060b:	0x00	0x00	0x00	0x00	0x00	0x00	0x00	0x00
0x16f0613:	0x00	0x00	0x00	0x00	0x00	0x00	0x00	0x00
EFFECT_SELECTED_UNIT id=289436
EFFECT_SELECTED_UNIT id=289437
EFFECT_SELECTED_UNIT id=289438
EFFECT_SELECTED_UNIT id=289439
EFFECT_SELECTED_UNIT id=289440
EFFECT_SELECTED_UNIT id=289441
EFFECT_SELECTED_UNIT id=289441
EFFECT_SELECTED_UNIT id=436967
EFFECT_SELECTED_UNIT id=436968
EFFECT_SELECTED_UNIT id=436966
EFFECT_SELECTED_UNIT id=289442
EFFECT_UPSTREAM row=0 source=0 code25=0 class26=0 surface=
0x14e18b0:	"Tamiami"
EFFECT_UPSTREAM row=1 source=0 code25=0 class26=0 surface=
0x14e18b0:	"Tamiami"
Temporary breakpoint 15 at 0x1000e365
EFFECT_ROW index=0 source=0 flags=0x50 surface=0x16f057d:	"Tamiami"
EFFECT_ROW_CODE index=0 bytes:
0x16f059b:	0x39	0x06	0x2c	0x26	0x05	0x2c	0x26	0x00
0x16f05a3:	0x00	0x00	0x00	0x00	0x00	0x00	0x00	0x00
EFFECT_ROW index=1 source=0 flags=0 surface=0x16f05ed:	"."
EFFECT_ROW_CODE index=1 bytes:
0x16f060b:	0x00	0x00	0x00	0x00	0x00	0x00	0x00	0x00
0x16f0613:	0x00	0x00	0x00	0x00	0x00	0x00	0x00	0x00
EFFECT_SELECTED_UNIT id=256253
EFFECT_SELECTED_UNIT id=256254
EFFECT_SELECTED_UNIT id=114167
EFFECT_SELECTED_UNIT id=332542
EFFECT_SELECTED_UNIT id=321470
EFFECT_SELECTED_UNIT id=11767
EFFECT_SELECTED_UNIT id=11768
EFFECT_SELECTED_UNIT id=332541
EFFECT_SELECTED_UNIT id=332542
EFFECT_SELECTED_UNIT id=332543
EFFECT_SELECTED_UNIT id=114167
EFFECT_SELECTED_UNIT id=256254
EFFECT_SELECTED_UNIT id=332541
EFFECT_SELECTED_UNIT id=114168
EFFECT_SELECTED_UNIT id=321469
EFFECT_SELECTED_UNIT id=332543
EFFECT_SELECTED_UNIT id=11767
EFFECT_SELECTED_UNIT id=321470
EFFECT_SELECTED_UNIT id=332541
EFFECT_SELECTED_UNIT id=11768
EFFECT_UPSTREAM row=0 source=0 code25=0 class26=0 surface=
0x14e18b0:	"Trotwood"
EFFECT_UPSTREAM row=1 source=0 code25=0 class26=0 surface=
0x14e18b0:	"Trotwood"
Temporary breakpoint 16 at 0x1000e365
EFFECT_ROW index=0 source=0 flags=0x1 surface=0x16f057d:	"Trotwood"
EFFECT_ROW_CODE index=0 bytes:
0x16f059b:	0x39	0x36	0x02	0x39	0x42	0x3d	0x15	0x00
0x16f05a3:	0x00	0x00	0x00	0x00	0x00	0x00	0x00	0x00
EFFECT_ROW index=1 source=0 flags=0 surface=0x16f05ed:	"."
EFFECT_ROW_CODE index=1 bytes:
0x16f060b:	0x00	0x00	0x00	0x00	0x00	0x00	0x00	0x00
0x16f0613:	0x00	0x00	0x00	0x00	0x00	0x00	0x00	0x00
EFFECT_SELECTED_UNIT id=82857
EFFECT_SELECTED_UNIT id=82858
EFFECT_SELECTED_UNIT id=32892
EFFECT_SELECTED_UNIT id=434555
EFFECT_SELECTED_UNIT id=567571
EFFECT_SELECTED_UNIT id=567571
EFFECT_SELECTED_UNIT id=14448
EFFECT_SELECTED_UNIT id=14448
EFFECT_SELECTED_UNIT id=14449
EFFECT_SELECTED_UNIT id=14450
EFFECT_SELECTED_UNIT id=32891
EFFECT_SELECTED_UNIT id=82859
EFFECT_SELECTED_UNIT id=434555
EFFECT_SELECTED_UNIT id=32892
EFFECT_SELECTED_UNIT id=567570
EFFECT_SELECTED_UNIT id=434556
EFFECT_SELECTED_UNIT id=14447
EFFECT_SELECTED_UNIT id=567572
EFFECT_UPSTREAM row=0 source=0 code25=0 class26=0 surface=
0x14e18b0:	"Waimalu"
EFFECT_UPSTREAM row=1 source=0 code25=0 class26=0 surface=
0x14e18b0:	"Waimalu"
Temporary breakpoint 17 at 0x1000e365
EFFECT_ROW index=0 source=0 flags=0x1 surface=0x16f057d:	"Waimalu"
EFFECT_ROW_CODE index=0 bytes:
0x16f059b:	0x42	0x10	0x2c	0x02	0x2b	0x3e	0x00	0x00
0x16f05a3:	0x00	0x00	0x00	0x00	0x00	0x00	0x00	0x00
EFFECT_ROW index=1 source=0 flags=0 surface=0x16f05ed:	"."
EFFECT_ROW_CODE index=1 bytes:
0x16f060b:	0x00	0x00	0x00	0x00	0x00	0x00	0x00	0x00
0x16f0613:	0x00	0x00	0x00	0x00	0x00	0x00	0x00	0x00
EFFECT_SELECTED_UNIT id=534420
EFFECT_SELECTED_UNIT id=534421
EFFECT_SELECTED_UNIT id=226773
EFFECT_SELECTED_UNIT id=226774
EFFECT_SELECTED_UNIT id=27423
EFFECT_SELECTED_UNIT id=27424
EFFECT_SELECTED_UNIT id=27424
EFFECT_SELECTED_UNIT id=27425
EFFECT_SELECTED_UNIT id=3660
EFFECT_SELECTED_UNIT id=3661
EFFECT_SELECTED_UNIT id=3661
EFFECT_SELECTED_UNIT id=226773
EFFECT_SELECTED_UNIT id=534421
EFFECT_SELECTED_UNIT id=27423
EFFECT_SELECTED_UNIT id=226774
EFFECT_SELECTED_UNIT id=3660
EFFECT_SELECTED_UNIT id=27425
EFFECT_UPSTREAM row=0 source=0 code25=0 class26=0 surface=
0x14e18b0:	"Fajardo"
EFFECT_UPSTREAM row=1 source=0 code25=0 class26=0 surface=
0x14e18b0:	"Fajardo"
Temporary breakpoint 18 at 0x1000e365
EFFECT_ROW index=0 source=0 flags=0x1 surface=0x16f057d:	"Fajardo"
EFFECT_ROW_CODE index=0 bytes:
0x16f059b:	0x20	0x01	0x43	0x02	0x36	0x15	0x2f	0x00
0x16f05a3:	0x00	0x00	0x00	0x00	0x00	0x00	0x00	0x00
EFFECT_ROW index=1 source=0 flags=0 surface=0x16f05ed:	"."
EFFECT_ROW_CODE index=1 bytes:
0x16f060b:	0x00	0x00	0x00	0x00	0x00	0x00	0x00	0x00
0x16f0613:	0x00	0x00	0x00	0x00	0x00	0x00	0x00	0x00
EFFECT_SELECTED_UNIT id=48267
EFFECT_SELECTED_UNIT id=48268
EFFECT_SELECTED_UNIT id=48268
EFFECT_SELECTED_UNIT id=526701
EFFECT_SELECTED_UNIT id=526701
EFFECT_SELECTED_UNIT id=35051
EFFECT_SELECTED_UNIT id=229252
EFFECT_SELECTED_UNIT id=229253
EFFECT_SELECTED_UNIT id=229254
EFFECT_SELECTED_UNIT id=229254
EFFECT_SELECTED_UNIT id=165017
EFFECT_SELECTED_UNIT id=526700
EFFECT_SELECTED_UNIT id=48269
EFFECT_SELECTED_UNIT id=35050
EFFECT_SELECTED_UNIT id=526702
EFFECT_SELECTED_UNIT id=229252
EFFECT_SELECTED_UNIT id=35051
EFFECT_SELECTED_UNIT id=165016
EFFECT_SELECTED_UNIT id=229255
EFFECT_UPSTREAM row=0 source=0 code25=0 class26=0 surface=
0x14e18b0:	"Oatfield"
EFFECT_UPSTREAM row=1 source=0 code25=0 class26=0 surface=
0x14e18b0:	"Oatfield"
Temporary breakpoint 19 at 0x1000e365
EFFECT_ROW index=0 source=0 flags=0x50 surface=0x16f057d:	"Oatfield"
EFFECT_ROW_CODE index=0 bytes:
0x16f059b:	0x30	0x39	0x20	0x28	0x2b	0x15	0x00	0x00
0x16f05a3:	0x00	0x00	0x00	0x00	0x00	0x00	0x00	0x00
EFFECT_ROW index=1 source=0 flags=0 surface=0x16f05ed:	"."
EFFECT_ROW_CODE index=1 bytes:
0x16f060b:	0x00	0x00	0x00	0x00	0x00	0x00	0x00	0x00
0x16f0613:	0x00	0x00	0x00	0x00	0x00	0x00	0x00	0x00
EFFECT_SELECTED_UNIT id=360186
EFFECT_SELECTED_UNIT id=56053
EFFECT_SELECTED_UNIT id=56054
EFFECT_SELECTED_UNIT id=80845
EFFECT_SELECTED_UNIT id=80846
EFFECT_SELECTED_UNIT id=405776
EFFECT_SELECTED_UNIT id=405777
EFFECT_SELECTED_UNIT id=405778
EFFECT_SELECTED_UNIT id=405779
EFFECT_SELECTED_UNIT id=56053
EFFECT_SELECTED_UNIT id=360186
EFFECT_SELECTED_UNIT id=80845
EFFECT_SELECTED_UNIT id=56054
EFFECT_SELECTED_UNIT id=405776
EFFECT_SELECTED_UNIT id=80846
EFFECT_UPSTREAM row=0 source=0 code25=0 class26=0 surface=
0x14e18b0:	"Oildale"
EFFECT_UPSTREAM row=1 source=0 code25=0 class26=0 surface=
0x14e18b0:	"Oildale"
Temporary breakpoint 20 at 0x1000e365
EFFECT_ROW index=0 source=0 flags=0x1 surface=0x16f057d:	"Oildale"
EFFECT_ROW_CODE index=0 bytes:
0x16f059b:	0x33	0x2b	0x15	0x1f	0x2b	0x00	0x00	0x00
0x16f05a3:	0x00	0x00	0x00	0x00	0x00	0x00	0x00	0x00
EFFECT_ROW index=1 source=0 flags=0 surface=0x16f05ed:	"."
EFFECT_ROW_CODE index=1 bytes:
0x16f060b:	0x00	0x00	0x00	0x00	0x00	0x00	0x00	0x00
0x16f0613:	0x00	0x00	0x00	0x00	0x00	0x00	0x00	0x00
EFFECT_SELECTED_UNIT id=341411
EFFECT_SELECTED_UNIT id=341411
EFFECT_SELECTED_UNIT id=164980
EFFECT_SELECTED_UNIT id=15476
EFFECT_SELECTED_UNIT id=15477
EFFECT_SELECTED_UNIT id=10530
EFFECT_SELECTED_UNIT id=10531
EFFECT_SELECTED_UNIT id=10531
EFFECT_SELECTED_UNIT id=10532
EFFECT_SELECTED_UNIT id=164979
EFFECT_SELECTED_UNIT id=341412
EFFECT_SELECTED_UNIT id=15476
EFFECT_SELECTED_UNIT id=164980
EFFECT_SELECTED_UNIT id=10530
EFFECT_SELECTED_UNIT id=15477
EFFECT_UPSTREAM row=0 source=0 code25=0 class26=0 surface=0x14e18b0:	"Ojus"
EFFECT_UPSTREAM row=1 source=0 code25=0 class26=0 surface=0x14e18b0:	"Ojus"
Temporary breakpoint 21 at 0x1000e365
EFFECT_ROW index=0 source=0 flags=0x50 surface=0x16f057d:	"Ojus"
EFFECT_ROW_CODE index=0 bytes:
0x16f059b:	0x30	0x29	0x07	0x37	0x00	0x00	0x00	0x00
0x16f05a3:	0x00	0x00	0x00	0x00	0x00	0x00	0x00	0x00
EFFECT_ROW index=1 source=0 flags=0 surface=0x16f05ed:	"."
EFFECT_ROW_CODE index=1 bytes:
0x16f060b:	0x00	0x00	0x00	0x00	0x00	0x00	0x00	0x00
0x16f0613:	0x00	0x00	0x00	0x00	0x00	0x00	0x00	0x00
EFFECT_SELECTED_UNIT id=523686
EFFECT_SELECTED_UNIT id=523686
EFFECT_SELECTED_UNIT id=285208
EFFECT_SELECTED_UNIT id=285208
EFFECT_SELECTED_UNIT id=17070
EFFECT_SELECTED_UNIT id=17070
EFFECT_SELECTED_UNIT id=17071
EFFECT_SELECTED_UNIT id=285207
EFFECT_SELECTED_UNIT id=523687
EFFECT_SELECTED_UNIT id=17069
EFFECT_SELECTED_UNIT id=285209
EFFECT_UPSTREAM row=0 source=0 code25=0 class26=0 surface=
0x14e18b0:	"Smiths"
EFFECT_UPSTREAM row=1 source=0 code25=0 class26=0 surface=
0x14e18b0:	"Smiths"
Temporary breakpoint 22 at 0x1000e365
EFFECT_ROW index=0 source=0 flags=0x50 surface=0x16f057d:	"Smiths"
EFFECT_ROW_CODE index=0 bytes:
0x16f059b:	0x37	0x2c	0x24	0x3a	0x37	0x00	0x00	0x00
0x16f05a3:	0x00	0x00	0x00	0x00	0x00	0x00	0x00	0x00
EFFECT_ROW index=1 source=0 flags=0 surface=0x16f05ed:	"."
EFFECT_ROW_CODE index=1 bytes:
0x16f060b:	0x00	0x00	0x00	0x00	0x00	0x00	0x00	0x00
0x16f0613:	0x00	0x00	0x00	0x00	0x00	0x00	0x00	0x00
EFFECT_SELECTED_UNIT id=21200
EFFECT_SELECTED_UNIT id=21201
EFFECT_SELECTED_UNIT id=33813
EFFECT_SELECTED_UNIT id=33813
EFFECT_SELECTED_UNIT id=33814
EFFECT_SELECTED_UNIT id=33814
EFFECT_SELECTED_UNIT id=33815
EFFECT_SELECTED_UNIT id=33812
EFFECT_SELECTED_UNIT id=21202
EFFECT_UPSTREAM row=0 source=0 code25=0 class26=0 surface=
0x14e18b0:	"Tuscaloosa"
EFFECT_UPSTREAM row=1 source=0 code25=0 class26=0 surface=
0x14e18b0:	"Tuscaloosa"
Temporary breakpoint 23 at 0x1000e365
EFFECT_ROW index=0 source=0 flags=0x50 surface=0x16f057d:	"Tuscaloosa"
EFFECT_ROW_CODE index=0 bytes:
0x16f059b:	0x39	0x09	0x37	0x2a	0x07	0x2b	0x3f	0x37
0x16f05a3:	0x07	0x00	0x00	0x00	0x00	0x00	0x00	0x00
EFFECT_ROW index=1 source=0 flags=0 surface=0x16f05ed:	"."
EFFECT_ROW_CODE index=1 bytes:
0x16f060b:	0x00	0x00	0x00	0x00	0x00	0x00	0x00	0x00
0x16f0613:	0x00	0x00	0x00	0x00	0x00	0x00	0x00	0x00
EFFECT_SELECTED_UNIT id=84966
EFFECT_SELECTED_UNIT id=84967
EFFECT_SELECTED_UNIT id=264587
EFFECT_SELECTED_UNIT id=264588
EFFECT_SELECTED_UNIT id=438397
EFFECT_SELECTED_UNIT id=438398
EFFECT_SELECTED_UNIT id=157800
EFFECT_SELECTED_UNIT id=157801
EFFECT_SELECTED_UNIT id=37259
EFFECT_SELECTED_UNIT id=37260
EFFECT_SELECTED_UNIT id=435332
EFFECT_SELECTED_UNIT id=264587
EFFECT_SELECTED_UNIT id=84967
EFFECT_SELECTED_UNIT id=438396
EFFECT_SELECTED_UNIT id=264589
EFFECT_SELECTED_UNIT id=157799
EFFECT_SELECTED_UNIT id=438399
EFFECT_SELECTED_UNIT id=37259
EFFECT_SELECTED_UNIT id=157801
EFFECT_SELECTED_UNIT id=435331
EFFECT_SELECTED_UNIT id=37261
EFFECT_UPSTREAM row=0 source=0 code25=0 class26=0 surface=
0x14e18b0:	"Valinda"
EFFECT_UPSTREAM row=1 source=0 code25=0 class26=0 surface=
0x14e18b0:	"Valinda"
Temporary breakpoint 24 at 0x1000e365
EFFECT_ROW index=0 source=0 flags=0x1 surface=0x16f057d:	"Valinda"
EFFECT_ROW_CODE index=0 bytes:
0x16f059b:	0x41	0x07	0x2b	0x24	0x2d	0x15	0x07	0x00
0x16f05a3:	0x07	0x00	0x00	0x00	0x00	0x00	0x00	0x00
EFFECT_ROW index=1 source=0 flags=0 surface=0x16f05ed:	"."
EFFECT_ROW_CODE index=1 bytes:
0x16f060b:	0x00	0x00	0x00	0x00	0x00	0x00	0x00	0x00
0x16f0613:	0x00	0x00	0x00	0x00	0x00	0x00	0x00	0x00
EFFECT_SELECTED_UNIT id=532697
EFFECT_SELECTED_UNIT id=74260
EFFECT_SELECTED_UNIT id=74260
EFFECT_SELECTED_UNIT id=74261
EFFECT_SELECTED_UNIT id=378751
EFFECT_SELECTED_UNIT id=378751
EFFECT_SELECTED_UNIT id=51551
EFFECT_SELECTED_UNIT id=437700
EFFECT_SELECTED_UNIT id=437701
EFFECT_SELECTED_UNIT id=74259
EFFECT_SELECTED_UNIT id=532698
EFFECT_SELECTED_UNIT id=378750
EFFECT_SELECTED_UNIT id=74262
EFFECT_SELECTED_UNIT id=51550
EFFECT_SELECTED_UNIT id=378752
EFFECT_SELECTED_UNIT id=437699
EFFECT_SELECTED_UNIT id=51552
EFFECT_UPSTREAM row=0 source=0 code25=0 class26=0 surface=
0x14e18b0:	"Vincent"
EFFECT_UPSTREAM row=1 source=0 code25=0 class26=0 surface=
0x14e18b0:	"Vincent"
Temporary breakpoint 25 at 0x1000e365
EFFECT_ROW index=0 source=0 flags=0x50 surface=0x16f057d:	"Vincent"
EFFECT_ROW_CODE index=0 bytes:
0x16f059b:	0x41	0x24	0x2d	0x37	0x07	0x2d	0x39	0x00
0x16f05a3:	0x07	0x00	0x00	0x00	0x00	0x00	0x00	0x00
EFFECT_ROW index=1 source=0 flags=0 surface=0x16f05ed:	"."
EFFECT_ROW_CODE index=1 bytes:
0x16f060b:	0x00	0x00	0x00	0x00	0x00	0x00	0x00	0x00
0x16f0613:	0x00	0x00	0x00	0x00	0x00	0x00	0x00	0x00
EFFECT_SELECTED_UNIT id=213389
EFFECT_SELECTED_UNIT id=213390
EFFECT_SELECTED_UNIT id=323967
EFFECT_SELECTED_UNIT id=4625
EFFECT_SELECTED_UNIT id=4626
EFFECT_SELECTED_UNIT id=195838
EFFECT_SELECTED_UNIT id=195839
EFFECT_SELECTED_UNIT id=323966
EFFECT_SELECTED_UNIT id=213391
EFFECT_SELECTED_UNIT id=4624
EFFECT_SELECTED_UNIT id=323968
EFFECT_SELECTED_UNIT id=195837
EFFECT_SELECTED_UNIT id=4627
EFFECT_UPSTREAM row=0 source=0 code25=0 class26=0 surface=
0x14e18b0:	"Woodlawn"
EFFECT_UPSTREAM row=1 source=0 code25=0 class26=0 surface=
0x14e18b0:	"Woodlawn"
Temporary breakpoint 26 at 0x1000e365
EFFECT_ROW index=0 source=0 flags=0x50 surface=0x16f057d:	"Woodlawn"
EFFECT_ROW_CODE index=0 bytes:
0x16f059b:	0x42	0x3c	0x15	0x2b	0x0c	0x2d	0x00	0x00
0x16f05a3:	0x07	0x00	0x00	0x00	0x00	0x00	0x00	0x00
EFFECT_ROW index=1 source=0 flags=0 surface=0x16f05ed:	"."
EFFECT_ROW_CODE index=1 bytes:
0x16f060b:	0x00	0x00	0x00	0x00	0x00	0x00	0x00	0x00
0x16f0613:	0x00	0x00	0x00	0x00	0x00	0x00	0x00	0x00
EFFECT_SELECTED_UNIT id=135347
EFFECT_SELECTED_UNIT id=135348
EFFECT_SELECTED_UNIT id=286697
EFFECT_SELECTED_UNIT id=286697
EFFECT_SELECTED_UNIT id=286698
EFFECT_SELECTED_UNIT id=525128
EFFECT_SELECTED_UNIT id=525129
EFFECT_SELECTED_UNIT id=525129
EFFECT_SELECTED_UNIT id=300725
EFFECT_SELECTED_UNIT id=286696
EFFECT_SELECTED_UNIT id=135349
EFFECT_SELECTED_UNIT id=525128
EFFECT_SELECTED_UNIT id=286698
EFFECT_SELECTED_UNIT id=300724
EFFECT_SELECTED_UNIT id=525130
EFFECT_UPSTREAM row=0 source=0 code25=0 class26=0 surface=0x14e18b0:	"Yauco"
EFFECT_UPSTREAM row=1 source=0 code25=0 class26=0 surface=0x14e18b0:	"Yauco"
Temporary breakpoint 27 at 0x1000e365
EFFECT_ROW index=0 source=0 flags=0x1 surface=0x16f057d:	"Yauco"
EFFECT_ROW_CODE index=0 bytes:
0x16f059b:	0x43	0x0e	0x2a	0x2f	0x00	0x2d	0x00	0x00
0x16f05a3:	0x07	0x00	0x00	0x00	0x00	0x00	0x00	0x00
EFFECT_ROW index=1 source=0 flags=0 surface=0x16f05ed:	"."
EFFECT_ROW_CODE index=1 bytes:
0x16f060b:	0x00	0x00	0x00	0x00	0x00	0x00	0x00	0x00
0x16f0613:	0x00	0x00	0x00	0x00	0x00	0x00	0x00	0x00
EFFECT_SELECTED_UNIT id=241162
EFFECT_SELECTED_UNIT id=241163
EFFECT_SELECTED_UNIT id=276654
EFFECT_SELECTED_UNIT id=368274
EFFECT_SELECTED_UNIT id=421818
EFFECT_SELECTED_UNIT id=421819
EFFECT_SELECTED_UNIT id=276654
EFFECT_SELECTED_UNIT id=241163
EFFECT_SELECTED_UNIT id=368273
EFFECT_SELECTED_UNIT id=276655
EFFECT_SELECTED_UNIT id=421818
EFFECT_SELECTED_UNIT id=368274
[Inferior 1 (Remote target) exited normally]
Wine-gdb> 0114:0118: create process 'Z:\samples\voicetext_paul.exe'/00000000 @004014C0 (450560<1847>)
0114:0118: create thread I @004014C0
0114:0118: loads DLL C:\windows\system32\ntdll.dll @7BD10000 (2994176<5095>)
0114:0118: loads DLL C:\windows\system32\kernel32.dll @7BB90000 (1466368<19395>)
0114:0118: loads DLL C:\windows\system32\kernelbase.dll @7B650000 (5410816<14148>)
0114:0118: loads DLL C:\windows\system32\msvcrt.dll @7B2A0000 (2715648<8214>)
0114:0118: loads DLL Z:\samples\vt_pau.dll @10000000 (0<0>)
0114:0118: loads DLL C:\windows\system32\WINMM.dll @78C50000 (1474560<4890>)
0114:0118: loads DLL C:\windows\system32\advapi32.dll @7B550000 (958464<7400>)
0114:0118: loads DLL C:\windows\system32\sechost.dll @7B200000 (565248<3163>)
0114:0118: loads DLL C:\windows\system32\ucrtbase.dll @7AEE0000 (3198976<11541>)
0114:0118: loads DLL C:\windows\system32\msacm32.dll @78BD0000 (413696<1982>)
0114:0118: loads DLL C:\windows\system32\user32.dll @7A160000 (5005312<14159>)
0114:0118: loads DLL Z:\samples\zlib1.dll @7A120000 (135680<0>)
0114:0118: loads DLL C:\windows\system32\gdi32.dll @7A640000 (2355200<7390>)
0114:0118: loads DLL C:\windows\system32\win32u.dll @7A0D0000 (221184<1966>)
0114:0118: loads DLL C:\windows\system32\ole32.dll @7A9F0000 (4440064<14323>)
0114:0118: loads DLL C:\windows\system32\combase.dll @7A890000 (1314816<7562>)
0114:0118: loads DLL C:\windows\system32\rpcrt4.dll @79EA0000 (2162688<9274>)
0114:0118: loads DLL C:\windows\system32\coml2.dll @79E40000 (262144<3883>)
0114:0118: loads DLL C:\windows\system32\iphlpapi.dll @779C0000 (487424<4777>)
0114:0118: loads DLL C:\windows\system32\dnsapi.dll @77970000 (258048<1399>)
0114:0118: loads DLL C:\windows\system32\nsi.dll @77940000 (118784<823>)
0114:0118: loads DLL C:\windows\system32\ws2_32.dll @7AE40000 (565248<2279>)
0114:0118: loads DLL C:\windows\system32\tzres.dll @009C0000 (0<0>)
00000114:00000118: unload DLL @009C0000
0114:0118: loads DLL C:\windows\system32\tzres.dll @009C0000 (0<0>)
00000114:00000118: unload DLL @009C0000
0114:0118: loads DLL C:\windows\system32\imm32.dll @782F0000 (401408<2996>)
0114:0118: loads DLL C:\windows\system32\winex11.drv @780F0000 (307200<4314>)
0114:0118: loads DLL C:\windows\system32\uxtheme.dll @77FF0000 (671744<3646>)
00000114:00000118: exit process (0)
X connection to :99 broken (explicit kill or server shutdown).
X connection to :99 broken (explicit kill or server shutdown).
