GNU gdb (Ubuntu 15.1-1ubuntu1~24.04.1) 15.1
Copyright (C) 2024 Free Software Foundation, Inc.
License GPLv3+: GNU GPL version 3 or later <http://gnu.org/licenses/gpl.html>
This is free software: you are free to change and redistribute it.
There is NO WARRANTY, to the extent permitted by law.
Type "show copying" and "show warranty" for details.
This GDB was configured as "x86_64-linux-gnu".
Type "show configuration" for configuration details.
For bug reporting instructions, please see:
<https://www.gnu.org/software/gdb/bugs/>.
Find the GDB manual and other documentation resources online at:
    <http://www.gnu.org/software/gdb/documentation/>.

For help, type "help".
Type "apropos word" to search for commands related to "word".
warning: remote target does not support file transfer, attempting to access files from local filesystem.
Reading symbols from /samples/voicetext_paul.exe...
0x7bd64525 in DbgBreakPoint@0 ()
   from /usr/lib/i386-linux-gnu/wine/i386-windows/ntdll.dll
Wine-gdb> Wine-gdb> Wine-gdb> Wine-gdb> Signal        Stop	Print	Pass to program	Description
SIGSEGV       No	No	Yes		Segmentation fault
Wine-gdb> Signal        Stop	Print	Pass to program	Description
SIGSEGV       No	No	Yes		Segmentation fault
Wine-gdb> Breakpoint 1 at 0x10007520
Wine-gdb> >>>>>>> > > > > > > >>> > > >  >  >  >  >  >  >  > > >>>Wine-gdb> Wine-gdb> Breakpoint 2 at 0x1001b200
Wine-gdb> >>>>Wine-gdb> Wine-gdb> Continuing.
EFFECT_UPSTREAM row=0 source=0 code25=0 class26=0 surface=
0x14e1500:	"Opelika"
EFFECT_UPSTREAM row=1 source=0 code25=0 class26=0 surface=
0x14e1500:	"Opelika"
Temporary breakpoint 3 at 0x1000e365
EFFECT_ROW index=0 source=0 flags=0x1 surface=0x16f057d:	"Opelika"
EFFECT_ROW_CODE index=0 bytes:
0x16f059b:	0x31	0x35	0x07	0x2b	0x11	0x2a	0x07	0x00
0x16f05a3:	0x00	0x00	0x00	0x00	0x00	0x00	0x00	0x00
EFFECT_ROW index=1 source=0 flags=0 surface=0x16f05ed:	"."
EFFECT_ROW_CODE index=1 bytes:
0x16f060b:	0x00	0x00	0x00	0x00	0x00	0x00	0x00	0x00
0x16f0613:	0x00	0x00	0x00	0x00	0x00	0x00	0x00	0x00
EFFECT_SELECTED_UNIT id=11278
EFFECT_SELECTED_UNIT id=22459
EFFECT_SELECTED_UNIT id=435365
EFFECT_SELECTED_UNIT id=404444
EFFECT_SELECTED_UNIT id=237865
EFFECT_SELECTED_UNIT id=237866
EFFECT_SELECTED_UNIT id=325511
EFFECT_SELECTED_UNIT id=325512
EFFECT_SELECTED_UNIT id=392038
EFFECT_SELECTED_UNIT id=22459
EFFECT_SELECTED_UNIT id=11278
EFFECT_SELECTED_UNIT id=435364
EFFECT_SELECTED_UNIT id=22460
EFFECT_SELECTED_UNIT id=404443
EFFECT_SELECTED_UNIT id=435366
EFFECT_SELECTED_UNIT id=237864
EFFECT_SELECTED_UNIT id=404445
EFFECT_SELECTED_UNIT id=325511
EFFECT_SELECTED_UNIT id=237866
EFFECT_SELECTED_UNIT id=392037
EFFECT_SELECTED_UNIT id=325513
EFFECT_UPSTREAM row=0 source=0 code25=0 class26=0 surface=
0x14e1500:	"Talladega"
EFFECT_UPSTREAM row=1 source=0 code25=0 class26=0 surface=
0x14e1500:	"Talladega"
Temporary breakpoint 4 at 0x1000e365
EFFECT_ROW index=0 source=0 flags=0x1 surface=0x16f057d:	"Talladega"
EFFECT_ROW_CODE index=0 bytes:
0x16f059b:	0x39	0x06	0x2b	0x07	0x15	0x1e	0x21	0x07
0x16f05a3:	0x00	0x00	0x00	0x00	0x00	0x00	0x00	0x00
EFFECT_ROW index=1 source=0 flags=0 surface=0x16f05ed:	"."
EFFECT_ROW_CODE index=1 bytes:
0x16f060b:	0x00	0x00	0x00	0x00	0x00	0x00	0x00	0x00
0x16f0613:	0x00	0x00	0x00	0x00	0x00	0x00	0x00	0x00
EFFECT_SELECTED_UNIT id=289436
EFFECT_SELECTED_UNIT id=289437
EFFECT_SELECTED_UNIT id=289438
EFFECT_SELECTED_UNIT id=289439
EFFECT_SELECTED_UNIT id=289440
EFFECT_SELECTED_UNIT id=289441
EFFECT_SELECTED_UNIT id=289441
EFFECT_SELECTED_UNIT id=436967
EFFECT_SELECTED_UNIT id=436968
EFFECT_SELECTED_UNIT id=436966
EFFECT_SELECTED_UNIT id=289442
[Inferior 1 (Remote target) exited normally]
Wine-gdb> 01a8:01ac: create process 'Z:\samples\voicetext_paul.exe'/00000000 @004014C0 (450560<1847>)
01a8:01ac: create thread I @004014C0
01a8:01ac: loads DLL C:\windows\system32\ntdll.dll @7BD10000 (2994176<5095>)
01a8:01ac: loads DLL C:\windows\system32\kernel32.dll @7BB90000 (1466368<19395>)
01a8:01ac: loads DLL C:\windows\system32\kernelbase.dll @7B650000 (5410816<14148>)
01a8:01ac: loads DLL C:\windows\system32\msvcrt.dll @7B2A0000 (2715648<8214>)
01a8:01ac: loads DLL Z:\samples\vt_pau.dll @10000000 (0<0>)
01a8:01ac: loads DLL C:\windows\system32\WINMM.dll @78C50000 (1474560<4890>)
01a8:01ac: loads DLL C:\windows\system32\advapi32.dll @7B550000 (958464<7400>)
01a8:01ac: loads DLL C:\windows\system32\sechost.dll @7B200000 (565248<3163>)
01a8:01ac: loads DLL C:\windows\system32\ucrtbase.dll @7AEE0000 (3198976<11541>)
01a8:01ac: loads DLL C:\windows\system32\msacm32.dll @78BD0000 (413696<1982>)
01a8:01ac: loads DLL C:\windows\system32\user32.dll @7A160000 (5005312<14159>)
01a8:01ac: loads DLL Z:\samples\zlib1.dll @7A120000 (135680<0>)
01a8:01ac: loads DLL C:\windows\system32\gdi32.dll @7A640000 (2355200<7390>)
01a8:01ac: loads DLL C:\windows\system32\win32u.dll @7A0D0000 (221184<1966>)
01a8:01ac: loads DLL C:\windows\system32\ole32.dll @7A9F0000 (4440064<14323>)
01a8:01ac: loads DLL C:\windows\system32\combase.dll @7A890000 (1314816<7562>)
01a8:01ac: loads DLL C:\windows\system32\rpcrt4.dll @79EA0000 (2162688<9274>)
01a8:01ac: loads DLL C:\windows\system32\coml2.dll @79E40000 (262144<3883>)
01a8:01ac: loads DLL C:\windows\system32\iphlpapi.dll @779C0000 (487424<4777>)
01a8:01ac: loads DLL C:\windows\system32\dnsapi.dll @77970000 (258048<1399>)
01a8:01ac: loads DLL C:\windows\system32\nsi.dll @77940000 (118784<823>)
01a8:01ac: loads DLL C:\windows\system32\ws2_32.dll @7AE40000 (565248<2279>)
01a8:01ac: loads DLL C:\windows\system32\tzres.dll @009C0000 (0<0>)
000001a8:000001ac: unload DLL @009C0000
01a8:01ac: loads DLL C:\windows\system32\tzres.dll @009C0000 (0<0>)
000001a8:000001ac: unload DLL @009C0000
01a8:01ac: loads DLL C:\windows\system32\imm32.dll @782F0000 (401408<2996>)
01a8:01ac: loads DLL C:\windows\system32\winex11.drv @780F0000 (307200<4314>)
01a8:01ac: loads DLL C:\windows\system32\uxtheme.dll @78030000 (671744<3646>)
000001a8:000001ac: exit process (0)
