GNU gdb (Ubuntu 15.1-1ubuntu1~24.04.1) 15.1
Copyright (C) 2024 Free Software Foundation, Inc.
License GPLv3+: GNU GPL version 3 or later <http://gnu.org/licenses/gpl.html>
This is free software: you are free to change and redistribute it.
There is NO WARRANTY, to the extent permitted by law.
Type "show copying" and "show warranty" for details.
This GDB was configured as "x86_64-linux-gnu".
Type "show configuration" for configuration details.
For bug reporting instructions, please see:
<https://www.gnu.org/software/gdb/bugs/>.
Find the GDB manual and other documentation resources online at:
    <http://www.gnu.org/software/gdb/documentation/>.

For help, type "help".
Type "apropos word" to search for commands related to "word".
warning: remote target does not support file transfer, attempting to access files from local filesystem.
Reading symbols from /samples/voicetext_paul.exe...
0x7bd64525 in DbgBreakPoint@0 ()
   from /usr/lib/i386-linux-gnu/wine/i386-windows/ntdll.dll
Wine-gdb> Wine-gdb> Wine-gdb> Wine-gdb> Signal        Stop	Print	Pass to program	Description
SIGSEGV       No	No	Yes		Segmentation fault
Wine-gdb> Signal        Stop	Print	Pass to program	Description
SIGSEGV       No	No	Yes		Segmentation fault
Wine-gdb> Breakpoint 1 at 0x10034180
Wine-gdb> >>>>>>>>> > > > >>> > > > >>>Wine-gdb> Wine-gdb> Breakpoint 2 at 0x1000e0c0
Wine-gdb> >>>>>>>>> > > >  >  > >  >  >  >  >  > > >>>Wine-gdb> Wine-gdb> Breakpoint 3 at 0x1003a7b0
Wine-gdb> >>>>>>>>> > > > > >>>Wine-gdb> Wine-gdb> Breakpoint 4 at 0x10007520
Wine-gdb> >>>>>>>> > > > > > > >>> > > > >  >  >  >  >  >  >  > > >>>Wine-gdb> Wine-gdb> Continuing.
PROPER_NAME_ENTRY count=1 second_arg=0
PROPER_NAME_PART index=0 text=0x14e62a6:	"Casa de Oro Mount Helix"
Temporary breakpoint 5 at 0x10034022
TPP_LOOKUP selector=0x41 key=0x667344:	"Casa de Oro Mount Helix"
Temporary breakpoint 6 at 0x10034234
TPP_RESULT eax=0xffff0000 output=0x667444:	""
PROPER_NAME_RETURN eax=0xffff0000
CONTEXT_ENTRY count=6
UPSTREAM row=0 source=0 type=0x41 class=0x44 code_byte_25=0 class_byte_26=0 status=0xff surface=0x14e1500:	"Casa"
UPSTREAM row=1 source=1 type=0x41 class=0x44 code_byte_25=0 class_byte_26=0 status=0xff surface=0x14e1594:	"de"
UPSTREAM row=2 source=2 type=0x41 class=0x44 code_byte_25=0 class_byte_26=0 status=0xff surface=0x14e1628:	"Oro"
UPSTREAM row=3 source=3 type=0x41 class=0x44 code_byte_25=0 class_byte_26=0 status=0xff surface=0x14e16bc:	"Mount"
UPSTREAM row=4 source=4 type=0x41 class=0x44 code_byte_25=0 class_byte_26=0 status=0xff surface=0x14e1750:	"Helix"
UPSTREAM row=5 source=4 type=0x41 class=0x44 code_byte_25=0 class_byte_26=0 status=0xff surface=0x14e1750:	"Helix"
Temporary breakpoint 7 at 0x1000e365
CONTEXT_RETURN count=6
ROW index=0 flags=0x50 source=0 class=0 surface=0x16f057d:	"Casa"
ROW_CODE index=0 bytes:
0x16f059b:	0x2a	0x02	0x37	0x07	0x00	0x00	0x00	0x00
0x16f05a3:	0x00	0x00	0x00	0x00	0x00	0x00	0x00	0x00
ROW index=1 flags=0x9 source=1 class=0x41 surface=0x16f05ed:	"de"
ROW_CODE index=1 bytes:
0x16f060b:	0x15	0x26	0x00	0x00	0x00	0x00	0x00	0x00
0x16f0613:	0x00	0x00	0x00	0x00	0x00	0x00	0x00	0x00
ROW index=2 flags=0x50 source=2 class=0x45 surface=0x16f065d:	"Oro"
ROW_CODE index=2 bytes:
0x16f067b:	0x0b	0x36	0x2f	0x00	0x00	0x00	0x00	0x00
0x16f0683:	0x00	0x00	0x00	0x00	0x00	0x00	0x00	0x00
ROW index=3 flags=0x50 source=3 class=0 surface=0x16f06cd:	"Mount"
ROW_CODE index=3 bytes:
0x16f06eb:	0x2c	0x0e	0x2d	0x39	0x00	0x00	0x00	0x00
0x16f06f3:	0x00	0x00	0x00	0x00	0x00	0x00	0x00	0x00
ROW index=4 flags=0x50 source=4 class=0 surface=0x16f073d:	"Helix"
ROW_CODE index=4 bytes:
0x16f075b:	0x22	0x27	0x2b	0x23	0x2a	0x37	0x00	0x00
0x16f0763:	0x00	0x00	0x00	0x00	0x00	0x00	0x00	0x00
ROW index=5 flags=0 source=4 class=0x45 surface=0x16f07ad:	"."
ROW_CODE index=5 bytes:
0x16f07cb:	0x00	0x00	0x00	0x00	0x00	0x00	0x00	0x00
0x16f07d3:	0x00	0x00	0x00	0x00	0x00	0x00	0x00	0x00
TPP_LOOKUP selector=0x46 key=0x66760c:	"Casa-de"
Temporary breakpoint 8 at 0x1000e27d
TPP_RESULT eax=0xffff0000 output=0x66762c:	""
TPP_LOOKUP selector=0x46 key=0x66760c:	"Casa-de-Oro"
Temporary breakpoint 9 at 0x1000e27d
TPP_RESULT eax=0xffff0000 output=0x66762c:	""
TPP_LOOKUP selector=0x46 key=0x66760c:	"Casa-de-Oro-Mount"
Temporary breakpoint 10 at 0x1000e27d
TPP_RESULT eax=0xffff0000 output=0x66762c:	""
TPP_LOOKUP selector=0x46 key=0x66760c:	"Casa-de-Oro-Mount-Helix"
Temporary breakpoint 11 at 0x1000e27d
TPP_RESULT eax=0 output=0x66762c:	""
TPP_LOOKUP selector=0x47 key=0x14e1500:	"Casa"
Temporary breakpoint 12 at 0x1000e04b
TPP_RESULT eax=0xffff0000 output=0x667668:	""
TPP_LOOKUP selector=0x46 key=0x66760c:	"de-Oro"
Temporary breakpoint 13 at 0x1000e27d
TPP_RESULT eax=0xffff0000 output=0x66762c:	""
TPP_LOOKUP selector=0x46 key=0x66760c:	"de-Oro-Mount"
Temporary breakpoint 14 at 0x1000e27d
TPP_RESULT eax=0xffff0000 output=0x66762c:	""
TPP_LOOKUP selector=0x46 key=0x66760c:	"de-Oro-Mount-Helix"
Temporary breakpoint 15 at 0x1000e27d
TPP_RESULT eax=0xffff0000 output=0x66762c:	""
TPP_LOOKUP selector=0x47 key=0x14e1594:	"de"
Temporary breakpoint 16 at 0x1000e04b
TPP_RESULT eax=0x660001 output=0x667668:	"40"
TPP_NUMERIC_APPLY code=40 first=1 last=0
Temporary breakpoint 17 at 0x1000e06c
TPP_NUMERIC_TOKEN index=1 code_byte_25=40 class_byte_26=0 surface=
0x14e1594:	"de"
TPP_LOOKUP selector=0x46 key=0x66760c:	"Oro-Mount"
Temporary breakpoint 18 at 0x1000e27d
TPP_RESULT eax=0xffff0000 output=0x66762c:	""
TPP_LOOKUP selector=0x46 key=0x66760c:	"Oro-Mount-Helix"
Temporary breakpoint 19 at 0x1000e27d
TPP_RESULT eax=0xffff0000 output=0x66762c:	""
TPP_LOOKUP selector=0x47 key=0x14e1628:	"Oro"
Temporary breakpoint 20 at 0x1000e04b
TPP_RESULT eax=0xffff0000 output=0x667668:	""
TPP_LOOKUP selector=0x46 key=0x66760c:	"Mount-Helix"
Temporary breakpoint 21 at 0x1000e27d
TPP_RESULT eax=0xffff0000 output=0x66762c:	""
TPP_LOOKUP selector=0x47 key=0x14e16bc:	"Mount"
Temporary breakpoint 22 at 0x1000e04b
TPP_RESULT eax=0xffff0000 output=0x667668:	""
TPP_LOOKUP selector=0x47 key=0x14e1750:	"Helix"
Temporary breakpoint 23 at 0x1000e04b
TPP_RESULT eax=0xffff0000 output=0x667668:	""
[Inferior 1 (Remote target) exited normally]
Wine-gdb> 015c:0160: create process 'Z:\samples\voicetext_paul.exe'/00000000 @004014C0 (450560<1847>)
015c:0160: create thread I @004014C0
015c:0160: loads DLL C:\windows\system32\ntdll.dll @7BD10000 (2994176<5095>)
015c:0160: loads DLL C:\windows\system32\kernel32.dll @7BB90000 (1466368<19395>)
015c:0160: loads DLL C:\windows\system32\kernelbase.dll @7B650000 (5410816<14148>)
015c:0160: loads DLL C:\windows\system32\msvcrt.dll @7B2A0000 (2715648<8214>)
015c:0160: loads DLL Z:\samples\vt_pau.dll @10000000 (0<0>)
015c:0160: loads DLL C:\windows\system32\WINMM.dll @78C50000 (1474560<4890>)
015c:0160: loads DLL C:\windows\system32\advapi32.dll @7B550000 (958464<7400>)
015c:0160: loads DLL C:\windows\system32\sechost.dll @7B200000 (565248<3163>)
015c:0160: loads DLL C:\windows\system32\ucrtbase.dll @7AEE0000 (3198976<11541>)
015c:0160: loads DLL C:\windows\system32\msacm32.dll @78BD0000 (413696<1982>)
015c:0160: loads DLL C:\windows\system32\user32.dll @7A160000 (5005312<14159>)
015c:0160: loads DLL Z:\samples\zlib1.dll @7A120000 (135680<0>)
015c:0160: loads DLL C:\windows\system32\gdi32.dll @7A640000 (2355200<7390>)
015c:0160: loads DLL C:\windows\system32\win32u.dll @7A0D0000 (221184<1966>)
015c:0160: loads DLL C:\windows\system32\ole32.dll @7A9F0000 (4440064<14323>)
015c:0160: loads DLL C:\windows\system32\combase.dll @7A890000 (1314816<7562>)
015c:0160: loads DLL C:\windows\system32\rpcrt4.dll @79EA0000 (2162688<9274>)
015c:0160: loads DLL C:\windows\system32\coml2.dll @79E40000 (262144<3883>)
015c:0160: loads DLL C:\windows\system32\iphlpapi.dll @779C0000 (487424<4777>)
015c:0160: loads DLL C:\windows\system32\dnsapi.dll @77970000 (258048<1399>)
015c:0160: loads DLL C:\windows\system32\nsi.dll @77940000 (118784<823>)
015c:0160: loads DLL C:\windows\system32\ws2_32.dll @7AE40000 (565248<2279>)
015c:0160: loads DLL C:\windows\system32\tzres.dll @009C0000 (0<0>)
0000015c:00000160: unload DLL @009C0000
015c:0160: loads DLL C:\windows\system32\tzres.dll @009C0000 (0<0>)
0000015c:00000160: unload DLL @009C0000
015c:0160: loads DLL C:\windows\system32\imm32.dll @782F0000 (401408<2996>)
015c:0160: loads DLL C:\windows\system32\winex11.drv @780F0000 (307200<4314>)
015c:0160: loads DLL C:\windows\system32\uxtheme.dll @78030000 (671744<3646>)
0000015c:00000160: exit process (0)
