GNU gdb (Ubuntu 15.1-1ubuntu1~24.04.1) 15.1
Copyright (C) 2024 Free Software Foundation, Inc.
License GPLv3+: GNU GPL version 3 or later <http://gnu.org/licenses/gpl.html>
This is free software: you are free to change and redistribute it.
There is NO WARRANTY, to the extent permitted by law.
Type "show copying" and "show warranty" for details.
This GDB was configured as "x86_64-linux-gnu".
Type "show configuration" for configuration details.
For bug reporting instructions, please see:
<https://www.gnu.org/software/gdb/bugs/>.
Find the GDB manual and other documentation resources online at:
    <http://www.gnu.org/software/gdb/documentation/>.

For help, type "help".
Type "apropos word" to search for commands related to "word".
warning: remote target does not support file transfer, attempting to access files from local filesystem.
Reading symbols from /samples/voicetext_paul.exe...
0x7bd64525 in DbgBreakPoint@0 ()
   from /usr/lib/i386-linux-gnu/wine/i386-windows/ntdll.dll
Wine-gdb> Wine-gdb> Wine-gdb> Wine-gdb> Signal        Stop	Print	Pass to program	Description
SIGSEGV       No	No	Yes		Segmentation fault
Wine-gdb> Signal        Stop	Print	Pass to program	Description
SIGSEGV       No	No	Yes		Segmentation fault
Wine-gdb> Wine-gdb> Breakpoint 1 at 0x10043810
Wine-gdb> >>>>Wine-gdb> Wine-gdb> Wine-gdb> Breakpoint 2 at 0x10043a8f
Wine-gdb> >>>>>Wine-gdb> Wine-gdb> Wine-gdb> Breakpoint 3 at 0x10043b10
Wine-gdb> >>>>>>Wine-gdb> Wine-gdb> Continuing.
REPLACEMENT_ROUTINE_ENTER p1=0x14e14b8 p2=0x667688 p3=0x14d4b50 p4=0
REPLACEMENT_ROUTINE_ENTER p1=0x14e14b8 p2=0x667688 p3=0x14d4b6d p4=0x1d
REPLACEMENT_ROUTINE_ENTER p1=0x14e14b8 p2=0x667688 p3=0x14d4b8a p4=0x3a
REPLACEMENT_LOOKUP result=-1 key=0x6675e0:	"Main"
REPLACEMENT_LOOKUP result=-1 key=0x6675e0:	"St"
[Inferior 1 (Remote target) exited normally]
Wine-gdb> 013c:0140: create process 'Z:\samples\voicetext_paul.exe'/00000000 @004014C0 (450560<1847>)
013c:0140: create thread I @004014C0
013c:0140: loads DLL C:\windows\system32\ntdll.dll @7BD10000 (2994176<5095>)
013c:0140: loads DLL C:\windows\system32\kernel32.dll @7BB90000 (1466368<19395>)
013c:0140: loads DLL C:\windows\system32\kernelbase.dll @7B650000 (5410816<14148>)
013c:0140: loads DLL C:\windows\system32\msvcrt.dll @7B2A0000 (2715648<8214>)
013c:0140: loads DLL Z:\samples\vt_pau.dll @10000000 (0<0>)
013c:0140: loads DLL C:\windows\system32\WINMM.dll @78C50000 (1474560<4890>)
013c:0140: loads DLL C:\windows\system32\advapi32.dll @7B550000 (958464<7400>)
013c:0140: loads DLL C:\windows\system32\sechost.dll @7B200000 (565248<3163>)
013c:0140: loads DLL C:\windows\system32\ucrtbase.dll @7AEE0000 (3198976<11541>)
013c:0140: loads DLL C:\windows\system32\msacm32.dll @78BD0000 (413696<1982>)
013c:0140: loads DLL C:\windows\system32\user32.dll @7A160000 (5005312<14159>)
013c:0140: loads DLL Z:\samples\zlib1.dll @7A120000 (135680<0>)
013c:0140: loads DLL C:\windows\system32\gdi32.dll @7A640000 (2355200<7390>)
013c:0140: loads DLL C:\windows\system32\win32u.dll @7A0D0000 (221184<1966>)
013c:0140: loads DLL C:\windows\system32\ole32.dll @7A9F0000 (4440064<14323>)
013c:0140: loads DLL C:\windows\system32\combase.dll @7A890000 (1314816<7562>)
013c:0140: loads DLL C:\windows\system32\rpcrt4.dll @79EA0000 (2162688<9274>)
013c:0140: loads DLL C:\windows\system32\coml2.dll @79E40000 (262144<3883>)
013c:0140: loads DLL C:\windows\system32\iphlpapi.dll @779C0000 (487424<4777>)
013c:0140: loads DLL C:\windows\system32\dnsapi.dll @77970000 (258048<1399>)
013c:0140: loads DLL C:\windows\system32\nsi.dll @77940000 (118784<823>)
013c:0140: loads DLL C:\windows\system32\ws2_32.dll @7AE40000 (565248<2279>)
013c:0140: loads DLL C:\windows\system32\tzres.dll @009C0000 (0<0>)
0000013c:00000140: unload DLL @009C0000
013c:0140: loads DLL C:\windows\system32\tzres.dll @009C0000 (0<0>)
0000013c:00000140: unload DLL @009C0000
013c:0140: loads DLL C:\windows\system32\imm32.dll @782F0000 (401408<2996>)
013c:0140: loads DLL C:\windows\system32\winex11.drv @780F0000 (307200<4314>)
013c:0140: loads DLL C:\windows\system32\uxtheme.dll @78030000 (671744<3646>)
0000013c:00000140: exit process (0)
