GNU gdb (Ubuntu 15.1-1ubuntu1~24.04.1) 15.1
Copyright (C) 2024 Free Software Foundation, Inc.
License GPLv3+: GNU GPL version 3 or later <http://gnu.org/licenses/gpl.html>
This is free software: you are free to change and redistribute it.
There is NO WARRANTY, to the extent permitted by law.
Type "show copying" and "show warranty" for details.
This GDB was configured as "x86_64-linux-gnu".
Type "show configuration" for configuration details.
For bug reporting instructions, please see:
<https://www.gnu.org/software/gdb/bugs/>.
Find the GDB manual and other documentation resources online at:
    <http://www.gnu.org/software/gdb/documentation/>.

For help, type "help".
Type "apropos word" to search for commands related to "word".
warning: remote target does not support file transfer, attempting to access files from local filesystem.
Reading symbols from /samples/voicetext_paul.exe...
0x7bd64525 in DbgBreakPoint@0 ()
   from /usr/lib/i386-linux-gnu/wine/i386-windows/ntdll.dll
Wine-gdb> Wine-gdb> Wine-gdb> Wine-gdb> Signal        Stop	Print	Pass to program	Description
SIGSEGV       No	No	Yes		Segmentation fault
Wine-gdb> Signal        Stop	Print	Pass to program	Description
SIGSEGV       No	No	Yes		Segmentation fault
Wine-gdb> Breakpoint 1 at 0x10024680
Wine-gdb> >>>>>>> > > > > >  >  >  >  > > >>>Wine-gdb> Wine-gdb> Breakpoint 2 at 0x10024060
Wine-gdb> >>>>>>>>> > > > >>>Wine-gdb> Wine-gdb> Breakpoint 3 at 0x100242a0
Wine-gdb> >>>>>>>>> > > > >>>Wine-gdb> Wine-gdb> Wine-gdb> Breakpoint 4 at 0x10018770
Wine-gdb> >>> > > > >>>Wine-gdb> Wine-gdb> Breakpoint 5 at 0x10023350
Wine-gdb> >>>>>>> > > > > >>>Wine-gdb> Wine-gdb> Breakpoint 6 at 0x10018c80
Wine-gdb> >>>>>>> > > > > >>>Wine-gdb> Wine-gdb> Breakpoint 7 at 0x10024510
Wine-gdb> >>>>>>> > > > > >>>Wine-gdb> Wine-gdb> Breakpoint 8 at 0x10024900
Wine-gdb> >>>>>>>> > > > > >>>Wine-gdb> Wine-gdb> Breakpoint 9 at 0x1001b200
Wine-gdb> >>>>Wine-gdb> Wine-gdb> Continuing.
CANDIDATE_BUILD_ENTER word_index=0 engine=0x2ae0020
Temporary breakpoint 10 at 0x100249bb
CANDIDATE_FILTER_A candidate=0 descriptor=
0x2bcc648:	0x00	0x00	0x00	0x00	0x00	0x01
Temporary breakpoint 11 at 0x10024808
CANDIDATE_CONTEXT call=1 args=
0x667650:	0x10024119	0x02ae0752	0x00000000	0x02ae0020
0x667660:	0x014bf198
#0  0x10018770 in vt_eng!VT_CsvParser_IsCsv_ENG () from /samples/vt_pau.dll
#1  0x10024808 in vt_eng!VT_GetDefUserDictRelativeName_ENG ()
   from /samples/vt_pau.dll
CANDIDATE_FILTER_A_RETURN candidate=0 eax=1
CANDIDATE_FILTER_A candidate=1 descriptor=
0x2bcc64e:	0x00	0x00	0x01	0x00	0x00	0x00
Temporary breakpoint 12 at 0x10024808
CANDIDATE_CONTEXT call=2 args=
0x667650:	0x10024119	0x02ae0759	0x00000001	0x02ae0020
0x667660:	0x014bf198
#0  0x10018770 in vt_eng!VT_CsvParser_IsCsv_ENG () from /samples/vt_pau.dll
#1  0x10024808 in vt_eng!VT_GetDefUserDictRelativeName_ENG ()
   from /samples/vt_pau.dll
CANDIDATE_FILTER_A_RETURN candidate=1 eax=1
CANDIDATE_FILTER_A candidate=2 descriptor=
0x2bcc654:	0x00	0x00	0x02	0x00	0x00	0x00
Temporary breakpoint 13 at 0x10024808
CANDIDATE_CONTEXT call=3 args=
0x667650:	0x10024119	0x02ae0760	0x00000002	0x02ae0020
0x667660:	0x014bf198
#0  0x10018770 in vt_eng!VT_CsvParser_IsCsv_ENG () from /samples/vt_pau.dll
#1  0x10024808 in vt_eng!VT_GetDefUserDictRelativeName_ENG ()
   from /samples/vt_pau.dll
CANDIDATE_FILTER_A_RETURN candidate=2 eax=1
CANDIDATE_FILTER_A candidate=3 descriptor=
0x2bcc65a:	0x01	0x00	0x00	0x00	0x00	0x00
Temporary breakpoint 14 at 0x10024808
CANDIDATE_CONTEXT call=4 args=
0x667650:	0x10024119	0x02ae0b12	0x00000003	0x02ae0020
0x667660:	0x014bf198
#0  0x10018770 in vt_eng!VT_CsvParser_IsCsv_ENG () from /samples/vt_pau.dll
#1  0x10024808 in vt_eng!VT_GetDefUserDictRelativeName_ENG ()
   from /samples/vt_pau.dll
CANDIDATE_FILTER_A_RETURN candidate=3 eax=1
CANDIDATE_FILTER_A candidate=4 descriptor=
0x2bcc660:	0x01	0x01	0x01	0x00	0x00	0x00
Temporary breakpoint 15 at 0x10024808
CANDIDATE_CONTEXT call=5 args=
0x667650:	0x10024119	0x02ae0b19	0x00000004	0x02ae0020
0x667660:	0x014bf198
#0  0x10018770 in vt_eng!VT_CsvParser_IsCsv_ENG () from /samples/vt_pau.dll
#1  0x10024808 in vt_eng!VT_GetDefUserDictRelativeName_ENG ()
   from /samples/vt_pau.dll
CANDIDATE_FILTER_A_RETURN candidate=4 eax=1
CANDIDATE_FILTER_A candidate=5 descriptor=
0x2bcc666:	0x01	0x01	0x02	0x00	0x00	0x00
Temporary breakpoint 16 at 0x10024808
CANDIDATE_CONTEXT call=6 args=
0x667650:	0x10024119	0x02ae0b20	0x00000005	0x02ae0020
0x667660:	0x014bf198
#0  0x10018770 in vt_eng!VT_CsvParser_IsCsv_ENG () from /samples/vt_pau.dll
#1  0x10024808 in vt_eng!VT_GetDefUserDictRelativeName_ENG ()
   from /samples/vt_pau.dll
CANDIDATE_FILTER_A_RETURN candidate=5 eax=1
CANDIDATE_FILTER_A candidate=6 descriptor=
0x2bcc66c:	0x01	0x02	0x03	0x00	0x00	0x01
Temporary breakpoint 17 at 0x10024808
CANDIDATE_CONTEXT call=7 args=
0x667650:	0x10024119	0x02ae0b27	0x00000006	0x02ae0020
0x667660:	0x014bf198
#0  0x10018770 in vt_eng!VT_CsvParser_IsCsv_ENG () from /samples/vt_pau.dll
#1  0x10024808 in vt_eng!VT_GetDefUserDictRelativeName_ENG ()
   from /samples/vt_pau.dll
CANDIDATE_FILTER_A_RETURN candidate=6 eax=1
CANDIDATE_FILTER_A candidate=7 descriptor=
0x2bcc672:	0x01	0x02	0x04	0x00	0x00	0x00
Temporary breakpoint 18 at 0x10024808
CANDIDATE_CONTEXT call=8 args=
0x667650:	0x10024119	0x02ae0b2e	0x00000007	0x02ae0020
0x667660:	0x014bf198
#0  0x10018770 in vt_eng!VT_CsvParser_IsCsv_ENG () from /samples/vt_pau.dll
#1  0x10024808 in vt_eng!VT_GetDefUserDictRelativeName_ENG ()
   from /samples/vt_pau.dll
CANDIDATE_CONTEXT call=9 args=
0x6675c8:	0x10018c70	0x006675f8	0x00000007	0x02ae0020
0x6675d8:	0x014bf198
#0  0x10018770 in vt_eng!VT_CsvParser_IsCsv_ENG () from /samples/vt_pau.dll
#1  0x10024119 in vt_eng!VT_GetDefUserDictRelativeName_ENG ()
   from /samples/vt_pau.dll
CANDIDATE_FILTER_A_RETURN candidate=7 eax=1
CANDIDATE_FILTER_A candidate=8 descriptor=
0x2bcc678:	0x01	0x03	0x05	0x00	0x00	0x00
Temporary breakpoint 19 at 0x10024808
CANDIDATE_CONTEXT call=10 args=
0x667650:	0x10024119	0x02ae0b35	0x00000008	0x02ae0020
0x667660:	0x014bf198
#0  0x10018770 in vt_eng!VT_CsvParser_IsCsv_ENG () from /samples/vt_pau.dll
#1  0x10024808 in vt_eng!VT_GetDefUserDictRelativeName_ENG ()
   from /samples/vt_pau.dll
CANDIDATE_FILTER_A_RETURN candidate=8 eax=1
CANDIDATE_FILTER_A candidate=9 descriptor=
0x2bcc67e:	0x01	0x03	0x06	0x00	0x00	0x00
Temporary breakpoint 20 at 0x10024808
CANDIDATE_CONTEXT call=11 args=
0x667650:	0x10024119	0x02ae0b3c	0x00000009	0x02ae0020
0x667660:	0x014bf198
#0  0x10018770 in vt_eng!VT_CsvParser_IsCsv_ENG () from /samples/vt_pau.dll
#1  0x10024808 in vt_eng!VT_GetDefUserDictRelativeName_ENG ()
   from /samples/vt_pau.dll
CANDIDATE_FILTER_A_RETURN candidate=9 eax=0
CANDIDATE_FILTER_B candidate=9 descriptor=
0x2bcc67e:	0x01	0x03	0x06	0x06	0x00	0x00
Temporary breakpoint 21 at 0x1002481e
CANDIDATE_CONTEXT call=12 args=
0x66763c:	0x100243d5	0x02ae0b3c	0x00000009	0x02ae0020
0x66764c:	0x014bf198
#0  0x10018770 in vt_eng!VT_CsvParser_IsCsv_ENG () from /samples/vt_pau.dll
#1  0x1002481e in vt_eng!VT_GetDefUserDictRelativeName_ENG ()
   from /samples/vt_pau.dll
CANDIDATE_CONTEXT call=13 args=
0x66763c:	0x100243d5	0x02ae0b3c	0x0000000a	0x02ae0020
0x66764c:	0x014bf198
#0  0x10018770 in vt_eng!VT_CsvParser_IsCsv_ENG () from /samples/vt_pau.dll
#1  0x1002481e in vt_eng!VT_GetDefUserDictRelativeName_ENG ()
   from /samples/vt_pau.dll
CANDIDATE_FILTER_B_RETURN candidate=9 eax=2
CANDIDATE_FILTER_A candidate=11 descriptor=
0x2bcc68a:	0x02	0x00	0x00	0x00	0x00	0x01
Temporary breakpoint 22 at 0x10024808
CANDIDATE_CONTEXT call=14 args=
0x667650:	0x10024119	0x02ae0ed2	0x0000000b	0x02ae0020
0x667660:	0x014bf198
#0  0x10018770 in vt_eng!VT_CsvParser_IsCsv_ENG () from /samples/vt_pau.dll
#1  0x10024808 in vt_eng!VT_GetDefUserDictRelativeName_ENG ()
   from /samples/vt_pau.dll
CANDIDATE_FILTER_A_RETURN candidate=11 eax=1
CANDIDATE_FILTER_A candidate=12 descriptor=
0x2bcc690:	0x02	0x00	0x01	0x00	0x00	0x00
Temporary breakpoint 23 at 0x10024808
CANDIDATE_CONTEXT call=15 args=
0x667650:	0x10024119	0x02ae0ed9	0x0000000c	0x02ae0020
0x667660:	0x014bf198
#0  0x10018770 in vt_eng!VT_CsvParser_IsCsv_ENG () from /samples/vt_pau.dll
#1  0x10024808 in vt_eng!VT_GetDefUserDictRelativeName_ENG ()
   from /samples/vt_pau.dll
CANDIDATE_FILTER_A_RETURN candidate=12 eax=0
CANDIDATE_FILTER_B candidate=12 descriptor=
0x2bcc690:	0x02	0x00	0x01	0x01	0x00	0x00
Temporary breakpoint 24 at 0x1002481e
CANDIDATE_CONTEXT call=16 args=
0x66763c:	0x100243d5	0x02ae0ed9	0x0000000c	0x02ae0020
0x66764c:	0x014bf198
#0  0x10018770 in vt_eng!VT_CsvParser_IsCsv_ENG () from /samples/vt_pau.dll
#1  0x1002481e in vt_eng!VT_GetDefUserDictRelativeName_ENG ()
   from /samples/vt_pau.dll
CANDIDATE_CONTEXT call=17 args=
0x66763c:	0x100243d5	0x02ae0ed9	0x0000000d	0x02ae0020
0x66764c:	0x014bf198
#0  0x10018770 in vt_eng!VT_CsvParser_IsCsv_ENG () from /samples/vt_pau.dll
#1  0x1002481e in vt_eng!VT_GetDefUserDictRelativeName_ENG ()
   from /samples/vt_pau.dll
CANDIDATE_FILTER_B_RETURN candidate=12 eax=2
CANDIDATE_FILTER_A candidate=14 descriptor=
0x2bcc69c:	0x02	0x00	0x02	0x00	0x00	0x00
Temporary breakpoint 25 at 0x10024808
CANDIDATE_CONTEXT call=18 args=
0x667650:	0x10024119	0x02ae0ee0	0x0000000e	0x02ae0020
0x667660:	0x014bf198
#0  0x10018770 in vt_eng!VT_CsvParser_IsCsv_ENG () from /samples/vt_pau.dll
#1  0x10024808 in vt_eng!VT_GetDefUserDictRelativeName_ENG ()
   from /samples/vt_pau.dll
CANDIDATE_FILTER_A_RETURN candidate=14 eax=0
CANDIDATE_FILTER_B candidate=14 descriptor=
0x2bcc69c:	0x02	0x00	0x02	0x03	0x00	0x00
Temporary breakpoint 26 at 0x1002481e
CANDIDATE_CONTEXT call=19 args=
0x66763c:	0x100243d5	0x02ae0ee0	0x0000000e	0x02ae0020
0x66764c:	0x014bf198
#0  0x10018770 in vt_eng!VT_CsvParser_IsCsv_ENG () from /samples/vt_pau.dll
#1  0x1002481e in vt_eng!VT_GetDefUserDictRelativeName_ENG ()
   from /samples/vt_pau.dll
CANDIDATE_CONTEXT call=20 args=
0x66763c:	0x100243d5	0x02ae0ee0	0x0000000f	0x02ae0020
0x66764c:	0x014bf198
#0  0x10018770 in vt_eng!VT_CsvParser_IsCsv_ENG () from /samples/vt_pau.dll
#1  0x1002481e in vt_eng!VT_GetDefUserDictRelativeName_ENG ()
   from /samples/vt_pau.dll
CANDIDATE_FILTER_B_RETURN candidate=14 eax=2
CANDIDATE_FILTER_A candidate=16 descriptor=
0x2bcc6a8:	0x02	0x00	0x03	0x00	0x00	0x01
Temporary breakpoint 27 at 0x10024808
CANDIDATE_CONTEXT call=21 args=
0x667650:	0x10024119	0x02ae0ee7	0x00000010	0x02ae0020
0x667660:	0x014bf198
#0  0x10018770 in vt_eng!VT_CsvParser_IsCsv_ENG () from /samples/vt_pau.dll
#1  0x10024808 in vt_eng!VT_GetDefUserDictRelativeName_ENG ()
   from /samples/vt_pau.dll
CANDIDATE_FILTER_A_RETURN candidate=16 eax=0
CANDIDATE_FILTER_B candidate=16 descriptor=
0x2bcc6a8:	0x02	0x00	0x03	0x05	0x00	0x01
Temporary breakpoint 28 at 0x1002481e
CANDIDATE_CONTEXT call=22 args=
0x66763c:	0x100243d5	0x02ae0ee7	0x00000010	0x02ae0020
0x66764c:	0x014bf198
#0  0x10018770 in vt_eng!VT_CsvParser_IsCsv_ENG () from /samples/vt_pau.dll
#1  0x1002481e in vt_eng!VT_GetDefUserDictRelativeName_ENG ()
   from /samples/vt_pau.dll
CANDIDATE_CONTEXT call=23 args=
0x66763c:	0x100243d5	0x02ae0ee7	0x00000011	0x02ae0020
0x66764c:	0x014bf198
#0  0x10018770 in vt_eng!VT_CsvParser_IsCsv_ENG () from /samples/vt_pau.dll
#1  0x1002481e in vt_eng!VT_GetDefUserDictRelativeName_ENG ()
   from /samples/vt_pau.dll
CANDIDATE_FILTER_B_RETURN candidate=16 eax=2
CANDIDATE_BUILD_RETURN word_index=0 count=18 eax=0x12
CANDIDATE_DESC index=0 bytes:
0x2bcc648:	0x00	0x00	0x00	0x00	0x00	0x01
CANDIDATE_DESC index=1 bytes:
0x2bcc64e:	0x00	0x00	0x01	0x01	0x00	0x00
CANDIDATE_DESC index=2 bytes:
0x2bcc654:	0x00	0x00	0x02	0x02	0x00	0x00
CANDIDATE_DESC index=3 bytes:
0x2bcc65a:	0x01	0x00	0x00	0x00	0x00	0x00
CANDIDATE_DESC index=4 bytes:
0x2bcc660:	0x01	0x01	0x01	0x01	0x00	0x00
CANDIDATE_DESC index=5 bytes:
0x2bcc666:	0x01	0x01	0x02	0x02	0x00	0x00
CANDIDATE_DESC index=6 bytes:
0x2bcc66c:	0x01	0x02	0x03	0x03	0x00	0x01
CANDIDATE_DESC index=7 bytes:
0x2bcc672:	0x01	0x02	0x04	0x04	0x00	0x00
CANDIDATE_DESC index=8 bytes:
0x2bcc678:	0x01	0x03	0x05	0x05	0x00	0x00
CANDIDATE_DESC index=9 bytes:
0x2bcc67e:	0x01	0x03	0x06	0x06	0x01	0x00
CANDIDATE_DESC index=10 bytes:
0x2bcc684:	0x01	0x03	0x06	0x07	0x02	0x00
CANDIDATE_DESC index=11 bytes:
0x2bcc68a:	0x02	0x00	0x00	0x00	0x00	0x01
CANDIDATE_DESC index=12 bytes:
0x2bcc690:	0x02	0x00	0x01	0x01	0x01	0x00
CANDIDATE_DESC index=13 bytes:
0x2bcc696:	0x02	0x00	0x01	0x02	0x02	0x00
CANDIDATE_DESC index=14 bytes:
0x2bcc69c:	0x02	0x00	0x02	0x03	0x01	0x00
CANDIDATE_DESC index=15 bytes:
0x2bcc6a2:	0x02	0x00	0x02	0x04	0x02	0x00
CANDIDATE_DESC index=16 bytes:
0x2bcc6a8:	0x02	0x00	0x03	0x05	0x01	0x01
CANDIDATE_DESC index=17 bytes:
0x2bcc6ae:	0x02	0x00	0x03	0x06	0x02	0x01
CANDIDATE_SCORE_ENTER candidate=0
Temporary breakpoint 29 at 0x100249d5
CANDIDATE_SCORE_RETURN candidate=0 count=30 metrics:
0x2b6214c:	0	0	0	0
0x2b6215c:	0	0	0	0
0x2b6216c:	0	0	0	0
0x2b6217c:	0	0	0	0
0x2b6218c:	0	0	0	0
0x2b6219c:	0	0	0	0
0x2b621ac:	0	0	0	0
0x2b621bc:	0	0
CANDIDATE_SCORE_ENTER candidate=1
Temporary breakpoint 30 at 0x100248ce
CANDIDATE_SCORE_RETURN candidate=1 count=30 metrics:
0x2b621c4:	0	0	0	0
0x2b621d4:	0	0	0	0
0x2b621e4:	0	0	0	0
0x2b621f4:	0	0	0	0
0x2b62204:	0	0	0	0
0x2b62214:	0	0	0	0
0x2b62224:	0	0	0	0
0x2b62234:	0	0
CEP_SCORE_ENTER candidate=1
Temporary breakpoint 31 at 0x100248d6
CEP_SCORE_RETURN candidate=1 metrics:0x2b6214c:	0	0	0	0
0x2b6215c:	0.00181818171	0.00181818171	0.00181818171	0.00181818171
0x2b6216c:	0.00188679248	0.00188679248	0.00188679248	0.00188679248
0x2b6217c:	0.00188679248	0.00188679248	0.00714285765	0.00714285765
0x2b6218c:	0.00714285765	0.00714285765	0.00769230817	0.00769230817
0x2b6219c:	0.00769230817	0.00769230817	0.00769230817	0.0157894734
0x2b621ac:	0.0157894734	0.0157894734	0.0157894734	0.0157894734
0x2b621bc:	0.0176470596	0.0176470596
CANDIDATE_TRIM_ENTER candidate=1
Temporary breakpoint 32 at 0x100248df
CANDIDATE_TRIM_RETURN candidate=1 metrics:
0x2b621c4:	0.0339891016	0.156645715	0.255453199	5.39285326
0x2b621d4:	0.40584749	0.419945449	0.478979141	0.513992071
0x2b621e4:	0.797135234	1.1557653	2.58079123	2.59086394
0x2b621f4:	2.61676335	2.6441896	2.69811463	2.73476052
0x2b62204:	2.72203064	2.77054501	2.79575396	1.1557653
0x2b62214:	9.63051033	2.58079123	2.59086394	2.61676335
0x2b62224:	2.6441896	2.69811463	2.73476052	2.72203064
0x2b62234:	2.77054501	2.79575396
CANDIDATE_SCORE_ENTER candidate=2
Temporary breakpoint 33 at 0x100248ce
CANDIDATE_SCORE_RETURN candidate=2 count=30 metrics:
0x2b6223c:	0	0	0	0
0x2b6224c:	0	0	0	0
0x2b6225c:	0	0	0	0
0x2b6226c:	0	0	0	0
0x2b6227c:	0	0	0	0
0x2b6228c:	0	0	0	0
0x2b6229c:	0	0	0	0
0x2b622ac:	0	0
CEP_SCORE_ENTER candidate=2
Temporary breakpoint 34 at 0x100248d6
CEP_SCORE_RETURN candidate=2 metrics:
0x2b621c4:	0.0339891016	0.156645715	0.255453199	5.39285326
0x2b621d4:	0.40584749	0.419945449	0.478979141	0.513992071
0x2b621e4:	0.797135234	1.1557653	2.58079123	2.59086394
0x2b621f4:	2.61676335	2.6441896	2.69811463	2.73476052
0x2b62204:	2.72203064	2.77054501	2.79575396	1.1557653
0x2b62214:	9.63051033	2.58079123	2.59086394	2.61676335
0x2b62224:	2.6441896	2.69811463	2.73476052	2.72203064
0x2b62234:	2.77054501	2.79575396
CANDIDATE_TRIM_ENTER candidate=2
Temporary breakpoint 35 at 0x100248df
CANDIDATE_TRIM_RETURN candidate=2 metrics:
0x2b6223c:	78.6906128	16.606308	33.5421295	16.2213383
0x2b6224c:	10.5722408	11.6135521	14.26931	8.54853725
0x2b6225c:	14.3416548	9.90501404	9.66754341	9.29577732
0x2b6226c:	9.04397678	10.2565994	15.635128	10.0501709
0x2b6227c:	12.0700989	4.72349882	13.606864	12.8284378
0x2b6228c:	11.9011211	11.3119898	13.3888941	10.6871071
0x2b6229c:	15.1043253	10.7419291	11.6205206	18.3161087
0x2b622ac:	18.3161087	19.183363
CANDIDATE_SCORE_ENTER candidate=3
Temporary breakpoint 36 at 0x100248ce
CANDIDATE_SCORE_RETURN candidate=3 count=25 metrics:
0x2b622b4:	0	0	0	0
0x2b622c4:	0	0	0	0
0x2b622d4:	0	0	0	0
0x2b622e4:	0	0	0	0
0x2b622f4:	0	0	0	0
0x2b62304:	0	0	0	0
0x2b62314:	0	0	0	0
0x2b62324:	0	0
CEP_SCORE_ENTER candidate=3
Temporary breakpoint 37 at 0x100248d6
CEP_SCORE_RETURN candidate=3 metrics:
0x2b6223c:	78.6906128	16.606308	33.5421295	16.2213383
0x2b6224c:	10.5722408	11.6135521	14.26931	8.54853725
0x2b6225c:	14.3416548	9.90501404	9.66754341	9.29577732
0x2b6226c:	9.04397678	10.2565994	15.635128	10.0501709
0x2b6227c:	12.0700989	4.72349882	13.606864	12.8284378
0x2b6228c:	11.9011211	11.3119898	13.3888941	10.6871071
0x2b6229c:	15.1043253	10.7419291	11.6205206	18.3161087
0x2b622ac:	18.3161087	19.183363
CANDIDATE_TRIM_ENTER candidate=3
Temporary breakpoint 38 at 0x100248df
CANDIDATE_TRIM_RETURN candidate=3 metrics:
0x2b622b4:	19.6265049	14.6337967	16.9340057	17.9912834
0x2b622c4:	43.2190056	548.324951	557.024048	579.255676
0x2b622d4:	556.857666	24.8139687	12.0026188	19.2962189
0x2b622e4:	10.6622629	15.1734514	21.2978058	13.3328342
0x2b622f4:	15.4390755	28.005064	13.4221706	24.1585464
0x2b62304:	546.968018	12.1283722	14.8379421	14.3459301
0x2b62314:	12.2812052	0	0	0
0x2b62324:	0	0
CANDIDATE_SCORE_ENTER candidate=4
Temporary breakpoint 39 at 0x100248ce
CANDIDATE_SCORE_RETURN candidate=4 count=30 metrics:
0x2b6232c:	0	0	0	0
0x2b6233c:	0	0	0	0
0x2b6234c:	0	0	0	0
0x2b6235c:	0	0	0	0
0x2b6236c:	0	0	0	0
0x2b6237c:	0	0	0	0
0x2b6238c:	0	0	0	0
0x2b6239c:	0	0
CEP_SCORE_ENTER candidate=4
Temporary breakpoint 40 at 0x100248d6
CEP_SCORE_RETURN candidate=4 metrics:
0x2b622b4:	19.6265049	14.6337967	16.9340057	17.9912834
0x2b622c4:	43.2190056	548.324951	557.024048	579.255676
0x2b622d4:	556.857666	24.8139687	12.0026188	19.2962189
0x2b622e4:	10.6622629	15.1734514	21.2978058	13.3328342
0x2b622f4:	15.4390755	28.005064	13.4221706	24.1585464
0x2b62304:	546.968018	12.1283722	14.8379421	14.3459301
0x2b62314:	12.2812052	0	0	0
0x2b62324:	0	0
CANDIDATE_TRIM_ENTER candidate=4
Temporary breakpoint 41 at 0x100248df
CANDIDATE_TRIM_RETURN candidate=4 metrics:
0x2b6232c:	24.7218285	41.097374	21.791563	30.4659481
0x2b6233c:	26.1541824	22.2063274	31.8993263	18.3481121
0x2b6234c:	24.3273964	29.6284466	15.4474039	17.1370926
0x2b6235c:	27.6687393	20.2893753	16.7227879	20.3457451
0x2b6236c:	21.7207012	22.1357346	27.3391514	28.5800571
0x2b6237c:	17.0053253	20.4897003	17.9810028	13.2493191
0x2b6238c:	20.4897003	33.4576263	39.0068398	17.9810028
0x2b6239c:	33.0054016	13.2493191
CANDIDATE_SCORE_ENTER candidate=5
Temporary breakpoint 42 at 0x100248ce
CANDIDATE_SCORE_RETURN candidate=5 count=13 metrics:
0x2b623a4:	0	0	0	0
0x2b623b4:	0	0	0	0
0x2b623c4:	0	0	0	0
0x2b623d4:	0	0	0	0
0x2b623e4:	0	0	0	0
0x2b623f4:	0	0	0	0
0x2b62404:	0	0	0	0
0x2b62414:	0	0
CEP_SCORE_ENTER candidate=5
Temporary breakpoint 43 at 0x100248d6
CEP_SCORE_RETURN candidate=5 metrics:
0x2b6232c:	24.7218285	41.097374	21.791563	30.4659481
0x2b6233c:	26.1541824	22.2063274	31.8993263	18.3481121
0x2b6234c:	24.3273964	29.6284466	15.4474039	17.1370926
0x2b6235c:	27.6687393	20.2893753	16.7227879	20.3457451
0x2b6236c:	21.7207012	22.1357346	27.3391514	28.5800571
0x2b6237c:	17.0053253	20.4897003	17.9810028	13.2493191
0x2b6238c:	20.4897003	33.4576263	39.0068398	17.9810028
0x2b6239c:	33.0054016	13.2493191
CANDIDATE_TRIM_ENTER candidate=5
Temporary breakpoint 44 at 0x100248df
CANDIDATE_TRIM_RETURN candidate=5 metrics:
0x2b623a4:	24.9194832	24.4452896	26.122982	23.1533127
0x2b623b4:	22.6156673	20.5486145	21.6868286	48.746582
0x2b623c4:	33.0303421	40.799984	35.1067352	37.8283005
0x2b623d4:	42.4399529	0	0	0
0x2b623e4:	0	0	0	0
0x2b623f4:	0	0	0	0
0x2b62404:	0	0	0	0
0x2b62414:	0	0
CANDIDATE_SCORE_ENTER candidate=6
Temporary breakpoint 45 at 0x100248ce
CANDIDATE_SCORE_RETURN candidate=6 count=30 metrics:
0x2b6241c:	0	0	0	0
0x2b6242c:	0	0	0	0
0x2b6243c:	0	0	0	0
0x2b6244c:	0	0	0	0
0x2b6245c:	0	0	0	0
0x2b6246c:	0	0	0	0
0x2b6247c:	0	0	0	0
0x2b6248c:	0	0
CEP_SCORE_ENTER candidate=6
Temporary breakpoint 46 at 0x100248d6
CEP_SCORE_RETURN candidate=6 metrics:
0x2b623a4:	24.9194832	24.4452896	26.122982	23.1533127
0x2b623b4:	22.6156673	20.5486145	21.6868286	48.746582
0x2b623c4:	33.0303421	40.799984	35.1067352	37.8283005
0x2b623d4:	42.4399529	0	0	0
0x2b623e4:	0	0	0	0
0x2b623f4:	0	0	0	0
0x2b62404:	0	0	0	0
0x2b62414:	0	0
CANDIDATE_TRIM_ENTER candidate=6
Temporary breakpoint 47 at 0x100248df
CANDIDATE_TRIM_RETURN candidate=6 metrics:
0x2b6241c:	24.9194832	24.4550457	26.1279202	31.2629814
0x2b6242c:	23.1545143	22.616806	29.570961	20.5498161
0x2b6243c:	21.7077446	28.7527618	38.6333809	39.1881943
0x2b6244c:	28.8024406	30.1383133	33.6056671	35.1143341
0x2b6245c:	36.2382698	37.4556427	54.0107346	34.3482246
0x2b6246c:	36.3493462	44.9279709	71.2921524	75.2086792
0x2b6247c:	89.9725037	75.0250778	73.591156	73.5549393
0x2b6248c:	286.976959	111.440231
CANDIDATE_SCORE_ENTER candidate=7
Temporary breakpoint 48 at 0x100248ce
CANDIDATE_SCORE_RETURN candidate=7 count=30 metrics:
0x2b62494:	0	0	0	0
0x2b624a4:	0	0	0	0
0x2b624b4:	0	0	0	0
0x2b624c4:	0	0	0	0
0x2b624d4:	0	0	0	0
0x2b624e4:	0	0	0	0
0x2b624f4:	0	0	0	0
0x2b62504:	0	0
CEP_SCORE_ENTER candidate=7
Temporary breakpoint 49 at 0x100248d6
CEP_SCORE_RETURN candidate=7 metrics:
0x2b6241c:	24.9194832	24.4550457	26.1279202	31.2629814
0x2b6242c:	23.1545143	22.616806	29.570961	20.5498161
0x2b6243c:	21.7077446	28.7527618	38.6333809	39.1881943
0x2b6244c:	28.8024406	30.1383133	33.6056671	35.1143341
0x2b6245c:	36.2382698	37.4556427	54.0107346	34.3482246
0x2b6246c:	36.3493462	44.9279709	71.2921524	75.2086792
0x2b6247c:	89.9725037	75.0250778	73.591156	73.5549393
0x2b6248c:	286.976959	111.440231
CANDIDATE_TRIM_ENTER candidate=7
Temporary breakpoint 50 at 0x100248df
CANDIDATE_TRIM_RETURN candidate=7 metrics:
0x2b62494:	25.5288525	25.3531342	27.8363342	39.1898727
0x2b624a4:	29.7887993	25.7460651	22.9326363	34.7675514
0x2b624b4:	24.6629887	23.0927448	31.5512733	38.7433586
0x2b624c4:	39.7506409	29.5639343	34.3784218	28.4052448
0x2b624d4:	35.1508369	35.8942528	43.3569641	39.9889679
0x2b624e4:	40.5243912	40.5294228	41.667099	37.7471886
0x2b624f4:	46.9847717	43.086792	38.4649811	42.1414795
0x2b62504:	40.1720314	43.1240158
CANDIDATE_SCORE_ENTER candidate=8
Temporary breakpoint 51 at 0x100248ce
CANDIDATE_SCORE_RETURN candidate=8 count=30 metrics:
0x2b6250c:	0	0	0	0
0x2b6251c:	0	0	0	0
0x2b6252c:	0	0	0	0
0x2b6253c:	0	0	0	0
0x2b6254c:	0	0	0	0
0x2b6255c:	0	0	0	0
0x2b6256c:	0	0	0	0
0x2b6257c:	0	0
CEP_SCORE_ENTER candidate=8
Temporary breakpoint 52 at 0x100248d6
CEP_SCORE_RETURN candidate=8 metrics:
0x2b62494:	25.5288525	25.3531342	27.8363342	39.1898727
0x2b624a4:	29.7887993	25.7460651	22.9326363	34.7675514
0x2b624b4:	24.6629887	23.0927448	31.5512733	38.7433586
0x2b624c4:	39.7506409	29.5639343	34.3784218	28.4052448
0x2b624d4:	35.1508369	35.8942528	43.3569641	39.9889679
0x2b624e4:	40.5243912	40.5294228	41.667099	37.7471886
0x2b624f4:	46.9847717	43.086792	38.4649811	42.1414795
0x2b62504:	40.1720314	43.1240158
CANDIDATE_TRIM_ENTER candidate=8
Temporary breakpoint 53 at 0x100248df
CANDIDATE_TRIM_RETURN candidate=8 metrics:
0x2b6250c:	30.7873764	45.8763008	43.45401	25.6803493
0x2b6251c:	34.5074081	25.8633289	23.383625	28.6178188
0x2b6252c:	25.392643	40.4378357	24.6488209	44.5217743
0x2b6253c:	34.8559341	29.5770378	30.4088135	40.4325142
0x2b6254c:	28.4703102	34.0558586	46.9819641	31.4466934
0x2b6255c:	41.9476395	52.6157875	34.1198959	48.1412697
0x2b6256c:	45.7681198	39.2686729	54.2864571	42.2931786
0x2b6257c:	39.2686729	54.2864571
CANDIDATE_SCORE_ENTER candidate=9
Temporary breakpoint 54 at 0x100248ce
CANDIDATE_SCORE_RETURN candidate=9 count=30 metrics:
0x2b62584:	0	0	0	0
0x2b62594:	0	0	0	0
0x2b625a4:	0	0	0	0
0x2b625b4:	0	0	0	0
0x2b625c4:	0	0	0	0
0x2b625d4:	0	0	0	0
0x2b625e4:	0	0	0	0
0x2b625f4:	0	0
CEP_SCORE_ENTER candidate=9
Temporary breakpoint 55 at 0x100248d6
CEP_SCORE_RETURN candidate=9 metrics:
0x2b6250c:	30.7873764	45.8763008	43.45401	25.6803493
0x2b6251c:	34.5074081	25.8633289	23.383625	28.6178188
0x2b6252c:	25.392643	40.4378357	24.6488209	44.5217743
0x2b6253c:	34.8559341	29.5770378	30.4088135	40.4325142
0x2b6254c:	28.4703102	34.0558586	46.9819641	31.4466934
0x2b6255c:	41.9476395	52.6157875	34.1198959	48.1412697
0x2b6256c:	45.7681198	39.2686729	54.2864571	42.2931786
0x2b6257c:	39.2686729	54.2864571
CANDIDATE_TRIM_ENTER candidate=9
Temporary breakpoint 56 at 0x100248df
CANDIDATE_TRIM_RETURN candidate=9 metrics:
0x2b62584:	28.3943291	34.0245171	33.5032043	32.8752289
0x2b62594:	43.6412048	45.451149	49.752388	38.1709137
0x2b625a4:	41.1024742	31.6011162	40.1169472	41.0278664
0x2b625b4:	34.8735962	38.6360435	36.4243546	37.2631264
0x2b625c4:	43.0240784	42.6067352	43.8576736	61.9408073
0x2b625d4:	36.530571	42.0467682	39.0062485	41.0732269
0x2b625e4:	37.8027344	42.0467682	39.0062485	45.1143456
0x2b625f4:	41.0732269	37.8027344
CANDIDATE_SCORE_ENTER candidate=10
Temporary breakpoint 57 at 0x100248ce
CANDIDATE_SCORE_RETURN candidate=10 count=30 metrics:
0x2b625fc:	0	0	0	0
0x2b6260c:	0	0	0	0
0x2b6261c:	0	0	0	0
0x2b6262c:	0	0	0	0
0x2b6263c:	0	0	0	0
0x2b6264c:	0	0	0	0
0x2b6265c:	0	0	0	0
0x2b6266c:	0	0
CEP_SCORE_ENTER candidate=10
Temporary breakpoint 58 at 0x100248d6
CEP_SCORE_RETURN candidate=10 metrics:
0x2b62584:	28.3943291	34.0245171	33.5032043	32.8752289
0x2b62594:	43.6412048	45.451149	49.752388	38.1709137
0x2b625a4:	41.1024742	31.6011162	40.1169472	41.0278664
0x2b625b4:	34.8735962	38.6360435	36.4243546	37.2631264
0x2b625c4:	43.0240784	42.6067352	43.8576736	61.9408073
0x2b625d4:	36.530571	42.0467682	39.0062485	41.0732269
0x2b625e4:	37.8027344	42.0467682	39.0062485	45.1143456
0x2b625f4:	41.0732269	37.8027344
CANDIDATE_TRIM_ENTER candidate=10
Temporary breakpoint 59 at 0x100248df
CANDIDATE_TRIM_RETURN candidate=10 metrics:
0x2b625fc:	37.1859131	52.8079109	46.2990341	52.9153023
0x2b6260c:	47.9325104	44.7177849	42.6138039	44.6957779
0x2b6261c:	61.7859802	44.0061188	43.1013412	40.2144814
0x2b6262c:	46.4173088	50.5768356	67.2452698	39.4851265
0x2b6263c:	47.0276718	65.0148926	50.842865	44.6653595
0x2b6264c:	50.1573296	49.5880737	46.9071693	51.045063
0x2b6265c:	48.3532143	49.5773125	47.8993912	48.3532143
0x2b6266c:	49.5773125	47.8993912
CANDIDATE_SCORE_ENTER candidate=11
Temporary breakpoint 60 at 0x100248ce
CANDIDATE_SCORE_RETURN candidate=11 count=30 metrics:
0x2b62674:	0	0	0	0
0x2b62684:	0	0	0	0
0x2b62694:	0	0	0	0
0x2b626a4:	0	0	0	0
0x2b626b4:	0	0	0	0
0x2b626c4:	0	0	0	0
0x2b626d4:	0	0	0	0
0x2b626e4:	0	0
CEP_SCORE_ENTER candidate=11
Temporary breakpoint 61 at 0x100248d6
CEP_SCORE_RETURN candidate=11 metrics:
0x2b625fc:	37.1859131	52.8079109	46.2990341	52.9153023
0x2b6260c:	47.9325104	44.7177849	42.6138039	44.6957779
0x2b6261c:	61.7859802	44.0061188	43.1013412	40.2144814
0x2b6262c:	46.4173088	50.5768356	67.2452698	39.4851265
0x2b6263c:	47.0276718	65.0148926	50.842865	44.6653595
0x2b6264c:	50.1573296	49.5880737	46.9071693	51.045063
0x2b6265c:	48.3532143	49.5773125	47.8993912	48.3532143
0x2b6266c:	49.5773125	47.8993912
CANDIDATE_TRIM_ENTER candidate=11
Temporary breakpoint 62 at 0x100248df
CANDIDATE_TRIM_RETURN candidate=11 metrics:
0x2b62674:	55.9724731	45.8792763	42.55476	44.1423759
0x2b62684:	45.5250282	52.3559608	45.0390205	44.9373055
0x2b62694:	43.2312698	65.9148941	93.3710022	47.0995483
0x2b626a4:	45.4907036	43.4835777	81.8987503	45.8510094
0x2b626b4:	52.9311218	53.402771	54.3460579	46.960125
0x2b626c4:	55.26474	52.5427017	50.0119057	1065.44482
0x2b626d4:	1064.9978	1062.43372	1062.16675	1056.52783
0x2b626e4:	1057.13086	1059.89014
CANDIDATE_SCORE_ENTER candidate=12
Temporary breakpoint 63 at 0x100248ce
CANDIDATE_SCORE_RETURN candidate=12 count=30 metrics:
0x2b626ec:	0	0	0	0
0x2b626fc:	0	0	0	0
0x2b6270c:	0	0	0	0
0x2b6271c:	0	0	0	0
0x2b6272c:	0	0	0	0
0x2b6273c:	0	0	0	0
0x2b6274c:	0	0	0	0
0x2b6275c:	0	0
CEP_SCORE_ENTER candidate=12
Temporary breakpoint 64 at 0x100248d6
CEP_SCORE_RETURN candidate=12 metrics:
0x2b62674:	55.9724731	45.8792763	42.55476	44.1423759
0x2b62684:	45.5250282	52.3559608	45.0390205	44.9373055
0x2b62694:	43.2312698	65.9148941	93.3710022	47.0995483
0x2b626a4:	45.4907036	43.4835777	81.8987503	45.8510094
0x2b626b4:	52.9311218	53.402771	54.3460579	46.960125
0x2b626c4:	55.26474	52.5427017	50.0119057	1065.44482
0x2b626d4:	1064.9978	1062.43372	1062.16675	1056.52783
0x2b626e4:	1057.13086	1059.89014
CANDIDATE_TRIM_ENTER candidate=12
Temporary breakpoint 65 at 0x100248df
CANDIDATE_TRIM_RETURN candidate=12 metrics:
0x2b626ec:	62.2668877	60.9219704	66.8024521	97.0921021
0x2b626fc:	96.038147	96.2371521	96.5201111	96.6801529
0x2b6270c:	93.9747314	100.552444	104.588226	117.007706
0x2b6271c:	102.716881	96.6421661	99.3009796	97.1849365
0x2b6272c:	105.647484	104.595459	98.5057678	104.289925
0x2b6273c:	108.638275	107.514542	113.637329	118.434692
0x2b6274c:	61.8993568	118.434692	315.378235	122.969101
0x2b6275c:	120.710213	61.8993568
CANDIDATE_SCORE_ENTER candidate=13
Temporary breakpoint 66 at 0x100248ce
CANDIDATE_SCORE_RETURN candidate=13 count=15 metrics:
0x2b62764:	0	0	0	0
0x2b62774:	0	0	0	0
0x2b62784:	0	0	0	0
0x2b62794:	0	0	0	0
0x2b627a4:	0	0	0	0
0x2b627b4:	0	0	0	0
0x2b627c4:	0	0	0	0
0x2b627d4:	0	0
CEP_SCORE_ENTER candidate=13
Temporary breakpoint 67 at 0x100248d6
CEP_SCORE_RETURN candidate=13 metrics:
0x2b626ec:	62.2668877	60.9219704	66.8024521	97.0921021
0x2b626fc:	96.038147	96.2371521	96.5201111	96.6801529
0x2b6270c:	93.9747314	100.552444	104.588226	117.007706
0x2b6271c:	102.716881	96.6421661	99.3009796	97.1849365
0x2b6272c:	105.647484	104.595459	98.5057678	104.289925
0x2b6273c:	108.638275	107.514542	113.637329	118.434692
0x2b6274c:	61.8993568	118.434692	315.378235	122.969101
0x2b6275c:	120.710213	61.8993568
CANDIDATE_TRIM_ENTER candidate=13
Temporary breakpoint 68 at 0x100248df
CANDIDATE_TRIM_RETURN candidate=13 metrics:
0x2b62764:	68.5730362	66.9337006	68.2346039	99.1658325
0x2b62774:	85.7147675	84.8900833	98.7083969	98.6029816
0x2b62784:	81.2060699	92.6495514	102.668106	98.6504745
0x2b62794:	92.6495514	102.668106	98.6504745	0
0x2b627a4:	0	0	0	0
0x2b627b4:	0	0	0	0
0x2b627c4:	0	0	0	0
0x2b627d4:	0	0
CANDIDATE_SCORE_ENTER candidate=14
Temporary breakpoint 69 at 0x100248ce
CANDIDATE_SCORE_RETURN candidate=14 count=30 metrics:
0x2b627dc:	0	0	0	0
0x2b627ec:	0	0	0	0
0x2b627fc:	0	0	0	0
0x2b6280c:	0	0	0	0
0x2b6281c:	0	0	0	0
0x2b6282c:	0	0	0	0
0x2b6283c:	0	0	0	0
0x2b6284c:	0	0
CEP_SCORE_ENTER candidate=14
Temporary breakpoint 70 at 0x100248d6
CEP_SCORE_RETURN candidate=14 metrics:
0x2b62764:	68.5730362	66.9337006	68.2346039	99.1658325
0x2b62774:	85.7147675	84.8900833	98.7083969	98.6029816
0x2b62784:	81.2060699	92.6495514	102.668106	98.6504745
0x2b62794:	92.6495514	102.668106	98.6504745	0
0x2b627a4:	0	0	0	0
0x2b627b4:	0	0	0	0
0x2b627c4:	0	0	0	0
0x2b627d4:	0	0
CANDIDATE_TRIM_ENTER candidate=14
Temporary breakpoint 71 at 0x100248df
CANDIDATE_TRIM_RETURN candidate=14 metrics:
0x2b627dc:	73.8064804	72.2563629	68.5386429	91.2325439
0x2b627ec:	103.826218	93.4268112	185.036026	193.769638
0x2b627fc:	204.967209	199.335281	244.204819	200.841721
0x2b6280c:	228.531067	292.129852	277.350952	303.894318
0x2b6281c:	251.061111	319.914551	321.461151	286.268036
0x2b6282c:	155.377106	238.222778	171.859436	331.27182
0x2b6283c:	336.056519	178.932526	304.83548	161.530716
0x2b6284c:	251.621674	399.647156
CANDIDATE_SCORE_ENTER candidate=15
Temporary breakpoint 72 at 0x100248ce
CANDIDATE_SCORE_RETURN candidate=15 count=30 metrics:
0x2b62854:	0	0	0	0
0x2b62864:	0	0	0	0
0x2b62874:	0	0	0	0
0x2b62884:	0	0	0	0
0x2b62894:	0	0	0	0
0x2b628a4:	0	0	0	0
0x2b628b4:	0	0	0	0
0x2b628c4:	0	0
CEP_SCORE_ENTER candidate=15
Temporary breakpoint 73 at 0x100248d6
CEP_SCORE_RETURN candidate=15 metrics:
0x2b627dc:	73.8064804	72.2563629	68.5386429	91.2325439
0x2b627ec:	103.826218	93.4268112	185.036026	193.769638
0x2b627fc:	204.967209	199.335281	244.204819	200.841721
0x2b6280c:	228.531067	292.129852	277.350952	303.894318
0x2b6281c:	251.061111	319.914551	321.461151	286.268036
0x2b6282c:	155.377106	238.222778	171.859436	331.27182
0x2b6283c:	336.056519	178.932526	304.83548	161.530716
0x2b6284c:	251.621674	399.647156
CANDIDATE_TRIM_ENTER candidate=15
Temporary breakpoint 74 at 0x100248df
CANDIDATE_TRIM_RETURN candidate=15 metrics:
0x2b62854:	78.9640198	77.6013718	68.796875	150.005142
0x2b62864:	135.984985	168.121231	138.061981	136.556274
0x2b62874:	134.744095	145.766525	184.118683	136.386154
0x2b62884:	139.906433	137.938614	141.256714	192.790955
0x2b62894:	133.987991	138.168701	137.905136	133.078293
0x2b628a4:	145.044739	138.725586	139.142792	135.335236
0x2b628b4:	146.101288	140.498764	186.228897	149.776291
0x2b628c4:	161.686157	140.087128
CANDIDATE_SCORE_ENTER candidate=16
Temporary breakpoint 75 at 0x100248ce
CANDIDATE_SCORE_RETURN candidate=16 count=30 metrics:
0x2b628cc:	0	0	0	0
0x2b628dc:	0	0	0	0
0x2b628ec:	0	0	0	0
0x2b628fc:	0	0	0	0
0x2b6290c:	0	0	0	0
0x2b6291c:	0	0	0	0
0x2b6292c:	0	0	0	0
0x2b6293c:	0	0
CEP_SCORE_ENTER candidate=16
Temporary breakpoint 76 at 0x100248d6
CEP_SCORE_RETURN candidate=16 metrics:
0x2b62854:	78.9640198	77.6013718	68.796875	150.005142
0x2b62864:	135.984985	168.121231	138.061981	136.556274
0x2b62874:	134.744095	145.766525	184.118683	136.386154
0x2b62884:	139.906433	137.938614	141.256714	192.790955
0x2b62894:	133.987991	138.168701	137.905136	133.078293
0x2b628a4:	145.044739	138.725586	139.142792	135.335236
0x2b628b4:	146.101288	140.498764	186.228897	149.776291
0x2b628c4:	161.686157	140.087128
CANDIDATE_TRIM_ENTER candidate=16
Temporary breakpoint 77 at 0x100248df
CANDIDATE_TRIM_RETURN candidate=16 metrics:
0x2b628cc:	78.1113281	80.1844482	68.8186951	122.225739
0x2b628dc:	163.541992	144.362427	142.761169	145.804184
0x2b628ec:	140.027161	128.074036	165.941711	131.237625
0x2b628fc:	148.558151	150.988419	125.940582	138.034119
0x2b6290c:	134.531128	131.714188	138.788574	133.907028
0x2b6291c:	141.276611	150.988419	125.940582	138.034119
0x2b6292c:	134.531128	131.714188	138.788574	133.907028
0x2b6293c:	141.276611	192.787125
CANDIDATE_SCORE_ENTER candidate=17
Temporary breakpoint 78 at 0x100248ce
CANDIDATE_SCORE_RETURN candidate=17 count=30 metrics:
0x2b62944:	0	0	0	0
0x2b62954:	0	0	0	0
0x2b62964:	0	0	0	0
0x2b62974:	0	0	0	0
0x2b62984:	0	0	0	0
0x2b62994:	0	0	0	0
0x2b629a4:	0	0	0	0
0x2b629b4:	0	0
CEP_SCORE_ENTER candidate=17
Temporary breakpoint 79 at 0x100248d6
CEP_SCORE_RETURN candidate=17 metrics:
0x2b628cc:	78.1113281	80.1844482	68.8186951	122.225739
0x2b628dc:	163.541992	144.362427	142.761169	145.804184
0x2b628ec:	140.027161	128.074036	165.941711	131.237625
0x2b628fc:	148.558151	150.988419	125.940582	138.034119
0x2b6290c:	134.531128	131.714188	138.788574	133.907028
0x2b6291c:	141.276611	150.988419	125.940582	138.034119
0x2b6292c:	134.531128	131.714188	138.788574	133.907028
0x2b6293c:	141.276611	192.787125
CANDIDATE_TRIM_ENTER candidate=17
Temporary breakpoint 80 at 0x100248df
CANDIDATE_TRIM_RETURN candidate=17 metrics:
0x2b62944:	78.7661591	82.7675247	83.4384689	84.477356
0x2b62954:	85.697464	91.2787933	97.2348557	86.3907166
0x2b62964:	94.0475235	89.7055054	86.0918274	97.9697342
0x2b62974:	97.6558762	86.8430099	89.1613235	96.0818329
0x2b62984:	89.0921249	89.2759857	96.0479431	95.9805145
0x2b62994:	85.4748535	97.3085175	87.1055832	89.2759857
0x2b629a4:	96.0479431	95.9805145	85.4748535	159.802353
0x2b629b4:	97.3085175	87.1055832
CANDIDATE_RANK_ENTER first=0 last=17
Temporary breakpoint 81 at 0x10024a30
CANDIDATE_RANK_RETURN first=0 last=17 selected=0 metrics:
0x2b62944:	78.7661591	82.7675247	83.4384689	84.477356
0x2b62954:	85.697464	91.2787933	97.2348557	86.3907166
0x2b62964:	94.0475235	89.7055054	86.0918274	97.9697342
0x2b62974:	97.6558762	86.8430099	89.1613235	96.0818329
0x2b62984:	89.0921249	89.2759857	96.0479431	95.9805145
0x2b62994:	85.4748535	97.3085175	87.1055832	89.2759857
0x2b629a4:	96.0479431	95.9805145	85.4748535	159.802353
0x2b629b4:	97.3085175	87.1055832
SELECTED_UNIT id=130018
SELECTED_UNIT id=130019
SELECTED_UNIT id=121167
SELECTED_UNIT id=130761
SELECTED_UNIT id=393744
SELECTED_UNIT id=393745
SELECTED_UNIT id=393746
SELECTED_UNIT id=393747
SELECTED_UNIT id=393748
SELECTED_UNIT id=39511
SELECTED_UNIT id=39511
SELECTED_UNIT id=381245
SELECTED_UNIT id=320181
SELECTED_UNIT id=320181
SELECTED_UNIT id=320182
SELECTED_UNIT id=320182
SELECTED_UNIT id=320183
SELECTED_UNIT id=471019
SELECTED_UNIT id=121166
SELECTED_UNIT id=130020
SELECTED_UNIT id=130760
SELECTED_UNIT id=121168
SELECTED_UNIT id=393743
SELECTED_UNIT id=130762
SELECTED_UNIT id=39510
SELECTED_UNIT id=393749
SELECTED_UNIT id=381244
SELECTED_UNIT id=39512
SELECTED_UNIT id=320180
SELECTED_UNIT id=381246
SELECTED_UNIT id=471019
SELECTED_UNIT id=320183
[Inferior 1 (Remote target) exited normally]
Wine-gdb> 0114:0118: create process 'Z:\samples\voicetext_paul.exe'/00000000 @004014C0 (450560<1847>)
0114:0118: create thread I @004014C0
0114:0118: loads DLL C:\windows\system32\ntdll.dll @7BD10000 (2994176<5095>)
0114:0118: loads DLL C:\windows\system32\kernel32.dll @7BB90000 (1466368<19395>)
0114:0118: loads DLL C:\windows\system32\kernelbase.dll @7B650000 (5410816<14148>)
0114:0118: loads DLL C:\windows\system32\msvcrt.dll @7B2A0000 (2715648<8214>)
0114:0118: loads DLL Z:\samples\vt_pau.dll @10000000 (0<0>)
0114:0118: loads DLL C:\windows\system32\WINMM.dll @78EC0000 (1474560<4890>)
0114:0118: loads DLL C:\windows\system32\advapi32.dll @7B550000 (958464<7400>)
0114:0118: loads DLL C:\windows\system32\sechost.dll @7B200000 (565248<3163>)
0114:0118: loads DLL C:\windows\system32\ucrtbase.dll @7AEE0000 (3198976<11541>)
0114:0118: loads DLL C:\windows\system32\msacm32.dll @78E40000 (413696<1982>)
0114:0118: loads DLL C:\windows\system32\user32.dll @7A160000 (5005312<14159>)
0114:0118: loads DLL Z:\samples\zlib1.dll @7A120000 (135680<0>)
0114:0118: loads DLL C:\windows\system32\gdi32.dll @7A640000 (2355200<7390>)
0114:0118: loads DLL C:\windows\system32\win32u.dll @7A0D0000 (221184<1966>)
0114:0118: loads DLL C:\windows\system32\ole32.dll @7A9F0000 (4440064<14323>)
0114:0118: loads DLL C:\windows\system32\combase.dll @7A890000 (1314816<7562>)
0114:0118: loads DLL C:\windows\system32\rpcrt4.dll @79EA0000 (2162688<9274>)
0114:0118: loads DLL C:\windows\system32\coml2.dll @79E40000 (262144<3883>)
0114:0118: loads DLL C:\windows\system32\iphlpapi.dll @779C0000 (487424<4777>)
0114:0118: loads DLL C:\windows\system32\dnsapi.dll @77970000 (258048<1399>)
0114:0118: loads DLL C:\windows\system32\nsi.dll @77940000 (118784<823>)
0114:0118: loads DLL C:\windows\system32\ws2_32.dll @7AE40000 (565248<2279>)
0114:0118: loads DLL C:\windows\system32\tzres.dll @009C0000 (0<0>)
00000114:00000118: unload DLL @009C0000
0114:0118: loads DLL C:\windows\system32\tzres.dll @009C0000 (0<0>)
00000114:00000118: unload DLL @009C0000
0114:0118: loads DLL C:\windows\system32\imm32.dll @782F0000 (401408<2996>)
0114:0118: loads DLL C:\windows\system32\winex11.drv @780F0000 (307200<4314>)
0114:0118: loads DLL C:\windows\system32\uxtheme.dll @78030000 (671744<3646>)
00000114:00000118: exit process (0)
X connection to :99 broken (explicit kill or server shutdown).
