GNU gdb (Ubuntu 15.1-1ubuntu1~24.04.1) 15.1
Copyright (C) 2024 Free Software Foundation, Inc.
License GPLv3+: GNU GPL version 3 or later <http://gnu.org/licenses/gpl.html>
This is free software: you are free to change and redistribute it.
There is NO WARRANTY, to the extent permitted by law.
Type "show copying" and "show warranty" for details.
This GDB was configured as "x86_64-linux-gnu".
Type "show configuration" for configuration details.
For bug reporting instructions, please see:
<https://www.gnu.org/software/gdb/bugs/>.
Find the GDB manual and other documentation resources online at:
    <http://www.gnu.org/software/gdb/documentation/>.

For help, type "help".
Type "apropos word" to search for commands related to "word".
warning: remote target does not support file transfer, attempting to access files from local filesystem.
Reading symbols from /samples/voicetext_paul.exe...
0x7bd64525 in DbgBreakPoint@0 ()
   from /usr/lib/i386-linux-gnu/wine/i386-windows/ntdll.dll
Wine-gdb> Wine-gdb> Wine-gdb> Wine-gdb> Signal        Stop	Print	Pass to program	Description
SIGSEGV       No	No	Yes		Segmentation fault
Wine-gdb> Signal        Stop	Print	Pass to program	Description
SIGSEGV       No	No	Yes		Segmentation fault
Wine-gdb> Breakpoint 1 at 0x10007520
Wine-gdb> >>>>>>> > > > > > > >>> > > >  >  >  >  >  >  >  > > >>>Wine-gdb> Wine-gdb> Breakpoint 2 at 0x1001b200
Wine-gdb> >>>>Wine-gdb> Wine-gdb> Continuing.
EFFECT_UPSTREAM row=0 source=0 code25=0 class26=0 surface=0x14e1500:	"Does"
EFFECT_UPSTREAM row=1 source=1 code25=0 class26=0 surface=
0x14e1594:	"everybody"
EFFECT_UPSTREAM row=2 source=2 code25=0 class26=0 surface=0x14e1628:	"know"
EFFECT_UPSTREAM row=3 source=2 code25=0 class26=0 surface=0x14e1628:	"know"
Temporary breakpoint 3 at 0x1000e365
EFFECT_ROW index=0 source=0 flags=0x1 surface=0x16f057d:	"Does"
EFFECT_ROW_CODE index=0 bytes:
0x16f059b:	0x15	0x08	0x44	0x00	0x00	0x00	0x00	0x00
0x16f05a3:	0x00	0x00	0x00	0x00	0x00	0x00	0x00	0x00
EFFECT_ROW index=1 source=1 flags=0x1 surface=0x16f05ed:	"everybody"
EFFECT_ROW_CODE index=1 bytes:
0x16f060b:	0x18	0x41	0x36	0x26	0x63	0x13	0x09	0x15
0x16f0613:	0x26	0x00	0x00	0x00	0x00	0x00	0x00	0x00
EFFECT_ROW index=2 source=2 flags=0x50 surface=0x16f065d:	"know"
EFFECT_ROW_CODE index=2 bytes:
0x16f067b:	0x2d	0x30	0x00	0x00	0x00	0x00	0x00	0x00
0x16f0683:	0x00	0x00	0x00	0x00	0x00	0x00	0x00	0x00
EFFECT_ROW index=3 source=2 flags=0 surface=0x16f06cd:	"?"
EFFECT_ROW_CODE index=3 bytes:
0x16f06eb:	0x00	0x00	0x00	0x00	0x00	0x00	0x00	0x00
0x16f06f3:	0x00	0x00	0x00	0x00	0x00	0x00	0x00	0x00
EFFECT_SELECTED_UNIT id=326980
EFFECT_SELECTED_UNIT id=326981
EFFECT_SELECTED_UNIT id=397062
EFFECT_SELECTED_UNIT id=263391
EFFECT_SELECTED_UNIT id=276432
EFFECT_SELECTED_UNIT id=276433
EFFECT_SELECTED_UNIT id=276434
EFFECT_SELECTED_UNIT id=276435
EFFECT_SELECTED_UNIT id=276436
EFFECT_SELECTED_UNIT id=276437
EFFECT_SELECTED_UNIT id=276438
EFFECT_SELECTED_UNIT id=266602
EFFECT_SELECTED_UNIT id=471279
EFFECT_SELECTED_UNIT id=397838
EFFECT_SELECTED_UNIT id=397838
EFFECT_SELECTED_UNIT id=397061
EFFECT_SELECTED_UNIT id=326982
EFFECT_SELECTED_UNIT id=263390
EFFECT_SELECTED_UNIT id=397063
EFFECT_SELECTED_UNIT id=276431
EFFECT_SELECTED_UNIT id=263392
EFFECT_SELECTED_UNIT id=266602
EFFECT_SELECTED_UNIT id=276438
EFFECT_SELECTED_UNIT id=471278
EFFECT_SELECTED_UNIT id=266603
EFFECT_SELECTED_UNIT id=397837
EFFECT_SELECTED_UNIT id=471280
[Inferior 1 (Remote target) exited normally]
Wine-gdb> 015c:0160: create process 'Z:\samples\voicetext_paul.exe'/00000000 @004014C0 (450560<1847>)
015c:0160: create thread I @004014C0
015c:0160: loads DLL C:\windows\system32\ntdll.dll @7BD10000 (2994176<5095>)
015c:0160: loads DLL C:\windows\system32\kernel32.dll @7BB90000 (1466368<19395>)
015c:0160: loads DLL C:\windows\system32\kernelbase.dll @7B650000 (5410816<14148>)
015c:0160: loads DLL C:\windows\system32\msvcrt.dll @7B2A0000 (2715648<8214>)
015c:0160: loads DLL Z:\samples\vt_pau.dll @10000000 (0<0>)
015c:0160: loads DLL C:\windows\system32\WINMM.dll @78A80000 (1474560<4890>)
015c:0160: loads DLL C:\windows\system32\advapi32.dll @7B550000 (958464<7400>)
015c:0160: loads DLL C:\windows\system32\sechost.dll @7B200000 (565248<3163>)
015c:0160: loads DLL C:\windows\system32\ucrtbase.dll @7AEE0000 (3198976<11541>)
015c:0160: loads DLL C:\windows\system32\msacm32.dll @78A00000 (413696<1982>)
015c:0160: loads DLL C:\windows\system32\user32.dll @7A160000 (5005312<14159>)
015c:0160: loads DLL Z:\samples\zlib1.dll @7A120000 (135680<0>)
015c:0160: loads DLL C:\windows\system32\gdi32.dll @7A640000 (2355200<7390>)
015c:0160: loads DLL C:\windows\system32\win32u.dll @7A0D0000 (221184<1966>)
015c:0160: loads DLL C:\windows\system32\ole32.dll @7A9F0000 (4440064<14323>)
015c:0160: loads DLL C:\windows\system32\combase.dll @7A890000 (1314816<7562>)
015c:0160: loads DLL C:\windows\system32\rpcrt4.dll @79EA0000 (2162688<9274>)
015c:0160: loads DLL C:\windows\system32\coml2.dll @79E40000 (262144<3883>)
015c:0160: loads DLL C:\windows\system32\iphlpapi.dll @779C0000 (487424<4777>)
015c:0160: loads DLL C:\windows\system32\dnsapi.dll @77970000 (258048<1399>)
015c:0160: loads DLL C:\windows\system32\nsi.dll @77940000 (118784<823>)
015c:0160: loads DLL C:\windows\system32\ws2_32.dll @7AE40000 (565248<2279>)
015c:0160: loads DLL C:\windows\system32\tzres.dll @009C0000 (0<0>)
0000015c:00000160: unload DLL @009C0000
015c:0160: loads DLL C:\windows\system32\tzres.dll @009C0000 (0<0>)
0000015c:00000160: unload DLL @009C0000
015c:0160: loads DLL C:\windows\system32\imm32.dll @782F0000 (401408<2996>)
015c:0160: loads DLL C:\windows\system32\winex11.drv @780F0000 (307200<4314>)
015c:0160: loads DLL C:\windows\system32\uxtheme.dll @78030000 (671744<3646>)
0000015c:00000160: exit process (0)
