GNU gdb (Ubuntu 15.1-1ubuntu1~24.04.1) 15.1
Copyright (C) 2024 Free Software Foundation, Inc.
License GPLv3+: GNU GPL version 3 or later <http://gnu.org/licenses/gpl.html>
This is free software: you are free to change and redistribute it.
There is NO WARRANTY, to the extent permitted by law.
Type "show copying" and "show warranty" for details.
This GDB was configured as "x86_64-linux-gnu".
Type "show configuration" for configuration details.
For bug reporting instructions, please see:
<https://www.gnu.org/software/gdb/bugs/>.
Find the GDB manual and other documentation resources online at:
    <http://www.gnu.org/software/gdb/documentation/>.

For help, type "help".
Type "apropos word" to search for commands related to "word".
warning: remote target does not support file transfer, attempting to access files from local filesystem.
Reading symbols from /samples/voicetext_paul.exe...
0x7bd64525 in DbgBreakPoint@0 ()
   from /usr/lib/i386-linux-gnu/wine/i386-windows/ntdll.dll
Wine-gdb> Wine-gdb> Wine-gdb> Wine-gdb> Signal        Stop	Print	Pass to program	Description
SIGSEGV       No	No	Yes		Segmentation fault
Wine-gdb> Signal        Stop	Print	Pass to program	Description
SIGSEGV       No	No	Yes		Segmentation fault
Wine-gdb> Breakpoint 1 at 0x1000e0c0
Wine-gdb> >>> > > >>>Wine-gdb> Wine-gdb> Breakpoint 2 at 0x10024680
Wine-gdb> >>>>>>> > > > > >  >  >  >  > > >>>Wine-gdb> Wine-gdb> Breakpoint 3 at 0x10024060
Wine-gdb> >>>>>>>>> > > > >>>Wine-gdb> Wine-gdb> Breakpoint 4 at 0x100242a0
Wine-gdb> >>>>>>>>> > > > >>>Wine-gdb> Wine-gdb> Wine-gdb> Breakpoint 5 at 0x10018770
Wine-gdb> >>> > > > >>>Wine-gdb> Wine-gdb> Breakpoint 6 at 0x10023350
Wine-gdb> >>>>>>> > > > > >>>Wine-gdb> Wine-gdb> Breakpoint 7 at 0x10018c80
Wine-gdb> >>>>>>> > > > > >>>Wine-gdb> Wine-gdb> Breakpoint 8 at 0x10024510
Wine-gdb> >>>>>>> > > > > >>>Wine-gdb> Wine-gdb> Breakpoint 9 at 0x10024900
Wine-gdb> >>>>>>>> > > > > >>>Wine-gdb> Wine-gdb> Breakpoint 10 at 0x1001b200
Wine-gdb> >>>>Wine-gdb> Wine-gdb> Continuing.
TPP_NUMERIC_ABLATE83
CANDIDATE_BUILD_ENTER word_index=0 engine=0x2ae0020
Temporary breakpoint 11 at 0x100249bb
CANDIDATE_FILTER_A candidate=0 descriptor=
0x2bcc648:	0x00	0x00	0x00	0x00	0x00	0x01
Temporary breakpoint 12 at 0x10024808
CANDIDATE_CONTEXT call=1 args=
0x667650:	0x10024119	0x02ae0752	0x00000000	0x02ae0020
0x667660:	0x014bf198
#0  0x10018770 in vt_eng!VT_CsvParser_IsCsv_ENG () from /samples/vt_pau.dll
#1  0x10024808 in vt_eng!VT_GetDefUserDictRelativeName_ENG ()
   from /samples/vt_pau.dll
CANDIDATE_FILTER_A_RETURN candidate=0 eax=1
CANDIDATE_FILTER_A candidate=1 descriptor=
0x2bcc64e:	0x00	0x00	0x01	0x00	0x00	0x00
Temporary breakpoint 13 at 0x10024808
CANDIDATE_CONTEXT call=2 args=
0x667650:	0x10024119	0x02ae0759	0x00000001	0x02ae0020
0x667660:	0x014bf198
#0  0x10018770 in vt_eng!VT_CsvParser_IsCsv_ENG () from /samples/vt_pau.dll
#1  0x10024808 in vt_eng!VT_GetDefUserDictRelativeName_ENG ()
   from /samples/vt_pau.dll
CANDIDATE_FILTER_A_RETURN candidate=1 eax=1
CANDIDATE_FILTER_A candidate=2 descriptor=
0x2bcc654:	0x00	0x00	0x02	0x00	0x00	0x00
Temporary breakpoint 14 at 0x10024808
CANDIDATE_CONTEXT call=3 args=
0x667650:	0x10024119	0x02ae0760	0x00000002	0x02ae0020
0x667660:	0x014bf198
#0  0x10018770 in vt_eng!VT_CsvParser_IsCsv_ENG () from /samples/vt_pau.dll
#1  0x10024808 in vt_eng!VT_GetDefUserDictRelativeName_ENG ()
   from /samples/vt_pau.dll
CANDIDATE_FILTER_A_RETURN candidate=2 eax=1
CANDIDATE_FILTER_A candidate=3 descriptor=
0x2bcc65a:	0x01	0x00	0x00	0x00	0x00	0x00
Temporary breakpoint 15 at 0x10024808
CANDIDATE_CONTEXT call=4 args=
0x667650:	0x10024119	0x02ae0b12	0x00000003	0x02ae0020
0x667660:	0x014bf198
#0  0x10018770 in vt_eng!VT_CsvParser_IsCsv_ENG () from /samples/vt_pau.dll
#1  0x10024808 in vt_eng!VT_GetDefUserDictRelativeName_ENG ()
   from /samples/vt_pau.dll
CANDIDATE_FILTER_A_RETURN candidate=3 eax=1
CANDIDATE_FILTER_A candidate=4 descriptor=
0x2bcc660:	0x01	0x01	0x01	0x00	0x00	0x00
Temporary breakpoint 16 at 0x10024808
CANDIDATE_CONTEXT call=5 args=
0x667650:	0x10024119	0x02ae0b19	0x00000004	0x02ae0020
0x667660:	0x014bf198
#0  0x10018770 in vt_eng!VT_CsvParser_IsCsv_ENG () from /samples/vt_pau.dll
#1  0x10024808 in vt_eng!VT_GetDefUserDictRelativeName_ENG ()
   from /samples/vt_pau.dll
CANDIDATE_FILTER_A_RETURN candidate=4 eax=1
CANDIDATE_FILTER_A candidate=5 descriptor=
0x2bcc666:	0x01	0x01	0x02	0x00	0x00	0x00
Temporary breakpoint 17 at 0x10024808
CANDIDATE_CONTEXT call=6 args=
0x667650:	0x10024119	0x02ae0b20	0x00000005	0x02ae0020
0x667660:	0x014bf198
#0  0x10018770 in vt_eng!VT_CsvParser_IsCsv_ENG () from /samples/vt_pau.dll
#1  0x10024808 in vt_eng!VT_GetDefUserDictRelativeName_ENG ()
   from /samples/vt_pau.dll
CANDIDATE_FILTER_A_RETURN candidate=5 eax=1
CANDIDATE_FILTER_A candidate=6 descriptor=
0x2bcc66c:	0x01	0x02	0x03	0x00	0x00	0x01
Temporary breakpoint 18 at 0x10024808
CANDIDATE_CONTEXT call=7 args=
0x667650:	0x10024119	0x02ae0b27	0x00000006	0x02ae0020
0x667660:	0x014bf198
#0  0x10018770 in vt_eng!VT_CsvParser_IsCsv_ENG () from /samples/vt_pau.dll
#1  0x10024808 in vt_eng!VT_GetDefUserDictRelativeName_ENG ()
   from /samples/vt_pau.dll
CANDIDATE_FILTER_A_RETURN candidate=6 eax=1
CANDIDATE_FILTER_A candidate=7 descriptor=
0x2bcc672:	0x01	0x02	0x04	0x00	0x00	0x00
Temporary breakpoint 19 at 0x10024808
CANDIDATE_CONTEXT call=8 args=
0x667650:	0x10024119	0x02ae0b2e	0x00000007	0x02ae0020
0x667660:	0x014bf198
#0  0x10018770 in vt_eng!VT_CsvParser_IsCsv_ENG () from /samples/vt_pau.dll
#1  0x10024808 in vt_eng!VT_GetDefUserDictRelativeName_ENG ()
   from /samples/vt_pau.dll
CANDIDATE_CONTEXT call=9 args=
0x6675c8:	0x10018c70	0x006675f8	0x00000007	0x02ae0020
0x6675d8:	0x014bf198
#0  0x10018770 in vt_eng!VT_CsvParser_IsCsv_ENG () from /samples/vt_pau.dll
#1  0x10024119 in vt_eng!VT_GetDefUserDictRelativeName_ENG ()
   from /samples/vt_pau.dll
CANDIDATE_FILTER_A_RETURN candidate=7 eax=1
CANDIDATE_FILTER_A candidate=8 descriptor=
0x2bcc678:	0x01	0x03	0x05	0x00	0x00	0x00
Temporary breakpoint 20 at 0x10024808
CANDIDATE_CONTEXT call=10 args=
0x667650:	0x10024119	0x02ae0b35	0x00000008	0x02ae0020
0x667660:	0x014bf198
#0  0x10018770 in vt_eng!VT_CsvParser_IsCsv_ENG () from /samples/vt_pau.dll
#1  0x10024808 in vt_eng!VT_GetDefUserDictRelativeName_ENG ()
   from /samples/vt_pau.dll
CANDIDATE_FILTER_A_RETURN candidate=8 eax=1
CANDIDATE_FILTER_A candidate=9 descriptor=
0x2bcc67e:	0x01	0x03	0x06	0x00	0x00	0x00
Temporary breakpoint 21 at 0x10024808
CANDIDATE_CONTEXT call=11 args=
0x667650:	0x10024119	0x02ae0b3c	0x00000009	0x02ae0020
0x667660:	0x014bf198
#0  0x10018770 in vt_eng!VT_CsvParser_IsCsv_ENG () from /samples/vt_pau.dll
#1  0x10024808 in vt_eng!VT_GetDefUserDictRelativeName_ENG ()
   from /samples/vt_pau.dll
CANDIDATE_FILTER_A_RETURN candidate=9 eax=0
CANDIDATE_FILTER_B candidate=9 descriptor=
0x2bcc67e:	0x01	0x03	0x06	0x06	0x00	0x00
Temporary breakpoint 22 at 0x1002481e
CANDIDATE_CONTEXT call=12 args=
0x66763c:	0x100243d5	0x02ae0b3c	0x00000009	0x02ae0020
0x66764c:	0x014bf198
#0  0x10018770 in vt_eng!VT_CsvParser_IsCsv_ENG () from /samples/vt_pau.dll
#1  0x1002481e in vt_eng!VT_GetDefUserDictRelativeName_ENG ()
   from /samples/vt_pau.dll
CANDIDATE_CONTEXT call=13 args=
0x66763c:	0x100243d5	0x02ae0b3c	0x0000000a	0x02ae0020
0x66764c:	0x014bf198
#0  0x10018770 in vt_eng!VT_CsvParser_IsCsv_ENG () from /samples/vt_pau.dll
#1  0x1002481e in vt_eng!VT_GetDefUserDictRelativeName_ENG ()
   from /samples/vt_pau.dll
CANDIDATE_FILTER_B_RETURN candidate=9 eax=2
CANDIDATE_FILTER_A candidate=11 descriptor=
0x2bcc68a:	0x02	0x00	0x00	0x00	0x00	0x01
Temporary breakpoint 23 at 0x10024808
CANDIDATE_CONTEXT call=14 args=
0x667650:	0x10024119	0x02ae0ed2	0x0000000b	0x02ae0020
0x667660:	0x014bf198
#0  0x10018770 in vt_eng!VT_CsvParser_IsCsv_ENG () from /samples/vt_pau.dll
#1  0x10024808 in vt_eng!VT_GetDefUserDictRelativeName_ENG ()
   from /samples/vt_pau.dll
CANDIDATE_FILTER_A_RETURN candidate=11 eax=1
CANDIDATE_FILTER_A candidate=12 descriptor=
0x2bcc690:	0x02	0x00	0x01	0x00	0x00	0x00
Temporary breakpoint 24 at 0x10024808
CANDIDATE_CONTEXT call=15 args=
0x667650:	0x10024119	0x02ae0ed9	0x0000000c	0x02ae0020
0x667660:	0x014bf198
#0  0x10018770 in vt_eng!VT_CsvParser_IsCsv_ENG () from /samples/vt_pau.dll
#1  0x10024808 in vt_eng!VT_GetDefUserDictRelativeName_ENG ()
   from /samples/vt_pau.dll
CANDIDATE_FILTER_A_RETURN candidate=12 eax=0
CANDIDATE_FILTER_B candidate=12 descriptor=
0x2bcc690:	0x02	0x00	0x01	0x01	0x00	0x00
Temporary breakpoint 25 at 0x1002481e
CANDIDATE_CONTEXT call=16 args=
0x66763c:	0x100243d5	0x02ae0ed9	0x0000000c	0x02ae0020
0x66764c:	0x014bf198
#0  0x10018770 in vt_eng!VT_CsvParser_IsCsv_ENG () from /samples/vt_pau.dll
#1  0x1002481e in vt_eng!VT_GetDefUserDictRelativeName_ENG ()
   from /samples/vt_pau.dll
CANDIDATE_CONTEXT call=17 args=
0x66763c:	0x100243d5	0x02ae0ed9	0x0000000d	0x02ae0020
0x66764c:	0x014bf198
#0  0x10018770 in vt_eng!VT_CsvParser_IsCsv_ENG () from /samples/vt_pau.dll
#1  0x1002481e in vt_eng!VT_GetDefUserDictRelativeName_ENG ()
   from /samples/vt_pau.dll
CANDIDATE_FILTER_B_RETURN candidate=12 eax=2
CANDIDATE_FILTER_A candidate=14 descriptor=
0x2bcc69c:	0x02	0x00	0x02	0x00	0x00	0x00
Temporary breakpoint 26 at 0x10024808
CANDIDATE_CONTEXT call=18 args=
0x667650:	0x10024119	0x02ae0ee0	0x0000000e	0x02ae0020
0x667660:	0x014bf198
#0  0x10018770 in vt_eng!VT_CsvParser_IsCsv_ENG () from /samples/vt_pau.dll
#1  0x10024808 in vt_eng!VT_GetDefUserDictRelativeName_ENG ()
   from /samples/vt_pau.dll
CANDIDATE_FILTER_A_RETURN candidate=14 eax=0
CANDIDATE_FILTER_B candidate=14 descriptor=
0x2bcc69c:	0x02	0x00	0x02	0x03	0x00	0x00
Temporary breakpoint 27 at 0x1002481e
CANDIDATE_CONTEXT call=19 args=
0x66763c:	0x100243d5	0x02ae0ee0	0x0000000e	0x02ae0020
0x66764c:	0x014bf198
#0  0x10018770 in vt_eng!VT_CsvParser_IsCsv_ENG () from /samples/vt_pau.dll
#1  0x1002481e in vt_eng!VT_GetDefUserDictRelativeName_ENG ()
   from /samples/vt_pau.dll
CANDIDATE_CONTEXT call=20 args=
0x66763c:	0x100243d5	0x02ae0ee0	0x0000000f	0x02ae0020
0x66764c:	0x014bf198
#0  0x10018770 in vt_eng!VT_CsvParser_IsCsv_ENG () from /samples/vt_pau.dll
#1  0x1002481e in vt_eng!VT_GetDefUserDictRelativeName_ENG ()
   from /samples/vt_pau.dll
CANDIDATE_FILTER_B_RETURN candidate=14 eax=2
CANDIDATE_FILTER_A candidate=16 descriptor=
0x2bcc6a8:	0x02	0x00	0x03	0x00	0x00	0x01
Temporary breakpoint 28 at 0x10024808
CANDIDATE_CONTEXT call=21 args=
0x667650:	0x10024119	0x02ae0ee7	0x00000010	0x02ae0020
0x667660:	0x014bf198
#0  0x10018770 in vt_eng!VT_CsvParser_IsCsv_ENG () from /samples/vt_pau.dll
#1  0x10024808 in vt_eng!VT_GetDefUserDictRelativeName_ENG ()
   from /samples/vt_pau.dll
CANDIDATE_FILTER_A_RETURN candidate=16 eax=0
CANDIDATE_FILTER_B candidate=16 descriptor=
0x2bcc6a8:	0x02	0x00	0x03	0x05	0x00	0x01
Temporary breakpoint 29 at 0x1002481e
CANDIDATE_CONTEXT call=22 args=
0x66763c:	0x100243d5	0x02ae0ee7	0x00000010	0x02ae0020
0x66764c:	0x014bf198
#0  0x10018770 in vt_eng!VT_CsvParser_IsCsv_ENG () from /samples/vt_pau.dll
#1  0x1002481e in vt_eng!VT_GetDefUserDictRelativeName_ENG ()
   from /samples/vt_pau.dll
CANDIDATE_CONTEXT call=23 args=
0x66763c:	0x100243d5	0x02ae0ee7	0x00000011	0x02ae0020
0x66764c:	0x014bf198
#0  0x10018770 in vt_eng!VT_CsvParser_IsCsv_ENG () from /samples/vt_pau.dll
#1  0x1002481e in vt_eng!VT_GetDefUserDictRelativeName_ENG ()
   from /samples/vt_pau.dll
CANDIDATE_FILTER_B_RETURN candidate=16 eax=2
CANDIDATE_BUILD_RETURN word_index=0 count=18 eax=0x12
CANDIDATE_DESC index=0 bytes:
0x2bcc648:	0x00	0x00	0x00	0x00	0x00	0x01
CANDIDATE_DESC index=1 bytes:
0x2bcc64e:	0x00	0x00	0x01	0x01	0x00	0x00
CANDIDATE_DESC index=2 bytes:
0x2bcc654:	0x00	0x00	0x02	0x02	0x00	0x00
CANDIDATE_DESC index=3 bytes:
0x2bcc65a:	0x01	0x00	0x00	0x00	0x00	0x00
CANDIDATE_DESC index=4 bytes:
0x2bcc660:	0x01	0x01	0x01	0x01	0x00	0x00
CANDIDATE_DESC index=5 bytes:
0x2bcc666:	0x01	0x01	0x02	0x02	0x00	0x00
CANDIDATE_DESC index=6 bytes:
0x2bcc66c:	0x01	0x02	0x03	0x03	0x00	0x01
CANDIDATE_DESC index=7 bytes:
0x2bcc672:	0x01	0x02	0x04	0x04	0x00	0x00
CANDIDATE_DESC index=8 bytes:
0x2bcc678:	0x01	0x03	0x05	0x05	0x00	0x00
CANDIDATE_DESC index=9 bytes:
0x2bcc67e:	0x01	0x03	0x06	0x06	0x01	0x00
CANDIDATE_DESC index=10 bytes:
0x2bcc684:	0x01	0x03	0x06	0x07	0x02	0x00
CANDIDATE_DESC index=11 bytes:
0x2bcc68a:	0x02	0x00	0x00	0x00	0x00	0x01
CANDIDATE_DESC index=12 bytes:
0x2bcc690:	0x02	0x00	0x01	0x01	0x01	0x00
CANDIDATE_DESC index=13 bytes:
0x2bcc696:	0x02	0x00	0x01	0x02	0x02	0x00
CANDIDATE_DESC index=14 bytes:
0x2bcc69c:	0x02	0x00	0x02	0x03	0x01	0x00
CANDIDATE_DESC index=15 bytes:
0x2bcc6a2:	0x02	0x00	0x02	0x04	0x02	0x00
CANDIDATE_DESC index=16 bytes:
0x2bcc6a8:	0x02	0x00	0x03	0x05	0x01	0x01
CANDIDATE_DESC index=17 bytes:
0x2bcc6ae:	0x02	0x00	0x03	0x06	0x02	0x01
CANDIDATE_SCORE_ENTER candidate=0
Temporary breakpoint 30 at 0x100249d5
CANDIDATE_SCORE_RETURN candidate=0 count=30 metrics:
0x2b6214c:	0	0	0	0
0x2b6215c:	0	0	0	0
0x2b6216c:	0	0	0	0
0x2b6217c:	0	0	0	0
0x2b6218c:	0	0	0	0
0x2b6219c:	0	0	0	0
0x2b621ac:	0	0	0	0
0x2b621bc:	0	0
CANDIDATE_SCORE_ENTER candidate=1
Temporary breakpoint 31 at 0x100248ce
CANDIDATE_SCORE_RETURN candidate=1 count=30 metrics:
0x2b621c4:	0	0	0	0
0x2b621d4:	0	0	0	0
0x2b621e4:	0	0	0	0
0x2b621f4:	0	0	0	0
0x2b62204:	0	0	0	0
0x2b62214:	0	0	0	0
0x2b62224:	0	0	0	0
0x2b62234:	0	0
CEP_SCORE_ENTER candidate=1
Temporary breakpoint 32 at 0x100248d6
CEP_SCORE_RETURN candidate=1 metrics:0x2b6214c:	0	0	0	0
0x2b6215c:	0.00181818171	0.00181818171	0.00181818171	0.00181818171
0x2b6216c:	0.00188679248	0.00188679248	0.00188679248	0.00188679248
0x2b6217c:	0.00188679248	0.00188679248	0.00714285765	0.00714285765
0x2b6218c:	0.00714285765	0.00714285765	0.00769230817	0.00769230817
0x2b6219c:	0.00769230817	0.00769230817	0.00769230817	0.0157894734
0x2b621ac:	0.0157894734	0.0157894734	0.0157894734	0.0157894734
0x2b621bc:	0.0157894734	0.0176470596
CANDIDATE_TRIM_ENTER candidate=1
Temporary breakpoint 33 at 0x100248df
CANDIDATE_TRIM_RETURN candidate=1 metrics:
0x2b621c4:	0.0807911456	0.0908640623	0.144189566	0.198114634
0x2b621d4:	0.222414434	0.234760582	0.222030669	0.270545155
0x2b621e4:	0.295754015	0.303620458	0.342904657	0.365730673
0x2b621f4:	0.373108357	0.394465834	0.392028123	0.4243806
0x2b62204:	0.566075921	0.62517339	0.66357708	0.939649463
0x2b62214:	1.37202752	17.256403	2.65664577	2.90584755
0x2b62224:	2.91994548	2.97897911	3.01399207	3.29713535
0x2b62234:	3.6557653	17.256403
CANDIDATE_SCORE_ENTER candidate=2
Temporary breakpoint 34 at 0x100248ce
CANDIDATE_SCORE_RETURN candidate=2 count=30 metrics:
0x2b6223c:	0	0	0	0
0x2b6224c:	0	0	0	0
0x2b6225c:	0	0	0	0
0x2b6226c:	0	0	0	0
0x2b6227c:	0	0	0	0
0x2b6228c:	0	0	0	0
0x2b6229c:	0	0	0	0
0x2b622ac:	0	0
CEP_SCORE_ENTER candidate=2
Temporary breakpoint 35 at 0x100248d6
CEP_SCORE_RETURN candidate=2 metrics:
0x2b621c4:	0.0807911456	0.0908640623	0.144189566	0.198114634
0x2b621d4:	0.222414434	0.234760582	0.222030669	0.270545155
0x2b621e4:	0.295754015	0.303620458	0.342904657	0.365730673
0x2b621f4:	0.373108357	0.394465834	0.392028123	0.4243806
0x2b62204:	0.566075921	0.62517339	0.66357708	0.939649463
0x2b62214:	1.37202752	17.256403	2.65664577	2.90584755
0x2b62224:	2.91994548	2.97897911	3.01399207	3.29713535
0x2b62234:	3.6557653	17.256403
CANDIDATE_TRIM_ENTER candidate=2
Temporary breakpoint 36 at 0x100248df
CANDIDATE_TRIM_RETURN candidate=2 metrics:
0x2b6223c:	27.9236183	25.4087105	33.9377823	15.6515484
0x2b6224c:	14.912118	15.987608	10.190773	9.87191391
0x2b6225c:	15.2819405	18.1865807	12.8263407	14.3416548
0x2b6226c:	11.179904	14.120224	14.2125082	13.0458441
0x2b6227c:	11.2417393	11.6063871	17.6827984	13.376606
0x2b6228c:	12.3794098	14.3544436	12.7903461	14.3619432
0x2b6229c:	13.7574711	15.7810574	10.6035929	15.7810574
0x2b622ac:	10.6035929	25.0895042
CANDIDATE_SCORE_ENTER candidate=3
Temporary breakpoint 37 at 0x100248ce
CANDIDATE_SCORE_RETURN candidate=3 count=30 metrics:
0x2b622b4:	0	0	0	0
0x2b622c4:	0	0	0	0
0x2b622d4:	0	0	0	0
0x2b622e4:	0	0	0	0
0x2b622f4:	0	0	0	0
0x2b62304:	0	0	0	0
0x2b62314:	0	0	0	0
0x2b62324:	0	0
CEP_SCORE_ENTER candidate=3
Temporary breakpoint 38 at 0x100248d6
CEP_SCORE_RETURN candidate=3 metrics:
0x2b6223c:	27.9236183	25.4087105	33.9377823	15.6515484
0x2b6224c:	14.912118	15.987608	10.190773	9.87191391
0x2b6225c:	15.2819405	18.1865807	12.8263407	14.3416548
0x2b6226c:	11.179904	14.120224	14.2125082	13.0458441
0x2b6227c:	11.2417393	11.6063871	17.6827984	13.376606
0x2b6228c:	12.3794098	14.3544436	12.7903461	14.3619432
0x2b6229c:	13.7574711	15.7810574	10.6035929	15.7810574
0x2b622ac:	10.6035929	25.0895042
CANDIDATE_TRIM_ENTER candidate=3
Temporary breakpoint 39 at 0x100248df
CANDIDATE_TRIM_RETURN candidate=3 metrics:
0x2b622b4:	23.2666531	21.6293564	22.6734982	16.7082825
0x2b622c4:	26.0684834	28.206131	17.2804222	26.6088333
0x2b622d4:	16.00214	19.7544975	24.7442532	15.8031912
0x2b622e4:	23.3810177	32.7551308	17.9375114	80.2943268
0x2b622f4:	27.6466522	29.4984245	51.7373047	50.8652802
0x2b62304:	34.5954094	19.6237335	18.0357056	18.8537445
0x2b62314:	17.4363804	1028.60938	1028.85156	1027.90747
0x2b62324:	1029.45251	1029.6748
CANDIDATE_SCORE_ENTER candidate=4
Temporary breakpoint 40 at 0x100248ce
CANDIDATE_SCORE_RETURN candidate=4 count=30 metrics:
0x2b6232c:	0	0	0	0
0x2b6233c:	0	0	0	0
0x2b6234c:	0	0	0	0
0x2b6235c:	0	0	0	0
0x2b6236c:	0	0	0	0
0x2b6237c:	0	0	0	0
0x2b6238c:	0	0	0	0
0x2b6239c:	0	0
CEP_SCORE_ENTER candidate=4
Temporary breakpoint 41 at 0x100248d6
CEP_SCORE_RETURN candidate=4 metrics:
0x2b622b4:	23.2666531	21.6293564	22.6734982	16.7082825
0x2b622c4:	26.0684834	28.206131	17.2804222	26.6088333
0x2b622d4:	16.00214	19.7544975	24.7442532	15.8031912
0x2b622e4:	23.3810177	32.7551308	17.9375114	80.2943268
0x2b622f4:	27.6466522	29.4984245	51.7373047	50.8652802
0x2b62304:	34.5954094	19.6237335	18.0357056	18.8537445
0x2b62314:	17.4363804	1028.60938	1028.85156	1027.90747
0x2b62324:	1029.45251	1029.6748
CANDIDATE_TRIM_ENTER candidate=4
Temporary breakpoint 42 at 0x100248df
CANDIDATE_TRIM_RETURN candidate=4 metrics:
0x2b6232c:	29.8273182	45.6127167	27.0693665	34.6856041
0x2b6233c:	26.4212914	27.5462036	32.6567955	22.9291573
0x2b6234c:	27.4524746	34.1437874	23.4871063	21.8324432
0x2b6235c:	17.3711529	21.3038349	25.0410957	29.6626434
0x2b6236c:	21.7878704	28.8447075	30.0058994	19.4756813
0x2b6237c:	25.0050411	25.922945	18.5271225	39.2920265
0x2b6238c:	25.0050411	35.9279823	43.7569084	25.922945
0x2b6239c:	38.1408043	18.5271225
CANDIDATE_SCORE_ENTER candidate=5
Temporary breakpoint 43 at 0x100248ce
CANDIDATE_SCORE_RETURN candidate=5 count=13 metrics:
0x2b623a4:	0	0	0	0
0x2b623b4:	0	0	0	0
0x2b623c4:	0	0	0	0
0x2b623d4:	0	0	0	0
0x2b623e4:	0	0	0	0
0x2b623f4:	0	0	0	0
0x2b62404:	0	0	0	0
0x2b62414:	0	0
CEP_SCORE_ENTER candidate=5
Temporary breakpoint 44 at 0x100248d6
CEP_SCORE_RETURN candidate=5 metrics:
0x2b6232c:	29.8273182	45.6127167	27.0693665	34.6856041
0x2b6233c:	26.4212914	27.5462036	32.6567955	22.9291573
0x2b6234c:	27.4524746	34.1437874	23.4871063	21.8324432
0x2b6235c:	17.3711529	21.3038349	25.0410957	29.6626434
0x2b6236c:	21.7878704	28.8447075	30.0058994	19.4756813
0x2b6237c:	25.0050411	25.922945	18.5271225	39.2920265
0x2b6238c:	25.0050411	35.9279823	43.7569084	25.922945
0x2b6239c:	38.1408043	18.5271225
CANDIDATE_TRIM_ENTER candidate=5
Temporary breakpoint 45 at 0x100248df
CANDIDATE_TRIM_RETURN candidate=5 metrics:
0x2b623a4:	30.0249729	27.5703678	30.8183327	27.2859306
0x2b623b4:	27.8934708	25.1296597	26.964632	53.2619209
0x2b623c4:	31.3102589	43.381218	39.8186951	43.5182266
0x2b623d4:	47.9198074	0	0	0
0x2b623e4:	0	0	0	0
0x2b623f4:	0	0	0	0
0x2b62404:	0	0	0	0
0x2b62414:	0	0
CANDIDATE_SCORE_ENTER candidate=6
Temporary breakpoint 46 at 0x100248ce
CANDIDATE_SCORE_RETURN candidate=6 count=30 metrics:
0x2b6241c:	0	0	0	0
0x2b6242c:	0	0	0	0
0x2b6243c:	0	0	0	0
0x2b6244c:	0	0	0	0
0x2b6245c:	0	0	0	0
0x2b6246c:	0	0	0	0
0x2b6247c:	0	0	0	0
0x2b6248c:	0	0
CEP_SCORE_ENTER candidate=6
Temporary breakpoint 47 at 0x100248d6
CEP_SCORE_RETURN candidate=6 metrics:
0x2b623a4:	30.0249729	27.5703678	30.8183327	27.2859306
0x2b623b4:	27.8934708	25.1296597	26.964632	53.2619209
0x2b623c4:	31.3102589	43.381218	39.8186951	43.5182266
0x2b623d4:	47.9198074	0	0	0
0x2b623e4:	0	0	0	0
0x2b623f4:	0	0	0	0
0x2b62404:	0	0	0	0
0x2b62414:	0	0
CANDIDATE_TRIM_ENTER candidate=6
Temporary breakpoint 48 at 0x100248df
CANDIDATE_TRIM_RETURN candidate=6 metrics:
0x2b6241c:	29.9327278	27.5801239	30.8232708	33.8147049
0x2b6242c:	27.2871323	27.8946095	34.1520042	25.1308613
0x2b6243c:	26.985548	33.1140404	43.9111824	43.8835449
0x2b6244c:	34.0802422	34.2709312	36.7307434	40.3921356
0x2b6245c:	41.1864967	41.5882607	56.5919724	39.0435753
0x2b6246c:	41.6271515	48.0530472	73.8733902	77.7899094
0x2b6247c:	92.5537415	77.6063156	76.1723938	76.1361694
0x2b6248c:	289.558197	114.021461
CANDIDATE_SCORE_ENTER candidate=7
Temporary breakpoint 49 at 0x100248ce
CANDIDATE_SCORE_RETURN candidate=7 count=30 metrics:
0x2b62494:	0	0	0	0
0x2b624a4:	0	0	0	0
0x2b624b4:	0	0	0	0
0x2b624c4:	0	0	0	0
0x2b624d4:	0	0	0	0
0x2b624e4:	0	0	0	0
0x2b624f4:	0	0	0	0
0x2b62504:	0	0
CEP_SCORE_ENTER candidate=7
Temporary breakpoint 50 at 0x100248d6
CEP_SCORE_RETURN candidate=7 metrics:
0x2b6241c:	29.9327278	27.5801239	30.8232708	33.8147049
0x2b6242c:	27.2871323	27.8946095	34.1520042	25.1308613
0x2b6243c:	26.985548	33.1140404	43.9111824	43.8835449
0x2b6244c:	34.0802422	34.2709312	36.7307434	40.3921356
0x2b6245c:	41.1864967	41.5882607	56.5919724	39.0435753
0x2b6246c:	41.6271515	48.0530472	73.8733902	77.7899094
0x2b6247c:	92.5537415	77.6063156	76.1723938	76.1361694
0x2b6248c:	289.558197	114.021461
CANDIDATE_TRIM_ENTER candidate=7
Temporary breakpoint 51 at 0x100248df
CANDIDATE_TRIM_RETURN candidate=7 metrics:
0x2b62494:	30.5420971	28.4782124	32.5316849	41.7415962
0x2b624a4:	34.1500778	31.0238686	27.5136833	39.3485985
0x2b624b4:	28.7956066	28.3705482	35.6838913	43.7172508
0x2b624c4:	44.4459915	34.8417358	37.5034981	31.530323
0x2b624d4:	40.4286423	40.9833832	48.0523148	43.1140442
0x2b624e4:	45.8021927	44.6620407	46.3624496	42.3282318
0x2b624f4:	50.9666557	47.7821426	43.0460281	45.9763527
0x2b62504:	44.3046494	47.8193665
CANDIDATE_SCORE_ENTER candidate=8
Temporary breakpoint 52 at 0x100248ce
CANDIDATE_SCORE_RETURN candidate=8 count=30 metrics:
0x2b6250c:	0	0	0	0
0x2b6251c:	0	0	0	0
0x2b6252c:	0	0	0	0
0x2b6253c:	0	0	0	0
0x2b6254c:	0	0	0	0
0x2b6255c:	0	0	0	0
0x2b6256c:	0	0	0	0
0x2b6257c:	0	0
CEP_SCORE_ENTER candidate=8
Temporary breakpoint 53 at 0x100248d6
CEP_SCORE_RETURN candidate=8 metrics:
0x2b62494:	30.5420971	28.4782124	32.5316849	41.7415962
0x2b624a4:	34.1500778	31.0238686	27.5136833	39.3485985
0x2b624b4:	28.7956066	28.3705482	35.6838913	43.7172508
0x2b624c4:	44.4459915	34.8417358	37.5034981	31.530323
0x2b624d4:	40.4286423	40.9833832	48.0523148	43.1140442
0x2b624e4:	45.8021927	44.6620407	46.3624496	42.3282318
0x2b624f4:	50.9666557	47.7821426	43.0460281	45.9763527
0x2b62504:	44.3046494	47.8193665
CANDIDATE_TRIM_ENTER candidate=8
Temporary breakpoint 54 at 0x100248df
CANDIDATE_TRIM_RETURN candidate=8 metrics:
0x2b6250c:	35.1486549	49.0013771	47.586628	30.693594
0x2b6251c:	39.7852135	29.9959469	28.6614285	33.3131676
0x2b6252c:	28.5177212	45.0188828	29.2298679	49.4956665
0x2b6253c:	37.9810104	33.7096558	35.686615	45.1278648
0x2b6254c:	31.5953884	39.3336639	50.1070404	35.5793114
0x2b6255c:	46.5286865	56.5976715	39.3976974	52.8366203
0x2b6256c:	50.4634705	43.9640236	58.1213303	46.1280518
0x2b6257c:	43.9640236	58.1213303
CANDIDATE_SCORE_ENTER candidate=9
Temporary breakpoint 55 at 0x100248ce
CANDIDATE_SCORE_RETURN candidate=9 count=30 metrics:
0x2b62584:	0	0	0	0
0x2b62594:	0	0	0	0
0x2b625a4:	0	0	0	0
0x2b625b4:	0	0	0	0
0x2b625c4:	0	0	0	0
0x2b625d4:	0	0	0	0
0x2b625e4:	0	0	0	0
0x2b625f4:	0	0
CEP_SCORE_ENTER candidate=9
Temporary breakpoint 56 at 0x100248d6
CEP_SCORE_RETURN candidate=9 metrics:
0x2b6250c:	35.1486549	49.0013771	47.586628	30.693594
0x2b6251c:	39.7852135	29.9959469	28.6614285	33.3131676
0x2b6252c:	28.5177212	45.0188828	29.2298679	49.4956665
0x2b6253c:	37.9810104	33.7096558	35.686615	45.1278648
0x2b6254c:	31.5953884	39.3336639	50.1070404	35.5793114
0x2b6255c:	46.5286865	56.5976715	39.3976974	52.8366203
0x2b6256c:	50.4634705	43.9640236	58.1213303	46.1280518
0x2b6257c:	43.9640236	58.1213303
CANDIDATE_TRIM_ENTER candidate=9
Temporary breakpoint 57 at 0x100248df
CANDIDATE_TRIM_RETURN candidate=9 metrics:
0x2b62584:	33.4075737	38.3857956	36.6282806	37.0078468
0x2b62594:	48.6544495	50.7289543	54.4477386	41.29599
0x2b625a4:	45.7978249	36.8789177	43.2420273	45.6089134
0x2b625b4:	39.0062141	43.6492882	41.4375992	41.8441734
0x2b625c4:	46.1491547	45.7318115	49.135479	66.6361542
0x2b625d4:	39.6556473	45.1718483	42.1313286	48.2394218
0x2b625e4:	44.198307	40.9278107	42.1313286	48.2394218
0x2b625f4:	44.198307	40.9278107
CANDIDATE_SCORE_ENTER candidate=10
Temporary breakpoint 58 at 0x100248ce
CANDIDATE_SCORE_RETURN candidate=10 count=30 metrics:
0x2b625fc:	0	0	0	0
0x2b6260c:	0	0	0	0
0x2b6261c:	0	0	0	0
0x2b6262c:	0	0	0	0
0x2b6263c:	0	0	0	0
0x2b6264c:	0	0	0	0
0x2b6265c:	0	0	0	0
0x2b6266c:	0	0
CEP_SCORE_ENTER candidate=10
Temporary breakpoint 59 at 0x100248d6
CEP_SCORE_RETURN candidate=10 metrics:
0x2b62584:	33.4075737	38.3857956	36.6282806	37.0078468
0x2b62594:	48.6544495	50.7289543	54.4477386	41.29599
0x2b625a4:	45.7978249	36.8789177	43.2420273	45.6089134
0x2b625b4:	39.0062141	43.6492882	41.4375992	41.8441734
0x2b625c4:	46.1491547	45.7318115	49.135479	66.6361542
0x2b625d4:	39.6556473	45.1718483	42.1313286	48.2394218
0x2b625e4:	44.198307	40.9278107	42.1313286	48.2394218
0x2b625f4:	44.198307	40.9278107
CANDIDATE_TRIM_ENTER candidate=10
Temporary breakpoint 60 at 0x100248df
CANDIDATE_TRIM_RETURN candidate=10 metrics:
0x2b625fc:	41.5471916	51.5768356	57.9285469	53.2103119
0x2b6260c:	49.0790634	47.6270485	49.7090225	66.4813309
0x2b6261c:	47.1311989	48.1145859	44.7955284	49.5423851
0x2b6262c:	55.8546371	71.9406204	44.4983711	52.3054771
0x2b6263c:	69.7102432	56.1206665	49.6786041	55.4351311
0x2b6264c:	54.8658752	51.920414	55.9404068	51.4782906
0x2b6265c:	53.7099304	52.9126358	55.9404068	51.4782906
0x2b6266c:	53.7099304	52.9126358
CANDIDATE_SCORE_ENTER candidate=11
Temporary breakpoint 61 at 0x100248ce
CANDIDATE_SCORE_RETURN candidate=11 count=30 metrics:
0x2b62674:	0	0	0	0
0x2b62684:	0	0	0	0
0x2b62694:	0	0	0	0
0x2b626a4:	0	0	0	0
0x2b626b4:	0	0	0	0
0x2b626c4:	0	0	0	0
0x2b626d4:	0	0	0	0
0x2b626e4:	0	0
CEP_SCORE_ENTER candidate=11
Temporary breakpoint 62 at 0x100248d6
CEP_SCORE_RETURN candidate=11 metrics:
0x2b625fc:	41.5471916	51.5768356	57.9285469	53.2103119
0x2b6260c:	49.0790634	47.6270485	49.7090225	66.4813309
0x2b6261c:	47.1311989	48.1145859	44.7955284	49.5423851
0x2b6262c:	55.8546371	71.9406204	44.4983711	52.3054771
0x2b6263c:	69.7102432	56.1206665	49.6786041	55.4351311
0x2b6264c:	54.8658752	51.920414	55.9404068	51.4782906
0x2b6265c:	53.7099304	52.9126358	55.9404068	51.4782906
0x2b6266c:	53.7099304	52.9126358
CANDIDATE_TRIM_ENTER candidate=11
Temporary breakpoint 63 at 0x100248df
CANDIDATE_TRIM_RETURN candidate=11 metrics:
0x2b62674:	59.0975494	50.4603233	46.9160385	49.1556206
0x2b62684:	50.5382729	57.0886497	50.0522652	49.9505501
0x2b62694:	47.5925484	70.6102448	96.4960785	52.112793
0x2b626a4:	50.5039482	47.8448563	85.0238266	50.864254
0x2b626b4:	56.0561981	57.6176605	58.1047478	51.9733696
0x2b626c4:	60.2779846	57.3359375	55.0251503	1070.45813
0x2b626d4:	1070.01099	1067.4469	1067.17993	1061.54114
0x2b626e4:	1060.25586	1064.90344
CANDIDATE_SCORE_ENTER candidate=12
Temporary breakpoint 64 at 0x100248ce
CANDIDATE_SCORE_RETURN candidate=12 count=30 metrics:
0x2b626ec:	0	0	0	0
0x2b626fc:	0	0	0	0
0x2b6270c:	0	0	0	0
0x2b6271c:	0	0	0	0
0x2b6272c:	0	0	0	0
0x2b6273c:	0	0	0	0
0x2b6274c:	0	0	0	0
0x2b6275c:	0	0
CEP_SCORE_ENTER candidate=12
Temporary breakpoint 65 at 0x100248d6
CEP_SCORE_RETURN candidate=12 metrics:
0x2b62674:	59.0975494	50.4603233	46.9160385	49.1556206
0x2b62684:	50.5382729	57.0886497	50.0522652	49.9505501
0x2b62694:	47.5925484	70.6102448	96.4960785	52.112793
0x2b626a4:	50.5039482	47.8448563	85.0238266	50.864254
0x2b626b4:	56.0561981	57.6176605	58.1047478	51.9733696
0x2b626c4:	60.2779846	57.3359375	55.0251503	1070.45813
0x2b626d4:	1070.01099	1067.4469	1067.17993	1061.54114
0x2b626e4:	1060.25586	1064.90344
CANDIDATE_TRIM_ENTER candidate=12
Temporary breakpoint 66 at 0x100248df
CANDIDATE_TRIM_RETURN candidate=12 metrics:
0x2b626ec:	65.3919678	65.9352112	71.8156967	101.673141
0x2b626fc:	101.051392	101.250397	101.533356	101.693398
0x2b6270c:	98.3360138	105.565689	108.803116	121.975937
0x2b6271c:	107.730125	101.655411	103.662254	102.198181
0x2b6272c:	109.406174	109.608704	103.519012	107.425148
0x2b6273c:	113.65152	112.527786	117.998611	66.9126053
0x2b6274c:	117.998611	123.447937	320.391479	127.982346
0x2b6275c:	125.723457	66.9126053
CANDIDATE_SCORE_ENTER candidate=13
Temporary breakpoint 67 at 0x100248ce
CANDIDATE_SCORE_RETURN candidate=13 count=15 metrics:
0x2b62764:	0	0	0	0
0x2b62774:	0	0	0	0
0x2b62784:	0	0	0	0
0x2b62794:	0	0	0	0
0x2b627a4:	0	0	0	0
0x2b627b4:	0	0	0	0
0x2b627c4:	0	0	0	0
0x2b627d4:	0	0
CEP_SCORE_ENTER candidate=13
Temporary breakpoint 68 at 0x100248d6
CEP_SCORE_RETURN candidate=13 metrics:
0x2b626ec:	65.3919678	65.9352112	71.8156967	101.673141
0x2b626fc:	101.051392	101.250397	101.533356	101.693398
0x2b6270c:	98.3360138	105.565689	108.803116	121.975937
0x2b6271c:	107.730125	101.655411	103.662254	102.198181
0x2b6272c:	109.406174	109.608704	103.519012	107.425148
0x2b6273c:	113.65152	112.527786	117.998611	66.9126053
0x2b6274c:	117.998611	123.447937	320.391479	127.982346
0x2b6275c:	125.723457	66.9126053
CANDIDATE_TRIM_ENTER candidate=13
Temporary breakpoint 69 at 0x100248df
CANDIDATE_TRIM_RETURN candidate=13 metrics:
0x2b62764:	71.6981201	71.9469452	73.2478485	104.179077
0x2b62774:	90.7280197	88.0151596	101.833473	103.616226
0x2b62784:	84.3311462	96.5509338	105.793182	101.775558
0x2b62794:	96.5509338	105.793182	101.775558	0
0x2b627a4:	0	0	0	0
0x2b627b4:	0	0	0	0
0x2b627c4:	0	0	0	0
0x2b627d4:	0	0
CANDIDATE_SCORE_ENTER candidate=14
Temporary breakpoint 70 at 0x100248ce
CANDIDATE_SCORE_RETURN candidate=14 count=30 metrics:
0x2b627dc:	0	0	0	0
0x2b627ec:	0	0	0	0
0x2b627fc:	0	0	0	0
0x2b6280c:	0	0	0	0
0x2b6281c:	0	0	0	0
0x2b6282c:	0	0	0	0
0x2b6283c:	0	0	0	0
0x2b6284c:	0	0
CEP_SCORE_ENTER candidate=14
Temporary breakpoint 71 at 0x100248d6
CEP_SCORE_RETURN candidate=14 metrics:
0x2b62764:	71.6981201	71.9469452	73.2478485	104.179077
0x2b62774:	90.7280197	88.0151596	101.833473	103.616226
0x2b62784:	84.3311462	96.5509338	105.793182	101.775558
0x2b62794:	96.5509338	105.793182	101.775558	0
0x2b627a4:	0	0	0	0
0x2b627b4:	0	0	0	0
0x2b627c4:	0	0	0	0
0x2b627d4:	0	0
CANDIDATE_TRIM_ENTER candidate=14
Temporary breakpoint 72 at 0x100248df
CANDIDATE_TRIM_RETURN candidate=14 metrics:
0x2b627dc:	76.9315643	77.2696075	73.5518875	94.3576202
0x2b627ec:	108.839462	98.4400635	190.049271	198.782883
0x2b627fc:	209.980453	204.348526	249.218063	205.854965
0x2b6280c:	233.544312	297.143097	282.364197	308.907562
0x2b6281c:	256.074341	324.927795	326.474396	291.281281
0x2b6282c:	160.39035	243.236023	176.872681	336.285065
0x2b6283c:	341.069763	183.94577	309.848724	166.543961
0x2b6284c:	256.634918	404.6604
CANDIDATE_SCORE_ENTER candidate=15
Temporary breakpoint 73 at 0x100248ce
CANDIDATE_SCORE_RETURN candidate=15 count=30 metrics:
0x2b62854:	0	0	0	0
0x2b62864:	0	0	0	0
0x2b62874:	0	0	0	0
0x2b62884:	0	0	0	0
0x2b62894:	0	0	0	0
0x2b628a4:	0	0	0	0
0x2b628b4:	0	0	0	0
0x2b628c4:	0	0
CEP_SCORE_ENTER candidate=15
Temporary breakpoint 74 at 0x100248d6
CEP_SCORE_RETURN candidate=15 metrics:
0x2b627dc:	76.9315643	77.2696075	73.5518875	94.3576202
0x2b627ec:	108.839462	98.4400635	190.049271	198.782883
0x2b627fc:	209.980453	204.348526	249.218063	205.854965
0x2b6280c:	233.544312	297.143097	282.364197	308.907562
0x2b6281c:	256.074341	324.927795	326.474396	291.281281
0x2b6282c:	160.39035	243.236023	176.872681	336.285065
0x2b6283c:	341.069763	183.94577	309.848724	166.543961
0x2b6284c:	256.634918	404.6604
CANDIDATE_TRIM_ENTER candidate=15
Temporary breakpoint 75 at 0x100248df
CANDIDATE_TRIM_RETURN candidate=15 metrics:
0x2b62854:	82.0891037	82.6146164	73.8101196	155.018387
0x2b62864:	140.99823	173.134476	143.075226	141.569519
0x2b62874:	139.757339	150.77977	189.131927	141.399399
0x2b62884:	144.919678	142.951859	144.933594	197.804199
0x2b62894:	139.001236	143.181946	142.918381	138.091537
0x2b628a4:	150.057983	142.114883	144.156036	140.34848
0x2b628b4:	151.114532	145.512009	191.242142	154.789536
0x2b628c4:	166.699402	145.100372
CANDIDATE_SCORE_ENTER candidate=16
Temporary breakpoint 76 at 0x100248ce
CANDIDATE_SCORE_RETURN candidate=16 count=30 metrics:
0x2b628cc:	0	0	0	0
0x2b628dc:	0	0	0	0
0x2b628ec:	0	0	0	0
0x2b628fc:	0	0	0	0
0x2b6290c:	0	0	0	0
0x2b6291c:	0	0	0	0
0x2b6292c:	0	0	0	0
0x2b6293c:	0	0
CEP_SCORE_ENTER candidate=16
Temporary breakpoint 77 at 0x100248d6
CEP_SCORE_RETURN candidate=16 metrics:
0x2b62854:	82.0891037	82.6146164	73.8101196	155.018387
0x2b62864:	140.99823	173.134476	143.075226	141.569519
0x2b62874:	139.757339	150.77977	189.131927	141.399399
0x2b62884:	144.919678	142.951859	144.933594	197.804199
0x2b62894:	139.001236	143.181946	142.918381	138.091537
0x2b628a4:	150.057983	142.114883	144.156036	140.34848
0x2b628b4:	151.114532	145.512009	191.242142	154.789536
0x2b628c4:	166.699402	145.100372
CANDIDATE_TRIM_ENTER candidate=16
Temporary breakpoint 78 at 0x100248df
CANDIDATE_TRIM_RETURN candidate=16 metrics:
0x2b628cc:	83.1245728	85.1976929	73.8319397	127.238983
0x2b628dc:	168.555237	149.375671	147.774414	150.817429
0x2b628ec:	145.040405	133.08728	170.954956	136.25087
0x2b628fc:	153.571396	156.001663	130.953827	143.047363
0x2b6290c:	139.544373	136.727432	143.801819	138.920273
0x2b6291c:	146.289856	156.001663	130.953827	143.047363
0x2b6292c:	139.544373	136.727432	143.801819	138.920273
0x2b6293c:	146.289856	197.800369
CANDIDATE_SCORE_ENTER candidate=17
Temporary breakpoint 79 at 0x100248ce
CANDIDATE_SCORE_RETURN candidate=17 count=30 metrics:
0x2b62944:	0	0	0	0
0x2b62954:	0	0	0	0
0x2b62964:	0	0	0	0
0x2b62974:	0	0	0	0
0x2b62984:	0	0	0	0
0x2b62994:	0	0	0	0
0x2b629a4:	0	0	0	0
0x2b629b4:	0	0
CEP_SCORE_ENTER candidate=17
Temporary breakpoint 80 at 0x100248d6
CEP_SCORE_RETURN candidate=17 metrics:
0x2b628cc:	83.1245728	85.1976929	73.8319397	127.238983
0x2b628dc:	168.555237	149.375671	147.774414	150.817429
0x2b628ec:	145.040405	133.08728	170.954956	136.25087
0x2b628fc:	153.571396	156.001663	130.953827	143.047363
0x2b6290c:	139.544373	136.727432	143.801819	138.920273
0x2b6291c:	146.289856	156.001663	130.953827	143.047363
0x2b6292c:	139.544373	136.727432	143.801819	138.920273
0x2b6293c:	146.289856	197.800369
CANDIDATE_TRIM_ENTER candidate=17
Temporary breakpoint 81 at 0x100248df
CANDIDATE_TRIM_RETURN candidate=17 metrics:
0x2b62944:	83.7794037	87.7807693	88.4517136	89.4906006
0x2b62954:	90.7107086	96.292038	102.2481	91.4039612
0x2b62964:	99.0607681	94.71875	91.105072	102.982979
0x2b62974:	102.669121	91.8562546	94.1745682	101.095078
0x2b62984:	94.1053696	94.2892303	101.061188	100.993759
0x2b62994:	90.4880981	102.321762	92.1188278	94.2892303
0x2b629a4:	101.061188	100.993759	90.4880981	164.815598
0x2b629b4:	102.321762	92.1188278
CANDIDATE_RANK_ENTER first=0 last=17
Temporary breakpoint 82 at 0x10024a30
CANDIDATE_RANK_RETURN first=0 last=17 selected=0 metrics:
0x2b62944:	83.7794037	87.7807693	88.4517136	89.4906006
0x2b62954:	90.7107086	96.292038	102.2481	91.4039612
0x2b62964:	99.0607681	94.71875	91.105072	102.982979
0x2b62974:	102.669121	91.8562546	94.1745682	101.095078
0x2b62984:	94.1053696	94.2892303	101.061188	100.993759
0x2b62994:	90.4880981	102.321762	92.1188278	94.2892303
0x2b629a4:	101.061188	100.993759	90.4880981	164.815598
0x2b629b4:	102.321762	92.1188278
SELECTED_UNIT id=255930
SELECTED_UNIT id=255931
SELECTED_UNIT id=94213
SELECTED_UNIT id=94214
SELECTED_UNIT id=42415
SELECTED_UNIT id=42416
SELECTED_UNIT id=393746
SELECTED_UNIT id=393747
SELECTED_UNIT id=393748
SELECTED_UNIT id=39511
SELECTED_UNIT id=39511
SELECTED_UNIT id=381245
SELECTED_UNIT id=320181
SELECTED_UNIT id=320181
SELECTED_UNIT id=320182
SELECTED_UNIT id=320182
SELECTED_UNIT id=320183
SELECTED_UNIT id=471019
SELECTED_UNIT id=94212
SELECTED_UNIT id=255932
SELECTED_UNIT id=42414
SELECTED_UNIT id=94215
SELECTED_UNIT id=393745
SELECTED_UNIT id=42417
SELECTED_UNIT id=39510
SELECTED_UNIT id=393749
SELECTED_UNIT id=381244
SELECTED_UNIT id=39512
SELECTED_UNIT id=320180
SELECTED_UNIT id=381246
SELECTED_UNIT id=471019
SELECTED_UNIT id=320183
[Inferior 1 (Remote target) exited normally]
Wine-gdb> 0114:0118: create process 'Z:\samples\voicetext_paul.exe'/00000000 @004014C0 (450560<1847>)
0114:0118: create thread I @004014C0
0114:0118: loads DLL C:\windows\system32\ntdll.dll @7BD10000 (2994176<5095>)
0114:0118: loads DLL C:\windows\system32\kernel32.dll @7BB90000 (1466368<19395>)
0114:0118: loads DLL C:\windows\system32\kernelbase.dll @7B650000 (5410816<14148>)
0114:0118: loads DLL C:\windows\system32\msvcrt.dll @7B2A0000 (2715648<8214>)
0114:0118: loads DLL Z:\samples\vt_pau.dll @10000000 (0<0>)
0114:0118: loads DLL C:\windows\system32\WINMM.dll @78D30000 (1474560<4890>)
0114:0118: loads DLL C:\windows\system32\advapi32.dll @7B550000 (958464<7400>)
0114:0118: loads DLL C:\windows\system32\sechost.dll @7B200000 (565248<3163>)
0114:0118: loads DLL C:\windows\system32\ucrtbase.dll @7AEE0000 (3198976<11541>)
0114:0118: loads DLL C:\windows\system32\msacm32.dll @78CB0000 (413696<1982>)
0114:0118: loads DLL C:\windows\system32\user32.dll @7A160000 (5005312<14159>)
0114:0118: loads DLL Z:\samples\zlib1.dll @7A120000 (135680<0>)
0114:0118: loads DLL C:\windows\system32\gdi32.dll @7A640000 (2355200<7390>)
0114:0118: loads DLL C:\windows\system32\win32u.dll @7A0D0000 (221184<1966>)
0114:0118: loads DLL C:\windows\system32\ole32.dll @7A9F0000 (4440064<14323>)
0114:0118: loads DLL C:\windows\system32\combase.dll @7A890000 (1314816<7562>)
0114:0118: loads DLL C:\windows\system32\rpcrt4.dll @79EA0000 (2162688<9274>)
0114:0118: loads DLL C:\windows\system32\coml2.dll @79E40000 (262144<3883>)
0114:0118: loads DLL C:\windows\system32\iphlpapi.dll @779C0000 (487424<4777>)
0114:0118: loads DLL C:\windows\system32\dnsapi.dll @77970000 (258048<1399>)
0114:0118: loads DLL C:\windows\system32\nsi.dll @77940000 (118784<823>)
0114:0118: loads DLL C:\windows\system32\ws2_32.dll @7AE40000 (565248<2279>)
0114:0118: loads DLL C:\windows\system32\tzres.dll @009C0000 (0<0>)
00000114:00000118: unload DLL @009C0000
0114:0118: loads DLL C:\windows\system32\tzres.dll @009C0000 (0<0>)
00000114:00000118: unload DLL @009C0000
0114:0118: loads DLL C:\windows\system32\imm32.dll @782F0000 (401408<2996>)
0114:0118: loads DLL C:\windows\system32\winex11.drv @780F0000 (307200<4314>)
0114:0118: loads DLL C:\windows\system32\uxtheme.dll @78030000 (671744<3646>)
00000114:00000118: exit process (0)
X connection to :99 broken (explicit kill or server shutdown).
