GNU gdb (Ubuntu 15.1-1ubuntu1~24.04.1) 15.1
Copyright (C) 2024 Free Software Foundation, Inc.
License GPLv3+: GNU GPL version 3 or later <http://gnu.org/licenses/gpl.html>
This is free software: you are free to change and redistribute it.
There is NO WARRANTY, to the extent permitted by law.
Type "show copying" and "show warranty" for details.
This GDB was configured as "x86_64-linux-gnu".
Type "show configuration" for configuration details.
For bug reporting instructions, please see:
<https://www.gnu.org/software/gdb/bugs/>.
Find the GDB manual and other documentation resources online at:
    <http://www.gnu.org/software/gdb/documentation/>.

For help, type "help".
Type "apropos word" to search for commands related to "word".
warning: remote target does not support file transfer, attempting to access files from local filesystem.
Reading symbols from /samples/voicetext_paul.exe...
0x7bd64525 in DbgBreakPoint@0 ()
   from /usr/lib/i386-linux-gnu/wine/i386-windows/ntdll.dll
Wine-gdb> Wine-gdb> Wine-gdb> Wine-gdb> Signal        Stop	Print	Pass to program	Description
SIGSEGV       No	No	Yes		Segmentation fault
Wine-gdb> Signal        Stop	Print	Pass to program	Description
SIGSEGV       No	No	Yes		Segmentation fault
Wine-gdb> Breakpoint 1 at 0x10034180
Wine-gdb> >>>>>>>>> > > > >>> > > > >>>Wine-gdb> Wine-gdb> Breakpoint 2 at 0x1000e0c0
Wine-gdb> >>>>>>>>> > > >  >  > >  >  >  >  >  > > >>>Wine-gdb> Wine-gdb> Breakpoint 3 at 0x1003a7b0
Wine-gdb> >>>>>>>>> > > > > >>>Wine-gdb> Wine-gdb> Breakpoint 4 at 0x10007520
Wine-gdb> >>>>>>>> > > > > > > >>> > > > >  >  >  >  >  >  >  > > >>>Wine-gdb> Wine-gdb> Continuing.
PROPER_NAME_ENTRY count=2 second_arg=1
PROPER_NAME_PART index=0 text=0x14e62a6:	"Abbot"
PROPER_NAME_PART index=1 text=0x14e63e6:	"Village"
Temporary breakpoint 5 at 0x10034022
TPP_LOOKUP selector=0x42 key=0x667344:	"Abbot-Village"
Temporary breakpoint 6 at 0x10034234
TPP_RESULT eax=0x660001 output=0x667444:	"201"
PROPER_NAME_RETURN eax=0xffff0001
PROPER_NAME_ENTRY count=2 second_arg=1
PROPER_NAME_PART index=0 text=0x14e62a6:	"Agua"
PROPER_NAME_PART index=1 text=0x14e63e6:	"Dulce"
Temporary breakpoint 7 at 0x10034022
TPP_LOOKUP selector=0x42 key=0x667344:	"Agua-Dulce"
Temporary breakpoint 8 at 0x10034234
TPP_RESULT eax=0x660001 output=0x667444:	"200"
PROPER_NAME_RETURN eax=0xffff0001
CONTEXT_ENTRY count=3
UPSTREAM row=0 source=0 type=0x41 class=0x44 code_byte_25=0 class_byte_26=0 status=0xff surface=0x14e1500:	"Abbot"
UPSTREAM row=1 source=1 type=0x41 class=0x44 code_byte_25=0 class_byte_26=0 status=0xff surface=0x14e1594:	"Village"
UPSTREAM row=2 source=1 type=0x41 class=0x44 code_byte_25=0 class_byte_26=0 status=0xff surface=0x14e1594:	"Village"
Temporary breakpoint 9 at 0x1000e365
CONTEXT_RETURN count=3
ROW index=0 flags=0x50 source=0 class=0 surface=0x16f057d:	"Abbot"
ROW_CODE index=0 bytes:
0x16f059b:	0x05	0x13	0x07	0x39	0x00	0x00	0x00	0x00
0x16f05a3:	0x00	0x00	0x00	0x00	0x00	0x00	0x00	0x00
ROW index=1 flags=0x50 source=1 class=0 surface=0x16f05ed:	"Village"
ROW_CODE index=1 bytes:
0x16f060b:	0x41	0x24	0x2b	0x23	0x29	0x00	0x00	0x00
0x16f0613:	0x00	0x00	0x00	0x00	0x00	0x00	0x00	0x00
ROW index=2 flags=0 source=1 class=0x45 surface=0x16f065d:	"."
ROW_CODE index=2 bytes:
0x16f067b:	0x00	0x00	0x00	0x00	0x00	0x00	0x00	0x00
0x16f0683:	0x00	0x00	0x00	0x00	0x00	0x00	0x00	0x00
TPP_LOOKUP selector=0x46 key=0x66760c:	"Abbot-Village"
Temporary breakpoint 10 at 0x1000e27d
TPP_RESULT eax=0 output=0x66762c:	""
TPP_LOOKUP selector=0x47 key=0x14e1500:	"Abbot"
Temporary breakpoint 11 at 0x1000e04b
TPP_RESULT eax=0xffff0000 output=0x667668:	""
TPP_LOOKUP selector=0x47 key=0x14e1594:	"Village"
Temporary breakpoint 12 at 0x1000e04b
TPP_RESULT eax=0xffff0000 output=0x667668:	""
PROPER_NAME_ENTRY count=2 second_arg=1
PROPER_NAME_PART index=0 text=0x14e62a6:	"Agua"
PROPER_NAME_PART index=1 text=0x14e63e6:	"Dulce"
Temporary breakpoint 13 at 0x10034022
TPP_LOOKUP selector=0x42 key=0x667324:	"Agua-Dulce"
Temporary breakpoint 14 at 0x10034234
TPP_RESULT eax=0x660001 output=0x667424:	"200"
PROPER_NAME_RETURN eax=0xffff0001
PROPER_NAME_ENTRY count=3 second_arg=2
PROPER_NAME_PART index=0 text=0x14e62a6:	"Amelia"
PROPER_NAME_PART index=1 text=0x14e63e6:	"Court"
PROPER_NAME_PART index=2 text=0x14e6526:	"House"
Temporary breakpoint 15 at 0x10034022
TPP_LOOKUP selector=0x43 key=0x667324:	"Amelia-Court-House"
Temporary breakpoint 16 at 0x10034234
TPP_RESULT eax=0x660001 output=0x667424:	"3010"
PROPER_NAME_RETURN eax=0x1
CONTEXT_ENTRY count=3
UPSTREAM row=0 source=0 type=0x41 class=0x44 code_byte_25=0 class_byte_26=0 status=0xff surface=0x14e1500:	"Agua"
UPSTREAM row=1 source=1 type=0x41 class=0x44 code_byte_25=0 class_byte_26=0 status=0xff surface=0x14e1594:	"Dulce"
UPSTREAM row=2 source=1 type=0x41 class=0x44 code_byte_25=0 class_byte_26=0 status=0xff surface=0x14e1594:	"Dulce"
Temporary breakpoint 17 at 0x1000e365
CONTEXT_RETURN count=3
ROW index=0 flags=0x1 source=0 class=0 surface=0x16f057d:	"Agua"
ROW_CODE index=0 bytes:
0x16f059b:	0x02	0x21	0x42	0x07	0x00	0x00	0x00	0x00
0x16f05a3:	0x00	0x00	0x00	0x00	0x00	0x00	0x00	0x00
ROW index=1 flags=0x1 source=1 class=0 surface=0x16f05ed:	"Dulce"
ROW_CODE index=1 bytes:
0x16f060b:	0x15	0x08	0x2b	0x37	0x1d	0x00	0x00	0x00
0x16f0613:	0x00	0x00	0x00	0x00	0x00	0x00	0x00	0x00
ROW index=2 flags=0 source=1 class=0x45 surface=0x16f065d:	"."
ROW_CODE index=2 bytes:
0x16f067b:	0x00	0x00	0x00	0x00	0x00	0x00	0x00	0x00
0x16f0683:	0x00	0x00	0x00	0x00	0x00	0x00	0x00	0x00
TPP_LOOKUP selector=0x46 key=0x6675ec:	"Agua-Dulce"
Temporary breakpoint 18 at 0x1000e27d
TPP_RESULT eax=0 output=0x66760c:	""
TPP_LOOKUP selector=0x47 key=0x14e1500:	"Agua"
Temporary breakpoint 19 at 0x1000e04b
TPP_RESULT eax=0xffff0000 output=0x667648:	""
TPP_LOOKUP selector=0x47 key=0x14e1594:	"Dulce"
Temporary breakpoint 20 at 0x1000e04b
TPP_RESULT eax=0 output=0x667648:	""
PROPER_NAME_ENTRY count=3 second_arg=2
PROPER_NAME_PART index=0 text=0x14e62a6:	"Amelia"
PROPER_NAME_PART index=1 text=0x14e63e6:	"Court"
PROPER_NAME_PART index=2 text=0x14e6526:	"House"
Temporary breakpoint 21 at 0x10034022
TPP_LOOKUP selector=0x43 key=0x667324:	"Amelia-Court-House"
Temporary breakpoint 22 at 0x10034234
TPP_RESULT eax=0x660001 output=0x667424:	"3010"
PROPER_NAME_RETURN eax=0x1
PROPER_NAME_ENTRY count=4 second_arg=3
PROPER_NAME_PART index=0 text=0x14e62a6:	"Cape"
PROPER_NAME_PART index=1 text=0x14e63e6:	"May"
PROPER_NAME_PART index=2 text=0x14e6526:	"Court"
PROPER_NAME_PART index=3 text=0x14e6666:	"House"
Temporary breakpoint 23 at 0x10034022
TPP_LOOKUP selector=0x44 key=0x667324:	"Cape-May-Court-House"
Temporary breakpoint 24 at 0x10034234
TPP_RESULT eax=0x660001 output=0x667424:	"41010"
PROPER_NAME_RETURN eax=0x1
CONTEXT_ENTRY count=4
UPSTREAM row=0 source=0 type=0x41 class=0x44 code_byte_25=0 class_byte_26=0 status=0xff surface=0x14e1500:	"Amelia"
UPSTREAM row=1 source=1 type=0x41 class=0x44 code_byte_25=0 class_byte_26=0 status=0xff surface=0x14e1594:	"Court"
UPSTREAM row=2 source=2 type=0x41 class=0x44 code_byte_25=0 class_byte_26=0 status=0xff surface=0x14e1628:	"House"
UPSTREAM row=3 source=2 type=0x41 class=0x44 code_byte_25=0 class_byte_26=0 status=0xff surface=0x14e1628:	"House"
Temporary breakpoint 25 at 0x1000e365
CONTEXT_RETURN count=4
ROW index=0 flags=0x50 source=0 class=0 surface=0x16f057d:	"Amelia"
ROW_CODE index=0 bytes:
0x16f059b:	0x07	0x2c	0x27	0x2b	0x26	0x07	0x00	0x00
0x16f05a3:	0x00	0x00	0x00	0x00	0x00	0x00	0x00	0x00
ROW index=1 flags=0x50 source=1 class=0 surface=0x16f05ed:	"Court"
ROW_CODE index=1 bytes:
0x16f060b:	0x2a	0x0b	0x36	0x39	0x00	0x00	0x00	0x00
0x16f0613:	0x00	0x00	0x00	0x00	0x00	0x00	0x00	0x00
ROW index=2 flags=0x1 source=2 class=0 surface=0x16f065d:	"House"
ROW_CODE index=2 bytes:
0x16f067b:	0x22	0x0e	0x37	0x00	0x00	0x00	0x00	0x00
0x16f0683:	0x00	0x00	0x00	0x00	0x00	0x00	0x00	0x00
ROW index=3 flags=0 source=2 class=0x45 surface=0x16f06cd:	"."
ROW_CODE index=3 bytes:
0x16f06eb:	0x00	0x00	0x00	0x00	0x00	0x00	0x00	0x00
0x16f06f3:	0x00	0x00	0x00	0x00	0x00	0x00	0x00	0x00
TPP_LOOKUP selector=0x46 key=0x6675ec:	"Amelia-Court"
Temporary breakpoint 26 at 0x1000e27d
TPP_RESULT eax=0xffff0000 output=0x66760c:	""
TPP_LOOKUP selector=0x46 key=0x6675ec:	"Amelia-Court-House"
Temporary breakpoint 27 at 0x1000e27d
TPP_RESULT eax=0 output=0x66760c:	""
TPP_LOOKUP selector=0x47 key=0x14e1500:	"Amelia"
Temporary breakpoint 28 at 0x1000e04b
TPP_RESULT eax=0 output=0x667648:	""
TPP_LOOKUP selector=0x46 key=0x6675ec:	"Court-House"
Temporary breakpoint 29 at 0x1000e27d
TPP_RESULT eax=0xffff0000 output=0x66760c:	""
TPP_LOOKUP selector=0x47 key=0x14e1594:	"Court"
Temporary breakpoint 30 at 0x1000e04b
TPP_RESULT eax=0xffff0000 output=0x667648:	""
TPP_LOOKUP selector=0x47 key=0x14e1628:	"House"
Temporary breakpoint 31 at 0x1000e04b
TPP_RESULT eax=0xffff0000 output=0x667648:	""
PROPER_NAME_ENTRY count=4 second_arg=3
PROPER_NAME_PART index=0 text=0x14e62a6:	"Cape"
PROPER_NAME_PART index=1 text=0x14e63e6:	"May"
PROPER_NAME_PART index=2 text=0x14e6526:	"Court"
PROPER_NAME_PART index=3 text=0x14e6666:	"House"
Temporary breakpoint 32 at 0x10034022
TPP_LOOKUP selector=0x44 key=0x667324:	"Cape-May-Court-House"
Temporary breakpoint 33 at 0x10034234
TPP_RESULT eax=0x660001 output=0x667424:	"41010"
PROPER_NAME_RETURN eax=0x1
PROPER_NAME_ENTRY count=1 second_arg=0
PROPER_NAME_PART index=0 text=0x14e62a6:	"Casa"
Temporary breakpoint 34 at 0x10034022
TPP_LOOKUP selector=0x41 key=0x667324:	"Casa"
Temporary breakpoint 35 at 0x10034234
TPP_RESULT eax=0xffff0000 output=0x667424:	""
PROPER_NAME_RETURN eax=0xffff0000
CONTEXT_ENTRY count=5
UPSTREAM row=0 source=0 type=0x41 class=0x44 code_byte_25=0 class_byte_26=0 status=0xff surface=0x14e1500:	"Cape"
UPSTREAM row=1 source=1 type=0x41 class=0x44 code_byte_25=0 class_byte_26=0 status=0xff surface=0x14e1594:	"May"
UPSTREAM row=2 source=2 type=0x41 class=0x44 code_byte_25=0 class_byte_26=0 status=0xff surface=0x14e1628:	"Court"
UPSTREAM row=3 source=3 type=0x41 class=0x44 code_byte_25=0 class_byte_26=0 status=0xff surface=0x14e16bc:	"House"
UPSTREAM row=4 source=3 type=0x41 class=0x44 code_byte_25=0 class_byte_26=0 status=0xff surface=0x14e16bc:	"House"
Temporary breakpoint 36 at 0x1000e365
CONTEXT_RETURN count=5
ROW index=0 flags=0x50 source=0 class=0 surface=0x16f057d:	"Cape"
ROW_CODE index=0 bytes:
0x16f059b:	0x2a	0x1e	0x35	0x00	0x26	0x07	0x00	0x00
0x16f05a3:	0x00	0x00	0x00	0x00	0x00	0x00	0x00	0x00
ROW index=1 flags=0x50 source=1 class=0 surface=0x16f05ed:	"May"
ROW_CODE index=1 bytes:
0x16f060b:	0x2c	0x1e	0x00	0x39	0x00	0x00	0x00	0x00
0x16f0613:	0x00	0x00	0x00	0x00	0x00	0x00	0x00	0x00
ROW index=2 flags=0x50 source=2 class=0 surface=0x16f065d:	"Court"
ROW_CODE index=2 bytes:
0x16f067b:	0x2a	0x0b	0x36	0x39	0x00	0x00	0x00	0x00
0x16f0683:	0x00	0x00	0x00	0x00	0x00	0x00	0x00	0x00
ROW index=3 flags=0x1 source=3 class=0 surface=0x16f06cd:	"House"
ROW_CODE index=3 bytes:
0x16f06eb:	0x22	0x0e	0x37	0x00	0x00	0x00	0x00	0x00
0x16f06f3:	0x00	0x00	0x00	0x00	0x00	0x00	0x00	0x00
ROW index=4 flags=0 source=3 class=0x45 surface=0x16f073d:	"."
ROW_CODE index=4 bytes:
0x16f075b:	0x00	0x00	0x00	0x00	0x00	0x00	0x00	0x00
0x16f0763:	0x00	0x00	0x00	0x00	0x00	0x00	0x00	0x00
TPP_LOOKUP selector=0x46 key=0x6675ec:	"Cape-May"
Temporary breakpoint 37 at 0x1000e27d
TPP_RESULT eax=0 output=0x66760c:	""
TPP_LOOKUP selector=0x46 key=0x6675ec:	"Cape-May-Court"
Temporary breakpoint 38 at 0x1000e27d
TPP_RESULT eax=0xffff0000 output=0x66760c:	""
TPP_LOOKUP selector=0x46 key=0x6675ec:	"Cape-May-Court-House"
Temporary breakpoint 39 at 0x1000e27d
TPP_RESULT eax=0 output=0x66760c:	""
TPP_LOOKUP selector=0x47 key=0x14e1500:	"Cape"
Temporary breakpoint 40 at 0x1000e04b
TPP_RESULT eax=0xffff0000 output=0x667648:	""
TPP_LOOKUP selector=0x46 key=0x6675ec:	"May-Court"
Temporary breakpoint 41 at 0x1000e27d
TPP_RESULT eax=0xffff0000 output=0x66760c:	""
TPP_LOOKUP selector=0x46 key=0x6675ec:	"May-Court-House"
Temporary breakpoint 42 at 0x1000e27d
TPP_RESULT eax=0xffff0000 output=0x66760c:	""
TPP_LOOKUP selector=0x47 key=0x14e1594:	"May"
Temporary breakpoint 43 at 0x1000e04b
TPP_RESULT eax=0x660001 output=0x667648:	"74"
TPP_NUMERIC_APPLY code=74 first=1 last=0
Temporary breakpoint 44 at 0x1000e06c
TPP_NUMERIC_TOKEN index=1 code_byte_25=74 class_byte_26=49 surface=
0x14e1594:	"May"
TPP_LOOKUP selector=0x46 key=0x6675ec:	"Court-House"
Temporary breakpoint 45 at 0x1000e27d
TPP_RESULT eax=0xffff0000 output=0x66760c:	""
TPP_LOOKUP selector=0x47 key=0x14e1628:	"Court"
Temporary breakpoint 46 at 0x1000e04b
TPP_RESULT eax=0xffff0000 output=0x667648:	""
TPP_LOOKUP selector=0x47 key=0x14e16bc:	"House"
Temporary breakpoint 47 at 0x1000e04b
TPP_RESULT eax=0xffff0000 output=0x667648:	""
PROPER_NAME_ENTRY count=1 second_arg=0
PROPER_NAME_PART index=0 text=0x14e62a6:	"Casa"
Temporary breakpoint 48 at 0x10034022
TPP_LOOKUP selector=0x41 key=0x667324:	"Casa"
Temporary breakpoint 49 at 0x10034234
TPP_RESULT eax=0xffff0000 output=0x667424:	""
PROPER_NAME_RETURN eax=0xffff0000
PROPER_NAME_ENTRY count=3 second_arg=2
PROPER_NAME_PART index=0 text=0x14e62a6:	"Oro"
PROPER_NAME_PART index=1 text=0x14e63e6:	"Mount"
PROPER_NAME_PART index=2 text=0x14e6526:	"Helix"
Temporary breakpoint 50 at 0x10034022
TPP_LOOKUP selector=0x43 key=0x667324:	"Oro-Mount-Helix"
Temporary breakpoint 51 at 0x10034234
TPP_RESULT eax=0xffff0000 output=0x667424:	""
PROPER_NAME_RETURN eax=0xffff0000
PROPER_NAME_ENTRY count=2 second_arg=1
PROPER_NAME_PART index=0 text=0x14e62a6:	"Oro"
PROPER_NAME_PART index=1 text=0x14e63e6:	"Mount"
Temporary breakpoint 52 at 0x10034022
TPP_LOOKUP selector=0x42 key=0x667324:	"Oro-Mount"
Temporary breakpoint 53 at 0x10034234
TPP_RESULT eax=0xffff0000 output=0x667424:	""
PROPER_NAME_RETURN eax=0xffff0000
PROPER_NAME_ENTRY count=1 second_arg=0
PROPER_NAME_PART index=0 text=0x14e62a6:	"Oro"
Temporary breakpoint 54 at 0x10034022
TPP_LOOKUP selector=0x41 key=0x667324:	"Oro"
Temporary breakpoint 55 at 0x10034234
TPP_RESULT eax=0xffff0000 output=0x667424:	""
PROPER_NAME_RETURN eax=0xffff0000
PROPER_NAME_ENTRY count=2 second_arg=1
PROPER_NAME_PART index=0 text=0x14e62a6:	"Mount"
PROPER_NAME_PART index=1 text=0x14e63e6:	"Helix"
Temporary breakpoint 56 at 0x10034022
TPP_LOOKUP selector=0x42 key=0x667324:	"Mount-Helix"
Temporary breakpoint 57 at 0x10034234
TPP_RESULT eax=0xffff0000 output=0x667424:	""
PROPER_NAME_RETURN eax=0xffff0000
PROPER_NAME_ENTRY count=1 second_arg=0
PROPER_NAME_PART index=0 text=0x14e62a6:	"Mount"
Temporary breakpoint 58 at 0x10034022
TPP_LOOKUP selector=0x41 key=0x667324:	"Mount"
Temporary breakpoint 59 at 0x10034234
TPP_RESULT eax=0xffff0000 output=0x667424:	""
PROPER_NAME_RETURN eax=0xffff0000
PROPER_NAME_ENTRY count=1 second_arg=0
PROPER_NAME_PART index=0 text=0x14e62a6:	"Helix"
Temporary breakpoint 60 at 0x10034022
TPP_LOOKUP selector=0x41 key=0x667324:	"Helix"
Temporary breakpoint 61 at 0x10034234
TPP_RESULT eax=0xffff0000 output=0x667424:	""
PROPER_NAME_RETURN eax=0xffff0000
CONTEXT_ENTRY count=6
UPSTREAM row=0 source=0 type=0x41 class=0x44 code_byte_25=0 class_byte_26=0 status=0xff surface=0x14e1500:	"Casa"
UPSTREAM row=1 source=1 type=0x41 class=0x44 code_byte_25=0 class_byte_26=0 status=0xff surface=0x14e1594:	"de"
UPSTREAM row=2 source=2 type=0x41 class=0x44 code_byte_25=0 class_byte_26=0 status=0xff surface=0x14e1628:	"Oro"
UPSTREAM row=3 source=3 type=0x41 class=0x44 code_byte_25=0 class_byte_26=0 status=0xff surface=0x14e16bc:	"Mount"
UPSTREAM row=4 source=4 type=0x41 class=0x44 code_byte_25=0 class_byte_26=0 status=0xff surface=0x14e1750:	"Helix"
UPSTREAM row=5 source=4 type=0x41 class=0x44 code_byte_25=0 class_byte_26=0 status=0xff surface=0x14e1750:	"Helix"
Temporary breakpoint 62 at 0x1000e365
CONTEXT_RETURN count=6
ROW index=0 flags=0x50 source=0 class=0 surface=0x16f057d:	"Casa"
ROW_CODE index=0 bytes:
0x16f059b:	0x2a	0x02	0x37	0x07	0x00	0x07	0x00	0x00
0x16f05a3:	0x00	0x00	0x00	0x00	0x00	0x00	0x00	0x00
ROW index=1 flags=0x9 source=1 class=0x41 surface=0x16f05ed:	"de"
ROW_CODE index=1 bytes:
0x16f060b:	0x15	0x26	0x00	0x39	0x00	0x00	0x00	0x00
0x16f0613:	0x00	0x00	0x00	0x00	0x00	0x00	0x00	0x00
ROW index=2 flags=0x50 source=2 class=0x45 surface=0x16f065d:	"Oro"
ROW_CODE index=2 bytes:
0x16f067b:	0x0b	0x36	0x2f	0x00	0x00	0x00	0x00	0x00
0x16f0683:	0x00	0x00	0x00	0x00	0x00	0x00	0x00	0x00
ROW index=3 flags=0x50 source=3 class=0 surface=0x16f06cd:	"Mount"
ROW_CODE index=3 bytes:
0x16f06eb:	0x2c	0x0e	0x2d	0x39	0x00	0x00	0x00	0x00
0x16f06f3:	0x00	0x00	0x00	0x00	0x00	0x00	0x00	0x00
ROW index=4 flags=0x50 source=4 class=0 surface=0x16f073d:	"Helix"
ROW_CODE index=4 bytes:
0x16f075b:	0x22	0x27	0x2b	0x23	0x2a	0x37	0x00	0x00
0x16f0763:	0x00	0x00	0x00	0x00	0x00	0x00	0x00	0x00
ROW index=5 flags=0 source=4 class=0x45 surface=0x16f07ad:	"."
ROW_CODE index=5 bytes:
0x16f07cb:	0x00	0x00	0x00	0x00	0x00	0x00	0x00	0x00
0x16f07d3:	0x00	0x00	0x00	0x00	0x00	0x00	0x00	0x00
TPP_LOOKUP selector=0x46 key=0x6675ec:	"Casa-de"
Temporary breakpoint 63 at 0x1000e27d
TPP_RESULT eax=0xffff0000 output=0x66760c:	""
TPP_LOOKUP selector=0x46 key=0x6675ec:	"Casa-de-Oro"
Temporary breakpoint 64 at 0x1000e27d
TPP_RESULT eax=0xffff0000 output=0x66760c:	""
TPP_LOOKUP selector=0x46 key=0x6675ec:	"Casa-de-Oro-Mount"
Temporary breakpoint 65 at 0x1000e27d
TPP_RESULT eax=0xffff0000 output=0x66760c:	""
TPP_LOOKUP selector=0x46 key=0x6675ec:	"Casa-de-Oro-Mount-Helix"
Temporary breakpoint 66 at 0x1000e27d
TPP_RESULT eax=0 output=0x66760c:	""
TPP_LOOKUP selector=0x47 key=0x14e1500:	"Casa"
Temporary breakpoint 67 at 0x1000e04b
TPP_RESULT eax=0xffff0000 output=0x667648:	""
TPP_LOOKUP selector=0x46 key=0x6675ec:	"de-Oro"
Temporary breakpoint 68 at 0x1000e27d
TPP_RESULT eax=0xffff0000 output=0x66760c:	""
TPP_LOOKUP selector=0x46 key=0x6675ec:	"de-Oro-Mount"
Temporary breakpoint 69 at 0x1000e27d
TPP_RESULT eax=0xffff0000 output=0x66760c:	""
TPP_LOOKUP selector=0x46 key=0x6675ec:	"de-Oro-Mount-Helix"
Temporary breakpoint 70 at 0x1000e27d
TPP_RESULT eax=0xffff0000 output=0x66760c:	""
TPP_LOOKUP selector=0x47 key=0x14e1594:	"de"
Temporary breakpoint 71 at 0x1000e04b
TPP_RESULT eax=0x660001 output=0x667648:	"40"
TPP_NUMERIC_APPLY code=40 first=1 last=0
Temporary breakpoint 72 at 0x1000e06c
TPP_NUMERIC_TOKEN index=1 code_byte_25=40 class_byte_26=0 surface=
0x14e1594:	"de"
TPP_LOOKUP selector=0x46 key=0x6675ec:	"Oro-Mount"
Temporary breakpoint 73 at 0x1000e27d
TPP_RESULT eax=0xffff0000 output=0x66760c:	""
TPP_LOOKUP selector=0x46 key=0x6675ec:	"Oro-Mount-Helix"
Temporary breakpoint 74 at 0x1000e27d
TPP_RESULT eax=0xffff0000 output=0x66760c:	""
TPP_LOOKUP selector=0x47 key=0x14e1628:	"Oro"
Temporary breakpoint 75 at 0x1000e04b
TPP_RESULT eax=0xffff0000 output=0x667648:	""
TPP_LOOKUP selector=0x46 key=0x6675ec:	"Mount-Helix"
Temporary breakpoint 76 at 0x1000e27d
TPP_RESULT eax=0xffff0000 output=0x66760c:	""
TPP_LOOKUP selector=0x47 key=0x14e16bc:	"Mount"
Temporary breakpoint 77 at 0x1000e04b
TPP_RESULT eax=0xffff0000 output=0x667648:	""
TPP_LOOKUP selector=0x47 key=0x14e1750:	"Helix"
Temporary breakpoint 78 at 0x1000e04b
TPP_RESULT eax=0xffff0000 output=0x667648:	""
[Inferior 1 (Remote target) exited normally]
Wine-gdb> 0180:0184: create process 'Z:\samples\voicetext_paul.exe'/00000000 @004014C0 (450560<1847>)
0180:0184: create thread I @004014C0
0180:0184: loads DLL C:\windows\system32\ntdll.dll @7BD10000 (2994176<5095>)
0180:0184: loads DLL C:\windows\system32\kernel32.dll @7BB90000 (1466368<19395>)
0180:0184: loads DLL C:\windows\system32\kernelbase.dll @7B650000 (5410816<14148>)
0180:0184: loads DLL C:\windows\system32\msvcrt.dll @7B2A0000 (2715648<8214>)
0180:0184: loads DLL Z:\samples\vt_pau.dll @10000000 (0<0>)
0180:0184: loads DLL C:\windows\system32\WINMM.dll @78C50000 (1474560<4890>)
0180:0184: loads DLL C:\windows\system32\advapi32.dll @7B550000 (958464<7400>)
0180:0184: loads DLL C:\windows\system32\sechost.dll @7B200000 (565248<3163>)
0180:0184: loads DLL C:\windows\system32\ucrtbase.dll @7AEE0000 (3198976<11541>)
0180:0184: loads DLL C:\windows\system32\msacm32.dll @78BD0000 (413696<1982>)
0180:0184: loads DLL C:\windows\system32\user32.dll @7A160000 (5005312<14159>)
0180:0184: loads DLL Z:\samples\zlib1.dll @7A120000 (135680<0>)
0180:0184: loads DLL C:\windows\system32\gdi32.dll @7A640000 (2355200<7390>)
0180:0184: loads DLL C:\windows\system32\win32u.dll @7A0D0000 (221184<1966>)
0180:0184: loads DLL C:\windows\system32\ole32.dll @7A9F0000 (4440064<14323>)
0180:0184: loads DLL C:\windows\system32\combase.dll @7A890000 (1314816<7562>)
0180:0184: loads DLL C:\windows\system32\rpcrt4.dll @79EA0000 (2162688<9274>)
0180:0184: loads DLL C:\windows\system32\coml2.dll @79E40000 (262144<3883>)
0180:0184: loads DLL C:\windows\system32\iphlpapi.dll @779C0000 (487424<4777>)
0180:0184: loads DLL C:\windows\system32\dnsapi.dll @77970000 (258048<1399>)
0180:0184: loads DLL C:\windows\system32\nsi.dll @77940000 (118784<823>)
0180:0184: loads DLL C:\windows\system32\ws2_32.dll @7AE40000 (565248<2279>)
0180:0184: loads DLL C:\windows\system32\tzres.dll @009C0000 (0<0>)
00000180:00000184: unload DLL @009C0000
0180:0184: loads DLL C:\windows\system32\tzres.dll @009C0000 (0<0>)
00000180:00000184: unload DLL @009C0000
0180:0184: loads DLL C:\windows\system32\imm32.dll @782F0000 (401408<2996>)
0180:0184: loads DLL C:\windows\system32\winex11.drv @780F0000 (307200<4314>)
0180:0184: loads DLL C:\windows\system32\uxtheme.dll @78030000 (671744<3646>)
00000180:00000184: exit process (0)
