Wine-gdb> Already logging to /probe/stage20/hello-repeat-2006-pairmatrix/legacy-pairmatrix-gdb.log.
Wine-gdb> Hardware assisted breakpoint 1 at 0x1001ec07
Wine-gdb> >>>>> > >>>Wine-gdb> Wine-gdb> Breakpoint 2 at 0x408187
Wine-gdb> >>>>Wine-gdb> Wine-gdb> Continuing.
LEGACY_PAIR_COST_TRACE_READY
LEGACY_PAIR_COST position=1 current=272823 previous=273369 transition=30.8357 previous_path=0.0201681 local=1.27656 total=32.1324 penalty=0
LEGACY_PAIR_COST position=1 current=272823 previous=272822 transition=0 previous_path=0.00243161 local=1.27656 total=1.27899 penalty=0
LEGACY_PAIR_COST position=1 current=272823 previous=92183 transition=7.98222 previous_path=12.0082 local=1.27656 total=21.2669 penalty=0
LEGACY_PAIR_COST position=1 current=272823 previous=262454 transition=31.0631 previous_path=12.0082 local=1.27656 total=44.3478 penalty=0
LEGACY_PAIR_COST position=1 current=272823 previous=195687 transition=9.40616 previous_path=12.0082 local=1.27656 total=22.6909 penalty=0
LEGACY_PAIR_COST position=1 current=272823 previous=182880 transition=32.3711 previous_path=12.0085 local=1.27656 total=45.6562 penalty=0
LEGACY_PAIR_COST position=1 current=272823 previous=204612 transition=39.9176 previous_path=12.0085 local=1.27656 total=53.2027 penalty=0
LEGACY_PAIR_COST position=1 current=272823 previous=200525 transition=12.9339 previous_path=12.032 local=1.27656 total=26.2424 penalty=0
LEGACY_PAIR_COST position=1 current=272823 previous=51310 transition=14.0161 previous_path=12.0348 local=1.27656 total=27.3274 penalty=0
LEGACY_PAIR_COST position=1 current=272823 previous=31795 transition=11.8881 previous_path=12.0348 local=1.27656 total=25.1994 penalty=0
LEGACY_PAIR_COST position=1 current=272823 previous=200614 transition=15.6615 previous_path=12.0348 local=1.27656 total=28.9728 penalty=0
LEGACY_PAIR_COST position=1 current=272823 previous=116320 transition=11.6984 previous_path=12.1455 local=1.27656 total=25.1204 penalty=0
LEGACY_PAIR_COST position=1 current=272823 previous=214148 transition=19.5443 previous_path=12.1455 local=1.27656 total=32.9663 penalty=0
LEGACY_PAIR_COST position=1 current=272823 previous=189906 transition=34.852 previous_path=12.1455 local=1.27656 total=48.274 penalty=0
LEGACY_PAIR_COST position=1 current=272823 previous=178453 transition=25.3266 previous_path=12.1455 local=1.27656 total=38.7486 penalty=0
LEGACY_PAIR_COST position=1 current=272823 previous=179388 transition=7.14071 previous_path=12.2667 local=1.27656 total=20.6839 penalty=0
LEGACY_PAIR_COST position=1 current=272823 previous=129641 transition=12.0305 previous_path=14.0082 local=1.27656 total=27.3152 penalty=0
LEGACY_PAIR_COST position=1 current=272823 previous=20499 transition=10.4577 previous_path=14.0085 local=1.27656 total=25.7428 penalty=0
LEGACY_PAIR_COST position=1 current=272823 previous=1200 transition=8.63593 previous_path=14.032 local=1.27656 total=23.9445 penalty=0
LEGACY_PAIR_COST position=1 current=272823 previous=245736 transition=41.2246 previous_path=14.0348 local=1.27656 total=56.5359 penalty=0
LEGACY_PAIR_COST position=1 current=272823 previous=165351 transition=48.7287 previous_path=14.0706 local=1.27656 total=64.0759 penalty=0
LEGACY_PAIR_COST position=1 current=272823 previous=22451 transition=8.51386 previous_path=14.1887 local=1.27656 total=23.9791 penalty=0
LEGACY_PAIR_COST position=1 current=272823 previous=31347 transition=7.6002 previous_path=14.3564 local=1.27656 total=23.2331 penalty=0
LEGACY_PAIR_COST position=1 current=272823 previous=52542 transition=30.4113 previous_path=14.5684 local=1.27656 total=46.2563 penalty=0
LEGACY_PAIR_COST position=1 current=272823 previous=233533 transition=10.9685 previous_path=14.96 local=1.27656 total=27.205 penalty=0
LEGACY_PAIR_COST position=1 current=272823 previous=25895 transition=22.254 previous_path=20 local=1.27656 total=43.5306 penalty=0
LEGACY_PAIR_COST position=1 current=272823 previous=28430 transition=24.7051 previous_path=20 local=1.27656 total=45.9816 penalty=0
LEGACY_PAIR_COST position=1 current=272823 previous=2525 transition=21.8277 previous_path=20 local=1.27656 total=43.1042 penalty=0
LEGACY_PAIR_COST position=1 current=272823 previous=234795 transition=14.5672 previous_path=20.0082 local=1.27656 total=35.8519 penalty=0
LEGACY_PAIR_COST position=1 current=272823 previous=264663 transition=12.5124 previous_path=20.0085 local=1.27656 total=33.7975 penalty=0
LEGACY_PAIR_COST position=1 current=272823 previous=273369 transition=30.8357 previous_path=0.0201681 local=1.27656 total=32.1324 penalty=0
LEGACY_PAIR_COST position=1 current=272823 previous=272822 transition=0 previous_path=0.00243161 local=1.27656 total=1.27899 penalty=0
LEGACY_PAIR_COST position=1 current=272823 previous=92183 transition=7.98222 previous_path=12.0082 local=1.27656 total=21.2669 penalty=0
LEGACY_PAIR_COST position=1 current=272823 previous=262454 transition=31.0631 previous_path=12.0082 local=1.27656 total=44.3478 penalty=0
LEGACY_PAIR_COST position=1 current=272823 previous=195687 transition=9.40616 previous_path=12.0082 local=1.27656 total=22.6909 penalty=0
LEGACY_PAIR_COST position=1 current=272823 previous=182880 transition=32.3711 previous_path=12.0085 local=1.27656 total=45.6562 penalty=0
LEGACY_PAIR_COST position=1 current=272823 previous=204612 transition=39.9176 previous_path=12.0085 local=1.27656 total=53.2027 penalty=0
LEGACY_PAIR_COST position=1 current=272823 previous=200525 transition=12.9339 previous_path=12.032 local=1.27656 total=26.2424 penalty=0
LEGACY_PAIR_COST position=1 current=272823 previous=51310 transition=14.0161 previous_path=12.0348 local=1.27656 total=27.3274 penalty=0
LEGACY_PAIR_COST position=1 current=272823 previous=31795 transition=11.8881 previous_path=12.0348 local=1.27656 total=25.1994 penalty=0
LEGACY_PAIR_COST position=1 current=272823 previous=200614 transition=15.6615 previous_path=12.0348 local=1.27656 total=28.9728 penalty=0
LEGACY_PAIR_COST position=1 current=272823 previous=116320 transition=11.6984 previous_path=12.1455 local=1.27656 total=25.1204 penalty=0
LEGACY_PAIR_COST position=1 current=272823 previous=214148 transition=19.5443 previous_path=12.1455 local=1.27656 total=32.9663 penalty=0
LEGACY_PAIR_COST position=1 current=272823 previous=189906 transition=34.852 previous_path=12.1455 local=1.27656 total=48.274 penalty=0
LEGACY_PAIR_COST position=1 current=272823 previous=178453 transition=25.3266 previous_path=12.1455 local=1.27656 total=38.7486 penalty=0
LEGACY_PAIR_COST position=1 current=272823 previous=179388 transition=7.14071 previous_path=12.2667 local=1.27656 total=20.6839 penalty=0
LEGACY_PAIR_COST position=1 current=272823 previous=129641 transition=12.0305 previous_path=14.0082 local=1.27656 total=27.3152 penalty=0
LEGACY_PAIR_COST position=1 current=272823 previous=20499 transition=10.4577 previous_path=14.0085 local=1.27656 total=25.7428 penalty=0
LEGACY_PAIR_COST position=1 current=272823 previous=1200 transition=8.63593 previous_path=14.032 local=1.27656 total=23.9445 penalty=0
LEGACY_PAIR_COST position=1 current=272823 previous=245736 transition=41.2246 previous_path=14.0348 local=1.27656 total=56.5359 penalty=0
LEGACY_PAIR_COST position=1 current=272823 previous=165351 transition=48.7287 previous_path=14.0706 local=1.27656 total=64.0759 penalty=0
LEGACY_PAIR_COST position=1 current=272823 previous=22451 transition=8.51386 previous_path=14.1887 local=1.27656 total=23.9791 penalty=0
LEGACY_PAIR_COST position=1 current=272823 previous=31347 transition=7.6002 previous_path=14.3564 local=1.27656 total=23.2331 penalty=0
LEGACY_PAIR_COST position=1 current=272823 previous=52542 transition=30.4113 previous_path=14.5684 local=1.27656 total=46.2563 penalty=0
LEGACY_PAIR_COST position=1 current=272823 previous=233533 transition=10.9685 previous_path=14.96 local=1.27656 total=27.205 penalty=0
LEGACY_PAIR_COST position=1 current=272823 previous=25895 transition=22.254 previous_path=20 local=1.27656 total=43.5306 penalty=0
LEGACY_PAIR_COST position=1 current=272823 previous=28430 transition=24.7051 previous_path=20 local=1.27656 total=45.9816 penalty=0
LEGACY_PAIR_COST position=1 current=272823 previous=2525 transition=21.8277 previous_path=20 local=1.27656 total=43.1042 penalty=0
LEGACY_PAIR_COST position=1 current=272823 previous=234795 transition=14.5672 previous_path=20.0082 local=1.27656 total=35.8519 penalty=0
LEGACY_PAIR_COST position=1 current=272823 previous=264663 transition=12.5124 previous_path=20.0085 local=1.27656 total=33.7975 penalty=0
LEGACY_PAIR_COST position=1 current=272823 previous=273369 transition=30.8357 previous_path=0.0201681 local=1.27656 total=32.1324 penalty=0
LEGACY_PAIR_COST position=1 current=272823 previous=272822 transition=0 previous_path=0.00243161 local=1.27656 total=1.27899 penalty=0
LEGACY_PAIR_COST position=1 current=272823 previous=92183 transition=7.98222 previous_path=12.0082 local=1.27656 total=21.2669 penalty=0
LEGACY_PAIR_COST position=1 current=272823 previous=262454 transition=31.0631 previous_path=12.0082 local=1.27656 total=44.3478 penalty=0
LEGACY_PAIR_COST position=1 current=272823 previous=195687 transition=9.40616 previous_path=12.0082 local=1.27656 total=22.6909 penalty=0
LEGACY_PAIR_COST position=1 current=272823 previous=182880 transition=32.3711 previous_path=12.0085 local=1.27656 total=45.6562 penalty=0
LEGACY_PAIR_COST position=1 current=272823 previous=204612 transition=39.9176 previous_path=12.0085 local=1.27656 total=53.2027 penalty=0
LEGACY_PAIR_COST position=1 current=272823 previous=200525 transition=12.9339 previous_path=12.032 local=1.27656 total=26.2424 penalty=0
LEGACY_PAIR_COST position=1 current=272823 previous=51310 transition=14.0161 previous_path=12.0348 local=1.27656 total=27.3274 penalty=0
LEGACY_PAIR_COST position=1 current=272823 previous=31795 transition=11.8881 previous_path=12.0348 local=1.27656 total=25.1994 penalty=0
LEGACY_PAIR_COST position=1 current=272823 previous=200614 transition=15.6615 previous_path=12.0348 local=1.27656 total=28.9728 penalty=0
LEGACY_PAIR_COST position=1 current=272823 previous=116320 transition=11.6984 previous_path=12.1455 local=1.27656 total=25.1204 penalty=0
LEGACY_PAIR_COST position=1 current=272823 previous=214148 transition=19.5443 previous_path=12.1455 local=1.27656 total=32.9663 penalty=0
LEGACY_PAIR_COST position=1 current=272823 previous=189906 transition=34.852 previous_path=12.1455 local=1.27656 total=48.274 penalty=0
LEGACY_PAIR_COST position=1 current=272823 previous=178453 transition=25.3266 previous_path=12.1455 local=1.27656 total=38.7486 penalty=0
LEGACY_PAIR_COST position=1 current=272823 previous=179388 transition=7.14071 previous_path=12.2667 local=1.27656 total=20.6839 penalty=0
LEGACY_PAIR_COST position=1 current=272823 previous=129641 transition=12.0305 previous_path=14.0082 local=1.27656 total=27.3152 penalty=0
LEGACY_PAIR_COST position=1 current=272823 previous=20499 transition=10.4577 previous_path=14.0085 local=1.27656 total=25.7428 penalty=0
LEGACY_PAIR_COST position=1 current=272823 previous=1200 transition=8.63593 previous_path=14.032 local=1.27656 total=23.9445 penalty=0
LEGACY_PAIR_COST position=1 current=272823 previous=245736 transition=41.2246 previous_path=14.0348 local=1.27656 total=56.5359 penalty=0
LEGACY_PAIR_COST position=1 current=272823 previous=165351 transition=48.7287 previous_path=14.0706 local=1.27656 total=64.0759 penalty=0
LEGACY_PAIR_COST position=1 current=272823 previous=22451 transition=8.51386 previous_path=14.1887 local=1.27656 total=23.9791 penalty=0
LEGACY_PAIR_COST position=1 current=272823 previous=31347 transition=7.6002 previous_path=14.3564 local=1.27656 total=23.2331 penalty=0
LEGACY_PAIR_COST position=1 current=272823 previous=52542 transition=30.4113 previous_path=14.5684 local=1.27656 total=46.2563 penalty=0
LEGACY_PAIR_COST position=1 current=272823 previous=233533 transition=10.9685 previous_path=14.96 local=1.27656 total=27.205 penalty=0
LEGACY_PAIR_COST position=1 current=272823 previous=25895 transition=22.254 previous_path=20 local=1.27656 total=43.5306 penalty=0
LEGACY_PAIR_COST position=1 current=272823 previous=28430 transition=24.7051 previous_path=20 local=1.27656 total=45.9816 penalty=0
LEGACY_PAIR_COST position=1 current=272823 previous=2525 transition=21.8277 previous_path=20 local=1.27656 total=43.1042 penalty=0
LEGACY_PAIR_COST position=1 current=272823 previous=234795 transition=14.5672 previous_path=20.0082 local=1.27656 total=35.8519 penalty=0
LEGACY_PAIR_COST position=1 current=272823 previous=264663 transition=12.5124 previous_path=20.0085 local=1.27656 total=33.7975 penalty=0
warning: Temporarily disabling breakpoints for unloaded shared library "/samples/vt_kat.dll"
[Inferior 1 (Remote target) exited normally]
Wine-gdb> 