Wine-gdb> Already logging to /work/corpus-parity/stage20/hello-slot2-split-override/adapted-query-selector-gdb.log.
Wine-gdb> Wine-gdb> Wine-gdb> Wine-gdb> Wine-gdb> Wine-gdb> Wine-gdb> Hardware assisted breakpoint 1 at 0x10023dc0
Wine-gdb> >>>>>>>>>>> > > > > >>>Wine-gdb> Wine-gdb> Breakpoint 2 at 0x10024060
Wine-gdb> >>>>>>>> > > >  >  >  >  >  > > >>>Wine-gdb> Wine-gdb> Breakpoint 3 at 0x10023060
Wine-gdb> >>> > > > > > > > >  >  >  >  > > > >  >  >  >  >  > >>>Wine-gdb> Wine-gdb> Breakpoint 4 at 0x100242a0
Wine-gdb> >>>>>>> > > > >>>Wine-gdb> Wine-gdb> Breakpoint 5 at 0x10024680
Wine-gdb> >>>> > > > >>>Wine-gdb> Wine-gdb> Breakpoint 6 at 0x1001b200
Wine-gdb> >>> > >>>Wine-gdb> Wine-gdb> Breakpoint 7 at 0x100235f6
Wine-gdb> >>>> > > > >  >  >  >  > > >>>Wine-gdb> Wine-gdb> Breakpoint 8 at 0x1002389a
Wine-gdb> >>>>> > >>>Wine-gdb> Wine-gdb> Hardware assisted breakpoint 9 at 0x408187
Wine-gdb> >>>>Wine-gdb> Wine-gdb> Continuing.
Temporary breakpoint 10 at 0x100249bb
SLOT2_SPLIT_SPLIT_ENTER call=1 slot=0
Temporary breakpoint 11 at 0x10024808
Temporary breakpoint 12 at 0x1001896a
SLOT2_SPLIT_QUERY call=1 key=5a,22,17,a0,00 classes=1
Temporary breakpoint 13 at 0x10018a45
SLOT2_SPLIT_QUERY call=2 key=5a,22,17,98,00 classes=0
SLOT2_SPLIT_METRIC_ENTRY count=1 ids_weights: 32929:75
Temporary breakpoint 14 at 0x10024271
SLOT2_SPLIT_METRIC_RETURN sum=75
SLOT2_SPLIT_SPLIT_RETURN slot=0 sum=75 accepted=1
SLOT2_SPLIT_SPLIT_ENTER call=2 slot=1
Temporary breakpoint 15 at 0x10024808
Temporary breakpoint 16 at 0x1001896a
SLOT2_SPLIT_QUERY call=3 key=22,17,2b,20,00 classes=1
Temporary breakpoint 17 at 0x10018a45
SLOT2_SPLIT_QUERY call=4 key=22,17,2b,18,00 classes=1
Temporary breakpoint 18 at 0x10018a45
SLOT2_SPLIT_QUERY call=5 key=22,17,2b,10,00 classes=0
Temporary breakpoint 19 at 0x10018a45
SLOT2_SPLIT_QUERY call=6 key=22,17,2b,08,00 classes=0
SLOT2_SPLIT_METRIC_ENTRY count=2 ids_weights: 13480:5 13479:4
Temporary breakpoint 20 at 0x10024271
SLOT2_SPLIT_METRIC_RETURN sum=9
SLOT2_SPLIT_OVERRIDE slot=1 sum=9 native=0 overridden=1
SLOT2_SPLIT_SPLIT_ENTER call=3 slot=2
Temporary breakpoint 21 at 0x10024808
Temporary breakpoint 22 at 0x1001896a
SLOT2_SPLIT_QUERY call=7 key=17,2b,2f,00,00 classes=1
Temporary breakpoint 23 at 0x10018a45
SLOT2_SPLIT_QUERY call=8 key=17,2b,2f,08,00 classes=0
SLOT2_SPLIT_METRIC_ENTRY count=1 ids_weights: 9147:5
Temporary breakpoint 24 at 0x10024271
SLOT2_SPLIT_METRIC_RETURN sum=5
SLOT2_SPLIT_OVERRIDE slot=2 sum=5 native=0 overridden=1
SLOT2_SPLIT_SPLIT_ENTER call=4 slot=3
Temporary breakpoint 25 at 0x10024808
Temporary breakpoint 26 at 0x1001896a
SLOT2_SPLIT_QUERY call=9 key=2b,30,5a,45,00 classes=1
Temporary breakpoint 27 at 0x10018a45
SLOT2_SPLIT_QUERY call=10 key=2b,30,5a,4d,00 classes=0
SLOT2_SPLIT_METRIC_ENTRY count=1 ids_weights: 18859:6
Temporary breakpoint 28 at 0x10024271
SLOT2_SPLIT_METRIC_RETURN sum=6
SLOT2_SPLIT_OVERRIDE slot=3 sum=6 native=0 overridden=1
SLOT2_SPLIT_POSITION_BUILDER_RETURN positions=4
CROSSWALK_FINAL_CANDIDATES position=0 count=75 63 233533 222240 220903 214148 211497 208625 208165 207948 206118 205939 204612 200614 200525 198921 197867 195687 189906 233824 233955 279479 273369 272822 271915 271878 270371 268190 267478 264663 264405 262454 258594 255501 252497 248753 245736 234795 182880 179388 51310 50118 32995 31795 31347 28430 25895 22451 20499 19888 18378 13531 6208 5218 3756 2525 1200 52542 88195 178453 169343 167546 165351 158787 149799 146049 129641 116320 113167 111587 100640 100016 99833 97386 92183 279484
CROSSWALK_LOCAL_SCORE position=0 unit=272822 base=-1 span=1 weighted=0 local=9.6
CROSSWALK_LOCAL_SCORE position=0 unit=52542 base=-1 span=1 weighted=0 local=9.6
CROSSWALK_FINAL_CANDIDATES position=1 count=9 53487 96599 268760 272823 273370 13942 36540 264072 272152
CROSSWALK_LOCAL_SCORE position=1 unit=272823 base=-1 span=1 weighted=0 local=26.5764
CROSSWALK_LOCAL_SCORE position=1 unit=264072 base=-1 span=1 weighted=0 local=29.1761
CROSSWALK_FINAL_CANDIDATES position=2 count=5 13943 264073 272153 272824 273371
CROSSWALK_LOCAL_SCORE position=2 unit=264073 base=-1 span=1 weighted=0 local=142.332
CROSSWALK_LOCAL_SCORE position=2 unit=272824 base=-1 span=1 weighted=0 local=173.792
CROSSWALK_FINAL_CANDIDATES position=3 count=6 1869 5170 246677 255282 264074 272825
CROSSWALK_LOCAL_SCORE position=3 unit=264074 base=-1 span=1 weighted=0 local=75.25
CROSSWALK_LOCAL_SCORE position=3 unit=272825 base=-1 span=1 weighted=0 local=71.25
SLOT2_SPLIT_SELECTED_UNIT n=1 id=52542
SLOT2_SPLIT_SELECTED_UNIT n=2 id=273370
SLOT2_SPLIT_SELECTED_UNIT n=3 id=273371
SLOT2_SPLIT_SELECTED_UNIT n=4 id=255282
[Inferior 1 (Remote target) exited normally]
Wine-gdb> 