GNU gdb (Ubuntu 15.1-1ubuntu1~24.04.1) 15.1
Copyright (C) 2024 Free Software Foundation, Inc.
License GPLv3+: GNU GPL version 3 or later <http://gnu.org/licenses/gpl.html>
This is free software: you are free to change and redistribute it.
There is NO WARRANTY, to the extent permitted by law.
Type "show copying" and "show warranty" for details.
This GDB was configured as "x86_64-linux-gnu".
Type "show configuration" for configuration details.
For bug reporting instructions, please see:
<https://www.gnu.org/software/gdb/bugs/>.
Find the GDB manual and other documentation resources online at:
    <http://www.gnu.org/software/gdb/documentation/>.

For help, type "help".
Type "apropos word" to search for commands related to "word".
warning: remote target does not support file transfer, attempting to access files from local filesystem.
Reading symbols from /probe/probe-original-kate-2006.exe...
0x7bd64525 in DbgBreakPoint@0 ()
   from /usr/lib/i386-linux-gnu/wine/i386-windows/ntdll.dll
Wine-gdb> Wine-gdb> Wine-gdb> Wine-gdb> Signal        Stop	Print	Pass to program	Description
SIGSEGV       No	No	Yes		Segmentation fault
Wine-gdb> Wine-gdb> Wine-gdb> Hardware assisted breakpoint 1 at 0x10013cf0
Wine-gdb> >>> > >>>Wine-gdb> Wine-gdb> Hardware assisted breakpoint 2 at 0x408187
Wine-gdb> >>>>Wine-gdb> Wine-gdb> Continuing.
APPLE_OLD_HARDWARE_TRACE_READY
APPLE_OLD_SELECTED_RECORD_HARDWARE n=1 unit_id=177774
APPLE_OLD_SELECTED_RECORD_HARDWARE n=2 unit_id=177774
APPLE_OLD_SELECTED_RECORD_HARDWARE n=3 unit_id=100180
APPLE_OLD_SELECTED_RECORD_HARDWARE n=4 unit_id=59558
APPLE_OLD_SELECTED_RECORD_HARDWARE n=5 unit_id=59559
APPLE_OLD_SELECTED_RECORD_HARDWARE n=6 unit_id=177774
APPLE_OLD_SELECTED_RECORD_HARDWARE n=7 unit_id=177774
APPLE_OLD_SELECTED_RECORD_HARDWARE n=8 unit_id=100180
APPLE_OLD_SELECTED_RECORD_HARDWARE n=9 unit_id=59558
APPLE_OLD_SELECTED_RECORD_HARDWARE n=10 unit_id=59559
APPLE_OLD_SELECTED_RECORD_HARDWARE n=11 unit_id=177774
APPLE_OLD_SELECTED_RECORD_HARDWARE n=12 unit_id=177774
APPLE_OLD_SELECTED_RECORD_HARDWARE n=13 unit_id=100180
APPLE_OLD_SELECTED_RECORD_HARDWARE n=14 unit_id=59558
APPLE_OLD_SELECTED_RECORD_HARDWARE n=15 unit_id=59559
warning: Temporarily disabling breakpoints for unloaded shared library "/samples/vt_kat.dll"
[Inferior 1 (Remote target) exited normally]
Wine-gdb> 0118:011c: create process 'Z:\probe\probe-original-kate-2006.exe'/00000000 @004013E0 (204288<1830>)
0118:011c: create thread I @004013E0
0118:011c: loads DLL C:\windows\system32\ntdll.dll @7BD10000 (2994176<5095>)
0118:011c: loads DLL C:\windows\system32\kernel32.dll @7BB90000 (1466368<19395>)
0118:011c: loads DLL C:\windows\system32\kernelbase.dll @7B650000 (5410816<14148>)
0118:011c: loads DLL C:\windows\system32\msvcrt.dll @7B2A0000 (2715648<8214>)
0118:011c: loads DLL C:\windows\system32\tzres.dll @10000000 (0<0>)
00000118:0000011c: unload DLL @10000000
0118:011c: loads DLL C:\windows\system32\tzres.dll @10000000 (0<0>)
00000118:0000011c: unload DLL @10000000
0118:011c: loads DLL Z:\samples\vt_kat.dll @10000000 (0<0>)
0118:011c: loads DLL C:\windows\system32\WINMM.dll @78C20000 (1474560<4890>)
0118:011c: loads DLL C:\windows\system32\advapi32.dll @7B550000 (958464<7400>)
0118:011c: loads DLL C:\windows\system32\sechost.dll @7B200000 (565248<3163>)
0118:011c: loads DLL C:\windows\system32\ucrtbase.dll @7AEE0000 (3198976<11541>)
0118:011c: loads DLL C:\windows\system32\msacm32.dll @78BA0000 (413696<1982>)
0118:011c: loads DLL C:\windows\system32\user32.dll @7A160000 (5005312<14159>)
0118:011c: loads DLL C:\windows\system32\zlib1.dll @7A120000 (135680<0>)
0118:011c: loads DLL C:\windows\system32\gdi32.dll @7A640000 (2355200<7390>)
0118:011c: loads DLL C:\windows\system32\win32u.dll @7A0D0000 (221184<1966>)
0118:011c: loads DLL C:\windows\system32\ole32.dll @7A9F0000 (4440064<14323>)
0118:011c: loads DLL C:\windows\system32\combase.dll @7A890000 (1314816<7562>)
0118:011c: loads DLL C:\windows\system32\rpcrt4.dll @79EA0000 (2162688<9274>)
0118:011c: loads DLL C:\windows\system32\coml2.dll @79E40000 (262144<3883>)
0118:011c: loads DLL C:\windows\system32\iphlpapi.dll @779C0000 (487424<4777>)
0118:011c: loads DLL C:\windows\system32\dnsapi.dll @77970000 (258048<1399>)
0118:011c: loads DLL C:\windows\system32\nsi.dll @77940000 (118784<823>)
0118:011c: loads DLL C:\windows\system32\ws2_32.dll @7AE40000 (565248<2279>)
0118:011c: loads DLL C:\windows\system32\imm32.dll @782F0000 (401408<2996>)
0118:011c: loads DLL C:\windows\system32\winex11.drv @780F0000 (307200<4314>)
0118:011c: loads DLL C:\windows\system32\uxtheme.dll @78030000 (671744<3646>)
00000118:0000011c: unload DLL @10000000
00000118:0000011c: unload DLL @779C0000
00000118:0000011c: unload DLL @7AE40000
00000118:0000011c: unload DLL @77940000
00000118:0000011c: unload DLL @77970000
00000118:0000011c: unload DLL @78C20000
00000118:0000011c: unload DLL @7A9F0000
00000118:0000011c: unload DLL @79E40000
00000118:0000011c: unload DLL @7A890000
00000118:0000011c: unload DLL @79EA0000
00000118:0000011c: unload DLL @78BA0000
00000118:0000011c: exit process (0)
X connection to :99 broken (explicit kill or server shutdown).
X connection to :99 broken (explicit kill or server shutdown).
