GNU gdb (Ubuntu 15.1-1ubuntu1~24.04.1) 15.1
Copyright (C) 2024 Free Software Foundation, Inc.
License GPLv3+: GNU GPL version 3 or later <http://gnu.org/licenses/gpl.html>
This is free software: you are free to change and redistribute it.
There is NO WARRANTY, to the extent permitted by law.
Type "show copying" and "show warranty" for details.
This GDB was configured as "x86_64-linux-gnu".
Type "show configuration" for configuration details.
For bug reporting instructions, please see:
<https://www.gnu.org/software/gdb/bugs/>.
Find the GDB manual and other documentation resources online at:
    <http://www.gnu.org/software/gdb/documentation/>.

For help, type "help".
Type "apropos word" to search for commands related to "word".
warning: remote target does not support file transfer, attempting to access files from local filesystem.
Reading symbols from /samples/voicetext_kate.exe...
0x7bd64525 in DbgBreakPoint@0 ()
   from /usr/lib/i386-linux-gnu/wine/i386-windows/ntdll.dll
Wine-gdb> Wine-gdb> Wine-gdb> Wine-gdb> Wine-gdb> Breakpoint 1 at 0x10018f17
Wine-gdb> >>>>>>>>Wine-gdb> Wine-gdb> Continuing.
candidate-score lookup current_metric=269 candidate_metric=672 row=0x185cd60 distance=3.71369
score context pair-table=0x14cfa60 feature-context=0x14bf198
0x667630:	0x02527800	0x00000000	0x00000016	0x01990006
0x667640:	0x0000010d	0x00000000	0x0257f60c	0x0256214c
0x667650:	0x00000000	0x000002a0	0x00a35603	0x00667616
0x667660:	0x01e509cc	0x025cc64e	0x004e0020	0x43fa8000
0x667670:	0x006676a8	0x00000001	0x00000001	0x025277cc
0x667680:	0x0258ea2c	0x0258e8b4	0x0258e930	0x00000001
0x185cd50:	0x3fa5e237	0x40009b0b	0x3f775d12	0x00000000
0x185cd60:	0x3fac6400	0x408da169	0x3f947e9b	0x402ae025
#0  0x10018f17 in vt_eng!VT_CsvParser_IsCsv_ENG () from /samples/vt_kat.dll
#1  0x100248d6 in vt_eng!VT_GetDefUserDictRelativeName_ENG ()
   from /samples/vt_kat.dll
#2  0x00000001 in ?? ()
#3  0x024e0020 in ?? ()
#4  0x10024a1f in vt_eng!VT_GetDefUserDictRelativeName_ENG ()
   from /samples/vt_kat.dll
#5  0x00000001 in ?? ()
#6  0x00000041 in ?? ()
#7  0x024e0020 in ?? ()
#8  0x1002c9df in vt_eng!VT_SpeakersInfo_ENG () from /samples/vt_kat.dll
#9  0x100267ef in vt_eng!VT_CopySyncInfo_New_ENG () from /samples/vt_kat.dll
#10 0x10026889 in vt_eng!VT_CopySyncInfo_New_ENG () from /samples/vt_kat.dll
#11 0x1001ea93 in vt_eng!VT_GetDefUserDictRelativeName_ENG ()
   from /samples/vt_kat.dll
#12 0x014bf198 in ?? ()
#13 0x1001e85e in vt_eng!VT_GetDefUserDictRelativeName_ENG ()
   from /samples/vt_kat.dll
#14 0x00667808 in ?? ()
#15 0x1001db47 in vt_eng!VT_TextToFile_ENG () from /samples/vt_kat.dll
#16 0x004016d9 in main () from /samples/voicetext_kate.exe


Fatal signal: Segmentation fault
----- Backtrace -----
0x4d3574 ???
0x5cb4f9 ???
0x5cb68a ???
0x7646caf8532f ???
0x4b746c ???
0x4b90dc ???
0x62cf89 ???
0x64db08 ???
0x766c09 ???
0x913bd5 ???
0x954cbb ???
0x697bec ???
0x43f4d4 ???
0x7646caf6a1c9 ???
0x7646caf6a28a __libc_start_main
0x445544 ???
0xffffffffffffffff ???
---------------------
A fatal error internal to GDB has been detected, further
debugging is not possible.  GDB will now terminate.

This is a bug, please report it.  For instructions, see:
<https://www.gnu.org/software/gdb/bugs/>.

0114:0118: create process 'Z:\samples\voicetext_kate.exe'/00000000 @004014C0 (450560<1847>)
0114:0118: create thread I @004014C0
0114:0118: loads DLL C:\windows\system32\ntdll.dll @7BD10000 (2994176<5095>)
0114:0118: loads DLL C:\windows\system32\kernel32.dll @7BB90000 (1466368<19395>)
0114:0118: loads DLL C:\windows\system32\kernelbase.dll @7B650000 (5410816<14148>)
0114:0118: loads DLL C:\windows\system32\msvcrt.dll @7B2A0000 (2715648<8214>)
0114:0118: loads DLL Z:\samples\vt_kat.dll @10000000 (0<0>)
0114:0118: loads DLL C:\windows\system32\WINMM.dll @78EC0000 (1474560<4890>)
0114:0118: loads DLL C:\windows\system32\advapi32.dll @7B550000 (958464<7400>)
0114:0118: loads DLL C:\windows\system32\sechost.dll @7B200000 (565248<3163>)
0114:0118: loads DLL C:\windows\system32\ucrtbase.dll @7AEE0000 (3198976<11541>)
0114:0118: loads DLL C:\windows\system32\msacm32.dll @78E40000 (413696<1982>)
0114:0118: loads DLL C:\windows\system32\user32.dll @7A160000 (5005312<14159>)
0114:0118: loads DLL Z:\samples\zlib1.dll @7A120000 (135680<0>)
0114:0118: loads DLL C:\windows\system32\gdi32.dll @7A640000 (2355200<7390>)
0114:0118: loads DLL C:\windows\system32\win32u.dll @7A0D0000 (221184<1966>)
0114:0118: loads DLL C:\windows\system32\ole32.dll @7A9F0000 (4440064<14323>)
0114:0118: loads DLL C:\windows\system32\combase.dll @7A890000 (1314816<7562>)
0114:0118: loads DLL C:\windows\system32\rpcrt4.dll @79EA0000 (2162688<9274>)
0114:0118: loads DLL C:\windows\system32\coml2.dll @79E40000 (262144<3883>)
0114:0118: loads DLL C:\windows\system32\iphlpapi.dll @779C0000 (487424<4777>)
0114:0118: loads DLL C:\windows\system32\dnsapi.dll @77970000 (258048<1399>)
0114:0118: loads DLL C:\windows\system32\nsi.dll @77940000 (118784<823>)
0114:0118: loads DLL C:\windows\system32\ws2_32.dll @7AE40000 (565248<2279>)
0114:0118: loads DLL C:\windows\system32\tzres.dll @009C0000 (0<0>)
00000114:00000118: unload DLL @009C0000
0114:0118: loads DLL C:\windows\system32\tzres.dll @009C0000 (0<0>)
00000114:00000118: unload DLL @009C0000
0114:0118: loads DLL C:\windows\system32\imm32.dll @782F0000 (401408<2996>)
0114:0118: loads DLL C:\windows\system32\winex11.drv @780F0000 (307200<4314>)
0114:0118: loads DLL C:\windows\system32\uxtheme.dll @78030000 (671744<3646>)
X connection to :99 broken (explicit kill or server shutdown).
X connection to :99 broken (explicit kill or server shutdown).
