Wine-gdb> Wine-gdb> Wine-gdb> Breakpoint 1 at 0x10019940
Wine-gdb> >>>>>>>> > > > > > > > > >>>Wine-gdb> Wine-gdb> Continuing.
INDEX_LOAD_BEGIN call=1 units=179995 attr_a_ptr=0x1fc0020 key_ptr=0x1dd0020 attr_b_ptr=0x1c4f970
Temporary breakpoint 2 at 0x10019a16
INDEX_LOAD_END call=1 attr_a=0x1fc0020:	0x00	0x00	0x00	0x00	0x00	0x00	0x00	0x00
INDEX_LOAD_END call=1 key=0x1dd0020:	0x00	0x00	0x00	0x00	0x00	0x00	0x00	0x00
0x1dd0028:	0x00	0x00	0x00	0x00	0x00	0x00	0x00	0x00
INDEX_LOAD_END call=1 attr_b=0x1c4f970:	0x0e	0x23	0x22	0x42	0x40	0x13	0x17	0x1f
INDEX_LOAD_BEGIN call=2 units=98133 attr_a_ptr=0x1febf3b key_ptr=0x1f039dd attr_b_ptr=0x1c7b88b
Temporary breakpoint 3 at 0x10019a16
INDEX_LOAD_END call=2 attr_a=0x1febf3b:	0x00	0x00	0x00	0x00	0x00	0x00	0x00	0x00
INDEX_LOAD_END call=2 key=0x1f039dd:	0x00	0x00	0x00	0x00	0x00	0x00	0x00	0x00
0x1f039e5:	0x00	0x00	0x00	0x00	0x00	0x00	0x00	0x00
INDEX_LOAD_END call=2 attr_b=0x1c7b88b:	0x15	0x1e	0x39	0x13	0x3d	0x2a	0x12	0x24
INDEX_LOAD_BEGIN call=3 units=997 attr_a_ptr=0x2003e90 key_ptr=0x1fab530 attr_b_ptr=0x1c937e0
Temporary breakpoint 4 at 0x10019a16
INDEX_LOAD_END call=3 attr_a=0x2003e90:	0x00	0x00	0x00	0x00	0x00	0x00	0x00	0x00
INDEX_LOAD_END call=3 key=0x1fab530:	0x00	0x00	0x00	0x00	0x00	0x00	0x00	0x00
0x1fab538:	0x00	0x00	0x00	0x00	0x00	0x00	0x00	0x00
INDEX_LOAD_END call=3 attr_b=0x1c937e0:	0x80	0x66	0x50	0x25	0x24	0x66	0x4e	0x23
INDEX_LOAD_BEGIN call=4 units=3666 attr_a_ptr=0x2004275 key_ptr=0x1fad073 attr_b_ptr=0x1c93bc5
Temporary breakpoint 5 at 0x10019a16
INDEX_LOAD_END call=4 attr_a=0x2004275:	0x00	0x00	0x00	0x00	0x00	0x00	0x00	0x00
INDEX_LOAD_END call=4 key=0x1fad073:	0x00	0x00	0x00	0x00	0x00	0x00	0x00	0x00
0x1fad07b:	0x00	0x00	0x00	0x00	0x00	0x00	0x00	0x00
INDEX_LOAD_END call=4 attr_b=0x1c93bc5:	0x3a	0x1a	0x43	0x41	0x3c	0x37	0x76	0x34
INDEX_LOAD_BEGIN call=5 units=905 attr_a_ptr=0x20050c7 key_ptr=0x1fb34b1 attr_b_ptr=0x1c94a17
Temporary breakpoint 6 at 0x10019a16
INDEX_LOAD_END call=5 attr_a=0x20050c7:	0x00	0x00	0x00	0x00	0x00	0x00	0x00	0x00
INDEX_LOAD_END call=5 key=0x1fb34b1:	0x00	0x00	0x00	0x00	0x00	0x00	0x00	0x00
0x1fb34b9:	0x00	0x00	0x00	0x00	0x00	0x00	0x00	0x00
INDEX_LOAD_END call=5 attr_b=0x1c94a17:	0x5d	0x5b	0x9d	0x6c	0x49	0x83	0x59	0x61
[Inferior 1 (Remote target) exited normally]
Wine-gdb> 