Wine-gdb> Wine-gdb> Wine-gdb> Wine-gdb> Wine-gdb> Breakpoint 1 at 0x10023af0
Wine-gdb> >>> > > > > > > > > > > > > > > >  >  >  >  >  > > >  >  >  >  >  >   >   >   >  >  >  > >>>Wine-gdb> Wine-gdb> Breakpoint 2 at 0x10023350
Wine-gdb> >>> > > > > > > > >  >  >  > > > >  >  >  >  >  >   >   >   >  >  >  >   >   >   >   >  >  > >>>Wine-gdb> Wine-gdb> Breakpoint 3 at 0x100182e0
Wine-gdb> >>> > > > > > > > > > > >  >  >  >  > >>>Wine-gdb> Wine-gdb> Continuing.
KEY_RANK_ENTRY call=1 limit=30 budget=10000 count=1 signature=0x24e0759:	0x5a	0x16	0x07	0x2b	0x18	0x61	0x00
KEY_CANDIDATE call=1 index=0 class_id=22588 duration=1 key=0x204b13c:	0x16	0x07	0x2b	0x20	0x00
Temporary breakpoint 4 at 0x10024164
KEY_RANK_RETURN call=1 selected=1 class_ids=22588 
KEY_RANK_ENTRY call=2 limit=30 budget=10000 count=1 signature=0x24e0b19:	0x07	0x2b	0x18	0x21	0x07	0x08	0x00
KEY_CANDIDATE call=2 index=0 class_id=31421 duration=1 key=0x2055dc1:	0x2b	0x18	0x21	0x00	0x00
Temporary breakpoint 5 at 0x10024164
KEY_RANK_RETURN call=2 selected=1 class_ids=31421 
KEY_RANK_ENTRY call=3 limit=30 budget=10000 count=1 signature=0x24e0b20:	0x2b	0x18	0x21	0x07	0x37	0x00	0x00
KEY_CANDIDATE call=3 index=0 class_id=23054 duration=1 key=0x204ba56:	0x17	0x21	0x07	0x00	0x00
Temporary breakpoint 6 at 0x10024164
KEY_RANK_RETURN call=3 selected=1 class_ids=23054 
FINAL_RANK_ENTRY call=1 context=0 input_count=6 input_ids=43021 43022 43023 43024 43025 43026 
Temporary breakpoint 7 at 0x100249d5
CEP_PROSODY_ENTRY call=1 unit=248130 scale=1 target=0x25cc648:	0x00	0x00	0x00	0x00	0x01	0x01	0x00
CEP_PROSODY_FEATURE_VIEW=0x6676cc:	0x08	0x0c	0x0c	0x00	0xf4	0x76	0x66	0x00
0x6676d4:	0xd5	0x49
Temporary breakpoint 8 at 0x1002389a
CEP_PROSODY_RETURN call=1 cost=504.296
CEP_PROSODY_ENTRY call=2 unit=209630 scale=1 target=0x25cc648:	0x00	0x00	0x00	0x00	0x01	0x01	0x00
CEP_PROSODY_FEATURE_VIEW=0x6676cc:	0x08	0x0c	0x0c	0x00	0xf4	0x76	0x66	0x00
0x6676d4:	0xd5	0x49
Temporary breakpoint 9 at 0x1002389a
CEP_PROSODY_RETURN call=2 cost=503.057
CEP_PROSODY_ENTRY call=3 unit=208865 scale=1 target=0x25cc648:	0x00	0x00	0x00	0x00	0x01	0x01	0x00
CEP_PROSODY_FEATURE_VIEW=0x6676cc:	0x08	0x0c	0x0c	0x00	0xf4	0x76	0x66	0x00
0x6676d4:	0xd5	0x49
Temporary breakpoint 10 at 0x1002389a
CEP_PROSODY_RETURN call=3 cost=501.32
CEP_PROSODY_ENTRY call=4 unit=164332 scale=1 target=0x25cc648:	0x00	0x00	0x00	0x00	0x01	0x01	0x00
CEP_PROSODY_FEATURE_VIEW=0x6676cc:	0x08	0x0c	0x0c	0x00	0xf4	0x76	0x66	0x00
0x6676d4:	0xd5	0x49
Temporary breakpoint 11 at 0x1002389a
CEP_PROSODY_RETURN call=4 cost=526.501
CEP_PROSODY_ENTRY call=5 unit=158972 scale=1 target=0x25cc648:	0x00	0x00	0x00	0x00	0x01	0x01	0x00
CEP_PROSODY_FEATURE_VIEW=0x6676cc:	0x08	0x0c	0x0c	0x00	0xf4	0x76	0x66	0x00
0x6676d4:	0xd5	0x49
Temporary breakpoint 12 at 0x1002389a
CEP_PROSODY_RETURN call=5 cost=514.429
CEP_PROSODY_ENTRY call=6 unit=158342 scale=1 target=0x25cc648:	0x00	0x00	0x00	0x00	0x01	0x01	0x00
CEP_PROSODY_FEATURE_VIEW=0x6676cc:	0x08	0x0c	0x0c	0x00	0xf4	0x76	0x66	0x00
0x6676d4:	0xd5	0x49
Temporary breakpoint 13 at 0x1002389a
CEP_PROSODY_RETURN call=6 cost=513.166
CEP_PROSODY_ENTRY call=7 unit=156712 scale=1 target=0x25cc648:	0x00	0x00	0x00	0x00	0x01	0x01	0x00
CEP_PROSODY_FEATURE_VIEW=0x6676cc:	0x08	0x0c	0x0c	0x00	0xf4	0x76	0x66	0x00
0x6676d4:	0xd5	0x49
Temporary breakpoint 14 at 0x1002389a
CEP_PROSODY_RETURN call=7 cost=504.812
CEP_PROSODY_ENTRY call=8 unit=156647 scale=1 target=0x25cc648:	0x00	0x00	0x00	0x00	0x01	0x01	0x00
CEP_PROSODY_FEATURE_VIEW=0x6676cc:	0x08	0x0c	0x0c	0x00	0xf4	0x76	0x66	0x00
0x6676d4:	0xd5	0x49
Temporary breakpoint 15 at 0x1002389a
CEP_PROSODY_RETURN call=8 cost=506.76
FINAL_RANK_RETURN call=1 selected=30 unit_ids=82917 218710 214120 219960 247700 208865 117012 85097 258655 122697 
FINAL_RANK_COSTS call=1
FINAL_COST position=0 unit=82917 score=501 duration_penalty=2 context_penalty=0
FINAL_COST position=1 unit=218710 score=501.024 duration_penalty=2 context_penalty=0
FINAL_COST position=2 unit=214120 score=501.089 duration_penalty=2 context_penalty=0
FINAL_COST position=3 unit=219960 score=501.089 duration_penalty=2 context_penalty=0
FINAL_COST position=4 unit=247700 score=501.32 duration_penalty=2 context_penalty=0
FINAL_COST position=5 unit=208865 score=501.32 duration_penalty=2 context_penalty=0
FINAL_COST position=6 unit=117012 score=501.476 duration_penalty=2 context_penalty=0
FINAL_COST position=7 unit=85097 score=501.476 duration_penalty=2 context_penalty=0
FINAL_COST position=8 unit=258655 score=501.655 duration_penalty=2 context_penalty=0
FINAL_COST position=9 unit=122697 score=502.067 duration_penalty=2 context_penalty=0
FINAL_RANK_ENTRY call=2 context=1 input_count=18 input_ids=2376 20436 21689 22660 25877 30373 36020 37519 
Temporary breakpoint 16 at 0x100248ce
FINAL_RANK_RETURN call=2 selected=30 unit_ids=221415 208865 209630 214120 218710 219960 70622 223220 73342 155357 
FINAL_RANK_COSTS call=2
FINAL_COST position=0 unit=221415 score=503.613 duration_penalty=2 context_penalty=0
FINAL_COST position=1 unit=208865 score=501.32 duration_penalty=2 context_penalty=0
FINAL_COST position=2 unit=209630 score=503.057 duration_penalty=2 context_penalty=0
FINAL_COST position=3 unit=214120 score=501.089 duration_penalty=2 context_penalty=0
FINAL_COST position=4 unit=218710 score=501.024 duration_penalty=2 context_penalty=0
FINAL_COST position=5 unit=219960 score=501.089 duration_penalty=2 context_penalty=0
FINAL_COST position=6 unit=70622 score=503.057 duration_penalty=2 context_penalty=0
FINAL_COST position=7 unit=223220 score=503.613 duration_penalty=2 context_penalty=0
FINAL_COST position=8 unit=73342 score=502.296 duration_penalty=2 context_penalty=0
FINAL_COST position=9 unit=155357 score=502.538 duration_penalty=2 context_penalty=0
FINAL_RANK_ENTRY call=3 context=2 input_count=30 input_ids=22561 22566 22574 22577 22588 22594 22600 22608 
Temporary breakpoint 17 at 0x100248ce
FINAL_RANK_RETURN call=3 selected=30 unit_ids=128742 95990 209430 244840 103567 97682 167587 150957 88722 143837 
FINAL_RANK_COSTS call=3
FINAL_COST position=0 unit=128742 score=45.2222 duration_penalty=2 context_penalty=0
FINAL_COST position=1 unit=95990 score=36.5811 duration_penalty=1 context_penalty=0
FINAL_COST position=2 unit=209430 score=38.6821 duration_penalty=1 context_penalty=0
FINAL_COST position=3 unit=244840 score=40.2349 duration_penalty=1 context_penalty=0
FINAL_COST position=4 unit=103567 score=40.381 duration_penalty=1 context_penalty=0
FINAL_COST position=5 unit=97682 score=40.9662 duration_penalty=1 context_penalty=0
FINAL_COST position=6 unit=167587 score=41.0962 duration_penalty=1 context_penalty=0
FINAL_COST position=7 unit=150957 score=41.2035 duration_penalty=1 context_penalty=0
FINAL_COST position=8 unit=88722 score=41.3756 duration_penalty=1 context_penalty=0
FINAL_COST position=9 unit=143837 score=41.6676 duration_penalty=1 context_penalty=0
[Inferior 1 (Remote target) exited normally]
Wine-gdb> 