Wine-gdb> Wine-gdb> Wine-gdb> Breakpoint 1 at 0x10019940
Wine-gdb> >>>>>>>> > > > > > > > > >>>Wine-gdb> Wine-gdb> Continuing.
INDEX_LOAD_BEGIN call=1 units=179995 attr_a_ptr=0x1fc0020 key_ptr=0x1dd0020 attr_b_ptr=0x1c4f970
Temporary breakpoint 2 at 0x10019a16
INDEX_LOAD_END call=1 attr_a=0x1fc0020:	0x00	0x00	0x00	0x00	0x00	0x00	0x00	0x00
INDEX_LOAD_END call=1 key=0x1dd0020:	0x01	0x00	0x00	0x00	0x01	0x01	0x01	0x01
0x1dd0028:	0x01	0x01	0x01	0x01	0x01	0x01	0x01	0x01
INDEX_LOAD_END call=1 attr_b=0x1c4f970:	0x00	0x00	0x00	0x00	0x00	0x00	0x00	0x00
INDEX_LOAD_BEGIN call=2 units=98133 attr_a_ptr=0x1febf3b key_ptr=0x1f039dd attr_b_ptr=0x1c7b88b
Temporary breakpoint 3 at 0x10019a16
INDEX_LOAD_END call=2 attr_a=0x1febf3b:	0x00	0x00	0x00	0x00	0x00	0x00	0x00	0x00
INDEX_LOAD_END call=2 key=0x1f039dd:	0x01	0x01	0x01	0x00	0x01	0x01	0x01	0x01
0x1f039e5:	0x00	0x01	0x01	0x01	0x01	0x01	0x01	0x01
INDEX_LOAD_END call=2 attr_b=0x1c7b88b:	0x00	0x00	0x00	0x00	0x00	0x00	0x00	0x00
INDEX_LOAD_BEGIN call=3 units=997 attr_a_ptr=0x2003e90 key_ptr=0x1fab530 attr_b_ptr=0x1c937e0
Temporary breakpoint 4 at 0x10019a16
INDEX_LOAD_END call=3 attr_a=0x2003e90:	0x00	0x00	0x00	0x00	0x00	0x00	0x00	0x00
INDEX_LOAD_END call=3 key=0x1fab530:	0x00	0x00	0x01	0x01	0x01	0x00	0x01	0x01
0x1fab538:	0x01	0x01	0x00	0x00	0x01	0x01	0x01	0x01
INDEX_LOAD_END call=3 attr_b=0x1c937e0:	0x00	0x00	0x00	0x00	0x00	0x00	0x00	0x00
INDEX_LOAD_BEGIN call=4 units=3666 attr_a_ptr=0x2004275 key_ptr=0x1fad073 attr_b_ptr=0x1c93bc5
Temporary breakpoint 5 at 0x10019a16
INDEX_LOAD_END call=4 attr_a=0x2004275:	0x00	0x00	0x00	0x00	0x00	0x00	0x00	0x00
INDEX_LOAD_END call=4 key=0x1fad073:	0x01	0x01	0x00	0x00	0x00	0x00	0x00	0x00
0x1fad07b:	0x00	0x00	0x00	0x00	0x00	0x00	0x00	0x00
INDEX_LOAD_END call=4 attr_b=0x1c93bc5:	0x00	0x00	0x00	0x00	0x00	0x00	0x00	0x00
INDEX_LOAD_BEGIN call=5 units=905 attr_a_ptr=0x20050c7 key_ptr=0x1fb34b1 attr_b_ptr=0x1c94a17
Temporary breakpoint 6 at 0x10019a16
INDEX_LOAD_END call=5 attr_a=0x20050c7:	0x00	0x00	0x00	0x00	0x00	0x00	0x00	0x00
INDEX_LOAD_END call=5 key=0x1fb34b1:	0x01	0x01	0x00	0x01	0x01	0x00	0x01	0x01
0x1fb34b9:	0x00	0x01	0x01	0x00	0x01	0x01	0x00	0x01
INDEX_LOAD_END call=5 attr_b=0x1c94a17:	0x00	0x00	0x00	0x00	0x00	0x00	0x00	0x00
[Inferior 1 (Remote target) exited normally]
Wine-gdb> 