GNU gdb (Ubuntu 15.1-1ubuntu1~24.04.1) 15.1
Copyright (C) 2024 Free Software Foundation, Inc.
License GPLv3+: GNU GPL version 3 or later <http://gnu.org/licenses/gpl.html>
This is free software: you are free to change and redistribute it.
There is NO WARRANTY, to the extent permitted by law.
Type "show copying" and "show warranty" for details.
This GDB was configured as "x86_64-linux-gnu".
Type "show configuration" for configuration details.
For bug reporting instructions, please see:
<https://www.gnu.org/software/gdb/bugs/>.
Find the GDB manual and other documentation resources online at:
    <http://www.gnu.org/software/gdb/documentation/>.

For help, type "help".
Type "apropos word" to search for commands related to "word".
warning: remote target does not support file transfer, attempting to access files from local filesystem.
Reading symbols from /samples/voicetext_kate.exe...
0x7bd64525 in DbgBreakPoint@0 ()
   from /usr/lib/i386-linux-gnu/wine/i386-windows/ntdll.dll
Wine-gdb> Wine-gdb> Wine-gdb> Wine-gdb> Signal        Stop	Print	Pass to program	Description
SIGSEGV       No	No	Yes		Segmentation fault
Wine-gdb> Signal        Stop	Print	Pass to program	Description
SIGSEGV       No	No	Yes		Segmentation fault
Wine-gdb> Wine-gdb> Wine-gdb> Wine-gdb> Wine-gdb> Breakpoint 1 at 0x10001670
Wine-gdb> >>>>>>>>> > > > >>>Wine-gdb> Wine-gdb> Breakpoint 2 at 0x100016a0
Wine-gdb> >>>>>>>>>> > > > > >>>Wine-gdb> Wine-gdb> Breakpoint 3 at 0x1001b200
Wine-gdb> >>>>>Wine-gdb> Wine-gdb> Breakpoint 4 at 0x1002c220
Wine-gdb> >>>>>>>>> > > > > >  >  >  >  > > >>>Wine-gdb> Wine-gdb> Continuing.
TREE_SCALAR n=1 tree=0x100fee60 features:
0x667630:	15	18	12	4	0	0	0	0
0x667640:	0	0	-30223	-103	30324	102	30561	4096
Temporary breakpoint 5 at 0x10003052
TREE_SCALAR_VALUE n=1 value=26
TREE_SCALAR n=2 tree=0x100fef40 features:
0x667630:	23	15	18	12	4	0	0	26
0x667640:	0	0	-30223	-103	30324	102	30561	4096
Temporary breakpoint 6 at 0x10003052
TREE_SCALAR_VALUE n=2 value=53
TREE_SCALAR n=3 tree=0x100fefe8 features:
0x667630:	0	23	15	18	12	4	0	53
0x667640:	26	0	-30223	-103	30324	102	30561	4096
Temporary breakpoint 7 at 0x10003052
TREE_SCALAR_VALUE n=3 value=64
TREE_SCALAR n=4 tree=0x100fef94 features:
0x667630:	0	0	23	15	18	12	4	64
0x667640:	53	26	-30223	-103	30324	102	30561	4096
Temporary breakpoint 8 at 0x10003052
TREE_SCALAR_VALUE n=4 value=13
TREE_SCALAR n=5 tree=0x100ff074 features:
0x667630:	0	0	0	23	15	18	12	13
0x667640:	64	53	-30223	-103	30324	102	30561	4096
Temporary breakpoint 9 at 0x10003052
TREE_SCALAR_VALUE n=5 value=77
TREE_SCALAR n=6 tree=0x1470220 features:
0x6676bc:	1	1	2	2	1	3	1	1
0x6676cc:	0	118	95	0	0	0	1	4099
Temporary breakpoint 10 at 0x10013086
TREE_SCALAR_VALUE n=6 value=30
TREE_SCALAR n=7 tree=0x14bf308 features:
0x6676ec:	16	40	11	0	1	1	1	2
0x6676fc:	1	0	2468	590	112	590	1740	590
Temporary breakpoint 11 at 0x100134e1
TREE_SCALAR_VALUE n=7 value=1207
TREE_SCALAR n=8 tree=0x14bf27c features:
0x6676ec:	11	16	21	0	1	1	1	2
0x6676fc:	2	0	2468	590	112	590	1742	590
Temporary breakpoint 12 at 0x1001344e
TREE_SCALAR_VALUE n=8 value=555
TREE_SCALAR n=9 tree=0x14bf340 features:
0x6676ec:	21	11	25	0	1	3	2	2
0x6676fc:	1	0	2470	590	112	590	1744	590
Temporary breakpoint 13 at 0x1001350b
TREE_SCALAR_VALUE n=9 value=1740
TREE_SCALAR n=10 tree=0x14bf2b4 features:
0x6676ec:	25	21	42	1	1	3	2	2
0x6676fc:	2	0	2470	590	112	590	1746	590
Temporary breakpoint 14 at 0x1001347e
TREE_SCALAR_VALUE n=10 value=2647
TREE_SCALAR n=11 tree=0x14bf35c features:
0x6676ec:	36	42	12	0	3	1	3	1
0x6676fc:	1	0	3428	590	112	590	2700	590
Temporary breakpoint 15 at 0x10013520
TREE_SCALAR_VALUE n=11 value=1600
TREE_SCALAR n=12 tree=0x14bf2d0 features:
0x6676ec:	12	36	21	1	3	1	3	1
0x6676fc:	2	0	3428	590	112	590	2702	590
Temporary breakpoint 16 at 0x10013496
TREE_SCALAR_VALUE n=12 value=3098
TREE_SCALAR n=13 tree=0x14bf340 features:
0x6676ec:	21	12	9	0	3	1	3	1
0x6676fc:	3	0	3428	590	112	590	2704	590
Temporary breakpoint 17 at 0x1001350b
TREE_SCALAR_VALUE n=13 value=2371
TREE_SCALAR n=14 tree=0x14bf2ec features:
0x6676ec:	9	21	40	0	3	1	3	1
0x6676fc:	3	0	3428	590	112	590	2706	590
Temporary breakpoint 18 at 0x100134cc
TREE_SCALAR_VALUE n=14 value=1065
TREE_SCALAR n=15 tree=0x14bf378 features:
0x6676f0:	2	11	0	3	1	1	0	3
0x667700:	1	1	2	590	112	590	0	0
Temporary breakpoint 19 at 0x10013984
TREE_SCALAR_VALUE n=15 value=0
TREE_VECTOR n=16 tree=0x14bf3e8 features:
0x6676f0:	2	11	0	3	1	1	0	3
0x667700:	1	1	2	0	112	590	0	0
Temporary breakpoint 20 at 0x100139b6
TREE_VECTOR_VALUE n=16 values:
0x24f7dc0:	20492	0	0	0	0	0	0	0
0x24f7dd0:	0	0	0	0
TREE_SCALAR n=17 tree=0x14bf378 features:
0x6676f0:	5	25	1	0	3	3	1	4
0x667700:	2	1	2	0	112	590	0	0
Temporary breakpoint 21 at 0x10013984
TREE_SCALAR_VALUE n=17 value=0
TREE_VECTOR n=18 tree=0x14bf3e8 features:
0x6676f0:	5	25	1	0	3	3	1	4
0x667700:	2	1	2	0	112	590	0	0
Temporary breakpoint 22 at 0x100139b6
TREE_VECTOR_VALUE n=18 values:
0x24f7dde:	20492	0	0	0	0	0	0	0
0x24f7dee:	0	0	0	0
TREE_SCALAR n=19 tree=0x14bf3b0 features:
0x6676f0:	6	12	1	3	3	1	0	4
0x667700:	3	3	1	0	112	590	1	0
Temporary breakpoint 23 at 0x10013984
TREE_SCALAR_VALUE n=19 value=2
TREE_VECTOR n=20 tree=0x14bf420 features:
0x6676f0:	6	12	1	3	3	1	0	4
0x667700:	3	3	1	2	112	590	1	0
Temporary breakpoint 24 at 0x100139b6
TREE_VECTOR_VALUE n=20 values:
0x24f7dfc:	24588	0	0	0	0	0	0	0
0x24f7e0c:	0	0	0	0
SELECTED_UNIT n=1 id=280411
SELECTED_UNIT n=2 id=276348
SELECTED_UNIT n=3 id=265071
SELECTED_UNIT n=4 id=278054
SELECTED_UNIT n=5 id=263578
SELECTED_UNIT n=6 id=118259
SELECTED_UNIT n=7 id=84762
SELECTED_UNIT n=8 id=223008
SELECTED_UNIT n=9 id=69642
SELECTED_UNIT n=10 id=69642
SELECTED_UNIT n=11 id=46972
SELECTED_UNIT n=12 id=37644
SELECTED_UNIT n=13 id=27307
SELECTED_UNIT n=14 id=252716
SELECTED_UNIT n=15 id=82957
SELECTED_UNIT n=16 id=82957
TIMELINE_ENTRY n=1 start=0 input_count=16
Temporary breakpoint 25 at 0x1002bde9
TIMELINE_RETURN n=1 records=16
TIMELINE_ROW i=0 words:
0x25cde18:	0x00000064	0x00000064	0x000000c8	0x000001b6
0x25cde28:	0x00030000	0x001f7b0c	0x025fb26c	0x0000a252
0x25cde38:	0x004e0005	0x02010058	0x00000000	0x00000000
0x25cde48:	0x00220000
TIMELINE_ROW i=1 words:
0x25cde4c:	0x00000064	0x00000064	0x000000c8	0x000001cc
0x25cde5c:	0x00010001	0x04530632	0x025fb284	0x001a4fb4
0x25cde6c:	0x00420007	0x02020042	0x00000000	0x00000000
0x25cde7c:	0x00220000
TIMELINE_ROW i=2 words:
0x25cde80:	0x00000064	0x00000064	0x000000c8	0x000003ea
0x25cde90:	0x00010002	0x03cd0ee0	0x025fb29c	0x001735c9
0x25cdea0:	0x004a000d	0x0201004c	0x00000000	0x00000001
0x25cdeb0:	0x00170000
TIMELINE_ROW i=3 words:
0x25cdeb4:	0x00000064	0x00000064	0x000000c8	0x00000400
0x25cdec4:	0x00010003	0x046a148a	0x025fb2b4	0x001ad0ac
0x25cded4:	0x0052000d	0x0202004e	0x00000000	0x00000001
0x25cdee4:	0x00170000
TIMELINE_ROW i=4 words:
0x25cdee8:	0x00000064	0x00000064	0x000000c8	0x0000018c
0x25cdef8:	0x00010004	0x03bb58c0	0x025fb2cc	0x0016c96c
0x25cdf08:	0x004c0005	0x02010052	0x00000000	0x00000002
0x25cdf18:	0x002b0000
TIMELINE_ROW i=5 words:
0x25cdf1c:	0x00000064	0x00000064	0x000000c8	0x00000192
0x25cdf2c:	0x00000005	0x0572f778	0x025fb2e4	0x0020a8f2
0x25cdf3c:	0x00500005	0x02020054	0x00000000	0x00000002
0x25cdf4c:	0x002b0000
TIMELINE_ROW i=6 words:
0x25cdf50:	0x00000064	0x00000064	0x000000c8	0x00000150
0x25cdf60:	0x00000006	0x040e6d78	0x025fb2fc	0x00183f73
0x25cdf70:	0x00520004	0x0201005a	0x00000000	0x00000003
0x25cdf80:	0x00300000
TIMELINE_ROW i=7 words:
0x25cdf84:	0x00000064	0x00000064	0x000000c8	0x000002f4
0x25cdf94:	0x00010007	0x01ca08c8	0x025fb314	0x000b1b41
0x25cdfa4:	0x00520009	0x02020056	0x00000000	0x00000003
0x25cdfb4:	0x00300000
TIMELINE_ROW i=8 words:
0x25cdfb8:	0x00000064	0x00000064	0x000000c8	0x00000b58
0x25cdfc8:	0x00000008	0x035fcea4	0x025fb32c	0x00141a60
0x25cdfd8:	0x00620019	0x02010082	0x00000001	0x00000000
0x25cdfe8:	0x00420000
TIMELINE_ROW i=9 words:
0x25cdfec:	0x00000064	0x00000064	0x000000c8	0x00000350
0x25cdffc:	0x00000009	0x035fd97a	0x025fb344	0x00141a78
0x25ce00c:	0x00820007	0x02020070	0x00000001	0x00000000
0x25ce01c:	0x00420000
TIMELINE_ROW i=10 words:
0x25ce020:	0x00000064	0x00000064	0x000000c8	0x0000014a
0x25ce030:	0x0000000a	0x025587f0	0x025fb35c	0x000deb2c
0x25ce040:	0x006c0003	0x0201006a	0x00000001	0x00000001
0x25ce050:	0x001b0000
TIMELINE_ROW i=11 words:
0x25ce054:	0x00000064	0x00000064	0x000000c8	0x000001f8
0x25ce064:	0x0000000b	0x01e0b8c4	0x025fb374	0x000b2e9a
0x25ce074:	0x008a0005	0x02020056	0x00000001	0x00000001
0x25ce084:	0x001b0000
TIMELINE_ROW i=12 words:
0x25ce088:	0x00000064	0x00000064	0x000000c8	0x00000546
0x25ce098:	0x0000000c	0x015d107c	0x025fb38c	0x00081a53
0x25ce0a8:	0x004a0012	0x02010044	0x00000001	0x00000002
0x25ce0b8:	0x002b0000
TIMELINE_ROW i=13 words:
0x25ce0bc:	0x00000064	0x00000064	0x000000c8	0x00000288
0x25ce0cc:	0x0001000d	0x031ea040	0x025fb3a4	0x001322cb
0x25ce0dc:	0x00440007	0x02020066	0x00000001	0x00000002
0x25ce0ec:	0x002b0000
TIMELINE_ROW i=14 words:
0x25ce0f0:	0x00000064	0x00000064	0x000000c8	0x00000200
0x25ce100:	0x0000000e	0x03fb11c8	0x025fb3bc	0x0017c84c
0x25ce110:	0x00540006	0x02010054	0x00000001	0x00000003
0x25ce120:	0x00150000
TIMELINE_ROW i=15 words:
0x25ce124:	0x00000064	0x00000064	0x000000c8	0x000001d6
0x25ce134:	0x0000000f	0x03fb1374	0x025fb3d4	0x0017c851
0x25ce144:	0x00540006	0x0202004a	0x00000001	0x00000003
0x25ce154:	0x00150000
SELECTED_UNIT n=17 id=276348
SELECTED_UNIT n=18 id=280411
SELECTED_UNIT n=19 id=278054
SELECTED_UNIT n=20 id=265071
SELECTED_UNIT n=21 id=118259
SELECTED_UNIT n=22 id=263578
SELECTED_UNIT n=23 id=223008
SELECTED_UNIT n=24 id=84762
SELECTED_UNIT n=25 id=37644
SELECTED_UNIT n=26 id=46972
SELECTED_UNIT n=27 id=252716
SELECTED_UNIT n=28 id=27307
[Inferior 1 (Remote target) exited normally]
Wine-gdb> 0114:0118: create process 'Z:\samples\voicetext_kate.exe'/00000000 @004014C0 (450560<1847>)
0114:0118: create thread I @004014C0
0114:0118: loads DLL C:\windows\system32\ntdll.dll @7BD10000 (2994176<5095>)
0114:0118: loads DLL C:\windows\system32\kernel32.dll @7BB90000 (1466368<19395>)
0114:0118: loads DLL C:\windows\system32\kernelbase.dll @7B650000 (5410816<14148>)
0114:0118: loads DLL C:\windows\system32\msvcrt.dll @7B2A0000 (2715648<8214>)
0114:0118: loads DLL Z:\samples\vt_kat.dll @10000000 (0<0>)
0114:0118: loads DLL C:\windows\system32\WINMM.dll @78C50000 (1474560<4890>)
0114:0118: loads DLL C:\windows\system32\advapi32.dll @7B550000 (958464<7400>)
0114:0118: loads DLL C:\windows\system32\sechost.dll @7B200000 (565248<3163>)
0114:0118: loads DLL C:\windows\system32\ucrtbase.dll @7AEE0000 (3198976<11541>)
0114:0118: loads DLL C:\windows\system32\msacm32.dll @78BD0000 (413696<1982>)
0114:0118: loads DLL C:\windows\system32\user32.dll @7A160000 (5005312<14159>)
0114:0118: loads DLL Z:\samples\zlib1.dll @7A120000 (135680<0>)
0114:0118: loads DLL C:\windows\system32\gdi32.dll @7A640000 (2355200<7390>)
0114:0118: loads DLL C:\windows\system32\win32u.dll @7A0D0000 (221184<1966>)
0114:0118: loads DLL C:\windows\system32\ole32.dll @7A9F0000 (4440064<14323>)
0114:0118: loads DLL C:\windows\system32\combase.dll @7A890000 (1314816<7562>)
0114:0118: loads DLL C:\windows\system32\rpcrt4.dll @79EA0000 (2162688<9274>)
0114:0118: loads DLL C:\windows\system32\coml2.dll @79E40000 (262144<3883>)
0114:0118: loads DLL C:\windows\system32\iphlpapi.dll @779C0000 (487424<4777>)
0114:0118: loads DLL C:\windows\system32\dnsapi.dll @77970000 (258048<1399>)
0114:0118: loads DLL C:\windows\system32\nsi.dll @77940000 (118784<823>)
0114:0118: loads DLL C:\windows\system32\ws2_32.dll @7AE40000 (565248<2279>)
0114:0118: loads DLL C:\windows\system32\tzres.dll @009C0000 (0<0>)
00000114:00000118: unload DLL @009C0000
0114:0118: loads DLL C:\windows\system32\tzres.dll @009C0000 (0<0>)
00000114:00000118: unload DLL @009C0000
0114:0118: loads DLL C:\windows\system32\imm32.dll @782F0000 (401408<2996>)
0114:0118: loads DLL C:\windows\system32\winex11.drv @780F0000 (307200<4314>)
0114:0118: loads DLL C:\windows\system32\uxtheme.dll @78030000 (671744<3646>)
00000114:00000118: exit process (0)
X connection to :99 broken (explicit kill or server shutdown).
X connection to :99 broken (explicit kill or server shutdown).
