GNU gdb (Ubuntu 15.1-1ubuntu1~24.04.1) 15.1
Copyright (C) 2024 Free Software Foundation, Inc.
License GPLv3+: GNU GPL version 3 or later <http://gnu.org/licenses/gpl.html>
This is free software: you are free to change and redistribute it.
There is NO WARRANTY, to the extent permitted by law.
Type "show copying" and "show warranty" for details.
This GDB was configured as "x86_64-linux-gnu".
Type "show configuration" for configuration details.
For bug reporting instructions, please see:
<https://www.gnu.org/software/gdb/bugs/>.
Find the GDB manual and other documentation resources online at:
    <http://www.gnu.org/software/gdb/documentation/>.

For help, type "help".
Type "apropos word" to search for commands related to "word".
warning: remote target does not support file transfer, attempting to access files from local filesystem.
Reading symbols from /samples/voicetext_kate.exe...
0x7bd64525 in DbgBreakPoint@0 ()
   from /usr/lib/i386-linux-gnu/wine/i386-windows/ntdll.dll
Wine-gdb> Wine-gdb> Wine-gdb> Signal        Stop	Print	Pass to program	Description
SIGSEGV       No	No	Yes		Segmentation fault
Wine-gdb> Wine-gdb> Wine-gdb> Copying output to /probe/candidates-gdb.log.
Copying debug output to /probe/candidates-gdb.log.
Wine-gdb> Wine-gdb> Wine-gdb> Wine-gdb> Wine-gdb> Breakpoint 1 at 0x10023af0
Wine-gdb> >>> > > > > > > > > > > > > > > >  >  >  >  >  > > >  >  >  >  >  >   >   >   >  >  >  > >>>Wine-gdb> Wine-gdb> Breakpoint 2 at 0x10023350
Wine-gdb> >>> > > > > > > > >  >  >  > > > >  >  >  >  >  >   >   >   >  >  >  >   >   >   >   >  >  > >>>Wine-gdb> Wine-gdb> Breakpoint 3 at 0x100182e0
Wine-gdb> >>> > > > > > > > > > > >  >  >  >  > >>>Wine-gdb> Wine-gdb> Continuing.
KEY_RANK_ENTRY call=1 limit=30 budget=10000 count=1 signature=0x24e0759:	0x5a	0x16	0x07	0x2b	0x18	0x61	0x00
KEY_CANDIDATE call=1 index=0 class_id=22588 duration=1 key=0x204b13c:	0x16	0x07	0x2b	0x20	0x00
Temporary breakpoint 4 at 0x10024164
KEY_RANK_RETURN call=1 selected=1 class_ids=22588 
KEY_RANK_ENTRY call=2 limit=30 budget=10000 count=1 signature=0x24e0b19:	0x07	0x2b	0x18	0x21	0x07	0x08	0x00
KEY_CANDIDATE call=2 index=0 class_id=31421 duration=1 key=0x2055dc1:	0x2b	0x18	0x21	0x00	0x00
Temporary breakpoint 5 at 0x10024164
KEY_RANK_RETURN call=2 selected=1 class_ids=31421 
KEY_RANK_ENTRY call=3 limit=30 budget=10000 count=1 signature=0x24e0b20:	0x2b	0x18	0x21	0x07	0x37	0x00	0x00
KEY_CANDIDATE call=3 index=0 class_id=23054 duration=1 key=0x204ba56:	0x17	0x21	0x07	0x00	0x00
Temporary breakpoint 6 at 0x10024164
KEY_RANK_RETURN call=3 selected=1 class_ids=23054 
FINAL_RANK_ENTRY call=1 context=0 input_count=6 input_ids=43021 43022 43023 43024 43025 43026 
Temporary breakpoint 7 at 0x100249d5
CEP_PROSODY_ENTRY call=1 unit=248130 scale=1 target=0x25cc648:	0x00	0x00	0x00	0x00	0x01	0x01	0x00
CEP_PROSODY_FEATURE_VIEW=0x6676cc:	0x08	0x0c	0x0c	0x00	0xf4	0x76	0x66	0x00
0x6676d4:	0xd5	0x49
Temporary breakpoint 8 at 0x1002389a
CEP_PROSODY_RETURN call=1 cost=504.296
CEP_PROSODY_ENTRY call=2 unit=209630 scale=1 target=0x25cc648:	0x00	0x00	0x00	0x00	0x01	0x01	0x00
CEP_PROSODY_FEATURE_VIEW=0x6676cc:	0x08	0x0c	0x0c	0x00	0xf4	0x76	0x66	0x00
0x6676d4:	0xd5	0x49
Temporary breakpoint 9 at 0x1002389a
CEP_PROSODY_RETURN call=2 cost=503.057
CEP_PROSODY_ENTRY call=3 unit=208865 scale=1 target=0x25cc648:	0x00	0x00	0x00	0x00	0x01	0x01	0x00
CEP_PROSODY_FEATURE_VIEW=0x6676cc:	0x08	0x0c	0x0c	0x00	0xf4	0x76	0x66	0x00
0x6676d4:	0xd5	0x49
Temporary breakpoint 10 at 0x1002389a
CEP_PROSODY_RETURN call=3 cost=501.32
CEP_PROSODY_ENTRY call=4 unit=164332 scale=1 target=0x25cc648:	0x00	0x00	0x00	0x00	0x01	0x01	0x00
CEP_PROSODY_FEATURE_VIEW=0x6676cc:	0x08	0x0c	0x0c	0x00	0xf4	0x76	0x66	0x00
0x6676d4:	0xd5	0x49
Temporary breakpoint 11 at 0x1002389a
CEP_PROSODY_RETURN call=4 cost=526.501
CEP_PROSODY_ENTRY call=5 unit=158972 scale=1 target=0x25cc648:	0x00	0x00	0x00	0x00	0x01	0x01	0x00
CEP_PROSODY_FEATURE_VIEW=0x6676cc:	0x08	0x0c	0x0c	0x00	0xf4	0x76	0x66	0x00
0x6676d4:	0xd5	0x49
Temporary breakpoint 12 at 0x1002389a
CEP_PROSODY_RETURN call=5 cost=514.429
CEP_PROSODY_ENTRY call=6 unit=158342 scale=1 target=0x25cc648:	0x00	0x00	0x00	0x00	0x01	0x01	0x00
CEP_PROSODY_FEATURE_VIEW=0x6676cc:	0x08	0x0c	0x0c	0x00	0xf4	0x76	0x66	0x00
0x6676d4:	0xd5	0x49
Temporary breakpoint 13 at 0x1002389a
CEP_PROSODY_RETURN call=6 cost=513.166
CEP_PROSODY_ENTRY call=7 unit=156712 scale=1 target=0x25cc648:	0x00	0x00	0x00	0x00	0x01	0x01	0x00
CEP_PROSODY_FEATURE_VIEW=0x6676cc:	0x08	0x0c	0x0c	0x00	0xf4	0x76	0x66	0x00
0x6676d4:	0xd5	0x49
Temporary breakpoint 14 at 0x1002389a
CEP_PROSODY_RETURN call=7 cost=504.812
CEP_PROSODY_ENTRY call=8 unit=156647 scale=1 target=0x25cc648:	0x00	0x00	0x00	0x00	0x01	0x01	0x00
CEP_PROSODY_FEATURE_VIEW=0x6676cc:	0x08	0x0c	0x0c	0x00	0xf4	0x76	0x66	0x00
0x6676d4:	0xd5	0x49
Temporary breakpoint 15 at 0x1002389a
CEP_PROSODY_RETURN call=8 cost=506.76
FINAL_RANK_RETURN call=1 selected=30 unit_ids=82917 218710 214120 219960 247700 208865 117012 85097 258655 122697 
FINAL_RANK_COSTS call=1
FINAL_COST position=0 unit=82917 score=501 duration_penalty=2 context_penalty=0
FINAL_COST position=1 unit=218710 score=501.024 duration_penalty=2 context_penalty=0
FINAL_COST position=2 unit=214120 score=501.089 duration_penalty=2 context_penalty=0
FINAL_COST position=3 unit=219960 score=501.089 duration_penalty=2 context_penalty=0
FINAL_COST position=4 unit=247700 score=501.32 duration_penalty=2 context_penalty=0
FINAL_COST position=5 unit=208865 score=501.32 duration_penalty=2 context_penalty=0
FINAL_COST position=6 unit=117012 score=501.476 duration_penalty=2 context_penalty=0
FINAL_COST position=7 unit=85097 score=501.476 duration_penalty=2 context_penalty=0
FINAL_COST position=8 unit=258655 score=501.655 duration_penalty=2 context_penalty=0
FINAL_COST position=9 unit=122697 score=502.067 duration_penalty=2 context_penalty=0
FINAL_RANK_ENTRY call=2 context=1 input_count=18 input_ids=2376 20436 21689 22660 25877 30373 36020 37519 
Temporary breakpoint 16 at 0x100248ce
FINAL_RANK_RETURN call=2 selected=30 unit_ids=221415 208865 209630 214120 218710 219960 70622 223220 73342 155357 
FINAL_RANK_COSTS call=2
FINAL_COST position=0 unit=221415 score=503.613 duration_penalty=2 context_penalty=0
FINAL_COST position=1 unit=208865 score=501.32 duration_penalty=2 context_penalty=0
FINAL_COST position=2 unit=209630 score=503.057 duration_penalty=2 context_penalty=0
FINAL_COST position=3 unit=214120 score=501.089 duration_penalty=2 context_penalty=0
FINAL_COST position=4 unit=218710 score=501.024 duration_penalty=2 context_penalty=0
FINAL_COST position=5 unit=219960 score=501.089 duration_penalty=2 context_penalty=0
FINAL_COST position=6 unit=70622 score=503.057 duration_penalty=2 context_penalty=0
FINAL_COST position=7 unit=223220 score=503.613 duration_penalty=2 context_penalty=0
FINAL_COST position=8 unit=73342 score=502.296 duration_penalty=2 context_penalty=0
FINAL_COST position=9 unit=155357 score=502.538 duration_penalty=2 context_penalty=0
FINAL_RANK_ENTRY call=3 context=2 input_count=30 input_ids=22561 22566 22574 22577 22588 22594 22600 22608 
Temporary breakpoint 17 at 0x100248ce
FINAL_RANK_RETURN call=3 selected=30 unit_ids=128742 95990 209430 244840 103567 97682 167587 150957 88722 143837 
FINAL_RANK_COSTS call=3
FINAL_COST position=0 unit=128742 score=45.2222 duration_penalty=2 context_penalty=0
FINAL_COST position=1 unit=95990 score=36.5811 duration_penalty=1 context_penalty=0
FINAL_COST position=2 unit=209430 score=38.6821 duration_penalty=1 context_penalty=0
FINAL_COST position=3 unit=244840 score=40.2349 duration_penalty=1 context_penalty=0
FINAL_COST position=4 unit=103567 score=40.381 duration_penalty=1 context_penalty=0
FINAL_COST position=5 unit=97682 score=40.9662 duration_penalty=1 context_penalty=0
FINAL_COST position=6 unit=167587 score=41.0962 duration_penalty=1 context_penalty=0
FINAL_COST position=7 unit=150957 score=41.2035 duration_penalty=1 context_penalty=0
FINAL_COST position=8 unit=88722 score=41.3756 duration_penalty=1 context_penalty=0
FINAL_COST position=9 unit=143837 score=41.6676 duration_penalty=1 context_penalty=0
[Inferior 1 (Remote target) exited normally]
Wine-gdb> 0114:0118: create process 'Z:\samples\voicetext_kate.exe'/00000000 @004014C0 (450560<1847>)
0114:0118: create thread I @004014C0
0114:0118: loads DLL C:\windows\system32\ntdll.dll @7BD10000 (2994176<5095>)
0114:0118: loads DLL C:\windows\system32\kernel32.dll @7BB90000 (1466368<19395>)
0114:0118: loads DLL C:\windows\system32\kernelbase.dll @7B650000 (5410816<14148>)
0114:0118: loads DLL C:\windows\system32\msvcrt.dll @7B2A0000 (2715648<8214>)
0114:0118: loads DLL Z:\samples\vt_kat.dll @10000000 (0<0>)
0114:0118: loads DLL C:\windows\system32\WINMM.dll @78C50000 (1474560<4890>)
0114:0118: loads DLL C:\windows\system32\advapi32.dll @7B550000 (958464<7400>)
0114:0118: loads DLL C:\windows\system32\sechost.dll @7B200000 (565248<3163>)
0114:0118: loads DLL C:\windows\system32\ucrtbase.dll @7AEE0000 (3198976<11541>)
0114:0118: loads DLL C:\windows\system32\msacm32.dll @78BD0000 (413696<1982>)
0114:0118: loads DLL C:\windows\system32\user32.dll @7A160000 (5005312<14159>)
0114:0118: loads DLL Z:\samples\zlib1.dll @7A120000 (135680<0>)
0114:0118: loads DLL C:\windows\system32\gdi32.dll @7A640000 (2355200<7390>)
0114:0118: loads DLL C:\windows\system32\win32u.dll @7A0D0000 (221184<1966>)
0114:0118: loads DLL C:\windows\system32\ole32.dll @7A9F0000 (4440064<14323>)
0114:0118: loads DLL C:\windows\system32\combase.dll @7A890000 (1314816<7562>)
0114:0118: loads DLL C:\windows\system32\rpcrt4.dll @79EA0000 (2162688<9274>)
0114:0118: loads DLL C:\windows\system32\coml2.dll @79E40000 (262144<3883>)
0114:0118: loads DLL C:\windows\system32\iphlpapi.dll @779C0000 (487424<4777>)
0114:0118: loads DLL C:\windows\system32\dnsapi.dll @77970000 (258048<1399>)
0114:0118: loads DLL C:\windows\system32\nsi.dll @77940000 (118784<823>)
0114:0118: loads DLL C:\windows\system32\ws2_32.dll @7AE40000 (565248<2279>)
0114:0118: loads DLL C:\windows\system32\tzres.dll @009C0000 (0<0>)
00000114:00000118: unload DLL @009C0000
0114:0118: loads DLL C:\windows\system32\tzres.dll @009C0000 (0<0>)
00000114:00000118: unload DLL @009C0000
0114:0118: loads DLL C:\windows\system32\imm32.dll @782F0000 (401408<2996>)
0114:0118: loads DLL C:\windows\system32\winex11.drv @780F0000 (307200<4314>)
0114:0118: loads DLL C:\windows\system32\uxtheme.dll @78030000 (671744<3646>)
00000114:00000118: exit process (0)
X connection to :99 broken (explicit kill or server shutdown).
X connection to :99 broken (explicit kill or server shutdown).
