GNU gdb (Ubuntu 15.1-1ubuntu1~24.04.1) 15.1
Copyright (C) 2024 Free Software Foundation, Inc.
License GPLv3+: GNU GPL version 3 or later <http://gnu.org/licenses/gpl.html>
This is free software: you are free to change and redistribute it.
There is NO WARRANTY, to the extent permitted by law.
Type "show copying" and "show warranty" for details.
This GDB was configured as "x86_64-linux-gnu".
Type "show configuration" for configuration details.
For bug reporting instructions, please see:
<https://www.gnu.org/software/gdb/bugs/>.
Find the GDB manual and other documentation resources online at:
    <http://www.gnu.org/software/gdb/documentation/>.

For help, type "help".
Type "apropos word" to search for commands related to "word".
warning: remote target does not support file transfer, attempting to access files from local filesystem.
Reading symbols from /samples/voicetext_kate.exe...
0x7bd64525 in DbgBreakPoint@0 ()
   from /usr/lib/i386-linux-gnu/wine/i386-windows/ntdll.dll
Wine-gdb> Wine-gdb> Wine-gdb> Wine-gdb> Signal        Stop	Print	Pass to program	Description
SIGSEGV       No	No	Yes		Segmentation fault
Wine-gdb> Signal        Stop	Print	Pass to program	Description
SIGSEGV       No	No	Yes		Segmentation fault
Wine-gdb> Wine-gdb> Wine-gdb> Wine-gdb> Wine-gdb> Breakpoint 1 at 0x10001670
Wine-gdb> >>>>>>>>> > > > >>>Wine-gdb> Wine-gdb> Breakpoint 2 at 0x100016a0
Wine-gdb> >>>>>>>>>> > > > > >>>Wine-gdb> Wine-gdb> Breakpoint 3 at 0x1001b200
Wine-gdb> >>>>>Wine-gdb> Wine-gdb> Breakpoint 4 at 0x1002c220
Wine-gdb> >>>>>>>>> > > > > >  >  >  >  > > >>>Wine-gdb> Wine-gdb> Continuing.
TREE_SCALAR n=1 tree=0x100ff0ac features:
0x667630:	7	1	3	25	0	0	0	0
0x667640:	0	0	-30223	-103	30324	102	30561	4096
Temporary breakpoint 5 at 0x10003052
TREE_SCALAR_VALUE n=1 value=46
TREE_SCALAR n=2 tree=0x100fee44 features:
0x667630:	5	7	1	3	25	0	0	46
0x667640:	0	0	-30223	-103	30324	102	30561	4096
Temporary breakpoint 6 at 0x10003052
TREE_SCALAR_VALUE n=2 value=65
TREE_SCALAR n=3 tree=0x100fee0c features:
0x667630:	12	5	7	1	3	25	0	65
0x667640:	46	0	-30223	-103	30324	102	30561	4096
Temporary breakpoint 7 at 0x10003052
TREE_SCALAR_VALUE n=3 value=8
TREE_SCALAR n=4 tree=0x100feeb4 features:
0x667630:	0	12	5	7	1	3	25	8
0x667640:	65	46	-30223	-103	30324	102	30561	4096
Temporary breakpoint 8 at 0x10003052
TREE_SCALAR_VALUE n=4 value=38
TREE_SCALAR n=5 tree=0x100fee7c features:
0x667630:	0	0	12	5	7	1	3	38
0x667640:	8	65	-30223	-103	30324	102	30561	4096
Temporary breakpoint 9 at 0x10003052
TREE_SCALAR_VALUE n=5 value=29
TREE_SCALAR n=6 tree=0x100fef40 features:
0x667630:	0	0	0	12	5	7	1	29
0x667640:	38	8	-30223	-103	30324	102	30561	4096
Temporary breakpoint 10 at 0x10003052
TREE_SCALAR_VALUE n=6 value=53
TREE_SCALAR n=7 tree=0x100fee7c features:
0x667630:	15	9	3	5	0	0	0	0
0x667640:	0	0	-30223	-103	30324	102	30561	4096
Temporary breakpoint 11 at 0x10003052
TREE_SCALAR_VALUE n=7 value=1
TREE_SCALAR n=8 tree=0x100fee44 features:
0x667630:	22	15	9	3	5	0	0	1
0x667640:	0	0	-30223	-103	30324	102	30561	4096
Temporary breakpoint 12 at 0x10003052
TREE_SCALAR_VALUE n=8 value=65
TREE_SCALAR n=9 tree=0x100feeec features:
0x667630:	0	22	15	9	3	5	0	65
0x667640:	1	0	-30223	-103	30324	102	30561	4096
Temporary breakpoint 13 at 0x10003052
TREE_SCALAR_VALUE n=9 value=1
TREE_SCALAR n=10 tree=0x100fef94 features:
0x667630:	0	0	22	15	9	3	5	1
0x667640:	65	1	-30223	-103	30324	102	30561	4096
Temporary breakpoint 14 at 0x10003052
TREE_SCALAR_VALUE n=10 value=61
TREE_SCALAR n=11 tree=0x100ff058 features:
0x667630:	0	0	0	22	15	9	3	61
0x667640:	1	65	-30223	-103	30324	102	30561	4096
Temporary breakpoint 15 at 0x10003052
TREE_SCALAR_VALUE n=11 value=76
TREE_SCALAR n=12 tree=0x100fefe8 features:
0x667630:	16	20	5	18	0	0	0	0
0x667640:	0	0	-30223	-103	30324	102	30561	4096
Temporary breakpoint 16 at 0x10003052
TREE_SCALAR_VALUE n=12 value=64
TREE_SCALAR n=13 tree=0x100fee7c features:
0x667630:	1	16	20	5	18	0	0	64
0x667640:	0	0	-30223	-103	30324	102	30561	4096
Temporary breakpoint 17 at 0x10003052
TREE_SCALAR_VALUE n=13 value=8
TREE_SCALAR n=14 tree=0x100ff020 features:
0x667630:	4	1	16	20	5	18	0	8
0x667640:	64	0	-30223	-103	30324	102	30561	4096
Temporary breakpoint 18 at 0x10003052
TREE_SCALAR_VALUE n=14 value=67
TREE_SCALAR n=15 tree=0x100fefb0 features:
0x667630:	1	4	1	16	20	5	18	67
0x667640:	8	64	-30223	-103	30324	102	30561	4096
Temporary breakpoint 19 at 0x10003052
TREE_SCALAR_VALUE n=15 value=63
TREE_SCALAR n=16 tree=0x100fee0c features:
0x667630:	0	1	4	1	16	20	5	63
0x667640:	67	8	-30223	-103	30324	102	30561	4096
Temporary breakpoint 20 at 0x10003052
TREE_SCALAR_VALUE n=16 value=6
TREE_SCALAR n=17 tree=0x100fee60 features:
0x667630:	0	0	1	4	1	16	20	6
0x667640:	63	67	-30223	-103	30324	102	30561	4096
Temporary breakpoint 21 at 0x10003052
TREE_SCALAR_VALUE n=17 value=26
TREE_SCALAR n=18 tree=0x100fee0c features:
0x667630:	0	0	0	1	4	1	16	26
0x667640:	6	63	-30223	-103	30324	102	30561	4096
Temporary breakpoint 22 at 0x10003052
TREE_SCALAR_VALUE n=18 value=8
TREE_SCALAR n=19 tree=0x100feeb4 features:
0x667630:	5	9	14	7	0	0	0	0
0x667640:	0	0	-30223	-103	30324	102	30561	4096
Temporary breakpoint 23 at 0x10003052
TREE_SCALAR_VALUE n=19 value=1
TREE_SCALAR n=20 tree=0x100fef78 features:
0x667630:	2	5	9	14	7	0	0	1
0x667640:	0	0	-30223	-103	30324	102	30561	4096
Temporary breakpoint 24 at 0x10003052
TREE_SCALAR_VALUE n=20 value=56
TREE_SCALAR n=21 tree=0x100feeec features:
0x667630:	0	2	5	9	14	7	0	56
0x667640:	1	0	-30223	-103	30324	102	30561	4096
Temporary breakpoint 25 at 0x10003052
TREE_SCALAR_VALUE n=21 value=43
TREE_SCALAR n=22 tree=0x100fee7c features:
0x667630:	0	0	2	5	9	14	7	43
0x667640:	56	1	-30223	-103	30324	102	30561	4096
Temporary breakpoint 26 at 0x10003052
TREE_SCALAR_VALUE n=22 value=47
TREE_SCALAR n=23 tree=0x100fee28 features:
0x667630:	0	0	0	2	5	9	14	47
0x667640:	43	56	-30223	-103	30324	102	30561	4096
Temporary breakpoint 27 at 0x10003052
TREE_SCALAR_VALUE n=23 value=24
TREE_SCALAR n=24 tree=0x100fee60 features:
0x667630:	9	19	5	4	0	0	0	0
0x667640:	0	0	-30223	-103	30324	102	30561	4096
Temporary breakpoint 28 at 0x10003052
TREE_SCALAR_VALUE n=24 value=26
TREE_SCALAR n=25 tree=0x100fee7c features:
0x667630:	3	9	19	5	4	0	0	26
0x667640:	0	0	-30223	-103	30324	102	30561	4096
Temporary breakpoint 29 at 0x10003052
TREE_SCALAR_VALUE n=25 value=1
TREE_SCALAR n=26 tree=0x100ff004 features:
0x667630:	18	3	9	19	5	4	0	1
0x667640:	26	0	-30223	-103	30324	102	30561	4096
Temporary breakpoint 30 at 0x10003052
TREE_SCALAR_VALUE n=26 value=88
TREE_SCALAR n=27 tree=0x100feeec features:
0x667630:	5	18	3	9	19	5	4	88
0x667640:	1	26	-30223	-103	30324	102	30561	4096
Temporary breakpoint 31 at 0x10003052
TREE_SCALAR_VALUE n=27 value=23
TREE_SCALAR n=28 tree=0x100fee44 features:
0x667630:	24	5	18	3	9	19	5	23
0x667640:	88	1	-30223	-103	30324	102	30561	4096
Temporary breakpoint 32 at 0x10003052
TREE_SCALAR_VALUE n=28 value=65
TREE_SCALAR n=29 tree=0x100fefe8 features:
0x667630:	5	24	5	18	3	9	19	65
0x667640:	23	88	-30223	-103	30324	102	30561	4096
Temporary breakpoint 33 at 0x10003052
TREE_SCALAR_VALUE n=29 value=64
TREE_SCALAR n=30 tree=0x100fee7c features:
0x667630:	0	5	24	5	18	3	9	64
0x667640:	65	23	-30223	-103	30324	102	30561	4096
Temporary breakpoint 34 at 0x10003052
TREE_SCALAR_VALUE n=30 value=8
TREE_SCALAR n=31 tree=0x100ff090 features:
0x667630:	0	0	5	24	5	18	3	8
0x667640:	64	65	-30223	-103	30324	102	30561	4096
Temporary breakpoint 35 at 0x10003052
TREE_SCALAR_VALUE n=31 value=51
TREE_SCALAR n=32 tree=0x100fee7c features:
0x667630:	0	0	0	5	24	5	18	51
0x667640:	8	64	-30223	-103	30324	102	30561	4096
Temporary breakpoint 36 at 0x10003052
TREE_SCALAR_VALUE n=32 value=29
TREE_SCALAR n=33 tree=0x1470220 features:
0x6676bc:	7	1	8	12	3	15	1	3
0x6676cc:	0	120	0	0	0	1	0	4099
Temporary breakpoint 37 at 0x10013086
TREE_SCALAR_VALUE n=33 value=777
TREE_SCALAR n=34 tree=0x1470220 features:
0x6676bc:	6	2	8	10	5	15	1	2
0x6676cc:	19	63	120	0	0	0	1	4099
Temporary breakpoint 38 at 0x10013086
TREE_SCALAR_VALUE n=34 value=74
TREE_SCALAR n=35 tree=0x1470220 features:
0x6676bc:	5	3	8	9	6	15	2	3
0x6676cc:	55	95	63	0	0	0	0	4099
Temporary breakpoint 39 at 0x10013086
TREE_SCALAR_VALUE n=35 value=80
TREE_SCALAR n=36 tree=0x1470220 features:
0x6676bc:	4	4	8	8	7	15	3	4
0x6676cc:	44	0	95	0	0	1	1	4099
Temporary breakpoint 40 at 0x10013086
TREE_SCALAR_VALUE n=36 value=879
TREE_SCALAR n=37 tree=0x1470220 features:
0x6676bc:	3	5	8	5	10	15	1	3
0x6676cc:	0	0	0	0	0	1	0	4099
Temporary breakpoint 41 at 0x10013086
TREE_SCALAR_VALUE n=37 value=777
TREE_SCALAR n=38 tree=0x1470220 features:
0x6676bc:	2	6	8	4	11	15	1	1
0x6676cc:	0	0	0	0	0	0	1	4099
Temporary breakpoint 42 at 0x10013086
TREE_SCALAR_VALUE n=38 value=70
TREE_SCALAR n=39 tree=0x1470220 features:
0x6676bc:	1	7	8	1	14	15	2	4
0x6676cc:	0	23	0	0	0	0	1	4099
Temporary breakpoint 43 at 0x10013086
TREE_SCALAR_VALUE n=39 value=5
TREE_SCALAR n=40 tree=0x14bf450 features:
0x6676ec:	10	40	3	0	1	1	1	1
0x6676fc:	1	0	2468	590	112	590	1740	590
Temporary breakpoint 44 at 0x100134e1
TREE_SCALAR_VALUE n=40 value=766
TREE_SCALAR n=41 tree=0x14bf3c4 features:
0x6676ec:	3	10	42	0	1	1	1	1
0x6676fc:	2	0	2468	590	112	590	1742	590
Temporary breakpoint 45 at 0x1001344e
TREE_SCALAR_VALUE n=41 value=955
TREE_SCALAR n=42 tree=0x14bf488 features:
0x6676ec:	21	42	11	0	1	1	2	3
0x6676fc:	1	0	3428	590	112	590	2700	590
Temporary breakpoint 46 at 0x1001350b
TREE_SCALAR_VALUE n=42 value=1372
TREE_SCALAR n=43 tree=0x14bf3c4 features:
0x6676ec:	11	21	15	1	1	1	2	3
0x6676fc:	2	0	3428	590	112	590	2702	590
Temporary breakpoint 47 at 0x1001344e
TREE_SCALAR_VALUE n=43 value=1963
TREE_SCALAR n=44 tree=0x14bf434 features:
0x6676ec:	15	11	3	0	1	2	2	3
0x6676fc:	1	0	3430	590	112	590	2704	590
Temporary breakpoint 48 at 0x100134cc
TREE_SCALAR_VALUE n=44 value=1090
TREE_SCALAR n=45 tree=0x14bf3c4 features:
0x6676ec:	3	15	29	0	1	2	2	3
0x6676fc:	2	0	3430	590	112	590	2706	590
Temporary breakpoint 49 at 0x1001344e
TREE_SCALAR_VALUE n=45 value=828
TREE_SCALAR n=46 tree=0x14bf450 features:
0x6676ec:	29	3	18	0	1	3	2	3
0x6676fc:	1	0	3432	590	112	590	2708	590
Temporary breakpoint 50 at 0x100134e1
TREE_SCALAR_VALUE n=46 value=2528
TREE_SCALAR n=47 tree=0x14bf3e0 features:
0x6676ec:	18	29	42	0	1	3	2	3
0x6676fc:	2	0	3432	590	112	590	2710	590
Temporary breakpoint 51 at 0x10013466
TREE_SCALAR_VALUE n=47 value=2042
TREE_SCALAR n=48 tree=0x14bf450 features:
0x6676ec:	35	42	26	0	3	1	2	1
0x6676fc:	1	0	4388	590	112	590	3660	590
Temporary breakpoint 52 at 0x100134e1
TREE_SCALAR_VALUE n=48 value=1154
TREE_SCALAR n=49 tree=0x14bf3fc features:
0x6676ec:	26	35	29	1	3	1	2	1
0x6676fc:	2	0	4388	590	112	590	3662	590
Temporary breakpoint 53 at 0x1001347e
TREE_SCALAR_VALUE n=49 value=2834
TREE_SCALAR n=50 tree=0x14bf450 features:
0x6676ec:	29	26	42	0	3	1	2	1
0x6676fc:	3	0	4388	590	112	590	3664	590
Temporary breakpoint 54 at 0x100134e1
TREE_SCALAR_VALUE n=50 value=1928
TREE_SCALAR n=51 tree=0x14bf3c4 features:
0x6676ec:	3	42	9	0	0	1	2	3
0x6676fc:	2	0	5348	590	112	590	4620	590
Temporary breakpoint 55 at 0x1001344e
TREE_SCALAR_VALUE n=51 value=1143
TREE_SCALAR n=52 tree=0x14bf434 features:
0x6676ec:	9	3	2	0	3	2	2	3
0x6676fc:	1	0	5349	590	112	590	4622	590
Temporary breakpoint 56 at 0x100134cc
TREE_SCALAR_VALUE n=52 value=1096
TREE_SCALAR n=53 tree=0x14bf3c4 features:
0x6676ec:	2	9	27	1	3	2	2	3
0x6676fc:	2	0	5349	590	112	590	4624	590
Temporary breakpoint 57 at 0x1001344e
TREE_SCALAR_VALUE n=53 value=2609
TREE_SCALAR n=54 tree=0x14bf434 features:
0x6676ec:	27	2	31	0	3	2	2	3
0x6676fc:	3	0	5349	590	112	590	4626	590
Temporary breakpoint 58 at 0x100134cc
TREE_SCALAR_VALUE n=54 value=826
TREE_SCALAR n=55 tree=0x14bf434 features:
0x6676ec:	31	27	12	0	1	3	2	3
0x6676fc:	1	0	5352	590	112	590	4628	590
Temporary breakpoint 59 at 0x100134cc
TREE_SCALAR_VALUE n=55 value=1043
TREE_SCALAR n=56 tree=0x14bf418 features:
0x6676ec:	12	31	42	0	1	3	2	3
0x6676fc:	2	0	5352	590	112	590	4630	590
Temporary breakpoint 60 at 0x10013496
TREE_SCALAR_VALUE n=56 value=1809
TREE_SCALAR n=57 tree=0x14bf3c4 features:
0x6676ec:	17	42	38	1	2	1	2	1
0x6676fc:	2	0	6308	590	112	590	5580	590
Temporary breakpoint 61 at 0x1001344e
TREE_SCALAR_VALUE n=57 value=1822
TREE_SCALAR n=58 tree=0x14bf450 features:
0x6676ec:	38	17	42	0	2	1	2	1
0x6676fc:	3	0	6308	590	112	590	5582	590
Temporary breakpoint 62 at 0x100134e1
TREE_SCALAR_VALUE n=58 value=1615
TREE_SCALAR n=59 tree=0x14bf488 features:
0x6676ec:	23	42	5	0	1	1	2	1
0x6676fc:	1	0	7268	590	112	590	6540	590
Temporary breakpoint 63 at 0x1001350b
TREE_SCALAR_VALUE n=59 value=1338
TREE_SCALAR n=60 tree=0x14bf3fc features:
0x6676ec:	5	23	42	1	1	1	2	1
0x6676fc:	2	0	7268	590	112	590	6542	590
Temporary breakpoint 64 at 0x1001347e
TREE_SCALAR_VALUE n=60 value=3707
TREE_SCALAR n=61 tree=0x14bf434 features:
0x6676ec:	7	42	18	0	1	1	2	2
0x6676fc:	1	0	8228	590	112	590	7500	590
Temporary breakpoint 65 at 0x100134cc
TREE_SCALAR_VALUE n=61 value=1121
TREE_SCALAR n=62 tree=0x14bf3e0 features:
0x6676ec:	18	7	17	1	1	1	2	2
0x6676fc:	2	0	8228	590	112	590	7502	590
Temporary breakpoint 66 at 0x10013466
TREE_SCALAR_VALUE n=62 value=1781
TREE_SCALAR n=63 tree=0x14bf3c4 features:
0x6676ec:	17	18	24	0	2	3	2	2
0x6676fc:	2	0	8230	590	112	590	7504	590
Temporary breakpoint 67 at 0x1001344e
TREE_SCALAR_VALUE n=63 value=693
TREE_SCALAR n=64 tree=0x14bf488 features:
0x6676ec:	24	17	42	0	2	3	2	2
0x6676fc:	3	0	8230	590	112	590	7506	590
Temporary breakpoint 68 at 0x1001350b
TREE_SCALAR_VALUE n=64 value=1401
TREE_SCALAR n=65 tree=0x14bf3c4 features:
0x6676ec:	11	42	20	1	2	1	2	3
0x6676fc:	2	0	9188	590	112	590	8460	590
Temporary breakpoint 69 at 0x1001344e
TREE_SCALAR_VALUE n=65 value=1870
TREE_SCALAR n=66 tree=0x14bf434 features:
0x6676ec:	20	11	29	0	2	1	2	3
0x6676fc:	3	0	9188	590	112	590	8462	590
Temporary breakpoint 70 at 0x100134cc
TREE_SCALAR_VALUE n=66 value=900
TREE_SCALAR n=67 tree=0x14bf450 features:
0x6676ec:	29	20	12	0	1	2	2	3
0x6676fc:	1	0	9190	590	112	590	8464	590
Temporary breakpoint 71 at 0x100134e1
TREE_SCALAR_VALUE n=67 value=1623
TREE_SCALAR n=68 tree=0x14bf418 features:
0x6676ec:	12	29	29	0	1	2	2	3
0x6676fc:	2	0	9190	590	112	590	8466	590
Temporary breakpoint 72 at 0x10013496
TREE_SCALAR_VALUE n=68 value=1342
TREE_SCALAR n=69 tree=0x14bf450 features:
0x6676ec:	29	12	6	0	3	3	3	3
0x6676fc:	1	0	9192	590	112	590	8468	590
Temporary breakpoint 73 at 0x100134e1
TREE_SCALAR_VALUE n=69 value=2168
TREE_SCALAR n=70 tree=0x14bf3fc features:
0x6676ec:	6	29	38	2	3	3	3	3
0x6676fc:	2	0	9192	590	112	590	8470	590
Temporary breakpoint 74 at 0x1001347e
TREE_SCALAR_VALUE n=70 value=3631
TREE_SCALAR n=71 tree=0x14bf450 features:
0x6676ec:	38	6	9	0	3	3	3	3
0x6676fc:	3	0	9192	590	112	590	8472	590
Temporary breakpoint 75 at 0x100134e1
TREE_SCALAR_VALUE n=71 value=1941
TREE_SCALAR n=72 tree=0x14bf434 features:
0x6676ec:	9	38	40	0	3	3	3	3
0x6676fc:	3	0	9192	590	112	590	8474	590
Temporary breakpoint 76 at 0x100134cc
TREE_SCALAR_VALUE n=72 value=1207
TREE_SCALAR n=73 tree=0x14bf4c0 features:
0x6676f0:	2	3	0	3	3	1	0	4
0x667700:	1	1	1	590	112	590	0	0
Temporary breakpoint 77 at 0x10013984
TREE_SCALAR_VALUE n=73 value=0
TREE_VECTOR n=74 tree=0x14bf530 features:
0x6676f0:	2	3	0	3	3	1	0	4
0x667700:	1	1	1	0	112	590	0	0
Temporary breakpoint 78 at 0x100139b6
TREE_VECTOR_VALUE n=74 values:
0x24f7dc0:	20492	0	0	0	0	0	0	0
0x24f7dd0:	0	0	0	0
TREE_SCALAR n=75 tree=0x14bf4c0 features:
0x6676f0:	5	11	1	3	0	1	0	2
0x667700:	2	1	3	0	112	590	1	0
Temporary breakpoint 79 at 0x10013984
TREE_SCALAR_VALUE n=75 value=0
TREE_VECTOR n=76 tree=0x14bf530 features:
0x6676f0:	5	11	1	3	0	1	0	2
0x667700:	2	1	3	0	112	590	1	0
Temporary breakpoint 80 at 0x100139b6
TREE_VECTOR_VALUE n=76 values:
0x24f7dde:	20492	0	0	0	0	0	0	0
0x24f7dee:	0	0	0	0
TREE_SCALAR n=77 tree=0x14bf4c0 features:
0x6676f0:	1	3	0	1	0	2	1	3
0x667700:	2	1	3	0	112	590	1	0
Temporary breakpoint 81 at 0x10013984
TREE_SCALAR_VALUE n=77 value=0
TREE_VECTOR n=78 tree=0x14bf530 features:
0x6676f0:	1	3	0	1	0	2	1	3
0x667700:	2	1	3	0	112	590	1	0
Temporary breakpoint 82 at 0x100139b6
TREE_VECTOR_VALUE n=78 values:
0x24f7dfc:	20492	0	0	0	0	0	0	0
0x24f7e0c:	0	0	0	0
TREE_SCALAR n=79 tree=0x14bf4c0 features:
0x6676f0:	2	18	0	0	3	3	2	4
0x667700:	2	1	3	0	112	590	1	0
Temporary breakpoint 83 at 0x10013984
TREE_SCALAR_VALUE n=79 value=0
TREE_VECTOR n=80 tree=0x14bf530 features:
0x6676f0:	2	18	0	0	3	3	2	4
0x667700:	2	1	3	0	112	590	1	0
Temporary breakpoint 84 at 0x100139b6
TREE_VECTOR_VALUE n=80 values:
0x24f7e1a:	20492	0	0	0	0	0	0	0
0x24f7e2a:	0	0	0	0
TREE_SCALAR n=81 tree=0x14bf4c0 features:
0x6676f0:	2	26	1	3	3	1	0	4
0x667700:	2	3	1	0	112	590	2	0
Temporary breakpoint 85 at 0x10013984
TREE_SCALAR_VALUE n=81 value=0
TREE_VECTOR n=82 tree=0x14bf530 features:
0x6676f0:	2	26	1	3	3	1	0	4
0x667700:	2	3	1	0	112	590	2	0
Temporary breakpoint 86 at 0x100139b6
TREE_VECTOR_VALUE n=82 values:
0x24f7e38:	20492	0	0	0	0	0	0	0
0x24f7e48:	0	0	0	0
TREE_SCALAR n=83 tree=0x14bf4c0 features:
0x6676f0:	0	3	0	3	1	1	0	2
0x667700:	2	0	3	0	112	590	3	0
Temporary breakpoint 87 at 0x10013984
TREE_SCALAR_VALUE n=83 value=0
TREE_VECTOR n=84 tree=0x14bf530 features:
0x6676f0:	0	3	0	3	1	1	0	2
0x667700:	2	0	3	0	112	590	3	0
Temporary breakpoint 88 at 0x100139b6
TREE_VECTOR_VALUE n=84 values:
0x24f7e56:	20492	0	0	0	0	0	0	0
0x24f7e66:	0	0	0	0
TREE_SCALAR n=85 tree=0x14bf4c0 features:
0x6676f0:	1	2	1	0	0	2	1	3
0x667700:	2	3	3	0	112	590	3	0
Temporary breakpoint 89 at 0x10013984
TREE_SCALAR_VALUE n=85 value=0
TREE_VECTOR n=86 tree=0x14bf530 features:
0x6676f0:	1	2	1	0	0	2	1	3
0x667700:	2	3	3	0	112	590	3	0
Temporary breakpoint 90 at 0x100139b6
TREE_VECTOR_VALUE n=86 values:
0x24f7e74:	20492	0	0	0	0	0	0	0
0x24f7e84:	0	0	0	0
TREE_SCALAR n=87 tree=0x14bf4c0 features:
0x6676f0:	1	12	0	1	3	3	2	4
0x667700:	2	1	3	0	112	590	3	0
Temporary breakpoint 91 at 0x10013984
TREE_SCALAR_VALUE n=87 value=0
TREE_VECTOR n=88 tree=0x14bf530 features:
0x6676f0:	1	12	0	1	3	3	2	4
0x667700:	2	1	3	0	112	590	3	0
Temporary breakpoint 92 at 0x100139b6
TREE_VECTOR_VALUE n=88 values:
0x24f7e92:	20492	0	0	0	0	0	0	0
0x24f7ea2:	0	0	0	0
TREE_SCALAR n=89 tree=0x14bf4c0 features:
0x6676f0:	0	17	1	3	3	1	0	4
0x667700:	2	2	1	0	112	590	4	0
Temporary breakpoint 93 at 0x10013984
TREE_SCALAR_VALUE n=89 value=0
TREE_VECTOR n=90 tree=0x14bf530 features:
0x6676f0:	0	17	1	3	3	1	0	4
0x667700:	2	2	1	0	112	590	4	0
Temporary breakpoint 94 at 0x100139b6
TREE_VECTOR_VALUE n=90 values:
0x24f7eb0:	20492	0	0	0	0	0	0	0
0x24f7ec0:	0	0	0	0
TREE_SCALAR n=91 tree=0x14bf4c0 features:
0x6676f0:	4	5	1	3	3	1	0	4
0x667700:	2	1	1	0	112	590	5	0
Temporary breakpoint 95 at 0x10013984
TREE_SCALAR_VALUE n=91 value=0
TREE_VECTOR n=92 tree=0x14bf530 features:
0x6676f0:	4	5	1	3	3	1	0	4
0x667700:	2	1	1	0	112	590	5	0
Temporary breakpoint 96 at 0x100139b6
TREE_VECTOR_VALUE n=92 values:
0x24f7ece:	20492	0	0	0	0	0	0	0
0x24f7ede:	0	0	0	0
TREE_SCALAR n=93 tree=0x14bf4c0 features:
0x6676f0:	1	18	1	3	0	1	0	3
0x667700:	2	1	2	0	112	590	6	0
Temporary breakpoint 97 at 0x10013984
TREE_SCALAR_VALUE n=93 value=0
TREE_VECTOR n=94 tree=0x14bf530 features:
0x6676f0:	1	18	1	3	0	1	0	3
0x667700:	2	1	2	0	112	590	6	0
Temporary breakpoint 98 at 0x100139b6
TREE_VECTOR_VALUE n=94 values:
0x24f7eec:	20492	0	0	0	0	0	0	0
0x24f7efc:	0	0	0	0
TREE_SCALAR n=95 tree=0x14bf4c0 features:
0x6676f0:	0	17	0	1	3	3	1	4
0x667700:	2	2	2	0	112	590	6	0
Temporary breakpoint 99 at 0x10013984
TREE_SCALAR_VALUE n=95 value=1
TREE_VECTOR n=96 tree=0x14bf530 features:
0x6676f0:	0	17	0	1	3	3	1	4
0x667700:	2	2	2	1	112	590	6	0
Temporary breakpoint 100 at 0x100139b6
TREE_VECTOR_VALUE n=96 values:
0x24f7f0a:	20492	0	0	0	0	0	0	0
0x24f7f1a:	0	0	0	0
TREE_SCALAR n=97 tree=0x14bf4c0 features:
0x6676f0:	0	11	1	3	0	1	0	2
0x667700:	2	2	3	1	112	590	7	0
Temporary breakpoint 101 at 0x10013984
TREE_SCALAR_VALUE n=97 value=0
TREE_VECTOR n=98 tree=0x14bf530 features:
0x6676f0:	0	11	1	3	0	1	0	2
0x667700:	2	2	3	0	112	590	7	0
Temporary breakpoint 102 at 0x100139b6
TREE_VECTOR_VALUE n=98 values:
0x24f7f28:	20492	0	0	0	0	0	0	0
0x24f7f38:	0	0	0	0
TREE_SCALAR n=99 tree=0x14bf4c0 features:
0x6676f0:	2	12	0	1	2	2	1	3
0x667700:	2	1	3	0	112	590	7	0
Temporary breakpoint 103 at 0x10013984
TREE_SCALAR_VALUE n=99 value=0
TREE_VECTOR n=100 tree=0x14bf530 features:
0x6676f0:	2	12	0	1	2	2	1	3
0x667700:	2	1	3	0	112	590	7	0
Temporary breakpoint 104 at 0x100139b6
TREE_VECTOR_VALUE n=100 values:
0x24f7f46:	20492	0	0	0	0	0	0	0
0x24f7f56:	0	0	0	0
TREE_SCALAR n=101 tree=0x14bf4f8 features:
0x6676f0:	2	6	2	0	3	3	2	4
0x667700:	3	3	3	0	112	590	7	0
Temporary breakpoint 105 at 0x10013984
TREE_SCALAR_VALUE n=101 value=0
TREE_VECTOR n=102 tree=0x14bf568 features:
0x6676f0:	2	6	2	0	3	3	2	4
0x667700:	3	3	3	0	112	590	7	0
Temporary breakpoint 106 at 0x100139b6
TREE_VECTOR_VALUE n=102 values:
0x24f7f64:	24588	0	0	0	0	0	0	0
0x24f7f74:	0	0	0	0
SELECTED_UNIT n=1 id=55872
SELECTED_UNIT n=2 id=55872
SELECTED_UNIT n=3 id=210901
SELECTED_UNIT n=4 id=260751
SELECTED_UNIT n=5 id=103032
SELECTED_UNIT n=6 id=177684
SELECTED_UNIT n=7 id=211801
SELECTED_UNIT n=8 id=172467
SELECTED_UNIT n=9 id=206026
SELECTED_UNIT n=10 id=206026
SELECTED_UNIT n=11 id=230131
SELECTED_UNIT n=12 id=221131
SELECTED_UNIT n=13 id=116352
SELECTED_UNIT n=14 id=32339
SELECTED_UNIT n=15 id=49782
SELECTED_UNIT n=16 id=174289
SELECTED_UNIT n=17 id=68027
SELECTED_UNIT n=18 id=249073
SELECTED_UNIT n=19 id=269113
SELECTED_UNIT n=20 id=269113
SELECTED_UNIT n=21 id=109884
SELECTED_UNIT n=22 id=116352
SELECTED_UNIT n=23 id=226556
SELECTED_UNIT n=24 id=226556
SELECTED_UNIT n=25 id=121157
SELECTED_UNIT n=26 id=121157
SELECTED_UNIT n=27 id=129847
SELECTED_UNIT n=28 id=53604
SELECTED_UNIT n=29 id=30324
SELECTED_UNIT n=30 id=257223
SELECTED_UNIT n=31 id=44482
SELECTED_UNIT n=32 id=44482
SELECTED_UNIT n=33 id=124842
SELECTED_UNIT n=34 id=256956
SELECTED_UNIT n=35 id=264932
SELECTED_UNIT n=36 id=225803
SELECTED_UNIT n=37 id=234551
SELECTED_UNIT n=38 id=234551
SELECTED_UNIT n=39 id=129985
SELECTED_UNIT n=40 id=129985
SELECTED_UNIT n=41 id=149432
SELECTED_UNIT n=42 id=165544
SELECTED_UNIT n=43 id=271656
SELECTED_UNIT n=44 id=209373
SELECTED_UNIT n=45 id=163737
SELECTED_UNIT n=46 id=266783
SELECTED_UNIT n=47 id=237998
SELECTED_UNIT n=48 id=101949
SELECTED_UNIT n=49 id=117267
SELECTED_UNIT n=50 id=117267
SELECTED_UNIT n=51 id=126442
SELECTED_UNIT n=52 id=203146
SELECTED_UNIT n=53 id=28352
SELECTED_UNIT n=54 id=28352
SELECTED_UNIT n=55 id=104567
SELECTED_UNIT n=56 id=263978
SELECTED_UNIT n=57 id=177366
SELECTED_UNIT n=58 id=161130
SELECTED_UNIT n=59 id=253784
SELECTED_UNIT n=60 id=35024
SELECTED_UNIT n=61 id=221761
SELECTED_UNIT n=62 id=37412
SELECTED_UNIT n=63 id=37967
SELECTED_UNIT n=64 id=37967
SELECTED_UNIT n=65 id=216944
SELECTED_UNIT n=66 id=221966
TIMELINE_ENTRY n=1 start=0 input_count=66
Temporary breakpoint 107 at 0x1002bde9
TIMELINE_RETURN n=1 records=66
TIMELINE_ROW i=0 words:
0x25cde18:	0x00000064	0x00000064	0x000000c8	0x00000500
0x25cde28:	0x00000000	0x02bccef8	0x025fb26c	0x00104f4a
0x25cde38:	0x004e0011	0x0201004a	0x00000000	0x00000000
0x25cde48:	0x00160000
TIMELINE_ROW i=1 words:
0x25cde4c:	0x00000064	0x00000064	0x000000c8	0x00000456
0x25cde5c:	0x00000001	0x02bcd3ae	0x025fb284	0x00104f5a
0x25cde6c:	0x004a0010	0x02020044	0x00000000	0x00000000
0x25cde7c:	0x00160000
TIMELINE_ROW i=2 words:
0x25cde80:	0x00000064	0x00000064	0x000000c8	0x000002d2
0x25cde90:	0x00010002	0x014aae00	0x025fb29c	0x0008034a
0x25cdea0:	0x003c000a	0x0201004c	0x00000000	0x00000001
0x25cdeb0:	0x00070000
TIMELINE_ROW i=3 words:
0x25cdeb4:	0x00000064	0x00000064	0x000000c8	0x00000308
0x25cdec4:	0x00010003	0x03973026	0x025fb2b4	0x0015ee85
0x25cded4:	0x0050000a	0x0202004a	0x00000000	0x00000001
0x25cdee4:	0x00070000
TIMELINE_ROW i=4 words:
0x25cdee8:	0x00000064	0x00000064	0x000000c8	0x0000039e
0x25cdef8:	0x00000004	0x04d6840c	0x025fb2cc	0x001cfcc7
0x25cdf08:	0x004a000d	0x02010044	0x00000001	0x00000000
0x25cdf18:	0x002b0000
TIMELINE_ROW i=5 words:
0x25cdf1c:	0x00000064	0x00000064	0x000000c8	0x00000242
0x25cdf2c:	0x00000005	0x07fbfb84	0x025fb2e4	0x002fed94
0x25cdf3c:	0x00480008	0x02020048	0x00000001	0x00000000
0x25cdf4c:	0x002b0000
TIMELINE_ROW i=6 words:
0x25cdf50:	0x00000064	0x00000064	0x000000c8	0x000001ea
0x25cdf60:	0x00010006	0x0154bd38	0x025fb2fc	0x00084330
0x25cdf70:	0x003c0008	0x0201003e	0x00000001	0x00000001
0x25cdf80:	0x00180000
TIMELINE_ROW i=7 words:
0x25cdf84:	0x00000064	0x00000064	0x000000c8	0x000001c2
0x25cdf94:	0x00000007	0x07c7b80a	0x025fb314	0x002eb4b0
0x25cdfa4:	0x00400007	0x02020040	0x00000001	0x00000001
0x25cdfb4:	0x00180000
TIMELINE_ROW i=8 words:
0x25cdfb8:	0x00000064	0x00000064	0x000000c8	0x0000029e
0x25cdfc8:	0x00010008	0x01161948	0x025fb32c	0x0006b9f6
0x25cdfd8:	0x00500008	0x02010054	0x00000001	0x00000002
0x25cdfe8:	0x00210000
TIMELINE_ROW i=9 words:
0x25cdfec:	0x00000064	0x00000064	0x000000c8	0x0000030a
0x25cdffc:	0x00010009	0x01161b92	0x025fb344	0x0006b9fd
0x25ce00c:	0x0054000a	0x0202004c	0x00000001	0x00000002
0x25ce01c:	0x00210000
TIMELINE_ROW i=10 words:
0x25ce020:	0x00000064	0x00000064	0x000000c8	0x00000250
0x25ce030:	0x0001000a	0x02127664	0x025fb35c	0x000cd109
0x25ce040:	0x004c0008	0x02010048	0x00000001	0x00000003
0x25ce050:	0x00070000
TIMELINE_ROW i=11 words:
0x25ce054:	0x00000064	0x00000064	0x000000c8	0x00000398
0x25ce064:	0x0001000b	0x01b6eb16	0x025fb374	0x000aa64e
0x25ce074:	0x004e000c	0x0202004a	0x00000001	0x00000003
0x25ce084:	0x00070000
TIMELINE_ROW i=12 words:
0x25ce088:	0x00000064	0x00000064	0x000000c8	0x00000198
0x25ce098:	0x0000000c	0x055fd234	0x025fb38c	0x00203980
0x25ce0a8:	0x00500005	0x02010052	0x00000001	0x00000004
0x25ce0b8:	0x00370000
TIMELINE_ROW i=13 words:
0x25ce0bc:	0x00000064	0x00000064	0x000000c8	0x00000418
0x25ce0cc:	0x0000000d	0x019df82c	0x025fb3a4	0x0009a139
0x25ce0dc:	0x004c000e	0x02020048	0x00000001	0x00000004
0x25ce0ec:	0x00370000
TIMELINE_ROW i=14 words:
0x25ce0f0:	0x00000064	0x00000064	0x000000c8	0x0000031c
0x25ce100:	0x0000000e	0x0276f3dc	0x025fb3bc	0x000eb000
0x25ce110:	0x004e000b	0x02010048	0x00000001	0x00000005
0x25ce120:	0x00260000
TIMELINE_ROW i=15 words:
0x25ce124:	0x00000064	0x00000064	0x000000c8	0x00000176
0x25ce134:	0x0000000f	0x07da43ee	0x025fb3d4	0x002f23ec
0x25ce144:	0x004a0005	0x0202004e	0x00000001	0x00000005
0x25ce154:	0x00260000
TIMELINE_ROW i=16 words:
0x25ce158:	0x00000064	0x00000064	0x000000c8	0x00000460
0x25ce168:	0x00000010	0x034c71bc	0x025fb3ec	0x0013a689
0x25ce178:	0x00460010	0x02010046	0x00000002	0x00000000
0x25ce188:	0x00410000
TIMELINE_ROW i=17 words:
0x25ce18c:	0x00000064	0x00000064	0x000000c8	0x0000015c
0x25ce19c:	0x00010011	0x02f0aa50	0x025fb404	0x0012129a
0x25ce1ac:	0x00460005	0x02020046	0x00000002	0x00000000
0x25ce1bc:	0x00410000
TIMELINE_ROW i=18 words:
0x25ce1c0:	0x00000064	0x00000064	0x000000c8	0x00000520
0x25ce1d0:	0x00010012	0x03fccc48	0x025fb41c	0x001853e7
0x25ce1e0:	0x00560011	0x02010046	0x00000002	0x00000001
0x25ce1f0:	0x00330000
TIMELINE_ROW i=19 words:
0x25ce1f4:	0x00000064	0x00000064	0x000000c8	0x0000059c
0x25ce204:	0x00010013	0x03fcd122	0x025fb434	0x001853f7
0x25ce214:	0x00460014	0x02020052	0x00000002	0x00000001
0x25ce224:	0x00330000
TIMELINE_ROW i=20 words:
0x25ce228:	0x00000064	0x00000064	0x000000c8	0x000003ae
0x25ce238:	0x00000014	0x051ce978	0x025fb44c	0x001ea7ef
0x25ce248:	0x0054000d	0x02010048	0x00000002	0x00000002
0x25ce258:	0x00370000
TIMELINE_ROW i=21 words:
0x25ce25c:	0x00000064	0x00000064	0x000000c8	0x000001a2
0x25ce26c:	0x00000015	0x055fd37a	0x025fb464	0x00203984
0x25ce27c:	0x00520005	0x02020054	0x00000002	0x00000002
0x25ce28c:	0x00370000
TIMELINE_ROW i=22 words:
0x25ce290:	0x00000064	0x00000064	0x000000c8	0x00000322
0x25ce2a0:	0x00010016	0x01ee1ca0	0x025fb47c	0x000bf5ae
0x25ce2b0:	0x005a0009	0x02010058	0x00000003	0x00000000
0x25ce2c0:	0x00070000
TIMELINE_ROW i=23 words:
0x25ce2c4:	0x00000064	0x00000064	0x000000c8	0x00000160
0x25ce2d4:	0x00010017	0x01ee1f6a	0x025fb494	0x000bf5b6
0x25ce2e4:	0x00580004	0x02020058	0x00000003	0x00000000
0x25ce2f4:	0x00070000
TIMELINE_ROW i=24 words:
0x25ce2f8:	0x00000064	0x00000064	0x000000c8	0x000001fc
0x25ce308:	0x00000018	0x058f0844	0x025fb4ac	0x00214d88
0x25ce318:	0x005e0006	0x02010052	0x00000003	0x00000001
0x25ce328:	0x00150000
TIMELINE_ROW i=25 words:
0x25ce32c:	0x00000064	0x00000064	0x000000c8	0x00000148
0x25ce33c:	0x00000019	0x058f09ee	0x025fb4c4	0x00214d8d
0x25ce34c:	0x00520004	0x0202004a	0x00000003	0x00000001
0x25ce35c:	0x00150000
TIMELINE_ROW i=26 words:
0x25ce360:	0x00000064	0x00000064	0x000000c8	0x00000168
0x25ce370:	0x0000001a	0x05f65444	0x025fb4dc	0x0023bd51
0x25ce380:	0x004c0005	0x02010046	0x00000003	0x00000002
0x25ce390:	0x00050000
TIMELINE_ROW i=27 words:
0x25ce394:	0x00000064	0x00000064	0x000000c8	0x000001a8
0x25ce3a4:	0x0000001b	0x02a2ca80	0x025fb4f4	0x000fb56a
0x25ce3b4:	0x00480006	0x02020046	0x00000003	0x00000002
0x25ce3c4:	0x00050000
TIMELINE_ROW i=28 words:
0x25ce3c8:	0x00000064	0x00000064	0x000000c8	0x00000296
0x25ce3d8:	0x0000001c	0x01847830	0x025fb50c	0x0009062c
0x25ce3e8:	0x00540008	0x02010052	0x00000003	0x00000003
0x25ce3f8:	0x00350000
TIMELINE_ROW i=29 words:
0x25ce3fc:	0x00000064	0x00000064	0x000000c8	0x000002b2
0x25ce40c:	0x0001001d	0x0363cc02	0x025fb524	0x0014bcd0
0x25ce41c:	0x00520008	0x02020058	0x00000003	0x00000003
0x25ce42c:	0x00350000
TIMELINE_ROW i=30 words:
0x25ce430:	0x00000064	0x00000064	0x000000c8	0x000003d6
0x25ce440:	0x0000001e	0x0236ccb0	0x025fb53c	0x000d3401
0x25ce450:	0x0062000b	0x02010052	0x00000003	0x00000004
0x25ce460:	0x00480000
TIMELINE_ROW i=31 words:
0x25ce464:	0x00000064	0x00000064	0x000000c8	0x00000660
0x25ce474:	0x0000001f	0x0236d034	0x025fb554	0x000d340b
0x25ce484:	0x00520017	0x02020044	0x00000003	0x00000004
0x25ce494:	0x00480000
TIMELINE_ROW i=32 words:
0x25ce498:	0x00000064	0x00000064	0x000000c8	0x000001e4
0x25ce4a8:	0x00000020	0x05b915a4	0x025fb56c	0x00224a18
0x25ce4b8:	0x003c0008	0x0201003c	0x00000003	0x00000005
0x25ce4c8:	0x001a0000
TIMELINE_ROW i=33 words:
0x25ce4cc:	0x00000064	0x00000064	0x000000c8	0x00000172
0x25ce4dc:	0x00010021	0x035fb842	0x025fb584	0x0014a495
0x25ce4ec:	0x00460006	0x0202003c	0x00000003	0x00000005
0x25ce4fc:	0x001a0000
TIMELINE_ROW i=34 words:
0x25ce500:	0x00000064	0x00000064	0x000000c8	0x000002a6
0x25ce510:	0x00010022	0x03cb85bc	0x025fb59c	0x00172c77
0x25ce520:	0x0040000a	0x02010044	0x00000004	0x00000000
0x25ce530:	0x00240000
TIMELINE_ROW i=35 words:
0x25ce534:	0x00000064	0x00000064	0x000000c8	0x000001e0
0x25ce544:	0x00010023	0x01e61112	0x025fb5b4	0x000bc4ff
0x25ce554:	0x00480007	0x02020044	0x00000004	0x00000000
0x25ce564:	0x00240000
TIMELINE_ROW i=36 words:
0x25ce568:	0x00000064	0x00000064	0x000000c8	0x00000342
0x25ce578:	0x00010024	0x02425900	0x025fb5cc	0x000df3d5
0x25ce588:	0x004c000b	0x0201004a	0x00000004	0x00000001
0x25ce598:	0x00440000
TIMELINE_ROW i=37 words:
0x25ce59c:	0x00000064	0x00000064	0x000000c8	0x00000376
0x25ce5ac:	0x00010025	0x02425bf8	0x025fb5e4	0x000df3df
0x25ce5bc:	0x004a000c	0x02020048	0x00000004	0x00000001
0x25ce5cc:	0x00440000
TIMELINE_ROW i=38 words:
0x25ce5d0:	0x00000064	0x00000064	0x000000c8	0x0000013c
0x25ce5e0:	0x00000026	0x05f7cda0	0x025fb5fc	0x0023c62d
0x25ce5f0:	0x004e0004	0x02010050	0x00000005	0x00000000
0x25ce600:	0x002d0000
TIMELINE_ROW i=39 words:
0x25ce604:	0x00000064	0x00000064	0x000000c8	0x000002d0
0x25ce614:	0x00000027	0x05f7ce8c	0x025fb614	0x0023c630
0x25ce624:	0x00500009	0x0202005e	0x00000005	0x00000000
0x25ce634:	0x002d0000
TIMELINE_ROW i=40 words:
0x25ce638:	0x00000064	0x00000064	0x000000c8	0x000003e6
0x25ce648:	0x00000028	0x06cde1c8	0x025fb62c	0x0028c0d9
0x25ce658:	0x0048000e	0x02010046	0x00000005	0x00000001
0x25ce668:	0x000e0000
TIMELINE_ROW i=41 words:
0x25ce66c:	0x00000064	0x00000064	0x000000c8	0x000003a8
0x25ce67c:	0x00000029	0x077d83b6	0x025fb644	0x002cefa3
0x25ce68c:	0x004a000d	0x02020046	0x00000005	0x00000001
0x25ce69c:	0x000e0000
TIMELINE_ROW i=42 words:
0x25ce6a0:	0x00000064	0x00000064	0x000000c8	0x000005e8
0x25ce6b0:	0x0001002a	0x04193084	0x025fb65c	0x0018fbe8
0x25ce6c0:	0x004c0015	0x02010044	0x00000006	0x00000000
0x25ce6d0:	0x00130000
TIMELINE_ROW i=43 words:
0x25ce6d4:	0x00000064	0x00000064	0x000000c8	0x0000054c
0x25ce6e4:	0x0001002b	0x013a2518	0x025fb674	0x00079a5c
0x25ce6f4:	0x00480013	0x0202004c	0x00000006	0x00000000
0x25ce704:	0x00130000
TIMELINE_ROW i=44 words:
0x25ce708:	0x00000064	0x00000064	0x000000c8	0x000001ce
0x25ce718:	0x0000002c	0x07696844	0x025fb68c	0x002c72fc
0x25ce728:	0x00400007	0x02010044	0x00000006	0x00000001
0x25ce738:	0x00270000
TIMELINE_ROW i=45 words:
0x25ce73c:	0x00000064	0x00000064	0x000000c8	0x000001dc
0x25ce74c:	0x0001002d	0x03e1ad9c	0x025fb6a4	0x0017b321
0x25ce75c:	0x00440007	0x02020044	0x00000006	0x00000001
0x25ce76c:	0x00270000
TIMELINE_ROW i=46 words:
0x25ce770:	0x00000064	0x00000064	0x000000c8	0x000005ca
0x25ce780:	0x0001002e	0x026a5ccc	0x025fb6bc	0x000ee6b4
0x25ce790:	0x00360012	0x0201005a	0x00000006	0x00000002
0x25ce7a0:	0x00230000
TIMELINE_ROW i=47 words:
0x25ce7a4:	0x00000064	0x00000064	0x000000c8	0x0000037a
0x25ce7b4:	0x0000002f	0x04cae904	0x025fb6d4	0x001cb588
0x25ce7c4:	0x005c000b	0x02020048	0x00000006	0x00000002
0x25ce7d4:	0x00230000
TIMELINE_ROW i=48 words:
0x25ce7d8:	0x00000064	0x00000064	0x000000c8	0x000001a0
0x25ce7e8:	0x00000030	0x0568f5f8	0x025fb6ec	0x00206e68
0x25ce7f8:	0x00460006	0x02010044	0x00000006	0x00000003
0x25ce808:	0x002e0000
TIMELINE_ROW i=49 words:
0x25ce80c:	0x00000064	0x00000064	0x000000c8	0x0000015a
0x25ce81c:	0x00000031	0x0568f754	0x025fb704	0x00206e6d
0x25ce82c:	0x00440005	0x02020046	0x00000006	0x00000003
0x25ce83c:	0x002e0000
TIMELINE_ROW i=50 words:
0x25ce840:	0x00000064	0x00000064	0x000000c8	0x0000012a
0x25ce850:	0x00000032	0x05cc58f8	0x025fb71c	0x0022c04d
0x25ce860:	0x00480004	0x02010044	0x00000007	0x00000000
0x25ce870:	0x00180000
TIMELINE_ROW i=51 words:
0x25ce874:	0x00000064	0x00000064	0x000000c8	0x00000396
0x25ce884:	0x00010033	0x00f6f700	0x025fb734	0x0005fdb7
0x25ce894:	0x004c000c	0x02020056	0x00000007	0x00000000
0x25ce8a4:	0x00180000
TIMELINE_ROW i=52 words:
0x25ce8a8:	0x00000064	0x00000064	0x000000c8	0x00000484
0x25ce8b8:	0x00000034	0x016a8648	0x025fb74c	0x000869e7
0x25ce8c8:	0x004c000f	0x02010052	0x00000007	0x00000001
0x25ce8d8:	0x002a0000
TIMELINE_ROW i=53 words:
0x25ce8dc:	0x00000064	0x00000064	0x000000c8	0x00000596
0x25ce8ec:	0x00000035	0x016a8a7a	0x025fb764	0x000869f5
0x25ce8fc:	0x00520010	0x02020064	0x00000007	0x00000001
0x25ce90c:	0x002a0000
TIMELINE_ROW i=54 words:
0x25ce910:	0x00000064	0x00000064	0x000000c8	0x00000142
0x25ce920:	0x00000036	0x04e72cac	0x025fb77c	0x001d62da
0x25ce930:	0x00500004	0x02010052	0x00000007	0x00000002
0x25ce940:	0x00370000
TIMELINE_ROW i=55 words:
0x25ce944:	0x00000064	0x00000064	0x000000c8	0x0000032a
0x25ce954:	0x00010037	0x03c015f4	0x025fb794	0x0016e63d
0x25ce964:	0x0050000a	0x02020052	0x00000007	0x00000002
0x25ce974:	0x00370000
TIMELINE_ROW i=56 words:
0x25ce978:	0x00000064	0x00000064	0x000000c8	0x00000132
0x25ce988:	0x00000038	0x07f8c6a0	0x025fb7ac	0x002fda76
0x25ce998:	0x004c0004	0x0201004c	0x00000007	0x00000003
0x25ce9a8:	0x001a0000
TIMELINE_ROW i=57 words:
0x25ce9ac:	0x00000064	0x00000064	0x000000c8	0x00000234
0x25ce9bc:	0x00000039	0x074d32e0	0x025fb7c4	0x002bc4c2
0x25ce9cc:	0x00420008	0x0202004a	0x00000007	0x00000003
0x25ce9dc:	0x001a0000
TIMELINE_ROW i=58 words:
0x25ce9e0:	0x00000064	0x00000064	0x000000c8	0x00000176
0x25ce9f0:	0x0001003a	0x032f3f2c	0x025fb7dc	0x0013845b
0x25cea00:	0x004c0005	0x0201004a	0x00000007	0x00000004
0x25cea10:	0x00370000
TIMELINE_ROW i=59 words:
0x25cea14:	0x00000064	0x00000064	0x000000c8	0x000001ec
0x25cea24:	0x0000003b	0x01c098a2	0x025fb7f4	0x000a6fa0
0x25cea34:	0x00460007	0x02020048	0x00000007	0x00000004
0x25cea44:	0x00370000
TIMELINE_ROW i=60 words:
0x25cea48:	0x00000064	0x00000064	0x000000c8	0x000004cc
0x25cea58:	0x0001003c	0x01bd6020	0x025fb80c	0x000acdb6
0x25cea68:	0x00320012	0x0201004a	0x00000007	0x00000005
0x25cea78:	0x00120000
TIMELINE_ROW i=61 words:
0x25cea7c:	0x00000064	0x00000064	0x000000c8	0x00000442
0x25cea8c:	0x0000003d	0x01ddc9d8	0x025fb824	0x000b1d92
0x25cea9c:	0x004c000e	0x0202004e	0x00000007	0x00000005
0x25ceaac:	0x00120000
TIMELINE_ROW i=62 words:
0x25ceab0:	0x00000064	0x00000064	0x000000c8	0x00000222
0x25ceac0:	0x0000003e	0x01e4a8f0	0x025fb83c	0x000b45f8
0x25cead0:	0x00500007	0x0201004e	0x00000007	0x00000006
0x25ceae0:	0x00440000
TIMELINE_ROW i=63 words:
0x25ceae4:	0x00000064	0x00000064	0x000000c8	0x0000023c
0x25ceaf4:	0x0000003f	0x01e4aac4	0x025fb854	0x000b45fe
0x25ceb04:	0x004e0007	0x0202005e	0x00000007	0x00000006
0x25ceb14:	0x00440000
SELECTED_UNIT n=67 id=260751
SELECTED_UNIT n=68 id=210901
SELECTED_UNIT n=69 id=177684
SELECTED_UNIT n=70 id=103032
SELECTED_UNIT n=71 id=172467
SELECTED_UNIT n=72 id=211801
SELECTED_UNIT n=73 id=221131
SELECTED_UNIT n=74 id=230131
SELECTED_UNIT n=75 id=32339
SELECTED_UNIT n=76 id=116352
SELECTED_UNIT n=77 id=174289
SELECTED_UNIT n=78 id=49782
SELECTED_UNIT n=79 id=249073
SELECTED_UNIT n=80 id=68027
SELECTED_UNIT n=81 id=116352
SELECTED_UNIT n=82 id=109884
SELECTED_UNIT n=83 id=53604
SELECTED_UNIT n=84 id=129847
SELECTED_UNIT n=85 id=257223
SELECTED_UNIT n=86 id=30324
SELECTED_UNIT n=87 id=256956
SELECTED_UNIT n=88 id=124842
SELECTED_UNIT n=89 id=225803
SELECTED_UNIT n=90 id=264932
SELECTED_UNIT n=91 id=165544
SELECTED_UNIT n=92 id=149432
SELECTED_UNIT n=93 id=209373
SELECTED_UNIT n=94 id=271656
SELECTED_UNIT n=95 id=266783
SELECTED_UNIT n=96 id=163737
SELECTED_UNIT n=97 id=101949
SELECTED_UNIT n=98 id=237998
SELECTED_UNIT n=99 id=203146
SELECTED_UNIT n=100 id=126442
SELECTED_UNIT n=101 id=263978
SELECTED_UNIT n=102 id=104567
SELECTED_UNIT n=103 id=161130
SELECTED_UNIT n=104 id=177366
SELECTED_UNIT n=105 id=35024
SELECTED_UNIT n=106 id=253784
SELECTED_UNIT n=107 id=37412
SELECTED_UNIT n=108 id=221761
SELECTED_UNIT n=109 id=216944
[Inferior 1 (Remote target) exited normally]
Wine-gdb> 0114:0118: create process 'Z:\samples\voicetext_kate.exe'/00000000 @004014C0 (450560<1847>)
0114:0118: create thread I @004014C0
0114:0118: loads DLL C:\windows\system32\ntdll.dll @7BD10000 (2994176<5095>)
0114:0118: loads DLL C:\windows\system32\kernel32.dll @7BB90000 (1466368<19395>)
0114:0118: loads DLL C:\windows\system32\kernelbase.dll @7B650000 (5410816<14148>)
0114:0118: loads DLL C:\windows\system32\msvcrt.dll @7B2A0000 (2715648<8214>)
0114:0118: loads DLL Z:\samples\vt_kat.dll @10000000 (0<0>)
0114:0118: loads DLL C:\windows\system32\WINMM.dll @78C50000 (1474560<4890>)
0114:0118: loads DLL C:\windows\system32\advapi32.dll @7B550000 (958464<7400>)
0114:0118: loads DLL C:\windows\system32\sechost.dll @7B200000 (565248<3163>)
0114:0118: loads DLL C:\windows\system32\ucrtbase.dll @7AEE0000 (3198976<11541>)
0114:0118: loads DLL C:\windows\system32\msacm32.dll @78BD0000 (413696<1982>)
0114:0118: loads DLL C:\windows\system32\user32.dll @7A160000 (5005312<14159>)
0114:0118: loads DLL Z:\samples\zlib1.dll @7A120000 (135680<0>)
0114:0118: loads DLL C:\windows\system32\gdi32.dll @7A640000 (2355200<7390>)
0114:0118: loads DLL C:\windows\system32\win32u.dll @7A0D0000 (221184<1966>)
0114:0118: loads DLL C:\windows\system32\ole32.dll @7A9F0000 (4440064<14323>)
0114:0118: loads DLL C:\windows\system32\combase.dll @7A890000 (1314816<7562>)
0114:0118: loads DLL C:\windows\system32\rpcrt4.dll @79EA0000 (2162688<9274>)
0114:0118: loads DLL C:\windows\system32\coml2.dll @79E40000 (262144<3883>)
0114:0118: loads DLL C:\windows\system32\iphlpapi.dll @779C0000 (487424<4777>)
0114:0118: loads DLL C:\windows\system32\dnsapi.dll @77970000 (258048<1399>)
0114:0118: loads DLL C:\windows\system32\nsi.dll @77940000 (118784<823>)
0114:0118: loads DLL C:\windows\system32\ws2_32.dll @7AE40000 (565248<2279>)
0114:0118: loads DLL C:\windows\system32\tzres.dll @009C0000 (0<0>)
00000114:00000118: unload DLL @009C0000
0114:0118: loads DLL C:\windows\system32\tzres.dll @009C0000 (0<0>)
00000114:00000118: unload DLL @009C0000
0114:0118: loads DLL C:\windows\system32\imm32.dll @782F0000 (401408<2996>)
0114:0118: loads DLL C:\windows\system32\winex11.drv @780F0000 (307200<4314>)
0114:0118: loads DLL C:\windows\system32\uxtheme.dll @78030000 (671744<3646>)
00000114:00000118: exit process (0)
X connection to :99 broken (explicit kill or server shutdown).
X connection to :99 broken (explicit kill or server shutdown).
