GNU gdb (Ubuntu 15.1-1ubuntu1~24.04.1) 15.1
Copyright (C) 2024 Free Software Foundation, Inc.
License GPLv3+: GNU GPL version 3 or later <http://gnu.org/licenses/gpl.html>
This is free software: you are free to change and redistribute it.
There is NO WARRANTY, to the extent permitted by law.
Type "show copying" and "show warranty" for details.
This GDB was configured as "x86_64-linux-gnu".
Type "show configuration" for configuration details.
For bug reporting instructions, please see:
<https://www.gnu.org/software/gdb/bugs/>.
Find the GDB manual and other documentation resources online at:
    <http://www.gnu.org/software/gdb/documentation/>.

For help, type "help".
Type "apropos word" to search for commands related to "word".
warning: remote target does not support file transfer, attempting to access files from local filesystem.
Reading symbols from /samples/voicetext_kate.exe...
0x7bd64525 in DbgBreakPoint@0 ()
   from /usr/lib/i386-linux-gnu/wine/i386-windows/ntdll.dll
Wine-gdb> Wine-gdb> Wine-gdb> Wine-gdb> Signal        Stop	Print	Pass to program	Description
SIGSEGV       No	No	Yes		Segmentation fault
Wine-gdb> Wine-gdb> Wine-gdb> Copying output to /probe/versioned-index-columns-gdb.log.
Copying debug output to /probe/versioned-index-columns-gdb.log.
Wine-gdb> Wine-gdb> Wine-gdb> Breakpoint 1 at 0x10019940
Wine-gdb> >>>>>>>> > > > > > > > > >>>Wine-gdb> Wine-gdb> Continuing.
INDEX_LOAD_BEGIN call=1 units=179995 attr_a_ptr=0x1fc0020 key_ptr=0x1dd0020 attr_b_ptr=0x1c4f970
Temporary breakpoint 2 at 0x10019a16
INDEX_LOAD_END call=1 attr_a=0x1fc0020:	0x00	0x00	0x00	0x00	0x00	0x00	0x00	0x00
INDEX_LOAD_END call=1 key=0x1dd0020:	0x00	0x00	0x00	0x00	0x00	0x00	0x00	0x00
0x1dd0028:	0x00	0x00	0x00	0x00	0x00	0x00	0x00	0x00
INDEX_LOAD_END call=1 attr_b=0x1c4f970:	0x0e	0x23	0x22	0x42	0x40	0x13	0x17	0x1f
INDEX_LOAD_BEGIN call=2 units=98133 attr_a_ptr=0x1febf3b key_ptr=0x1f039dd attr_b_ptr=0x1c7b88b
Temporary breakpoint 3 at 0x10019a16
INDEX_LOAD_END call=2 attr_a=0x1febf3b:	0x00	0x00	0x00	0x00	0x00	0x00	0x00	0x00
INDEX_LOAD_END call=2 key=0x1f039dd:	0x00	0x00	0x00	0x00	0x00	0x00	0x00	0x00
0x1f039e5:	0x00	0x00	0x00	0x00	0x00	0x00	0x00	0x00
INDEX_LOAD_END call=2 attr_b=0x1c7b88b:	0x15	0x1e	0x39	0x13	0x3d	0x2a	0x12	0x24
INDEX_LOAD_BEGIN call=3 units=997 attr_a_ptr=0x2003e90 key_ptr=0x1fab530 attr_b_ptr=0x1c937e0
Temporary breakpoint 4 at 0x10019a16
INDEX_LOAD_END call=3 attr_a=0x2003e90:	0x00	0x00	0x00	0x00	0x00	0x00	0x00	0x00
INDEX_LOAD_END call=3 key=0x1fab530:	0x00	0x00	0x00	0x00	0x00	0x00	0x00	0x00
0x1fab538:	0x00	0x00	0x00	0x00	0x00	0x00	0x00	0x00
INDEX_LOAD_END call=3 attr_b=0x1c937e0:	0x80	0x66	0x50	0x25	0x24	0x66	0x4e	0x23
INDEX_LOAD_BEGIN call=4 units=3666 attr_a_ptr=0x2004275 key_ptr=0x1fad073 attr_b_ptr=0x1c93bc5
Temporary breakpoint 5 at 0x10019a16
INDEX_LOAD_END call=4 attr_a=0x2004275:	0x00	0x00	0x00	0x00	0x00	0x00	0x00	0x00
INDEX_LOAD_END call=4 key=0x1fad073:	0x00	0x00	0x00	0x00	0x00	0x00	0x00	0x00
0x1fad07b:	0x00	0x00	0x00	0x00	0x00	0x00	0x00	0x00
INDEX_LOAD_END call=4 attr_b=0x1c93bc5:	0x3a	0x1a	0x43	0x41	0x3c	0x37	0x76	0x34
INDEX_LOAD_BEGIN call=5 units=905 attr_a_ptr=0x20050c7 key_ptr=0x1fb34b1 attr_b_ptr=0x1c94a17
Temporary breakpoint 6 at 0x10019a16
INDEX_LOAD_END call=5 attr_a=0x20050c7:	0x00	0x00	0x00	0x00	0x00	0x00	0x00	0x00
INDEX_LOAD_END call=5 key=0x1fb34b1:	0x00	0x00	0x00	0x00	0x00	0x00	0x00	0x00
0x1fb34b9:	0x00	0x00	0x00	0x00	0x00	0x00	0x00	0x00
INDEX_LOAD_END call=5 attr_b=0x1c94a17:	0x5d	0x5b	0x9d	0x6c	0x49	0x83	0x59	0x61
[Inferior 1 (Remote target) exited normally]
Wine-gdb> 0118:011c: create process 'Z:\samples\voicetext_kate.exe'/00000000 @004014C0 (450560<1847>)
0118:011c: create thread I @004014C0
0118:011c: loads DLL C:\windows\system32\ntdll.dll @7BD10000 (2994176<5095>)
0118:011c: loads DLL C:\windows\system32\kernel32.dll @7BB90000 (1466368<19395>)
0118:011c: loads DLL C:\windows\system32\kernelbase.dll @7B650000 (5410816<14148>)
0118:011c: loads DLL C:\windows\system32\msvcrt.dll @7B2A0000 (2715648<8214>)
0118:011c: loads DLL Z:\samples\vt_kat.dll @10000000 (0<0>)
0118:011c: loads DLL C:\windows\system32\WINMM.dll @78D30000 (1474560<4890>)
0118:011c: loads DLL C:\windows\system32\advapi32.dll @7B550000 (958464<7400>)
0118:011c: loads DLL C:\windows\system32\sechost.dll @7B200000 (565248<3163>)
0118:011c: loads DLL C:\windows\system32\ucrtbase.dll @7AEE0000 (3198976<11541>)
0118:011c: loads DLL C:\windows\system32\msacm32.dll @78CB0000 (413696<1982>)
0118:011c: loads DLL C:\windows\system32\user32.dll @7A160000 (5005312<14159>)
0118:011c: loads DLL Z:\samples\zlib1.dll @7A120000 (135680<0>)
0118:011c: loads DLL C:\windows\system32\gdi32.dll @7A640000 (2355200<7390>)
0118:011c: loads DLL C:\windows\system32\win32u.dll @7A0D0000 (221184<1966>)
0118:011c: loads DLL C:\windows\system32\ole32.dll @7A9F0000 (4440064<14323>)
0118:011c: loads DLL C:\windows\system32\combase.dll @7A890000 (1314816<7562>)
0118:011c: loads DLL C:\windows\system32\rpcrt4.dll @79EA0000 (2162688<9274>)
0118:011c: loads DLL C:\windows\system32\coml2.dll @79E40000 (262144<3883>)
0118:011c: loads DLL C:\windows\system32\iphlpapi.dll @779C0000 (487424<4777>)
0118:011c: loads DLL C:\windows\system32\dnsapi.dll @77970000 (258048<1399>)
0118:011c: loads DLL C:\windows\system32\nsi.dll @77940000 (118784<823>)
0118:011c: loads DLL C:\windows\system32\ws2_32.dll @7AE40000 (565248<2279>)
0118:011c: loads DLL C:\windows\system32\tzres.dll @009C0000 (0<0>)
00000118:0000011c: unload DLL @009C0000
0118:011c: loads DLL C:\windows\system32\tzres.dll @009C0000 (0<0>)
00000118:0000011c: unload DLL @009C0000
0118:011c: loads DLL C:\windows\system32\imm32.dll @782F0000 (401408<2996>)
0118:011c: loads DLL C:\windows\system32\winex11.drv @780F0000 (307200<4314>)
0118:011c: loads DLL C:\windows\system32\uxtheme.dll @77FF0000 (671744<3646>)
00000118:0000011c: exit process (0)
X connection to :99 broken (explicit kill or server shutdown).
X connection to :99 broken (explicit kill or server shutdown).
