GNU gdb (Ubuntu 15.1-1ubuntu1~24.04.1) 15.1
Copyright (C) 2024 Free Software Foundation, Inc.
License GPLv3+: GNU GPL version 3 or later <http://gnu.org/licenses/gpl.html>
This is free software: you are free to change and redistribute it.
There is NO WARRANTY, to the extent permitted by law.
Type "show copying" and "show warranty" for details.
This GDB was configured as "x86_64-linux-gnu".
Type "show configuration" for configuration details.
For bug reporting instructions, please see:
<https://www.gnu.org/software/gdb/bugs/>.
Find the GDB manual and other documentation resources online at:
    <http://www.gnu.org/software/gdb/documentation/>.

For help, type "help".
Type "apropos word" to search for commands related to "word".
warning: remote target does not support file transfer, attempting to access files from local filesystem.
Reading symbols from /samples/voicetext_paul.exe...
0x7bd64525 in DbgBreakPoint@0 ()
   from /usr/lib/i386-linux-gnu/wine/i386-windows/ntdll.dll
Wine-gdb> Wine-gdb> Wine-gdb> Breakpoint 1 at 0x10007520
Wine-gdb> >>>>>>>> > > > > > > > > > > >>> > > > >  >  >  >  >  >  >  >  >  > > >>>Wine-gdb> Continuing.
CONTEXT_ENTRY count=5 rows=0x16f0572 upstream=0x14e14cc
UPSTREAM row=0 source=0 type=0x41 class=0x44 status=0xff surface=
0x14e1500:	"We"
UPSTREAM_CONTEXT row=0 value=0x14e151e:	""
UPSTREAM_CONTEXT_BYTES row=0 bytes:
0x14e151e:	0x00	0x00	0x00	0x00	0x00	0x00	0x00	0x00
0x14e1526:	0x00	0x00	0x00	0x00
UPSTREAM row=1 source=1 type=0x41 class=0x44 status=0xff surface=
0x14e1594:	"noted"
UPSTREAM_CONTEXT row=1 value=0x14e15b2:	""
UPSTREAM_CONTEXT_BYTES row=1 bytes:
0x14e15b2:	0x00	0x00	0x00	0x00	0x00	0x00	0x00	0x00
0x14e15ba:	0x00	0x00	0x00	0x00
UPSTREAM row=2 source=2 type=0x41 class=0x44 status=0xff surface=
0x14e1628:	"Chas"
UPSTREAM_CONTEXT row=2 value=0x14e1646:	""
UPSTREAM_CONTEXT_BYTES row=2 bytes:
0x14e1646:	0x00	0x00	0x00	0x00	0x00	0x00	0x00	0x00
0x14e164e:	0x00	0x00	0x00	0x00
UPSTREAM row=3 source=3 type=0x41 class=0x44 status=0xff surface=
0x14e16bc:	"today"
UPSTREAM_CONTEXT row=3 value=0x14e16da:	""
UPSTREAM_CONTEXT_BYTES row=3 bytes:
0x14e16da:	0x00	0x00	0x00	0x00	0x00	0x00	0x00	0x00
0x14e16e2:	0x00	0x00	0x00	0x00
UPSTREAM row=4 source=3 type=0x41 class=0x44 status=0xff surface=
0x14e16bc:	"today"
UPSTREAM_CONTEXT row=4 value=0x14e16da:	""
UPSTREAM_CONTEXT_BYTES row=4 bytes:
0x14e16da:	0x00	0x00	0x00	0x00	0x00	0x00	0x00	0x00
0x14e16e2:	0x00	0x00	0x00	0x00
Temporary breakpoint 2 at 0x1000e365
CONTEXT_RETURN count=5
ROW index=0 flags=0x50 source=0 class=0x41 marker=0x30 surface=
0x16f057d:	"We"
ROW_CODE index=0 bytes:
0x16f059b:	0x42	0x27	0x00	0x00	0x00	0x00	0x00	0x00
0x16f05a3:	0x00	0x00	0x00	0x00	0x00	0x00	0x00	0x00
0x16f05ab:	0x00	0x00	0x00	0x00	0x00	0x00	0x00	0x00
ROW_META index=0 words:0x16f05de:	0	0	0	1
ROW index=1 flags=0x50 source=1 class=0 marker=0x30 surface=0x16f05ed:	"noted"
ROW_CODE index=1 bytes:
0x16f060b:	0x2d	0x30	0x39	0x23	0x15	0x00	0x00	0x00
0x16f0613:	0x00	0x00	0x00	0x00	0x00	0x00	0x00	0x00
0x16f061b:	0x00	0x00	0x00	0x00	0x00	0x00	0x00	0x00
ROW_META index=1 words:0x16f064e:	0	0	0	1
ROW index=2 flags=0x1 source=2 class=0 marker=0x30 surface=0x16f065d:	"Chas"
ROW_CODE index=2 bytes:
0x16f067b:	0x14	0x02	0x44	0x00	0x00	0x00	0x00	0x00
0x16f0683:	0x00	0x00	0x00	0x00	0x00	0x00	0x00	0x00
0x16f068b:	0x00	0x00	0x00	0x00	0x00	0x00	0x00	0x00
ROW_META index=2 words:0x16f06be:	1	0	1	0
ROW index=3 flags=0x1 source=3 class=0 marker=0x30 surface=0x16f06cd:	"today"
ROW_CODE index=3 bytes:
0x16f06eb:	0x39	0x07	0x15	0x1e	0x00	0x00	0x00	0x00
0x16f06f3:	0x00	0x00	0x00	0x00	0x00	0x00	0x00	0x00
0x16f06fb:	0x00	0x00	0x00	0x00	0x00	0x00	0x00	0x00
ROW_META index=3 words:0x16f072e:	0	0	0	0
ROW index=4 flags=0 source=3 class=0x45 marker=0x30 surface=0x16f073d:	"."
ROW_CODE index=4 bytes:
0x16f075b:	0x00	0x00	0x00	0x00	0x00	0x00	0x00	0x00
0x16f0763:	0x00	0x00	0x00	0x00	0x00	0x00	0x00	0x00
0x16f076b:	0x00	0x00	0x00	0x00	0x00	0x00	0x00	0x00
ROW_META index=4 words:0x16f079e:	0	0	0	0
CONTEXT_ENTRY count=5 rows=0x16f0572 upstream=0x14e14cc
UPSTREAM row=0 source=0 type=0x41 class=0x44 status=0xff surface=
0x14e1500:	"We"
UPSTREAM_CONTEXT row=0 value=0x14e151e:	""
UPSTREAM_CONTEXT_BYTES row=0 bytes:
0x14e151e:	0x00	0x00	0x00	0x00	0x00	0x00	0x00	0x00
0x14e1526:	0x00	0x00	0x00	0x00
UPSTREAM row=1 source=1 type=0x41 class=0x44 status=0xff surface=
0x14e1594:	"noted"
UPSTREAM_CONTEXT row=1 value=0x14e15b2:	""
UPSTREAM_CONTEXT_BYTES row=1 bytes:
0x14e15b2:	0x00	0x00	0x00	0x00	0x00	0x00	0x00	0x00
0x14e15ba:	0x00	0x00	0x00	0x00
UPSTREAM row=2 source=2 type=0x41 class=0x44 status=0xff surface=
0x14e1628:	"cl"
UPSTREAM_CONTEXT row=2 value=0x14e1646:	""
UPSTREAM_CONTEXT_BYTES row=2 bytes:
0x14e1646:	0x00	0x00	0x00	0x00	0x00	0x00	0x00	0x00
0x14e164e:	0x00	0x00	0x00	0x00
UPSTREAM row=3 source=3 type=0x41 class=0x44 status=0xff surface=
0x14e16bc:	"today"
UPSTREAM_CONTEXT row=3 value=0x14e16da:	""
UPSTREAM_CONTEXT_BYTES row=3 bytes:
0x14e16da:	0x00	0x00	0x00	0x00	0x00	0x00	0x00	0x00
0x14e16e2:	0x00	0x00	0x00	0x00
UPSTREAM row=4 source=3 type=0x41 class=0x44 status=0xff surface=
0x14e16bc:	"today"
UPSTREAM_CONTEXT row=4 value=0x14e16da:	""
UPSTREAM_CONTEXT_BYTES row=4 bytes:
0x14e16da:	0x00	0x00	0x00	0x00	0x00	0x00	0x00	0x00
0x14e16e2:	0x00	0x00	0x00	0x00
Temporary breakpoint 3 at 0x1000e365
CONTEXT_RETURN count=5
ROW index=0 flags=0x50 source=0 class=0x41 marker=0x30 surface=
0x16f057d:	"We"
ROW_CODE index=0 bytes:
0x16f059b:	0x42	0x27	0x00	0x00	0x00	0x00	0x00	0x00
0x16f05a3:	0x00	0x00	0x00	0x00	0x00	0x00	0x00	0x00
0x16f05ab:	0x00	0x00	0x00	0x00	0x00	0x00	0x00	0x00
ROW_META index=0 words:0x16f05de:	0	0	0	1
ROW index=1 flags=0x50 source=1 class=0 marker=0x30 surface=0x16f05ed:	"noted"
ROW_CODE index=1 bytes:
0x16f060b:	0x2d	0x30	0x39	0x23	0x15	0x00	0x00	0x00
0x16f0613:	0x00	0x00	0x00	0x00	0x00	0x00	0x00	0x00
0x16f061b:	0x00	0x00	0x00	0x00	0x00	0x00	0x00	0x00
ROW_META index=1 words:0x16f064e:	0	0	0	1
ROW index=2 flags=0x20 source=2 class=0x45 marker=0x30 surface=
0x16f065d:	"cl"
ROW_CODE index=2 bytes:
0x16f067b:	0x37	0x27	0x64	0x18	0x2b	0x00	0x00	0x00
0x16f0683:	0x00	0x00	0x00	0x00	0x00	0x00	0x00	0x00
0x16f068b:	0x00	0x00	0x00	0x00	0x00	0x00	0x00	0x00
ROW_META index=2 words:0x16f06be:	1	0	1	0
ROW index=3 flags=0x1 source=3 class=0 marker=0x30 surface=0x16f06cd:	"today"
ROW_CODE index=3 bytes:
0x16f06eb:	0x39	0x07	0x15	0x1e	0x00	0x00	0x00	0x00
0x16f06f3:	0x00	0x00	0x00	0x00	0x00	0x00	0x00	0x00
0x16f06fb:	0x00	0x00	0x00	0x00	0x00	0x00	0x00	0x00
ROW_META index=3 words:0x16f072e:	0	0	0	0
ROW index=4 flags=0 source=3 class=0x45 marker=0x30 surface=0x16f073d:	"."
ROW_CODE index=4 bytes:
0x16f075b:	0x00	0x00	0x00	0x00	0x00	0x00	0x00	0x00
0x16f0763:	0x00	0x00	0x00	0x00	0x00	0x00	0x00	0x00
0x16f076b:	0x00	0x00	0x00	0x00	0x00	0x00	0x00	0x00
ROW_META index=4 words:0x16f079e:	0	0	0	0
CONTEXT_ENTRY count=5 rows=0x16f0572 upstream=0x14e14cc
UPSTREAM row=0 source=0 type=0x41 class=0x44 status=0xff surface=
0x14e1500:	"We"
UPSTREAM_CONTEXT row=0 value=0x14e151e:	""
UPSTREAM_CONTEXT_BYTES row=0 bytes:
0x14e151e:	0x00	0x00	0x00	0x00	0x00	0x00	0x00	0x00
0x14e1526:	0x00	0x00	0x00	0x00
UPSTREAM row=1 source=1 type=0x41 class=0x44 status=0xff surface=
0x14e1594:	"noted"
UPSTREAM_CONTEXT row=1 value=0x14e15b2:	""
UPSTREAM_CONTEXT_BYTES row=1 bytes:
0x14e15b2:	0x00	0x00	0x00	0x00	0x00	0x00	0x00	0x00
0x14e15ba:	0x00	0x00	0x00	0x00
UPSTREAM row=2 source=2 type=0x41 class=0x44 status=0xff surface=
0x14e1628:	"cm"
UPSTREAM_CONTEXT row=2 value=0x14e1646:	""
UPSTREAM_CONTEXT_BYTES row=2 bytes:
0x14e1646:	0x00	0x00	0x00	0x00	0x00	0x00	0x00	0x00
0x14e164e:	0x00	0x00	0x00	0x00
UPSTREAM row=3 source=3 type=0x41 class=0x44 status=0xff surface=
0x14e16bc:	"today"
UPSTREAM_CONTEXT row=3 value=0x14e16da:	""
UPSTREAM_CONTEXT_BYTES row=3 bytes:
0x14e16da:	0x00	0x00	0x00	0x00	0x00	0x00	0x00	0x00
0x14e16e2:	0x00	0x00	0x00	0x00
UPSTREAM row=4 source=3 type=0x41 class=0x44 status=0xff surface=
0x14e16bc:	"today"
UPSTREAM_CONTEXT row=4 value=0x14e16da:	""
UPSTREAM_CONTEXT_BYTES row=4 bytes:
0x14e16da:	0x00	0x00	0x00	0x00	0x00	0x00	0x00	0x00
0x14e16e2:	0x00	0x00	0x00	0x00
Temporary breakpoint 4 at 0x1000e365
CONTEXT_RETURN count=5
ROW index=0 flags=0x50 source=0 class=0x41 marker=0x30 surface=
0x16f057d:	"We"
ROW_CODE index=0 bytes:
0x16f059b:	0x42	0x27	0x00	0x00	0x00	0x00	0x00	0x00
0x16f05a3:	0x00	0x00	0x00	0x00	0x00	0x00	0x00	0x00
0x16f05ab:	0x00	0x00	0x00	0x00	0x00	0x00	0x00	0x00
ROW_META index=0 words:0x16f05de:	0	0	0	1
ROW index=1 flags=0x50 source=1 class=0 marker=0x30 surface=0x16f05ed:	"noted"
ROW_CODE index=1 bytes:
0x16f060b:	0x2d	0x30	0x39	0x23	0x15	0x00	0x00	0x00
0x16f0613:	0x00	0x00	0x00	0x00	0x00	0x00	0x00	0x00
0x16f061b:	0x00	0x00	0x00	0x00	0x00	0x00	0x00	0x00
ROW_META index=1 words:0x16f064e:	0	0	0	1
ROW index=2 flags=0x20 source=2 class=0x45 marker=0x30 surface=
0x16f065d:	"cm"
ROW_CODE index=2 bytes:
0x16f067b:	0x37	0x27	0x64	0x18	0x2c	0x00	0x00	0x00
0x16f0683:	0x00	0x00	0x00	0x00	0x00	0x00	0x00	0x00
0x16f068b:	0x00	0x00	0x00	0x00	0x00	0x00	0x00	0x00
ROW_META index=2 words:0x16f06be:	0	1	1	0
ROW index=3 flags=0x1 source=3 class=0 marker=0x30 surface=0x16f06cd:	"today"
ROW_CODE index=3 bytes:
0x16f06eb:	0x39	0x07	0x15	0x1e	0x00	0x00	0x00	0x00
0x16f06f3:	0x00	0x00	0x00	0x00	0x00	0x00	0x00	0x00
0x16f06fb:	0x00	0x00	0x00	0x00	0x00	0x00	0x00	0x00
ROW_META index=3 words:0x16f072e:	0	0	0	0
ROW index=4 flags=0 source=3 class=0x45 marker=0x30 surface=0x16f073d:	"."
ROW_CODE index=4 bytes:
0x16f075b:	0x00	0x00	0x00	0x00	0x00	0x00	0x00	0x00
0x16f0763:	0x00	0x00	0x00	0x00	0x00	0x00	0x00	0x00
0x16f076b:	0x00	0x00	0x00	0x00	0x00	0x00	0x00	0x00
ROW_META index=4 words:0x16f079e:	0	0	0	0
CONTEXT_ENTRY count=5 rows=0x16f0572 upstream=0x14e14cc
UPSTREAM row=0 source=0 type=0x41 class=0x44 status=0xff surface=
0x14e1500:	"We"
UPSTREAM_CONTEXT row=0 value=0x14e151e:	""
UPSTREAM_CONTEXT_BYTES row=0 bytes:
0x14e151e:	0x00	0x00	0x00	0x00	0x00	0x00	0x00	0x00
0x14e1526:	0x00	0x00	0x00	0x00
UPSTREAM row=1 source=1 type=0x41 class=0x44 status=0xff surface=
0x14e1594:	"noted"
UPSTREAM_CONTEXT row=1 value=0x14e15b2:	""
UPSTREAM_CONTEXT_BYTES row=1 bytes:
0x14e15b2:	0x00	0x00	0x00	0x00	0x00	0x00	0x00	0x00
0x14e15ba:	0x00	0x00	0x00	0x00
UPSTREAM row=2 source=2 type=0x41 class=0x44 status=0xff surface=
0x14e1628:	"Company"
UPSTREAM_CONTEXT row=2 value=0x14e1646:	""
UPSTREAM_CONTEXT_BYTES row=2 bytes:
0x14e1646:	0x00	0x00	0x00	0x00	0x00	0x00	0x00	0x00
0x14e164e:	0x00	0x00	0x00	0x00
UPSTREAM row=3 source=3 type=0x41 class=0x44 status=0xff surface=
0x14e16bc:	"today"
UPSTREAM_CONTEXT row=3 value=0x14e16da:	""
UPSTREAM_CONTEXT_BYTES row=3 bytes:
0x14e16da:	0x00	0x00	0x00	0x00	0x00	0x00	0x00	0x00
0x14e16e2:	0x00	0x00	0x00	0x00
UPSTREAM row=4 source=3 type=0x41 class=0x44 status=0xff surface=
0x14e16bc:	"today"
UPSTREAM_CONTEXT row=4 value=0x14e16da:	""
UPSTREAM_CONTEXT_BYTES row=4 bytes:
0x14e16da:	0x00	0x00	0x00	0x00	0x00	0x00	0x00	0x00
0x14e16e2:	0x00	0x00	0x00	0x00
Temporary breakpoint 5 at 0x1000e365
CONTEXT_RETURN count=5
ROW index=0 flags=0x50 source=0 class=0x41 marker=0x30 surface=
0x16f057d:	"We"
ROW_CODE index=0 bytes:
0x16f059b:	0x42	0x27	0x00	0x00	0x00	0x00	0x00	0x00
0x16f05a3:	0x00	0x00	0x00	0x00	0x00	0x00	0x00	0x00
0x16f05ab:	0x00	0x00	0x00	0x00	0x00	0x00	0x00	0x00
ROW_META index=0 words:0x16f05de:	0	0	0	1
ROW index=1 flags=0x50 source=1 class=0 marker=0x30 surface=0x16f05ed:	"noted"
ROW_CODE index=1 bytes:
0x16f060b:	0x2d	0x30	0x39	0x23	0x15	0x00	0x00	0x00
0x16f0613:	0x00	0x00	0x00	0x00	0x00	0x00	0x00	0x00
0x16f061b:	0x00	0x00	0x00	0x00	0x00	0x00	0x00	0x00
ROW_META index=1 words:0x16f064e:	0	0	0	1
ROW index=2 flags=0x50 source=2 class=0 marker=0x30 surface=
0x16f065d:	"Company"
ROW_CODE index=2 bytes:
0x16f067b:	0x2a	0x08	0x2c	0x35	0x07	0x2d	0x26	0x00
0x16f0683:	0x00	0x00	0x00	0x00	0x00	0x00	0x00	0x00
0x16f068b:	0x00	0x00	0x00	0x00	0x00	0x00	0x00	0x00
ROW_META index=2 words:0x16f06be:	0	1	1	1
ROW index=3 flags=0x1 source=3 class=0 marker=0x30 surface=0x16f06cd:	"today"
ROW_CODE index=3 bytes:
0x16f06eb:	0x39	0x07	0x15	0x1e	0x00	0x00	0x00	0x00
0x16f06f3:	0x00	0x00	0x00	0x00	0x00	0x00	0x00	0x00
0x16f06fb:	0x00	0x00	0x00	0x00	0x00	0x00	0x00	0x00
ROW_META index=3 words:0x16f072e:	0	0	0	0
ROW index=4 flags=0 source=3 class=0x45 marker=0x30 surface=0x16f073d:	"."
ROW_CODE index=4 bytes:
0x16f075b:	0x00	0x00	0x00	0x00	0x00	0x00	0x00	0x00
0x16f0763:	0x00	0x00	0x00	0x00	0x00	0x00	0x00	0x00
0x16f076b:	0x00	0x00	0x00	0x00	0x00	0x00	0x00	0x00
ROW_META index=4 words:0x16f079e:	0	0	0	0
CONTEXT_ENTRY count=5 rows=0x16f0572 upstream=0x14e14cc
UPSTREAM row=0 source=0 type=0x41 class=0x44 status=0xff surface=
0x14e1500:	"We"
UPSTREAM_CONTEXT row=0 value=0x14e151e:	""
UPSTREAM_CONTEXT_BYTES row=0 bytes:
0x14e151e:	0x00	0x00	0x00	0x00	0x00	0x00	0x00	0x00
0x14e1526:	0x00	0x00	0x00	0x00
UPSTREAM row=1 source=1 type=0x41 class=0x44 status=0xff surface=
0x14e1594:	"noted"
UPSTREAM_CONTEXT row=1 value=0x14e15b2:	""
UPSTREAM_CONTEXT_BYTES row=1 bytes:
0x14e15b2:	0x00	0x00	0x00	0x00	0x00	0x00	0x00	0x00
0x14e15ba:	0x00	0x00	0x00	0x00
UPSTREAM row=2 source=2 type=0x41 class=0x44 status=0xff surface=
0x14e1628:	"Company"
UPSTREAM_CONTEXT row=2 value=0x14e1646:	""
UPSTREAM_CONTEXT_BYTES row=2 bytes:
0x14e1646:	0x00	0x00	0x00	0x00	0x00	0x00	0x00	0x00
0x14e164e:	0x00	0x00	0x00	0x00
UPSTREAM row=3 source=3 type=0x41 class=0x44 status=0xff surface=
0x14e16bc:	"today"
UPSTREAM_CONTEXT row=3 value=0x14e16da:	""
UPSTREAM_CONTEXT_BYTES row=3 bytes:
0x14e16da:	0x00	0x00	0x00	0x00	0x00	0x00	0x00	0x00
0x14e16e2:	0x00	0x00	0x00	0x00
UPSTREAM row=4 source=3 type=0x41 class=0x44 status=0xff surface=
0x14e16bc:	"today"
UPSTREAM_CONTEXT row=4 value=0x14e16da:	""
UPSTREAM_CONTEXT_BYTES row=4 bytes:
0x14e16da:	0x00	0x00	0x00	0x00	0x00	0x00	0x00	0x00
0x14e16e2:	0x00	0x00	0x00	0x00
Temporary breakpoint 6 at 0x1000e365
CONTEXT_RETURN count=5
ROW index=0 flags=0x50 source=0 class=0x41 marker=0x30 surface=
0x16f057d:	"We"
ROW_CODE index=0 bytes:
0x16f059b:	0x42	0x27	0x00	0x00	0x00	0x00	0x00	0x00
0x16f05a3:	0x00	0x00	0x00	0x00	0x00	0x00	0x00	0x00
0x16f05ab:	0x00	0x00	0x00	0x00	0x00	0x00	0x00	0x00
ROW_META index=0 words:0x16f05de:	0	0	0	1
ROW index=1 flags=0x50 source=1 class=0 marker=0x30 surface=0x16f05ed:	"noted"
ROW_CODE index=1 bytes:
0x16f060b:	0x2d	0x30	0x39	0x23	0x15	0x00	0x00	0x00
0x16f0613:	0x00	0x00	0x00	0x00	0x00	0x00	0x00	0x00
0x16f061b:	0x00	0x00	0x00	0x00	0x00	0x00	0x00	0x00
ROW_META index=1 words:0x16f064e:	0	0	0	1
ROW index=2 flags=0x50 source=2 class=0 marker=0x30 surface=
0x16f065d:	"Company"
ROW_CODE index=2 bytes:
0x16f067b:	0x2a	0x08	0x2c	0x35	0x07	0x2d	0x26	0x00
0x16f0683:	0x00	0x00	0x00	0x00	0x00	0x00	0x00	0x00
0x16f068b:	0x00	0x00	0x00	0x00	0x00	0x00	0x00	0x00
ROW_META index=2 words:0x16f06be:	0	1	1	1
ROW index=3 flags=0x1 source=3 class=0 marker=0x30 surface=0x16f06cd:	"today"
ROW_CODE index=3 bytes:
0x16f06eb:	0x39	0x07	0x15	0x1e	0x00	0x00	0x00	0x00
0x16f06f3:	0x00	0x00	0x00	0x00	0x00	0x00	0x00	0x00
0x16f06fb:	0x00	0x00	0x00	0x00	0x00	0x00	0x00	0x00
ROW_META index=3 words:0x16f072e:	0	0	0	0
ROW index=4 flags=0 source=3 class=0x45 marker=0x30 surface=0x16f073d:	"."
ROW_CODE index=4 bytes:
0x16f075b:	0x00	0x00	0x00	0x00	0x00	0x00	0x00	0x00
0x16f0763:	0x00	0x00	0x00	0x00	0x00	0x00	0x00	0x00
0x16f076b:	0x00	0x00	0x00	0x00	0x00	0x00	0x00	0x00
ROW_META index=4 words:0x16f079e:	0	0	0	0
CONTEXT_ENTRY count=5 rows=0x16f0572 upstream=0x14e14cc
UPSTREAM row=0 source=0 type=0x41 class=0x44 status=0xff surface=
0x14e1500:	"We"
UPSTREAM_CONTEXT row=0 value=0x14e151e:	""
UPSTREAM_CONTEXT_BYTES row=0 bytes:
0x14e151e:	0x00	0x00	0x00	0x00	0x00	0x00	0x00	0x00
0x14e1526:	0x00	0x00	0x00	0x00
UPSTREAM row=1 source=1 type=0x41 class=0x44 status=0xff surface=
0x14e1594:	"noted"
UPSTREAM_CONTEXT row=1 value=0x14e15b2:	""
UPSTREAM_CONTEXT_BYTES row=1 bytes:
0x14e15b2:	0x00	0x00	0x00	0x00	0x00	0x00	0x00	0x00
0x14e15ba:	0x00	0x00	0x00	0x00
UPSTREAM row=2 source=2 type=0x41 class=0x44 status=0xff surface=
0x14e1628:	"cst"
UPSTREAM_CONTEXT row=2 value=0x14e1646:	""
UPSTREAM_CONTEXT_BYTES row=2 bytes:
0x14e1646:	0x00	0x00	0x00	0x00	0x00	0x00	0x00	0x00
0x14e164e:	0x00	0x00	0x00	0x00
UPSTREAM row=3 source=3 type=0x41 class=0x44 status=0xff surface=
0x14e16bc:	"today"
UPSTREAM_CONTEXT row=3 value=0x14e16da:	""
UPSTREAM_CONTEXT_BYTES row=3 bytes:
0x14e16da:	0x00	0x00	0x00	0x00	0x00	0x00	0x00	0x00
0x14e16e2:	0x00	0x00	0x00	0x00
UPSTREAM row=4 source=3 type=0x41 class=0x44 status=0xff surface=
0x14e16bc:	"today"
UPSTREAM_CONTEXT row=4 value=0x14e16da:	""
UPSTREAM_CONTEXT_BYTES row=4 bytes:
0x14e16da:	0x00	0x00	0x00	0x00	0x00	0x00	0x00	0x00
0x14e16e2:	0x00	0x00	0x00	0x00
Temporary breakpoint 7 at 0x1000e365
CONTEXT_RETURN count=5
ROW index=0 flags=0x50 source=0 class=0x41 marker=0x30 surface=
0x16f057d:	"We"
ROW_CODE index=0 bytes:
0x16f059b:	0x42	0x27	0x00	0x00	0x00	0x00	0x00	0x00
0x16f05a3:	0x00	0x00	0x00	0x00	0x00	0x00	0x00	0x00
0x16f05ab:	0x00	0x00	0x00	0x00	0x00	0x00	0x00	0x00
ROW_META index=0 words:0x16f05de:	0	0	0	1
ROW index=1 flags=0x50 source=1 class=0 marker=0x30 surface=0x16f05ed:	"noted"
ROW_CODE index=1 bytes:
0x16f060b:	0x2d	0x30	0x39	0x23	0x15	0x00	0x00	0x00
0x16f0613:	0x00	0x00	0x00	0x00	0x00	0x00	0x00	0x00
0x16f061b:	0x00	0x00	0x00	0x00	0x00	0x00	0x00	0x00
ROW_META index=1 words:0x16f064e:	0	0	0	1
ROW index=2 flags=0x20 source=2 class=0x45 marker=0x30 surface=
0x16f065d:	"cst"
ROW_CODE index=2 bytes:
0x16f067b:	0x37	0x27	0x64	0x18	0x37	0x64	0x39	0x27
0x16f0683:	0x00	0x00	0x00	0x00	0x00	0x00	0x00	0x00
0x16f068b:	0x00	0x00	0x00	0x00	0x00	0x00	0x00	0x00
ROW_META index=2 words:0x16f06be:	1	0	1	0
ROW index=3 flags=0x1 source=3 class=0 marker=0x30 surface=0x16f06cd:	"today"
ROW_CODE index=3 bytes:
0x16f06eb:	0x39	0x07	0x15	0x1e	0x00	0x00	0x00	0x00
0x16f06f3:	0x00	0x00	0x00	0x00	0x00	0x00	0x00	0x00
0x16f06fb:	0x00	0x00	0x00	0x00	0x00	0x00	0x00	0x00
ROW_META index=3 words:0x16f072e:	0	0	0	0
ROW index=4 flags=0 source=3 class=0x45 marker=0x30 surface=0x16f073d:	"."
ROW_CODE index=4 bytes:
0x16f075b:	0x00	0x00	0x00	0x00	0x00	0x00	0x00	0x00
0x16f0763:	0x00	0x00	0x00	0x00	0x00	0x00	0x00	0x00
0x16f076b:	0x00	0x00	0x00	0x00	0x00	0x00	0x00	0x00
ROW_META index=4 words:0x16f079e:	0	0	0	0
CONTEXT_ENTRY count=5 rows=0x16f0572 upstream=0x14e14cc
UPSTREAM row=0 source=0 type=0x41 class=0x44 status=0xff surface=
0x14e1500:	"We"
UPSTREAM_CONTEXT row=0 value=0x14e151e:	""
UPSTREAM_CONTEXT_BYTES row=0 bytes:
0x14e151e:	0x00	0x00	0x00	0x00	0x00	0x00	0x00	0x00
0x14e1526:	0x00	0x00	0x00	0x00
UPSTREAM row=1 source=1 type=0x41 class=0x44 status=0xff surface=
0x14e1594:	"noted"
UPSTREAM_CONTEXT row=1 value=0x14e15b2:	""
UPSTREAM_CONTEXT_BYTES row=1 bytes:
0x14e15b2:	0x00	0x00	0x00	0x00	0x00	0x00	0x00	0x00
0x14e15ba:	0x00	0x00	0x00	0x00
UPSTREAM row=2 source=2 type=0x41 class=0x44 status=0xff surface=
0x14e1628:	"ct"
UPSTREAM_CONTEXT row=2 value=0x14e1646:	""
UPSTREAM_CONTEXT_BYTES row=2 bytes:
0x14e1646:	0x00	0x00	0x00	0x00	0x00	0x00	0x00	0x00
0x14e164e:	0x00	0x00	0x00	0x00
UPSTREAM row=3 source=3 type=0x41 class=0x44 status=0xff surface=
0x14e16bc:	"today"
UPSTREAM_CONTEXT row=3 value=0x14e16da:	""
UPSTREAM_CONTEXT_BYTES row=3 bytes:
0x14e16da:	0x00	0x00	0x00	0x00	0x00	0x00	0x00	0x00
0x14e16e2:	0x00	0x00	0x00	0x00
UPSTREAM row=4 source=3 type=0x41 class=0x44 status=0xff surface=
0x14e16bc:	"today"
UPSTREAM_CONTEXT row=4 value=0x14e16da:	""
UPSTREAM_CONTEXT_BYTES row=4 bytes:
0x14e16da:	0x00	0x00	0x00	0x00	0x00	0x00	0x00	0x00
0x14e16e2:	0x00	0x00	0x00	0x00
Temporary breakpoint 8 at 0x1000e365
CONTEXT_RETURN count=5
ROW index=0 flags=0x50 source=0 class=0x41 marker=0x30 surface=
0x16f057d:	"We"
ROW_CODE index=0 bytes:
0x16f059b:	0x42	0x27	0x00	0x00	0x00	0x00	0x00	0x00
0x16f05a3:	0x00	0x00	0x00	0x00	0x00	0x00	0x00	0x00
0x16f05ab:	0x00	0x00	0x00	0x00	0x00	0x00	0x00	0x00
ROW_META index=0 words:0x16f05de:	0	0	0	1
ROW index=1 flags=0x50 source=1 class=0 marker=0x30 surface=0x16f05ed:	"noted"
ROW_CODE index=1 bytes:
0x16f060b:	0x2d	0x30	0x39	0x23	0x15	0x00	0x00	0x00
0x16f0613:	0x00	0x00	0x00	0x00	0x00	0x00	0x00	0x00
0x16f061b:	0x00	0x00	0x00	0x00	0x00	0x00	0x00	0x00
ROW_META index=1 words:0x16f064e:	0	0	0	1
ROW index=2 flags=0x20 source=2 class=0x45 marker=0x30 surface=
0x16f065d:	"ct"
ROW_CODE index=2 bytes:
0x16f067b:	0x37	0x27	0x64	0x39	0x27	0x00	0x39	0x27
0x16f0683:	0x00	0x00	0x00	0x00	0x00	0x00	0x00	0x00
0x16f068b:	0x00	0x00	0x00	0x00	0x00	0x00	0x00	0x00
ROW_META index=2 words:0x16f06be:	0	1	1	0
ROW index=3 flags=0x1 source=3 class=0 marker=0x30 surface=0x16f06cd:	"today"
ROW_CODE index=3 bytes:
0x16f06eb:	0x39	0x07	0x15	0x1e	0x00	0x00	0x00	0x00
0x16f06f3:	0x00	0x00	0x00	0x00	0x00	0x00	0x00	0x00
0x16f06fb:	0x00	0x00	0x00	0x00	0x00	0x00	0x00	0x00
ROW_META index=3 words:0x16f072e:	0	0	0	0
ROW index=4 flags=0 source=3 class=0x45 marker=0x30 surface=0x16f073d:	"."
ROW_CODE index=4 bytes:
0x16f075b:	0x00	0x00	0x00	0x00	0x00	0x00	0x00	0x00
0x16f0763:	0x00	0x00	0x00	0x00	0x00	0x00	0x00	0x00
0x16f076b:	0x00	0x00	0x00	0x00	0x00	0x00	0x00	0x00
ROW_META index=4 words:0x16f079e:	0	0	0	0
CONTEXT_ENTRY count=5 rows=0x16f0572 upstream=0x14e14cc
UPSTREAM row=0 source=0 type=0x41 class=0x44 status=0xff surface=
0x14e1500:	"We"
UPSTREAM_CONTEXT row=0 value=0x14e151e:	""
UPSTREAM_CONTEXT_BYTES row=0 bytes:
0x14e151e:	0x00	0x00	0x00	0x00	0x00	0x00	0x00	0x00
0x14e1526:	0x00	0x00	0x00	0x00
UPSTREAM row=1 source=1 type=0x41 class=0x44 status=0xff surface=
0x14e1594:	"noted"
UPSTREAM_CONTEXT row=1 value=0x14e15b2:	""
UPSTREAM_CONTEXT_BYTES row=1 bytes:
0x14e15b2:	0x00	0x00	0x00	0x00	0x00	0x00	0x00	0x00
0x14e15ba:	0x00	0x00	0x00	0x00
UPSTREAM row=2 source=2 type=0x41 class=0x44 status=0xff surface=
0x14e1628:	"hundredweight"
UPSTREAM_CONTEXT row=2 value=0x14e1646:	""
UPSTREAM_CONTEXT_BYTES row=2 bytes:
0x14e1646:	0x00	0x00	0x00	0x00	0x00	0x00	0x00	0x00
0x14e164e:	0x00	0x00	0x00	0x00
UPSTREAM row=3 source=3 type=0x41 class=0x44 status=0xff surface=
0x14e16bc:	"today"
UPSTREAM_CONTEXT row=3 value=0x14e16da:	""
UPSTREAM_CONTEXT_BYTES row=3 bytes:
0x14e16da:	0x00	0x00	0x00	0x00	0x00	0x00	0x00	0x00
0x14e16e2:	0x00	0x00	0x00	0x00
UPSTREAM row=4 source=3 type=0x41 class=0x44 status=0xff surface=
0x14e16bc:	"today"
UPSTREAM_CONTEXT row=4 value=0x14e16da:	""
UPSTREAM_CONTEXT_BYTES row=4 bytes:
0x14e16da:	0x00	0x00	0x00	0x00	0x00	0x00	0x00	0x00
0x14e16e2:	0x00	0x00	0x00	0x00
Temporary breakpoint 9 at 0x1000e365
CONTEXT_RETURN count=5
ROW index=0 flags=0x50 source=0 class=0x41 marker=0x30 surface=
0x16f057d:	"We"
ROW_CODE index=0 bytes:
0x16f059b:	0x42	0x27	0x00	0x00	0x00	0x00	0x00	0x00
0x16f05a3:	0x00	0x00	0x00	0x00	0x00	0x00	0x00	0x00
0x16f05ab:	0x00	0x00	0x00	0x00	0x00	0x00	0x00	0x00
ROW_META index=0 words:0x16f05de:	0	0	0	1
ROW index=1 flags=0x50 source=1 class=0 marker=0x30 surface=0x16f05ed:	"noted"
ROW_CODE index=1 bytes:
0x16f060b:	0x2d	0x30	0x39	0x23	0x15	0x00	0x00	0x00
0x16f0613:	0x00	0x00	0x00	0x00	0x00	0x00	0x00	0x00
0x16f061b:	0x00	0x00	0x00	0x00	0x00	0x00	0x00	0x00
ROW_META index=1 words:0x16f064e:	0	0	0	1
ROW index=2 flags=0x1 source=2 class=0 marker=0x30 surface=
0x16f065d:	"hundredweight"
ROW_CODE index=2 bytes:
0x16f067b:	0x22	0x08	0x2d	0x15	0x36	0x23	0x15	0x63
0x16f0683:	0x42	0x1f	0x39	0x00	0x00	0x00	0x00	0x00
0x16f068b:	0x00	0x00	0x00	0x00	0x00	0x00	0x00	0x00
ROW_META index=2 words:0x16f06be:	0	1	0	0
ROW index=3 flags=0x1 source=3 class=0 marker=0x30 surface=0x16f06cd:	"today"
ROW_CODE index=3 bytes:
0x16f06eb:	0x39	0x07	0x15	0x1e	0x00	0x00	0x00	0x00
0x16f06f3:	0x00	0x00	0x00	0x00	0x00	0x00	0x00	0x00
0x16f06fb:	0x00	0x00	0x00	0x00	0x00	0x00	0x00	0x00
ROW_META index=3 words:0x16f072e:	0	0	0	0
ROW index=4 flags=0 source=3 class=0x45 marker=0x30 surface=0x16f073d:	"."
ROW_CODE index=4 bytes:
0x16f075b:	0x00	0x00	0x00	0x00	0x00	0x00	0x00	0x00
0x16f0763:	0x00	0x00	0x00	0x00	0x00	0x00	0x00	0x00
0x16f076b:	0x00	0x00	0x00	0x00	0x00	0x00	0x00	0x00
ROW_META index=4 words:0x16f079e:	0	0	0	0
CONTEXT_ENTRY count=5 rows=0x16f0572 upstream=0x14e14cc
UPSTREAM row=0 source=0 type=0x41 class=0x44 status=0xff surface=
0x14e1500:	"We"
UPSTREAM_CONTEXT row=0 value=0x14e151e:	""
UPSTREAM_CONTEXT_BYTES row=0 bytes:
0x14e151e:	0x00	0x00	0x00	0x00	0x00	0x00	0x00	0x00
0x14e1526:	0x00	0x00	0x00	0x00
UPSTREAM row=1 source=1 type=0x41 class=0x44 status=0xff surface=
0x14e1594:	"noted"
UPSTREAM_CONTEXT row=1 value=0x14e15b2:	""
UPSTREAM_CONTEXT_BYTES row=1 bytes:
0x14e15b2:	0x00	0x00	0x00	0x00	0x00	0x00	0x00	0x00
0x14e15ba:	0x00	0x00	0x00	0x00
UPSTREAM row=2 source=2 type=0x41 class=0x44 status=0xff surface=
0x14e1628:	"cylinder"
UPSTREAM_CONTEXT row=2 value=0x14e1646:	""
UPSTREAM_CONTEXT_BYTES row=2 bytes:
0x14e1646:	0x00	0x00	0x00	0x00	0x00	0x00	0x00	0x00
0x14e164e:	0x00	0x00	0x00	0x00
UPSTREAM row=3 source=3 type=0x41 class=0x44 status=0xff surface=
0x14e16bc:	"today"
UPSTREAM_CONTEXT row=3 value=0x14e16da:	""
UPSTREAM_CONTEXT_BYTES row=3 bytes:
0x14e16da:	0x00	0x00	0x00	0x00	0x00	0x00	0x00	0x00
0x14e16e2:	0x00	0x00	0x00	0x00
UPSTREAM row=4 source=3 type=0x41 class=0x44 status=0xff surface=
0x14e16bc:	"today"
UPSTREAM_CONTEXT row=4 value=0x14e16da:	""
UPSTREAM_CONTEXT_BYTES row=4 bytes:
0x14e16da:	0x00	0x00	0x00	0x00	0x00	0x00	0x00	0x00
0x14e16e2:	0x00	0x00	0x00	0x00
Temporary breakpoint 10 at 0x1000e365
CONTEXT_RETURN count=5
ROW index=0 flags=0x50 source=0 class=0x41 marker=0x30 surface=
0x16f057d:	"We"
ROW_CODE index=0 bytes:
0x16f059b:	0x42	0x27	0x00	0x00	0x00	0x00	0x00	0x00
0x16f05a3:	0x00	0x00	0x00	0x00	0x00	0x00	0x00	0x00
0x16f05ab:	0x00	0x00	0x00	0x00	0x00	0x00	0x00	0x00
ROW_META index=0 words:0x16f05de:	0	0	0	1
ROW index=1 flags=0x50 source=1 class=0 marker=0x30 surface=0x16f05ed:	"noted"
ROW_CODE index=1 bytes:
0x16f060b:	0x2d	0x30	0x39	0x23	0x15	0x00	0x00	0x00
0x16f0613:	0x00	0x00	0x00	0x00	0x00	0x00	0x00	0x00
0x16f061b:	0x00	0x00	0x00	0x00	0x00	0x00	0x00	0x00
ROW_META index=1 words:0x16f064e:	0	0	0	1
ROW index=2 flags=0x50 source=2 class=0 marker=0x30 surface=
0x16f065d:	"cylinder"
ROW_CODE index=2 bytes:
0x16f067b:	0x37	0x24	0x2b	0x23	0x2d	0x15	0x1a	0x00
0x16f0683:	0x00	0x1f	0x39	0x00	0x00	0x00	0x00	0x00
0x16f068b:	0x00	0x00	0x00	0x00	0x00	0x00	0x00	0x00
ROW_META index=2 words:0x16f06be:	0	1	0	1
ROW index=3 flags=0x1 source=3 class=0 marker=0x30 surface=0x16f06cd:	"today"
ROW_CODE index=3 bytes:
0x16f06eb:	0x39	0x07	0x15	0x1e	0x00	0x00	0x00	0x00
0x16f06f3:	0x00	0x00	0x00	0x00	0x00	0x00	0x00	0x00
0x16f06fb:	0x00	0x00	0x00	0x00	0x00	0x00	0x00	0x00
ROW_META index=3 words:0x16f072e:	0	0	0	0
ROW index=4 flags=0 source=3 class=0x45 marker=0x30 surface=0x16f073d:	"."
ROW_CODE index=4 bytes:
0x16f075b:	0x00	0x00	0x00	0x00	0x00	0x00	0x00	0x00
0x16f0763:	0x00	0x00	0x00	0x00	0x00	0x00	0x00	0x00
0x16f076b:	0x00	0x00	0x00	0x00	0x00	0x00	0x00	0x00
ROW_META index=4 words:0x16f079e:	0	0	0	0
CONTEXT_ENTRY count=5 rows=0x16f0572 upstream=0x14e14cc
UPSTREAM row=0 source=0 type=0x41 class=0x44 status=0xff surface=
0x14e1500:	"We"
UPSTREAM_CONTEXT row=0 value=0x14e151e:	""
UPSTREAM_CONTEXT_BYTES row=0 bytes:
0x14e151e:	0x00	0x00	0x00	0x00	0x00	0x00	0x00	0x00
0x14e1526:	0x00	0x00	0x00	0x00
UPSTREAM row=1 source=1 type=0x41 class=0x44 status=0xff surface=
0x14e1594:	"noted"
UPSTREAM_CONTEXT row=1 value=0x14e15b2:	""
UPSTREAM_CONTEXT_BYTES row=1 bytes:
0x14e15b2:	0x00	0x00	0x00	0x00	0x00	0x00	0x00	0x00
0x14e15ba:	0x00	0x00	0x00	0x00
UPSTREAM row=2 source=2 type=0x41 class=0x44 status=0xff surface=
0x14e1628:	"dam"
UPSTREAM_CONTEXT row=2 value=0x14e1646:	""
UPSTREAM_CONTEXT_BYTES row=2 bytes:
0x14e1646:	0x00	0x00	0x00	0x00	0x00	0x00	0x00	0x00
0x14e164e:	0x00	0x00	0x00	0x00
UPSTREAM row=3 source=3 type=0x41 class=0x44 status=0xff surface=
0x14e16bc:	"today"
UPSTREAM_CONTEXT row=3 value=0x14e16da:	""
UPSTREAM_CONTEXT_BYTES row=3 bytes:
0x14e16da:	0x00	0x00	0x00	0x00	0x00	0x00	0x00	0x00
0x14e16e2:	0x00	0x00	0x00	0x00
UPSTREAM row=4 source=3 type=0x41 class=0x44 status=0xff surface=
0x14e16bc:	"today"
UPSTREAM_CONTEXT row=4 value=0x14e16da:	""
UPSTREAM_CONTEXT_BYTES row=4 bytes:
0x14e16da:	0x00	0x00	0x00	0x00	0x00	0x00	0x00	0x00
0x14e16e2:	0x00	0x00	0x00	0x00
Temporary breakpoint 11 at 0x1000e365
CONTEXT_RETURN count=5
ROW index=0 flags=0x50 source=0 class=0x41 marker=0x30 surface=
0x16f057d:	"We"
ROW_CODE index=0 bytes:
0x16f059b:	0x42	0x27	0x00	0x00	0x00	0x00	0x00	0x00
0x16f05a3:	0x00	0x00	0x00	0x00	0x00	0x00	0x00	0x00
0x16f05ab:	0x00	0x00	0x00	0x00	0x00	0x00	0x00	0x00
ROW_META index=0 words:0x16f05de:	0	0	0	1
ROW index=1 flags=0x50 source=1 class=0 marker=0x30 surface=0x16f05ed:	"noted"
ROW_CODE index=1 bytes:
0x16f060b:	0x2d	0x30	0x39	0x23	0x15	0x00	0x00	0x00
0x16f0613:	0x00	0x00	0x00	0x00	0x00	0x00	0x00	0x00
0x16f061b:	0x00	0x00	0x00	0x00	0x00	0x00	0x00	0x00
ROW_META index=1 words:0x16f064e:	0	0	0	1
ROW index=2 flags=0x50 source=2 class=0 marker=0x30 surface=0x16f065d:	"dam"
ROW_CODE index=2 bytes:
0x16f067b:	0x15	0x05	0x2c	0x00	0x2d	0x15	0x1a	0x00
0x16f0683:	0x00	0x1f	0x39	0x00	0x00	0x00	0x00	0x00
0x16f068b:	0x00	0x00	0x00	0x00	0x00	0x00	0x00	0x00
ROW_META index=2 words:0x16f06be:	0	0	0	1
ROW index=3 flags=0x1 source=3 class=0 marker=0x30 surface=0x16f06cd:	"today"
ROW_CODE index=3 bytes:
0x16f06eb:	0x39	0x07	0x15	0x1e	0x00	0x00	0x00	0x00
0x16f06f3:	0x00	0x00	0x00	0x00	0x00	0x00	0x00	0x00
0x16f06fb:	0x00	0x00	0x00	0x00	0x00	0x00	0x00	0x00
ROW_META index=3 words:0x16f072e:	0	0	0	0
ROW index=4 flags=0 source=3 class=0x45 marker=0x30 surface=0x16f073d:	"."
ROW_CODE index=4 bytes:
0x16f075b:	0x00	0x00	0x00	0x00	0x00	0x00	0x00	0x00
0x16f0763:	0x00	0x00	0x00	0x00	0x00	0x00	0x00	0x00
0x16f076b:	0x00	0x00	0x00	0x00	0x00	0x00	0x00	0x00
ROW_META index=4 words:0x16f079e:	0	0	0	0
[Inferior 1 (Remote target) exited normally]
Wine-gdb> 01a4:01a8: create process 'Z:\samples\voicetext_paul.exe'/00000000 @004014C0 (450560<1847>)
01a4:01a8: create thread I @004014C0
01a4:01a8: loads DLL C:\windows\system32\ntdll.dll @7BD10000 (2994176<5095>)
01a4:01a8: loads DLL C:\windows\system32\kernel32.dll @7BB90000 (1466368<19395>)
01a4:01a8: loads DLL C:\windows\system32\kernelbase.dll @7B650000 (5410816<14148>)
01a4:01a8: loads DLL C:\windows\system32\msvcrt.dll @7B2A0000 (2715648<8214>)
01a4:01a8: loads DLL Z:\samples\vt_pau.dll @10000000 (0<0>)
01a4:01a8: loads DLL C:\windows\system32\WINMM.dll @78C50000 (1474560<4890>)
01a4:01a8: loads DLL C:\windows\system32\advapi32.dll @7B550000 (958464<7400>)
01a4:01a8: loads DLL C:\windows\system32\sechost.dll @7B200000 (565248<3163>)
01a4:01a8: loads DLL C:\windows\system32\ucrtbase.dll @7AEE0000 (3198976<11541>)
01a4:01a8: loads DLL C:\windows\system32\msacm32.dll @78BD0000 (413696<1982>)
01a4:01a8: loads DLL C:\windows\system32\user32.dll @7A160000 (5005312<14159>)
01a4:01a8: loads DLL Z:\samples\zlib1.dll @7A120000 (135680<0>)
01a4:01a8: loads DLL C:\windows\system32\gdi32.dll @7A640000 (2355200<7390>)
01a4:01a8: loads DLL C:\windows\system32\win32u.dll @7A0D0000 (221184<1966>)
01a4:01a8: loads DLL C:\windows\system32\ole32.dll @7A9F0000 (4440064<14323>)
01a4:01a8: loads DLL C:\windows\system32\combase.dll @7A890000 (1314816<7562>)
01a4:01a8: loads DLL C:\windows\system32\rpcrt4.dll @79EA0000 (2162688<9274>)
01a4:01a8: loads DLL C:\windows\system32\coml2.dll @79E40000 (262144<3883>)
01a4:01a8: loads DLL C:\windows\system32\iphlpapi.dll @779C0000 (487424<4777>)
01a4:01a8: loads DLL C:\windows\system32\dnsapi.dll @77970000 (258048<1399>)
01a4:01a8: loads DLL C:\windows\system32\nsi.dll @77940000 (118784<823>)
01a4:01a8: loads DLL C:\windows\system32\ws2_32.dll @7AE40000 (565248<2279>)
01a4:01a8: loads DLL C:\windows\system32\tzres.dll @009C0000 (0<0>)
000001a4:000001a8: unload DLL @009C0000
01a4:01a8: loads DLL C:\windows\system32\tzres.dll @009C0000 (0<0>)
000001a4:000001a8: unload DLL @009C0000
01a4:01a8: loads DLL C:\windows\system32\imm32.dll @782F0000 (401408<2996>)
01a4:01a8: loads DLL C:\windows\system32\winex11.drv @780F0000 (307200<4314>)
01a4:01a8: loads DLL C:\windows\system32\uxtheme.dll @78030000 (671744<3646>)
000001a4:000001a8: exit process (0)
