GNU gdb (Ubuntu 15.1-1ubuntu1~24.04.1) 15.1
Copyright (C) 2024 Free Software Foundation, Inc.
License GPLv3+: GNU GPL version 3 or later <http://gnu.org/licenses/gpl.html>
This is free software: you are free to change and redistribute it.
There is NO WARRANTY, to the extent permitted by law.
Type "show copying" and "show warranty" for details.
This GDB was configured as "x86_64-linux-gnu".
Type "show configuration" for configuration details.
For bug reporting instructions, please see:
<https://www.gnu.org/software/gdb/bugs/>.
Find the GDB manual and other documentation resources online at:
    <http://www.gnu.org/software/gdb/documentation/>.

For help, type "help".
Type "apropos word" to search for commands related to "word".
warning: remote target does not support file transfer, attempting to access files from local filesystem.
Reading symbols from /samples/voicetext_paul.exe...
0x7bd64525 in DbgBreakPoint@0 ()
   from /usr/lib/i386-linux-gnu/wine/i386-windows/ntdll.dll
Wine-gdb> Wine-gdb> Wine-gdb> Breakpoint 1 at 0x10007520
Wine-gdb> >>>>>>>> > > > > > > > > > > >>> > > > >  >  >  >  >  >  >  >  >  > > >>>Wine-gdb> Continuing.
CONTEXT_ENTRY count=4 rows=0x16f0572 upstream=0x14e14cc
UPSTREAM row=0 source=0 type=0x41 class=0x44 status=0xff surface=
0x14e1500:	"mister"
UPSTREAM_CONTEXT row=0 value=0x14e151e:	""
UPSTREAM_CONTEXT_BYTES row=0 bytes:
0x14e151e:	0x00	0x00	0x00	0x00	0x00	0x00	0x00	0x00
0x14e1526:	0x00	0x00	0x00	0x00
UPSTREAM row=1 source=1 type=0x41 class=0x44 status=0xff surface=
0x14e1594:	"Smith"
UPSTREAM_CONTEXT row=1 value=0x14e15b2:	""
UPSTREAM_CONTEXT_BYTES row=1 bytes:
0x14e15b2:	0x00	0x00	0x00	0x00	0x00	0x00	0x00	0x00
0x14e15ba:	0x00	0x00	0x00	0x00
UPSTREAM row=2 source=2 type=0x41 class=0x44 status=0xff surface=
0x14e1628:	"spoke"
UPSTREAM_CONTEXT row=2 value=0x14e1646:	""
UPSTREAM_CONTEXT_BYTES row=2 bytes:
0x14e1646:	0x00	0x00	0x00	0x00	0x00	0x00	0x00	0x00
0x14e164e:	0x00	0x00	0x00	0x00
UPSTREAM row=3 source=2 type=0x41 class=0x44 status=0xff surface=
0x14e1628:	"spoke"
UPSTREAM_CONTEXT row=3 value=0x14e1646:	""
UPSTREAM_CONTEXT_BYTES row=3 bytes:
0x14e1646:	0x00	0x00	0x00	0x00	0x00	0x00	0x00	0x00
0x14e164e:	0x00	0x00	0x00	0x00
Temporary breakpoint 2 at 0x1000e365
CONTEXT_RETURN count=4
ROW index=0 flags=0x50 source=0 class=0 marker=0x30 surface=
0x16f057d:	"mister"
ROW_CODE index=0 bytes:
0x16f059b:	0x2c	0x24	0x37	0x39	0x1a	0x00	0x00	0x00
0x16f05a3:	0x00	0x00	0x00	0x00	0x00	0x00	0x00	0x00
0x16f05ab:	0x00	0x00	0x00	0x00	0x00	0x00	0x00	0x00
ROW_META index=0 words:0x16f05de:	1	0	1	1
ROW index=1 flags=0x50 source=1 class=0 marker=0x30 surface=0x16f05ed:	"Smith"
ROW_CODE index=1 bytes:
0x16f060b:	0x37	0x2c	0x24	0x3a	0x00	0x00	0x00	0x00
0x16f0613:	0x00	0x00	0x00	0x00	0x00	0x00	0x00	0x00
0x16f061b:	0x00	0x00	0x00	0x00	0x00	0x00	0x00	0x00
ROW_META index=1 words:0x16f064e:	1	1	1	1
ROW index=2 flags=0x50 source=2 class=0 marker=0x30 surface=0x16f065d:	"spoke"
ROW_CODE index=2 bytes:
0x16f067b:	0x37	0x35	0x30	0x2a	0x00	0x00	0x00	0x00
0x16f0683:	0x00	0x00	0x00	0x00	0x00	0x00	0x00	0x00
0x16f068b:	0x00	0x00	0x00	0x00	0x00	0x00	0x00	0x00
ROW_META index=2 words:0x16f06be:	0	0	0	1
ROW index=3 flags=0 source=2 class=0x45 marker=0x30 surface=0x16f06cd:	"."
ROW_CODE index=3 bytes:
0x16f06eb:	0x00	0x00	0x00	0x00	0x00	0x00	0x00	0x00
0x16f06f3:	0x00	0x00	0x00	0x00	0x00	0x00	0x00	0x00
0x16f06fb:	0x00	0x00	0x00	0x00	0x00	0x00	0x00	0x00
ROW_META index=3 words:0x16f072e:	0	0	0	0
[Inferior 1 (Remote target) exited normally]
Wine-gdb> 0118:011c: create process 'Z:\samples\voicetext_paul.exe'/00000000 @004014C0 (450560<1847>)
0118:011c: create thread I @004014C0
0118:011c: loads DLL C:\windows\system32\ntdll.dll @7BD10000 (2994176<5095>)
0118:011c: loads DLL C:\windows\system32\kernel32.dll @7BB90000 (1466368<19395>)
0118:011c: loads DLL C:\windows\system32\kernelbase.dll @7B650000 (5410816<14148>)
0118:011c: loads DLL C:\windows\system32\msvcrt.dll @7B2A0000 (2715648<8214>)
0118:011c: loads DLL Z:\samples\vt_pau.dll @10000000 (0<0>)
0118:011c: loads DLL C:\windows\system32\WINMM.dll @78EC0000 (1474560<4890>)
0118:011c: loads DLL C:\windows\system32\advapi32.dll @7B550000 (958464<7400>)
0118:011c: loads DLL C:\windows\system32\sechost.dll @7B200000 (565248<3163>)
0118:011c: loads DLL C:\windows\system32\ucrtbase.dll @7AEE0000 (3198976<11541>)
0118:011c: loads DLL C:\windows\system32\msacm32.dll @78E40000 (413696<1982>)
0118:011c: loads DLL C:\windows\system32\user32.dll @7A160000 (5005312<14159>)
0118:011c: loads DLL Z:\samples\zlib1.dll @7A120000 (135680<0>)
0118:011c: loads DLL C:\windows\system32\gdi32.dll @7A640000 (2355200<7390>)
0118:011c: loads DLL C:\windows\system32\win32u.dll @7A0D0000 (221184<1966>)
0118:011c: loads DLL C:\windows\system32\ole32.dll @7A9F0000 (4440064<14323>)
0118:011c: loads DLL C:\windows\system32\combase.dll @7A890000 (1314816<7562>)
0118:011c: loads DLL C:\windows\system32\rpcrt4.dll @79EA0000 (2162688<9274>)
0118:011c: loads DLL C:\windows\system32\coml2.dll @79E40000 (262144<3883>)
0118:011c: loads DLL C:\windows\system32\iphlpapi.dll @779C0000 (487424<4777>)
0118:011c: loads DLL C:\windows\system32\dnsapi.dll @77970000 (258048<1399>)
0118:011c: loads DLL C:\windows\system32\nsi.dll @77940000 (118784<823>)
0118:011c: loads DLL C:\windows\system32\ws2_32.dll @7AE40000 (565248<2279>)
0118:011c: loads DLL C:\windows\system32\tzres.dll @009C0000 (0<0>)
00000118:0000011c: unload DLL @009C0000
0118:011c: loads DLL C:\windows\system32\tzres.dll @009C0000 (0<0>)
00000118:0000011c: unload DLL @009C0000
0118:011c: loads DLL C:\windows\system32\imm32.dll @782F0000 (401408<2996>)
0118:011c: loads DLL C:\windows\system32\winex11.drv @780F0000 (307200<4314>)
0118:011c: loads DLL C:\windows\system32\uxtheme.dll @78030000 (671744<3646>)
00000118:0000011c: exit process (0)
