GNU gdb (Ubuntu 15.1-1ubuntu1~24.04.1) 15.1
Copyright (C) 2024 Free Software Foundation, Inc.
License GPLv3+: GNU GPL version 3 or later <http://gnu.org/licenses/gpl.html>
This is free software: you are free to change and redistribute it.
There is NO WARRANTY, to the extent permitted by law.
Type "show copying" and "show warranty" for details.
This GDB was configured as "x86_64-linux-gnu".
Type "show configuration" for configuration details.
For bug reporting instructions, please see:
<https://www.gnu.org/software/gdb/bugs/>.
Find the GDB manual and other documentation resources online at:
    <http://www.gnu.org/software/gdb/documentation/>.

For help, type "help".
Type "apropos word" to search for commands related to "word".
warning: remote target does not support file transfer, attempting to access files from local filesystem.
Reading symbols from /samples/voicetext_paul.exe...
0x7bd64525 in DbgBreakPoint@0 ()
   from /usr/lib/i386-linux-gnu/wine/i386-windows/ntdll.dll
Wine-gdb> Wine-gdb> Wine-gdb> Breakpoint 1 at 0x10001670
Wine-gdb> >>>>>>>> > > > >>>Wine-gdb> Breakpoint 2 at 0x100016a0
Wine-gdb> >>>>>>>>> > > > > >>>Wine-gdb> Continuing.
TREE_SCALAR tree=0x14bf4a4 return=0x10013520 features:
0x6676ec:	28	40	17	0	1	1	1	2
0x6676fc:	1	0	2468	686	112	686	1740	686
Temporary breakpoint 3 at 0x10013520
TREE_SCALAR_VALUE value=1147
TREE_SCALAR tree=0x14bf3c4 return=0x1001344e features:
0x6676ec:	17	28	20	0	1	1	1	2
0x6676fc:	2	0	2468	686	112	686	1742	686
Temporary breakpoint 4 at 0x1001344e
TREE_SCALAR_VALUE value=728
TREE_SCALAR tree=0x14bf434 return=0x100134cc features:
0x6676ec:	20	17	4	0	3	3	3	2
0x6676fc:	1	0	2470	686	112	686	1744	686
Temporary breakpoint 5 at 0x100134cc
TREE_SCALAR_VALUE value=1841
TREE_SCALAR tree=0x14bf3e0 return=0x10013466 features:
0x6676ec:	4	20	28	1	3	3	3	2
0x6676fc:	2	0	2470	686	112	686	1746	686
Temporary breakpoint 6 at 0x10013466
TREE_SCALAR_VALUE value=1442
TREE_SCALAR tree=0x14bf4a4 return=0x10013520 features:
0x6676ec:	28	4	9	0	3	3	3	2
0x6676fc:	3	0	2470	686	112	686	1748	686
Temporary breakpoint 7 at 0x10013520
TREE_SCALAR_VALUE value=1512
TREE_SCALAR tree=0x14bf434 return=0x100134cc features:
0x6676ec:	9	28	40	0	3	3	3	2
0x6676fc:	3	0	2470	686	112	686	1750	686
Temporary breakpoint 8 at 0x100134cc
TREE_SCALAR_VALUE value=1054
TREE_SCALAR tree=0x14bf4c0 return=0x10013984 features:
0x6676f0:	6	17	0	3	1	1	0	3
0x667700:	1	1	2	686	112	686	0	0
Temporary breakpoint 9 at 0x10013984
TREE_SCALAR_VALUE value=0
TREE_VECTOR tree=0x14bf530 return=0x100139b6 features:
0x6676f0:	6	17	0	3	1	1	0	3
0x667700:	1	1	2	0	112	686	0	0
Temporary breakpoint 10 at 0x100139b6
TREE_VECTOR_VALUE values:
0x2af7dc0:	114	114	115	115	115	116	116	116
0x2af7dd0:	117	117	118	118
TREE_SCALAR tree=0x14bf4f8 return=0x10013984 features:
0x6676f0:	1	4	1	0	3	3	1	4
0x667700:	3	3	2	0	112	686	0	0
Temporary breakpoint 11 at 0x10013984
TREE_SCALAR_VALUE value=3
TREE_VECTOR tree=0x14bf568 return=0x100139b6 features:
0x6676f0:	1	4	1	0	3	3	1	4
0x667700:	3	3	2	3	112	686	0	0
Temporary breakpoint 12 at 0x100139b6
TREE_VECTOR_VALUE values:
0x2af7dde:	127	120	114	111	110	113	120	134
0x2af7dee:	153	172	177	175
[Inferior 1 (Remote target) exited normally]
Wine-gdb> 0180:0184: create process 'Z:\samples\voicetext_paul.exe'/00000000 @004014C0 (450560<1847>)
0180:0184: create thread I @004014C0
0180:0184: loads DLL C:\windows\system32\ntdll.dll @7BD10000 (2994176<5095>)
0180:0184: loads DLL C:\windows\system32\kernel32.dll @7BB90000 (1466368<19395>)
0180:0184: loads DLL C:\windows\system32\kernelbase.dll @7B650000 (5410816<14148>)
0180:0184: loads DLL C:\windows\system32\msvcrt.dll @7B2A0000 (2715648<8214>)
0180:0184: loads DLL Z:\samples\vt_pau.dll @10000000 (0<0>)
0180:0184: loads DLL C:\windows\system32\WINMM.dll @78C50000 (1474560<4890>)
0180:0184: loads DLL C:\windows\system32\advapi32.dll @7B550000 (958464<7400>)
0180:0184: loads DLL C:\windows\system32\sechost.dll @7B200000 (565248<3163>)
0180:0184: loads DLL C:\windows\system32\ucrtbase.dll @7AEE0000 (3198976<11541>)
0180:0184: loads DLL C:\windows\system32\msacm32.dll @78BD0000 (413696<1982>)
0180:0184: loads DLL C:\windows\system32\user32.dll @7A160000 (5005312<14159>)
0180:0184: loads DLL Z:\samples\zlib1.dll @7A120000 (135680<0>)
0180:0184: loads DLL C:\windows\system32\gdi32.dll @7A640000 (2355200<7390>)
0180:0184: loads DLL C:\windows\system32\win32u.dll @7A0D0000 (221184<1966>)
0180:0184: loads DLL C:\windows\system32\ole32.dll @7A9F0000 (4440064<14323>)
0180:0184: loads DLL C:\windows\system32\combase.dll @7A890000 (1314816<7562>)
0180:0184: loads DLL C:\windows\system32\rpcrt4.dll @79EA0000 (2162688<9274>)
0180:0184: loads DLL C:\windows\system32\coml2.dll @79E40000 (262144<3883>)
0180:0184: loads DLL C:\windows\system32\iphlpapi.dll @779C0000 (487424<4777>)
0180:0184: loads DLL C:\windows\system32\dnsapi.dll @77970000 (258048<1399>)
0180:0184: loads DLL C:\windows\system32\nsi.dll @77940000 (118784<823>)
0180:0184: loads DLL C:\windows\system32\ws2_32.dll @7AE40000 (565248<2279>)
0180:0184: loads DLL C:\windows\system32\tzres.dll @009C0000 (0<0>)
00000180:00000184: unload DLL @009C0000
0180:0184: loads DLL C:\windows\system32\tzres.dll @009C0000 (0<0>)
00000180:00000184: unload DLL @009C0000
0180:0184: loads DLL C:\windows\system32\imm32.dll @782F0000 (401408<2996>)
0180:0184: loads DLL C:\windows\system32\winex11.drv @780F0000 (307200<4314>)
0180:0184: loads DLL C:\windows\system32\uxtheme.dll @78030000 (671744<3646>)
00000180:00000184: exit process (0)
