GNU gdb (Ubuntu 15.1-1ubuntu1~24.04.1) 15.1
Copyright (C) 2024 Free Software Foundation, Inc.
License GPLv3+: GNU GPL version 3 or later <http://gnu.org/licenses/gpl.html>
This is free software: you are free to change and redistribute it.
There is NO WARRANTY, to the extent permitted by law.
Type "show copying" and "show warranty" for details.
This GDB was configured as "x86_64-linux-gnu".
Type "show configuration" for configuration details.
For bug reporting instructions, please see:
<https://www.gnu.org/software/gdb/bugs/>.
Find the GDB manual and other documentation resources online at:
    <http://www.gnu.org/software/gdb/documentation/>.

For help, type "help".
Type "apropos word" to search for commands related to "word".
warning: remote target does not support file transfer, attempting to access files from local filesystem.
Reading symbols from /samples/voicetext_paul.exe...
0x7bd64525 in DbgBreakPoint@0 ()
   from /usr/lib/i386-linux-gnu/wine/i386-windows/ntdll.dll
Wine-gdb> Wine-gdb> Wine-gdb> Breakpoint 1 at 0x10001670
Wine-gdb> >>>>>>>> > > > >>>Wine-gdb> Breakpoint 2 at 0x100016a0
Wine-gdb> >>>>>>>>> > > > > >>>Wine-gdb> Continuing.
TREE_SCALAR tree=0x100a7a68 return=0x10051fda features:
0x667334:	2	5	0	0	0	0	-1	2
0x667344:	5	0	0	0	0	-1	16	1
Temporary breakpoint 3 at 0x10051fda
TREE_SCALAR_VALUE value=1
TREE_SCALAR tree=0x14bf450 return=0x100134e1 features:
0x6676ec:	16	40	3	0	1	1	1	1
0x6676fc:	1	0	2468	686	112	686	1740	686
Temporary breakpoint 4 at 0x100134e1
TREE_SCALAR_VALUE value=1051
TREE_SCALAR tree=0x14bf3c4 return=0x1001344e features:
0x6676ec:	3	16	40	0	1	1	1	1
0x6676fc:	2	0	2468	686	112	686	1742	686
Temporary breakpoint 5 at 0x1001344e
TREE_SCALAR_VALUE value=1470
TREE_SCALAR tree=0x14bf4f8 return=0x10013984 features:
0x6676f0:	2	3	0	3	3	1	0	4
0x667700:	1	1	1	686	112	686	0	0
Temporary breakpoint 6 at 0x10013984
TREE_SCALAR_VALUE value=2
TREE_VECTOR tree=0x14bf568 return=0x100139b6 features:
0x6676f0:	2	3	0	3	3	1	0	4
0x667700:	1	1	1	2	112	686	0	0
Temporary breakpoint 7 at 0x100139b6
TREE_VECTOR_VALUE values:
0x2af7dc0:	112	116	122	130	139	150	161	172
0x2af7dd0:	182	191	188	181
TREE_SCALAR tree=0x100a7a68 return=0x10051fda features:
0x667314:	2	5	0	0	0	0	-1	2
0x667324:	5	0	0	0	0	-1	16	1
Temporary breakpoint 8 at 0x10051fda
TREE_SCALAR_VALUE value=1
TREE_SCALAR tree=0x14bf488 return=0x1001350b features:
0x6676cc:	22	40	3	0	1	1	1	1
0x6676dc:	1	0	2468	686	112	686	1740	686
Temporary breakpoint 9 at 0x1001350b
TREE_SCALAR_VALUE value=1604
TREE_SCALAR tree=0x14bf3c4 return=0x1001344e features:
0x6676cc:	3	22	40	0	1	1	1	1
0x6676dc:	2	0	2468	686	112	686	1742	686
Temporary breakpoint 10 at 0x1001344e
TREE_SCALAR_VALUE value=1019
TREE_SCALAR tree=0x14bf4f8 return=0x10013984 features:
0x6676d0:	4	3	0	3	3	1	0	4
0x6676e0:	1	1	1	686	112	686	0	0
Temporary breakpoint 11 at 0x10013984
TREE_SCALAR_VALUE value=2
TREE_VECTOR tree=0x14bf568 return=0x100139b6 features:
0x6676d0:	4	3	0	3	3	1	0	4
0x6676e0:	1	1	1	2	112	686	0	0
Temporary breakpoint 12 at 0x100139b6
TREE_VECTOR_VALUE values:
0x2af7dc0:	122	128	134	142	151	161	171	180
0x2af7dd0:	187	191	183	173
TREE_SCALAR tree=0x100a7a68 return=0x10051fda features:
0x667314:	2	5	0	0	0	0	-1	2
0x667324:	5	0	0	0	0	-1	16	1
Temporary breakpoint 13 at 0x10051fda
TREE_SCALAR_VALUE value=1
TREE_SCALAR tree=0x14bf488 return=0x1001350b features:
0x6676cc:	23	40	3	0	1	1	1	1
0x6676dc:	1	0	2468	686	112	686	1740	686
Temporary breakpoint 14 at 0x1001350b
TREE_SCALAR_VALUE value=1699
TREE_SCALAR tree=0x14bf3c4 return=0x1001344e features:
0x6676cc:	3	23	40	0	1	1	1	1
0x6676dc:	2	0	2468	686	112	686	1742	686
Temporary breakpoint 15 at 0x1001344e
TREE_SCALAR_VALUE value=1470
TREE_SCALAR tree=0x14bf4f8 return=0x10013984 features:
0x6676d0:	4	3	0	3	3	1	0	4
0x6676e0:	1	1	1	686	112	686	0	0
Temporary breakpoint 16 at 0x10013984
TREE_SCALAR_VALUE value=2
TREE_VECTOR tree=0x14bf568 return=0x100139b6 features:
0x6676d0:	4	3	0	3	3	1	0	4
0x6676e0:	1	1	1	2	112	686	0	0
Temporary breakpoint 17 at 0x100139b6
TREE_VECTOR_VALUE values:
0x2af7dc0:	122	128	134	142	151	161	171	180
0x2af7dd0:	187	191	183	173
TREE_SCALAR tree=0x100a7a68 return=0x10051fda features:
0x667314:	2	5	0	0	0	0	-1	2
0x667324:	5	0	0	0	0	-1	16	1
Temporary breakpoint 18 at 0x10051fda
TREE_SCALAR_VALUE value=1
TREE_SCALAR tree=0x14bf488 return=0x1001350b features:
0x6676cc:	24	40	3	0	1	1	1	1
0x6676dc:	1	0	2468	686	112	686	1740	686
Temporary breakpoint 19 at 0x1001350b
TREE_SCALAR_VALUE value=1604
TREE_SCALAR tree=0x14bf3c4 return=0x1001344e features:
0x6676cc:	3	24	40	0	1	1	1	1
0x6676dc:	2	0	2468	686	112	686	1742	686
Temporary breakpoint 20 at 0x1001344e
TREE_SCALAR_VALUE value=1491
TREE_SCALAR tree=0x14bf4f8 return=0x10013984 features:
0x6676d0:	4	3	0	3	3	1	0	4
0x6676e0:	1	1	1	686	112	686	0	0
Temporary breakpoint 21 at 0x10013984
TREE_SCALAR_VALUE value=2
TREE_VECTOR tree=0x14bf568 return=0x100139b6 features:
0x6676d0:	4	3	0	3	3	1	0	4
0x6676e0:	1	1	1	2	112	686	0	0
Temporary breakpoint 22 at 0x100139b6
TREE_VECTOR_VALUE values:
0x2af7dc0:	122	128	134	142	151	161	171	180
0x2af7dd0:	187	191	183	173
TREE_SCALAR tree=0x100a7a68 return=0x10051fda features:
0x667314:	2	5	0	0	0	0	-1	2
0x667324:	5	0	0	0	0	-1	16	1
Temporary breakpoint 23 at 0x10051fda
TREE_SCALAR_VALUE value=1
TREE_SCALAR tree=0x14bf488 return=0x1001350b features:
0x6676cc:	21	40	3	0	1	1	1	1
0x6676dc:	1	0	2468	686	112	686	1740	686
Temporary breakpoint 24 at 0x1001350b
TREE_SCALAR_VALUE value=1604
TREE_SCALAR tree=0x14bf3c4 return=0x1001344e features:
0x6676cc:	3	21	40	0	1	1	1	1
0x6676dc:	2	0	2468	686	112	686	1742	686
Temporary breakpoint 25 at 0x1001344e
TREE_SCALAR_VALUE value=772
TREE_SCALAR tree=0x14bf4f8 return=0x10013984 features:
0x6676d0:	5	3	0	3	3	1	0	4
0x6676e0:	1	1	1	686	112	686	0	0
Temporary breakpoint 26 at 0x10013984
TREE_SCALAR_VALUE value=2
TREE_VECTOR tree=0x14bf568 return=0x100139b6 features:
0x6676d0:	5	3	0	3	3	1	0	4
0x6676e0:	1	1	1	2	112	686	0	0
Temporary breakpoint 27 at 0x100139b6
TREE_VECTOR_VALUE values:
0x2af7dc0:	112	116	122	130	139	150	161	172
0x2af7dd0:	182	191	188	181
TREE_SCALAR tree=0x100a7a68 return=0x10051fda features:
0x667314:	2	5	0	0	0	0	-1	2
0x667324:	5	0	0	0	0	-1	16	1
Temporary breakpoint 28 at 0x10051fda
TREE_SCALAR_VALUE value=1
TREE_SCALAR tree=0x14bf4a4 return=0x10013520 features:
0x6676cc:	28	40	3	0	1	1	1	1
0x6676dc:	1	0	2468	686	112	686	1740	686
Temporary breakpoint 29 at 0x10013520
TREE_SCALAR_VALUE value=1526
TREE_SCALAR tree=0x14bf3c4 return=0x1001344e features:
0x6676cc:	3	28	40	0	1	1	1	1
0x6676dc:	2	0	2468	686	112	686	1742	686
Temporary breakpoint 30 at 0x1001344e
TREE_SCALAR_VALUE value=890
TREE_SCALAR tree=0x14bf4f8 return=0x10013984 features:
0x6676d0:	6	3	0	3	3	1	0	4
0x6676e0:	1	1	1	686	112	686	0	0
Temporary breakpoint 31 at 0x10013984
TREE_SCALAR_VALUE value=2
TREE_VECTOR tree=0x14bf568 return=0x100139b6 features:
0x6676d0:	6	3	0	3	3	1	0	4
0x6676e0:	1	1	1	2	112	686	0	0
Temporary breakpoint 32 at 0x100139b6
TREE_VECTOR_VALUE values:
0x2af7dc0:	112	116	122	130	139	150	161	172
0x2af7dd0:	182	191	188	181
TREE_SCALAR tree=0x100a7a68 return=0x10051fda features:
0x667314:	2	5	0	0	0	0	-1	2
0x667324:	5	0	0	0	0	-1	16	1
Temporary breakpoint 33 at 0x10051fda
TREE_SCALAR_VALUE value=1
TREE_SCALAR tree=0x14bf4a4 return=0x10013520 features:
0x6676cc:	36	40	3	0	1	1	1	1
0x6676dc:	1	0	2468	686	112	686	1740	686
Temporary breakpoint 34 at 0x10013520
TREE_SCALAR_VALUE value=1526
TREE_SCALAR tree=0x14bf3c4 return=0x1001344e features:
0x6676cc:	3	36	40	0	1	1	1	1
0x6676dc:	2	0	2468	686	112	686	1742	686
Temporary breakpoint 35 at 0x1001344e
TREE_SCALAR_VALUE value=890
TREE_SCALAR tree=0x14bf4f8 return=0x10013984 features:
0x6676d0:	6	3	0	3	3	1	0	4
0x6676e0:	1	1	1	686	112	686	0	0
Temporary breakpoint 36 at 0x10013984
TREE_SCALAR_VALUE value=2
TREE_VECTOR tree=0x14bf568 return=0x100139b6 features:
0x6676d0:	6	3	0	3	3	1	0	4
0x6676e0:	1	1	1	2	112	686	0	0
Temporary breakpoint 37 at 0x100139b6
TREE_VECTOR_VALUE values:
0x2af7dc0:	112	116	122	130	139	150	161	172
0x2af7dd0:	182	191	188	181
TREE_SCALAR tree=0x14bf4a4 return=0x10013520 features:
0x6676cc:	37	40	3	0	1	1	1	1
0x6676dc:	1	0	2468	686	112	686	1740	686
Temporary breakpoint 38 at 0x10013520
TREE_SCALAR_VALUE value=1526
TREE_SCALAR tree=0x14bf3c4 return=0x1001344e features:
0x6676cc:	3	37	40	0	1	1	1	1
0x6676dc:	2	0	2468	686	112	686	1742	686
Temporary breakpoint 39 at 0x1001344e
TREE_SCALAR_VALUE value=890
TREE_SCALAR tree=0x14bf4f8 return=0x10013984 features:
0x6676d0:	6	3	0	3	3	1	0	4
0x6676e0:	1	1	1	686	112	686	0	0
Temporary breakpoint 40 at 0x10013984
TREE_SCALAR_VALUE value=2
TREE_VECTOR tree=0x14bf568 return=0x100139b6 features:
0x6676d0:	6	3	0	3	3	1	0	4
0x6676e0:	1	1	1	2	112	686	0	0
Temporary breakpoint 41 at 0x100139b6
TREE_VECTOR_VALUE values:
0x2af7dc0:	112	116	122	130	139	150	161	172
0x2af7dd0:	182	191	188	181
[Inferior 1 (Remote target) exited normally]
Wine-gdb> 015c:0160: create process 'Z:\samples\voicetext_paul.exe'/00000000 @004014C0 (450560<1847>)
015c:0160: create thread I @004014C0
015c:0160: loads DLL C:\windows\system32\ntdll.dll @7BD10000 (2994176<5095>)
015c:0160: loads DLL C:\windows\system32\kernel32.dll @7BB90000 (1466368<19395>)
015c:0160: loads DLL C:\windows\system32\kernelbase.dll @7B650000 (5410816<14148>)
015c:0160: loads DLL C:\windows\system32\msvcrt.dll @7B2A0000 (2715648<8214>)
015c:0160: loads DLL Z:\samples\vt_pau.dll @10000000 (0<0>)
015c:0160: loads DLL C:\windows\system32\WINMM.dll @78C50000 (1474560<4890>)
015c:0160: loads DLL C:\windows\system32\advapi32.dll @7B550000 (958464<7400>)
015c:0160: loads DLL C:\windows\system32\sechost.dll @7B200000 (565248<3163>)
015c:0160: loads DLL C:\windows\system32\ucrtbase.dll @7AEE0000 (3198976<11541>)
015c:0160: loads DLL C:\windows\system32\msacm32.dll @78BD0000 (413696<1982>)
015c:0160: loads DLL C:\windows\system32\user32.dll @7A160000 (5005312<14159>)
015c:0160: loads DLL Z:\samples\zlib1.dll @7A120000 (135680<0>)
015c:0160: loads DLL C:\windows\system32\gdi32.dll @7A640000 (2355200<7390>)
015c:0160: loads DLL C:\windows\system32\win32u.dll @7A0D0000 (221184<1966>)
015c:0160: loads DLL C:\windows\system32\ole32.dll @7A9F0000 (4440064<14323>)
015c:0160: loads DLL C:\windows\system32\combase.dll @7A890000 (1314816<7562>)
015c:0160: loads DLL C:\windows\system32\rpcrt4.dll @79EA0000 (2162688<9274>)
015c:0160: loads DLL C:\windows\system32\coml2.dll @79E40000 (262144<3883>)
015c:0160: loads DLL C:\windows\system32\iphlpapi.dll @779C0000 (487424<4777>)
015c:0160: loads DLL C:\windows\system32\dnsapi.dll @77970000 (258048<1399>)
015c:0160: loads DLL C:\windows\system32\nsi.dll @77940000 (118784<823>)
015c:0160: loads DLL C:\windows\system32\ws2_32.dll @7AE40000 (565248<2279>)
015c:0160: loads DLL C:\windows\system32\tzres.dll @009C0000 (0<0>)
0000015c:00000160: unload DLL @009C0000
015c:0160: loads DLL C:\windows\system32\tzres.dll @009C0000 (0<0>)
0000015c:00000160: unload DLL @009C0000
015c:0160: loads DLL C:\windows\system32\imm32.dll @782F0000 (401408<2996>)
015c:0160: loads DLL C:\windows\system32\winex11.drv @780F0000 (307200<4314>)
015c:0160: loads DLL C:\windows\system32\uxtheme.dll @78030000 (671744<3646>)
0000015c:00000160: exit process (0)
