GNU gdb (Ubuntu 15.1-1ubuntu1~24.04.1) 15.1
Copyright (C) 2024 Free Software Foundation, Inc.
License GPLv3+: GNU GPL version 3 or later <http://gnu.org/licenses/gpl.html>
This is free software: you are free to change and redistribute it.
There is NO WARRANTY, to the extent permitted by law.
Type "show copying" and "show warranty" for details.
This GDB was configured as "x86_64-linux-gnu".
Type "show configuration" for configuration details.
For bug reporting instructions, please see:
<https://www.gnu.org/software/gdb/bugs/>.
Find the GDB manual and other documentation resources online at:
    <http://www.gnu.org/software/gdb/documentation/>.

For help, type "help".
Type "apropos word" to search for commands related to "word".
warning: remote target does not support file transfer, attempting to access files from local filesystem.
Reading symbols from /samples/voicetext_paul.exe...
0x7bd64525 in DbgBreakPoint@0 ()
   from /usr/lib/i386-linux-gnu/wine/i386-windows/ntdll.dll
Wine-gdb> Wine-gdb> Wine-gdb> Wine-gdb> Signal        Stop	Print	Pass to program	Description
SIGSEGV       No	No	Yes		Segmentation fault
Wine-gdb> Signal        Stop	Print	Pass to program	Description
SIGSEGV       No	No	Yes		Segmentation fault
Wine-gdb> Wine-gdb> Breakpoint 1 at 0x10024119
Wine-gdb> >>>>Wine-gdb> Wine-gdb> Wine-gdb> Breakpoint 2 at 0x10024164
Wine-gdb> >>>>Wine-gdb> Wine-gdb> Wine-gdb> Breakpoint 3 at 0x10024181
Wine-gdb> >>>>Wine-gdb> Wine-gdb> Wine-gdb> Breakpoint 4 at 0x10024271
Wine-gdb> >>>>>>> > >  >  >  >  >  > >>>Wine-gdb> Wine-gdb> Continuing.
FIRSTPASS_GENERATED index=0 flag=0 count=1
FIRSTPASS_RANKED index=0 output_count=1
FIRSTPASS_OTHER_LIST index=0 count=1 ranked_count=1
FIRSTPASS_FINAL index=0 flag=0 score_sum=43 candidate_count=1 distinct_count=1
FIRSTPASS_GENERATED index=1 flag=0 count=0
FIRSTPASS_GENERATED index=3 flag=0 count=2
FIRSTPASS_RANKED index=3 output_count=2
FIRSTPASS_OTHER_LIST index=3 count=0 ranked_count=2
FIRSTPASS_FINAL index=3 flag=0 score_sum=188 candidate_count=2 distinct_count=0
FIRSTPASS_WEIGHT index=3 slot=0 candidate=3451 weight=171
FIRSTPASS_WEIGHT index=3 slot=1 candidate=3454 weight=17
FIRSTPASS_GENERATED index=4 flag=0 count=1
FIRSTPASS_RANKED index=4 output_count=1
FIRSTPASS_OTHER_LIST index=4 count=0 ranked_count=1
FIRSTPASS_FINAL index=4 flag=0 score_sum=9 candidate_count=1 distinct_count=0
[Inferior 1 (Remote target) exited normally]
Wine-gdb> 0184:0188: create process 'Z:\samples\voicetext_paul.exe'/00000000 @004014C0 (450560<1847>)
0184:0188: create thread I @004014C0
0184:0188: loads DLL C:\windows\system32\ntdll.dll @7BD10000 (2994176<5095>)
0184:0188: loads DLL C:\windows\system32\kernel32.dll @7BB90000 (1466368<19395>)
0184:0188: loads DLL C:\windows\system32\kernelbase.dll @7B650000 (5410816<14148>)
0184:0188: loads DLL C:\windows\system32\msvcrt.dll @7B2A0000 (2715648<8214>)
0184:0188: loads DLL Z:\samples\vt_pau.dll @10000000 (0<0>)
0184:0188: loads DLL C:\windows\system32\WINMM.dll @78A80000 (1474560<4890>)
0184:0188: loads DLL C:\windows\system32\advapi32.dll @7B550000 (958464<7400>)
0184:0188: loads DLL C:\windows\system32\sechost.dll @7B200000 (565248<3163>)
0184:0188: loads DLL C:\windows\system32\ucrtbase.dll @7AEE0000 (3198976<11541>)
0184:0188: loads DLL C:\windows\system32\msacm32.dll @78A00000 (413696<1982>)
0184:0188: loads DLL C:\windows\system32\user32.dll @7A160000 (5005312<14159>)
0184:0188: loads DLL Z:\samples\zlib1.dll @7A120000 (135680<0>)
0184:0188: loads DLL C:\windows\system32\gdi32.dll @7A640000 (2355200<7390>)
0184:0188: loads DLL C:\windows\system32\win32u.dll @7A0D0000 (221184<1966>)
0184:0188: loads DLL C:\windows\system32\ole32.dll @7A9F0000 (4440064<14323>)
0184:0188: loads DLL C:\windows\system32\combase.dll @7A890000 (1314816<7562>)
0184:0188: loads DLL C:\windows\system32\rpcrt4.dll @79EA0000 (2162688<9274>)
0184:0188: loads DLL C:\windows\system32\coml2.dll @79E40000 (262144<3883>)
0184:0188: loads DLL C:\windows\system32\iphlpapi.dll @779C0000 (487424<4777>)
0184:0188: loads DLL C:\windows\system32\dnsapi.dll @77970000 (258048<1399>)
0184:0188: loads DLL C:\windows\system32\nsi.dll @77940000 (118784<823>)
0184:0188: loads DLL C:\windows\system32\ws2_32.dll @7AE40000 (565248<2279>)
0184:0188: loads DLL C:\windows\system32\tzres.dll @009C0000 (0<0>)
00000184:00000188: unload DLL @009C0000
0184:0188: loads DLL C:\windows\system32\tzres.dll @009C0000 (0<0>)
00000184:00000188: unload DLL @009C0000
0184:0188: loads DLL C:\windows\system32\imm32.dll @782F0000 (401408<2996>)
0184:0188: loads DLL C:\windows\system32\winex11.drv @780F0000 (307200<4314>)
0184:0188: loads DLL C:\windows\system32\uxtheme.dll @78030000 (671744<3646>)
00000184:00000188: exit process (0)
