GNU gdb (Ubuntu 15.1-1ubuntu1~24.04.1) 15.1
Copyright (C) 2024 Free Software Foundation, Inc.
License GPLv3+: GNU GPL version 3 or later <http://gnu.org/licenses/gpl.html>
This is free software: you are free to change and redistribute it.
There is NO WARRANTY, to the extent permitted by law.
Type "show copying" and "show warranty" for details.
This GDB was configured as "x86_64-linux-gnu".
Type "show configuration" for configuration details.
For bug reporting instructions, please see:
<https://www.gnu.org/software/gdb/bugs/>.
Find the GDB manual and other documentation resources online at:
    <http://www.gnu.org/software/gdb/documentation/>.

For help, type "help".
Type "apropos word" to search for commands related to "word".
warning: remote target does not support file transfer, attempting to access files from local filesystem.
Reading symbols from /samples/voicetext_paul.exe...
0x7bd64525 in DbgBreakPoint@0 ()
   from /usr/lib/i386-linux-gnu/wine/i386-windows/ntdll.dll
Wine-gdb> Wine-gdb> Wine-gdb> Wine-gdb> Signal        Stop	Print	Pass to program	Description
SIGSEGV       No	No	Yes		Segmentation fault
Wine-gdb> Signal        Stop	Print	Pass to program	Description
SIGSEGV       No	No	Yes		Segmentation fault
Wine-gdb> Breakpoint 1 at 0x10023350
Wine-gdb> >>> > > > > > > > > >  >  >  >  >  >  >   >   >   >  >  >  > >>>Wine-gdb> Wine-gdb> Continuing.
EXPANSION_ENTRY context=1 classes=30 count_table=0x1590228 unit_lists=0x15ae330
CLASS_EXPANSION context=1 slot=0 class=48656 units=4 ids=3838 153466 424604 
577216 
CLASS_EXPANSION context=1 slot=1 class=48664 units=13 ids=59527 90615 107993 
146646 172275 230210 239446 310452 404304 414881 416615 546393 577222 
CLASS_EXPANSION context=1 slot=2 class=48675 units=2 ids=340697 577228 
CLASS_EXPANSION context=1 slot=3 class=48686 units=2 ids=439814 530866 
CLASS_EXPANSION context=1 slot=4 class=48694 units=1 ids=527275 
CLASS_EXPANSION context=1 slot=5 class=48705 units=12 ids=21951 26816 79377 
152012 160453 208025 268989 277151 413218 482198 577254 577263 
CLASS_EXPANSION context=1 slot=6 class=48716 units=3 ids=86164 256829 577278 
CLASS_EXPANSION context=1 slot=7 class=48728 units=3 ids=226157 521015 540273 
CLASS_EXPANSION context=1 slot=8 class=48720 units=7 ids=95764 115690 150310 
178826 339939 376226 566952 
CLASS_EXPANSION context=1 slot=9 class=48721 units=1 ids=246151 
CLASS_EXPANSION context=1 slot=10 class=48722 units=1 ids=13082 
CLASS_EXPANSION context=1 slot=11 class=48690 units=1 ids=560681 
CLASS_EXPANSION context=1 slot=12 class=48710 units=22 ids=22320 56522 83164 
85727 97979 129938 132439 139245 143523 153106 309299 334714 365719 370341 
375433 401058 401775 464746 468974 513784 541766 543038 
CLASS_EXPANSION context=1 slot=13 class=48741 units=8 ids=243374 275501 309421 
346045 401778 492293 497339 500430 
CLASS_EXPANSION context=1 slot=14 class=48685 units=4 ids=16833 331287 431918 
436805 
CLASS_EXPANSION context=1 slot=15 class=48687 units=3 ids=302811 312754 572826 
CLASS_EXPANSION context=1 slot=16 class=48684 units=4 ids=71559 317714 422240 
545143 
CLASS_EXPANSION context=1 slot=17 class=48736 units=2 ids=67276 147093 
CLASS_EXPANSION context=1 slot=18 class=48681 units=1 ids=294788 
CLASS_EXPANSION context=1 slot=19 class=48735 units=2 ids=35246 165741 
CLASS_EXPANSION context=1 slot=20 class=48667 units=12 ids=27953 104964 133384 
168927 183842 206411 208858 227392 291766 301990 562503 562516 
CLASS_EXPANSION context=1 slot=21 class=48671 units=2 ids=107041 236713 
CLASS_EXPANSION context=1 slot=22 class=48669 units=1 ids=475786 
CLASS_EXPANSION context=1 slot=23 class=48726 units=2 ids=193173 384790 
CLASS_EXPANSION context=1 slot=24 class=48668 units=6 ids=59208 291491 308230 
416067 433338 439368 
CLASS_EXPANSION context=1 slot=25 class=48715 units=33 ids=14890 79372 143384 
165042 170962 177670 181282 226870 228499 265565 286731 287605 288440 312760 
343590 361668 377305 409361 420676 467063 468633 475537 476630 477866 482050 
487513 487969 491099 492979 499037 500587 511693 514099 
CLASS_EXPANSION context=1 slot=26 class=48655 units=10 ids=107607 142293 
163010 212458 217023 217816 241367 270718 304501 307897 
CLASS_EXPANSION context=1 slot=27 class=48663 units=120 ids=57486 82668 83632 
87079 93084 105335 108128 114439 129036 129768 139679 146993 155331 156183 
183235 184227 188371 218115 218932 219127 224458 224606 233518 235762 235864 
236545 238499 240475 241000 246264 250056 255237 260191 262216 267415 267726 
268668 278527 284008 287916 289214 297774 298133 302694 304919 307407 307850 
308479 308849 310343 310846 311953 312851 313390 313750 314077 315940 317400 
318903 319094 321843 326501 329555 332257 332376 332736 332991 334614 338893 
339682 340670 343623 354167 355457 355764 357463 358120 364156 365385 366045 
370077 370313 371108 371777 378013 378657 379134 382112 386489 390333 393158 
393570 394384 396202 399747 406371 410273 412667 414085 415461 
CLASS_EXPANSION context=1 slot=28 class=48674 units=32 ids=60597 69213 92315 
105053 131198 144851 165579 167212 205642 206890 217492 217502 255708 278665 
281023 281994 292603 293897 309610 310713 322587 331275 376561 424878 468620 
470331 470461 470756 483358 485185 490527 496648 
CLASS_EXPANSION context=1 slot=29 class=48678 units=1 ids=246768 
[Inferior 1 (Remote target) exited normally]
Wine-gdb> 0114:0118: create process 'Z:\samples\voicetext_paul.exe'/00000000 @004014C0 (450560<1847>)
0114:0118: create thread I @004014C0
0114:0118: loads DLL C:\windows\system32\ntdll.dll @7BD10000 (2994176<5095>)
0114:0118: loads DLL C:\windows\system32\kernel32.dll @7BB90000 (1466368<19395>)
0114:0118: loads DLL C:\windows\system32\kernelbase.dll @7B650000 (5410816<14148>)
0114:0118: loads DLL C:\windows\system32\msvcrt.dll @7B2A0000 (2715648<8214>)
0114:0118: loads DLL Z:\samples\vt_pau.dll @10000000 (0<0>)
0114:0118: loads DLL C:\windows\system32\WINMM.dll @78C50000 (1474560<4890>)
0114:0118: loads DLL C:\windows\system32\advapi32.dll @7B550000 (958464<7400>)
0114:0118: loads DLL C:\windows\system32\sechost.dll @7B200000 (565248<3163>)
0114:0118: loads DLL C:\windows\system32\ucrtbase.dll @7AEE0000 (3198976<11541>)
0114:0118: loads DLL C:\windows\system32\msacm32.dll @78BD0000 (413696<1982>)
0114:0118: loads DLL C:\windows\system32\user32.dll @7A160000 (5005312<14159>)
0114:0118: loads DLL Z:\samples\zlib1.dll @7A120000 (135680<0>)
0114:0118: loads DLL C:\windows\system32\gdi32.dll @7A640000 (2355200<7390>)
0114:0118: loads DLL C:\windows\system32\win32u.dll @7A0D0000 (221184<1966>)
0114:0118: loads DLL C:\windows\system32\ole32.dll @7A9F0000 (4440064<14323>)
0114:0118: loads DLL C:\windows\system32\combase.dll @7A890000 (1314816<7562>)
0114:0118: loads DLL C:\windows\system32\rpcrt4.dll @79EA0000 (2162688<9274>)
0114:0118: loads DLL C:\windows\system32\coml2.dll @79E40000 (262144<3883>)
0114:0118: loads DLL C:\windows\system32\iphlpapi.dll @779C0000 (487424<4777>)
0114:0118: loads DLL C:\windows\system32\dnsapi.dll @77970000 (258048<1399>)
0114:0118: loads DLL C:\windows\system32\nsi.dll @77940000 (118784<823>)
0114:0118: loads DLL C:\windows\system32\ws2_32.dll @7AE40000 (565248<2279>)
0114:0118: loads DLL C:\windows\system32\tzres.dll @009C0000 (0<0>)
00000114:00000118: unload DLL @009C0000
0114:0118: loads DLL C:\windows\system32\tzres.dll @009C0000 (0<0>)
00000114:00000118: unload DLL @009C0000
0114:0118: loads DLL C:\windows\system32\imm32.dll @782F0000 (401408<2996>)
0114:0118: loads DLL C:\windows\system32\winex11.drv @780F0000 (307200<4314>)
0114:0118: loads DLL C:\windows\system32\uxtheme.dll @78030000 (671744<3646>)
00000114:00000118: exit process (0)
X connection to :99 broken (explicit kill or server shutdown).
