GNU gdb (Ubuntu 15.1-1ubuntu1~24.04.1) 15.1
Copyright (C) 2024 Free Software Foundation, Inc.
License GPLv3+: GNU GPL version 3 or later <http://gnu.org/licenses/gpl.html>
This is free software: you are free to change and redistribute it.
There is NO WARRANTY, to the extent permitted by law.
Type "show copying" and "show warranty" for details.
This GDB was configured as "x86_64-linux-gnu".
Type "show configuration" for configuration details.
For bug reporting instructions, please see:
<https://www.gnu.org/software/gdb/bugs/>.
Find the GDB manual and other documentation resources online at:
    <http://www.gnu.org/software/gdb/documentation/>.

For help, type "help".
Type "apropos word" to search for commands related to "word".
warning: remote target does not support file transfer, attempting to access files from local filesystem.
Reading symbols from /samples/voicetext_paul.exe...
0x7bd64525 in DbgBreakPoint@0 ()
   from /usr/lib/i386-linux-gnu/wine/i386-windows/ntdll.dll
Wine-gdb> Wine-gdb> Wine-gdb> Wine-gdb> Signal        Stop	Print	Pass to program	Description
SIGSEGV       No	No	Yes		Segmentation fault
Wine-gdb> Signal        Stop	Print	Pass to program	Description
SIGSEGV       No	No	Yes		Segmentation fault
Wine-gdb> Wine-gdb> Wine-gdb> Wine-gdb> Wine-gdb> Breakpoint 1 at 0x10001670
Wine-gdb> >>>>>>>>> > > > >>>Wine-gdb> Wine-gdb> Breakpoint 2 at 0x100016a0
Wine-gdb> >>>>>>>>>> > > > > >>>Wine-gdb> Wine-gdb> Breakpoint 3 at 0x1001b200
Wine-gdb> >>>>>Wine-gdb> Wine-gdb> Breakpoint 4 at 0x1002c220
Wine-gdb> >>>>>>>>> > > > > >  >  >  >  > > >>>Wine-gdb> Wine-gdb> Continuing.
TREE_SCALAR n=1 tree=0x1470220 features:
0x6676bc:	1	1	2	1	1	2	1	1
0x6676cc:	0	0	63	0	0	0	1	4099
Temporary breakpoint 5 at 0x10013086
TREE_SCALAR_VALUE n=1 value=30
TREE_SCALAR n=2 tree=0x14bf2ec features:
0x6676ec:	31	40	3	0	1	1	1	1
0x6676fc:	1	0	2468	686	112	686	1740	686
Temporary breakpoint 6 at 0x100134cc
TREE_SCALAR_VALUE n=2 value=1456
TREE_SCALAR n=3 tree=0x14bf27c features:
0x6676ec:	3	31	42	0	1	1	1	1
0x6676fc:	2	0	2468	686	112	686	1742	686
Temporary breakpoint 7 at 0x1001344e
TREE_SCALAR_VALUE n=3 value=631
TREE_SCALAR n=4 tree=0x14bf2ec features:
0x6676ec:	7	42	3	0	1	1	3	1
0x6676fc:	1	0	3428	686	112	686	2700	686
Temporary breakpoint 8 at 0x100134cc
TREE_SCALAR_VALUE n=4 value=1240
TREE_SCALAR n=5 tree=0x14bf27c features:
0x6676ec:	3	7	40	0	1	1	3	1
0x6676fc:	2	0	3428	686	112	686	2702	686
Temporary breakpoint 9 at 0x1001344e
TREE_SCALAR_VALUE n=5 value=2341
TREE_SCALAR n=6 tree=0x14bf378 features:
0x6676f0:	1	3	0	3	3	1	0	4
0x667700:	1	1	1	686	112	686	0	0
Temporary breakpoint 10 at 0x10013984
TREE_SCALAR_VALUE n=6 value=0
TREE_VECTOR n=7 tree=0x14bf3e8 features:
0x6676f0:	1	3	0	3	3	1	0	4
0x667700:	1	1	1	0	112	686	0	0
Temporary breakpoint 11 at 0x100139b6
TREE_VECTOR_VALUE n=7 values:
0x2af7dc0:	103	102	103	104	105	107	109	111
0x2af7dd0:	112	115	116	117
TREE_SCALAR n=8 tree=0x14bf3b0 features:
0x6676f0:	1	3	0	3	3	1	0	4
0x667700:	3	1	1	0	112	686	1	0
Temporary breakpoint 12 at 0x10013984
TREE_SCALAR_VALUE n=8 value=0
TREE_VECTOR n=9 tree=0x14bf420 features:
0x6676f0:	1	3	0	3	3	1	0	4
0x667700:	3	1	1	0	112	686	1	0
Temporary breakpoint 13 at 0x100139b6
TREE_VECTOR_VALUE n=9 values:
0x2af7dde:	122	128	134	142	151	161	171	180
0x2af7dee:	187	191	183	173
SELECTED_UNIT n=1 id=3837
SELECTED_UNIT n=2 id=3838
SELECTED_UNIT n=3 id=315371
SELECTED_UNIT n=4 id=189298
SELECTED_UNIT n=5 id=282461
TIMELINE_ENTRY n=1 start=0 input_count=5
Temporary breakpoint 14 at 0x1002bde9
TIMELINE_RETURN n=1 records=5
TIMELINE_ROW i=0 words:
0x2bcde18:	0x00000064	0x00000064	0x000000c8	0x00000450
0x2bcde28:	0x00000000	0x0033733c	0x02bfb26c	0x0000c3b2
0x2bcde38:	0x00860008	0x02000090	0x00000000	0x00000000
0x2bcde48:	0x00390000
TIMELINE_ROW i=1 words:
0x2bcde4c:	0x00000064	0x00000064	0x000000c8	0x000005d8
0x2bcde5c:	0x00000001	0x00337568	0x02bfb284	0x0000c3ba
0x2bcde6c:	0x0090000a	0x020000b0	0x00000000	0x00000001
0x2bcde7c:	0x00070000
TIMELINE_ROW i=2 words:
0x2bcde80:	0x00000064	0x00000064	0x000000c8	0x0000037c
0x2bcde90:	0x00000002	0x0efa11d4	0x02bfb29c	0x003a9594
0x2bcdea0:	0x009e0005	0x020000aa	0x00000001	0x00000000
0x2bcdeb0:	0x00130000
TIMELINE_ROW i=3 words:
0x2bcdeb4:	0x00000064	0x00000064	0x000000c8	0x00000212
0x2bcdec4:	0x00000003	0x08f16100	0x02bfb2b4	0x002318ee
0x2bcded4:	0x00a60003	0x020100ba	0x00000001	0x00000001
0x2bcdee4:	0x00070000
TIMELINE_ROW i=4 words:
0x2bcdee8:	0x00000064	0x00000064	0x000000c8	0x00000742
0x2bcdef8:	0x00000004	0x0d76ae84	0x02bfb2cc	0x0034c6c9
0x2bcdf08:	0x00ba000a	0x020200ba	0x00000001	0x00000001
0x2bcdf18:	0x00070000
SELECTED_UNIT n=6 id=315370
SELECTED_UNIT n=7 id=3839
SELECTED_UNIT n=8 id=189297
SELECTED_UNIT n=9 id=315372
SELECTED_UNIT n=10 id=282461
SELECTED_UNIT n=11 id=189298
[Inferior 1 (Remote target) exited normally]
Wine-gdb> 0184:0188: create process 'Z:\samples\voicetext_paul.exe'/00000000 @004014C0 (450560<1847>)
0184:0188: create thread I @004014C0
0184:0188: loads DLL C:\windows\system32\ntdll.dll @7BD10000 (2994176<5095>)
0184:0188: loads DLL C:\windows\system32\kernel32.dll @7BB90000 (1466368<19395>)
0184:0188: loads DLL C:\windows\system32\kernelbase.dll @7B650000 (5410816<14148>)
0184:0188: loads DLL C:\windows\system32\msvcrt.dll @7B2A0000 (2715648<8214>)
0184:0188: loads DLL Z:\samples\vt_pau.dll @10000000 (0<0>)
0184:0188: loads DLL C:\windows\system32\WINMM.dll @78C50000 (1474560<4890>)
0184:0188: loads DLL C:\windows\system32\advapi32.dll @7B550000 (958464<7400>)
0184:0188: loads DLL C:\windows\system32\sechost.dll @7B200000 (565248<3163>)
0184:0188: loads DLL C:\windows\system32\ucrtbase.dll @7AEE0000 (3198976<11541>)
0184:0188: loads DLL C:\windows\system32\msacm32.dll @78BD0000 (413696<1982>)
0184:0188: loads DLL C:\windows\system32\user32.dll @7A160000 (5005312<14159>)
0184:0188: loads DLL Z:\samples\zlib1.dll @7A120000 (135680<0>)
0184:0188: loads DLL C:\windows\system32\gdi32.dll @7A640000 (2355200<7390>)
0184:0188: loads DLL C:\windows\system32\win32u.dll @7A0D0000 (221184<1966>)
0184:0188: loads DLL C:\windows\system32\ole32.dll @7A9F0000 (4440064<14323>)
0184:0188: loads DLL C:\windows\system32\combase.dll @7A890000 (1314816<7562>)
0184:0188: loads DLL C:\windows\system32\rpcrt4.dll @79EA0000 (2162688<9274>)
0184:0188: loads DLL C:\windows\system32\coml2.dll @79E40000 (262144<3883>)
0184:0188: loads DLL C:\windows\system32\iphlpapi.dll @779C0000 (487424<4777>)
0184:0188: loads DLL C:\windows\system32\dnsapi.dll @77970000 (258048<1399>)
0184:0188: loads DLL C:\windows\system32\nsi.dll @77940000 (118784<823>)
0184:0188: loads DLL C:\windows\system32\ws2_32.dll @7AE40000 (565248<2279>)
0184:0188: loads DLL C:\windows\system32\tzres.dll @009C0000 (0<0>)
00000184:00000188: unload DLL @009C0000
0184:0188: loads DLL C:\windows\system32\tzres.dll @009C0000 (0<0>)
00000184:00000188: unload DLL @009C0000
0184:0188: loads DLL C:\windows\system32\imm32.dll @782F0000 (401408<2996>)
0184:0188: loads DLL C:\windows\system32\winex11.drv @780F0000 (307200<4314>)
0184:0188: loads DLL C:\windows\system32\uxtheme.dll @78030000 (671744<3646>)
00000184:00000188: exit process (0)
