GNU gdb (Ubuntu 15.1-1ubuntu1~24.04.1) 15.1
Copyright (C) 2024 Free Software Foundation, Inc.
License GPLv3+: GNU GPL version 3 or later <http://gnu.org/licenses/gpl.html>
This is free software: you are free to change and redistribute it.
There is NO WARRANTY, to the extent permitted by law.
Type "show copying" and "show warranty" for details.
This GDB was configured as "x86_64-linux-gnu".
Type "show configuration" for configuration details.
For bug reporting instructions, please see:
<https://www.gnu.org/software/gdb/bugs/>.
Find the GDB manual and other documentation resources online at:
    <http://www.gnu.org/software/gdb/documentation/>.

For help, type "help".
Type "apropos word" to search for commands related to "word".
warning: remote target does not support file transfer, attempting to access files from local filesystem.
Reading symbols from /samples/voicetext_paul.exe...
0x7bd64525 in DbgBreakPoint@0 ()
   from /usr/lib/i386-linux-gnu/wine/i386-windows/ntdll.dll
Wine-gdb> Wine-gdb> Wine-gdb> Wine-gdb> Signal        Stop	Print	Pass to program	Description
SIGSEGV       No	No	Yes		Segmentation fault
Wine-gdb> Signal        Stop	Print	Pass to program	Description
SIGSEGV       No	No	Yes		Segmentation fault
Wine-gdb> Wine-gdb> Wine-gdb> Wine-gdb> Wine-gdb> Breakpoint 1 at 0x10001670
Wine-gdb> >>>>>>>>> > > > >>>Wine-gdb> Wine-gdb> Breakpoint 2 at 0x100016a0
Wine-gdb> >>>>>>>>>> > > > > >>>Wine-gdb> Wine-gdb> Breakpoint 3 at 0x1001b200
Wine-gdb> >>>>>Wine-gdb> Wine-gdb> Breakpoint 4 at 0x1002c220
Wine-gdb> >>>>>>>>> > > > > >  >  >  >  > > >>>Wine-gdb> Wine-gdb> Continuing.
TREE_SCALAR n=1 tree=0x1470220 features:
0x6676bc:	1	1	2	1	1	2	1	1
0x6676cc:	0	95	0	0	0	0	1	4099
Temporary breakpoint 5 at 0x10013086
TREE_SCALAR_VALUE n=1 value=30
TREE_SCALAR n=2 tree=0x14bf2ec features:
0x6676ec:	27	40	3	0	1	1	1	1
0x6676fc:	1	0	2468	686	112	686	1740	686
Temporary breakpoint 6 at 0x100134cc
TREE_SCALAR_VALUE n=2 value=958
TREE_SCALAR n=3 tree=0x14bf27c features:
0x6676ec:	3	27	42	0	1	1	1	1
0x6676fc:	2	0	2468	686	112	686	1742	686
Temporary breakpoint 7 at 0x1001344e
TREE_SCALAR_VALUE n=3 value=755
TREE_SCALAR n=4 tree=0x14bf2ec features:
0x6676ec:	31	42	3	0	1	1	3	1
0x6676fc:	1	0	3428	686	112	686	2700	686
Temporary breakpoint 8 at 0x100134cc
TREE_SCALAR_VALUE n=4 value=1824
TREE_SCALAR n=5 tree=0x14bf27c features:
0x6676ec:	3	31	40	0	1	1	3	1
0x6676fc:	2	0	3428	686	112	686	2702	686
Temporary breakpoint 9 at 0x1001344e
TREE_SCALAR_VALUE n=5 value=2341
TREE_SCALAR n=6 tree=0x14bf378 features:
0x6676f0:	1	3	0	3	3	1	0	4
0x667700:	1	1	1	686	112	686	0	0
Temporary breakpoint 10 at 0x10013984
TREE_SCALAR_VALUE n=6 value=0
TREE_VECTOR n=7 tree=0x14bf3e8 features:
0x6676f0:	1	3	0	3	3	1	0	4
0x667700:	1	1	1	0	112	686	0	0
Temporary breakpoint 11 at 0x100139b6
TREE_VECTOR_VALUE n=7 values:
0x2af7dc0:	103	102	103	104	105	107	109	111
0x2af7dd0:	112	115	116	117
TREE_SCALAR n=8 tree=0x14bf3b0 features:
0x6676f0:	1	3	0	3	3	1	0	4
0x667700:	3	1	1	0	112	686	1	0
Temporary breakpoint 12 at 0x10013984
TREE_SCALAR_VALUE n=8 value=0
TREE_VECTOR n=9 tree=0x14bf420 features:
0x6676f0:	1	3	0	3	3	1	0	4
0x667700:	3	1	1	0	112	686	1	0
Temporary breakpoint 13 at 0x100139b6
TREE_VECTOR_VALUE n=9 values:
0x2af7dde:	122	128	134	142	151	161	171	180
0x2af7dee:	187	191	183	173
SELECTED_UNIT n=1 id=14169
SELECTED_UNIT n=2 id=271011
SELECTED_UNIT n=3 id=348929
SELECTED_UNIT n=4 id=433915
TIMELINE_ENTRY n=1 start=0 input_count=4
Temporary breakpoint 14 at 0x1002bde9
TIMELINE_RETURN n=1 records=4
TIMELINE_ROW i=0 words:
0x2bcde18:	0x00000064	0x00000064	0x000000c8	0x00000516
0x2bcde28:	0x00000000	0x00c2977c	0x02bfb26c	0x0002cc78
0x2bcde38:	0x0084000a	0x02000088	0x00000000	0x00000000
0x2bcde48:	0x00350000
TIMELINE_ROW i=1 words:
0x2bcde4c:	0x00000064	0x00000064	0x000000c8	0x0000033e
0x2bcde5c:	0x00000001	0x0cedba88	0x02bfb284	0x0032ba46
0x2bcde6c:	0x00780006	0x020000a2	0x00000000	0x00000001
0x2bcde7c:	0x00070000
TIMELINE_ROW i=2 words:
0x2bcde80:	0x00000064	0x00000064	0x000000c8	0x0000063c
0x2bcde90:	0x00000002	0x107fe540	0x02bfb29c	0x004050ce
0x2bcdea0:	0x008c000b	0x02000090	0x00000001	0x00000000
0x2bcdeb0:	0x00390000
TIMELINE_ROW i=3 words:
0x2bcdeb4:	0x00000064	0x00000064	0x000000c8	0x00000c98
0x2bcdec4:	0x00000003	0x1455dfa0	0x02bfb2b4	0x004e91cd
0x2bcded4:	0x00a40011	0x020000d0	0x00000001	0x00000001
0x2bcdee4:	0x00070000
SELECTED_UNIT n=5 id=271010
SELECTED_UNIT n=6 id=14170
SELECTED_UNIT n=7 id=348928
SELECTED_UNIT n=8 id=271012
SELECTED_UNIT n=9 id=433914
SELECTED_UNIT n=10 id=348930
[Inferior 1 (Remote target) exited normally]
Wine-gdb> 0118:011c: create process 'Z:\samples\voicetext_paul.exe'/00000000 @004014C0 (450560<1847>)
0118:011c: create thread I @004014C0
0118:011c: loads DLL C:\windows\system32\ntdll.dll @7BD10000 (2994176<5095>)
0118:011c: loads DLL C:\windows\system32\kernel32.dll @7BB90000 (1466368<19395>)
0118:011c: loads DLL C:\windows\system32\kernelbase.dll @7B650000 (5410816<14148>)
0118:011c: loads DLL C:\windows\system32\msvcrt.dll @7B2A0000 (2715648<8214>)
0118:011c: loads DLL Z:\samples\vt_pau.dll @10000000 (0<0>)
0118:011c: loads DLL C:\windows\system32\WINMM.dll @78C50000 (1474560<4890>)
0118:011c: loads DLL C:\windows\system32\advapi32.dll @7B550000 (958464<7400>)
0118:011c: loads DLL C:\windows\system32\sechost.dll @7B200000 (565248<3163>)
0118:011c: loads DLL C:\windows\system32\ucrtbase.dll @7AEE0000 (3198976<11541>)
0118:011c: loads DLL C:\windows\system32\msacm32.dll @78BD0000 (413696<1982>)
0118:011c: loads DLL C:\windows\system32\user32.dll @7A160000 (5005312<14159>)
0118:011c: loads DLL Z:\samples\zlib1.dll @7A120000 (135680<0>)
0118:011c: loads DLL C:\windows\system32\gdi32.dll @7A640000 (2355200<7390>)
0118:011c: loads DLL C:\windows\system32\win32u.dll @7A0D0000 (221184<1966>)
0118:011c: loads DLL C:\windows\system32\ole32.dll @7A9F0000 (4440064<14323>)
0118:011c: loads DLL C:\windows\system32\combase.dll @7A890000 (1314816<7562>)
0118:011c: loads DLL C:\windows\system32\rpcrt4.dll @79EA0000 (2162688<9274>)
0118:011c: loads DLL C:\windows\system32\coml2.dll @79E40000 (262144<3883>)
0118:011c: loads DLL C:\windows\system32\iphlpapi.dll @779C0000 (487424<4777>)
0118:011c: loads DLL C:\windows\system32\dnsapi.dll @77970000 (258048<1399>)
0118:011c: loads DLL C:\windows\system32\nsi.dll @77940000 (118784<823>)
0118:011c: loads DLL C:\windows\system32\ws2_32.dll @7AE40000 (565248<2279>)
0118:011c: loads DLL C:\windows\system32\tzres.dll @009C0000 (0<0>)
00000118:0000011c: unload DLL @009C0000
0118:011c: loads DLL C:\windows\system32\tzres.dll @009C0000 (0<0>)
00000118:0000011c: unload DLL @009C0000
0118:011c: loads DLL C:\windows\system32\imm32.dll @782F0000 (401408<2996>)
0118:011c: loads DLL C:\windows\system32\winex11.drv @780F0000 (307200<4314>)
0118:011c: loads DLL C:\windows\system32\uxtheme.dll @78030000 (671744<3646>)
00000118:0000011c: exit process (0)
X connection to :99 broken (explicit kill or server shutdown).
X connection to :99 broken (explicit kill or server shutdown).
