GNU gdb (Ubuntu 15.1-1ubuntu1~24.04.1) 15.1
Copyright (C) 2024 Free Software Foundation, Inc.
License GPLv3+: GNU GPL version 3 or later <http://gnu.org/licenses/gpl.html>
This is free software: you are free to change and redistribute it.
There is NO WARRANTY, to the extent permitted by law.
Type "show copying" and "show warranty" for details.
This GDB was configured as "x86_64-linux-gnu".
Type "show configuration" for configuration details.
For bug reporting instructions, please see:
<https://www.gnu.org/software/gdb/bugs/>.
Find the GDB manual and other documentation resources online at:
    <http://www.gnu.org/software/gdb/documentation/>.

For help, type "help".
Type "apropos word" to search for commands related to "word".
warning: remote target does not support file transfer, attempting to access files from local filesystem.
Reading symbols from /samples/voicetext_kate.exe...
0x7bd64525 in DbgBreakPoint@0 ()
   from /usr/lib/i386-linux-gnu/wine/i386-windows/ntdll.dll
Wine-gdb> Wine-gdb> Wine-gdb> Wine-gdb> Signal        Stop	Print	Pass to program	Description
SIGSEGV       No	No	Yes		Segmentation fault
Wine-gdb> Wine-gdb> Wine-gdb> Copying output to /work/corpus-parity/stage20/hello-hi-builder-classes-baseline/live-builder.gdb.log.
Copying debug output to /work/corpus-parity/stage20/hello-hi-builder-classes-baseline/live-builder.gdb.log.
Wine-gdb> Breakpoint 1 at 0x10023350
Breakpoint 2 at 0x100230a0
Breakpoint 3 at 0x100235f6
Hardware assisted breakpoint 4 at 0x408187
HELLO_BUILDER_CLASSES context=0 count=10 {class=22636 members=1 units=159313} {class=59508 members=1 units=172790} {class=68657 members=1 units=157716} {class=68661 members=1 units=274190} {class=80631 members=1 units=283592} {class=80636 members=2 units=279671,279931} {class=80638 members=1 units=283559} {class=80639 members=1 units=280411} {class=80640 members=1 units=279826} {class=80645 members=1 units=164355}
HELLO_COVERAGE_ENTRY context=0 count=11 [0]=159313 [1]=172790 [2]=157716 [3]=274190 [4]=283592 [5]=279671 [6]=279931 [7]=283559 [8]=280411 [9]=279826 [10]=164355
Temporary breakpoint 5 at 0x100235f6
HELLO_PRE_SCORE context=0 count=11 [0]=274190(span=2,weighted=0) [1]=159313(span=1,weighted=0) [2]=172790(span=1,weighted=0) [3]=157716(span=1,weighted=0) [4]=283592(span=1,weighted=0) [5]=279671(span=1,weighted=0) [6]=279931(span=1,weighted=0) [7]=283559(span=1,weighted=0) [8]=280411(span=1,weighted=0) [9]=279826(span=1,weighted=0) [10]=164355(span=1,weighted=0)
HELLO_BUILDER_CLASSES context=1 count=19 {class=3150 members=1 units=280494} {class=17592 members=1 units=172786} {class=22661 members=1 units=276348} {class=30446 members=1 units=267747} {class=59524 members=1 units=174592} {class=62738 members=1 units=157858} {class=63990 members=1 units=163577} {class=68661 members=1 units=274190} {class=71747 members=1 units=157928} {class=75426 members=1 units=276698} {class=17591 members=1 units=171602} {class=22655 members=1 units=268779} {class=22660 members=1 units=276732} {class=30454 members=1 units=167768} {class=40651 members=1 units=266326} {class=50032 members=1 units=173106} {class=54799 members=1 units=179092} {class=59522 members=1 units=162247} {class=59523 members=1 units=267775}
HELLO_COVERAGE_ENTRY context=1 count=19 [0]=280494 [1]=172786 [2]=276348 [3]=267747 [4]=174592 [5]=157858 [6]=163577 [7]=274190 [8]=157928 [9]=276698 [10]=171602 [11]=268779
Temporary breakpoint 6 at 0x100235f6
HELLO_PRE_SCORE context=1 count=19 [0]=274190(span=2,weighted=0) [1]=280494(span=1,weighted=0) [2]=162247(span=1,weighted=0) [3]=179092(span=1,weighted=0) [4]=173106(span=1,weighted=0) [5]=266326(span=1,weighted=0) [6]=167768(span=1,weighted=0) [7]=276732(span=1,weighted=0) [8]=268779(span=1,weighted=0) [9]=171602(span=1,weighted=0) [10]=276698(span=1,weighted=0) [11]=157928(span=1,weighted=0)
HELLO_BUILDER_CLASSES context=6 count=10 {class=56078 members=1 units=40472} {class=65792 members=1 units=86200} {class=65794 members=1 units=169018} {class=65795 members=1 units=245584} {class=65796 members=1 units=140190} {class=67211 members=1 units=155114} {class=69053 members=1 units=179344} {class=69083 members=2 units=56352,249391} {class=70084 members=1 units=275242} {class=70087 members=1 units=97962}
HELLO_COVERAGE_ENTRY context=6 count=11 [0]=40472 [1]=86200 [2]=169018 [3]=245584 [4]=140190 [5]=155114 [6]=179344 [7]=56352 [8]=249391 [9]=275242 [10]=97962
Temporary breakpoint 7 at 0x100235f6
HELLO_PRE_SCORE context=6 count=11 [0]=40472(span=2,weighted=0) [1]=56352(span=2,weighted=0) [2]=249391(span=2,weighted=0) [3]=86200(span=1,weighted=0) [4]=169018(span=1,weighted=0) [5]=245584(span=1,weighted=0) [6]=140190(span=1,weighted=0) [7]=155114(span=1,weighted=0) [8]=179344(span=1,weighted=0) [9]=275242(span=1,weighted=0) [10]=97962(span=1,weighted=0)
[Inferior 1 (Remote target) exited normally]
Wine-gdb> 0114:0118: create process 'Z:\samples\voicetext_kate.exe'/00000000 @004014C0 (450560<1847>)
0114:0118: create thread I @004014C0
0114:0118: loads DLL C:\windows\system32\ntdll.dll @7BD10000 (2994176<5095>)
0114:0118: loads DLL C:\windows\system32\kernel32.dll @7BB90000 (1466368<19395>)
0114:0118: loads DLL C:\windows\system32\kernelbase.dll @7B650000 (5410816<14148>)
0114:0118: loads DLL C:\windows\system32\msvcrt.dll @7B2A0000 (2715648<8214>)
0114:0118: loads DLL Z:\samples\vt_kat.dll @10000000 (0<0>)
0114:0118: loads DLL C:\windows\system32\WINMM.dll @78EC0000 (1474560<4890>)
0114:0118: loads DLL C:\windows\system32\advapi32.dll @7B550000 (958464<7400>)
0114:0118: loads DLL C:\windows\system32\sechost.dll @7B200000 (565248<3163>)
0114:0118: loads DLL C:\windows\system32\ucrtbase.dll @7AEE0000 (3198976<11541>)
0114:0118: loads DLL C:\windows\system32\msacm32.dll @78E40000 (413696<1982>)
0114:0118: loads DLL C:\windows\system32\user32.dll @7A160000 (5005312<14159>)
0114:0118: loads DLL Z:\samples\zlib1.dll @7A120000 (135680<0>)
0114:0118: loads DLL C:\windows\system32\gdi32.dll @7A640000 (2355200<7390>)
0114:0118: loads DLL C:\windows\system32\win32u.dll @7A0D0000 (221184<1966>)
0114:0118: loads DLL C:\windows\system32\ole32.dll @7A9F0000 (4440064<14323>)
0114:0118: loads DLL C:\windows\system32\combase.dll @7A890000 (1314816<7562>)
0114:0118: loads DLL C:\windows\system32\rpcrt4.dll @79EA0000 (2162688<9274>)
0114:0118: loads DLL C:\windows\system32\coml2.dll @79E40000 (262144<3883>)
0114:0118: loads DLL C:\windows\system32\iphlpapi.dll @779C0000 (487424<4777>)
0114:0118: loads DLL C:\windows\system32\dnsapi.dll @77970000 (258048<1399>)
0114:0118: loads DLL C:\windows\system32\nsi.dll @77940000 (118784<823>)
0114:0118: loads DLL C:\windows\system32\ws2_32.dll @7AE40000 (565248<2279>)
0114:0118: loads DLL C:\windows\system32\tzres.dll @009C0000 (0<0>)
00000114:00000118: unload DLL @009C0000
0114:0118: loads DLL C:\windows\system32\tzres.dll @009C0000 (0<0>)
00000114:00000118: unload DLL @009C0000
0114:0118: loads DLL C:\windows\system32\imm32.dll @782F0000 (401408<2996>)
0114:0118: loads DLL C:\windows\system32\winex11.drv @780F0000 (307200<4314>)
0114:0118: loads DLL C:\windows\system32\uxtheme.dll @78030000 (671744<3646>)
00000114:00000118: exit process (0)
X connection to :99 broken (explicit kill or server shutdown).
X connection to :99 broken (explicit kill or server shutdown).
