Wine-gdb> Already logging to /probe/stage20/hello-repeat-2006-next-row-edge/legacy-next-row-edge-gdb.log.
Wine-gdb> Wine-gdb> Hardware assisted breakpoint 1 at 0x1001ec07
Wine-gdb> >>>>> > >>>Wine-gdb> Wine-gdb> Breakpoint 2 at 0x408187
Wine-gdb> >>>>Wine-gdb> Wine-gdb> Continuing.
LEGACY_NEXT_EDGE_TRACE_READY
LEGACY_NEXT_EDGE context=1 current=264072 previous=273369 transition=10.0135 previous_path=0.0201681 local=13.1722 total=23.2058 penalty=0
LEGACY_NEXT_EDGE context=1 current=264072 previous=272822 transition=47.1029 previous_path=0.00243161 local=13.1722 total=60.2775 penalty=0
LEGACY_NEXT_EDGE context=1 current=264072 previous=92183 transition=45.2192 previous_path=12.0082 local=13.1722 total=70.3995 penalty=0
LEGACY_NEXT_EDGE context=1 current=264072 previous=262454 transition=10.7406 previous_path=12.0082 local=13.1722 total=35.921 penalty=0
LEGACY_NEXT_EDGE context=1 current=264072 previous=195687 transition=65.5713 previous_path=12.0082 local=13.1722 total=90.7517 penalty=0
LEGACY_NEXT_EDGE context=1 current=264072 previous=182880 transition=11.0943 previous_path=12.0085 local=13.1722 total=36.2749 penalty=0
LEGACY_NEXT_EDGE context=1 current=264072 previous=204612 transition=7.47093 previous_path=12.0085 local=13.1722 total=32.6516 penalty=0
LEGACY_NEXT_EDGE context=1 current=264072 previous=200525 transition=50.4433 previous_path=12.032 local=13.1722 total=75.6475 penalty=0
LEGACY_NEXT_EDGE context=1 current=264072 previous=51310 transition=73.232 previous_path=12.0348 local=13.1722 total=98.4389 penalty=0
LEGACY_NEXT_EDGE context=1 current=264072 previous=31795 transition=23.7721 previous_path=12.0348 local=13.1722 total=48.9791 penalty=0
LEGACY_NEXT_EDGE context=1 current=264072 previous=200614 transition=21.3419 previous_path=12.0348 local=13.1722 total=46.5488 penalty=0
LEGACY_NEXT_EDGE context=1 current=264072 previous=116320 transition=32.0183 previous_path=12.1455 local=13.1722 total=57.3359 penalty=0
LEGACY_NEXT_EDGE context=1 current=264072 previous=214148 transition=16.4482 previous_path=12.1455 local=13.1722 total=41.7658 penalty=0
LEGACY_NEXT_EDGE context=1 current=264072 previous=189906 transition=18.2759 previous_path=12.1455 local=13.1722 total=43.5935 penalty=0
LEGACY_NEXT_EDGE context=1 current=264072 previous=178453 transition=14.6213 previous_path=12.1455 local=13.1722 total=39.9389 penalty=0
LEGACY_NEXT_EDGE context=1 current=264072 previous=179388 transition=47.7049 previous_path=12.2667 local=13.1722 total=73.1437 penalty=0
LEGACY_NEXT_EDGE context=1 current=264072 previous=129641 transition=55.4052 previous_path=14.0082 local=13.1722 total=82.5855 penalty=0
LEGACY_NEXT_EDGE context=1 current=264072 previous=20499 transition=33.7482 previous_path=14.0085 local=13.1722 total=60.9289 penalty=0
LEGACY_NEXT_EDGE context=1 current=264072 previous=1200 transition=50.9492 previous_path=14.032 local=13.1722 total=78.1534 penalty=0
LEGACY_NEXT_EDGE context=1 current=264072 previous=245736 transition=10.9254 previous_path=14.0348 local=13.1722 total=38.1323 penalty=0
LEGACY_NEXT_EDGE context=1 current=264072 previous=165351 transition=17.1919 previous_path=14.0706 local=13.1722 total=44.4347 penalty=0
LEGACY_NEXT_EDGE context=1 current=264072 previous=22451 transition=46.6094 previous_path=14.1887 local=13.1722 total=73.9702 penalty=0
LEGACY_NEXT_EDGE context=1 current=264072 previous=31347 transition=36.3609 previous_path=14.3564 local=13.1722 total=63.8894 penalty=0
LEGACY_NEXT_EDGE context=1 current=264072 previous=52542 transition=8.73672 previous_path=14.5684 local=13.1722 total=36.4773 penalty=0
LEGACY_NEXT_EDGE context=1 current=264072 previous=233533 transition=37.996 previous_path=14.96 local=13.1722 total=66.1281 penalty=0
LEGACY_NEXT_EDGE context=1 current=264072 previous=25895 transition=22.3674 previous_path=20 local=13.1722 total=55.5396 penalty=0
LEGACY_NEXT_EDGE context=1 current=264072 previous=28430 transition=20.0416 previous_path=20 local=13.1722 total=53.2138 penalty=0
LEGACY_NEXT_EDGE context=1 current=264072 previous=2525 transition=78.816 previous_path=20 local=13.1722 total=111.988 penalty=0
LEGACY_NEXT_EDGE context=1 current=264072 previous=234795 transition=34.054 previous_path=20.0082 local=13.1722 total=67.2343 penalty=0
LEGACY_NEXT_EDGE context=1 current=264072 previous=264663 transition=23.4307 previous_path=20.0085 local=13.1722 total=56.6114 penalty=0
LEGACY_NEXT_EDGE context=6 current=264072 previous=264071 transition=0 previous_path=56.1137 local=1.65071 total=57.7644 penalty=0
LEGACY_NEXT_EDGE context=6 current=264072 previous=272151 transition=9.40777 previous_path=56.7099 local=1.65071 total=67.7684 penalty=0
LEGACY_NEXT_EDGE context=6 current=264072 previous=13941 transition=13.801 previous_path=120.5 local=1.65071 total=135.952 penalty=0
LEGACY_NEXT_EDGE context=6 current=264072 previous=21433 transition=26.5661 previous_path=557.98 local=1.65071 total=586.197 penalty=0
LEGACY_NEXT_EDGE context=6 current=264072 previous=160974 transition=12.6895 previous_path=568.725 local=1.65071 total=583.065 penalty=0
LEGACY_NEXT_EDGE context=6 current=264072 previous=200323 transition=14.4961 previous_path=566.868 local=1.65071 total=583.014 penalty=0
LEGACY_NEXT_EDGE context=6 current=264072 previous=8054 transition=33.2316 previous_path=565.261 local=1.65071 total=600.144 penalty=0
LEGACY_NEXT_EDGE context=6 current=264072 previous=243207 transition=23.9006 previous_path=567.382 local=1.65071 total=592.933 penalty=0
LEGACY_NEXT_EDGE context=6 current=264072 previous=49874 transition=10.9648 previous_path=565.904 local=1.65071 total=578.519 penalty=0
LEGACY_NEXT_EDGE context=6 current=264072 previous=104395 transition=45.7154 previous_path=568.242 local=1.65071 total=615.608 penalty=0
LEGACY_NEXT_EDGE context=6 current=264072 previous=175733 transition=13.4129 previous_path=570.722 local=1.65071 total=585.786 penalty=0
LEGACY_NEXT_EDGE context=6 current=264072 previous=5030 transition=61.6122 previous_path=581.78 local=1.65071 total=645.043 penalty=0
LEGACY_NEXT_EDGE context=6 current=264072 previous=27063 transition=35.252 previous_path=569.783 local=1.65071 total=606.686 penalty=0
LEGACY_NEXT_EDGE context=6 current=264072 previous=264213 transition=23.7708 previous_path=569.895 local=1.65071 total=595.317 penalty=0
LEGACY_NEXT_EDGE context=6 current=264072 previous=231058 transition=15.4229 previous_path=576.963 local=1.65071 total=594.037 penalty=0
LEGACY_NEXT_EDGE context=6 current=264072 previous=9887 transition=15.6136 previous_path=584.855 local=1.65071 total=602.119 penalty=0
LEGACY_NEXT_EDGE context=6 current=264072 previous=179927 transition=30.8001 previous_path=570.908 local=1.65071 total=603.358 penalty=0
LEGACY_NEXT_EDGE context=6 current=264072 previous=97409 transition=36.1391 previous_path=573.739 local=1.65071 total=611.528 penalty=0
LEGACY_NEXT_EDGE context=6 current=264072 previous=192035 transition=49.2461 previous_path=573.605 local=1.65071 total=624.502 penalty=0
LEGACY_NEXT_EDGE context=6 current=264072 previous=193044 transition=23.6836 previous_path=575.557 local=1.65071 total=600.891 penalty=0
LEGACY_NEXT_EDGE context=6 current=264072 previous=224085 transition=126.93 previous_path=584.506 local=1.65071 total=713.087 penalty=0
LEGACY_NEXT_EDGE context=6 current=264072 previous=68423 transition=35.8803 previous_path=576.277 local=1.65071 total=613.808 penalty=0
LEGACY_NEXT_EDGE context=6 current=264072 previous=62239 transition=12.6378 previous_path=579.191 local=1.65071 total=593.48 penalty=0
LEGACY_NEXT_EDGE context=6 current=264072 previous=212241 transition=90.2276 previous_path=581.2 local=1.65071 total=673.078 penalty=0
LEGACY_NEXT_EDGE context=6 current=264072 previous=215444 transition=71.1843 previous_path=581.297 local=1.65071 total=654.132 penalty=0
LEGACY_NEXT_EDGE context=6 current=264072 previous=172912 transition=87.6964 previous_path=582.386 local=1.65071 total=671.733 penalty=0
LEGACY_NEXT_EDGE context=6 current=264072 previous=56107 transition=12.171 previous_path=583.113 local=1.65071 total=596.935 penalty=0
LEGACY_NEXT_EDGE context=6 current=264072 previous=223362 transition=21.3288 previous_path=580.969 local=1.65071 total=603.949 penalty=0
LEGACY_NEXT_EDGE context=6 current=264072 previous=260513 transition=42.7175 previous_path=577.583 local=1.65071 total=621.951 penalty=0
LEGACY_NEXT_EDGE context=6 current=264072 previous=19726 transition=45.6434 previous_path=572.549 local=1.65071 total=619.843 penalty=0
LEGACY_NEXT_EDGE context=1 current=264072 previous=273369 transition=10.0135 previous_path=0.0201681 local=13.1722 total=23.2058 penalty=0
LEGACY_NEXT_EDGE context=1 current=264072 previous=272822 transition=47.1029 previous_path=0.00243161 local=13.1722 total=60.2775 penalty=0
LEGACY_NEXT_EDGE context=1 current=264072 previous=92183 transition=45.2192 previous_path=12.0082 local=13.1722 total=70.3995 penalty=0
LEGACY_NEXT_EDGE context=1 current=264072 previous=262454 transition=10.7406 previous_path=12.0082 local=13.1722 total=35.921 penalty=0
LEGACY_NEXT_EDGE context=1 current=264072 previous=195687 transition=65.5713 previous_path=12.0082 local=13.1722 total=90.7517 penalty=0
LEGACY_NEXT_EDGE context=1 current=264072 previous=182880 transition=11.0943 previous_path=12.0085 local=13.1722 total=36.2749 penalty=0
LEGACY_NEXT_EDGE context=1 current=264072 previous=204612 transition=7.47093 previous_path=12.0085 local=13.1722 total=32.6516 penalty=0
LEGACY_NEXT_EDGE context=1 current=264072 previous=200525 transition=50.4433 previous_path=12.032 local=13.1722 total=75.6475 penalty=0
LEGACY_NEXT_EDGE context=1 current=264072 previous=51310 transition=73.232 previous_path=12.0348 local=13.1722 total=98.4389 penalty=0
LEGACY_NEXT_EDGE context=1 current=264072 previous=31795 transition=23.7721 previous_path=12.0348 local=13.1722 total=48.9791 penalty=0
LEGACY_NEXT_EDGE context=1 current=264072 previous=200614 transition=21.3419 previous_path=12.0348 local=13.1722 total=46.5488 penalty=0
LEGACY_NEXT_EDGE context=1 current=264072 previous=116320 transition=32.0183 previous_path=12.1455 local=13.1722 total=57.3359 penalty=0
LEGACY_NEXT_EDGE context=1 current=264072 previous=214148 transition=16.4482 previous_path=12.1455 local=13.1722 total=41.7658 penalty=0
LEGACY_NEXT_EDGE context=1 current=264072 previous=189906 transition=18.2759 previous_path=12.1455 local=13.1722 total=43.5935 penalty=0
LEGACY_NEXT_EDGE context=1 current=264072 previous=178453 transition=14.6213 previous_path=12.1455 local=13.1722 total=39.9389 penalty=0
LEGACY_NEXT_EDGE context=1 current=264072 previous=179388 transition=47.7049 previous_path=12.2667 local=13.1722 total=73.1437 penalty=0
LEGACY_NEXT_EDGE context=1 current=264072 previous=129641 transition=55.4052 previous_path=14.0082 local=13.1722 total=82.5855 penalty=0
LEGACY_NEXT_EDGE context=1 current=264072 previous=20499 transition=33.7482 previous_path=14.0085 local=13.1722 total=60.9289 penalty=0
LEGACY_NEXT_EDGE context=1 current=264072 previous=1200 transition=50.9492 previous_path=14.032 local=13.1722 total=78.1534 penalty=0
LEGACY_NEXT_EDGE context=1 current=264072 previous=245736 transition=10.9254 previous_path=14.0348 local=13.1722 total=38.1323 penalty=0
LEGACY_NEXT_EDGE context=1 current=264072 previous=165351 transition=17.1919 previous_path=14.0706 local=13.1722 total=44.4347 penalty=0
LEGACY_NEXT_EDGE context=1 current=264072 previous=22451 transition=46.6094 previous_path=14.1887 local=13.1722 total=73.9702 penalty=0
LEGACY_NEXT_EDGE context=1 current=264072 previous=31347 transition=36.3609 previous_path=14.3564 local=13.1722 total=63.8894 penalty=0
LEGACY_NEXT_EDGE context=1 current=264072 previous=52542 transition=8.73672 previous_path=14.5684 local=13.1722 total=36.4773 penalty=0
LEGACY_NEXT_EDGE context=1 current=264072 previous=233533 transition=37.996 previous_path=14.96 local=13.1722 total=66.1281 penalty=0
LEGACY_NEXT_EDGE context=1 current=264072 previous=25895 transition=22.3674 previous_path=20 local=13.1722 total=55.5396 penalty=0
LEGACY_NEXT_EDGE context=1 current=264072 previous=28430 transition=20.0416 previous_path=20 local=13.1722 total=53.2138 penalty=0
LEGACY_NEXT_EDGE context=1 current=264072 previous=2525 transition=78.816 previous_path=20 local=13.1722 total=111.988 penalty=0
LEGACY_NEXT_EDGE context=1 current=264072 previous=234795 transition=34.054 previous_path=20.0082 local=13.1722 total=67.2343 penalty=0
LEGACY_NEXT_EDGE context=1 current=264072 previous=264663 transition=23.4307 previous_path=20.0085 local=13.1722 total=56.6114 penalty=0
LEGACY_NEXT_EDGE context=6 current=264072 previous=264071 transition=0 previous_path=56.1137 local=1.65071 total=57.7644 penalty=0
LEGACY_NEXT_EDGE context=6 current=264072 previous=272151 transition=9.40777 previous_path=56.7099 local=1.65071 total=67.7684 penalty=0
LEGACY_NEXT_EDGE context=6 current=264072 previous=13941 transition=13.801 previous_path=120.5 local=1.65071 total=135.952 penalty=0
LEGACY_NEXT_EDGE context=6 current=264072 previous=21433 transition=26.5661 previous_path=557.98 local=1.65071 total=586.197 penalty=0
LEGACY_NEXT_EDGE context=6 current=264072 previous=160974 transition=12.6895 previous_path=568.725 local=1.65071 total=583.065 penalty=0
LEGACY_NEXT_EDGE context=6 current=264072 previous=200323 transition=14.4961 previous_path=566.868 local=1.65071 total=583.014 penalty=0
LEGACY_NEXT_EDGE context=6 current=264072 previous=8054 transition=33.2316 previous_path=565.261 local=1.65071 total=600.144 penalty=0
LEGACY_NEXT_EDGE context=6 current=264072 previous=243207 transition=23.9006 previous_path=567.382 local=1.65071 total=592.933 penalty=0
LEGACY_NEXT_EDGE context=6 current=264072 previous=49874 transition=10.9648 previous_path=565.904 local=1.65071 total=578.519 penalty=0
LEGACY_NEXT_EDGE context=6 current=264072 previous=104395 transition=45.7154 previous_path=568.242 local=1.65071 total=615.608 penalty=0
LEGACY_NEXT_EDGE context=6 current=264072 previous=175733 transition=13.4129 previous_path=570.722 local=1.65071 total=585.786 penalty=0
LEGACY_NEXT_EDGE context=6 current=264072 previous=5030 transition=61.6122 previous_path=581.78 local=1.65071 total=645.043 penalty=0
LEGACY_NEXT_EDGE context=6 current=264072 previous=27063 transition=35.252 previous_path=569.783 local=1.65071 total=606.686 penalty=0
LEGACY_NEXT_EDGE context=6 current=264072 previous=264213 transition=23.7708 previous_path=569.895 local=1.65071 total=595.317 penalty=0
LEGACY_NEXT_EDGE context=6 current=264072 previous=231058 transition=15.4229 previous_path=576.963 local=1.65071 total=594.037 penalty=0
LEGACY_NEXT_EDGE context=6 current=264072 previous=9887 transition=15.6136 previous_path=584.855 local=1.65071 total=602.119 penalty=0
LEGACY_NEXT_EDGE context=6 current=264072 previous=179927 transition=30.8001 previous_path=570.908 local=1.65071 total=603.358 penalty=0
LEGACY_NEXT_EDGE context=6 current=264072 previous=97409 transition=36.1391 previous_path=573.739 local=1.65071 total=611.528 penalty=0
LEGACY_NEXT_EDGE context=6 current=264072 previous=192035 transition=49.2461 previous_path=573.605 local=1.65071 total=624.502 penalty=0
LEGACY_NEXT_EDGE context=6 current=264072 previous=193044 transition=23.6836 previous_path=575.557 local=1.65071 total=600.891 penalty=0
LEGACY_NEXT_EDGE context=6 current=264072 previous=224085 transition=126.93 previous_path=584.506 local=1.65071 total=713.087 penalty=0
LEGACY_NEXT_EDGE context=6 current=264072 previous=68423 transition=35.8803 previous_path=576.277 local=1.65071 total=613.808 penalty=0
LEGACY_NEXT_EDGE context=6 current=264072 previous=62239 transition=12.6378 previous_path=579.191 local=1.65071 total=593.48 penalty=0
LEGACY_NEXT_EDGE context=6 current=264072 previous=212241 transition=90.2276 previous_path=581.2 local=1.65071 total=673.078 penalty=0
LEGACY_NEXT_EDGE context=6 current=264072 previous=215444 transition=71.1843 previous_path=581.297 local=1.65071 total=654.132 penalty=0
LEGACY_NEXT_EDGE context=6 current=264072 previous=172912 transition=87.6964 previous_path=582.386 local=1.65071 total=671.733 penalty=0
LEGACY_NEXT_EDGE context=6 current=264072 previous=56107 transition=12.171 previous_path=583.113 local=1.65071 total=596.935 penalty=0
LEGACY_NEXT_EDGE context=6 current=264072 previous=223362 transition=21.3288 previous_path=580.969 local=1.65071 total=603.949 penalty=0
LEGACY_NEXT_EDGE context=6 current=264072 previous=260513 transition=42.7175 previous_path=577.583 local=1.65071 total=621.951 penalty=0
LEGACY_NEXT_EDGE context=6 current=264072 previous=19726 transition=45.6434 previous_path=572.549 local=1.65071 total=619.843 penalty=0
LEGACY_NEXT_EDGE context=1 current=264072 previous=273369 transition=10.0135 previous_path=0.0201681 local=13.1722 total=23.2058 penalty=0
LEGACY_NEXT_EDGE context=1 current=264072 previous=272822 transition=47.1029 previous_path=0.00243161 local=13.1722 total=60.2775 penalty=0
LEGACY_NEXT_EDGE context=1 current=264072 previous=92183 transition=45.2192 previous_path=12.0082 local=13.1722 total=70.3995 penalty=0
LEGACY_NEXT_EDGE context=1 current=264072 previous=262454 transition=10.7406 previous_path=12.0082 local=13.1722 total=35.921 penalty=0
LEGACY_NEXT_EDGE context=1 current=264072 previous=195687 transition=65.5713 previous_path=12.0082 local=13.1722 total=90.7517 penalty=0
LEGACY_NEXT_EDGE context=1 current=264072 previous=182880 transition=11.0943 previous_path=12.0085 local=13.1722 total=36.2749 penalty=0
LEGACY_NEXT_EDGE context=1 current=264072 previous=204612 transition=7.47093 previous_path=12.0085 local=13.1722 total=32.6516 penalty=0
LEGACY_NEXT_EDGE context=1 current=264072 previous=200525 transition=50.4433 previous_path=12.032 local=13.1722 total=75.6475 penalty=0
LEGACY_NEXT_EDGE context=1 current=264072 previous=51310 transition=73.232 previous_path=12.0348 local=13.1722 total=98.4389 penalty=0
LEGACY_NEXT_EDGE context=1 current=264072 previous=31795 transition=23.7721 previous_path=12.0348 local=13.1722 total=48.9791 penalty=0
LEGACY_NEXT_EDGE context=1 current=264072 previous=200614 transition=21.3419 previous_path=12.0348 local=13.1722 total=46.5488 penalty=0
LEGACY_NEXT_EDGE context=1 current=264072 previous=116320 transition=32.0183 previous_path=12.1455 local=13.1722 total=57.3359 penalty=0
LEGACY_NEXT_EDGE context=1 current=264072 previous=214148 transition=16.4482 previous_path=12.1455 local=13.1722 total=41.7658 penalty=0
LEGACY_NEXT_EDGE context=1 current=264072 previous=189906 transition=18.2759 previous_path=12.1455 local=13.1722 total=43.5935 penalty=0
LEGACY_NEXT_EDGE context=1 current=264072 previous=178453 transition=14.6213 previous_path=12.1455 local=13.1722 total=39.9389 penalty=0
LEGACY_NEXT_EDGE context=1 current=264072 previous=179388 transition=47.7049 previous_path=12.2667 local=13.1722 total=73.1437 penalty=0
LEGACY_NEXT_EDGE context=1 current=264072 previous=129641 transition=55.4052 previous_path=14.0082 local=13.1722 total=82.5855 penalty=0
LEGACY_NEXT_EDGE context=1 current=264072 previous=20499 transition=33.7482 previous_path=14.0085 local=13.1722 total=60.9289 penalty=0
LEGACY_NEXT_EDGE context=1 current=264072 previous=1200 transition=50.9492 previous_path=14.032 local=13.1722 total=78.1534 penalty=0
LEGACY_NEXT_EDGE context=1 current=264072 previous=245736 transition=10.9254 previous_path=14.0348 local=13.1722 total=38.1323 penalty=0
LEGACY_NEXT_EDGE context=1 current=264072 previous=165351 transition=17.1919 previous_path=14.0706 local=13.1722 total=44.4347 penalty=0
LEGACY_NEXT_EDGE context=1 current=264072 previous=22451 transition=46.6094 previous_path=14.1887 local=13.1722 total=73.9702 penalty=0
LEGACY_NEXT_EDGE context=1 current=264072 previous=31347 transition=36.3609 previous_path=14.3564 local=13.1722 total=63.8894 penalty=0
LEGACY_NEXT_EDGE context=1 current=264072 previous=52542 transition=8.73672 previous_path=14.5684 local=13.1722 total=36.4773 penalty=0
LEGACY_NEXT_EDGE context=1 current=264072 previous=233533 transition=37.996 previous_path=14.96 local=13.1722 total=66.1281 penalty=0
LEGACY_NEXT_EDGE context=1 current=264072 previous=25895 transition=22.3674 previous_path=20 local=13.1722 total=55.5396 penalty=0
LEGACY_NEXT_EDGE context=1 current=264072 previous=28430 transition=20.0416 previous_path=20 local=13.1722 total=53.2138 penalty=0
LEGACY_NEXT_EDGE context=1 current=264072 previous=2525 transition=78.816 previous_path=20 local=13.1722 total=111.988 penalty=0
LEGACY_NEXT_EDGE context=1 current=264072 previous=234795 transition=34.054 previous_path=20.0082 local=13.1722 total=67.2343 penalty=0
LEGACY_NEXT_EDGE context=1 current=264072 previous=264663 transition=23.4307 previous_path=20.0085 local=13.1722 total=56.6114 penalty=0
LEGACY_NEXT_EDGE context=6 current=264072 previous=264071 transition=0 previous_path=56.1137 local=1.65071 total=57.7644 penalty=0
LEGACY_NEXT_EDGE context=6 current=264072 previous=272151 transition=9.40777 previous_path=56.7099 local=1.65071 total=67.7684 penalty=0
LEGACY_NEXT_EDGE context=6 current=264072 previous=13941 transition=13.801 previous_path=120.5 local=1.65071 total=135.952 penalty=0
LEGACY_NEXT_EDGE context=6 current=264072 previous=21433 transition=26.5661 previous_path=557.98 local=1.65071 total=586.197 penalty=0
LEGACY_NEXT_EDGE context=6 current=264072 previous=160974 transition=12.6895 previous_path=568.725 local=1.65071 total=583.065 penalty=0
LEGACY_NEXT_EDGE context=6 current=264072 previous=200323 transition=14.4961 previous_path=566.868 local=1.65071 total=583.014 penalty=0
LEGACY_NEXT_EDGE context=6 current=264072 previous=8054 transition=33.2316 previous_path=565.261 local=1.65071 total=600.144 penalty=0
LEGACY_NEXT_EDGE context=6 current=264072 previous=243207 transition=23.9006 previous_path=567.382 local=1.65071 total=592.933 penalty=0
LEGACY_NEXT_EDGE context=6 current=264072 previous=49874 transition=10.9648 previous_path=565.904 local=1.65071 total=578.519 penalty=0
LEGACY_NEXT_EDGE context=6 current=264072 previous=104395 transition=45.7154 previous_path=568.242 local=1.65071 total=615.608 penalty=0
LEGACY_NEXT_EDGE context=6 current=264072 previous=175733 transition=13.4129 previous_path=570.722 local=1.65071 total=585.786 penalty=0
LEGACY_NEXT_EDGE context=6 current=264072 previous=5030 transition=61.6122 previous_path=581.78 local=1.65071 total=645.043 penalty=0
LEGACY_NEXT_EDGE context=6 current=264072 previous=27063 transition=35.252 previous_path=569.783 local=1.65071 total=606.686 penalty=0
LEGACY_NEXT_EDGE context=6 current=264072 previous=264213 transition=23.7708 previous_path=569.895 local=1.65071 total=595.317 penalty=0
LEGACY_NEXT_EDGE context=6 current=264072 previous=231058 transition=15.4229 previous_path=576.963 local=1.65071 total=594.037 penalty=0
LEGACY_NEXT_EDGE context=6 current=264072 previous=9887 transition=15.6136 previous_path=584.855 local=1.65071 total=602.119 penalty=0
LEGACY_NEXT_EDGE context=6 current=264072 previous=179927 transition=30.8001 previous_path=570.908 local=1.65071 total=603.358 penalty=0
LEGACY_NEXT_EDGE context=6 current=264072 previous=97409 transition=36.1391 previous_path=573.739 local=1.65071 total=611.528 penalty=0
LEGACY_NEXT_EDGE context=6 current=264072 previous=192035 transition=49.2461 previous_path=573.605 local=1.65071 total=624.502 penalty=0
LEGACY_NEXT_EDGE context=6 current=264072 previous=193044 transition=23.6836 previous_path=575.557 local=1.65071 total=600.891 penalty=0
LEGACY_NEXT_EDGE context=6 current=264072 previous=224085 transition=126.93 previous_path=584.506 local=1.65071 total=713.087 penalty=0
LEGACY_NEXT_EDGE context=6 current=264072 previous=68423 transition=35.8803 previous_path=576.277 local=1.65071 total=613.808 penalty=0
LEGACY_NEXT_EDGE context=6 current=264072 previous=62239 transition=12.6378 previous_path=579.191 local=1.65071 total=593.48 penalty=0
LEGACY_NEXT_EDGE context=6 current=264072 previous=212241 transition=90.2276 previous_path=581.2 local=1.65071 total=673.078 penalty=0
LEGACY_NEXT_EDGE context=6 current=264072 previous=215444 transition=71.1843 previous_path=581.297 local=1.65071 total=654.132 penalty=0
LEGACY_NEXT_EDGE context=6 current=264072 previous=172912 transition=87.6964 previous_path=582.386 local=1.65071 total=671.733 penalty=0
LEGACY_NEXT_EDGE context=6 current=264072 previous=56107 transition=12.171 previous_path=583.113 local=1.65071 total=596.935 penalty=0
LEGACY_NEXT_EDGE context=6 current=264072 previous=223362 transition=21.3288 previous_path=580.969 local=1.65071 total=603.949 penalty=0
LEGACY_NEXT_EDGE context=6 current=264072 previous=260513 transition=42.7175 previous_path=577.583 local=1.65071 total=621.951 penalty=0
LEGACY_NEXT_EDGE context=6 current=264072 previous=19726 transition=45.6434 previous_path=572.549 local=1.65071 total=619.843 penalty=0
warning: Temporarily disabling breakpoints for unloaded shared library "/samples/vt_kat.dll"
[Inferior 1 (Remote target) exited normally]
Wine-gdb> 