GNU gdb (Ubuntu 15.1-1ubuntu1~24.04.1) 15.1
Copyright (C) 2024 Free Software Foundation, Inc.
License GPLv3+: GNU GPL version 3 or later <http://gnu.org/licenses/gpl.html>
This is free software: you are free to change and redistribute it.
There is NO WARRANTY, to the extent permitted by law.
Type "show copying" and "show warranty" for details.
This GDB was configured as "x86_64-linux-gnu".
Type "show configuration" for configuration details.
For bug reporting instructions, please see:
<https://www.gnu.org/software/gdb/bugs/>.
Find the GDB manual and other documentation resources online at:
    <http://www.gnu.org/software/gdb/documentation/>.

For help, type "help".
Type "apropos word" to search for commands related to "word".
warning: remote target does not support file transfer, attempting to access files from local filesystem.
Reading symbols from /samples/voicetext_kate.exe...
0x7bd64525 in DbgBreakPoint@0 ()
   from /usr/lib/i386-linux-gnu/wine/i386-windows/ntdll.dll
Wine-gdb> Wine-gdb> Wine-gdb> Signal        Stop	Print	Pass to program	Description
SIGSEGV       No	No	Yes		Segmentation fault
Wine-gdb> Wine-gdb> Wine-gdb> Copying output to /work/corpus-parity/stage20/continuity-bit7-overlay/2013-continuity-bit7-overlay-gdb.log.
Copying debug output to /work/corpus-parity/stage20/continuity-bit7-overlay/2013-continuity-bit7-overlay-gdb.log.
Wine-gdb> Wine-gdb> Wine-gdb> Wine-gdb> Wine-gdb> Wine-gdb> Wine-gdb> Wine-gdb> Breakpoint 1 at 0x10019940
Wine-gdb> >>>>>>> > >  >  >  >  > >>>Wine-gdb> Wine-gdb> Wine-gdb> Wine-gdb> Breakpoint 2 at 0x10024060
Wine-gdb> >>>>>> > > >  >  >  > > >>>Wine-gdb> Wine-gdb> Breakpoint 3 at 0x10023060
Wine-gdb> >>> > > > > > > > >  >  >  >  > > >  >  >  >  > >>>Wine-gdb> Wine-gdb> Wine-gdb> Wine-gdb> Breakpoint 4 at 0x10023350
Wine-gdb> >>>>>>Wine-gdb> Wine-gdb> Wine-gdb> Wine-gdb> Wine-gdb> Breakpoint 5 at 0x10023814
Wine-gdb> >>>>>>>>>>> > > >>>>>>>> > > > >>>Wine-gdb> Wine-gdb> Continuing.
Temporary breakpoint 6 at 0x10019a16
LOADED_GEN2_SIGNATURE_BYTE6 row92827=0x80 row92828=0xda row92829=0xa7 row92830=0x2a
Temporary breakpoint 7 at 0x10024808
Temporary breakpoint 8 at 0x10024271
Temporary breakpoint 9 at 0x10024808
Temporary breakpoint 10 at 0x10024271
OLD_CUTOFF_OVERRIDE slot=1 sum=9 native=0 overridden=1
Temporary breakpoint 11 at 0x10024808
Temporary breakpoint 12 at 0x10024271
Temporary breakpoint 13 at 0x10024808
Temporary breakpoint 14 at 0x10024271
OLD_CUTOFF_OVERRIDE slot=3 sum=6 native=0 overridden=1
POST_COVERAGE_GATE call=1 context=0 total_positions=4 candidate_count=30 input_ids=32929 
MODEL_TABLE_30_LOOKUP context=0 272822->32929 272823->13479 272824->9148 272825->18858
MODEL_SIGNATURE_BYTE6 context=0 272822=0 272823=0 272824=0 272825=0
POST_COVERAGE_CANDIDATE context=0 index=0 unit=1200 left=0 right=0 span=1
POST_COVERAGE_CANDIDATE context=0 index=1 unit=279479 left=0 right=0 span=1
POST_COVERAGE_CANDIDATE context=0 index=2 unit=273369 left=0 right=0 span=1
POST_COVERAGE_CANDIDATE context=0 index=3 unit=272822 left=0 right=0 span=1
POST_COVERAGE_CANDIDATE context=0 index=4 unit=262454 left=0 right=0 span=1
POST_COVERAGE_CANDIDATE context=0 index=5 unit=245736 left=0 right=0 span=1
POST_COVERAGE_CANDIDATE context=0 index=6 unit=233533 left=0 right=0 span=1
POST_COVERAGE_CANDIDATE context=0 index=7 unit=214148 left=0 right=0 span=1
POST_COVERAGE_CANDIDATE context=0 index=8 unit=206118 left=0 right=0 span=1
POST_COVERAGE_CANDIDATE context=0 index=9 unit=204612 left=0 right=0 span=1
POST_COVERAGE_CANDIDATE context=0 index=10 unit=200614 left=0 right=0 span=1
POST_COVERAGE_CANDIDATE context=0 index=11 unit=200525 left=0 right=0 span=1
POST_COVERAGE_CANDIDATE context=0 index=12 unit=195687 left=0 right=0 span=1
POST_COVERAGE_CANDIDATE context=0 index=13 unit=189906 left=0 right=0 span=1
POST_COVERAGE_CANDIDATE context=0 index=14 unit=182880 left=0 right=0 span=1
POST_COVERAGE_CANDIDATE context=0 index=15 unit=179388 left=0 right=0 span=1
POST_COVERAGE_CANDIDATE context=0 index=16 unit=178453 left=0 right=0 span=1
POST_COVERAGE_CANDIDATE context=0 index=17 unit=165351 left=0 right=0 span=1
POST_COVERAGE_CANDIDATE context=0 index=18 unit=129641 left=0 right=0 span=1
POST_COVERAGE_CANDIDATE context=0 index=19 unit=116320 left=0 right=0 span=1
POST_COVERAGE_CANDIDATE context=0 index=20 unit=92183 left=0 right=0 span=1
POST_COVERAGE_CANDIDATE context=0 index=21 unit=52542 left=0 right=0 span=1
POST_COVERAGE_CANDIDATE context=0 index=22 unit=51310 left=0 right=0 span=1
POST_COVERAGE_CANDIDATE context=0 index=23 unit=31795 left=0 right=0 span=1
POST_COVERAGE_CANDIDATE context=0 index=24 unit=31347 left=0 right=0 span=1
POST_COVERAGE_CANDIDATE context=0 index=25 unit=28430 left=0 right=0 span=1
POST_COVERAGE_CANDIDATE context=0 index=26 unit=22451 left=0 right=0 span=1
POST_COVERAGE_CANDIDATE context=0 index=27 unit=20499 left=0 right=0 span=1
POST_COVERAGE_CANDIDATE context=0 index=28 unit=2525 left=0 right=0 span=1
POST_COVERAGE_CANDIDATE context=0 index=29 unit=279484 left=0 right=0 span=1
POST_COVERAGE_GATE call=2 context=1 total_positions=4 candidate_count=9 input_ids=13479 
MODEL_TABLE_30_LOOKUP context=1 272822->32929 272823->13479 272824->9148 272825->18858
MODEL_SIGNATURE_BYTE6 context=1 272822=0 272823=0 272824=0 272825=0
POST_COVERAGE_CANDIDATE context=1 index=0 unit=13942 left=0 right=0 span=1
POST_COVERAGE_CANDIDATE context=1 index=1 unit=36540 left=0 right=0 span=1
POST_COVERAGE_CANDIDATE context=1 index=2 unit=53487 left=0 right=0 span=1
POST_COVERAGE_CANDIDATE context=1 index=3 unit=96599 left=0 right=0 span=1
POST_COVERAGE_CANDIDATE context=1 index=4 unit=264072 left=0 right=0 span=1
POST_COVERAGE_CANDIDATE context=1 index=5 unit=268760 left=0 right=0 span=1
POST_COVERAGE_CANDIDATE context=1 index=6 unit=272152 left=0 right=0 span=1
POST_COVERAGE_CANDIDATE context=1 index=7 unit=272823 left=0 right=0 span=1
POST_COVERAGE_CANDIDATE context=1 index=8 unit=273370 left=0 right=0 span=1
POST_COVERAGE_GATE call=3 context=2 total_positions=4 candidate_count=25 input_ids=9148 
MODEL_TABLE_30_LOOKUP context=2 272822->32929 272823->13479 272824->9148 272825->18858
MODEL_SIGNATURE_BYTE6 context=2 272822=0 272823=0 272824=0 272825=0
POST_COVERAGE_CANDIDATE context=2 index=0 unit=2529 left=0 right=0 span=1
POST_COVERAGE_CANDIDATE context=2 index=1 unit=272824 left=0 right=0 span=1
POST_COVERAGE_CANDIDATE context=2 index=2 unit=272153 left=0 right=0 span=1
POST_COVERAGE_CANDIDATE context=2 index=3 unit=265815 left=0 right=0 span=1
POST_COVERAGE_CANDIDATE context=2 index=4 unit=264073 left=0 right=0 span=1
POST_COVERAGE_CANDIDATE context=2 index=5 unit=252236 left=0 right=0 span=1
POST_COVERAGE_CANDIDATE context=2 index=6 unit=238356 left=0 right=0 span=1
POST_COVERAGE_CANDIDATE context=2 index=7 unit=233274 left=0 right=0 span=1
POST_COVERAGE_CANDIDATE context=2 index=8 unit=206047 left=0 right=0 span=1
POST_COVERAGE_CANDIDATE context=2 index=9 unit=173825 left=0 right=0 span=1
POST_COVERAGE_CANDIDATE context=2 index=10 unit=160529 left=0 right=0 span=1
POST_COVERAGE_CANDIDATE context=2 index=11 unit=153132 left=0 right=0 span=1
POST_COVERAGE_CANDIDATE context=2 index=12 unit=146098 left=0 right=0 span=1
POST_COVERAGE_CANDIDATE context=2 index=13 unit=105185 left=0 right=0 span=1
POST_COVERAGE_CANDIDATE context=2 index=14 unit=87003 left=0 right=0 span=1
POST_COVERAGE_CANDIDATE context=2 index=15 unit=83568 left=0 right=0 span=1
POST_COVERAGE_CANDIDATE context=2 index=16 unit=75575 left=0 right=0 span=1
POST_COVERAGE_CANDIDATE context=2 index=17 unit=49761 left=0 right=0 span=1
POST_COVERAGE_CANDIDATE context=2 index=18 unit=31841 left=0 right=0 span=1
POST_COVERAGE_CANDIDATE context=2 index=19 unit=29459 left=0 right=0 span=1
POST_COVERAGE_CANDIDATE context=2 index=20 unit=28296 left=0 right=0 span=1
POST_COVERAGE_CANDIDATE context=2 index=21 unit=13943 left=0 right=0 span=1
POST_COVERAGE_CANDIDATE context=2 index=22 unit=6519 left=0 right=0 span=1
POST_COVERAGE_CANDIDATE context=2 index=23 unit=4632 left=0 right=0 span=1
POST_COVERAGE_CANDIDATE context=2 index=24 unit=273371 left=0 right=0 span=1
POST_COVERAGE_GATE call=4 context=3 total_positions=4 candidate_count=6 input_ids=18858 
MODEL_TABLE_30_LOOKUP context=3 272822->32929 272823->13479 272824->9148 272825->18858
MODEL_SIGNATURE_BYTE6 context=3 272822=0 272823=0 272824=0 272825=0
POST_COVERAGE_CANDIDATE context=3 index=0 unit=1869 left=0 right=0 span=1
POST_COVERAGE_CANDIDATE context=3 index=1 unit=5170 left=0 right=0 span=1
POST_COVERAGE_CANDIDATE context=3 index=2 unit=246677 left=0 right=0 span=1
POST_COVERAGE_CANDIDATE context=3 index=3 unit=255282 left=0 right=0 span=1
POST_COVERAGE_CANDIDATE context=3 index=4 unit=264074 left=0 right=0 span=1
POST_COVERAGE_CANDIDATE context=3 index=5 unit=272825 left=0 right=0 span=1
[Inferior 1 (Remote target) exited normally]
Wine-gdb> 0114:0118: create process 'Z:\samples\voicetext_kate.exe'/00000000 @004014C0 (450560<1847>)
0114:0118: create thread I @004014C0
0114:0118: loads DLL C:\windows\system32\ntdll.dll @7BD10000 (2994176<5095>)
0114:0118: loads DLL C:\windows\system32\kernel32.dll @7BB90000 (1466368<19395>)
0114:0118: loads DLL C:\windows\system32\kernelbase.dll @7B650000 (5410816<14148>)
0114:0118: loads DLL C:\windows\system32\msvcrt.dll @7B2A0000 (2715648<8214>)
0114:0118: loads DLL Z:\samples\vt_kat.dll @10000000 (0<0>)
0114:0118: loads DLL C:\windows\system32\WINMM.dll @78EC0000 (1474560<4890>)
0114:0118: loads DLL C:\windows\system32\advapi32.dll @7B550000 (958464<7400>)
0114:0118: loads DLL C:\windows\system32\sechost.dll @7B200000 (565248<3163>)
0114:0118: loads DLL C:\windows\system32\ucrtbase.dll @7AEE0000 (3198976<11541>)
0114:0118: loads DLL C:\windows\system32\msacm32.dll @78E40000 (413696<1982>)
0114:0118: loads DLL C:\windows\system32\user32.dll @7A160000 (5005312<14159>)
0114:0118: loads DLL Z:\samples\zlib1.dll @7A120000 (135680<0>)
0114:0118: loads DLL C:\windows\system32\gdi32.dll @7A640000 (2355200<7390>)
0114:0118: loads DLL C:\windows\system32\win32u.dll @7A0D0000 (221184<1966>)
0114:0118: loads DLL C:\windows\system32\ole32.dll @7A9F0000 (4440064<14323>)
0114:0118: loads DLL C:\windows\system32\combase.dll @7A890000 (1314816<7562>)
0114:0118: loads DLL C:\windows\system32\rpcrt4.dll @79EA0000 (2162688<9274>)
0114:0118: loads DLL C:\windows\system32\coml2.dll @79E40000 (262144<3883>)
0114:0118: loads DLL C:\windows\system32\iphlpapi.dll @779C0000 (487424<4777>)
0114:0118: loads DLL C:\windows\system32\dnsapi.dll @77970000 (258048<1399>)
0114:0118: loads DLL C:\windows\system32\nsi.dll @77940000 (118784<823>)
0114:0118: loads DLL C:\windows\system32\ws2_32.dll @7AE40000 (565248<2279>)
0114:0118: loads DLL C:\windows\system32\tzres.dll @009C0000 (0<0>)
00000114:00000118: unload DLL @009C0000
0114:0118: loads DLL C:\windows\system32\tzres.dll @009C0000 (0<0>)
00000114:00000118: unload DLL @009C0000
0114:0118: loads DLL C:\windows\system32\imm32.dll @782F0000 (401408<2996>)
0114:0118: loads DLL C:\windows\system32\winex11.drv @780F0000 (307200<4314>)
0114:0118: loads DLL C:\windows\system32\uxtheme.dll @78030000 (671744<3646>)
00000114:00000118: exit process (0)
X connection to :99 broken (explicit kill or server shutdown).
X connection to :99 broken (explicit kill or server shutdown).
