GNU gdb (Ubuntu 15.1-1ubuntu1~24.04.1) 15.1
Copyright (C) 2024 Free Software Foundation, Inc.
License GPLv3+: GNU GPL version 3 or later <http://gnu.org/licenses/gpl.html>
This is free software: you are free to change and redistribute it.
There is NO WARRANTY, to the extent permitted by law.
Type "show copying" and "show warranty" for details.
This GDB was configured as "x86_64-linux-gnu".
Type "show configuration" for configuration details.
For bug reporting instructions, please see:
<https://www.gnu.org/software/gdb/bugs/>.
Find the GDB manual and other documentation resources online at:
    <http://www.gnu.org/software/gdb/documentation/>.

For help, type "help".
Type "apropos word" to search for commands related to "word".
warning: remote target does not support file transfer, attempting to access files from local filesystem.
Reading symbols from /samples/voicetext_paul.exe...
0x7bd64525 in DbgBreakPoint@0 ()
   from /usr/lib/i386-linux-gnu/wine/i386-windows/ntdll.dll
Wine-gdb> Wine-gdb> Wine-gdb> Wine-gdb> Signal        Stop	Print	Pass to program	Description
SIGSEGV       No	No	Yes		Segmentation fault
Wine-gdb> Signal        Stop	Print	Pass to program	Description
SIGSEGV       No	No	Yes		Segmentation fault
Wine-gdb> Breakpoint 1 at 0x1001da50
Wine-gdb> >>>>>>> > > >>> > > > >>>>>>>>>>>>>> > > > > >  >  >  >  >  > > > >>>> > > > > >  >  >  >  > >>>>>>>Wine-gdb> Wine-gdb> Continuing.
BUFFER_EX_RECORD_INPUT=A<vtml_mark/>B<vtml_mark name="named-control"/>C

BUFFER_EX_RECORD_START selector=1 result=0 length=12865 extra_a=0x14cc278 extra_b=0x14dec30 guards=a5,a5
BUFFER_EX_RECORD_DESCRIPTOR selector=1 pointer=0x14dec30 count=2 array=0x14f78f0 header=0x2,0x14f78f0,0,0x1
BUFFER_EX_RECORD_ROW selector=1 i=0 f0=0x90c f4=0x90c f8=0x1 kind=2 tail=88,ff,02,02 payload_first32=
0x14f78fc:	0x00	0x00	0x00	0x00	0x00	0x00	0x00	0x00
0x14f7904:	0x00	0x00	0x00	0x00	0x00	0x00	0x00	0x00
0x14f790c:	0x00	0x00	0x00	0x00	0x00	0x00	0x00	0x00
0x14f7914:	0x00	0x00	0x00	0x00	0x00	0x00	0x00	0x00
BUFFER_EX_RECORD_ROW selector=1 i=1 f0=0x15e7 f4=0x15e7 f8=0xe kind=1 tail=44,00,00,01 payload_first32=
0x14f7b0c:	0x6e	0x61	0x6d	0x65	0x64	0x2d	0x63	0x6f
0x14f7b14:	0x6e	0x74	0x72	0x6f	0x6c	0x00	0x00	0x05
0x14f7b1c:	0x44	0x00	0x00	0x02	0x01	0x00	0x12	0x00
0x14f7b24:	0x7f	0x00	0x80	0x00	0x06	0x44	0x00	0x00
BUFFER_EX_SYNCINFO selector=1 pointer=0x14cc278 rows=0x14e7750 count=3 header_fields_4_10=0,0,0,0,0,0x3240,0x2
BUFFER_EX_SYNCROW selector=1 i=0 nested_count=1 nested=0x14ecbb8 field8=0x90c text_start=0 text_end=0 field14=0 field18=0x2f field1c=0x3 field20=0
BUFFER_EX_SYNCROW selector=1 i=1 nested_count=2 nested=0x14ecdd0 field8=0xcdb text_start=0xd text_end=0xd field14=0 field18=0x2f field1c=0x3 field20=0x1
BUFFER_EX_SYNCROW selector=1 i=2 nested_count=2 nested=0x14ecfe8 field8=0x1c5a text_start=0x2f text_end=0x2f field14=0 field18=0x2f field1c=0x3 field20=0x2
BUFFER_EX_RECORD_CANCEL selector=1 result=1 length=0
[Inferior 1 (Remote target) exited normally]
Wine-gdb> 0114:0118: create process 'Z:\samples\voicetext_paul.exe'/00000000 @004014C0 (450560<1847>)
0114:0118: create thread I @004014C0
0114:0118: loads DLL C:\windows\system32\ntdll.dll @7BD10000 (2994176<5095>)
0114:0118: loads DLL C:\windows\system32\kernel32.dll @7BB90000 (1466368<19395>)
0114:0118: loads DLL C:\windows\system32\kernelbase.dll @7B650000 (5410816<14148>)
0114:0118: loads DLL C:\windows\system32\msvcrt.dll @7B2A0000 (2715648<8214>)
0114:0118: loads DLL Z:\samples\vt_pau.dll @10000000 (0<0>)
0114:0118: loads DLL C:\windows\system32\WINMM.dll @78CF0000 (1474560<4890>)
0114:0118: loads DLL C:\windows\system32\advapi32.dll @7B550000 (958464<7400>)
0114:0118: loads DLL C:\windows\system32\sechost.dll @7B200000 (565248<3163>)
0114:0118: loads DLL C:\windows\system32\ucrtbase.dll @7AEE0000 (3198976<11541>)
0114:0118: loads DLL C:\windows\system32\msacm32.dll @78C70000 (413696<1982>)
0114:0118: loads DLL C:\windows\system32\user32.dll @7A160000 (5005312<14159>)
0114:0118: loads DLL Z:\samples\zlib1.dll @7A120000 (135680<0>)
0114:0118: loads DLL C:\windows\system32\gdi32.dll @7A640000 (2355200<7390>)
0114:0118: loads DLL C:\windows\system32\win32u.dll @7A0D0000 (221184<1966>)
0114:0118: loads DLL C:\windows\system32\ole32.dll @7A9F0000 (4440064<14323>)
0114:0118: loads DLL C:\windows\system32\combase.dll @7A890000 (1314816<7562>)
0114:0118: loads DLL C:\windows\system32\rpcrt4.dll @79EA0000 (2162688<9274>)
0114:0118: loads DLL C:\windows\system32\coml2.dll @79E40000 (262144<3883>)
0114:0118: loads DLL C:\windows\system32\iphlpapi.dll @779C0000 (487424<4777>)
0114:0118: loads DLL C:\windows\system32\dnsapi.dll @77970000 (258048<1399>)
0114:0118: loads DLL C:\windows\system32\nsi.dll @77940000 (118784<823>)
0114:0118: loads DLL C:\windows\system32\ws2_32.dll @7AE40000 (565248<2279>)
0114:0118: loads DLL C:\windows\system32\tzres.dll @009C0000 (0<0>)
00000114:00000118: unload DLL @009C0000
0114:0118: loads DLL C:\windows\system32\tzres.dll @009C0000 (0<0>)
00000114:00000118: unload DLL @009C0000
0114:0118: loads DLL C:\windows\system32\imm32.dll @782F0000 (401408<2996>)
0114:0118: loads DLL C:\windows\system32\winex11.drv @780F0000 (307200<4314>)
0114:0118: loads DLL C:\windows\system32\uxtheme.dll @78030000 (671744<3646>)
00000114:00000118: exit process (0)
X connection to :99 broken (explicit kill or server shutdown).
X connection to :99 broken (explicit kill or server shutdown).
