GNU gdb (Ubuntu 15.1-1ubuntu1~24.04.1) 15.1
Copyright (C) 2024 Free Software Foundation, Inc.
License GPLv3+: GNU GPL version 3 or later <http://gnu.org/licenses/gpl.html>
This is free software: you are free to change and redistribute it.
There is NO WARRANTY, to the extent permitted by law.
Type "show copying" and "show warranty" for details.
This GDB was configured as "x86_64-linux-gnu".
Type "show configuration" for configuration details.
For bug reporting instructions, please see:
<https://www.gnu.org/software/gdb/bugs/>.
Find the GDB manual and other documentation resources online at:
    <http://www.gnu.org/software/gdb/documentation/>.

For help, type "help".
Type "apropos word" to search for commands related to "word".
warning: remote target does not support file transfer, attempting to access files from local filesystem.
Reading symbols from /samples/voicetext_paul.exe...
0x7bd64525 in DbgBreakPoint@0 ()
   from /usr/lib/i386-linux-gnu/wine/i386-windows/ntdll.dll
Wine-gdb> Wine-gdb> Wine-gdb> Wine-gdb> Signal        Stop	Print	Pass to program	Description
SIGSEGV       No	No	Yes		Segmentation fault
Wine-gdb> Signal        Stop	Print	Pass to program	Description
SIGSEGV       No	No	Yes		Segmentation fault
Wine-gdb> Breakpoint 1 at 0x1001da50
Wine-gdb> >>>>>>> > > >>> > > > >>>>>>>>>>>>>> > > > > >  >  >  >  >  > > > >>>>>>>Wine-gdb> Wine-gdb> Continuing.
BUFFER_EX_RECORD_INPUT=<vtml_mark name="a"/>x<vtml_mark name="bbbbbbbbbbbbbbbbbbbbbbbbbbbbbbbbbbbbbbbbbbbbbbbbbbbbbbbbbbbbbbbbbbbbbbbbbbbbbbbbbbbbbbbbbbbbbbbbbbbbbbbbbbbbbbbbbbbbbbbbbbbbbbbbbbbbbbbbbbbbbbbbbbbbbbbbbbbbbbbbbbbbbbbbbbbbbbbbbbbbbbbbbbbbbbbbbbbbbbbbbbbbbbbbbbbbbbbbbbbbbbbbbbbbbbbbbbbbbbbbbbbbbbbbbbbbbbb"/>x<vtml_mark name="cccccccccccccccccccccccccccccccccccccccccccccccccccccccccccccccccccccccccccccccccccccccccccccccccccccccccccccccccccccccccccccccccccccccccccccccccccccccccccccccccccccccccccccccccccccccccccccccccccccccccccccccccccccccccccccccccccccccccccccccccccccccccccccccc"/>x<vtml_mark name="dddddddddddddddddddddddddddddddddddddddddddddddddddddddddddddddddddddddddddddddddddddddddddddddddddddddddddddddddddddddddddddddddddddddddddddddddddddddddddddddddddddddddddddddddddddddddddddddddddddddddddddddddddddddddddddddddddddddddddddddddddddddddddddddddddddddddddddddddddddddddddddddddddddddddddddddddddddddddddddddddddddddddddddddddddddddddddddddddddddddddddddddddddddddddddddddddddddddddddddddddddddddddddddddddddddddddddddddddddddddddddddddddddddddddddddddddddddddddddddddddddddddddddddddddddddddddddddd"/>x<vtml_mark name="eeeeeeeeeeeeeeeeeeeeeeeeeeeeeeeeeeeeeeeeeeeeeeeeeeeeeeeeeeeeeeeeeeeeeeeeeeeeeeeeeeeeeeeeeeeeeeeeeeeeeeeeeeeeeeeeeeeeeeeeeeeeeeeeeeeeeeeeeeeeeeeeeeeeeeeeeeeeeeeeeeeeeeeeeeeeeeeeeeeeeeeeeeeeeeeeeeeeeeeeeeeeeeeeeeeeeeeeeeeeeeeeeeeeeeeeeeeeeeeeeeeeeeeeeeeeeeeeeeeeeeeeeeeeeeeeeeeeeeeeeeeeeeeeeeeeeeeeeeeeeeeeeeeeeeeeeeeeeeeeeeeeeeeeeeeeeeeeeeeeeeeeeeeeeeeeeeeeeeeeeeeeeeeeeeeeeeeeeeeeeeeeeeeeeeeeeeeeeeeeeeeeeeeeeeeeeeeeeeeeeeeeeeeeeeeeeeeeeeeeeeeeeeeeeeeeeeeeeeeeeeeeeeeeeeeeeeeeeeeeeeeeeeeeeeeeeeeeeeeeeeeeeeeeeee"/>x<vtml_mark name="ffffffffffffffffffffffffffffffffffffffffffffffffffffffffffffffffffffffffffffffffffffffffffffffffffffffffffffffffffffffffffffffffffffffffffffffffffffffffffffffffffffffffffffffffffffffffffffffffffffffffffffffffffffffffffffffffffffffffffffffffffffffffffffffffffffffffffffffffffffffffffffffffffffffffffffffffffffffffffffffffffffffffffffffffffffffffffffffffffffffffffffffffffffffffffffffffffffffffffffffffffffffffffffffffffffffffffffffffffffffffffffffffffffffffffffffffffffffffffffffffffffffffffffffffffffffffffffffff"/>x
BUFFER_EX_RECORD_START selector=0 result=0 length=59426 extra_a=0x14cc278 extra_b=0x14dec30 guards=a5,a5
BUFFER_EX_RECORD_DESCRIPTOR selector=0 pointer=0x14dec30 count=6 array=0x1760ee0 header=0x6,0x1760ee0,0,0x5
BUFFER_EX_RECORD_ROW selector=0 i=0 f0=0 f4=0 f8=0 kind=1 tail=00,00,00,01 payload_first32=
0x1760eec:	0x61	0x00	0x00	0x00	0x19	0x00	0x00	0x00
0x1760ef4:	0x1a	0x00	0x00	0x00	0x1b	0x00	0x00	0x00
0x1760efc:	0x1c	0x00	0x00	0x00	0x1d	0x00	0x00	0x00
0x1760f04:	0x1e	0x00	0x00	0x00	0x1f	0x00	0x00	0x00
BUFFER_EX_RECORD_ROW selector=0 i=1 f0=0x12d8 f4=0x12d8 f8=0x16 kind=1 tail=01,00,00,01 payload_first32=
0x17610fc:	0x62	0x62	0x62	0x62	0x62	0x62	0x62	0x62
0x1761104:	0x62	0x62	0x62	0x62	0x62	0x62	0x62	0x62
0x176110c:	0x62	0x62	0x62	0x62	0x62	0x62	0x62	0x62
0x1761114:	0x62	0x62	0x62	0x62	0x62	0x62	0x62	0x62
BUFFER_EX_RECORD_ROW selector=0 i=2 f0=0x240a f4=0x240a f8=0x12a kind=1 tail=01,00,00,01 payload_first32=
0x176130c:	0x63	0x63	0x63	0x63	0x63	0x63	0x63	0x63
0x1761314:	0x63	0x63	0x63	0x63	0x63	0x63	0x63	0x63
0x176131c:	0x63	0x63	0x63	0x63	0x63	0x63	0x63	0x63
0x1761324:	0x63	0x63	0x63	0x63	0x63	0x63	0x63	0x63
BUFFER_EX_RECORD_ROW selector=0 i=3 f0=0x376b f4=0x376b f8=0x23f kind=1 tail=64,00,00,01 payload_first32=
0x176151c:	0x64	0x64	0x64	0x64	0x64	0x64	0x64	0x64
0x1761524:	0x64	0x64	0x64	0x64	0x64	0x64	0x64	0x64
0x176152c:	0x64	0x64	0x64	0x64	0x64	0x64	0x64	0x64
0x1761534:	0x64	0x64	0x64	0x64	0x64	0x64	0x64	0x64
BUFFER_EX_RECORD_ROW selector=0 i=4 f0=0x4651 f4=0x4651 f8=0x452 kind=1 tail=65,65,00,01 payload_first32=
0x176172c:	0x65	0x65	0x65	0x65	0x65	0x65	0x65	0x65
0x1761734:	0x65	0x65	0x65	0x65	0x65	0x65	0x65	0x65
0x176173c:	0x65	0x65	0x65	0x65	0x65	0x65	0x65	0x65
0x1761744:	0x65	0x65	0x65	0x65	0x65	0x65	0x65	0x65
BUFFER_EX_RECORD_ROW selector=0 i=5 f0=0x5a3e f4=0x5a3e f8=0x666 kind=3 tail=66,66,00,03 payload_first32=
0x176193c:	0x66	0x66	0x66	0x66	0x66	0x66	0x66	0x66
0x1761944:	0x66	0x66	0x66	0x66	0x66	0x66	0x66	0x66
0x176194c:	0x66	0x66	0x66	0x66	0x66	0x66	0x66	0x66
0x1761954:	0x66	0x66	0x66	0x66	0x66	0x66	0x66	0x66
BUFFER_EX_RECORD_CANCEL selector=0 result=1 length=0
[Inferior 1 (Remote target) exited normally]
Wine-gdb> 0114:0118: create process 'Z:\samples\voicetext_paul.exe'/00000000 @004014C0 (450560<1847>)
0114:0118: create thread I @004014C0
0114:0118: loads DLL C:\windows\system32\ntdll.dll @7BD10000 (2994176<5095>)
0114:0118: loads DLL C:\windows\system32\kernel32.dll @7BB90000 (1466368<19395>)
0114:0118: loads DLL C:\windows\system32\kernelbase.dll @7B650000 (5410816<14148>)
0114:0118: loads DLL C:\windows\system32\msvcrt.dll @7B2A0000 (2715648<8214>)
0114:0118: loads DLL Z:\samples\vt_pau.dll @10000000 (0<0>)
0114:0118: loads DLL C:\windows\system32\WINMM.dll @78C50000 (1474560<4890>)
0114:0118: loads DLL C:\windows\system32\advapi32.dll @7B550000 (958464<7400>)
0114:0118: loads DLL C:\windows\system32\sechost.dll @7B200000 (565248<3163>)
0114:0118: loads DLL C:\windows\system32\ucrtbase.dll @7AEE0000 (3198976<11541>)
0114:0118: loads DLL C:\windows\system32\msacm32.dll @78BD0000 (413696<1982>)
0114:0118: loads DLL C:\windows\system32\user32.dll @7A160000 (5005312<14159>)
0114:0118: loads DLL Z:\samples\zlib1.dll @7A120000 (135680<0>)
0114:0118: loads DLL C:\windows\system32\gdi32.dll @7A640000 (2355200<7390>)
0114:0118: loads DLL C:\windows\system32\win32u.dll @7A0D0000 (221184<1966>)
0114:0118: loads DLL C:\windows\system32\ole32.dll @7A9F0000 (4440064<14323>)
0114:0118: loads DLL C:\windows\system32\combase.dll @7A890000 (1314816<7562>)
0114:0118: loads DLL C:\windows\system32\rpcrt4.dll @79EA0000 (2162688<9274>)
0114:0118: loads DLL C:\windows\system32\coml2.dll @79E40000 (262144<3883>)
0114:0118: loads DLL C:\windows\system32\iphlpapi.dll @779C0000 (487424<4777>)
0114:0118: loads DLL C:\windows\system32\dnsapi.dll @77970000 (258048<1399>)
0114:0118: loads DLL C:\windows\system32\nsi.dll @77940000 (118784<823>)
0114:0118: loads DLL C:\windows\system32\ws2_32.dll @7AE40000 (565248<2279>)
0114:0118: loads DLL C:\windows\system32\tzres.dll @009C0000 (0<0>)
00000114:00000118: unload DLL @009C0000
0114:0118: loads DLL C:\windows\system32\tzres.dll @009C0000 (0<0>)
00000114:00000118: unload DLL @009C0000
0114:0118: loads DLL C:\windows\system32\imm32.dll @782F0000 (401408<2996>)
0114:0118: loads DLL C:\windows\system32\winex11.drv @780F0000 (307200<4314>)
0114:0118: loads DLL C:\windows\system32\uxtheme.dll @78030000 (671744<3646>)
00000114:00000118: exit process (0)
X connection to :99 broken (explicit kill or server shutdown).
X connection to :99 broken (explicit kill or server shutdown).
