GNU gdb (Ubuntu 15.1-1ubuntu1~24.04.1) 15.1
Copyright (C) 2024 Free Software Foundation, Inc.
License GPLv3+: GNU GPL version 3 or later <http://gnu.org/licenses/gpl.html>
This is free software: you are free to change and redistribute it.
There is NO WARRANTY, to the extent permitted by law.
Type "show copying" and "show warranty" for details.
This GDB was configured as "x86_64-linux-gnu".
Type "show configuration" for configuration details.
For bug reporting instructions, please see:
<https://www.gnu.org/software/gdb/bugs/>.
Find the GDB manual and other documentation resources online at:
    <http://www.gnu.org/software/gdb/documentation/>.

For help, type "help".
Type "apropos word" to search for commands related to "word".
warning: remote target does not support file transfer, attempting to access files from local filesystem.
Reading symbols from /samples/voicetext_paul.exe...
0x7bd64525 in DbgBreakPoint@0 ()
   from /usr/lib/i386-linux-gnu/wine/i386-windows/ntdll.dll
Wine-gdb> Wine-gdb> Wine-gdb> Wine-gdb> Signal        Stop	Print	Pass to program	Description
SIGSEGV       No	No	Yes		Segmentation fault
Wine-gdb> Signal        Stop	Print	Pass to program	Description
SIGSEGV       No	No	Yes		Segmentation fault
Wine-gdb> Breakpoint 1 at 0x1001da50
Wine-gdb> >>>>>>>>>>>>>>>>>>>>>>>>>>>>>>>>>>>>>>>>>>>>>>>>>>>>>>>>>> > > > > > > >>>Wine-gdb> Wine-gdb> Continuing.
PREPROCESS_DEFAULT_SWEEP flag=12 raw_eax=0x1 low_ax=1 path=Z:/work/stage16/preprocess-default-flags-20260928-012\n
PREPROCESS_DEFAULT_SWEEP flag=13 raw_eax=0x1 low_ax=1 path=Z:/work/stage16/preprocess-default-flags-20260928-013\n
PREPROCESS_DEFAULT_SWEEP flag=14 raw_eax=0x1 low_ax=1 path=Z:/work/stage16/preprocess-default-flags-20260928-014\n
PREPROCESS_DEFAULT_SWEEP flag=15 raw_eax=0x1 low_ax=1 path=Z:/work/stage16/preprocess-default-flags-20260928-015\n
PREPROCESS_DEFAULT_SWEEP flag=16 raw_eax=0x1 low_ax=1 path=Z:/work/stage16/preprocess-default-flags-20260928-016\n
PREPROCESS_DEFAULT_SWEEP flag=17 raw_eax=0x1 low_ax=1 path=Z:/work/stage16/preprocess-default-flags-20260928-017\n
PREPROCESS_DEFAULT_SWEEP flag=18 raw_eax=0x1 low_ax=1 path=Z:/work/stage16/preprocess-default-flags-20260928-018\n
PREPROCESS_DEFAULT_SWEEP flag=19 raw_eax=0x1 low_ax=1 path=Z:/work/stage16/preprocess-default-flags-20260928-019\n
PREPROCESS_DEFAULT_SWEEP flag=20 raw_eax=0x1 low_ax=1 path=Z:/work/stage16/preprocess-default-flags-20260928-020\n
PREPROCESS_DEFAULT_SWEEP flag=21 raw_eax=0x1 low_ax=1 path=Z:/work/stage16/preprocess-default-flags-20260928-021\n
PREPROCESS_DEFAULT_SWEEP flag=22 raw_eax=0x1 low_ax=1 path=Z:/work/stage16/preprocess-default-flags-20260928-022\n
PREPROCESS_DEFAULT_SWEEP flag=23 raw_eax=0x1 low_ax=1 path=Z:/work/stage16/preprocess-default-flags-20260928-023\n
PREPROCESS_DEFAULT_SWEEP flag=24 raw_eax=0x1 low_ax=1 path=Z:/work/stage16/preprocess-default-flags-20260928-024\n
PREPROCESS_DEFAULT_SWEEP flag=25 raw_eax=0x1 low_ax=1 path=Z:/work/stage16/preprocess-default-flags-20260928-025\n
PREPROCESS_DEFAULT_SWEEP flag=26 raw_eax=0x1 low_ax=1 path=Z:/work/stage16/preprocess-default-flags-20260928-026\n
PREPROCESS_DEFAULT_SWEEP flag=27 raw_eax=0x1 low_ax=1 path=Z:/work/stage16/preprocess-default-flags-20260928-027\n
PREPROCESS_DEFAULT_SWEEP flag=28 raw_eax=0x1 low_ax=1 path=Z:/work/stage16/preprocess-default-flags-20260928-028\n
PREPROCESS_DEFAULT_SWEEP flag=29 raw_eax=0x1 low_ax=1 path=Z:/work/stage16/preprocess-default-flags-20260928-029\n
PREPROCESS_DEFAULT_SWEEP flag=30 raw_eax=0x1 low_ax=1 path=Z:/work/stage16/preprocess-default-flags-20260928-030\n
PREPROCESS_DEFAULT_SWEEP flag=31 raw_eax=0x1 low_ax=1 path=Z:/work/stage16/preprocess-default-flags-20260928-031\n
PREPROCESS_DEFAULT_SWEEP flag=32 raw_eax=0x1 low_ax=1 path=Z:/work/stage16/preprocess-default-flags-20260928-032\n
PREPROCESS_DEFAULT_SWEEP flag=33 raw_eax=0x1 low_ax=1 path=Z:/work/stage16/preprocess-default-flags-20260928-033\n
PREPROCESS_DEFAULT_SWEEP flag=34 raw_eax=0x1 low_ax=1 path=Z:/work/stage16/preprocess-default-flags-20260928-034\n
PREPROCESS_DEFAULT_SWEEP flag=35 raw_eax=0x1 low_ax=1 path=Z:/work/stage16/preprocess-default-flags-20260928-035\n
PREPROCESS_DEFAULT_SWEEP flag=36 raw_eax=0x1 low_ax=1 path=Z:/work/stage16/preprocess-default-flags-20260928-036\n
PREPROCESS_DEFAULT_SWEEP flag=37 raw_eax=0x1 low_ax=1 path=Z:/work/stage16/preprocess-default-flags-20260928-037\n
PREPROCESS_DEFAULT_SWEEP flag=38 raw_eax=0x1 low_ax=1 path=Z:/work/stage16/preprocess-default-flags-20260928-038\n
PREPROCESS_DEFAULT_SWEEP flag=39 raw_eax=0x1 low_ax=1 path=Z:/work/stage16/preprocess-default-flags-20260928-039\n
PREPROCESS_DEFAULT_SWEEP flag=40 raw_eax=0x1 low_ax=1 path=Z:/work/stage16/preprocess-default-flags-20260928-040\n
PREPROCESS_DEFAULT_SWEEP flag=41 raw_eax=0x1 low_ax=1 path=Z:/work/stage16/preprocess-default-flags-20260928-041\n
PREPROCESS_DEFAULT_SWEEP flag=42 raw_eax=0x1 low_ax=1 path=Z:/work/stage16/preprocess-default-flags-20260928-042\n
PREPROCESS_DEFAULT_SWEEP flag=43 raw_eax=0x1 low_ax=1 path=Z:/work/stage16/preprocess-default-flags-20260928-043\n
PREPROCESS_DEFAULT_SWEEP flag=44 raw_eax=0x1 low_ax=1 path=Z:/work/stage16/preprocess-default-flags-20260928-044\n
PREPROCESS_DEFAULT_SWEEP flag=45 raw_eax=0x1 low_ax=1 path=Z:/work/stage16/preprocess-default-flags-20260928-045\n
PREPROCESS_DEFAULT_SWEEP flag=46 raw_eax=0x1 low_ax=1 path=Z:/work/stage16/preprocess-default-flags-20260928-046\n
PREPROCESS_DEFAULT_SWEEP flag=47 raw_eax=0x1 low_ax=1 path=Z:/work/stage16/preprocess-default-flags-20260928-047\n
PREPROCESS_DEFAULT_SWEEP flag=48 raw_eax=0x1 low_ax=1 path=Z:/work/stage16/preprocess-default-flags-20260928-048\n
PREPROCESS_DEFAULT_SWEEP flag=49 raw_eax=0x1 low_ax=1 path=Z:/work/stage16/preprocess-default-flags-20260928-049\n
PREPROCESS_DEFAULT_SWEEP flag=50 raw_eax=0x1 low_ax=1 path=Z:/work/stage16/preprocess-default-flags-20260928-050\n
PREPROCESS_DEFAULT_SWEEP flag=51 raw_eax=0x1 low_ax=1 path=Z:/work/stage16/preprocess-default-flags-20260928-051\n
PREPROCESS_DEFAULT_SWEEP flag=52 raw_eax=0x1 low_ax=1 path=Z:/work/stage16/preprocess-default-flags-20260928-052\n
PREPROCESS_DEFAULT_SWEEP flag=53 raw_eax=0x1 low_ax=1 path=Z:/work/stage16/preprocess-default-flags-20260928-053\n
PREPROCESS_DEFAULT_SWEEP flag=54 raw_eax=0x1 low_ax=1 path=Z:/work/stage16/preprocess-default-flags-20260928-054\n
PREPROCESS_DEFAULT_SWEEP flag=55 raw_eax=0x1 low_ax=1 path=Z:/work/stage16/preprocess-default-flags-20260928-055\n
PREPROCESS_DEFAULT_SWEEP flag=56 raw_eax=0x1 low_ax=1 path=Z:/work/stage16/preprocess-default-flags-20260928-056\n
PREPROCESS_DEFAULT_SWEEP flag=57 raw_eax=0x1 low_ax=1 path=Z:/work/stage16/preprocess-default-flags-20260928-057\n
PREPROCESS_DEFAULT_SWEEP flag=58 raw_eax=0x1 low_ax=1 path=Z:/work/stage16/preprocess-default-flags-20260928-058\n
PREPROCESS_DEFAULT_SWEEP flag=59 raw_eax=0x1 low_ax=1 path=Z:/work/stage16/preprocess-default-flags-20260928-059\n
PREPROCESS_DEFAULT_SWEEP flag=60 raw_eax=0x1 low_ax=1 path=Z:/work/stage16/preprocess-default-flags-20260928-060\n
PREPROCESS_DEFAULT_SWEEP flag=61 raw_eax=0x1 low_ax=1 path=Z:/work/stage16/preprocess-default-flags-20260928-061\n
PREPROCESS_DEFAULT_SWEEP flag=62 raw_eax=0x1 low_ax=1 path=Z:/work/stage16/preprocess-default-flags-20260928-062\n
PREPROCESS_DEFAULT_SWEEP flag=63 raw_eax=0x1 low_ax=1 path=Z:/work/stage16/preprocess-default-flags-20260928-063\n
PREPROCESS_DEFAULT_SWEEP flag=64 raw_eax=0x1 low_ax=1 path=Z:/work/stage16/preprocess-default-flags-20260928-064\n
PREPROCESS_DEFAULT_SWEEP flag=65 raw_eax=0x1 low_ax=1 path=Z:/work/stage16/preprocess-default-flags-20260928-065\n
PREPROCESS_DEFAULT_SWEEP flag=66 raw_eax=0x1 low_ax=1 path=Z:/work/stage16/preprocess-default-flags-20260928-066\n
PREPROCESS_DEFAULT_SWEEP flag=67 raw_eax=0x1 low_ax=1 path=Z:/work/stage16/preprocess-default-flags-20260928-067\n
PREPROCESS_DEFAULT_SWEEP flag=68 raw_eax=0x1 low_ax=1 path=Z:/work/stage16/preprocess-default-flags-20260928-068\n
PREPROCESS_DEFAULT_SWEEP flag=69 raw_eax=0x1 low_ax=1 path=Z:/work/stage16/preprocess-default-flags-20260928-069\n
PREPROCESS_DEFAULT_SWEEP flag=70 raw_eax=0x1 low_ax=1 path=Z:/work/stage16/preprocess-default-flags-20260928-070\n
PREPROCESS_DEFAULT_SWEEP flag=71 raw_eax=0x1 low_ax=1 path=Z:/work/stage16/preprocess-default-flags-20260928-071\n
PREPROCESS_DEFAULT_SWEEP flag=72 raw_eax=0x1 low_ax=1 path=Z:/work/stage16/preprocess-default-flags-20260928-072\n
PREPROCESS_DEFAULT_SWEEP flag=73 raw_eax=0x1 low_ax=1 path=Z:/work/stage16/preprocess-default-flags-20260928-073\n
PREPROCESS_DEFAULT_SWEEP flag=74 raw_eax=0x1 low_ax=1 path=Z:/work/stage16/preprocess-default-flags-20260928-074\n
PREPROCESS_DEFAULT_SWEEP flag=75 raw_eax=0x1 low_ax=1 path=Z:/work/stage16/preprocess-default-flags-20260928-075\n
PREPROCESS_DEFAULT_SWEEP flag=76 raw_eax=0x1 low_ax=1 path=Z:/work/stage16/preprocess-default-flags-20260928-076\n
PREPROCESS_DEFAULT_SWEEP flag=77 raw_eax=0x1 low_ax=1 path=Z:/work/stage16/preprocess-default-flags-20260928-077\n
PREPROCESS_DEFAULT_SWEEP flag=78 raw_eax=0x1 low_ax=1 path=Z:/work/stage16/preprocess-default-flags-20260928-078\n
PREPROCESS_DEFAULT_SWEEP flag=79 raw_eax=0x1 low_ax=1 path=Z:/work/stage16/preprocess-default-flags-20260928-079\n
PREPROCESS_DEFAULT_SWEEP flag=80 raw_eax=0x1 low_ax=1 path=Z:/work/stage16/preprocess-default-flags-20260928-080\n
PREPROCESS_DEFAULT_SWEEP flag=81 raw_eax=0x1 low_ax=1 path=Z:/work/stage16/preprocess-default-flags-20260928-081\n
PREPROCESS_DEFAULT_SWEEP flag=82 raw_eax=0x1 low_ax=1 path=Z:/work/stage16/preprocess-default-flags-20260928-082\n
PREPROCESS_DEFAULT_SWEEP flag=83 raw_eax=0x1 low_ax=1 path=Z:/work/stage16/preprocess-default-flags-20260928-083\n
PREPROCESS_DEFAULT_SWEEP flag=84 raw_eax=0x1 low_ax=1 path=Z:/work/stage16/preprocess-default-flags-20260928-084\n
PREPROCESS_DEFAULT_SWEEP flag=85 raw_eax=0x1 low_ax=1 path=Z:/work/stage16/preprocess-default-flags-20260928-085\n
PREPROCESS_DEFAULT_SWEEP flag=86 raw_eax=0x1 low_ax=1 path=Z:/work/stage16/preprocess-default-flags-20260928-086\n
PREPROCESS_DEFAULT_SWEEP flag=87 raw_eax=0x1 low_ax=1 path=Z:/work/stage16/preprocess-default-flags-20260928-087\n
PREPROCESS_DEFAULT_SWEEP flag=88 raw_eax=0x1 low_ax=1 path=Z:/work/stage16/preprocess-default-flags-20260928-088\n
PREPROCESS_DEFAULT_SWEEP flag=89 raw_eax=0x1 low_ax=1 path=Z:/work/stage16/preprocess-default-flags-20260928-089\n
PREPROCESS_DEFAULT_SWEEP flag=90 raw_eax=0x1 low_ax=1 path=Z:/work/stage16/preprocess-default-flags-20260928-090\n
PREPROCESS_DEFAULT_SWEEP flag=91 raw_eax=0x1 low_ax=1 path=Z:/work/stage16/preprocess-default-flags-20260928-091\n
PREPROCESS_DEFAULT_SWEEP flag=92 raw_eax=0x1 low_ax=1 path=Z:/work/stage16/preprocess-default-flags-20260928-092\n
PREPROCESS_DEFAULT_SWEEP flag=93 raw_eax=0x1 low_ax=1 path=Z:/work/stage16/preprocess-default-flags-20260928-093\n
PREPROCESS_DEFAULT_SWEEP flag=94 raw_eax=0x1 low_ax=1 path=Z:/work/stage16/preprocess-default-flags-20260928-094\n
PREPROCESS_DEFAULT_SWEEP flag=95 raw_eax=0x1 low_ax=1 path=Z:/work/stage16/preprocess-default-flags-20260928-095\n
PREPROCESS_DEFAULT_SWEEP flag=96 raw_eax=0x1 low_ax=1 path=Z:/work/stage16/preprocess-default-flags-20260928-096\n
PREPROCESS_DEFAULT_SWEEP flag=97 raw_eax=0x1 low_ax=1 path=Z:/work/stage16/preprocess-default-flags-20260928-097\n
PREPROCESS_DEFAULT_SWEEP flag=98 raw_eax=0x1 low_ax=1 path=Z:/work/stage16/preprocess-default-flags-20260928-098\n
PREPROCESS_DEFAULT_SWEEP flag=99 raw_eax=0x1 low_ax=1 path=Z:/work/stage16/preprocess-default-flags-20260928-099\n
PREPROCESS_DEFAULT_SWEEP flag=100 raw_eax=0x1 low_ax=1 path=Z:/work/stage16/preprocess-default-flags-20260928-100\n
PREPROCESS_DEFAULT_SWEEP flag=101 raw_eax=0x1 low_ax=1 path=Z:/work/stage16/preprocess-default-flags-20260928-101\n
PREPROCESS_DEFAULT_SWEEP flag=102 raw_eax=0x1 low_ax=1 path=Z:/work/stage16/preprocess-default-flags-20260928-102\n
PREPROCESS_DEFAULT_SWEEP flag=103 raw_eax=0x1 low_ax=1 path=Z:/work/stage16/preprocess-default-flags-20260928-103\n
PREPROCESS_DEFAULT_SWEEP flag=104 raw_eax=0x1 low_ax=1 path=Z:/work/stage16/preprocess-default-flags-20260928-104\n
PREPROCESS_DEFAULT_SWEEP flag=105 raw_eax=0x1 low_ax=1 path=Z:/work/stage16/preprocess-default-flags-20260928-105\n
PREPROCESS_DEFAULT_SWEEP flag=106 raw_eax=0x1 low_ax=1 path=Z:/work/stage16/preprocess-default-flags-20260928-106\n
PREPROCESS_DEFAULT_SWEEP flag=107 raw_eax=0x1 low_ax=1 path=Z:/work/stage16/preprocess-default-flags-20260928-107\n
PREPROCESS_DEFAULT_SWEEP flag=108 raw_eax=0x1 low_ax=1 path=Z:/work/stage16/preprocess-default-flags-20260928-108\n
PREPROCESS_DEFAULT_SWEEP flag=109 raw_eax=0x1 low_ax=1 path=Z:/work/stage16/preprocess-default-flags-20260928-109\n
PREPROCESS_DEFAULT_SWEEP flag=110 raw_eax=0x1 low_ax=1 path=Z:/work/stage16/preprocess-default-flags-20260928-110\n
PREPROCESS_DEFAULT_SWEEP flag=111 raw_eax=0x1 low_ax=1 path=Z:/work/stage16/preprocess-default-flags-20260928-111\n
PREPROCESS_DEFAULT_SWEEP flag=112 raw_eax=0x1 low_ax=1 path=Z:/work/stage16/preprocess-default-flags-20260928-112\n
PREPROCESS_DEFAULT_SWEEP flag=113 raw_eax=0x1 low_ax=1 path=Z:/work/stage16/preprocess-default-flags-20260928-113\n
PREPROCESS_DEFAULT_SWEEP flag=114 raw_eax=0x1 low_ax=1 path=Z:/work/stage16/preprocess-default-flags-20260928-114\n
PREPROCESS_DEFAULT_SWEEP flag=115 raw_eax=0x1 low_ax=1 path=Z:/work/stage16/preprocess-default-flags-20260928-115\n
PREPROCESS_DEFAULT_SWEEP flag=116 raw_eax=0x1 low_ax=1 path=Z:/work/stage16/preprocess-default-flags-20260928-116\n
PREPROCESS_DEFAULT_SWEEP flag=117 raw_eax=0x1 low_ax=1 path=Z:/work/stage16/preprocess-default-flags-20260928-117\n
PREPROCESS_DEFAULT_SWEEP flag=118 raw_eax=0x1 low_ax=1 path=Z:/work/stage16/preprocess-default-flags-20260928-118\n
PREPROCESS_DEFAULT_SWEEP flag=119 raw_eax=0x1 low_ax=1 path=Z:/work/stage16/preprocess-default-flags-20260928-119\n
PREPROCESS_DEFAULT_SWEEP flag=120 raw_eax=0x1 low_ax=1 path=Z:/work/stage16/preprocess-default-flags-20260928-120\n
PREPROCESS_DEFAULT_SWEEP flag=121 raw_eax=0x1 low_ax=1 path=Z:/work/stage16/preprocess-default-flags-20260928-121\n
PREPROCESS_DEFAULT_SWEEP flag=122 raw_eax=0x1 low_ax=1 path=Z:/work/stage16/preprocess-default-flags-20260928-122\n
PREPROCESS_DEFAULT_SWEEP flag=123 raw_eax=0x1 low_ax=1 path=Z:/work/stage16/preprocess-default-flags-20260928-123\n
PREPROCESS_DEFAULT_SWEEP flag=124 raw_eax=0x1 low_ax=1 path=Z:/work/stage16/preprocess-default-flags-20260928-124\n
PREPROCESS_DEFAULT_SWEEP flag=125 raw_eax=0x1 low_ax=1 path=Z:/work/stage16/preprocess-default-flags-20260928-125\n
PREPROCESS_DEFAULT_SWEEP flag=126 raw_eax=0x1 low_ax=1 path=Z:/work/stage16/preprocess-default-flags-20260928-126\n
PREPROCESS_DEFAULT_SWEEP flag=127 raw_eax=0x1 low_ax=1 path=Z:/work/stage16/preprocess-default-flags-20260928-127\n
PREPROCESS_DEFAULT_SWEEP flag=128 raw_eax=0x1 low_ax=1 path=Z:/work/stage16/preprocess-default-flags-20260928-128\n
PREPROCESS_DEFAULT_SWEEP flag=129 raw_eax=0x1 low_ax=1 path=Z:/work/stage16/preprocess-default-flags-20260928-129\n
PREPROCESS_DEFAULT_SWEEP flag=130 raw_eax=0x1 low_ax=1 path=Z:/work/stage16/preprocess-default-flags-20260928-130\n
PREPROCESS_DEFAULT_SWEEP flag=131 raw_eax=0x1 low_ax=1 path=Z:/work/stage16/preprocess-default-flags-20260928-131\n
PREPROCESS_DEFAULT_SWEEP flag=132 raw_eax=0x1 low_ax=1 path=Z:/work/stage16/preprocess-default-flags-20260928-132\n
PREPROCESS_DEFAULT_SWEEP flag=133 raw_eax=0x1 low_ax=1 path=Z:/work/stage16/preprocess-default-flags-20260928-133\n
PREPROCESS_DEFAULT_SWEEP flag=134 raw_eax=0x1 low_ax=1 path=Z:/work/stage16/preprocess-default-flags-20260928-134\n
PREPROCESS_DEFAULT_SWEEP flag=135 raw_eax=0x1 low_ax=1 path=Z:/work/stage16/preprocess-default-flags-20260928-135\n
PREPROCESS_DEFAULT_SWEEP flag=136 raw_eax=0x1 low_ax=1 path=Z:/work/stage16/preprocess-default-flags-20260928-136\n
PREPROCESS_DEFAULT_SWEEP flag=137 raw_eax=0x1 low_ax=1 path=Z:/work/stage16/preprocess-default-flags-20260928-137\n
PREPROCESS_DEFAULT_SWEEP flag=138 raw_eax=0x1 low_ax=1 path=Z:/work/stage16/preprocess-default-flags-20260928-138\n
PREPROCESS_DEFAULT_SWEEP flag=139 raw_eax=0x1 low_ax=1 path=Z:/work/stage16/preprocess-default-flags-20260928-139\n
PREPROCESS_DEFAULT_SWEEP flag=140 raw_eax=0x1 low_ax=1 path=Z:/work/stage16/preprocess-default-flags-20260928-140\n
PREPROCESS_DEFAULT_SWEEP flag=141 raw_eax=0x1 low_ax=1 path=Z:/work/stage16/preprocess-default-flags-20260928-141\n
PREPROCESS_DEFAULT_SWEEP flag=142 raw_eax=0x1 low_ax=1 path=Z:/work/stage16/preprocess-default-flags-20260928-142\n
PREPROCESS_DEFAULT_SWEEP flag=143 raw_eax=0x1 low_ax=1 path=Z:/work/stage16/preprocess-default-flags-20260928-143\n
PREPROCESS_DEFAULT_SWEEP flag=144 raw_eax=0x1 low_ax=1 path=Z:/work/stage16/preprocess-default-flags-20260928-144\n
PREPROCESS_DEFAULT_SWEEP flag=145 raw_eax=0x1 low_ax=1 path=Z:/work/stage16/preprocess-default-flags-20260928-145\n
PREPROCESS_DEFAULT_SWEEP flag=146 raw_eax=0x1 low_ax=1 path=Z:/work/stage16/preprocess-default-flags-20260928-146\n
PREPROCESS_DEFAULT_SWEEP flag=147 raw_eax=0x1 low_ax=1 path=Z:/work/stage16/preprocess-default-flags-20260928-147\n
PREPROCESS_DEFAULT_SWEEP flag=148 raw_eax=0x1 low_ax=1 path=Z:/work/stage16/preprocess-default-flags-20260928-148\n
PREPROCESS_DEFAULT_SWEEP flag=149 raw_eax=0x1 low_ax=1 path=Z:/work/stage16/preprocess-default-flags-20260928-149\n
PREPROCESS_DEFAULT_SWEEP flag=150 raw_eax=0x1 low_ax=1 path=Z:/work/stage16/preprocess-default-flags-20260928-150\n
PREPROCESS_DEFAULT_SWEEP flag=151 raw_eax=0x1 low_ax=1 path=Z:/work/stage16/preprocess-default-flags-20260928-151\n
PREPROCESS_DEFAULT_SWEEP flag=152 raw_eax=0x1 low_ax=1 path=Z:/work/stage16/preprocess-default-flags-20260928-152\n
PREPROCESS_DEFAULT_SWEEP flag=153 raw_eax=0x1 low_ax=1 path=Z:/work/stage16/preprocess-default-flags-20260928-153\n
PREPROCESS_DEFAULT_SWEEP flag=154 raw_eax=0x1 low_ax=1 path=Z:/work/stage16/preprocess-default-flags-20260928-154\n
PREPROCESS_DEFAULT_SWEEP flag=155 raw_eax=0x1 low_ax=1 path=Z:/work/stage16/preprocess-default-flags-20260928-155\n
PREPROCESS_DEFAULT_SWEEP flag=156 raw_eax=0x1 low_ax=1 path=Z:/work/stage16/preprocess-default-flags-20260928-156\n
PREPROCESS_DEFAULT_SWEEP flag=157 raw_eax=0x1 low_ax=1 path=Z:/work/stage16/preprocess-default-flags-20260928-157\n
PREPROCESS_DEFAULT_SWEEP flag=158 raw_eax=0x1 low_ax=1 path=Z:/work/stage16/preprocess-default-flags-20260928-158\n
PREPROCESS_DEFAULT_SWEEP flag=159 raw_eax=0x1 low_ax=1 path=Z:/work/stage16/preprocess-default-flags-20260928-159\n
PREPROCESS_DEFAULT_SWEEP flag=160 raw_eax=0x1 low_ax=1 path=Z:/work/stage16/preprocess-default-flags-20260928-160\n
PREPROCESS_DEFAULT_SWEEP flag=161 raw_eax=0x1 low_ax=1 path=Z:/work/stage16/preprocess-default-flags-20260928-161\n
PREPROCESS_DEFAULT_SWEEP flag=162 raw_eax=0x1 low_ax=1 path=Z:/work/stage16/preprocess-default-flags-20260928-162\n
PREPROCESS_DEFAULT_SWEEP flag=163 raw_eax=0x1 low_ax=1 path=Z:/work/stage16/preprocess-default-flags-20260928-163\n
PREPROCESS_DEFAULT_SWEEP flag=164 raw_eax=0x1 low_ax=1 path=Z:/work/stage16/preprocess-default-flags-20260928-164\n
PREPROCESS_DEFAULT_SWEEP flag=165 raw_eax=0x1 low_ax=1 path=Z:/work/stage16/preprocess-default-flags-20260928-165\n
PREPROCESS_DEFAULT_SWEEP flag=166 raw_eax=0x1 low_ax=1 path=Z:/work/stage16/preprocess-default-flags-20260928-166\n
PREPROCESS_DEFAULT_SWEEP flag=167 raw_eax=0x1 low_ax=1 path=Z:/work/stage16/preprocess-default-flags-20260928-167\n
PREPROCESS_DEFAULT_SWEEP flag=168 raw_eax=0x1 low_ax=1 path=Z:/work/stage16/preprocess-default-flags-20260928-168\n
PREPROCESS_DEFAULT_SWEEP flag=169 raw_eax=0x1 low_ax=1 path=Z:/work/stage16/preprocess-default-flags-20260928-169\n
PREPROCESS_DEFAULT_SWEEP flag=170 raw_eax=0x1 low_ax=1 path=Z:/work/stage16/preprocess-default-flags-20260928-170\n
PREPROCESS_DEFAULT_SWEEP flag=171 raw_eax=0x1 low_ax=1 path=Z:/work/stage16/preprocess-default-flags-20260928-171\n
PREPROCESS_DEFAULT_SWEEP flag=172 raw_eax=0x1 low_ax=1 path=Z:/work/stage16/preprocess-default-flags-20260928-172\n
PREPROCESS_DEFAULT_SWEEP flag=173 raw_eax=0x1 low_ax=1 path=Z:/work/stage16/preprocess-default-flags-20260928-173\n
PREPROCESS_DEFAULT_SWEEP flag=174 raw_eax=0x1 low_ax=1 path=Z:/work/stage16/preprocess-default-flags-20260928-174\n
PREPROCESS_DEFAULT_SWEEP flag=175 raw_eax=0x1 low_ax=1 path=Z:/work/stage16/preprocess-default-flags-20260928-175\n
PREPROCESS_DEFAULT_SWEEP flag=176 raw_eax=0x1 low_ax=1 path=Z:/work/stage16/preprocess-default-flags-20260928-176\n
PREPROCESS_DEFAULT_SWEEP flag=177 raw_eax=0x1 low_ax=1 path=Z:/work/stage16/preprocess-default-flags-20260928-177\n
PREPROCESS_DEFAULT_SWEEP flag=178 raw_eax=0x1 low_ax=1 path=Z:/work/stage16/preprocess-default-flags-20260928-178\n
PREPROCESS_DEFAULT_SWEEP flag=179 raw_eax=0x1 low_ax=1 path=Z:/work/stage16/preprocess-default-flags-20260928-179\n
PREPROCESS_DEFAULT_SWEEP flag=180 raw_eax=0x1 low_ax=1 path=Z:/work/stage16/preprocess-default-flags-20260928-180\n
PREPROCESS_DEFAULT_SWEEP flag=181 raw_eax=0x1 low_ax=1 path=Z:/work/stage16/preprocess-default-flags-20260928-181\n
PREPROCESS_DEFAULT_SWEEP flag=182 raw_eax=0x1 low_ax=1 path=Z:/work/stage16/preprocess-default-flags-20260928-182\n
PREPROCESS_DEFAULT_SWEEP flag=183 raw_eax=0x1 low_ax=1 path=Z:/work/stage16/preprocess-default-flags-20260928-183\n
PREPROCESS_DEFAULT_SWEEP flag=184 raw_eax=0x1 low_ax=1 path=Z:/work/stage16/preprocess-default-flags-20260928-184\n
PREPROCESS_DEFAULT_SWEEP flag=185 raw_eax=0x1 low_ax=1 path=Z:/work/stage16/preprocess-default-flags-20260928-185\n
PREPROCESS_DEFAULT_SWEEP flag=186 raw_eax=0x1 low_ax=1 path=Z:/work/stage16/preprocess-default-flags-20260928-186\n
PREPROCESS_DEFAULT_SWEEP flag=187 raw_eax=0x1 low_ax=1 path=Z:/work/stage16/preprocess-default-flags-20260928-187\n
PREPROCESS_DEFAULT_SWEEP flag=188 raw_eax=0x1 low_ax=1 path=Z:/work/stage16/preprocess-default-flags-20260928-188\n
PREPROCESS_DEFAULT_SWEEP flag=189 raw_eax=0x1 low_ax=1 path=Z:/work/stage16/preprocess-default-flags-20260928-189\n
PREPROCESS_DEFAULT_SWEEP flag=190 raw_eax=0x1 low_ax=1 path=Z:/work/stage16/preprocess-default-flags-20260928-190\n
PREPROCESS_DEFAULT_SWEEP flag=191 raw_eax=0x1 low_ax=1 path=Z:/work/stage16/preprocess-default-flags-20260928-191\n
PREPROCESS_DEFAULT_SWEEP flag=192 raw_eax=0x1 low_ax=1 path=Z:/work/stage16/preprocess-default-flags-20260928-192\n
PREPROCESS_DEFAULT_SWEEP flag=193 raw_eax=0x1 low_ax=1 path=Z:/work/stage16/preprocess-default-flags-20260928-193\n
PREPROCESS_DEFAULT_SWEEP flag=194 raw_eax=0x1 low_ax=1 path=Z:/work/stage16/preprocess-default-flags-20260928-194\n
PREPROCESS_DEFAULT_SWEEP flag=195 raw_eax=0x1 low_ax=1 path=Z:/work/stage16/preprocess-default-flags-20260928-195\n
PREPROCESS_DEFAULT_SWEEP flag=196 raw_eax=0x1 low_ax=1 path=Z:/work/stage16/preprocess-default-flags-20260928-196\n
PREPROCESS_DEFAULT_SWEEP flag=197 raw_eax=0x1 low_ax=1 path=Z:/work/stage16/preprocess-default-flags-20260928-197\n
PREPROCESS_DEFAULT_SWEEP flag=198 raw_eax=0x1 low_ax=1 path=Z:/work/stage16/preprocess-default-flags-20260928-198\n
PREPROCESS_DEFAULT_SWEEP flag=199 raw_eax=0x1 low_ax=1 path=Z:/work/stage16/preprocess-default-flags-20260928-199\n
PREPROCESS_DEFAULT_SWEEP flag=200 raw_eax=0x1 low_ax=1 path=Z:/work/stage16/preprocess-default-flags-20260928-200\n
PREPROCESS_DEFAULT_SWEEP flag=201 raw_eax=0x1 low_ax=1 path=Z:/work/stage16/preprocess-default-flags-20260928-201\n
PREPROCESS_DEFAULT_SWEEP flag=202 raw_eax=0x1 low_ax=1 path=Z:/work/stage16/preprocess-default-flags-20260928-202\n
PREPROCESS_DEFAULT_SWEEP flag=203 raw_eax=0x1 low_ax=1 path=Z:/work/stage16/preprocess-default-flags-20260928-203\n
PREPROCESS_DEFAULT_SWEEP flag=204 raw_eax=0x1 low_ax=1 path=Z:/work/stage16/preprocess-default-flags-20260928-204\n
PREPROCESS_DEFAULT_SWEEP flag=205 raw_eax=0x1 low_ax=1 path=Z:/work/stage16/preprocess-default-flags-20260928-205\n
PREPROCESS_DEFAULT_SWEEP flag=206 raw_eax=0x1 low_ax=1 path=Z:/work/stage16/preprocess-default-flags-20260928-206\n
PREPROCESS_DEFAULT_SWEEP flag=207 raw_eax=0x1 low_ax=1 path=Z:/work/stage16/preprocess-default-flags-20260928-207\n
PREPROCESS_DEFAULT_SWEEP flag=208 raw_eax=0x1 low_ax=1 path=Z:/work/stage16/preprocess-default-flags-20260928-208\n
PREPROCESS_DEFAULT_SWEEP flag=209 raw_eax=0x1 low_ax=1 path=Z:/work/stage16/preprocess-default-flags-20260928-209\n
PREPROCESS_DEFAULT_SWEEP flag=210 raw_eax=0x1 low_ax=1 path=Z:/work/stage16/preprocess-default-flags-20260928-210\n
PREPROCESS_DEFAULT_SWEEP flag=211 raw_eax=0x1 low_ax=1 path=Z:/work/stage16/preprocess-default-flags-20260928-211\n
PREPROCESS_DEFAULT_SWEEP flag=212 raw_eax=0x1 low_ax=1 path=Z:/work/stage16/preprocess-default-flags-20260928-212\n
PREPROCESS_DEFAULT_SWEEP flag=213 raw_eax=0x1 low_ax=1 path=Z:/work/stage16/preprocess-default-flags-20260928-213\n
PREPROCESS_DEFAULT_SWEEP flag=214 raw_eax=0x1 low_ax=1 path=Z:/work/stage16/preprocess-default-flags-20260928-214\n
PREPROCESS_DEFAULT_SWEEP flag=215 raw_eax=0x1 low_ax=1 path=Z:/work/stage16/preprocess-default-flags-20260928-215\n
PREPROCESS_DEFAULT_SWEEP flag=216 raw_eax=0x1 low_ax=1 path=Z:/work/stage16/preprocess-default-flags-20260928-216\n
PREPROCESS_DEFAULT_SWEEP flag=217 raw_eax=0x1 low_ax=1 path=Z:/work/stage16/preprocess-default-flags-20260928-217\n
PREPROCESS_DEFAULT_SWEEP flag=218 raw_eax=0x1 low_ax=1 path=Z:/work/stage16/preprocess-default-flags-20260928-218\n
PREPROCESS_DEFAULT_SWEEP flag=219 raw_eax=0x1 low_ax=1 path=Z:/work/stage16/preprocess-default-flags-20260928-219\n
PREPROCESS_DEFAULT_SWEEP flag=220 raw_eax=0x1 low_ax=1 path=Z:/work/stage16/preprocess-default-flags-20260928-220\n
PREPROCESS_DEFAULT_SWEEP flag=221 raw_eax=0x1 low_ax=1 path=Z:/work/stage16/preprocess-default-flags-20260928-221\n
PREPROCESS_DEFAULT_SWEEP flag=222 raw_eax=0x1 low_ax=1 path=Z:/work/stage16/preprocess-default-flags-20260928-222\n
PREPROCESS_DEFAULT_SWEEP flag=223 raw_eax=0x1 low_ax=1 path=Z:/work/stage16/preprocess-default-flags-20260928-223\n
PREPROCESS_DEFAULT_SWEEP flag=224 raw_eax=0x1 low_ax=1 path=Z:/work/stage16/preprocess-default-flags-20260928-224\n
PREPROCESS_DEFAULT_SWEEP flag=225 raw_eax=0x1 low_ax=1 path=Z:/work/stage16/preprocess-default-flags-20260928-225\n
PREPROCESS_DEFAULT_SWEEP flag=226 raw_eax=0x1 low_ax=1 path=Z:/work/stage16/preprocess-default-flags-20260928-226\n
PREPROCESS_DEFAULT_SWEEP flag=227 raw_eax=0x1 low_ax=1 path=Z:/work/stage16/preprocess-default-flags-20260928-227\n
PREPROCESS_DEFAULT_SWEEP flag=228 raw_eax=0x1 low_ax=1 path=Z:/work/stage16/preprocess-default-flags-20260928-228\n
PREPROCESS_DEFAULT_SWEEP flag=229 raw_eax=0x1 low_ax=1 path=Z:/work/stage16/preprocess-default-flags-20260928-229\n
PREPROCESS_DEFAULT_SWEEP flag=230 raw_eax=0x1 low_ax=1 path=Z:/work/stage16/preprocess-default-flags-20260928-230\n
PREPROCESS_DEFAULT_SWEEP flag=231 raw_eax=0x1 low_ax=1 path=Z:/work/stage16/preprocess-default-flags-20260928-231\n
PREPROCESS_DEFAULT_SWEEP flag=232 raw_eax=0x1 low_ax=1 path=Z:/work/stage16/preprocess-default-flags-20260928-232\n
PREPROCESS_DEFAULT_SWEEP flag=233 raw_eax=0x1 low_ax=1 path=Z:/work/stage16/preprocess-default-flags-20260928-233\n
PREPROCESS_DEFAULT_SWEEP flag=234 raw_eax=0x1 low_ax=1 path=Z:/work/stage16/preprocess-default-flags-20260928-234\n
PREPROCESS_DEFAULT_SWEEP flag=235 raw_eax=0x1 low_ax=1 path=Z:/work/stage16/preprocess-default-flags-20260928-235\n
PREPROCESS_DEFAULT_SWEEP flag=236 raw_eax=0x1 low_ax=1 path=Z:/work/stage16/preprocess-default-flags-20260928-236\n
PREPROCESS_DEFAULT_SWEEP flag=237 raw_eax=0x1 low_ax=1 path=Z:/work/stage16/preprocess-default-flags-20260928-237\n
PREPROCESS_DEFAULT_SWEEP flag=238 raw_eax=0x1 low_ax=1 path=Z:/work/stage16/preprocess-default-flags-20260928-238\n
PREPROCESS_DEFAULT_SWEEP flag=239 raw_eax=0x1 low_ax=1 path=Z:/work/stage16/preprocess-default-flags-20260928-239\n
PREPROCESS_DEFAULT_SWEEP flag=240 raw_eax=0x1 low_ax=1 path=Z:/work/stage16/preprocess-default-flags-20260928-240\n
PREPROCESS_DEFAULT_SWEEP flag=241 raw_eax=0x1 low_ax=1 path=Z:/work/stage16/preprocess-default-flags-20260928-241\n
PREPROCESS_DEFAULT_SWEEP flag=242 raw_eax=0x1 low_ax=1 path=Z:/work/stage16/preprocess-default-flags-20260928-242\n
PREPROCESS_DEFAULT_SWEEP flag=243 raw_eax=0x1 low_ax=1 path=Z:/work/stage16/preprocess-default-flags-20260928-243\n
PREPROCESS_DEFAULT_SWEEP flag=244 raw_eax=0x1 low_ax=1 path=Z:/work/stage16/preprocess-default-flags-20260928-244\n
PREPROCESS_DEFAULT_SWEEP flag=245 raw_eax=0x1 low_ax=1 path=Z:/work/stage16/preprocess-default-flags-20260928-245\n
PREPROCESS_DEFAULT_SWEEP flag=246 raw_eax=0x1 low_ax=1 path=Z:/work/stage16/preprocess-default-flags-20260928-246\n
PREPROCESS_DEFAULT_SWEEP flag=247 raw_eax=0x1 low_ax=1 path=Z:/work/stage16/preprocess-default-flags-20260928-247\n
PREPROCESS_DEFAULT_SWEEP flag=248 raw_eax=0x1 low_ax=1 path=Z:/work/stage16/preprocess-default-flags-20260928-248\n
PREPROCESS_DEFAULT_SWEEP flag=249 raw_eax=0x1 low_ax=1 path=Z:/work/stage16/preprocess-default-flags-20260928-249\n
PREPROCESS_DEFAULT_SWEEP flag=250 raw_eax=0x1 low_ax=1 path=Z:/work/stage16/preprocess-default-flags-20260928-250\n
PREPROCESS_DEFAULT_SWEEP flag=251 raw_eax=0x1 low_ax=1 path=Z:/work/stage16/preprocess-default-flags-20260928-251\n
PREPROCESS_DEFAULT_SWEEP flag=252 raw_eax=0x1 low_ax=1 path=Z:/work/stage16/preprocess-default-flags-20260928-252\n
PREPROCESS_DEFAULT_SWEEP flag=253 raw_eax=0x1 low_ax=1 path=Z:/work/stage16/preprocess-default-flags-20260928-253\n[Inferior 1 (Remote target) exited normally]
Wine-gdb> 0118:011c: create process 'Z:\samples\voicetext_paul.exe'/00000000 @004014C0 (450560<1847>)
0118:011c: create thread I @004014C0
0118:011c: loads DLL C:\windows\system32\ntdll.dll @7BD10000 (2994176<5095>)
0118:011c: loads DLL C:\windows\system32\kernel32.dll @7BB90000 (1466368<19395>)
0118:011c: loads DLL C:\windows\system32\kernelbase.dll @7B650000 (5410816<14148>)
0118:011c: loads DLL C:\windows\system32\msvcrt.dll @7B2A0000 (2715648<8214>)
0118:011c: loads DLL Z:\samples\vt_pau.dll @10000000 (0<0>)
0118:011c: loads DLL C:\windows\system32\WINMM.dll @78CF0000 (1474560<4890>)
0118:011c: loads DLL C:\windows\system32\advapi32.dll @7B550000 (958464<7400>)
0118:011c: loads DLL C:\windows\system32\sechost.dll @7B200000 (565248<3163>)
0118:011c: loads DLL C:\windows\system32\ucrtbase.dll @7AEE0000 (3198976<11541>)
0118:011c: loads DLL C:\windows\system32\msacm32.dll @78C70000 (413696<1982>)
0118:011c: loads DLL C:\windows\system32\user32.dll @7A160000 (5005312<14159>)
0118:011c: loads DLL Z:\samples\zlib1.dll @7A120000 (135680<0>)
0118:011c: loads DLL C:\windows\system32\gdi32.dll @7A640000 (2355200<7390>)
0118:011c: loads DLL C:\windows\system32\win32u.dll @7A0D0000 (221184<1966>)
0118:011c: loads DLL C:\windows\system32\ole32.dll @7A9F0000 (4440064<14323>)
0118:011c: loads DLL C:\windows\system32\combase.dll @7A890000 (1314816<7562>)
0118:011c: loads DLL C:\windows\system32\rpcrt4.dll @79EA0000 (2162688<9274>)
0118:011c: loads DLL C:\windows\system32\coml2.dll @79E40000 (262144<3883>)
0118:011c: loads DLL C:\windows\system32\iphlpapi.dll @779C0000 (487424<4777>)
0118:011c: loads DLL C:\windows\system32\dnsapi.dll @77970000 (258048<1399>)
0118:011c: loads DLL C:\windows\system32\nsi.dll @77940000 (118784<823>)
0118:011c: loads DLL C:\windows\system32\ws2_32.dll @7AE40000 (565248<2279>)
0118:011c: loads DLL C:\windows\system32\tzres.dll @009C0000 (0<0>)
00000118:0000011c: unload DLL @009C0000
0118:011c: loads DLL C:\windows\system32\tzres.dll @009C0000 (0<0>)
00000118:0000011c: unload DLL @009C0000
0118:011c: loads DLL C:\windows\system32\imm32.dll @782F0000 (401408<2996>)
0118:011c: loads DLL C:\windows\system32\winex11.drv @780F0000 (307200<4314>)
0118:011c: loads DLL C:\windows\system32\uxtheme.dll @78030000 (671744<3646>)
00000118:0000011c: exit process (0)
generated flag=12 bytes=0 sha256=e3b0c44298fc1c149afbf4c8996fb92427ae41e4649b934ca495991b7852b855
generated flag=13 bytes=0 sha256=e3b0c44298fc1c149afbf4c8996fb92427ae41e4649b934ca495991b7852b855
generated flag=14 bytes=0 sha256=e3b0c44298fc1c149afbf4c8996fb92427ae41e4649b934ca495991b7852b855
generated flag=15 bytes=0 sha256=e3b0c44298fc1c149afbf4c8996fb92427ae41e4649b934ca495991b7852b855
generated flag=16 bytes=0 sha256=e3b0c44298fc1c149afbf4c8996fb92427ae41e4649b934ca495991b7852b855
generated flag=17 bytes=0 sha256=e3b0c44298fc1c149afbf4c8996fb92427ae41e4649b934ca495991b7852b855
generated flag=18 bytes=0 sha256=e3b0c44298fc1c149afbf4c8996fb92427ae41e4649b934ca495991b7852b855
generated flag=19 bytes=0 sha256=e3b0c44298fc1c149afbf4c8996fb92427ae41e4649b934ca495991b7852b855
generated flag=20 bytes=0 sha256=e3b0c44298fc1c149afbf4c8996fb92427ae41e4649b934ca495991b7852b855
generated flag=21 bytes=0 sha256=e3b0c44298fc1c149afbf4c8996fb92427ae41e4649b934ca495991b7852b855
generated flag=22 bytes=0 sha256=e3b0c44298fc1c149afbf4c8996fb92427ae41e4649b934ca495991b7852b855
generated flag=23 bytes=0 sha256=e3b0c44298fc1c149afbf4c8996fb92427ae41e4649b934ca495991b7852b855
generated flag=24 bytes=0 sha256=e3b0c44298fc1c149afbf4c8996fb92427ae41e4649b934ca495991b7852b855
generated flag=25 bytes=0 sha256=e3b0c44298fc1c149afbf4c8996fb92427ae41e4649b934ca495991b7852b855
generated flag=26 bytes=0 sha256=e3b0c44298fc1c149afbf4c8996fb92427ae41e4649b934ca495991b7852b855
generated flag=27 bytes=0 sha256=e3b0c44298fc1c149afbf4c8996fb92427ae41e4649b934ca495991b7852b855
generated flag=28 bytes=0 sha256=e3b0c44298fc1c149afbf4c8996fb92427ae41e4649b934ca495991b7852b855
generated flag=29 bytes=0 sha256=e3b0c44298fc1c149afbf4c8996fb92427ae41e4649b934ca495991b7852b855
generated flag=30 bytes=0 sha256=e3b0c44298fc1c149afbf4c8996fb92427ae41e4649b934ca495991b7852b855
generated flag=31 bytes=0 sha256=e3b0c44298fc1c149afbf4c8996fb92427ae41e4649b934ca495991b7852b855
generated flag=32 bytes=0 sha256=e3b0c44298fc1c149afbf4c8996fb92427ae41e4649b934ca495991b7852b855
generated flag=33 bytes=0 sha256=e3b0c44298fc1c149afbf4c8996fb92427ae41e4649b934ca495991b7852b855
generated flag=34 bytes=0 sha256=e3b0c44298fc1c149afbf4c8996fb92427ae41e4649b934ca495991b7852b855
generated flag=35 bytes=0 sha256=e3b0c44298fc1c149afbf4c8996fb92427ae41e4649b934ca495991b7852b855
generated flag=36 bytes=0 sha256=e3b0c44298fc1c149afbf4c8996fb92427ae41e4649b934ca495991b7852b855
generated flag=37 bytes=0 sha256=e3b0c44298fc1c149afbf4c8996fb92427ae41e4649b934ca495991b7852b855
generated flag=38 bytes=0 sha256=e3b0c44298fc1c149afbf4c8996fb92427ae41e4649b934ca495991b7852b855
generated flag=39 bytes=0 sha256=e3b0c44298fc1c149afbf4c8996fb92427ae41e4649b934ca495991b7852b855
generated flag=40 bytes=0 sha256=e3b0c44298fc1c149afbf4c8996fb92427ae41e4649b934ca495991b7852b855
generated flag=41 bytes=0 sha256=e3b0c44298fc1c149afbf4c8996fb92427ae41e4649b934ca495991b7852b855
generated flag=42 bytes=0 sha256=e3b0c44298fc1c149afbf4c8996fb92427ae41e4649b934ca495991b7852b855
generated flag=43 bytes=0 sha256=e3b0c44298fc1c149afbf4c8996fb92427ae41e4649b934ca495991b7852b855
generated flag=44 bytes=0 sha256=e3b0c44298fc1c149afbf4c8996fb92427ae41e4649b934ca495991b7852b855
generated flag=45 bytes=0 sha256=e3b0c44298fc1c149afbf4c8996fb92427ae41e4649b934ca495991b7852b855
generated flag=46 bytes=0 sha256=e3b0c44298fc1c149afbf4c8996fb92427ae41e4649b934ca495991b7852b855
generated flag=47 bytes=0 sha256=e3b0c44298fc1c149afbf4c8996fb92427ae41e4649b934ca495991b7852b855
generated flag=48 bytes=0 sha256=e3b0c44298fc1c149afbf4c8996fb92427ae41e4649b934ca495991b7852b855
generated flag=49 bytes=0 sha256=e3b0c44298fc1c149afbf4c8996fb92427ae41e4649b934ca495991b7852b855
generated flag=50 bytes=0 sha256=e3b0c44298fc1c149afbf4c8996fb92427ae41e4649b934ca495991b7852b855
generated flag=51 bytes=0 sha256=e3b0c44298fc1c149afbf4c8996fb92427ae41e4649b934ca495991b7852b855
generated flag=52 bytes=0 sha256=e3b0c44298fc1c149afbf4c8996fb92427ae41e4649b934ca495991b7852b855
generated flag=53 bytes=0 sha256=e3b0c44298fc1c149afbf4c8996fb92427ae41e4649b934ca495991b7852b855
generated flag=54 bytes=0 sha256=e3b0c44298fc1c149afbf4c8996fb92427ae41e4649b934ca495991b7852b855
generated flag=55 bytes=0 sha256=e3b0c44298fc1c149afbf4c8996fb92427ae41e4649b934ca495991b7852b855
generated flag=56 bytes=0 sha256=e3b0c44298fc1c149afbf4c8996fb92427ae41e4649b934ca495991b7852b855
generated flag=57 bytes=0 sha256=e3b0c44298fc1c149afbf4c8996fb92427ae41e4649b934ca495991b7852b855
generated flag=58 bytes=0 sha256=e3b0c44298fc1c149afbf4c8996fb92427ae41e4649b934ca495991b7852b855
generated flag=59 bytes=0 sha256=e3b0c44298fc1c149afbf4c8996fb92427ae41e4649b934ca495991b7852b855
generated flag=60 bytes=0 sha256=e3b0c44298fc1c149afbf4c8996fb92427ae41e4649b934ca495991b7852b855
generated flag=61 bytes=0 sha256=e3b0c44298fc1c149afbf4c8996fb92427ae41e4649b934ca495991b7852b855
generated flag=62 bytes=0 sha256=e3b0c44298fc1c149afbf4c8996fb92427ae41e4649b934ca495991b7852b855
generated flag=63 bytes=0 sha256=e3b0c44298fc1c149afbf4c8996fb92427ae41e4649b934ca495991b7852b855
generated flag=64 bytes=0 sha256=e3b0c44298fc1c149afbf4c8996fb92427ae41e4649b934ca495991b7852b855
generated flag=65 bytes=0 sha256=e3b0c44298fc1c149afbf4c8996fb92427ae41e4649b934ca495991b7852b855
generated flag=66 bytes=0 sha256=e3b0c44298fc1c149afbf4c8996fb92427ae41e4649b934ca495991b7852b855
generated flag=67 bytes=0 sha256=e3b0c44298fc1c149afbf4c8996fb92427ae41e4649b934ca495991b7852b855
generated flag=68 bytes=0 sha256=e3b0c44298fc1c149afbf4c8996fb92427ae41e4649b934ca495991b7852b855
generated flag=69 bytes=0 sha256=e3b0c44298fc1c149afbf4c8996fb92427ae41e4649b934ca495991b7852b855
generated flag=70 bytes=0 sha256=e3b0c44298fc1c149afbf4c8996fb92427ae41e4649b934ca495991b7852b855
generated flag=71 bytes=0 sha256=e3b0c44298fc1c149afbf4c8996fb92427ae41e4649b934ca495991b7852b855
generated flag=72 bytes=0 sha256=e3b0c44298fc1c149afbf4c8996fb92427ae41e4649b934ca495991b7852b855
generated flag=73 bytes=0 sha256=e3b0c44298fc1c149afbf4c8996fb92427ae41e4649b934ca495991b7852b855
generated flag=74 bytes=0 sha256=e3b0c44298fc1c149afbf4c8996fb92427ae41e4649b934ca495991b7852b855
generated flag=75 bytes=0 sha256=e3b0c44298fc1c149afbf4c8996fb92427ae41e4649b934ca495991b7852b855
generated flag=76 bytes=0 sha256=e3b0c44298fc1c149afbf4c8996fb92427ae41e4649b934ca495991b7852b855
generated flag=77 bytes=0 sha256=e3b0c44298fc1c149afbf4c8996fb92427ae41e4649b934ca495991b7852b855
generated flag=78 bytes=0 sha256=e3b0c44298fc1c149afbf4c8996fb92427ae41e4649b934ca495991b7852b855
generated flag=79 bytes=0 sha256=e3b0c44298fc1c149afbf4c8996fb92427ae41e4649b934ca495991b7852b855
generated flag=80 bytes=0 sha256=e3b0c44298fc1c149afbf4c8996fb92427ae41e4649b934ca495991b7852b855
generated flag=81 bytes=0 sha256=e3b0c44298fc1c149afbf4c8996fb92427ae41e4649b934ca495991b7852b855
generated flag=82 bytes=0 sha256=e3b0c44298fc1c149afbf4c8996fb92427ae41e4649b934ca495991b7852b855
generated flag=83 bytes=0 sha256=e3b0c44298fc1c149afbf4c8996fb92427ae41e4649b934ca495991b7852b855
generated flag=84 bytes=0 sha256=e3b0c44298fc1c149afbf4c8996fb92427ae41e4649b934ca495991b7852b855
generated flag=85 bytes=0 sha256=e3b0c44298fc1c149afbf4c8996fb92427ae41e4649b934ca495991b7852b855
generated flag=86 bytes=0 sha256=e3b0c44298fc1c149afbf4c8996fb92427ae41e4649b934ca495991b7852b855
generated flag=87 bytes=0 sha256=e3b0c44298fc1c149afbf4c8996fb92427ae41e4649b934ca495991b7852b855
generated flag=88 bytes=0 sha256=e3b0c44298fc1c149afbf4c8996fb92427ae41e4649b934ca495991b7852b855
generated flag=89 bytes=0 sha256=e3b0c44298fc1c149afbf4c8996fb92427ae41e4649b934ca495991b7852b855
generated flag=90 bytes=0 sha256=e3b0c44298fc1c149afbf4c8996fb92427ae41e4649b934ca495991b7852b855
generated flag=91 bytes=0 sha256=e3b0c44298fc1c149afbf4c8996fb92427ae41e4649b934ca495991b7852b855
generated flag=92 bytes=0 sha256=e3b0c44298fc1c149afbf4c8996fb92427ae41e4649b934ca495991b7852b855
generated flag=93 bytes=0 sha256=e3b0c44298fc1c149afbf4c8996fb92427ae41e4649b934ca495991b7852b855
generated flag=94 bytes=0 sha256=e3b0c44298fc1c149afbf4c8996fb92427ae41e4649b934ca495991b7852b855
generated flag=95 bytes=0 sha256=e3b0c44298fc1c149afbf4c8996fb92427ae41e4649b934ca495991b7852b855
generated flag=96 bytes=0 sha256=e3b0c44298fc1c149afbf4c8996fb92427ae41e4649b934ca495991b7852b855
generated flag=97 bytes=0 sha256=e3b0c44298fc1c149afbf4c8996fb92427ae41e4649b934ca495991b7852b855
generated flag=98 bytes=0 sha256=e3b0c44298fc1c149afbf4c8996fb92427ae41e4649b934ca495991b7852b855
generated flag=99 bytes=0 sha256=e3b0c44298fc1c149afbf4c8996fb92427ae41e4649b934ca495991b7852b855
generated flag=100 bytes=0 sha256=e3b0c44298fc1c149afbf4c8996fb92427ae41e4649b934ca495991b7852b855
generated flag=101 bytes=0 sha256=e3b0c44298fc1c149afbf4c8996fb92427ae41e4649b934ca495991b7852b855
generated flag=102 bytes=0 sha256=e3b0c44298fc1c149afbf4c8996fb92427ae41e4649b934ca495991b7852b855
generated flag=103 bytes=0 sha256=e3b0c44298fc1c149afbf4c8996fb92427ae41e4649b934ca495991b7852b855
generated flag=104 bytes=0 sha256=e3b0c44298fc1c149afbf4c8996fb92427ae41e4649b934ca495991b7852b855
generated flag=105 bytes=0 sha256=e3b0c44298fc1c149afbf4c8996fb92427ae41e4649b934ca495991b7852b855
generated flag=106 bytes=0 sha256=e3b0c44298fc1c149afbf4c8996fb92427ae41e4649b934ca495991b7852b855
generated flag=107 bytes=0 sha256=e3b0c44298fc1c149afbf4c8996fb92427ae41e4649b934ca495991b7852b855
generated flag=108 bytes=0 sha256=e3b0c44298fc1c149afbf4c8996fb92427ae41e4649b934ca495991b7852b855
generated flag=109 bytes=0 sha256=e3b0c44298fc1c149afbf4c8996fb92427ae41e4649b934ca495991b7852b855
generated flag=110 bytes=0 sha256=e3b0c44298fc1c149afbf4c8996fb92427ae41e4649b934ca495991b7852b855
generated flag=111 bytes=0 sha256=e3b0c44298fc1c149afbf4c8996fb92427ae41e4649b934ca495991b7852b855
generated flag=112 bytes=0 sha256=e3b0c44298fc1c149afbf4c8996fb92427ae41e4649b934ca495991b7852b855
generated flag=113 bytes=0 sha256=e3b0c44298fc1c149afbf4c8996fb92427ae41e4649b934ca495991b7852b855
generated flag=114 bytes=0 sha256=e3b0c44298fc1c149afbf4c8996fb92427ae41e4649b934ca495991b7852b855
generated flag=115 bytes=0 sha256=e3b0c44298fc1c149afbf4c8996fb92427ae41e4649b934ca495991b7852b855
generated flag=116 bytes=0 sha256=e3b0c44298fc1c149afbf4c8996fb92427ae41e4649b934ca495991b7852b855
generated flag=117 bytes=0 sha256=e3b0c44298fc1c149afbf4c8996fb92427ae41e4649b934ca495991b7852b855
generated flag=118 bytes=0 sha256=e3b0c44298fc1c149afbf4c8996fb92427ae41e4649b934ca495991b7852b855
generated flag=119 bytes=0 sha256=e3b0c44298fc1c149afbf4c8996fb92427ae41e4649b934ca495991b7852b855
generated flag=120 bytes=0 sha256=e3b0c44298fc1c149afbf4c8996fb92427ae41e4649b934ca495991b7852b855
generated flag=121 bytes=0 sha256=e3b0c44298fc1c149afbf4c8996fb92427ae41e4649b934ca495991b7852b855
generated flag=122 bytes=0 sha256=e3b0c44298fc1c149afbf4c8996fb92427ae41e4649b934ca495991b7852b855
generated flag=123 bytes=0 sha256=e3b0c44298fc1c149afbf4c8996fb92427ae41e4649b934ca495991b7852b855
generated flag=124 bytes=0 sha256=e3b0c44298fc1c149afbf4c8996fb92427ae41e4649b934ca495991b7852b855
generated flag=125 bytes=0 sha256=e3b0c44298fc1c149afbf4c8996fb92427ae41e4649b934ca495991b7852b855
generated flag=126 bytes=0 sha256=e3b0c44298fc1c149afbf4c8996fb92427ae41e4649b934ca495991b7852b855
generated flag=127 bytes=0 sha256=e3b0c44298fc1c149afbf4c8996fb92427ae41e4649b934ca495991b7852b855
generated flag=128 bytes=0 sha256=e3b0c44298fc1c149afbf4c8996fb92427ae41e4649b934ca495991b7852b855
generated flag=129 bytes=0 sha256=e3b0c44298fc1c149afbf4c8996fb92427ae41e4649b934ca495991b7852b855
generated flag=130 bytes=0 sha256=e3b0c44298fc1c149afbf4c8996fb92427ae41e4649b934ca495991b7852b855
generated flag=131 bytes=0 sha256=e3b0c44298fc1c149afbf4c8996fb92427ae41e4649b934ca495991b7852b855
generated flag=132 bytes=0 sha256=e3b0c44298fc1c149afbf4c8996fb92427ae41e4649b934ca495991b7852b855
generated flag=133 bytes=0 sha256=e3b0c44298fc1c149afbf4c8996fb92427ae41e4649b934ca495991b7852b855
generated flag=134 bytes=0 sha256=e3b0c44298fc1c149afbf4c8996fb92427ae41e4649b934ca495991b7852b855
generated flag=135 bytes=0 sha256=e3b0c44298fc1c149afbf4c8996fb92427ae41e4649b934ca495991b7852b855
generated flag=136 bytes=0 sha256=e3b0c44298fc1c149afbf4c8996fb92427ae41e4649b934ca495991b7852b855
generated flag=137 bytes=0 sha256=e3b0c44298fc1c149afbf4c8996fb92427ae41e4649b934ca495991b7852b855
generated flag=138 bytes=0 sha256=e3b0c44298fc1c149afbf4c8996fb92427ae41e4649b934ca495991b7852b855
generated flag=139 bytes=0 sha256=e3b0c44298fc1c149afbf4c8996fb92427ae41e4649b934ca495991b7852b855
generated flag=140 bytes=0 sha256=e3b0c44298fc1c149afbf4c8996fb92427ae41e4649b934ca495991b7852b855
generated flag=141 bytes=0 sha256=e3b0c44298fc1c149afbf4c8996fb92427ae41e4649b934ca495991b7852b855
generated flag=142 bytes=0 sha256=e3b0c44298fc1c149afbf4c8996fb92427ae41e4649b934ca495991b7852b855
generated flag=143 bytes=0 sha256=e3b0c44298fc1c149afbf4c8996fb92427ae41e4649b934ca495991b7852b855
generated flag=144 bytes=0 sha256=e3b0c44298fc1c149afbf4c8996fb92427ae41e4649b934ca495991b7852b855
generated flag=145 bytes=0 sha256=e3b0c44298fc1c149afbf4c8996fb92427ae41e4649b934ca495991b7852b855
generated flag=146 bytes=0 sha256=e3b0c44298fc1c149afbf4c8996fb92427ae41e4649b934ca495991b7852b855
generated flag=147 bytes=0 sha256=e3b0c44298fc1c149afbf4c8996fb92427ae41e4649b934ca495991b7852b855
generated flag=148 bytes=0 sha256=e3b0c44298fc1c149afbf4c8996fb92427ae41e4649b934ca495991b7852b855
generated flag=149 bytes=0 sha256=e3b0c44298fc1c149afbf4c8996fb92427ae41e4649b934ca495991b7852b855
generated flag=150 bytes=0 sha256=e3b0c44298fc1c149afbf4c8996fb92427ae41e4649b934ca495991b7852b855
generated flag=151 bytes=0 sha256=e3b0c44298fc1c149afbf4c8996fb92427ae41e4649b934ca495991b7852b855
generated flag=152 bytes=0 sha256=e3b0c44298fc1c149afbf4c8996fb92427ae41e4649b934ca495991b7852b855
generated flag=153 bytes=0 sha256=e3b0c44298fc1c149afbf4c8996fb92427ae41e4649b934ca495991b7852b855
generated flag=154 bytes=0 sha256=e3b0c44298fc1c149afbf4c8996fb92427ae41e4649b934ca495991b7852b855
generated flag=155 bytes=0 sha256=e3b0c44298fc1c149afbf4c8996fb92427ae41e4649b934ca495991b7852b855
generated flag=156 bytes=0 sha256=e3b0c44298fc1c149afbf4c8996fb92427ae41e4649b934ca495991b7852b855
generated flag=157 bytes=0 sha256=e3b0c44298fc1c149afbf4c8996fb92427ae41e4649b934ca495991b7852b855
generated flag=158 bytes=0 sha256=e3b0c44298fc1c149afbf4c8996fb92427ae41e4649b934ca495991b7852b855
generated flag=159 bytes=0 sha256=e3b0c44298fc1c149afbf4c8996fb92427ae41e4649b934ca495991b7852b855
generated flag=160 bytes=0 sha256=e3b0c44298fc1c149afbf4c8996fb92427ae41e4649b934ca495991b7852b855
generated flag=161 bytes=0 sha256=e3b0c44298fc1c149afbf4c8996fb92427ae41e4649b934ca495991b7852b855
generated flag=162 bytes=0 sha256=e3b0c44298fc1c149afbf4c8996fb92427ae41e4649b934ca495991b7852b855
generated flag=163 bytes=0 sha256=e3b0c44298fc1c149afbf4c8996fb92427ae41e4649b934ca495991b7852b855
generated flag=164 bytes=0 sha256=e3b0c44298fc1c149afbf4c8996fb92427ae41e4649b934ca495991b7852b855
generated flag=165 bytes=0 sha256=e3b0c44298fc1c149afbf4c8996fb92427ae41e4649b934ca495991b7852b855
generated flag=166 bytes=0 sha256=e3b0c44298fc1c149afbf4c8996fb92427ae41e4649b934ca495991b7852b855
generated flag=167 bytes=0 sha256=e3b0c44298fc1c149afbf4c8996fb92427ae41e4649b934ca495991b7852b855
generated flag=168 bytes=0 sha256=e3b0c44298fc1c149afbf4c8996fb92427ae41e4649b934ca495991b7852b855
generated flag=169 bytes=0 sha256=e3b0c44298fc1c149afbf4c8996fb92427ae41e4649b934ca495991b7852b855
generated flag=170 bytes=0 sha256=e3b0c44298fc1c149afbf4c8996fb92427ae41e4649b934ca495991b7852b855
generated flag=171 bytes=0 sha256=e3b0c44298fc1c149afbf4c8996fb92427ae41e4649b934ca495991b7852b855
generated flag=172 bytes=0 sha256=e3b0c44298fc1c149afbf4c8996fb92427ae41e4649b934ca495991b7852b855
generated flag=173 bytes=0 sha256=e3b0c44298fc1c149afbf4c8996fb92427ae41e4649b934ca495991b7852b855
generated flag=174 bytes=0 sha256=e3b0c44298fc1c149afbf4c8996fb92427ae41e4649b934ca495991b7852b855
generated flag=175 bytes=0 sha256=e3b0c44298fc1c149afbf4c8996fb92427ae41e4649b934ca495991b7852b855
generated flag=176 bytes=0 sha256=e3b0c44298fc1c149afbf4c8996fb92427ae41e4649b934ca495991b7852b855
generated flag=177 bytes=0 sha256=e3b0c44298fc1c149afbf4c8996fb92427ae41e4649b934ca495991b7852b855
generated flag=178 bytes=0 sha256=e3b0c44298fc1c149afbf4c8996fb92427ae41e4649b934ca495991b7852b855
generated flag=179 bytes=0 sha256=e3b0c44298fc1c149afbf4c8996fb92427ae41e4649b934ca495991b7852b855
generated flag=180 bytes=0 sha256=e3b0c44298fc1c149afbf4c8996fb92427ae41e4649b934ca495991b7852b855
generated flag=181 bytes=0 sha256=e3b0c44298fc1c149afbf4c8996fb92427ae41e4649b934ca495991b7852b855
generated flag=182 bytes=0 sha256=e3b0c44298fc1c149afbf4c8996fb92427ae41e4649b934ca495991b7852b855
generated flag=183 bytes=0 sha256=e3b0c44298fc1c149afbf4c8996fb92427ae41e4649b934ca495991b7852b855
generated flag=184 bytes=0 sha256=e3b0c44298fc1c149afbf4c8996fb92427ae41e4649b934ca495991b7852b855
generated flag=185 bytes=0 sha256=e3b0c44298fc1c149afbf4c8996fb92427ae41e4649b934ca495991b7852b855
generated flag=186 bytes=0 sha256=e3b0c44298fc1c149afbf4c8996fb92427ae41e4649b934ca495991b7852b855
generated flag=187 bytes=0 sha256=e3b0c44298fc1c149afbf4c8996fb92427ae41e4649b934ca495991b7852b855
generated flag=188 bytes=0 sha256=e3b0c44298fc1c149afbf4c8996fb92427ae41e4649b934ca495991b7852b855
generated flag=189 bytes=0 sha256=e3b0c44298fc1c149afbf4c8996fb92427ae41e4649b934ca495991b7852b855
generated flag=190 bytes=0 sha256=e3b0c44298fc1c149afbf4c8996fb92427ae41e4649b934ca495991b7852b855
generated flag=191 bytes=0 sha256=e3b0c44298fc1c149afbf4c8996fb92427ae41e4649b934ca495991b7852b855
generated flag=192 bytes=0 sha256=e3b0c44298fc1c149afbf4c8996fb92427ae41e4649b934ca495991b7852b855
generated flag=193 bytes=0 sha256=e3b0c44298fc1c149afbf4c8996fb92427ae41e4649b934ca495991b7852b855
generated flag=194 bytes=0 sha256=e3b0c44298fc1c149afbf4c8996fb92427ae41e4649b934ca495991b7852b855
generated flag=195 bytes=0 sha256=e3b0c44298fc1c149afbf4c8996fb92427ae41e4649b934ca495991b7852b855
generated flag=196 bytes=0 sha256=e3b0c44298fc1c149afbf4c8996fb92427ae41e4649b934ca495991b7852b855
generated flag=197 bytes=0 sha256=e3b0c44298fc1c149afbf4c8996fb92427ae41e4649b934ca495991b7852b855
generated flag=198 bytes=0 sha256=e3b0c44298fc1c149afbf4c8996fb92427ae41e4649b934ca495991b7852b855
generated flag=199 bytes=0 sha256=e3b0c44298fc1c149afbf4c8996fb92427ae41e4649b934ca495991b7852b855
generated flag=200 bytes=0 sha256=e3b0c44298fc1c149afbf4c8996fb92427ae41e4649b934ca495991b7852b855
generated flag=201 bytes=0 sha256=e3b0c44298fc1c149afbf4c8996fb92427ae41e4649b934ca495991b7852b855
generated flag=202 bytes=0 sha256=e3b0c44298fc1c149afbf4c8996fb92427ae41e4649b934ca495991b7852b855
generated flag=203 bytes=0 sha256=e3b0c44298fc1c149afbf4c8996fb92427ae41e4649b934ca495991b7852b855
generated flag=204 bytes=0 sha256=e3b0c44298fc1c149afbf4c8996fb92427ae41e4649b934ca495991b7852b855
generated flag=205 bytes=0 sha256=e3b0c44298fc1c149afbf4c8996fb92427ae41e4649b934ca495991b7852b855
generated flag=206 bytes=0 sha256=e3b0c44298fc1c149afbf4c8996fb92427ae41e4649b934ca495991b7852b855
generated flag=207 bytes=0 sha256=e3b0c44298fc1c149afbf4c8996fb92427ae41e4649b934ca495991b7852b855
generated flag=208 bytes=0 sha256=e3b0c44298fc1c149afbf4c8996fb92427ae41e4649b934ca495991b7852b855
generated flag=209 bytes=0 sha256=e3b0c44298fc1c149afbf4c8996fb92427ae41e4649b934ca495991b7852b855
generated flag=210 bytes=0 sha256=e3b0c44298fc1c149afbf4c8996fb92427ae41e4649b934ca495991b7852b855
generated flag=211 bytes=0 sha256=e3b0c44298fc1c149afbf4c8996fb92427ae41e4649b934ca495991b7852b855
generated flag=212 bytes=0 sha256=e3b0c44298fc1c149afbf4c8996fb92427ae41e4649b934ca495991b7852b855
generated flag=213 bytes=0 sha256=e3b0c44298fc1c149afbf4c8996fb92427ae41e4649b934ca495991b7852b855
generated flag=214 bytes=0 sha256=e3b0c44298fc1c149afbf4c8996fb92427ae41e4649b934ca495991b7852b855
generated flag=215 bytes=0 sha256=e3b0c44298fc1c149afbf4c8996fb92427ae41e4649b934ca495991b7852b855
generated flag=216 bytes=0 sha256=e3b0c44298fc1c149afbf4c8996fb92427ae41e4649b934ca495991b7852b855
generated flag=217 bytes=0 sha256=e3b0c44298fc1c149afbf4c8996fb92427ae41e4649b934ca495991b7852b855
generated flag=218 bytes=0 sha256=e3b0c44298fc1c149afbf4c8996fb92427ae41e4649b934ca495991b7852b855
generated flag=219 bytes=0 sha256=e3b0c44298fc1c149afbf4c8996fb92427ae41e4649b934ca495991b7852b855
generated flag=220 bytes=0 sha256=e3b0c44298fc1c149afbf4c8996fb92427ae41e4649b934ca495991b7852b855
generated flag=221 bytes=0 sha256=e3b0c44298fc1c149afbf4c8996fb92427ae41e4649b934ca495991b7852b855
generated flag=222 bytes=0 sha256=e3b0c44298fc1c149afbf4c8996fb92427ae41e4649b934ca495991b7852b855
generated flag=223 bytes=0 sha256=e3b0c44298fc1c149afbf4c8996fb92427ae41e4649b934ca495991b7852b855
generated flag=224 bytes=0 sha256=e3b0c44298fc1c149afbf4c8996fb92427ae41e4649b934ca495991b7852b855
generated flag=225 bytes=0 sha256=e3b0c44298fc1c149afbf4c8996fb92427ae41e4649b934ca495991b7852b855
generated flag=226 bytes=0 sha256=e3b0c44298fc1c149afbf4c8996fb92427ae41e4649b934ca495991b7852b855
generated flag=227 bytes=0 sha256=e3b0c44298fc1c149afbf4c8996fb92427ae41e4649b934ca495991b7852b855
generated flag=228 bytes=0 sha256=e3b0c44298fc1c149afbf4c8996fb92427ae41e4649b934ca495991b7852b855
generated flag=229 bytes=0 sha256=e3b0c44298fc1c149afbf4c8996fb92427ae41e4649b934ca495991b7852b855
generated flag=230 bytes=0 sha256=e3b0c44298fc1c149afbf4c8996fb92427ae41e4649b934ca495991b7852b855
generated flag=231 bytes=0 sha256=e3b0c44298fc1c149afbf4c8996fb92427ae41e4649b934ca495991b7852b855
generated flag=232 bytes=0 sha256=e3b0c44298fc1c149afbf4c8996fb92427ae41e4649b934ca495991b7852b855
generated flag=233 bytes=0 sha256=e3b0c44298fc1c149afbf4c8996fb92427ae41e4649b934ca495991b7852b855
generated flag=234 bytes=0 sha256=e3b0c44298fc1c149afbf4c8996fb92427ae41e4649b934ca495991b7852b855
generated flag=235 bytes=0 sha256=e3b0c44298fc1c149afbf4c8996fb92427ae41e4649b934ca495991b7852b855
generated flag=236 bytes=0 sha256=e3b0c44298fc1c149afbf4c8996fb92427ae41e4649b934ca495991b7852b855
generated flag=237 bytes=0 sha256=e3b0c44298fc1c149afbf4c8996fb92427ae41e4649b934ca495991b7852b855
generated flag=238 bytes=0 sha256=e3b0c44298fc1c149afbf4c8996fb92427ae41e4649b934ca495991b7852b855
generated flag=239 bytes=0 sha256=e3b0c44298fc1c149afbf4c8996fb92427ae41e4649b934ca495991b7852b855
generated flag=240 bytes=0 sha256=e3b0c44298fc1c149afbf4c8996fb92427ae41e4649b934ca495991b7852b855
generated flag=241 bytes=0 sha256=e3b0c44298fc1c149afbf4c8996fb92427ae41e4649b934ca495991b7852b855
generated flag=242 bytes=0 sha256=e3b0c44298fc1c149afbf4c8996fb92427ae41e4649b934ca495991b7852b855
generated flag=243 bytes=0 sha256=e3b0c44298fc1c149afbf4c8996fb92427ae41e4649b934ca495991b7852b855
generated flag=244 bytes=0 sha256=e3b0c44298fc1c149afbf4c8996fb92427ae41e4649b934ca495991b7852b855
generated flag=245 bytes=0 sha256=e3b0c44298fc1c149afbf4c8996fb92427ae41e4649b934ca495991b7852b855
generated flag=246 bytes=0 sha256=e3b0c44298fc1c149afbf4c8996fb92427ae41e4649b934ca495991b7852b855
generated flag=247 bytes=0 sha256=e3b0c44298fc1c149afbf4c8996fb92427ae41e4649b934ca495991b7852b855
generated flag=248 bytes=0 sha256=e3b0c44298fc1c149afbf4c8996fb92427ae41e4649b934ca495991b7852b855
generated flag=249 bytes=0 sha256=e3b0c44298fc1c149afbf4c8996fb92427ae41e4649b934ca495991b7852b855
generated flag=250 bytes=0 sha256=e3b0c44298fc1c149afbf4c8996fb92427ae41e4649b934ca495991b7852b855
generated flag=251 bytes=0 sha256=e3b0c44298fc1c149afbf4c8996fb92427ae41e4649b934ca495991b7852b855
generated flag=252 bytes=0 sha256=e3b0c44298fc1c149afbf4c8996fb92427ae41e4649b934ca495991b7852b855
generated flag=253 bytes=0 sha256=e3b0c44298fc1c149afbf4c8996fb92427ae41e4649b934ca495991b7852b855
