GNU gdb (Ubuntu 15.1-1ubuntu1~24.04.1) 15.1
Copyright (C) 2024 Free Software Foundation, Inc.
License GPLv3+: GNU GPL version 3 or later <http://gnu.org/licenses/gpl.html>
This is free software: you are free to change and redistribute it.
There is NO WARRANTY, to the extent permitted by law.
Type "show copying" and "show warranty" for details.
This GDB was configured as "x86_64-linux-gnu".
Type "show configuration" for configuration details.
For bug reporting instructions, please see:
<https://www.gnu.org/software/gdb/bugs/>.
Find the GDB manual and other documentation resources online at:
    <http://www.gnu.org/software/gdb/documentation/>.

For help, type "help".
Type "apropos word" to search for commands related to "word".
warning: remote target does not support file transfer, attempting to access files from local filesystem.
Reading symbols from /samples/voicetext_paul.exe...
0x7bd64525 in DbgBreakPoint@0 ()
   from /usr/lib/i386-linux-gnu/wine/i386-windows/ntdll.dll
Wine-gdb> Wine-gdb> Wine-gdb> Wine-gdb> Signal        Stop	Print	Pass to program	Description
SIGSEGV       No	No	Yes		Segmentation fault
Wine-gdb> Signal        Stop	Print	Pass to program	Description
SIGSEGV       No	No	Yes		Segmentation fault
Wine-gdb> Breakpoint 1 at 0x1001da50
Wine-gdb> >>>>>>>>>>>>>>>>>>>>>>>> > > > > >>>>>>>>>>>>>>>>> > > >>>>>>> > > >>>> > > >>>> > > >>>>>>>>>>>> > > > >>> > > > >  >  >  > > > >  >  >  >  > > >>>>> > > >>>>>>>> > > >>>> > > > > >  >  >  > > > >  >  >  >  >  > > > >>>>>>>>>> > > >  >  > > >  >   >   >  >  > > > >  >  > > >  >   >   >  >   >   >  >  > > >>>>>>>>>>>Wine-gdb> Wine-gdb> Continuing.
SYNC_INIT_HEADER count=600 width=65 field3=00000000 fields4_13=ffffffff,
00000000,ffffffff,00000000,ffffffff,ffffffff,00000000,ffffffff,00000000,
ffffffff,
SYNC_INIT_ROWS row0_word=0000 row0_first=00000000/0000 row0_last=00000000/0000 row1_word=0000 rowlast_word=0000
SYNC_INIT_NESTED_PTRS row0_same=1 row1_same=1 row599_same=1
SYNC_INIT_ROW_WORDS row0=0000,00000000,00000000,00000000,00000000,00000000,
00000000,00000000, row1=0000,00000000,00000000,00000000,00000000,00000000,
00000000,00000000, row599=0000,00000000,00000000,00000000,00000000,00000000,
00000000,00000000,
SYNC_COPY_HEADER rows=600/600 width=65/65 row_arrays_distinct=1 fields3_13=
03030303/03030303,10000004/10000004,10000005/10000005,10000006/10000006,
10000007/10000007,10000008/10000008,10000009/10000009,1000000a/1000000a,
1000000b/1000000b,1000000c/1000000c,1000000d/1000000d,
SYNC_COPY_ROW row=0 word=1200/1200 nested_arrays_distinct=1 fields8_32=
11000000/11000000,11000001/11000001,11000002/11000002,11000003/11000003,
11000004/11000004,11000005/11000005,11000006/11000006, nested=
21000000/21000000:2200/2200,21000001/21000001:2201/2201,
21000002/21000002:2202/2202,
SYNC_COPY_ROW row=1 word=1201/1201 nested_arrays_distinct=1 fields8_32=
11000100/11000100,11000101/11000101,11000102/11000102,11000103/11000103,
11000104/11000104,11000105/11000105,11000106/11000106, nested=
21000100/21000100:2210/2210,21000101/21000101:2211/2211,
21000102/21000102:2212/2212,
SYNC_COPY_FULL rows=600 width=65 row_value_mismatches=0 nested_value_mismatches=0 shared_nested_pointers=0 last_row=17ff/17ff last_field=17ff0006/17ff0006 last_entry=27ff0000/27ff0000:27ff/27ff
[Inferior 1 (Remote target) exited normally]
Wine-gdb> 0114:0118: create process 'Z:\samples\voicetext_paul.exe'/00000000 @004014C0 (450560<1847>)
0114:0118: create thread I @004014C0
0114:0118: loads DLL C:\windows\system32\ntdll.dll @7BD10000 (2994176<5095>)
0114:0118: loads DLL C:\windows\system32\kernel32.dll @7BB90000 (1466368<19395>)
0114:0118: loads DLL C:\windows\system32\kernelbase.dll @7B650000 (5410816<14148>)
0114:0118: loads DLL C:\windows\system32\msvcrt.dll @7B2A0000 (2715648<8214>)
0114:0118: loads DLL Z:\samples\vt_pau.dll @10000000 (0<0>)
0114:0118: loads DLL C:\windows\system32\WINMM.dll @78EC0000 (1474560<4890>)
0114:0118: loads DLL C:\windows\system32\advapi32.dll @7B550000 (958464<7400>)
0114:0118: loads DLL C:\windows\system32\sechost.dll @7B200000 (565248<3163>)
0114:0118: loads DLL C:\windows\system32\ucrtbase.dll @7AEE0000 (3198976<11541>)
0114:0118: loads DLL C:\windows\system32\msacm32.dll @78E40000 (413696<1982>)
0114:0118: loads DLL C:\windows\system32\user32.dll @7A160000 (5005312<14159>)
0114:0118: loads DLL Z:\samples\zlib1.dll @7A120000 (135680<0>)
0114:0118: loads DLL C:\windows\system32\gdi32.dll @7A640000 (2355200<7390>)
0114:0118: loads DLL C:\windows\system32\win32u.dll @7A0D0000 (221184<1966>)
0114:0118: loads DLL C:\windows\system32\ole32.dll @7A9F0000 (4440064<14323>)
0114:0118: loads DLL C:\windows\system32\combase.dll @7A890000 (1314816<7562>)
0114:0118: loads DLL C:\windows\system32\rpcrt4.dll @79EA0000 (2162688<9274>)
0114:0118: loads DLL C:\windows\system32\coml2.dll @79E40000 (262144<3883>)
0114:0118: loads DLL C:\windows\system32\iphlpapi.dll @779C0000 (487424<4777>)
0114:0118: loads DLL C:\windows\system32\dnsapi.dll @77970000 (258048<1399>)
0114:0118: loads DLL C:\windows\system32\nsi.dll @77940000 (118784<823>)
0114:0118: loads DLL C:\windows\system32\ws2_32.dll @7AE40000 (565248<2279>)
0114:0118: loads DLL C:\windows\system32\tzres.dll @009C0000 (0<0>)
00000114:00000118: unload DLL @009C0000
0114:0118: loads DLL C:\windows\system32\tzres.dll @009C0000 (0<0>)
00000114:00000118: unload DLL @009C0000
0114:0118: loads DLL C:\windows\system32\imm32.dll @782F0000 (401408<2996>)
0114:0118: loads DLL C:\windows\system32\winex11.drv @780F0000 (307200<4314>)
0114:0118: loads DLL C:\windows\system32\uxtheme.dll @77FF0000 (671744<3646>)
00000114:00000118: exit process (0)
X connection to :99 broken (explicit kill or server shutdown).
X connection to :99 broken (explicit kill or server shutdown).
