GNU gdb (Ubuntu 15.1-1ubuntu1~24.04.1) 15.1
Copyright (C) 2024 Free Software Foundation, Inc.
License GPLv3+: GNU GPL version 3 or later <http://gnu.org/licenses/gpl.html>
This is free software: you are free to change and redistribute it.
There is NO WARRANTY, to the extent permitted by law.
Type "show copying" and "show warranty" for details.
This GDB was configured as "x86_64-linux-gnu".
Type "show configuration" for configuration details.
For bug reporting instructions, please see:
<https://www.gnu.org/software/gdb/bugs/>.
Find the GDB manual and other documentation resources online at:
    <http://www.gnu.org/software/gdb/documentation/>.

For help, type "help".
Type "apropos word" to search for commands related to "word".
warning: remote target does not support file transfer, attempting to access files from local filesystem.
Reading symbols from /samples/voicetext_paul.exe...
0x7bd64525 in DbgBreakPoint@0 ()
   from /usr/lib/i386-linux-gnu/wine/i386-windows/ntdll.dll
Wine-gdb> Wine-gdb> Wine-gdb> Wine-gdb> Signal        Stop	Print	Pass to program	Description
SIGSEGV       No	No	Yes		Segmentation fault
Wine-gdb> Signal        Stop	Print	Pass to program	Description
SIGSEGV       No	No	Yes		Segmentation fault
Wine-gdb> >> > > > > >  >  >  > > > >  >  >  >  >   >   >   >  >  >  >  >   >   >   >  >  >  > >>Wine-gdb> Wine-gdb> Breakpoint 1 at 0x1001da50
Wine-gdb> >>>>>>>>>>>>> > > > >>> > > > >  >  >  >  > > >>>>>Wine-gdb> Wine-gdb> Continuing.
SYNC_RUNTIME_HEADER poll=-1 words=014e7750,00000258,00000041,00000008,00000000,
00000000,00000000,00000000,00000000,0000752f,00000003,00000d44,00000002,
00000434,
SYNC_RUNTIME_ROW poll=-1 i=0 count=4 ptr=0x14ecbb8 fields8_32=0000176a,
00000000,00000004,00000000,0000000a,00000002,00000000, nested=00000586:000f,
0000038a:000a,0000051d:0014,0000093d:0018,
SYNC_RUNTIME_ROW poll=-1 i=1 count=4 ptr=0x14ecdd0 fields8_32=000016b1,
00000006,0000000a,00000000,0000000a,00000002,00000001, nested=000005d3:0023,
0000068c:000b,00000702:0014,00000350:0008,
SYNC_RUNTIME_ROW poll=-1 i=2 count=1 ptr=0x14ecfe8 fields8_32=000039d0,
00000006,0000000a,00000000,0000000a,00000002,00000001, nested=000039d0:0028,
SYNC_RUNTIME_ROW poll=-1 i=3 count=4 ptr=0x14ed200 fields8_32=0000176a,
0000000d,00000011,0000000d,00000017,00000002,00000000, nested=00000586:000f,
0000038a:000a,0000051d:0014,0000093d:0018,
SYNC_RUNTIME_ROW poll=-1 i=4 count=4 ptr=0x14ed418 fields8_32=000016b1,
00000013,00000017,0000000d,00000017,00000002,00000001, nested=000005d3:0023,
0000068c:000b,00000702:0014,00000350:0008,
SYNC_RUNTIME_ROW poll=-1 i=5 count=1 ptr=0x14ed630 fields8_32=000039d0,
00000013,00000017,0000000d,00000017,00000002,00000001, nested=000039d0:0028,
SYNC_RUNTIME_ROW poll=-1 i=6 count=4 ptr=0x14ed848 fields8_32=00000e2d,
0000001a,0000001e,0000001a,00000024,00000002,00000000, nested=00000586:000f,
0000038a:000a,0000051d:0014,00000000:0018,
SYNC_RUNTIME_ROW poll=-1 i=7 count=4 ptr=0x14eda60 fields8_32=00000000,
00000020,00000024,0000001a,00000024,00000002,00000001, nested=00000000:0023,
00000000:000b,00000000:0014,00000000:0008,
SYNC_RUNTIME_HEADER poll=0 words=014e7750,00000258,00000041,0000000b,00007530,
00000003,00000d45,00000002,00000435,0000ea5f,00000007,0000031f,00000000,
0000031f,
SYNC_RUNTIME_ROW poll=0 i=0 count=4 ptr=0x14ecbb8 fields8_32=0000176a,00000000,
00000004,00000000,0000000a,00000002,00000000, nested=00000586:000f,
0000038a:000a,0000051d:0014,0000093d:0018,
SYNC_RUNTIME_ROW poll=0 i=1 count=4 ptr=0x14ecdd0 fields8_32=000016b1,00000006,
0000000a,00000000,0000000a,00000002,00000001, nested=000005d3:0023,
0000068c:000b,00000702:0014,00000350:0008,
SYNC_RUNTIME_ROW poll=0 i=2 count=1 ptr=0x14ecfe8 fields8_32=000039d0,00000006,
0000000a,00000000,0000000a,00000002,00000001, nested=000039d0:0028,
SYNC_RUNTIME_ROW poll=0 i=3 count=4 ptr=0x14ed200 fields8_32=0000176a,0000000d,
00000011,0000000d,00000017,00000002,00000000, nested=00000586:000f,
0000038a:000a,0000051d:0014,0000093d:0018,
SYNC_RUNTIME_ROW poll=0 i=4 count=4 ptr=0x14ed418 fields8_32=000016b1,00000013,
00000017,0000000d,00000017,00000002,00000001, nested=000005d3:0023,
0000068c:000b,00000702:0014,00000350:0008,
SYNC_RUNTIME_ROW poll=0 i=5 count=1 ptr=0x14ed630 fields8_32=000039d0,00000013,
00000017,0000000d,00000017,00000002,00000001, nested=000039d0:0028,
SYNC_RUNTIME_ROW poll=0 i=6 count=4 ptr=0x14ed848 fields8_32=0000176a,0000001a,
0000001e,0000001a,00000024,00000002,00000000, nested=00000586:000f,
0000038a:000a,0000051d:0014,0000093d:0018,
SYNC_RUNTIME_ROW poll=0 i=7 count=4 ptr=0x14eda60 fields8_32=000016b1,00000020,
00000024,0000001a,00000024,00000002,00000001, nested=000005d3:0023,
0000068c:000b,00000702:0014,00000350:0008,
SYNC_RUNTIME_ROW poll=0 i=8 count=1 ptr=0x14edc78 fields8_32=000039d0,00000020,
00000024,0000001a,00000024,00000002,00000001, nested=000039d0:0028,
SYNC_RUNTIME_ROW poll=0 i=9 count=4 ptr=0x14ede90 fields8_32=000011d6,00000027,
0000002b,00000027,00000031,00000002,00000000, nested=00000586:000f,
0000038a:000a,0000051d:0014,000003a9:0018,
SYNC_RUNTIME_ROW poll=0 i=10 count=4 ptr=0x14ee0a8 fields8_32=00000000,
0000002d,00000031,00000027,00000031,00000002,00000001, nested=00000000:0023,
00000000:000b,00000000:0014,00000000:0008,
SYNC_RUNTIME_HEADER poll=1 words=014e7750,00000258,00000041,0000000e,0000ea60,
00000007,00000320,00000000,00000320,00015f8f,0000000a,00001064,00000002,
00000405,
SYNC_RUNTIME_ROW poll=1 i=0 count=4 ptr=0x14ecbb8 fields8_32=0000176a,00000000,
00000004,00000000,0000000a,00000002,00000000, nested=00000586:000f,
0000038a:000a,0000051d:0014,0000093d:0018,
SYNC_RUNTIME_ROW poll=1 i=1 count=4 ptr=0x14ecdd0 fields8_32=000016b1,00000006,
0000000a,00000000,0000000a,00000002,00000001, nested=000005d3:0023,
0000068c:000b,00000702:0014,00000350:0008,
SYNC_RUNTIME_ROW poll=1 i=2 count=1 ptr=0x14ecfe8 fields8_32=000039d0,00000006,
0000000a,00000000,0000000a,00000002,00000001, nested=000039d0:0028,
SYNC_RUNTIME_ROW poll=1 i=3 count=4 ptr=0x14ed200 fields8_32=0000176a,0000000d,
00000011,0000000d,00000017,00000002,00000000, nested=00000586:000f,
0000038a:000a,0000051d:0014,0000093d:0018,
SYNC_RUNTIME_ROW poll=1 i=4 count=4 ptr=0x14ed418 fields8_32=000016b1,00000013,
00000017,0000000d,00000017,00000002,00000001, nested=000005d3:0023,
0000068c:000b,00000702:0014,00000350:0008,
SYNC_RUNTIME_ROW poll=1 i=5 count=1 ptr=0x14ed630 fields8_32=000039d0,00000013,
00000017,0000000d,00000017,00000002,00000001, nested=000039d0:0028,
SYNC_RUNTIME_ROW poll=1 i=6 count=4 ptr=0x14ed848 fields8_32=0000176a,0000001a,
0000001e,0000001a,00000024,00000002,00000000, nested=00000586:000f,
0000038a:000a,0000051d:0014,0000093d:0018,
SYNC_RUNTIME_ROW poll=1 i=7 count=4 ptr=0x14eda60 fields8_32=000016b1,00000020,
00000024,0000001a,00000024,00000002,00000001, nested=000005d3:0023,
0000068c:000b,00000702:0014,00000350:0008,
SYNC_RUNTIME_ROW poll=1 i=8 count=1 ptr=0x14edc78 fields8_32=000039d0,00000020,
00000024,0000001a,00000024,00000002,00000001, nested=000039d0:0028,
SYNC_RUNTIME_ROW poll=1 i=9 count=4 ptr=0x14ede90 fields8_32=0000176a,00000027,
0000002b,00000027,00000031,00000002,00000000, nested=00000586:000f,
0000038a:000a,0000051d:0014,0000093d:0018,
SYNC_RUNTIME_ROW poll=1 i=10 count=4 ptr=0x14ee0a8 fields8_32=000016b1,
0000002d,00000031,00000027,00000031,00000002,00000001, nested=000005d3:0023,
0000068c:000b,00000702:0014,00000350:0008,
SYNC_RUNTIME_ROW poll=1 i=11 count=1 ptr=0x14ee2c0 fields8_32=000039d0,
0000002d,00000031,00000027,00000031,00000002,00000001, nested=000039d0:0028,
SYNC_RUNTIME_ROW poll=1 i=12 count=4 ptr=0x14ee4d8 fields8_32=0000176a,
0000004e,00000052,0000004e,00000058,00000002,00000000, nested=00000586:000f,
0000038a:000a,0000051d:0014,0000093d:0018,
SYNC_RUNTIME_ROW poll=1 i=13 count=4 ptr=0x14ee6f0 fields8_32=00000000,
00000054,00000058,0000004e,00000058,00000002,00000001, nested=00000000:0023,
00000000:000b,00000000:0014,00000000:0008,
SYNC_RUNTIME_HEADER poll=2 words=014e7750,00000258,00000041,00000011,00015f90,
0000000a,00001065,00000002,00000406,0001d4bf,0000000e,000006f8,00000000,
000006f8,
SYNC_RUNTIME_ROW poll=2 i=0 count=4 ptr=0x14ecbb8 fields8_32=0000176a,00000000,
00000004,00000000,0000000a,00000002,00000000, nested=00000586:000f,
0000038a:000a,0000051d:0014,0000093d:0018,
SYNC_RUNTIME_ROW poll=2 i=1 count=4 ptr=0x14ecdd0 fields8_32=000016b1,00000006,
0000000a,00000000,0000000a,00000002,00000001, nested=000005d3:0023,
0000068c:000b,00000702:0014,00000350:0008,
SYNC_RUNTIME_ROW poll=2 i=2 count=1 ptr=0x14ecfe8 fields8_32=000039d0,00000006,
0000000a,00000000,0000000a,00000002,00000001, nested=000039d0:0028,
SYNC_RUNTIME_ROW poll=2 i=3 count=4 ptr=0x14ed200 fields8_32=0000176a,0000000d,
00000011,0000000d,00000017,00000002,00000000, nested=00000586:000f,
0000038a:000a,0000051d:0014,0000093d:0018,
SYNC_RUNTIME_ROW poll=2 i=4 count=4 ptr=0x14ed418 fields8_32=000016b1,00000013,
00000017,0000000d,00000017,00000002,00000001, nested=000005d3:0023,
0000068c:000b,00000702:0014,00000350:0008,
SYNC_RUNTIME_ROW poll=2 i=5 count=1 ptr=0x14ed630 fields8_32=000039d0,00000013,
00000017,0000000d,00000017,00000002,00000001, nested=000039d0:0028,
SYNC_RUNTIME_ROW poll=2 i=6 count=4 ptr=0x14ed848 fields8_32=0000176a,0000001a,
0000001e,0000001a,00000024,00000002,00000000, nested=00000586:000f,
0000038a:000a,0000051d:0014,0000093d:0018,
SYNC_RUNTIME_ROW poll=2 i=7 count=4 ptr=0x14eda60 fields8_32=000016b1,00000020,
00000024,0000001a,00000024,00000002,00000001, nested=000005d3:0023,
0000068c:000b,00000702:0014,00000350:0008,
SYNC_RUNTIME_ROW poll=2 i=8 count=1 ptr=0x14edc78 fields8_32=000039d0,00000020,
00000024,0000001a,00000024,00000002,00000001, nested=000039d0:0028,
SYNC_RUNTIME_ROW poll=2 i=9 count=4 ptr=0x14ede90 fields8_32=0000176a,00000027,
0000002b,00000027,00000031,00000002,00000000, nested=00000586:000f,
0000038a:000a,0000051d:0014,0000093d:0018,
SYNC_RUNTIME_ROW poll=2 i=10 count=4 ptr=0x14ee0a8 fields8_32=000016b1,
0000002d,00000031,00000027,00000031,00000002,00000001, nested=000005d3:0023,
0000068c:000b,00000702:0014,00000350:0008,
SYNC_RUNTIME_ROW poll=2 i=11 count=1 ptr=0x14ee2c0 fields8_32=000039d0,
0000002d,00000031,00000027,00000031,00000002,00000001, nested=000039d0:0028,
SYNC_RUNTIME_ROW poll=2 i=12 count=4 ptr=0x14ee4d8 fields8_32=0000176a,
0000004e,00000052,0000004e,00000058,00000002,00000000, nested=00000586:000f,
0000038a:000a,0000051d:0014,0000093d:0018,
SYNC_RUNTIME_ROW poll=2 i=13 count=4 ptr=0x14ee6f0 fields8_32=000016b1,
00000054,00000058,0000004e,00000058,00000002,00000001, nested=000005d3:0023,
0000068c:000b,00000702:0014,00000350:0008,
SYNC_RUNTIME_ROW poll=2 i=14 count=1 ptr=0x14ee908 fields8_32=000039d0,
00000054,00000058,0000004e,00000058,00000002,00000001, nested=000039d0:0028,
SYNC_RUNTIME_ROW poll=2 i=15 count=4 ptr=0x14eeb38 fields8_32=0000176a,
0000005b,0000005f,0000005b,00000065,00000002,00000000, nested=00000586:000f,
0000038a:000a,0000051d:0014,0000093d:0018,
SYNC_RUNTIME_ROW poll=2 i=16 count=4 ptr=0x14eed58 fields8_32=000005d3,
00000061,00000065,0000005b,00000065,00000002,00000001, nested=000005d3:0023,
00000000:000b,00000000:0014,00000000:0008,
SYNC_RUNTIME_HEADER poll=3 words=014e7750,00000258,00000041,00000014,0001d4c0,
0000000e,000006f9,00000000,000006f9,000249ef,00000011,0000143d,00000000,
0000143d,
SYNC_RUNTIME_ROW poll=3 i=0 count=4 ptr=0x14ecbb8 fields8_32=0000176a,00000000,
00000004,00000000,0000000a,00000002,00000000, nested=00000586:000f,
0000038a:000a,0000051d:0014,0000093d:0018,
SYNC_RUNTIME_ROW poll=3 i=1 count=4 ptr=0x14ecdd0 fields8_32=000016b1,00000006,
0000000a,00000000,0000000a,00000002,00000001, nested=000005d3:0023,
0000068c:000b,00000702:0014,00000350:0008,
SYNC_RUNTIME_ROW poll=3 i=2 count=1 ptr=0x14ecfe8 fields8_32=000039d0,00000006,
0000000a,00000000,0000000a,00000002,00000001, nested=000039d0:0028,
SYNC_RUNTIME_ROW poll=3 i=3 count=4 ptr=0x14ed200 fields8_32=0000176a,0000000d,
00000011,0000000d,00000017,00000002,00000000, nested=00000586:000f,
0000038a:000a,0000051d:0014,0000093d:0018,
SYNC_RUNTIME_ROW poll=3 i=4 count=4 ptr=0x14ed418 fields8_32=000016b1,00000013,
00000017,0000000d,00000017,00000002,00000001, nested=000005d3:0023,
0000068c:000b,00000702:0014,00000350:0008,
SYNC_RUNTIME_ROW poll=3 i=5 count=1 ptr=0x14ed630 fields8_32=000039d0,00000013,
00000017,0000000d,00000017,00000002,00000001, nested=000039d0:0028,
SYNC_RUNTIME_ROW poll=3 i=6 count=4 ptr=0x14ed848 fields8_32=0000176a,0000001a,
0000001e,0000001a,00000024,00000002,00000000, nested=00000586:000f,
0000038a:000a,0000051d:0014,0000093d:0018,
SYNC_RUNTIME_ROW poll=3 i=7 count=4 ptr=0x14eda60 fields8_32=000016b1,00000020,
00000024,0000001a,00000024,00000002,00000001, nested=000005d3:0023,
0000068c:000b,00000702:0014,00000350:0008,
SYNC_RUNTIME_ROW poll=3 i=8 count=1 ptr=0x14edc78 fields8_32=000039d0,00000020,
00000024,0000001a,00000024,00000002,00000001, nested=000039d0:0028,
SYNC_RUNTIME_ROW poll=3 i=9 count=4 ptr=0x14ede90 fields8_32=0000176a,00000027,
0000002b,00000027,00000031,00000002,00000000, nested=00000586:000f,
0000038a:000a,0000051d:0014,0000093d:0018,
SYNC_RUNTIME_ROW poll=3 i=10 count=4 ptr=0x14ee0a8 fields8_32=000016b1,
0000002d,00000031,00000027,00000031,00000002,00000001, nested=000005d3:0023,
0000068c:000b,00000702:0014,00000350:0008,
SYNC_RUNTIME_ROW poll=3 i=11 count=1 ptr=0x14ee2c0 fields8_32=000039d0,
0000002d,00000031,00000027,00000031,00000002,00000001, nested=000039d0:0028,
SYNC_RUNTIME_ROW poll=3 i=12 count=4 ptr=0x14ee4d8 fields8_32=0000176a,
0000004e,00000052,0000004e,00000058,00000002,00000000, nested=00000586:000f,
0000038a:000a,0000051d:0014,0000093d:0018,
SYNC_RUNTIME_ROW poll=3 i=13 count=4 ptr=0x14ee6f0 fields8_32=000016b1,
00000054,00000058,0000004e,00000058,00000002,00000001, nested=000005d3:0023,
0000068c:000b,00000702:0014,00000350:0008,
SYNC_RUNTIME_ROW poll=3 i=14 count=1 ptr=0x14ee908 fields8_32=000039d0,
00000054,00000058,0000004e,00000058,00000002,00000001, nested=000039d0:0028,
SYNC_RUNTIME_ROW poll=3 i=15 count=4 ptr=0x14eeb38 fields8_32=0000176a,
0000005b,0000005f,0000005b,00000065,00000002,00000000, nested=00000586:000f,
0000038a:000a,0000051d:0014,0000093d:0018,
SYNC_RUNTIME_ROW poll=3 i=16 count=4 ptr=0x14eed58 fields8_32=000016b1,
00000061,00000065,0000005b,00000065,00000002,00000001, nested=000005d3:0023,
0000068c:000b,00000702:0014,00000350:0008,
SYNC_RUNTIME_ROW poll=3 i=17 count=1 ptr=0x14eef78 fields8_32=000039d0,
00000061,00000065,0000005b,00000065,00000002,00000001, nested=000039d0:0028,
SYNC_RUNTIME_ROW poll=3 i=18 count=4 ptr=0x14ef198 fields8_32=0000176a,
00000068,0000006c,00000068,00000072,00000002,00000000, nested=00000586:000f,
0000038a:000a,0000051d:0014,0000093d:0018,
SYNC_RUNTIME_ROW poll=3 i=19 count=4 ptr=0x14ef3b8 fields8_32=00000c5f,
0000006e,00000072,00000068,00000072,00000002,00000001, nested=000005d3:0023,
0000068c:000b,00000000:0014,00000000:0008,
SYNC_RUNTIME_HEADER poll=4 words=014e7750,00000258,00000041,00000017,000249f0,
00000011,0000143e,00000000,0000143e,0002bf1f,00000014,00002182,00000000,
00002182,
SYNC_RUNTIME_ROW poll=4 i=0 count=4 ptr=0x14ecbb8 fields8_32=0000176a,00000000,
00000004,00000000,0000000a,00000002,00000000, nested=00000586:000f,
0000038a:000a,0000051d:0014,0000093d:0018,
SYNC_RUNTIME_ROW poll=4 i=1 count=4 ptr=0x14ecdd0 fields8_32=000016b1,00000006,
0000000a,00000000,0000000a,00000002,00000001, nested=000005d3:0023,
0000068c:000b,00000702:0014,00000350:0008,
SYNC_RUNTIME_ROW poll=4 i=2 count=1 ptr=0x14ecfe8 fields8_32=000039d0,00000006,
0000000a,00000000,0000000a,00000002,00000001, nested=000039d0:0028,
SYNC_RUNTIME_ROW poll=4 i=3 count=4 ptr=0x14ed200 fields8_32=0000176a,0000000d,
00000011,0000000d,00000017,00000002,00000000, nested=00000586:000f,
0000038a:000a,0000051d:0014,0000093d:0018,
SYNC_RUNTIME_ROW poll=4 i=4 count=4 ptr=0x14ed418 fields8_32=000016b1,00000013,
00000017,0000000d,00000017,00000002,00000001, nested=000005d3:0023,
0000068c:000b,00000702:0014,00000350:0008,
SYNC_RUNTIME_ROW poll=4 i=5 count=1 ptr=0x14ed630 fields8_32=000039d0,00000013,
00000017,0000000d,00000017,00000002,00000001, nested=000039d0:0028,
SYNC_RUNTIME_ROW poll=4 i=6 count=4 ptr=0x14ed848 fields8_32=0000176a,0000001a,
0000001e,0000001a,00000024,00000002,00000000, nested=00000586:000f,
0000038a:000a,0000051d:0014,0000093d:0018,
SYNC_RUNTIME_ROW poll=4 i=7 count=4 ptr=0x14eda60 fields8_32=000016b1,00000020,
00000024,0000001a,00000024,00000002,00000001, nested=000005d3:0023,
0000068c:000b,00000702:0014,00000350:0008,
SYNC_RUNTIME_ROW poll=4 i=8 count=1 ptr=0x14edc78 fields8_32=000039d0,00000020,
00000024,0000001a,00000024,00000002,00000001, nested=000039d0:0028,
SYNC_RUNTIME_ROW poll=4 i=9 count=4 ptr=0x14ede90 fields8_32=0000176a,00000027,
0000002b,00000027,00000031,00000002,00000000, nested=00000586:000f,
0000038a:000a,0000051d:0014,0000093d:0018,
SYNC_RUNTIME_ROW poll=4 i=10 count=4 ptr=0x14ee0a8 fields8_32=000016b1,
0000002d,00000031,00000027,00000031,00000002,00000001, nested=000005d3:0023,
0000068c:000b,00000702:0014,00000350:0008,
SYNC_RUNTIME_ROW poll=4 i=11 count=1 ptr=0x14ee2c0 fields8_32=000039d0,
0000002d,00000031,00000027,00000031,00000002,00000001, nested=000039d0:0028,
SYNC_RUNTIME_ROW poll=4 i=12 count=4 ptr=0x14ee4d8 fields8_32=0000176a,
0000004e,00000052,0000004e,00000058,00000002,00000000, nested=00000586:000f,
0000038a:000a,0000051d:0014,0000093d:0018,
SYNC_RUNTIME_ROW poll=4 i=13 count=4 ptr=0x14ee6f0 fields8_32=000016b1,
00000054,00000058,0000004e,00000058,00000002,00000001, nested=000005d3:0023,
0000068c:000b,00000702:0014,00000350:0008,
SYNC_RUNTIME_ROW poll=4 i=14 count=1 ptr=0x14ee908 fields8_32=000039d0,
00000054,00000058,0000004e,00000058,00000002,00000001, nested=000039d0:0028,
SYNC_RUNTIME_ROW poll=4 i=15 count=4 ptr=0x14eeb38 fields8_32=0000176a,
0000005b,0000005f,0000005b,00000065,00000002,00000000, nested=00000586:000f,
0000038a:000a,0000051d:0014,0000093d:0018,
SYNC_RUNTIME_ROW poll=4 i=16 count=4 ptr=0x14eed58 fields8_32=000016b1,
00000061,00000065,0000005b,00000065,00000002,00000001, nested=000005d3:0023,
0000068c:000b,00000702:0014,00000350:0008,
SYNC_RUNTIME_ROW poll=4 i=17 count=1 ptr=0x14eef78 fields8_32=000039d0,
00000061,00000065,0000005b,00000065,00000002,00000001, nested=000039d0:0028,
SYNC_RUNTIME_ROW poll=4 i=18 count=4 ptr=0x14ef198 fields8_32=0000176a,
00000068,0000006c,00000068,00000072,00000002,00000000, nested=00000586:000f,
0000038a:000a,0000051d:0014,0000093d:0018,
SYNC_RUNTIME_ROW poll=4 i=19 count=4 ptr=0x14ef3b8 fields8_32=000016b1,
0000006e,00000072,00000068,00000072,00000002,00000001, nested=000005d3:0023,
0000068c:000b,00000702:0014,00000350:0008,
SYNC_RUNTIME_ROW poll=4 i=20 count=1 ptr=0x14ef5d8 fields8_32=000039d0,
0000006e,00000072,00000068,00000072,00000002,00000001, nested=000039d0:0028,
SYNC_RUNTIME_ROW poll=4 i=21 count=4 ptr=0x14ef7f8 fields8_32=0000176a,
00000075,00000079,00000075,0000007f,00000002,00000000, nested=00000586:000f,
0000038a:000a,0000051d:0014,0000093d:0018,
SYNC_RUNTIME_ROW poll=4 i=22 count=4 ptr=0x14efa18 fields8_32=00001361,
0000007b,0000007f,00000075,0000007f,00000002,00000001, nested=000005d3:0023,
0000068c:000b,00000702:0014,00000000:0008,
SYNC_RUNTIME_HEADER poll=5 words=014e7750,00000258,00000041,0000001d,0002bf20,
00000014,00002183,00000000,00002183,0003344f,00000017,00002ec7,00000000,
00002ec7,
SYNC_RUNTIME_ROW poll=5 i=0 count=4 ptr=0x14ecbb8 fields8_32=0000176a,00000000,
00000004,00000000,0000000a,00000002,00000000, nested=00000586:000f,
0000038a:000a,0000051d:0014,0000093d:0018,
SYNC_RUNTIME_ROW poll=5 i=1 count=4 ptr=0x14ecdd0 fields8_32=000016b1,00000006,
0000000a,00000000,0000000a,00000002,00000001, nested=000005d3:0023,
0000068c:000b,00000702:0014,00000350:0008,
SYNC_RUNTIME_ROW poll=5 i=2 count=1 ptr=0x14ecfe8 fields8_32=000039d0,00000006,
0000000a,00000000,0000000a,00000002,00000001, nested=000039d0:0028,
SYNC_RUNTIME_ROW poll=5 i=3 count=4 ptr=0x14ed200 fields8_32=0000176a,0000000d,
00000011,0000000d,00000017,00000002,00000000, nested=00000586:000f,
0000038a:000a,0000051d:0014,0000093d:0018,
SYNC_RUNTIME_ROW poll=5 i=4 count=4 ptr=0x14ed418 fields8_32=000016b1,00000013,
00000017,0000000d,00000017,00000002,00000001, nested=000005d3:0023,
0000068c:000b,00000702:0014,00000350:0008,
SYNC_RUNTIME_ROW poll=5 i=5 count=1 ptr=0x14ed630 fields8_32=000039d0,00000013,
00000017,0000000d,00000017,00000002,00000001, nested=000039d0:0028,
SYNC_RUNTIME_ROW poll=5 i=6 count=4 ptr=0x14ed848 fields8_32=0000176a,0000001a,
0000001e,0000001a,00000024,00000002,00000000, nested=00000586:000f,
0000038a:000a,0000051d:0014,0000093d:0018,
SYNC_RUNTIME_ROW poll=5 i=7 count=4 ptr=0x14eda60 fields8_32=000016b1,00000020,
00000024,0000001a,00000024,00000002,00000001, nested=000005d3:0023,
0000068c:000b,00000702:0014,00000350:0008,
SYNC_RUNTIME_ROW poll=5 i=8 count=1 ptr=0x14edc78 fields8_32=000039d0,00000020,
00000024,0000001a,00000024,00000002,00000001, nested=000039d0:0028,
SYNC_RUNTIME_ROW poll=5 i=9 count=4 ptr=0x14ede90 fields8_32=0000176a,00000027,
0000002b,00000027,00000031,00000002,00000000, nested=00000586:000f,
0000038a:000a,0000051d:0014,0000093d:0018,
SYNC_RUNTIME_ROW poll=5 i=10 count=4 ptr=0x14ee0a8 fields8_32=000016b1,
0000002d,00000031,00000027,00000031,00000002,00000001, nested=000005d3:0023,
0000068c:000b,00000702:0014,00000350:0008,
SYNC_RUNTIME_ROW poll=5 i=11 count=1 ptr=0x14ee2c0 fields8_32=000039d0,
0000002d,00000031,00000027,00000031,00000002,00000001, nested=000039d0:0028,
SYNC_RUNTIME_ROW poll=5 i=12 count=4 ptr=0x14ee4d8 fields8_32=0000176a,
0000004e,00000052,0000004e,00000058,00000002,00000000, nested=00000586:000f,
0000038a:000a,0000051d:0014,0000093d:0018,
SYNC_RUNTIME_ROW poll=5 i=13 count=4 ptr=0x14ee6f0 fields8_32=000016b1,
00000054,00000058,0000004e,00000058,00000002,00000001, nested=000005d3:0023,
0000068c:000b,00000702:0014,00000350:0008,
SYNC_RUNTIME_ROW poll=5 i=14 count=1 ptr=0x14ee908 fields8_32=000039d0,
00000054,00000058,0000004e,00000058,00000002,00000001, nested=000039d0:0028,
SYNC_RUNTIME_ROW poll=5 i=15 count=4 ptr=0x14eeb38 fields8_32=0000176a,
0000005b,0000005f,0000005b,00000065,00000002,00000000, nested=00000586:000f,
0000038a:000a,0000051d:0014,0000093d:0018,
SYNC_RUNTIME_ROW poll=5 i=16 count=4 ptr=0x14eed58 fields8_32=000016b1,
00000061,00000065,0000005b,00000065,00000002,00000001, nested=000005d3:0023,
0000068c:000b,00000702:0014,00000350:0008,
SYNC_RUNTIME_ROW poll=5 i=17 count=1 ptr=0x14eef78 fields8_32=000039d0,
00000061,00000065,0000005b,00000065,00000002,00000001, nested=000039d0:0028,
SYNC_RUNTIME_ROW poll=5 i=18 count=4 ptr=0x14ef198 fields8_32=0000176a,
00000068,0000006c,00000068,00000072,00000002,00000000, nested=00000586:000f,
0000038a:000a,0000051d:0014,0000093d:0018,
SYNC_RUNTIME_ROW poll=5 i=19 count=4 ptr=0x14ef3b8 fields8_32=000016b1,
0000006e,00000072,00000068,00000072,00000002,00000001, nested=000005d3:0023,
0000068c:000b,00000702:0014,00000350:0008,
SYNC_RUNTIME_ROW poll=5 i=20 count=1 ptr=0x14ef5d8 fields8_32=000039d0,
0000006e,00000072,00000068,00000072,00000002,00000001, nested=000039d0:0028,
SYNC_RUNTIME_ROW poll=5 i=21 count=4 ptr=0x14ef7f8 fields8_32=0000176a,
00000075,00000079,00000075,0000007f,00000002,00000000, nested=00000586:000f,
0000038a:000a,0000051d:0014,0000093d:0018,
SYNC_RUNTIME_ROW poll=5 i=22 count=4 ptr=0x14efa18 fields8_32=000016b1,
0000007b,0000007f,00000075,0000007f,00000002,00000001, nested=000005d3:0023,
0000068c:000b,00000702:0014,00000350:0008,
SYNC_RUNTIME_ROW poll=5 i=23 count=1 ptr=0x14efc38 fields8_32=000039d0,
0000007b,0000007f,00000075,0000007f,00000002,00000001, nested=000039d0:0028,
SYNC_RUNTIME_ROW poll=5 i=24 count=4 ptr=0x14efe58 fields8_32=0000176a,
00000082,00000086,00000082,0000008c,00000002,00000000, nested=00000586:000f,
0000038a:000a,0000051d:0014,0000093d:0018,
SYNC_RUNTIME_ROW poll=5 i=25 count=4 ptr=0x14f0078 fields8_32=000016b1,
00000088,0000008c,00000082,0000008c,00000002,00000001, nested=000005d3:0023,
0000068c:000b,00000702:0014,00000350:0008,
SYNC_RUNTIME_ROW poll=5 i=26 count=1 ptr=0x14f0298 fields8_32=000009f5,
00000088,0000008c,00000082,0000008c,00000002,00000001, nested=000009f5:0028,
SYNC_RUNTIME_ROW poll=5 i=27 count=4 ptr=0x14f04b8 fields8_32=00000000,
0000008f,00000093,0000008f,00000099,00000002,00000000, nested=00000000:000f,
00000000:000a,00000000:0014,00000000:0018,
SYNC_RUNTIME_ROW poll=5 i=28 count=4 ptr=0x14f06d8 fields8_32=00000000,
00000095,00000099,0000008f,00000099,00000002,00000001, nested=00000000:0023,
00000000:000b,00000000:0014,00000000:0008,
SYNC_RUNTIME_HEADER poll=6 words=014e7750,00000258,00000041,0000001d,00033450,
00000017,00002ec8,00000000,00002ec8,0003a97f,0000001b,0000023c,00000000,
0000023c,
SYNC_RUNTIME_ROW poll=6 i=0 count=4 ptr=0x14ecbb8 fields8_32=0000176a,00000000,
00000004,00000000,0000000a,00000002,00000000, nested=00000586:000f,
0000038a:000a,0000051d:0014,0000093d:0018,
SYNC_RUNTIME_ROW poll=6 i=1 count=4 ptr=0x14ecdd0 fields8_32=000016b1,00000006,
0000000a,00000000,0000000a,00000002,00000001, nested=000005d3:0023,
0000068c:000b,00000702:0014,00000350:0008,
SYNC_RUNTIME_ROW poll=6 i=2 count=1 ptr=0x14ecfe8 fields8_32=000039d0,00000006,
0000000a,00000000,0000000a,00000002,00000001, nested=000039d0:0028,
SYNC_RUNTIME_ROW poll=6 i=3 count=4 ptr=0x14ed200 fields8_32=0000176a,0000000d,
00000011,0000000d,00000017,00000002,00000000, nested=00000586:000f,
0000038a:000a,0000051d:0014,0000093d:0018,
SYNC_RUNTIME_ROW poll=6 i=4 count=4 ptr=0x14ed418 fields8_32=000016b1,00000013,
00000017,0000000d,00000017,00000002,00000001, nested=000005d3:0023,
0000068c:000b,00000702:0014,00000350:0008,
SYNC_RUNTIME_ROW poll=6 i=5 count=1 ptr=0x14ed630 fields8_32=000039d0,00000013,
00000017,0000000d,00000017,00000002,00000001, nested=000039d0:0028,
SYNC_RUNTIME_ROW poll=6 i=6 count=4 ptr=0x14ed848 fields8_32=0000176a,0000001a,
0000001e,0000001a,00000024,00000002,00000000, nested=00000586:000f,
0000038a:000a,0000051d:0014,0000093d:0018,
SYNC_RUNTIME_ROW poll=6 i=7 count=4 ptr=0x14eda60 fields8_32=000016b1,00000020,
00000024,0000001a,00000024,00000002,00000001, nested=000005d3:0023,
0000068c:000b,00000702:0014,00000350:0008,
SYNC_RUNTIME_ROW poll=6 i=8 count=1 ptr=0x14edc78 fields8_32=000039d0,00000020,
00000024,0000001a,00000024,00000002,00000001, nested=000039d0:0028,
SYNC_RUNTIME_ROW poll=6 i=9 count=4 ptr=0x14ede90 fields8_32=0000176a,00000027,
0000002b,00000027,00000031,00000002,00000000, nested=00000586:000f,
0000038a:000a,0000051d:0014,0000093d:0018,
SYNC_RUNTIME_ROW poll=6 i=10 count=4 ptr=0x14ee0a8 fields8_32=000016b1,
0000002d,00000031,00000027,00000031,00000002,00000001, nested=000005d3:0023,
0000068c:000b,00000702:0014,00000350:0008,
SYNC_RUNTIME_ROW poll=6 i=11 count=1 ptr=0x14ee2c0 fields8_32=000039d0,
0000002d,00000031,00000027,00000031,00000002,00000001, nested=000039d0:0028,
SYNC_RUNTIME_ROW poll=6 i=12 count=4 ptr=0x14ee4d8 fields8_32=0000176a,
0000004e,00000052,0000004e,00000058,00000002,00000000, nested=00000586:000f,
0000038a:000a,0000051d:0014,0000093d:0018,
SYNC_RUNTIME_ROW poll=6 i=13 count=4 ptr=0x14ee6f0 fields8_32=000016b1,
00000054,00000058,0000004e,00000058,00000002,00000001, nested=000005d3:0023,
0000068c:000b,00000702:0014,00000350:0008,
SYNC_RUNTIME_ROW poll=6 i=14 count=1 ptr=0x14ee908 fields8_32=000039d0,
00000054,00000058,0000004e,00000058,00000002,00000001, nested=000039d0:0028,
SYNC_RUNTIME_ROW poll=6 i=15 count=4 ptr=0x14eeb38 fields8_32=0000176a,
0000005b,0000005f,0000005b,00000065,00000002,00000000, nested=00000586:000f,
0000038a:000a,0000051d:0014,0000093d:0018,
SYNC_RUNTIME_ROW poll=6 i=16 count=4 ptr=0x14eed58 fields8_32=000016b1,
00000061,00000065,0000005b,00000065,00000002,00000001, nested=000005d3:0023,
0000068c:000b,00000702:0014,00000350:0008,
SYNC_RUNTIME_ROW poll=6 i=17 count=1 ptr=0x14eef78 fields8_32=000039d0,
00000061,00000065,0000005b,00000065,00000002,00000001, nested=000039d0:0028,
SYNC_RUNTIME_ROW poll=6 i=18 count=4 ptr=0x14ef198 fields8_32=0000176a,
00000068,0000006c,00000068,00000072,00000002,00000000, nested=00000586:000f,
0000038a:000a,0000051d:0014,0000093d:0018,
SYNC_RUNTIME_ROW poll=6 i=19 count=4 ptr=0x14ef3b8 fields8_32=000016b1,
0000006e,00000072,00000068,00000072,00000002,00000001, nested=000005d3:0023,
0000068c:000b,00000702:0014,00000350:0008,
SYNC_RUNTIME_ROW poll=6 i=20 count=1 ptr=0x14ef5d8 fields8_32=000039d0,
0000006e,00000072,00000068,00000072,00000002,00000001, nested=000039d0:0028,
SYNC_RUNTIME_ROW poll=6 i=21 count=4 ptr=0x14ef7f8 fields8_32=0000176a,
00000075,00000079,00000075,0000007f,00000002,00000000, nested=00000586:000f,
0000038a:000a,0000051d:0014,0000093d:0018,
SYNC_RUNTIME_ROW poll=6 i=22 count=4 ptr=0x14efa18 fields8_32=000016b1,
0000007b,0000007f,00000075,0000007f,00000002,00000001, nested=000005d3:0023,
0000068c:000b,00000702:0014,00000350:0008,
SYNC_RUNTIME_ROW poll=6 i=23 count=1 ptr=0x14efc38 fields8_32=000039d0,
0000007b,0000007f,00000075,0000007f,00000002,00000001, nested=000039d0:0028,
SYNC_RUNTIME_ROW poll=6 i=24 count=4 ptr=0x14efe58 fields8_32=0000176a,
00000082,00000086,00000082,0000008c,00000002,00000000, nested=00000586:000f,
0000038a:000a,0000051d:0014,0000093d:0018,
SYNC_RUNTIME_ROW poll=6 i=25 count=4 ptr=0x14f0078 fields8_32=000016b1,
00000088,0000008c,00000082,0000008c,00000002,00000001, nested=000005d3:0023,
0000068c:000b,00000702:0014,00000350:0008,
SYNC_RUNTIME_ROW poll=6 i=26 count=1 ptr=0x14f0298 fields8_32=000039d0,
00000088,0000008c,00000082,0000008c,00000002,00000001, nested=000039d0:0028,
SYNC_RUNTIME_ROW poll=6 i=27 count=4 ptr=0x14f04b8 fields8_32=0000176a,
0000008f,00000093,0000008f,00000099,00000002,00000000, nested=00000586:000f,
0000038a:000a,0000051d:0014,0000093d:0018,
SYNC_RUNTIME_ROW poll=6 i=28 count=4 ptr=0x14f06d8 fields8_32=000016b1,
00000095,00000099,0000008f,00000099,00000002,00000001, nested=000005d3:0023,
0000068c:000b,00000702:0014,00000350:0008,
SYNC_RUNTIME_HEADER poll=7 words=014e7750,00000258,00000041,0000001d,0003a980,
0000001b,0000023d,00000000,0000023d,0003d55d,0000001c,000016b0,00000003,
0000034f,
SYNC_RUNTIME_ROW poll=7 i=0 count=4 ptr=0x14ecbb8 fields8_32=0000176a,00000000,
00000004,00000000,0000000a,00000002,00000000, nested=00000586:000f,
0000038a:000a,0000051d:0014,0000093d:0018,
SYNC_RUNTIME_ROW poll=7 i=1 count=4 ptr=0x14ecdd0 fields8_32=000016b1,00000006,
0000000a,00000000,0000000a,00000002,00000001, nested=000005d3:0023,
0000068c:000b,00000702:0014,00000350:0008,
SYNC_RUNTIME_ROW poll=7 i=2 count=1 ptr=0x14ecfe8 fields8_32=000039d0,00000006,
0000000a,00000000,0000000a,00000002,00000001, nested=000039d0:0028,
SYNC_RUNTIME_ROW poll=7 i=3 count=4 ptr=0x14ed200 fields8_32=0000176a,0000000d,
00000011,0000000d,00000017,00000002,00000000, nested=00000586:000f,
0000038a:000a,0000051d:0014,0000093d:0018,
SYNC_RUNTIME_ROW poll=7 i=4 count=4 ptr=0x14ed418 fields8_32=000016b1,00000013,
00000017,0000000d,00000017,00000002,00000001, nested=000005d3:0023,
0000068c:000b,00000702:0014,00000350:0008,
SYNC_RUNTIME_ROW poll=7 i=5 count=1 ptr=0x14ed630 fields8_32=000039d0,00000013,
00000017,0000000d,00000017,00000002,00000001, nested=000039d0:0028,
SYNC_RUNTIME_ROW poll=7 i=6 count=4 ptr=0x14ed848 fields8_32=0000176a,0000001a,
0000001e,0000001a,00000024,00000002,00000000, nested=00000586:000f,
0000038a:000a,0000051d:0014,0000093d:0018,
SYNC_RUNTIME_ROW poll=7 i=7 count=4 ptr=0x14eda60 fields8_32=000016b1,00000020,
00000024,0000001a,00000024,00000002,00000001, nested=000005d3:0023,
0000068c:000b,00000702:0014,00000350:0008,
SYNC_RUNTIME_ROW poll=7 i=8 count=1 ptr=0x14edc78 fields8_32=000039d0,00000020,
00000024,0000001a,00000024,00000002,00000001, nested=000039d0:0028,
SYNC_RUNTIME_ROW poll=7 i=9 count=4 ptr=0x14ede90 fields8_32=0000176a,00000027,
0000002b,00000027,00000031,00000002,00000000, nested=00000586:000f,
0000038a:000a,0000051d:0014,0000093d:0018,
SYNC_RUNTIME_ROW poll=7 i=10 count=4 ptr=0x14ee0a8 fields8_32=000016b1,
0000002d,00000031,00000027,00000031,00000002,00000001, nested=000005d3:0023,
0000068c:000b,00000702:0014,00000350:0008,
SYNC_RUNTIME_ROW poll=7 i=11 count=1 ptr=0x14ee2c0 fields8_32=000039d0,
0000002d,00000031,00000027,00000031,00000002,00000001, nested=000039d0:0028,
SYNC_RUNTIME_ROW poll=7 i=12 count=4 ptr=0x14ee4d8 fields8_32=0000176a,
0000004e,00000052,0000004e,00000058,00000002,00000000, nested=00000586:000f,
0000038a:000a,0000051d:0014,0000093d:0018,
SYNC_RUNTIME_ROW poll=7 i=13 count=4 ptr=0x14ee6f0 fields8_32=000016b1,
00000054,00000058,0000004e,00000058,00000002,00000001, nested=000005d3:0023,
0000068c:000b,00000702:0014,00000350:0008,
SYNC_RUNTIME_ROW poll=7 i=14 count=1 ptr=0x14ee908 fields8_32=000039d0,
00000054,00000058,0000004e,00000058,00000002,00000001, nested=000039d0:0028,
SYNC_RUNTIME_ROW poll=7 i=15 count=4 ptr=0x14eeb38 fields8_32=0000176a,
0000005b,0000005f,0000005b,00000065,00000002,00000000, nested=00000586:000f,
0000038a:000a,0000051d:0014,0000093d:0018,
SYNC_RUNTIME_ROW poll=7 i=16 count=4 ptr=0x14eed58 fields8_32=000016b1,
00000061,00000065,0000005b,00000065,00000002,00000001, nested=000005d3:0023,
0000068c:000b,00000702:0014,00000350:0008,
SYNC_RUNTIME_ROW poll=7 i=17 count=1 ptr=0x14eef78 fields8_32=000039d0,
00000061,00000065,0000005b,00000065,00000002,00000001, nested=000039d0:0028,
SYNC_RUNTIME_ROW poll=7 i=18 count=4 ptr=0x14ef198 fields8_32=0000176a,
00000068,0000006c,00000068,00000072,00000002,00000000, nested=00000586:000f,
0000038a:000a,0000051d:0014,0000093d:0018,
SYNC_RUNTIME_ROW poll=7 i=19 count=4 ptr=0x14ef3b8 fields8_32=000016b1,
0000006e,00000072,00000068,00000072,00000002,00000001, nested=000005d3:0023,
0000068c:000b,00000702:0014,00000350:0008,
SYNC_RUNTIME_ROW poll=7 i=20 count=1 ptr=0x14ef5d8 fields8_32=000039d0,
0000006e,00000072,00000068,00000072,00000002,00000001, nested=000039d0:0028,
SYNC_RUNTIME_ROW poll=7 i=21 count=4 ptr=0x14ef7f8 fields8_32=0000176a,
00000075,00000079,00000075,0000007f,00000002,00000000, nested=00000586:000f,
0000038a:000a,0000051d:0014,0000093d:0018,
SYNC_RUNTIME_ROW poll=7 i=22 count=4 ptr=0x14efa18 fields8_32=000016b1,
0000007b,0000007f,00000075,0000007f,00000002,00000001, nested=000005d3:0023,
0000068c:000b,00000702:0014,00000350:0008,
SYNC_RUNTIME_ROW poll=7 i=23 count=1 ptr=0x14efc38 fields8_32=000039d0,
0000007b,0000007f,00000075,0000007f,00000002,00000001, nested=000039d0:0028,
SYNC_RUNTIME_ROW poll=7 i=24 count=4 ptr=0x14efe58 fields8_32=0000176a,
00000082,00000086,00000082,0000008c,00000002,00000000, nested=00000586:000f,
0000038a:000a,0000051d:0014,0000093d:0018,
SYNC_RUNTIME_ROW poll=7 i=25 count=4 ptr=0x14f0078 fields8_32=000016b1,
00000088,0000008c,00000082,0000008c,00000002,00000001, nested=000005d3:0023,
0000068c:000b,00000702:0014,00000350:0008,
SYNC_RUNTIME_ROW poll=7 i=26 count=1 ptr=0x14f0298 fields8_32=000039d0,
00000088,0000008c,00000082,0000008c,00000002,00000001, nested=000039d0:0028,
SYNC_RUNTIME_ROW poll=7 i=27 count=4 ptr=0x14f04b8 fields8_32=0000176a,
0000008f,00000093,0000008f,00000099,00000002,00000000, nested=00000586:000f,
0000038a:000a,0000051d:0014,0000093d:0018,
SYNC_RUNTIME_ROW poll=7 i=28 count=4 ptr=0x14f06d8 fields8_32=000016b1,
00000095,00000099,0000008f,00000099,00000002,00000001, nested=000005d3:0023,
0000068c:000b,00000702:0014,00000350:0008,
SYNC_RUNTIME_TERMINAL result=1 poll=8 length=0 (borrowed pointers not read after terminal cleanup)
SYNC_RUNTIME_DONE result=1 polls=9
[Inferior 1 (Remote target) killed]
011c:0120: create process 'Z:\samples\voicetext_paul.exe'/00000000 @004014C0 (450560<1847>)
011c:0120: create thread I @004014C0
011c:0120: loads DLL C:\windows\system32\ntdll.dll @7BD10000 (2994176<5095>)
011c:0120: loads DLL C:\windows\system32\kernel32.dll @7BB90000 (1466368<19395>)
011c:0120: loads DLL C:\windows\system32\kernelbase.dll @7B650000 (5410816<14148>)
011c:0120: loads DLL C:\windows\system32\msvcrt.dll @7B2A0000 (2715648<8214>)
011c:0120: loads DLL Z:\samples\vt_pau.dll @10000000 (0<0>)
011c:0120: loads DLL C:\windows\system32\WINMM.dll @78EC0000 (1474560<4890>)
011c:0120: loads DLL C:\windows\system32\advapi32.dll @7B550000 (958464<7400>)
011c:0120: loads DLL C:\windows\system32\sechost.dll @7B200000 (565248<3163>)
011c:0120: loads DLL C:\windows\system32\ucrtbase.dll @7AEE0000 (3198976<11541>)
011c:0120: loads DLL C:\windows\system32\msacm32.dll @78E40000 (413696<1982>)
011c:0120: loads DLL C:\windows\system32\user32.dll @7A160000 (5005312<14159>)
011c:0120: loads DLL Z:\samples\zlib1.dll @7A120000 (135680<0>)
011c:0120: loads DLL C:\windows\system32\gdi32.dll @7A640000 (2355200<7390>)
011c:0120: loads DLL C:\windows\system32\win32u.dll @7A0D0000 (221184<1966>)
011c:0120: loads DLL C:\windows\system32\ole32.dll @7A9F0000 (4440064<14323>)
011c:0120: loads DLL C:\windows\system32\combase.dll @7A890000 (1314816<7562>)
011c:0120: loads DLL C:\windows\system32\rpcrt4.dll @79EA0000 (2162688<9274>)
011c:0120: loads DLL C:\windows\system32\coml2.dll @79E40000 (262144<3883>)
011c:0120: loads DLL C:\windows\system32\iphlpapi.dll @779C0000 (487424<4777>)
011c:0120: loads DLL C:\windows\system32\dnsapi.dll @77970000 (258048<1399>)
011c:0120: loads DLL C:\windows\system32\nsi.dll @77940000 (118784<823>)
011c:0120: loads DLL C:\windows\system32\ws2_32.dll @7AE40000 (565248<2279>)
011c:0120: loads DLL C:\windows\system32\tzres.dll @009C0000 (0<0>)
0000011c:00000120: unload DLL @009C0000
011c:0120: loads DLL C:\windows\system32\tzres.dll @009C0000 (0<0>)
0000011c:00000120: unload DLL @009C0000
011c:0120: loads DLL C:\windows\system32\imm32.dll @782F0000 (401408<2996>)
011c:0120: loads DLL C:\windows\system32\winex11.drv @780F0000 (307200<4314>)
011c:0120: loads DLL C:\windows\system32\uxtheme.dll @78030000 (671744<3646>)
X connection to :99 broken (explicit kill or server shutdown).
X connection to :99 broken (explicit kill or server shutdown).
