GNU gdb (Ubuntu 15.1-1ubuntu1~24.04.1) 15.1
Copyright (C) 2024 Free Software Foundation, Inc.
License GPLv3+: GNU GPL version 3 or later <http://gnu.org/licenses/gpl.html>
This is free software: you are free to change and redistribute it.
There is NO WARRANTY, to the extent permitted by law.
Type "show copying" and "show warranty" for details.
This GDB was configured as "x86_64-linux-gnu".
Type "show configuration" for configuration details.
For bug reporting instructions, please see:
<https://www.gnu.org/software/gdb/bugs/>.
Find the GDB manual and other documentation resources online at:
    <http://www.gnu.org/software/gdb/documentation/>.

For help, type "help".
Type "apropos word" to search for commands related to "word".
warning: remote target does not support file transfer, attempting to access files from local filesystem.
Reading symbols from /samples/voicetext_paul.exe...
0x7bd64525 in DbgBreakPoint@0 ()
   from /usr/lib/i386-linux-gnu/wine/i386-windows/ntdll.dll
Wine-gdb> Wine-gdb> Wine-gdb> Wine-gdb> Signal        Stop	Print	Pass to program	Description
SIGSEGV       No	No	Yes		Segmentation fault
Wine-gdb> Wine-gdb> Wine-gdb> Breakpoint 1 at 0x1002c530
Wine-gdb> >>>>>>>>>> > > > >> > > >>>Wine-gdb> Wine-gdb> Continuing.
SYNC_STATE_CALL call=1 records=41 active_record_count=9 source_start=0 active_endpoint=42
SYNC_STATE_RECORD call=1 i=0 kind=2 ordinal=0 group=0 side=0 adjacent_key=0 class=22 selector=9
SYNC_STATE_RECORD call=1 i=1 kind=2 ordinal=1 group=0 side=0 adjacent_key=0 class=7 selector=2
SYNC_STATE_RECORD call=1 i=2 kind=2 ordinal=2 group=0 side=0 adjacent_key=0 class=7 selector=2
SYNC_STATE_RECORD call=1 i=3 kind=2 ordinal=3 group=1 side=0 adjacent_key=0 class=42 selector=19
SYNC_STATE_RECORD call=1 i=4 kind=2 ordinal=4 group=1 side=0 adjacent_key=0 class=66 selector=35
SYNC_STATE_RECORD call=1 i=5 kind=2 ordinal=5 group=1 side=0 adjacent_key=0 class=36 selector=16
SYNC_STATE_RECORD call=1 i=6 kind=2 ordinal=6 group=1 side=0 adjacent_key=0 class=36 selector=16
SYNC_STATE_RECORD call=1 i=7 kind=2 ordinal=7 group=1 side=0 adjacent_key=0 class=42 selector=19
SYNC_STATE_RECORD call=1 i=8 kind=2 ordinal=8 group=2 side=0 adjacent_key=0 class=19 selector=6
SYNC_STATE_RECORD call=1 i=9 kind=2 ordinal=9 group=2 side=0 adjacent_key=0 class=54 selector=27
SYNC_STATE_RECORD call=1 i=10 kind=2 ordinal=10 group=2 side=0 adjacent_key=0 class=14 selector=4
SYNC_STATE_RECORD call=1 i=11 kind=2 ordinal=11 group=2 side=0 adjacent_key=0 class=45 selector=22
SYNC_STATE_RECORD call=1 i=12 kind=2 ordinal=12 group=3 side=0 adjacent_key=0 class=32 selector=13
SYNC_STATE_RECORD call=1 i=13 kind=2 ordinal=13 group=3 side=0 adjacent_key=0 class=2 selector=0
SYNC_STATE_RECORD call=1 i=14 kind=2 ordinal=14 group=3 side=0 adjacent_key=0 class=2 selector=0
SYNC_STATE_RECORD call=1 i=15 kind=2 ordinal=15 group=3 side=0 adjacent_key=0 class=42 selector=19
SYNC_STATE_RECORD call=1 i=16 kind=2 ordinal=16 group=3 side=0 adjacent_key=0 class=55 selector=28
SYNC_STATE_RECORD call=1 i=17 kind=2 ordinal=17 group=4 side=0 adjacent_key=0 class=41 selector=18
SYNC_STATE_RECORD call=1 i=18 kind=2 ordinal=18 group=4 side=0 adjacent_key=0 class=8 selector=2
SYNC_STATE_RECORD call=1 i=19 kind=2 ordinal=19 group=4 side=0 adjacent_key=0 class=8 selector=2
SYNC_STATE_RECORD call=1 i=20 kind=2 ordinal=20 group=4 side=0 adjacent_key=0 class=44 selector=21
SYNC_STATE_RECORD call=1 i=21 kind=2 ordinal=21 group=4 side=0 adjacent_key=0 class=53 selector=26
SYNC_STATE_RECORD call=1 i=22 kind=2 ordinal=22 group=4 side=0 adjacent_key=0 class=53 selector=26
SYNC_STATE_RECORD call=1 i=23 kind=2 ordinal=23 group=4 side=0 adjacent_key=0 class=55 selector=28
SYNC_STATE_RECORD call=1 i=24 kind=2 ordinal=24 group=4 side=0 adjacent_key=0 class=55 selector=28
SYNC_STATE_RECORD call=1 i=25 kind=2 ordinal=25 group=5 side=0 adjacent_key=0 class=48 selector=24
SYNC_STATE_RECORD call=1 i=26 kind=2 ordinal=26 group=5 side=0 adjacent_key=0 class=65 selector=34
SYNC_STATE_RECORD call=1 i=27 kind=2 ordinal=27 group=5 side=0 adjacent_key=0 class=26 selector=11
SYNC_STATE_RECORD call=1 i=28 kind=2 ordinal=28 group=6 side=0 adjacent_key=0 class=22 selector=9
SYNC_STATE_RECORD call=1 i=29 kind=2 ordinal=29 group=6 side=0 adjacent_key=0 class=7 selector=2
SYNC_STATE_RECORD call=1 i=30 kind=2 ordinal=30 group=7 side=0 adjacent_key=0 class=43 selector=20
SYNC_STATE_RECORD call=1 i=31 kind=2 ordinal=31 group=7 side=0 adjacent_key=0 class=30 selector=12
SYNC_STATE_RECORD call=1 i=32 kind=2 ordinal=32 group=7 side=0 adjacent_key=0 class=30 selector=12
SYNC_STATE_RECORD call=1 i=33 kind=2 ordinal=33 group=7 side=0 adjacent_key=0 class=68 selector=37
SYNC_STATE_RECORD call=1 i=34 kind=2 ordinal=34 group=7 side=0 adjacent_key=0 class=38 selector=17
SYNC_STATE_RECORD call=1 i=35 kind=2 ordinal=35 group=7 side=0 adjacent_key=0 class=38 selector=17
SYNC_STATE_RECORD call=1 i=36 kind=2 ordinal=36 group=8 side=0 adjacent_key=0 class=21 selector=8
SYNC_STATE_RECORD call=1 i=37 kind=2 ordinal=37 group=8 side=0 adjacent_key=0 class=21 selector=8
SYNC_STATE_RECORD call=1 i=38 kind=2 ordinal=38 group=8 side=0 adjacent_key=0 class=11 selector=3
SYNC_STATE_RECORD call=1 i=39 kind=2 ordinal=39 group=8 side=0 adjacent_key=0 class=11 selector=3
SYNC_STATE_RECORD call=1 i=40 kind=2 ordinal=40 group=8 side=0 adjacent_key=0 class=33 selector=14
SYNC_STATE_CALL call=2 records=25 active_record_count=6 source_start=45 active_endpoint=73
SYNC_STATE_RECORD call=2 i=0 kind=1 ordinal=-1 group=0 side=65535 adjacent_key=0 class=90 selector=40
SYNC_STATE_RECORD call=2 i=1 kind=2 ordinal=0 group=0 side=0 adjacent_key=0 class=22 selector=9
SYNC_STATE_RECORD call=2 i=2 kind=2 ordinal=1 group=0 side=0 adjacent_key=0 class=7 selector=2
SYNC_STATE_RECORD call=2 i=3 kind=2 ordinal=2 group=0 side=0 adjacent_key=1 class=7 selector=2
SYNC_STATE_RECORD call=2 i=4 kind=2 ordinal=3 group=1 side=0 adjacent_key=1 class=42 selector=19
SYNC_STATE_RECORD call=2 i=5 kind=2 ordinal=4 group=1 side=0 adjacent_key=1 class=66 selector=35
SYNC_STATE_RECORD call=2 i=6 kind=2 ordinal=5 group=1 side=0 adjacent_key=1 class=36 selector=16
SYNC_STATE_RECORD call=2 i=7 kind=2 ordinal=6 group=1 side=0 adjacent_key=1 class=36 selector=16
SYNC_STATE_RECORD call=2 i=8 kind=2 ordinal=7 group=1 side=0 adjacent_key=2 class=42 selector=19
SYNC_STATE_RECORD call=2 i=9 kind=2 ordinal=8 group=2 side=0 adjacent_key=2 class=19 selector=6
SYNC_STATE_RECORD call=2 i=10 kind=2 ordinal=9 group=2 side=0 adjacent_key=2 class=54 selector=27
SYNC_STATE_RECORD call=2 i=11 kind=2 ordinal=10 group=2 side=0 adjacent_key=2 class=14 selector=4
SYNC_STATE_RECORD call=2 i=12 kind=2 ordinal=11 group=2 side=0 adjacent_key=3 class=45 selector=22
SYNC_STATE_RECORD call=2 i=13 kind=2 ordinal=12 group=3 side=0 adjacent_key=3 class=32 selector=13
SYNC_STATE_RECORD call=2 i=14 kind=2 ordinal=13 group=3 side=0 adjacent_key=3 class=2 selector=0
SYNC_STATE_RECORD call=2 i=15 kind=2 ordinal=14 group=3 side=0 adjacent_key=3 class=2 selector=0
SYNC_STATE_RECORD call=2 i=16 kind=2 ordinal=15 group=3 side=0 adjacent_key=3 class=42 selector=19
SYNC_STATE_RECORD call=2 i=17 kind=2 ordinal=16 group=3 side=0 adjacent_key=4 class=55 selector=28
SYNC_STATE_RECORD call=2 i=18 kind=2 ordinal=17 group=4 side=0 adjacent_key=4 class=55 selector=28
SYNC_STATE_RECORD call=2 i=19 kind=2 ordinal=18 group=4 side=0 adjacent_key=4 class=39 selector=17
SYNC_STATE_RECORD call=2 i=20 kind=2 ordinal=19 group=4 side=0 adjacent_key=4 class=39 selector=17
SYNC_STATE_RECORD call=2 i=21 kind=2 ordinal=20 group=4 side=0 adjacent_key=4 class=68 selector=37
SYNC_STATE_RECORD call=2 i=22 kind=2 ordinal=21 group=5 side=0 adjacent_key=4 class=54 selector=27
SYNC_STATE_RECORD call=2 i=23 kind=2 ordinal=22 group=5 side=0 adjacent_key=4 class=30 selector=12
SYNC_STATE_RECORD call=2 i=24 kind=2 ordinal=23 group=5 side=0 adjacent_key=4 class=45 selector=22
[Inferior 1 (Remote target) exited normally]
Wine-gdb> 0114:0118: create process 'Z:\samples\voicetext_paul.exe'/00000000 @004014C0 (450560<1847>)
0114:0118: create thread I @004014C0
0114:0118: loads DLL C:\windows\system32\ntdll.dll @7BD10000 (2994176<5095>)
0114:0118: loads DLL C:\windows\system32\kernel32.dll @7BB90000 (1466368<19395>)
0114:0118: loads DLL C:\windows\system32\kernelbase.dll @7B650000 (5410816<14148>)
0114:0118: loads DLL C:\windows\system32\msvcrt.dll @7B2A0000 (2715648<8214>)
0114:0118: loads DLL Z:\samples\vt_pau.dll @10000000 (0<0>)
0114:0118: loads DLL C:\windows\system32\WINMM.dll @78EC0000 (1474560<4890>)
0114:0118: loads DLL C:\windows\system32\advapi32.dll @7B550000 (958464<7400>)
0114:0118: loads DLL C:\windows\system32\sechost.dll @7B200000 (565248<3163>)
0114:0118: loads DLL C:\windows\system32\ucrtbase.dll @7AEE0000 (3198976<11541>)
0114:0118: loads DLL C:\windows\system32\msacm32.dll @78E40000 (413696<1982>)
0114:0118: loads DLL C:\windows\system32\user32.dll @7A160000 (5005312<14159>)
0114:0118: loads DLL Z:\samples\zlib1.dll @7A120000 (135680<0>)
0114:0118: loads DLL C:\windows\system32\gdi32.dll @7A640000 (2355200<7390>)
0114:0118: loads DLL C:\windows\system32\win32u.dll @7A0D0000 (221184<1966>)
0114:0118: loads DLL C:\windows\system32\ole32.dll @7A9F0000 (4440064<14323>)
0114:0118: loads DLL C:\windows\system32\combase.dll @7A890000 (1314816<7562>)
0114:0118: loads DLL C:\windows\system32\rpcrt4.dll @79EA0000 (2162688<9274>)
0114:0118: loads DLL C:\windows\system32\coml2.dll @79E40000 (262144<3883>)
0114:0118: loads DLL C:\windows\system32\iphlpapi.dll @779C0000 (487424<4777>)
0114:0118: loads DLL C:\windows\system32\dnsapi.dll @77970000 (258048<1399>)
0114:0118: loads DLL C:\windows\system32\nsi.dll @77940000 (118784<823>)
0114:0118: loads DLL C:\windows\system32\ws2_32.dll @7AE40000 (565248<2279>)
0114:0118: loads DLL C:\windows\system32\tzres.dll @009C0000 (0<0>)
00000114:00000118: unload DLL @009C0000
0114:0118: loads DLL C:\windows\system32\tzres.dll @009C0000 (0<0>)
00000114:00000118: unload DLL @009C0000
0114:0118: loads DLL C:\windows\system32\imm32.dll @782F0000 (401408<2996>)
0114:0118: loads DLL C:\windows\system32\winex11.drv @780F0000 (307200<4314>)
0114:0118: loads DLL C:\windows\system32\uxtheme.dll @78030000 (671744<3646>)
00000114:00000118: exit process (0)
X connection to :99 broken (explicit kill or server shutdown).
