GNU gdb (Ubuntu 15.1-1ubuntu1~24.04.1) 15.1
Copyright (C) 2024 Free Software Foundation, Inc.
License GPLv3+: GNU GPL version 3 or later <http://gnu.org/licenses/gpl.html>
This is free software: you are free to change and redistribute it.
There is NO WARRANTY, to the extent permitted by law.
Type "show copying" and "show warranty" for details.
This GDB was configured as "x86_64-linux-gnu".
Type "show configuration" for configuration details.
For bug reporting instructions, please see:
<https://www.gnu.org/software/gdb/bugs/>.
Find the GDB manual and other documentation resources online at:
    <http://www.gnu.org/software/gdb/documentation/>.

For help, type "help".
Type "apropos word" to search for commands related to "word".
warning: remote target does not support file transfer, attempting to access files from local filesystem.
Reading symbols from /samples/voicetext_paul.exe...
0x7bd64525 in DbgBreakPoint@0 ()
   from /usr/lib/i386-linux-gnu/wine/i386-windows/ntdll.dll
Wine-gdb> Wine-gdb> Wine-gdb> Wine-gdb> Signal        Stop	Print	Pass to program	Description
SIGSEGV       No	No	Yes		Segmentation fault
Wine-gdb> Breakpoint 1 at 0x1001da50
Wine-gdb> >>>>> > >  >  >   >   >   >   >   >   >   >   >  >  > > >>>>Wine-gdb> Continuing.
TARGETPHON stress=AA0 result=1
TARGETPHON stress=AA1 result=1
TARGETPHON stress=AA2 result=1
TARGETPHON stress=AB0 result=-9
TARGETPHON stress=AB1 result=-9
TARGETPHON stress=AB2 result=-9
TARGETPHON stress=AC0 result=-9
TARGETPHON stress=AC1 result=-9
TARGETPHON stress=AC2 result=-9
TARGETPHON stress=AD0 result=-9
TARGETPHON stress=AD1 result=-9
TARGETPHON stress=AD2 result=-9
TARGETPHON stress=AE0 result=1
TARGETPHON stress=AE1 result=1
TARGETPHON stress=AE2 result=1
TARGETPHON stress=AF0 result=-9
TARGETPHON stress=AF1 result=-9
TARGETPHON stress=AF2 result=-9
TARGETPHON stress=AG0 result=-9
TARGETPHON stress=AG1 result=-9
TARGETPHON stress=AG2 result=-9
TARGETPHON stress=AH0 result=1
TARGETPHON stress=AH1 result=1
TARGETPHON stress=AH2 result=1
TARGETPHON stress=AI0 result=-9
TARGETPHON stress=AI1 result=-9
TARGETPHON stress=AI2 result=-9
TARGETPHON stress=AJ0 result=-9
TARGETPHON stress=AJ1 result=-9
TARGETPHON stress=AJ2 result=-9
TARGETPHON stress=AK0 result=-9
TARGETPHON stress=AK1 result=-9
TARGETPHON stress=AK2 result=-9
TARGETPHON stress=AL0 result=-9
TARGETPHON stress=AL1 result=-9
TARGETPHON stress=AL2 result=-9
TARGETPHON stress=AM0 result=-9
TARGETPHON stress=AM1 result=-9
TARGETPHON stress=AM2 result=-9
TARGETPHON stress=AN0 result=-9
TARGETPHON stress=AN1 result=-9
TARGETPHON stress=AN2 result=-9
TARGETPHON stress=AO0 result=1
TARGETPHON stress=AO1 result=1
TARGETPHON stress=AO2 result=1
TARGETPHON stress=AP0 result=-9
TARGETPHON stress=AP1 result=-9
TARGETPHON stress=AP2 result=-9
TARGETPHON stress=AQ0 result=-9
TARGETPHON stress=AQ1 result=-9
TARGETPHON stress=AQ2 result=-9
TARGETPHON stress=AR0 result=-9
TARGETPHON stress=AR1 result=-9
TARGETPHON stress=AR2 result=-9
TARGETPHON stress=AS0 result=-9
TARGETPHON stress=AS1 result=-9
TARGETPHON stress=AS2 result=-9
TARGETPHON stress=AT0 result=-9
TARGETPHON stress=AT1 result=-9
TARGETPHON stress=AT2 result=-9
TARGETPHON stress=AU0 result=-9
TARGETPHON stress=AU1 result=-9
TARGETPHON stress=AU2 result=-9
TARGETPHON stress=AV0 result=-9
TARGETPHON stress=AV1 result=-9
TARGETPHON stress=AV2 result=-9
TARGETPHON stress=AW0 result=1
TARGETPHON stress=AW1 result=1
TARGETPHON stress=AW2 result=1
TARGETPHON stress=AX0 result=-9
TARGETPHON stress=AX1 result=-9
TARGETPHON stress=AX2 result=-9
TARGETPHON stress=AY0 result=1
TARGETPHON stress=AY1 result=1
TARGETPHON stress=AY2 result=1
TARGETPHON stress=AZ0 result=-9
TARGETPHON stress=AZ1 result=-9
TARGETPHON stress=AZ2 result=-9
TARGETPHON stress=BA0 result=-9
TARGETPHON stress=BA1 result=-9
TARGETPHON stress=BA2 result=-9
TARGETPHON stress=BB0 result=-9
TARGETPHON stress=BB1 result=-9
TARGETPHON stress=BB2 result=-9
TARGETPHON stress=BC0 result=-9
TARGETPHON stress=BC1 result=-9
TARGETPHON stress=BC2 result=-9
TARGETPHON stress=BD0 result=-9
TARGETPHON stress=BD1 result=-9
TARGETPHON stress=BD2 result=-9
TARGETPHON stress=BE0 result=-9
TARGETPHON stress=BE1 result=-9
TARGETPHON stress=BE2 result=-9
TARGETPHON stress=BF0 result=-9
TARGETPHON stress=BF1 result=-9
TARGETPHON stress=BF2 result=-9
TARGETPHON stress=BG0 result=-9
TARGETPHON stress=BG1 result=-9
TARGETPHON stress=BG2 result=-9
TARGETPHON stress=BH0 result=-9
TARGETPHON stress=BH1 result=-9
TARGETPHON stress=BH2 result=-9
TARGETPHON stress=BI0 result=-9
TARGETPHON stress=BI1 result=-9
TARGETPHON stress=BI2 result=-9
TARGETPHON stress=BJ0 result=-9
TARGETPHON stress=BJ1 result=-9
TARGETPHON stress=BJ2 result=-9
TARGETPHON stress=BK0 result=-9
TARGETPHON stress=BK1 result=-9
TARGETPHON stress=BK2 result=-9
TARGETPHON stress=BL0 result=-9
TARGETPHON stress=BL1 result=-9
TARGETPHON stress=BL2 result=-9
TARGETPHON stress=BM0 result=-9
TARGETPHON stress=BM1 result=-9
TARGETPHON stress=BM2 result=-9
TARGETPHON stress=BN0 result=-9
TARGETPHON stress=BN1 result=-9
TARGETPHON stress=BN2 result=-9
TARGETPHON stress=BO0 result=-9
TARGETPHON stress=BO1 result=-9
TARGETPHON stress=BO2 result=-9
TARGETPHON stress=BP0 result=-9
TARGETPHON stress=BP1 result=-9
TARGETPHON stress=BP2 result=-9
TARGETPHON stress=BQ0 result=-9
TARGETPHON stress=BQ1 result=-9
TARGETPHON stress=BQ2 result=-9
TARGETPHON stress=BR0 result=-9
TARGETPHON stress=BR1 result=-9
TARGETPHON stress=BR2 result=-9
TARGETPHON stress=BS0 result=-9
TARGETPHON stress=BS1 result=-9
TARGETPHON stress=BS2 result=-9
TARGETPHON stress=BT0 result=-9
TARGETPHON stress=BT1 result=-9
TARGETPHON stress=BT2 result=-9
TARGETPHON stress=BU0 result=-9
TARGETPHON stress=BU1 result=-9
TARGETPHON stress=BU2 result=-9
TARGETPHON stress=BV0 result=-9
TARGETPHON stress=BV1 result=-9
TARGETPHON stress=BV2 result=-9
TARGETPHON stress=BW0 result=-9
TARGETPHON stress=BW1 result=-9
TARGETPHON stress=BW2 result=-9
TARGETPHON stress=BX0 result=-9
TARGETPHON stress=BX1 result=-9
TARGETPHON stress=BX2 result=-9
TARGETPHON stress=BY0 result=-9
TARGETPHON stress=BY1 result=-9
TARGETPHON stress=BY2 result=-9
TARGETPHON stress=BZ0 result=-9
TARGETPHON stress=BZ1 result=-9
TARGETPHON stress=BZ2 result=-9
TARGETPHON stress=CA0 result=-9
TARGETPHON stress=CA1 result=-9
TARGETPHON stress=CA2 result=-9
TARGETPHON stress=CB0 result=-9
TARGETPHON stress=CB1 result=-9
TARGETPHON stress=CB2 result=-9
TARGETPHON stress=CC0 result=-9
TARGETPHON stress=CC1 result=-9
TARGETPHON stress=CC2 result=-9
TARGETPHON stress=CD0 result=-9
TARGETPHON stress=CD1 result=-9
TARGETPHON stress=CD2 result=-9
TARGETPHON stress=CE0 result=-9
TARGETPHON stress=CE1 result=-9
TARGETPHON stress=CE2 result=-9
TARGETPHON stress=CF0 result=-9
TARGETPHON stress=CF1 result=-9
TARGETPHON stress=CF2 result=-9
TARGETPHON stress=CG0 result=-9
TARGETPHON stress=CG1 result=-9
TARGETPHON stress=CG2 result=-9
TARGETPHON stress=CH0 result=-9
TARGETPHON stress=CH1 result=-9
TARGETPHON stress=CH2 result=-9
TARGETPHON stress=CI0 result=-9
TARGETPHON stress=CI1 result=-9
TARGETPHON stress=CI2 result=-9
TARGETPHON stress=CJ0 result=-9
TARGETPHON stress=CJ1 result=-9
TARGETPHON stress=CJ2 result=-9
TARGETPHON stress=CK0 result=-9
TARGETPHON stress=CK1 result=-9
TARGETPHON stress=CK2 result=-9
TARGETPHON stress=CL0 result=-9
TARGETPHON stress=CL1 result=-9
TARGETPHON stress=CL2 result=-9
TARGETPHON stress=CM0 result=-9
TARGETPHON stress=CM1 result=-9
TARGETPHON stress=CM2 result=-9
TARGETPHON stress=CN0 result=-9
TARGETPHON stress=CN1 result=-9
TARGETPHON stress=CN2 result=-9
TARGETPHON stress=CO0 result=-9
TARGETPHON stress=CO1 result=-9
TARGETPHON stress=CO2 result=-9
TARGETPHON stress=CP0 result=-9
TARGETPHON stress=CP1 result=-9
TARGETPHON stress=CP2 result=-9
TARGETPHON stress=CQ0 result=-9
TARGETPHON stress=CQ1 result=-9
TARGETPHON stress=CQ2 result=-9
TARGETPHON stress=CR0 result=-9
TARGETPHON stress=CR1 result=-9
TARGETPHON stress=CR2 result=-9
TARGETPHON stress=CS0 result=-9
TARGETPHON stress=CS1 result=-9
TARGETPHON stress=CS2 result=-9
TARGETPHON stress=CT0 result=-9
TARGETPHON stress=CT1 result=-9
TARGETPHON stress=CT2 result=-9
TARGETPHON stress=CU0 result=-9
TARGETPHON stress=CU1 result=-9
TARGETPHON stress=CU2 result=-9
TARGETPHON stress=CV0 result=-9
TARGETPHON stress=CV1 result=-9
TARGETPHON stress=CV2 result=-9
TARGETPHON stress=CW0 result=-9
TARGETPHON stress=CW1 result=-9
TARGETPHON stress=CW2 result=-9
TARGETPHON stress=CX0 result=-9
TARGETPHON stress=CX1 result=-9
TARGETPHON stress=CX2 result=-9
TARGETPHON stress=CY0 result=-9
TARGETPHON stress=CY1 result=-9
TARGETPHON stress=CY2 result=-9
TARGETPHON stress=CZ0 result=-9
TARGETPHON stress=CZ1 result=-9
TARGETPHON stress=CZ2 result=-9
TARGETPHON stress=DA0 result=-9
TARGETPHON stress=DA1 result=-9
TARGETPHON stress=DA2 result=-9
TARGETPHON stress=DB0 result=-9
TARGETPHON stress=DB1 result=-9
TARGETPHON stress=DB2 result=-9
TARGETPHON stress=DC0 result=-9
TARGETPHON stress=DC1 result=-9
TARGETPHON stress=DC2 result=-9
TARGETPHON stress=DD0 result=-9
TARGETPHON stress=DD1 result=-9
TARGETPHON stress=DD2 result=-9
TARGETPHON stress=DE0 result=-9
TARGETPHON stress=DE1 result=-9
TARGETPHON stress=DE2 result=-9
TARGETPHON stress=DF0 result=-9
TARGETPHON stress=DF1 result=-9
TARGETPHON stress=DF2 result=-9
TARGETPHON stress=DG0 result=-9
TARGETPHON stress=DG1 result=-9
TARGETPHON stress=DG2 result=-9
TARGETPHON stress=DH0 result=-9
TARGETPHON stress=DH1 result=-9
TARGETPHON stress=DH2 result=-9
TARGETPHON stress=DI0 result=-9
TARGETPHON stress=DI1 result=-9
TARGETPHON stress=DI2 result=-9
TARGETPHON stress=DJ0 result=-9
TARGETPHON stress=DJ1 result=-9
TARGETPHON stress=DJ2 result=-9
TARGETPHON stress=DK0 result=-9
TARGETPHON stress=DK1 result=-9
TARGETPHON stress=DK2 result=-9
TARGETPHON stress=DL0 result=-9
TARGETPHON stress=DL1 result=-9
TARGETPHON stress=DL2 result=-9
TARGETPHON stress=DM0 result=-9
TARGETPHON stress=DM1 result=-9
TARGETPHON stress=DM2 result=-9
TARGETPHON stress=DN0 result=-9
TARGETPHON stress=DN1 result=-9
TARGETPHON stress=DN2 result=-9
TARGETPHON stress=DO0 result=-9
TARGETPHON stress=DO1 result=-9
TARGETPHON stress=DO2 result=-9
TARGETPHON stress=DP0 result=-9
TARGETPHON stress=DP1 result=-9
TARGETPHON stress=DP2 result=-9
TARGETPHON stress=DQ0 result=-9
TARGETPHON stress=DQ1 result=-9
TARGETPHON stress=DQ2 result=-9
TARGETPHON stress=DR0 result=-9
TARGETPHON stress=DR1 result=-9
TARGETPHON stress=DR2 result=-9
TARGETPHON stress=DS0 result=-9
TARGETPHON stress=DS1 result=-9
TARGETPHON stress=DS2 result=-9
TARGETPHON stress=DT0 result=-9
TARGETPHON stress=DT1 result=-9
TARGETPHON stress=DT2 result=-9
TARGETPHON stress=DU0 result=-9
TARGETPHON stress=DU1 result=-9
TARGETPHON stress=DU2 result=-9
TARGETPHON stress=DV0 result=-9
TARGETPHON stress=DV1 result=-9
TARGETPHON stress=DV2 result=-9
TARGETPHON stress=DW0 result=-9
TARGETPHON stress=DW1 result=-9
TARGETPHON stress=DW2 result=-9
TARGETPHON stress=DX0 result=-9
TARGETPHON stress=DX1 result=-9
TARGETPHON stress=DX2 result=-9
TARGETPHON stress=DY0 result=-9
TARGETPHON stress=DY1 result=-9
TARGETPHON stress=DY2 result=-9
TARGETPHON stress=DZ0 result=-9
TARGETPHON stress=DZ1 result=-9
TARGETPHON stress=DZ2 result=-9
TARGETPHON stress=EA0 result=-9
TARGETPHON stress=EA1 result=-9
TARGETPHON stress=EA2 result=-9
TARGETPHON stress=EB0 result=-9
TARGETPHON stress=EB1 result=-9
TARGETPHON stress=EB2 result=-9
TARGETPHON stress=EC0 result=-9
TARGETPHON stress=EC1 result=-9
TARGETPHON stress=EC2 result=-9
TARGETPHON stress=ED0 result=-9
TARGETPHON stress=ED1 result=-9
TARGETPHON stress=ED2 result=-9
TARGETPHON stress=EE0 result=-9
TARGETPHON stress=EE1 result=-9
TARGETPHON stress=EE2 result=-9
TARGETPHON stress=EF0 result=-9
TARGETPHON stress=EF1 result=-9
TARGETPHON stress=EF2 result=-9
TARGETPHON stress=EG0 result=-9
TARGETPHON stress=EG1 result=-9
TARGETPHON stress=EG2 result=-9
TARGETPHON stress=EH0 result=1
TARGETPHON stress=EH1 result=1
TARGETPHON stress=EH2 result=1
TARGETPHON stress=EI0 result=-9
TARGETPHON stress=EI1 result=-9
TARGETPHON stress=EI2 result=-9
TARGETPHON stress=EJ0 result=-9
TARGETPHON stress=EJ1 result=-9
TARGETPHON stress=EJ2 result=-9
TARGETPHON stress=EK0 result=-9
TARGETPHON stress=EK1 result=-9
TARGETPHON stress=EK2 result=-9
TARGETPHON stress=EL0 result=-9
TARGETPHON stress=EL1 result=-9
TARGETPHON stress=EL2 result=-9
TARGETPHON stress=EM0 result=-9
TARGETPHON stress=EM1 result=-9
TARGETPHON stress=EM2 result=-9
TARGETPHON stress=EN0 result=-9
TARGETPHON stress=EN1 result=-9
TARGETPHON stress=EN2 result=-9
TARGETPHON stress=EO0 result=-9
TARGETPHON stress=EO1 result=-9
TARGETPHON stress=EO2 result=-9
TARGETPHON stress=EP0 result=-9
TARGETPHON stress=EP1 result=-9
TARGETPHON stress=EP2 result=-9
TARGETPHON stress=EQ0 result=-9
TARGETPHON stress=EQ1 result=-9
TARGETPHON stress=EQ2 result=-9
TARGETPHON stress=ER0 result=1
TARGETPHON stress=ER1 result=1
TARGETPHON stress=ER2 result=1
TARGETPHON stress=ES0 result=-9
TARGETPHON stress=ES1 result=-9
TARGETPHON stress=ES2 result=-9
TARGETPHON stress=ET0 result=-9
TARGETPHON stress=ET1 result=-9
TARGETPHON stress=ET2 result=-9
TARGETPHON stress=EU0 result=-9
TARGETPHON stress=EU1 result=-9
TARGETPHON stress=EU2 result=-9
TARGETPHON stress=EV0 result=-9
TARGETPHON stress=EV1 result=-9
TARGETPHON stress=EV2 result=-9
TARGETPHON stress=EW0 result=-9
TARGETPHON stress=EW1 result=-9
TARGETPHON stress=EW2 result=-9
TARGETPHON stress=EX0 result=-9
TARGETPHON stress=EX1 result=-9
TARGETPHON stress=EX2 result=-9
TARGETPHON stress=EY0 result=1
TARGETPHON stress=EY1 result=1
TARGETPHON stress=EY2 result=1
TARGETPHON stress=EZ0 result=-9
TARGETPHON stress=EZ1 result=-9
TARGETPHON stress=EZ2 result=-9
TARGETPHON stress=FA0 result=-9
TARGETPHON stress=FA1 result=-9
TARGETPHON stress=FA2 result=-9
TARGETPHON stress=FB0 result=-9
TARGETPHON stress=FB1 result=-9
TARGETPHON stress=FB2 result=-9
TARGETPHON stress=FC0 result=-9
TARGETPHON stress=FC1 result=-9
TARGETPHON stress=FC2 result=-9
TARGETPHON stress=FD0 result=-9
TARGETPHON stress=FD1 result=-9
TARGETPHON stress=FD2 result=-9
TARGETPHON stress=FE0 result=-9
TARGETPHON stress=FE1 result=-9
TARGETPHON stress=FE2 result=-9
TARGETPHON stress=FF0 result=-9
TARGETPHON stress=FF1 result=-9
TARGETPHON stress=FF2 result=-9
TARGETPHON stress=FG0 result=-9
TARGETPHON stress=FG1 result=-9
TARGETPHON stress=FG2 result=-9
TARGETPHON stress=FH0 result=-9
TARGETPHON stress=FH1 result=-9
TARGETPHON stress=FH2 result=-9
TARGETPHON stress=FI0 result=-9
TARGETPHON stress=FI1 result=-9
TARGETPHON stress=FI2 result=-9
TARGETPHON stress=FJ0 result=-9
TARGETPHON stress=FJ1 result=-9
TARGETPHON stress=FJ2 result=-9
TARGETPHON stress=FK0 result=-9
TARGETPHON stress=FK1 result=-9
TARGETPHON stress=FK2 result=-9
TARGETPHON stress=FL0 result=-9
TARGETPHON stress=FL1 result=-9
TARGETPHON stress=FL2 result=-9
TARGETPHON stress=FM0 result=-9
TARGETPHON stress=FM1 result=-9
TARGETPHON stress=FM2 result=-9
TARGETPHON stress=FN0 result=-9
TARGETPHON stress=FN1 result=-9
TARGETPHON stress=FN2 result=-9
TARGETPHON stress=FO0 result=-9
TARGETPHON stress=FO1 result=-9
TARGETPHON stress=FO2 result=-9
TARGETPHON stress=FP0 result=-9
TARGETPHON stress=FP1 result=-9
TARGETPHON stress=FP2 result=-9
TARGETPHON stress=FQ0 result=-9
TARGETPHON stress=FQ1 result=-9
TARGETPHON stress=FQ2 result=-9
TARGETPHON stress=FR0 result=-9
TARGETPHON stress=FR1 result=-9
TARGETPHON stress=FR2 result=-9
TARGETPHON stress=FS0 result=-9
TARGETPHON stress=FS1 result=-9
TARGETPHON stress=FS2 result=-9
TARGETPHON stress=FT0 result=-9
TARGETPHON stress=FT1 result=-9
TARGETPHON stress=FT2 result=-9
TARGETPHON stress=FU0 result=-9
TARGETPHON stress=FU1 result=-9
TARGETPHON stress=FU2 result=-9
TARGETPHON stress=FV0 result=-9
TARGETPHON stress=FV1 result=-9
TARGETPHON stress=FV2 result=-9
TARGETPHON stress=FW0 result=-9
TARGETPHON stress=FW1 result=-9
TARGETPHON stress=FW2 result=-9
TARGETPHON stress=FX0 result=-9
TARGETPHON stress=FX1 result=-9
TARGETPHON stress=FX2 result=-9
TARGETPHON stress=FY0 result=-9
TARGETPHON stress=FY1 result=-9
TARGETPHON stress=FY2 result=-9
TARGETPHON stress=FZ0 result=-9
TARGETPHON stress=FZ1 result=-9
TARGETPHON stress=FZ2 result=-9
TARGETPHON stress=GA0 result=-9
TARGETPHON stress=GA1 result=-9
TARGETPHON stress=GA2 result=-9
TARGETPHON stress=GB0 result=-9
TARGETPHON stress=GB1 result=-9
TARGETPHON stress=GB2 result=-9
TARGETPHON stress=GC0 result=-9
TARGETPHON stress=GC1 result=-9
TARGETPHON stress=GC2 result=-9
TARGETPHON stress=GD0 result=-9
TARGETPHON stress=GD1 result=-9
TARGETPHON stress=GD2 result=-9
TARGETPHON stress=GE0 result=-9
TARGETPHON stress=GE1 result=-9
TARGETPHON stress=GE2 result=-9
TARGETPHON stress=GF0 result=-9
TARGETPHON stress=GF1 result=-9
TARGETPHON stress=GF2 result=-9
TARGETPHON stress=GG0 result=-9
TARGETPHON stress=GG1 result=-9
TARGETPHON stress=GG2 result=-9
TARGETPHON stress=GH0 result=-9
TARGETPHON stress=GH1 result=-9
TARGETPHON stress=GH2 result=-9
TARGETPHON stress=GI0 result=-9
TARGETPHON stress=GI1 result=-9
TARGETPHON stress=GI2 result=-9
TARGETPHON stress=GJ0 result=-9
TARGETPHON stress=GJ1 result=-9
TARGETPHON stress=GJ2 result=-9
TARGETPHON stress=GK0 result=-9
TARGETPHON stress=GK1 result=-9
TARGETPHON stress=GK2 result=-9
TARGETPHON stress=GL0 result=-9
TARGETPHON stress=GL1 result=-9
TARGETPHON stress=GL2 result=-9
TARGETPHON stress=GM0 result=-9
TARGETPHON stress=GM1 result=-9
TARGETPHON stress=GM2 result=-9
TARGETPHON stress=GN0 result=-9
TARGETPHON stress=GN1 result=-9
TARGETPHON stress=GN2 result=-9
TARGETPHON stress=GO0 result=-9
TARGETPHON stress=GO1 result=-9
TARGETPHON stress=GO2 result=-9
TARGETPHON stress=GP0 result=-9
TARGETPHON stress=GP1 result=-9
TARGETPHON stress=GP2 result=-9
TARGETPHON stress=GQ0 result=-9
TARGETPHON stress=GQ1 result=-9
TARGETPHON stress=GQ2 result=-9
TARGETPHON stress=GR0 result=-9
TARGETPHON stress=GR1 result=-9
TARGETPHON stress=GR2 result=-9
TARGETPHON stress=GS0 result=-9
TARGETPHON stress=GS1 result=-9
TARGETPHON stress=GS2 result=-9
TARGETPHON stress=GT0 result=-9
TARGETPHON stress=GT1 result=-9
TARGETPHON stress=GT2 result=-9
TARGETPHON stress=GU0 result=-9
TARGETPHON stress=GU1 result=-9
TARGETPHON stress=GU2 result=-9
TARGETPHON stress=GV0 result=-9
TARGETPHON stress=GV1 result=-9
TARGETPHON stress=GV2 result=-9
TARGETPHON stress=GW0 result=-9
TARGETPHON stress=GW1 result=-9
TARGETPHON stress=GW2 result=-9
TARGETPHON stress=GX0 result=-9
TARGETPHON stress=GX1 result=-9
TARGETPHON stress=GX2 result=-9
TARGETPHON stress=GY0 result=-9
TARGETPHON stress=GY1 result=-9
TARGETPHON stress=GY2 result=-9
TARGETPHON stress=GZ0 result=-9
TARGETPHON stress=GZ1 result=-9
TARGETPHON stress=GZ2 result=-9
TARGETPHON stress=HA0 result=-9
TARGETPHON stress=HA1 result=-9
TARGETPHON stress=HA2 result=-9
TARGETPHON stress=HB0 result=-9
TARGETPHON stress=HB1 result=-9
TARGETPHON stress=HB2 result=-9
TARGETPHON stress=HC0 result=-9
TARGETPHON stress=HC1 result=-9
TARGETPHON stress=HC2 result=-9
TARGETPHON stress=HD0 result=-9
TARGETPHON stress=HD1 result=-9
TARGETPHON stress=HD2 result=-9
TARGETPHON stress=HE0 result=-9
TARGETPHON stress=HE1 result=-9
TARGETPHON stress=HE2 result=-9
TARGETPHON stress=HF0 result=-9
TARGETPHON stress=HF1 result=-9
TARGETPHON stress=HF2 result=-9
TARGETPHON stress=HG0 result=-9
TARGETPHON stress=HG1 result=-9
TARGETPHON stress=HG2 result=-9
TARGETPHON stress=HH0 result=-9
TARGETPHON stress=HH1 result=-9
TARGETPHON stress=HH2 result=-9
TARGETPHON stress=HI0 result=-9
TARGETPHON stress=HI1 result=-9
TARGETPHON stress=HI2 result=-9
TARGETPHON stress=HJ0 result=-9
TARGETPHON stress=HJ1 result=-9
TARGETPHON stress=HJ2 result=-9
TARGETPHON stress=HK0 result=-9
TARGETPHON stress=HK1 result=-9
TARGETPHON stress=HK2 result=-9
TARGETPHON stress=HL0 result=-9
TARGETPHON stress=HL1 result=-9
TARGETPHON stress=HL2 result=-9
TARGETPHON stress=HM0 result=-9
TARGETPHON stress=HM1 result=-9
TARGETPHON stress=HM2 result=-9
TARGETPHON stress=HN0 result=-9
TARGETPHON stress=HN1 result=-9
TARGETPHON stress=HN2 result=-9
TARGETPHON stress=HO0 result=-9
TARGETPHON stress=HO1 result=-9
TARGETPHON stress=HO2 result=-9
TARGETPHON stress=HP0 result=-9
TARGETPHON stress=HP1 result=-9
TARGETPHON stress=HP2 result=-9
TARGETPHON stress=HQ0 result=-9
TARGETPHON stress=HQ1 result=-9
TARGETPHON stress=HQ2 result=-9
TARGETPHON stress=HR0 result=-9
TARGETPHON stress=HR1 result=-9
TARGETPHON stress=HR2 result=-9
TARGETPHON stress=HS0 result=-9
TARGETPHON stress=HS1 result=-9
TARGETPHON stress=HS2 result=-9
TARGETPHON stress=HT0 result=-9
TARGETPHON stress=HT1 result=-9
TARGETPHON stress=HT2 result=-9
TARGETPHON stress=HU0 result=-9
TARGETPHON stress=HU1 result=-9
TARGETPHON stress=HU2 result=-9
TARGETPHON stress=HV0 result=-9
TARGETPHON stress=HV1 result=-9
TARGETPHON stress=HV2 result=-9
TARGETPHON stress=HW0 result=-9
TARGETPHON stress=HW1 result=-9
TARGETPHON stress=HW2 result=-9
TARGETPHON stress=HX0 result=-9
TARGETPHON stress=HX1 result=-9
TARGETPHON stress=HX2 result=-9
TARGETPHON stress=HY0 result=-9
TARGETPHON stress=HY1 result=-9
TARGETPHON stress=HY2 result=-9
TARGETPHON stress=HZ0 result=-9
TARGETPHON stress=HZ1 result=-9
TARGETPHON stress=HZ2 result=-9
TARGETPHON stress=IA0 result=-9
TARGETPHON stress=IA1 result=-9
TARGETPHON stress=IA2 result=-9
TARGETPHON stress=IB0 result=-9
TARGETPHON stress=IB1 result=-9
TARGETPHON stress=IB2 result=-9
TARGETPHON stress=IC0 result=-9
TARGETPHON stress=IC1 result=-9
TARGETPHON stress=IC2 result=-9
TARGETPHON stress=ID0 result=-9
TARGETPHON stress=ID1 result=-9
TARGETPHON stress=ID2 result=-9
TARGETPHON stress=IE0 result=-9
TARGETPHON stress=IE1 result=-9
TARGETPHON stress=IE2 result=-9
TARGETPHON stress=IF0 result=-9
TARGETPHON stress=IF1 result=-9
TARGETPHON stress=IF2 result=-9
TARGETPHON stress=IG0 result=-9
TARGETPHON stress=IG1 result=-9
TARGETPHON stress=IG2 result=-9
TARGETPHON stress=IH0 result=1
TARGETPHON stress=IH1 result=1
TARGETPHON stress=IH2 result=1
TARGETPHON stress=II0 result=-9
TARGETPHON stress=II1 result=-9
TARGETPHON stress=II2 result=-9
TARGETPHON stress=IJ0 result=-9
TARGETPHON stress=IJ1 result=-9
TARGETPHON stress=IJ2 result=-9
TARGETPHON stress=IK0 result=-9
TARGETPHON stress=IK1 result=-9
TARGETPHON stress=IK2 result=-9
TARGETPHON stress=IL0 result=-9
TARGETPHON stress=IL1 result=-9
TARGETPHON stress=IL2 result=-9
TARGETPHON stress=IM0 result=-9
TARGETPHON stress=IM1 result=-9
TARGETPHON stress=IM2 result=-9
TARGETPHON stress=IN0 result=-9
TARGETPHON stress=IN1 result=-9
TARGETPHON stress=IN2 result=-9
TARGETPHON stress=IO0 result=-9
TARGETPHON stress=IO1 result=-9
TARGETPHON stress=IO2 result=-9
TARGETPHON stress=IP0 result=-9
TARGETPHON stress=IP1 result=-9
TARGETPHON stress=IP2 result=-9
TARGETPHON stress=IQ0 result=-9
TARGETPHON stress=IQ1 result=-9
TARGETPHON stress=IQ2 result=-9
TARGETPHON stress=IR0 result=-9
TARGETPHON stress=IR1 result=-9
TARGETPHON stress=IR2 result=-9
TARGETPHON stress=IS0 result=-9
TARGETPHON stress=IS1 result=-9
TARGETPHON stress=IS2 result=-9
TARGETPHON stress=IT0 result=-9
TARGETPHON stress=IT1 result=-9
TARGETPHON stress=IT2 result=-9
TARGETPHON stress=IU0 result=-9
TARGETPHON stress=IU1 result=-9
TARGETPHON stress=IU2 result=-9
TARGETPHON stress=IV0 result=-9
TARGETPHON stress=IV1 result=-9
TARGETPHON stress=IV2 result=-9
TARGETPHON stress=IW0 result=-9
TARGETPHON stress=IW1 result=-9
TARGETPHON stress=IW2 result=-9
TARGETPHON stress=IX0 result=-9
TARGETPHON stress=IX1 result=-9
TARGETPHON stress=IX2 result=-9
TARGETPHON stress=IY0 result=1
TARGETPHON stress=IY1 result=1
TARGETPHON stress=IY2 result=1
TARGETPHON stress=IZ0 result=-9
TARGETPHON stress=IZ1 result=-9
TARGETPHON stress=IZ2 result=-9
TARGETPHON stress=JA0 result=-9
TARGETPHON stress=JA1 result=-9
TARGETPHON stress=JA2 result=-9
TARGETPHON stress=JB0 result=-9
TARGETPHON stress=JB1 result=-9
TARGETPHON stress=JB2 result=-9
TARGETPHON stress=JC0 result=-9
TARGETPHON stress=JC1 result=-9
TARGETPHON stress=JC2 result=-9
TARGETPHON stress=JD0 result=-9
TARGETPHON stress=JD1 result=-9
TARGETPHON stress=JD2 result=-9
TARGETPHON stress=JE0 result=-9
TARGETPHON stress=JE1 result=-9
TARGETPHON stress=JE2 result=-9
TARGETPHON stress=JF0 result=-9
TARGETPHON stress=JF1 result=-9
TARGETPHON stress=JF2 result=-9
TARGETPHON stress=JG0 result=-9
TARGETPHON stress=JG1 result=-9
TARGETPHON stress=JG2 result=-9
TARGETPHON stress=JH0 result=-9
TARGETPHON stress=JH1 result=-9
TARGETPHON stress=JH2 result=-9
TARGETPHON stress=JI0 result=-9
TARGETPHON stress=JI1 result=-9
TARGETPHON stress=JI2 result=-9
TARGETPHON stress=JJ0 result=-9
TARGETPHON stress=JJ1 result=-9
TARGETPHON stress=JJ2 result=-9
TARGETPHON stress=JK0 result=-9
TARGETPHON stress=JK1 result=-9
TARGETPHON stress=JK2 result=-9
TARGETPHON stress=JL0 result=-9
TARGETPHON stress=JL1 result=-9
TARGETPHON stress=JL2 result=-9
TARGETPHON stress=JM0 result=-9
TARGETPHON stress=JM1 result=-9
TARGETPHON stress=JM2 result=-9
TARGETPHON stress=JN0 result=-9
TARGETPHON stress=JN1 result=-9
TARGETPHON stress=JN2 result=-9
TARGETPHON stress=JO0 result=-9
TARGETPHON stress=JO1 result=-9
TARGETPHON stress=JO2 result=-9
TARGETPHON stress=JP0 result=-9
TARGETPHON stress=JP1 result=-9
TARGETPHON stress=JP2 result=-9
TARGETPHON stress=JQ0 result=-9
TARGETPHON stress=JQ1 result=-9
TARGETPHON stress=JQ2 result=-9
TARGETPHON stress=JR0 result=-9
TARGETPHON stress=JR1 result=-9
TARGETPHON stress=JR2 result=-9
TARGETPHON stress=JS0 result=-9
TARGETPHON stress=JS1 result=-9
TARGETPHON stress=JS2 result=-9
TARGETPHON stress=JT0 result=-9
TARGETPHON stress=JT1 result=-9
TARGETPHON stress=JT2 result=-9
TARGETPHON stress=JU0 result=-9
TARGETPHON stress=JU1 result=-9
TARGETPHON stress=JU2 result=-9
TARGETPHON stress=JV0 result=-9
TARGETPHON stress=JV1 result=-9
TARGETPHON stress=JV2 result=-9
TARGETPHON stress=JW0 result=-9
TARGETPHON stress=JW1 result=-9
TARGETPHON stress=JW2 result=-9
TARGETPHON stress=JX0 result=-9
TARGETPHON stress=JX1 result=-9
TARGETPHON stress=JX2 result=-9
TARGETPHON stress=JY0 result=-9
TARGETPHON stress=JY1 result=-9
TARGETPHON stress=JY2 result=-9
TARGETPHON stress=JZ0 result=-9
TARGETPHON stress=JZ1 result=-9
TARGETPHON stress=JZ2 result=-9
TARGETPHON stress=KA0 result=-9
TARGETPHON stress=KA1 result=-9
TARGETPHON stress=KA2 result=-9
TARGETPHON stress=KB0 result=-9
TARGETPHON stress=KB1 result=-9
TARGETPHON stress=KB2 result=-9
TARGETPHON stress=KC0 result=-9
TARGETPHON stress=KC1 result=-9
TARGETPHON stress=KC2 result=-9
TARGETPHON stress=KD0 result=-9
TARGETPHON stress=KD1 result=-9
TARGETPHON stress=KD2 result=-9
TARGETPHON stress=KE0 result=-9
TARGETPHON stress=KE1 result=-9
TARGETPHON stress=KE2 result=-9
TARGETPHON stress=KF0 result=-9
TARGETPHON stress=KF1 result=-9
TARGETPHON stress=KF2 result=-9
TARGETPHON stress=KG0 result=-9
TARGETPHON stress=KG1 result=-9
TARGETPHON stress=KG2 result=-9
TARGETPHON stress=KH0 result=-9
TARGETPHON stress=KH1 result=-9
TARGETPHON stress=KH2 result=-9
TARGETPHON stress=KI0 result=-9
TARGETPHON stress=KI1 result=-9
TARGETPHON stress=KI2 result=-9
TARGETPHON stress=KJ0 result=-9
TARGETPHON stress=KJ1 result=-9
TARGETPHON stress=KJ2 result=-9
TARGETPHON stress=KK0 result=-9
TARGETPHON stress=KK1 result=-9
TARGETPHON stress=KK2 result=-9
TARGETPHON stress=KL0 result=-9
TARGETPHON stress=KL1 result=-9
TARGETPHON stress=KL2 result=-9
TARGETPHON stress=KM0 result=-9
TARGETPHON stress=KM1 result=-9
TARGETPHON stress=KM2 result=-9
TARGETPHON stress=KN0 result=-9
TARGETPHON stress=KN1 result=-9
TARGETPHON stress=KN2 result=-9
TARGETPHON stress=KO0 result=-9
TARGETPHON stress=KO1 result=-9
TARGETPHON stress=KO2 result=-9
TARGETPHON stress=KP0 result=-9
TARGETPHON stress=KP1 result=-9
TARGETPHON stress=KP2 result=-9
TARGETPHON stress=KQ0 result=-9
TARGETPHON stress=KQ1 result=-9
TARGETPHON stress=KQ2 result=-9
TARGETPHON stress=KR0 result=-9
TARGETPHON stress=KR1 result=-9
TARGETPHON stress=KR2 result=-9
TARGETPHON stress=KS0 result=-9
TARGETPHON stress=KS1 result=-9
TARGETPHON stress=KS2 result=-9
TARGETPHON stress=KT0 result=-9
TARGETPHON stress=KT1 result=-9
TARGETPHON stress=KT2 result=-9
TARGETPHON stress=KU0 result=-9
TARGETPHON stress=KU1 result=-9
TARGETPHON stress=KU2 result=-9
TARGETPHON stress=KV0 result=-9
TARGETPHON stress=KV1 result=-9
TARGETPHON stress=KV2 result=-9
TARGETPHON stress=KW0 result=-9
TARGETPHON stress=KW1 result=-9
TARGETPHON stress=KW2 result=-9
TARGETPHON stress=KX0 result=-9
TARGETPHON stress=KX1 result=-9
TARGETPHON stress=KX2 result=-9
TARGETPHON stress=KY0 result=-9
TARGETPHON stress=KY1 result=-9
TARGETPHON stress=KY2 result=-9
TARGETPHON stress=KZ0 result=-9
TARGETPHON stress=KZ1 result=-9
TARGETPHON stress=KZ2 result=-9
TARGETPHON stress=LA0 result=-9
TARGETPHON stress=LA1 result=-9
TARGETPHON stress=LA2 result=-9
TARGETPHON stress=LB0 result=-9
TARGETPHON stress=LB1 result=-9
TARGETPHON stress=LB2 result=-9
TARGETPHON stress=LC0 result=-9
TARGETPHON stress=LC1 result=-9
TARGETPHON stress=LC2 result=-9
TARGETPHON stress=LD0 result=-9
TARGETPHON stress=LD1 result=-9
TARGETPHON stress=LD2 result=-9
TARGETPHON stress=LE0 result=-9
TARGETPHON stress=LE1 result=-9
TARGETPHON stress=LE2 result=-9
TARGETPHON stress=LF0 result=-9
TARGETPHON stress=LF1 result=-9
TARGETPHON stress=LF2 result=-9
TARGETPHON stress=LG0 result=-9
TARGETPHON stress=LG1 result=-9
TARGETPHON stress=LG2 result=-9
TARGETPHON stress=LH0 result=-9
TARGETPHON stress=LH1 result=-9
TARGETPHON stress=LH2 result=-9
TARGETPHON stress=LI0 result=-9
TARGETPHON stress=LI1 result=-9
TARGETPHON stress=LI2 result=-9
TARGETPHON stress=LJ0 result=-9
TARGETPHON stress=LJ1 result=-9
TARGETPHON stress=LJ2 result=-9
TARGETPHON stress=LK0 result=-9
TARGETPHON stress=LK1 result=-9
TARGETPHON stress=LK2 result=-9
TARGETPHON stress=LL0 result=-9
TARGETPHON stress=LL1 result=-9
TARGETPHON stress=LL2 result=-9
TARGETPHON stress=LM0 result=-9
TARGETPHON stress=LM1 result=-9
TARGETPHON stress=LM2 result=-9
TARGETPHON stress=LN0 result=-9
TARGETPHON stress=LN1 result=-9
TARGETPHON stress=LN2 result=-9
TARGETPHON stress=LO0 result=-9
TARGETPHON stress=LO1 result=-9
TARGETPHON stress=LO2 result=-9
TARGETPHON stress=LP0 result=-9
TARGETPHON stress=LP1 result=-9
TARGETPHON stress=LP2 result=-9
TARGETPHON stress=LQ0 result=-9
TARGETPHON stress=LQ1 result=-9
TARGETPHON stress=LQ2 result=-9
TARGETPHON stress=LR0 result=-9
TARGETPHON stress=LR1 result=-9
TARGETPHON stress=LR2 result=-9
TARGETPHON stress=LS0 result=-9
TARGETPHON stress=LS1 result=-9
TARGETPHON stress=LS2 result=-9
TARGETPHON stress=LT0 result=-9
TARGETPHON stress=LT1 result=-9
TARGETPHON stress=LT2 result=-9
TARGETPHON stress=LU0 result=-9
TARGETPHON stress=LU1 result=-9
TARGETPHON stress=LU2 result=-9
TARGETPHON stress=LV0 result=-9
TARGETPHON stress=LV1 result=-9
TARGETPHON stress=LV2 result=-9
TARGETPHON stress=LW0 result=-9
TARGETPHON stress=LW1 result=-9
TARGETPHON stress=LW2 result=-9
TARGETPHON stress=LX0 result=-9
TARGETPHON stress=LX1 result=-9
TARGETPHON stress=LX2 result=-9
TARGETPHON stress=LY0 result=-9
TARGETPHON stress=LY1 result=-9
TARGETPHON stress=LY2 result=-9
TARGETPHON stress=LZ0 result=-9
TARGETPHON stress=LZ1 result=-9
TARGETPHON stress=LZ2 result=-9
TARGETPHON stress=MA0 result=-9
TARGETPHON stress=MA1 result=-9
TARGETPHON stress=MA2 result=-9
TARGETPHON stress=MB0 result=-9
TARGETPHON stress=MB1 result=-9
TARGETPHON stress=MB2 result=-9
TARGETPHON stress=MC0 result=-9
TARGETPHON stress=MC1 result=-9
TARGETPHON stress=MC2 result=-9
TARGETPHON stress=MD0 result=-9
TARGETPHON stress=MD1 result=-9
TARGETPHON stress=MD2 result=-9
TARGETPHON stress=ME0 result=-9
TARGETPHON stress=ME1 result=-9
TARGETPHON stress=ME2 result=-9
TARGETPHON stress=MF0 result=-9
TARGETPHON stress=MF1 result=-9
TARGETPHON stress=MF2 result=-9
TARGETPHON stress=MG0 result=-9
TARGETPHON stress=MG1 result=-9
TARGETPHON stress=MG2 result=-9
TARGETPHON stress=MH0 result=-9
TARGETPHON stress=MH1 result=-9
TARGETPHON stress=MH2 result=-9
TARGETPHON stress=MI0 result=-9
TARGETPHON stress=MI1 result=-9
TARGETPHON stress=MI2 result=-9
TARGETPHON stress=MJ0 result=-9
TARGETPHON stress=MJ1 result=-9
TARGETPHON stress=MJ2 result=-9
TARGETPHON stress=MK0 result=-9
TARGETPHON stress=MK1 result=-9
TARGETPHON stress=MK2 result=-9
TARGETPHON stress=ML0 result=-9
TARGETPHON stress=ML1 result=-9
TARGETPHON stress=ML2 result=-9
TARGETPHON stress=MM0 result=-9
TARGETPHON stress=MM1 result=-9
TARGETPHON stress=MM2 result=-9
TARGETPHON stress=MN0 result=-9
TARGETPHON stress=MN1 result=-9
TARGETPHON stress=MN2 result=-9
TARGETPHON stress=MO0 result=-9
TARGETPHON stress=MO1 result=-9
TARGETPHON stress=MO2 result=-9
TARGETPHON stress=MP0 result=-9
TARGETPHON stress=MP1 result=-9
TARGETPHON stress=MP2 result=-9
TARGETPHON stress=MQ0 result=-9
TARGETPHON stress=MQ1 result=-9
TARGETPHON stress=MQ2 result=-9
TARGETPHON stress=MR0 result=-9
TARGETPHON stress=MR1 result=-9
TARGETPHON stress=MR2 result=-9
TARGETPHON stress=MS0 result=-9
TARGETPHON stress=MS1 result=-9
TARGETPHON stress=MS2 result=-9
TARGETPHON stress=MT0 result=-9
TARGETPHON stress=MT1 result=-9
TARGETPHON stress=MT2 result=-9
TARGETPHON stress=MU0 result=-9
TARGETPHON stress=MU1 result=-9
TARGETPHON stress=MU2 result=-9
TARGETPHON stress=MV0 result=-9
TARGETPHON stress=MV1 result=-9
TARGETPHON stress=MV2 result=-9
TARGETPHON stress=MW0 result=-9
TARGETPHON stress=MW1 result=-9
TARGETPHON stress=MW2 result=-9
TARGETPHON stress=MX0 result=-9
TARGETPHON stress=MX1 result=-9
TARGETPHON stress=MX2 result=-9
TARGETPHON stress=MY0 result=-9
TARGETPHON stress=MY1 result=-9
TARGETPHON stress=MY2 result=-9
TARGETPHON stress=MZ0 result=-9
TARGETPHON stress=MZ1 result=-9
TARGETPHON stress=MZ2 result=-9
TARGETPHON stress=NA0 result=-9
TARGETPHON stress=NA1 result=-9
TARGETPHON stress=NA2 result=-9
TARGETPHON stress=NB0 result=-9
TARGETPHON stress=NB1 result=-9
TARGETPHON stress=NB2 result=-9
TARGETPHON stress=NC0 result=-9
TARGETPHON stress=NC1 result=-9
TARGETPHON stress=NC2 result=-9
TARGETPHON stress=ND0 result=-9
TARGETPHON stress=ND1 result=-9
TARGETPHON stress=ND2 result=-9
TARGETPHON stress=NE0 result=-9
TARGETPHON stress=NE1 result=-9
TARGETPHON stress=NE2 result=-9
TARGETPHON stress=NF0 result=-9
TARGETPHON stress=NF1 result=-9
TARGETPHON stress=NF2 result=-9
TARGETPHON stress=NG0 result=-9
TARGETPHON stress=NG1 result=-9
TARGETPHON stress=NG2 result=-9
TARGETPHON stress=NH0 result=-9
TARGETPHON stress=NH1 result=-9
TARGETPHON stress=NH2 result=-9
TARGETPHON stress=NI0 result=-9
TARGETPHON stress=NI1 result=-9
TARGETPHON stress=NI2 result=-9
TARGETPHON stress=NJ0 result=-9
TARGETPHON stress=NJ1 result=-9
TARGETPHON stress=NJ2 result=-9
TARGETPHON stress=NK0 result=-9
TARGETPHON stress=NK1 result=-9
TARGETPHON stress=NK2 result=-9
TARGETPHON stress=NL0 result=-9
TARGETPHON stress=NL1 result=-9
TARGETPHON stress=NL2 result=-9
TARGETPHON stress=NM0 result=-9
TARGETPHON stress=NM1 result=-9
TARGETPHON stress=NM2 result=-9
TARGETPHON stress=NN0 result=-9
TARGETPHON stress=NN1 result=-9
TARGETPHON stress=NN2 result=-9
TARGETPHON stress=NO0 result=-9
TARGETPHON stress=NO1 result=-9
TARGETPHON stress=NO2 result=-9
TARGETPHON stress=NP0 result=-9
TARGETPHON stress=NP1 result=-9
TARGETPHON stress=NP2 result=-9
TARGETPHON stress=NQ0 result=-9
TARGETPHON stress=NQ1 result=-9
TARGETPHON stress=NQ2 result=-9
TARGETPHON stress=NR0 result=-9
TARGETPHON stress=NR1 result=-9
TARGETPHON stress=NR2 result=-9
TARGETPHON stress=NS0 result=-9
TARGETPHON stress=NS1 result=-9
TARGETPHON stress=NS2 result=-9
TARGETPHON stress=NT0 result=-9
TARGETPHON stress=NT1 result=-9
TARGETPHON stress=NT2 result=-9
TARGETPHON stress=NU0 result=-9
TARGETPHON stress=NU1 result=-9
TARGETPHON stress=NU2 result=-9
TARGETPHON stress=NV0 result=-9
TARGETPHON stress=NV1 result=-9
TARGETPHON stress=NV2 result=-9
TARGETPHON stress=NW0 result=-9
TARGETPHON stress=NW1 result=-9
TARGETPHON stress=NW2 result=-9
TARGETPHON stress=NX0 result=-9
TARGETPHON stress=NX1 result=-9
TARGETPHON stress=NX2 result=-9
TARGETPHON stress=NY0 result=-9
TARGETPHON stress=NY1 result=-9
TARGETPHON stress=NY2 result=-9
TARGETPHON stress=NZ0 result=-9
TARGETPHON stress=NZ1 result=-9
TARGETPHON stress=NZ2 result=-9
TARGETPHON stress=OA0 result=-9
TARGETPHON stress=OA1 result=-9
TARGETPHON stress=OA2 result=-9
TARGETPHON stress=OB0 result=-9
TARGETPHON stress=OB1 result=-9
TARGETPHON stress=OB2 result=-9
TARGETPHON stress=OC0 result=-9
TARGETPHON stress=OC1 result=-9
TARGETPHON stress=OC2 result=-9
TARGETPHON stress=OD0 result=-9
TARGETPHON stress=OD1 result=-9
TARGETPHON stress=OD2 result=-9
TARGETPHON stress=OE0 result=-9
TARGETPHON stress=OE1 result=-9
TARGETPHON stress=OE2 result=-9
TARGETPHON stress=OF0 result=-9
TARGETPHON stress=OF1 result=-9
TARGETPHON stress=OF2 result=-9
TARGETPHON stress=OG0 result=-9
TARGETPHON stress=OG1 result=-9
TARGETPHON stress=OG2 result=-9
TARGETPHON stress=OH0 result=-9
TARGETPHON stress=OH1 result=-9
TARGETPHON stress=OH2 result=-9
TARGETPHON stress=OI0 result=-9
TARGETPHON stress=OI1 result=-9
TARGETPHON stress=OI2 result=-9
TARGETPHON stress=OJ0 result=-9
TARGETPHON stress=OJ1 result=-9
TARGETPHON stress=OJ2 result=-9
TARGETPHON stress=OK0 result=-9
TARGETPHON stress=OK1 result=-9
TARGETPHON stress=OK2 result=-9
TARGETPHON stress=OL0 result=-9
TARGETPHON stress=OL1 result=-9
TARGETPHON stress=OL2 result=-9
TARGETPHON stress=OM0 result=-9
TARGETPHON stress=OM1 result=-9
TARGETPHON stress=OM2 result=-9
TARGETPHON stress=ON0 result=-9
TARGETPHON stress=ON1 result=-9
TARGETPHON stress=ON2 result=-9
TARGETPHON stress=OO0 result=-9
TARGETPHON stress=OO1 result=-9
TARGETPHON stress=OO2 result=-9
TARGETPHON stress=OP0 result=-9
TARGETPHON stress=OP1 result=-9
TARGETPHON stress=OP2 result=-9
TARGETPHON stress=OQ0 result=-9
TARGETPHON stress=OQ1 result=-9
TARGETPHON stress=OQ2 result=-9
TARGETPHON stress=OR0 result=-9
TARGETPHON stress=OR1 result=-9
TARGETPHON stress=OR2 result=-9
TARGETPHON stress=OS0 result=-9
TARGETPHON stress=OS1 result=-9
TARGETPHON stress=OS2 result=-9
TARGETPHON stress=OT0 result=-9
TARGETPHON stress=OT1 result=-9
TARGETPHON stress=OT2 result=-9
TARGETPHON stress=OU0 result=-9
TARGETPHON stress=OU1 result=-9
TARGETPHON stress=OU2 result=-9
TARGETPHON stress=OV0 result=-9
TARGETPHON stress=OV1 result=-9
TARGETPHON stress=OV2 result=-9
TARGETPHON stress=OW0 result=1
TARGETPHON stress=OW1 result=1
TARGETPHON stress=OW2 result=1
TARGETPHON stress=OX0 result=-9
TARGETPHON stress=OX1 result=-9
TARGETPHON stress=OX2 result=-9
TARGETPHON stress=OY0 result=1
TARGETPHON stress=OY1 result=1
TARGETPHON stress=OY2 result=1
TARGETPHON stress=OZ0 result=-9
TARGETPHON stress=OZ1 result=-9
TARGETPHON stress=OZ2 result=-9
TARGETPHON stress=PA0 result=-9
TARGETPHON stress=PA1 result=-9
TARGETPHON stress=PA2 result=-9
TARGETPHON stress=PB0 result=-9
TARGETPHON stress=PB1 result=-9
TARGETPHON stress=PB2 result=-9
TARGETPHON stress=PC0 result=-9
TARGETPHON stress=PC1 result=-9
TARGETPHON stress=PC2 result=-9
TARGETPHON stress=PD0 result=-9
TARGETPHON stress=PD1 result=-9
TARGETPHON stress=PD2 result=-9
TARGETPHON stress=PE0 result=-9
TARGETPHON stress=PE1 result=-9
TARGETPHON stress=PE2 result=-9
TARGETPHON stress=PF0 result=-9
TARGETPHON stress=PF1 result=-9
TARGETPHON stress=PF2 result=-9
TARGETPHON stress=PG0 result=-9
TARGETPHON stress=PG1 result=-9
TARGETPHON stress=PG2 result=-9
TARGETPHON stress=PH0 result=-9
TARGETPHON stress=PH1 result=-9
TARGETPHON stress=PH2 result=-9
TARGETPHON stress=PI0 result=-9
TARGETPHON stress=PI1 result=-9
TARGETPHON stress=PI2 result=-9
TARGETPHON stress=PJ0 result=-9
TARGETPHON stress=PJ1 result=-9
TARGETPHON stress=PJ2 result=-9
TARGETPHON stress=PK0 result=-9
TARGETPHON stress=PK1 result=-9
TARGETPHON stress=PK2 result=-9
TARGETPHON stress=PL0 result=-9
TARGETPHON stress=PL1 result=-9
TARGETPHON stress=PL2 result=-9
TARGETPHON stress=PM0 result=-9
TARGETPHON stress=PM1 result=-9
TARGETPHON stress=PM2 result=-9
TARGETPHON stress=PN0 result=-9
TARGETPHON stress=PN1 result=-9
TARGETPHON stress=PN2 result=-9
TARGETPHON stress=PO0 result=-9
TARGETPHON stress=PO1 result=-9
TARGETPHON stress=PO2 result=-9
TARGETPHON stress=PP0 result=-9
TARGETPHON stress=PP1 result=-9
TARGETPHON stress=PP2 result=-9
TARGETPHON stress=PQ0 result=-9
TARGETPHON stress=PQ1 result=-9
TARGETPHON stress=PQ2 result=-9
TARGETPHON stress=PR0 result=-9
TARGETPHON stress=PR1 result=-9
TARGETPHON stress=PR2 result=-9
TARGETPHON stress=PS0 result=-9
TARGETPHON stress=PS1 result=-9
TARGETPHON stress=PS2 result=-9
TARGETPHON stress=PT0 result=-9
TARGETPHON stress=PT1 result=-9
TARGETPHON stress=PT2 result=-9
TARGETPHON stress=PU0 result=-9
TARGETPHON stress=PU1 result=-9
TARGETPHON stress=PU2 result=-9
TARGETPHON stress=PV0 result=-9
TARGETPHON stress=PV1 result=-9
TARGETPHON stress=PV2 result=-9
TARGETPHON stress=PW0 result=-9
TARGETPHON stress=PW1 result=-9
TARGETPHON stress=PW2 result=-9
TARGETPHON stress=PX0 result=-9
TARGETPHON stress=PX1 result=-9
TARGETPHON stress=PX2 result=-9
TARGETPHON stress=PY0 result=-9
TARGETPHON stress=PY1 result=-9
TARGETPHON stress=PY2 result=-9
TARGETPHON stress=PZ0 result=-9
TARGETPHON stress=PZ1 result=-9
TARGETPHON stress=PZ2 result=-9
TARGETPHON stress=QA0 result=-9
TARGETPHON stress=QA1 result=-9
TARGETPHON stress=QA2 result=-9
TARGETPHON stress=QB0 result=-9
TARGETPHON stress=QB1 result=-9
TARGETPHON stress=QB2 result=-9
TARGETPHON stress=QC0 result=-9
TARGETPHON stress=QC1 result=-9
TARGETPHON stress=QC2 result=-9
TARGETPHON stress=QD0 result=-9
TARGETPHON stress=QD1 result=-9
TARGETPHON stress=QD2 result=-9
TARGETPHON stress=QE0 result=-9
TARGETPHON stress=QE1 result=-9
TARGETPHON stress=QE2 result=-9
TARGETPHON stress=QF0 result=-9
TARGETPHON stress=QF1 result=-9
TARGETPHON stress=QF2 result=-9
TARGETPHON stress=QG0 result=-9
TARGETPHON stress=QG1 result=-9
TARGETPHON stress=QG2 result=-9
TARGETPHON stress=QH0 result=-9
TARGETPHON stress=QH1 result=-9
TARGETPHON stress=QH2 result=-9
TARGETPHON stress=QI0 result=-9
TARGETPHON stress=QI1 result=-9
TARGETPHON stress=QI2 result=-9
TARGETPHON stress=QJ0 result=-9
TARGETPHON stress=QJ1 result=-9
TARGETPHON stress=QJ2 result=-9
TARGETPHON stress=QK0 result=-9
TARGETPHON stress=QK1 result=-9
TARGETPHON stress=QK2 result=-9
TARGETPHON stress=QL0 result=-9
TARGETPHON stress=QL1 result=-9
TARGETPHON stress=QL2 result=-9
TARGETPHON stress=QM0 result=-9
TARGETPHON stress=QM1 result=-9
TARGETPHON stress=QM2 result=-9
TARGETPHON stress=QN0 result=-9
TARGETPHON stress=QN1 result=-9
TARGETPHON stress=QN2 result=-9
TARGETPHON stress=QO0 result=-9
TARGETPHON stress=QO1 result=-9
TARGETPHON stress=QO2 result=-9
TARGETPHON stress=QP0 result=-9
TARGETPHON stress=QP1 result=-9
TARGETPHON stress=QP2 result=-9
TARGETPHON stress=QQ0 result=-9
TARGETPHON stress=QQ1 result=-9
TARGETPHON stress=QQ2 result=-9
TARGETPHON stress=QR0 result=-9
TARGETPHON stress=QR1 result=-9
TARGETPHON stress=QR2 result=-9
TARGETPHON stress=QS0 result=-9
TARGETPHON stress=QS1 result=-9
TARGETPHON stress=QS2 result=-9
TARGETPHON stress=QT0 result=-9
TARGETPHON stress=QT1 result=-9
TARGETPHON stress=QT2 result=-9
TARGETPHON stress=QU0 result=-9
TARGETPHON stress=QU1 result=-9
TARGETPHON stress=QU2 result=-9
TARGETPHON stress=QV0 result=-9
TARGETPHON stress=QV1 result=-9
TARGETPHON stress=QV2 result=-9
TARGETPHON stress=QW0 result=-9
TARGETPHON stress=QW1 result=-9
TARGETPHON stress=QW2 result=-9
TARGETPHON stress=QX0 result=-9
TARGETPHON stress=QX1 result=-9
TARGETPHON stress=QX2 result=-9
TARGETPHON stress=QY0 result=-9
TARGETPHON stress=QY1 result=-9
TARGETPHON stress=QY2 result=-9
TARGETPHON stress=QZ0 result=-9
TARGETPHON stress=QZ1 result=-9
TARGETPHON stress=QZ2 result=-9
TARGETPHON stress=RA0 result=-9
TARGETPHON stress=RA1 result=-9
TARGETPHON stress=RA2 result=-9
TARGETPHON stress=RB0 result=-9
TARGETPHON stress=RB1 result=-9
TARGETPHON stress=RB2 result=-9
TARGETPHON stress=RC0 result=-9
TARGETPHON stress=RC1 result=-9
TARGETPHON stress=RC2 result=-9
TARGETPHON stress=RD0 result=-9
TARGETPHON stress=RD1 result=-9
TARGETPHON stress=RD2 result=-9
TARGETPHON stress=RE0 result=-9
TARGETPHON stress=RE1 result=-9
TARGETPHON stress=RE2 result=-9
TARGETPHON stress=RF0 result=-9
TARGETPHON stress=RF1 result=-9
TARGETPHON stress=RF2 result=-9
TARGETPHON stress=RG0 result=-9
TARGETPHON stress=RG1 result=-9
TARGETPHON stress=RG2 result=-9
TARGETPHON stress=RH0 result=-9
TARGETPHON stress=RH1 result=-9
TARGETPHON stress=RH2 result=-9
TARGETPHON stress=RI0 result=-9
TARGETPHON stress=RI1 result=-9
TARGETPHON stress=RI2 result=-9
TARGETPHON stress=RJ0 result=-9
TARGETPHON stress=RJ1 result=-9
TARGETPHON stress=RJ2 result=-9
TARGETPHON stress=RK0 result=-9
TARGETPHON stress=RK1 result=-9
TARGETPHON stress=RK2 result=-9
TARGETPHON stress=RL0 result=-9
TARGETPHON stress=RL1 result=-9
TARGETPHON stress=RL2 result=-9
TARGETPHON stress=RM0 result=-9
TARGETPHON stress=RM1 result=-9
TARGETPHON stress=RM2 result=-9
TARGETPHON stress=RN0 result=-9
TARGETPHON stress=RN1 result=-9
TARGETPHON stress=RN2 result=-9
TARGETPHON stress=RO0 result=-9
TARGETPHON stress=RO1 result=-9
TARGETPHON stress=RO2 result=-9
TARGETPHON stress=RP0 result=-9
TARGETPHON stress=RP1 result=-9
TARGETPHON stress=RP2 result=-9
TARGETPHON stress=RQ0 result=-9
TARGETPHON stress=RQ1 result=-9
TARGETPHON stress=RQ2 result=-9
TARGETPHON stress=RR0 result=-9
TARGETPHON stress=RR1 result=-9
TARGETPHON stress=RR2 result=-9
TARGETPHON stress=RS0 result=-9
TARGETPHON stress=RS1 result=-9
TARGETPHON stress=RS2 result=-9
TARGETPHON stress=RT0 result=-9
TARGETPHON stress=RT1 result=-9
TARGETPHON stress=RT2 result=-9
TARGETPHON stress=RU0 result=-9
TARGETPHON stress=RU1 result=-9
TARGETPHON stress=RU2 result=-9
TARGETPHON stress=RV0 result=-9
TARGETPHON stress=RV1 result=-9
TARGETPHON stress=RV2 result=-9
TARGETPHON stress=RW0 result=-9
TARGETPHON stress=RW1 result=-9
TARGETPHON stress=RW2 result=-9
TARGETPHON stress=RX0 result=-9
TARGETPHON stress=RX1 result=-9
TARGETPHON stress=RX2 result=-9
TARGETPHON stress=RY0 result=-9
TARGETPHON stress=RY1 result=-9
TARGETPHON stress=RY2 result=-9
TARGETPHON stress=RZ0 result=-9
TARGETPHON stress=RZ1 result=-9
TARGETPHON stress=RZ2 result=-9
TARGETPHON stress=SA0 result=-9
TARGETPHON stress=SA1 result=-9
TARGETPHON stress=SA2 result=-9
TARGETPHON stress=SB0 result=-9
TARGETPHON stress=SB1 result=-9
TARGETPHON stress=SB2 result=-9
TARGETPHON stress=SC0 result=-9
TARGETPHON stress=SC1 result=-9
TARGETPHON stress=SC2 result=-9
TARGETPHON stress=SD0 result=-9
TARGETPHON stress=SD1 result=-9
TARGETPHON stress=SD2 result=-9
TARGETPHON stress=SE0 result=-9
TARGETPHON stress=SE1 result=-9
TARGETPHON stress=SE2 result=-9
TARGETPHON stress=SF0 result=-9
TARGETPHON stress=SF1 result=-9
TARGETPHON stress=SF2 result=-9
TARGETPHON stress=SG0 result=-9
TARGETPHON stress=SG1 result=-9
TARGETPHON stress=SG2 result=-9
TARGETPHON stress=SH0 result=-9
TARGETPHON stress=SH1 result=-9
TARGETPHON stress=SH2 result=-9
TARGETPHON stress=SI0 result=-9
TARGETPHON stress=SI1 result=-9
TARGETPHON stress=SI2 result=-9
TARGETPHON stress=SJ0 result=-9
TARGETPHON stress=SJ1 result=-9
TARGETPHON stress=SJ2 result=-9
TARGETPHON stress=SK0 result=-9
TARGETPHON stress=SK1 result=-9
TARGETPHON stress=SK2 result=-9
TARGETPHON stress=SL0 result=-9
TARGETPHON stress=SL1 result=-9
TARGETPHON stress=SL2 result=-9
TARGETPHON stress=SM0 result=-9
TARGETPHON stress=SM1 result=-9
TARGETPHON stress=SM2 result=-9
TARGETPHON stress=SN0 result=-9
TARGETPHON stress=SN1 result=-9
TARGETPHON stress=SN2 result=-9
TARGETPHON stress=SO0 result=-9
TARGETPHON stress=SO1 result=-9
TARGETPHON stress=SO2 result=-9
TARGETPHON stress=SP0 result=-9
TARGETPHON stress=SP1 result=-9
TARGETPHON stress=SP2 result=-9
TARGETPHON stress=SQ0 result=-9
TARGETPHON stress=SQ1 result=-9
TARGETPHON stress=SQ2 result=-9
TARGETPHON stress=SR0 result=-9
TARGETPHON stress=SR1 result=-9
TARGETPHON stress=SR2 result=-9
TARGETPHON stress=SS0 result=-9
TARGETPHON stress=SS1 result=-9
TARGETPHON stress=SS2 result=-9
TARGETPHON stress=ST0 result=-9
TARGETPHON stress=ST1 result=-9
TARGETPHON stress=ST2 result=-9
TARGETPHON stress=SU0 result=-9
TARGETPHON stress=SU1 result=-9
TARGETPHON stress=SU2 result=-9
TARGETPHON stress=SV0 result=-9
TARGETPHON stress=SV1 result=-9
TARGETPHON stress=SV2 result=-9
TARGETPHON stress=SW0 result=-9
TARGETPHON stress=SW1 result=-9
TARGETPHON stress=SW2 result=-9
TARGETPHON stress=SX0 result=-9
TARGETPHON stress=SX1 result=-9
TARGETPHON stress=SX2 result=-9
TARGETPHON stress=SY0 result=-9
TARGETPHON stress=SY1 result=-9
TARGETPHON stress=SY2 result=-9
TARGETPHON stress=SZ0 result=-9
TARGETPHON stress=SZ1 result=-9
TARGETPHON stress=SZ2 result=-9
TARGETPHON stress=TA0 result=-9
TARGETPHON stress=TA1 result=-9
TARGETPHON stress=TA2 result=-9
TARGETPHON stress=TB0 result=-9
TARGETPHON stress=TB1 result=-9
TARGETPHON stress=TB2 result=-9
TARGETPHON stress=TC0 result=-9
TARGETPHON stress=TC1 result=-9
TARGETPHON stress=TC2 result=-9
TARGETPHON stress=TD0 result=-9
TARGETPHON stress=TD1 result=-9
TARGETPHON stress=TD2 result=-9
TARGETPHON stress=TE0 result=-9
TARGETPHON stress=TE1 result=-9
TARGETPHON stress=TE2 result=-9
TARGETPHON stress=TF0 result=-9
TARGETPHON stress=TF1 result=-9
TARGETPHON stress=TF2 result=-9
TARGETPHON stress=TG0 result=-9
TARGETPHON stress=TG1 result=-9
TARGETPHON stress=TG2 result=-9
TARGETPHON stress=TH0 result=-9
TARGETPHON stress=TH1 result=-9
TARGETPHON stress=TH2 result=-9
TARGETPHON stress=TI0 result=-9
TARGETPHON stress=TI1 result=-9
TARGETPHON stress=TI2 result=-9
TARGETPHON stress=TJ0 result=-9
TARGETPHON stress=TJ1 result=-9
TARGETPHON stress=TJ2 result=-9
TARGETPHON stress=TK0 result=-9
TARGETPHON stress=TK1 result=-9
TARGETPHON stress=TK2 result=-9
TARGETPHON stress=TL0 result=-9
TARGETPHON stress=TL1 result=-9
TARGETPHON stress=TL2 result=-9
TARGETPHON stress=TM0 result=-9
TARGETPHON stress=TM1 result=-9
TARGETPHON stress=TM2 result=-9
TARGETPHON stress=TN0 result=-9
TARGETPHON stress=TN1 result=-9
TARGETPHON stress=TN2 result=-9
TARGETPHON stress=TO0 result=-9
TARGETPHON stress=TO1 result=-9
TARGETPHON stress=TO2 result=-9
TARGETPHON stress=TP0 result=-9
TARGETPHON stress=TP1 result=-9
TARGETPHON stress=TP2 result=-9
TARGETPHON stress=TQ0 result=-9
TARGETPHON stress=TQ1 result=-9
TARGETPHON stress=TQ2 result=-9
TARGETPHON stress=TR0 result=-9
TARGETPHON stress=TR1 result=-9
TARGETPHON stress=TR2 result=-9
TARGETPHON stress=TS0 result=-9
TARGETPHON stress=TS1 result=-9
TARGETPHON stress=TS2 result=-9
TARGETPHON stress=TT0 result=-9
TARGETPHON stress=TT1 result=-9
TARGETPHON stress=TT2 result=-9
TARGETPHON stress=TU0 result=-9
TARGETPHON stress=TU1 result=-9
TARGETPHON stress=TU2 result=-9
TARGETPHON stress=TV0 result=-9
TARGETPHON stress=TV1 result=-9
TARGETPHON stress=TV2 result=-9
TARGETPHON stress=TW0 result=-9
TARGETPHON stress=TW1 result=-9
TARGETPHON stress=TW2 result=-9
TARGETPHON stress=TX0 result=-9
TARGETPHON stress=TX1 result=-9
TARGETPHON stress=TX2 result=-9
TARGETPHON stress=TY0 result=-9
TARGETPHON stress=TY1 result=-9
TARGETPHON stress=TY2 result=-9
TARGETPHON stress=TZ0 result=-9
TARGETPHON stress=TZ1 result=-9
TARGETPHON stress=TZ2 result=-9
TARGETPHON stress=UA0 result=-9
TARGETPHON stress=UA1 result=-9
TARGETPHON stress=UA2 result=-9
TARGETPHON stress=UB0 result=-9
TARGETPHON stress=UB1 result=-9
TARGETPHON stress=UB2 result=-9
TARGETPHON stress=UC0 result=-9
TARGETPHON stress=UC1 result=-9
TARGETPHON stress=UC2 result=-9
TARGETPHON stress=UD0 result=-9
TARGETPHON stress=UD1 result=-9
TARGETPHON stress=UD2 result=-9
TARGETPHON stress=UE0 result=-9
TARGETPHON stress=UE1 result=-9
TARGETPHON stress=UE2 result=-9
TARGETPHON stress=UF0 result=-9
TARGETPHON stress=UF1 result=-9
TARGETPHON stress=UF2 result=-9
TARGETPHON stress=UG0 result=-9
TARGETPHON stress=UG1 result=-9
TARGETPHON stress=UG2 result=-9
TARGETPHON stress=UH0 result=1
TARGETPHON stress=UH1 result=1
TARGETPHON stress=UH2 result=1
TARGETPHON stress=UI0 result=-9
TARGETPHON stress=UI1 result=-9
TARGETPHON stress=UI2 result=-9
TARGETPHON stress=UJ0 result=-9
TARGETPHON stress=UJ1 result=-9
TARGETPHON stress=UJ2 result=-9
TARGETPHON stress=UK0 result=-9
TARGETPHON stress=UK1 result=-9
TARGETPHON stress=UK2 result=-9
TARGETPHON stress=UL0 result=-9
TARGETPHON stress=UL1 result=-9
TARGETPHON stress=UL2 result=-9
TARGETPHON stress=UM0 result=-9
TARGETPHON stress=UM1 result=-9
TARGETPHON stress=UM2 result=-9
TARGETPHON stress=UN0 result=-9
TARGETPHON stress=UN1 result=-9
TARGETPHON stress=UN2 result=-9
TARGETPHON stress=UO0 result=-9
TARGETPHON stress=UO1 result=-9
TARGETPHON stress=UO2 result=-9
TARGETPHON stress=UP0 result=-9
TARGETPHON stress=UP1 result=-9
TARGETPHON stress=UP2 result=-9
TARGETPHON stress=UQ0 result=-9
TARGETPHON stress=UQ1 result=-9
TARGETPHON stress=UQ2 result=-9
TARGETPHON stress=UR0 result=-9
TARGETPHON stress=UR1 result=-9
TARGETPHON stress=UR2 result=-9
TARGETPHON stress=US0 result=-9
TARGETPHON stress=US1 result=-9
TARGETPHON stress=US2 result=-9
TARGETPHON stress=UT0 result=-9
TARGETPHON stress=UT1 result=-9
TARGETPHON stress=UT2 result=-9
TARGETPHON stress=UU0 result=-9
TARGETPHON stress=UU1 result=-9
TARGETPHON stress=UU2 result=-9
TARGETPHON stress=UV0 result=-9
TARGETPHON stress=UV1 result=-9
TARGETPHON stress=UV2 result=-9
TARGETPHON stress=UW0 result=1
TARGETPHON stress=UW1 result=1
TARGETPHON stress=UW2 result=1
TARGETPHON stress=UX0 result=-9
TARGETPHON stress=UX1 result=-9
TARGETPHON stress=UX2 result=-9
TARGETPHON stress=UY0 result=-9
TARGETPHON stress=UY1 result=-9
TARGETPHON stress=UY2 result=-9
TARGETPHON stress=UZ0 result=-9
TARGETPHON stress=UZ1 result=-9
TARGETPHON stress=UZ2 result=-9
TARGETPHON stress=VA0 result=-9
TARGETPHON stress=VA1 result=-9
TARGETPHON stress=VA2 result=-9
TARGETPHON stress=VB0 result=-9
TARGETPHON stress=VB1 result=-9
TARGETPHON stress=VB2 result=-9
TARGETPHON stress=VC0 result=-9
TARGETPHON stress=VC1 result=-9
TARGETPHON stress=VC2 result=-9
TARGETPHON stress=VD0 result=-9
TARGETPHON stress=VD1 result=-9
TARGETPHON stress=VD2 result=-9
TARGETPHON stress=VE0 result=-9
TARGETPHON stress=VE1 result=-9
TARGETPHON stress=VE2 result=-9
TARGETPHON stress=VF0 result=-9
TARGETPHON stress=VF1 result=-9
TARGETPHON stress=VF2 result=-9
TARGETPHON stress=VG0 result=-9
TARGETPHON stress=VG1 result=-9
TARGETPHON stress=VG2 result=-9
TARGETPHON stress=VH0 result=-9
TARGETPHON stress=VH1 result=-9
TARGETPHON stress=VH2 result=-9
TARGETPHON stress=VI0 result=-9
TARGETPHON stress=VI1 result=-9
TARGETPHON stress=VI2 result=-9
TARGETPHON stress=VJ0 result=-9
TARGETPHON stress=VJ1 result=-9
TARGETPHON stress=VJ2 result=-9
TARGETPHON stress=VK0 result=-9
TARGETPHON stress=VK1 result=-9
TARGETPHON stress=VK2 result=-9
TARGETPHON stress=VL0 result=-9
TARGETPHON stress=VL1 result=-9
TARGETPHON stress=VL2 result=-9
TARGETPHON stress=VM0 result=-9
TARGETPHON stress=VM1 result=-9
TARGETPHON stress=VM2 result=-9
TARGETPHON stress=VN0 result=-9
TARGETPHON stress=VN1 result=-9
TARGETPHON stress=VN2 result=-9
TARGETPHON stress=VO0 result=-9
TARGETPHON stress=VO1 result=-9
TARGETPHON stress=VO2 result=-9
TARGETPHON stress=VP0 result=-9
TARGETPHON stress=VP1 result=-9
TARGETPHON stress=VP2 result=-9
TARGETPHON stress=VQ0 result=-9
TARGETPHON stress=VQ1 result=-9
TARGETPHON stress=VQ2 result=-9
TARGETPHON stress=VR0 result=-9
TARGETPHON stress=VR1 result=-9
TARGETPHON stress=VR2 result=-9
TARGETPHON stress=VS0 result=-9
TARGETPHON stress=VS1 result=-9
TARGETPHON stress=VS2 result=-9
TARGETPHON stress=VT0 result=-9
TARGETPHON stress=VT1 result=-9
TARGETPHON stress=VT2 result=-9
TARGETPHON stress=VU0 result=-9
TARGETPHON stress=VU1 result=-9
TARGETPHON stress=VU2 result=-9
TARGETPHON stress=VV0 result=-9
TARGETPHON stress=VV1 result=-9
TARGETPHON stress=VV2 result=-9
TARGETPHON stress=VW0 result=-9
TARGETPHON stress=VW1 result=-9
TARGETPHON stress=VW2 result=-9
TARGETPHON stress=VX0 result=-9
TARGETPHON stress=VX1 result=-9
TARGETPHON stress=VX2 result=-9
TARGETPHON stress=VY0 result=-9
TARGETPHON stress=VY1 result=-9
TARGETPHON stress=VY2 result=-9
TARGETPHON stress=VZ0 result=-9
TARGETPHON stress=VZ1 result=-9
TARGETPHON stress=VZ2 result=-9
TARGETPHON stress=WA0 result=-9
TARGETPHON stress=WA1 result=-9
TARGETPHON stress=WA2 result=-9
TARGETPHON stress=WB0 result=-9
TARGETPHON stress=WB1 result=-9
TARGETPHON stress=WB2 result=-9
TARGETPHON stress=WC0 result=-9
TARGETPHON stress=WC1 result=-9
TARGETPHON stress=WC2 result=-9
TARGETPHON stress=WD0 result=-9
TARGETPHON stress=WD1 result=-9
TARGETPHON stress=WD2 result=-9
TARGETPHON stress=WE0 result=-9
TARGETPHON stress=WE1 result=-9
TARGETPHON stress=WE2 result=-9
TARGETPHON stress=WF0 result=-9
TARGETPHON stress=WF1 result=-9
TARGETPHON stress=WF2 result=-9
TARGETPHON stress=WG0 result=-9
TARGETPHON stress=WG1 result=-9
TARGETPHON stress=WG2 result=-9
TARGETPHON stress=WH0 result=-9
TARGETPHON stress=WH1 result=-9
TARGETPHON stress=WH2 result=-9
TARGETPHON stress=WI0 result=-9
TARGETPHON stress=WI1 result=-9
TARGETPHON stress=WI2 result=-9
TARGETPHON stress=WJ0 result=-9
TARGETPHON stress=WJ1 result=-9
TARGETPHON stress=WJ2 result=-9
TARGETPHON stress=WK0 result=-9
TARGETPHON stress=WK1 result=-9
TARGETPHON stress=WK2 result=-9
TARGETPHON stress=WL0 result=-9
TARGETPHON stress=WL1 result=-9
TARGETPHON stress=WL2 result=-9
TARGETPHON stress=WM0 result=-9
TARGETPHON stress=WM1 result=-9
TARGETPHON stress=WM2 result=-9
TARGETPHON stress=WN0 result=-9
TARGETPHON stress=WN1 result=-9
TARGETPHON stress=WN2 result=-9
TARGETPHON stress=WO0 result=-9
TARGETPHON stress=WO1 result=-9
TARGETPHON stress=WO2 result=-9
TARGETPHON stress=WP0 result=-9
TARGETPHON stress=WP1 result=-9
TARGETPHON stress=WP2 result=-9
TARGETPHON stress=WQ0 result=-9
TARGETPHON stress=WQ1 result=-9
TARGETPHON stress=WQ2 result=-9
TARGETPHON stress=WR0 result=-9
TARGETPHON stress=WR1 result=-9
TARGETPHON stress=WR2 result=-9
TARGETPHON stress=WS0 result=-9
TARGETPHON stress=WS1 result=-9
TARGETPHON stress=WS2 result=-9
TARGETPHON stress=WT0 result=-9
TARGETPHON stress=WT1 result=-9
TARGETPHON stress=WT2 result=-9
TARGETPHON stress=WU0 result=-9
TARGETPHON stress=WU1 result=-9
TARGETPHON stress=WU2 result=-9
TARGETPHON stress=WV0 result=-9
TARGETPHON stress=WV1 result=-9
TARGETPHON stress=WV2 result=-9
TARGETPHON stress=WW0 result=-9
TARGETPHON stress=WW1 result=-9
TARGETPHON stress=WW2 result=-9
TARGETPHON stress=WX0 result=-9
TARGETPHON stress=WX1 result=-9
TARGETPHON stress=WX2 result=-9
TARGETPHON stress=WY0 result=-9
TARGETPHON stress=WY1 result=-9
TARGETPHON stress=WY2 result=-9
TARGETPHON stress=WZ0 result=-9
TARGETPHON stress=WZ1 result=-9
TARGETPHON stress=WZ2 result=-9
TARGETPHON stress=XA0 result=-9
TARGETPHON stress=XA1 result=-9
TARGETPHON stress=XA2 result=-9
TARGETPHON stress=XB0 result=-9
TARGETPHON stress=XB1 result=-9
TARGETPHON stress=XB2 result=-9
TARGETPHON stress=XC0 result=-9
TARGETPHON stress=XC1 result=-9
TARGETPHON stress=XC2 result=-9
TARGETPHON stress=XD0 result=-9
TARGETPHON stress=XD1 result=-9
TARGETPHON stress=XD2 result=-9
TARGETPHON stress=XE0 result=-9
TARGETPHON stress=XE1 result=-9
TARGETPHON stress=XE2 result=-9
TARGETPHON stress=XF0 result=-9
TARGETPHON stress=XF1 result=-9
TARGETPHON stress=XF2 result=-9
TARGETPHON stress=XG0 result=-9
TARGETPHON stress=XG1 result=-9
TARGETPHON stress=XG2 result=-9
TARGETPHON stress=XH0 result=-9
TARGETPHON stress=XH1 result=-9
TARGETPHON stress=XH2 result=-9
TARGETPHON stress=XI0 result=-9
TARGETPHON stress=XI1 result=-9
TARGETPHON stress=XI2 result=-9
TARGETPHON stress=XJ0 result=-9
TARGETPHON stress=XJ1 result=-9
TARGETPHON stress=XJ2 result=-9
TARGETPHON stress=XK0 result=-9
TARGETPHON stress=XK1 result=-9
TARGETPHON stress=XK2 result=-9
TARGETPHON stress=XL0 result=-9
TARGETPHON stress=XL1 result=-9
TARGETPHON stress=XL2 result=-9
TARGETPHON stress=XM0 result=-9
TARGETPHON stress=XM1 result=-9
TARGETPHON stress=XM2 result=-9
TARGETPHON stress=XN0 result=-9
TARGETPHON stress=XN1 result=-9
TARGETPHON stress=XN2 result=-9
TARGETPHON stress=XO0 result=-9
TARGETPHON stress=XO1 result=-9
TARGETPHON stress=XO2 result=-9
TARGETPHON stress=XP0 result=-9
TARGETPHON stress=XP1 result=-9
TARGETPHON stress=XP2 result=-9
TARGETPHON stress=XQ0 result=-9
TARGETPHON stress=XQ1 result=-9
TARGETPHON stress=XQ2 result=-9
TARGETPHON stress=XR0 result=-9
TARGETPHON stress=XR1 result=-9
TARGETPHON stress=XR2 result=-9
TARGETPHON stress=XS0 result=-9
TARGETPHON stress=XS1 result=-9
TARGETPHON stress=XS2 result=-9
TARGETPHON stress=XT0 result=-9
TARGETPHON stress=XT1 result=-9
TARGETPHON stress=XT2 result=-9
TARGETPHON stress=XU0 result=-9
TARGETPHON stress=XU1 result=-9
TARGETPHON stress=XU2 result=-9
TARGETPHON stress=XV0 result=-9
TARGETPHON stress=XV1 result=-9
TARGETPHON stress=XV2 result=-9
TARGETPHON stress=XW0 result=-9
TARGETPHON stress=XW1 result=-9
TARGETPHON stress=XW2 result=-9
TARGETPHON stress=XX0 result=-9
TARGETPHON stress=XX1 result=-9
TARGETPHON stress=XX2 result=-9
TARGETPHON stress=XY0 result=-9
TARGETPHON stress=XY1 result=-9
TARGETPHON stress=XY2 result=-9
TARGETPHON stress=XZ0 result=-9
TARGETPHON stress=XZ1 result=-9
TARGETPHON stress=XZ2 result=-9
TARGETPHON stress=YA0 result=-9
TARGETPHON stress=YA1 result=-9
TARGETPHON stress=YA2 result=-9
TARGETPHON stress=YB0 result=-9
TARGETPHON stress=YB1 result=-9
TARGETPHON stress=YB2 result=-9
TARGETPHON stress=YC0 result=-9
TARGETPHON stress=YC1 result=-9
TARGETPHON stress=YC2 result=-9
TARGETPHON stress=YD0 result=-9
TARGETPHON stress=YD1 result=-9
TARGETPHON stress=YD2 result=-9
TARGETPHON stress=YE0 result=-9
TARGETPHON stress=YE1 result=-9
TARGETPHON stress=YE2 result=-9
TARGETPHON stress=YF0 result=-9
TARGETPHON stress=YF1 result=-9
TARGETPHON stress=YF2 result=-9
TARGETPHON stress=YG0 result=-9
TARGETPHON stress=YG1 result=-9
TARGETPHON stress=YG2 result=-9
TARGETPHON stress=YH0 result=-9
TARGETPHON stress=YH1 result=-9
TARGETPHON stress=YH2 result=-9
TARGETPHON stress=YI0 result=-9
TARGETPHON stress=YI1 result=-9
TARGETPHON stress=YI2 result=-9
TARGETPHON stress=YJ0 result=-9
TARGETPHON stress=YJ1 result=-9
TARGETPHON stress=YJ2 result=-9
TARGETPHON stress=YK0 result=-9
TARGETPHON stress=YK1 result=-9
TARGETPHON stress=YK2 result=-9
TARGETPHON stress=YL0 result=-9
TARGETPHON stress=YL1 result=-9
TARGETPHON stress=YL2 result=-9
TARGETPHON stress=YM0 result=-9
TARGETPHON stress=YM1 result=-9
TARGETPHON stress=YM2 result=-9
TARGETPHON stress=YN0 result=-9
TARGETPHON stress=YN1 result=-9
TARGETPHON stress=YN2 result=-9
TARGETPHON stress=YO0 result=-9
TARGETPHON stress=YO1 result=-9
TARGETPHON stress=YO2 result=-9
TARGETPHON stress=YP0 result=-9
TARGETPHON stress=YP1 result=-9
TARGETPHON stress=YP2 result=-9
TARGETPHON stress=YQ0 result=-9
TARGETPHON stress=YQ1 result=-9
TARGETPHON stress=YQ2 result=-9
TARGETPHON stress=YR0 result=-9
TARGETPHON stress=YR1 result=-9
TARGETPHON stress=YR2 result=-9
TARGETPHON stress=YS0 result=-9
TARGETPHON stress=YS1 result=-9
TARGETPHON stress=YS2 result=-9
TARGETPHON stress=YT0 result=-9
TARGETPHON stress=YT1 result=-9
TARGETPHON stress=YT2 result=-9
TARGETPHON stress=YU0 result=-9
TARGETPHON stress=YU1 result=-9
TARGETPHON stress=YU2 result=-9
TARGETPHON stress=YV0 result=-9
TARGETPHON stress=YV1 result=-9
TARGETPHON stress=YV2 result=-9
TARGETPHON stress=YW0 result=-9
TARGETPHON stress=YW1 result=-9
TARGETPHON stress=YW2 result=-9
TARGETPHON stress=YX0 result=-9
TARGETPHON stress=YX1 result=-9
TARGETPHON stress=YX2 result=-9
TARGETPHON stress=YY0 result=-9
TARGETPHON stress=YY1 result=-9
TARGETPHON stress=YY2 result=-9
TARGETPHON stress=YZ0 result=-9
TARGETPHON stress=YZ1 result=-9
TARGETPHON stress=YZ2 result=-9
TARGETPHON stress=ZA0 result=-9
TARGETPHON stress=ZA1 result=-9
TARGETPHON stress=ZA2 result=-9
TARGETPHON stress=ZB0 result=-9
TARGETPHON stress=ZB1 result=-9
TARGETPHON stress=ZB2 result=-9
TARGETPHON stress=ZC0 result=-9
TARGETPHON stress=ZC1 result=-9
TARGETPHON stress=ZC2 result=-9
TARGETPHON stress=ZD0 result=-9
TARGETPHON stress=ZD1 result=-9
TARGETPHON stress=ZD2 result=-9
TARGETPHON stress=ZE0 result=-9
TARGETPHON stress=ZE1 result=-9
TARGETPHON stress=ZE2 result=-9
TARGETPHON stress=ZF0 result=-9
TARGETPHON stress=ZF1 result=-9
TARGETPHON stress=ZF2 result=-9
TARGETPHON stress=ZG0 result=-9
TARGETPHON stress=ZG1 result=-9
TARGETPHON stress=ZG2 result=-9
TARGETPHON stress=ZH0 result=-9
TARGETPHON stress=ZH1 result=-9
TARGETPHON stress=ZH2 result=-9
TARGETPHON stress=ZI0 result=-9
TARGETPHON stress=ZI1 result=-9
TARGETPHON stress=ZI2 result=-9
TARGETPHON stress=ZJ0 result=-9
TARGETPHON stress=ZJ1 result=-9
TARGETPHON stress=ZJ2 result=-9
TARGETPHON stress=ZK0 result=-9
TARGETPHON stress=ZK1 result=-9
TARGETPHON stress=ZK2 result=-9
TARGETPHON stress=ZL0 result=-9
TARGETPHON stress=ZL1 result=-9
TARGETPHON stress=ZL2 result=-9
TARGETPHON stress=ZM0 result=-9
TARGETPHON stress=ZM1 result=-9
TARGETPHON stress=ZM2 result=-9
TARGETPHON stress=ZN0 result=-9
TARGETPHON stress=ZN1 result=-9
TARGETPHON stress=ZN2 result=-9
TARGETPHON stress=ZO0 result=-9
TARGETPHON stress=ZO1 result=-9
TARGETPHON stress=ZO2 result=-9
TARGETPHON stress=ZP0 result=-9
TARGETPHON stress=ZP1 result=-9
TARGETPHON stress=ZP2 result=-9
TARGETPHON stress=ZQ0 result=-9
TARGETPHON stress=ZQ1 result=-9
TARGETPHON stress=ZQ2 result=-9
TARGETPHON stress=ZR0 result=-9
TARGETPHON stress=ZR1 result=-9
TARGETPHON stress=ZR2 result=-9
TARGETPHON stress=ZS0 result=-9
TARGETPHON stress=ZS1 result=-9
TARGETPHON stress=ZS2 result=-9
TARGETPHON stress=ZT0 result=-9
TARGETPHON stress=ZT1 result=-9
TARGETPHON stress=ZT2 result=-9
TARGETPHON stress=ZU0 result=-9
TARGETPHON stress=ZU1 result=-9
TARGETPHON stress=ZU2 result=-9
TARGETPHON stress=ZV0 result=-9
TARGETPHON stress=ZV1 result=-9
TARGETPHON stress=ZV2 result=-9
TARGETPHON stress=ZW0 result=-9
TARGETPHON stress=ZW1 result=-9
TARGETPHON stress=ZW2 result=-9
TARGETPHON stress=ZX0 result=-9
TARGETPHON stress=ZX1 result=-9
TARGETPHON stress=ZX2 result=-9
TARGETPHON stress=ZY0 result=-9
TARGETPHON stress=ZY1 result=-9
TARGETPHON stress=ZY2 result=-9
TARGETPHON stress=ZZ0 result=-9
TARGETPHON stress=ZZ1 result=-9
TARGETPHON stress=ZZ2 result=-9
[Inferior 1 (Remote target) exited normally]
Wine-gdb> 0114:0118: create process 'Z:\samples\voicetext_paul.exe'/00000000 @004014C0 (450560<1847>)
0114:0118: create thread I @004014C0
0114:0118: loads DLL C:\windows\system32\ntdll.dll @7BD10000 (2994176<5095>)
0114:0118: loads DLL C:\windows\system32\kernel32.dll @7BB90000 (1466368<19395>)
0114:0118: loads DLL C:\windows\system32\kernelbase.dll @7B650000 (5410816<14148>)
0114:0118: loads DLL C:\windows\system32\msvcrt.dll @7B2A0000 (2715648<8214>)
0114:0118: loads DLL Z:\samples\vt_pau.dll @10000000 (0<0>)
0114:0118: loads DLL C:\windows\system32\WINMM.dll @78EC0000 (1474560<4890>)
0114:0118: loads DLL C:\windows\system32\advapi32.dll @7B550000 (958464<7400>)
0114:0118: loads DLL C:\windows\system32\sechost.dll @7B200000 (565248<3163>)
0114:0118: loads DLL C:\windows\system32\ucrtbase.dll @7AEE0000 (3198976<11541>)
0114:0118: loads DLL C:\windows\system32\msacm32.dll @78E40000 (413696<1982>)
0114:0118: loads DLL C:\windows\system32\user32.dll @7A160000 (5005312<14159>)
0114:0118: loads DLL Z:\samples\zlib1.dll @7A120000 (135680<0>)
0114:0118: loads DLL C:\windows\system32\gdi32.dll @7A640000 (2355200<7390>)
0114:0118: loads DLL C:\windows\system32\win32u.dll @7A0D0000 (221184<1966>)
0114:0118: loads DLL C:\windows\system32\ole32.dll @7A9F0000 (4440064<14323>)
0114:0118: loads DLL C:\windows\system32\combase.dll @7A890000 (1314816<7562>)
0114:0118: loads DLL C:\windows\system32\rpcrt4.dll @79EA0000 (2162688<9274>)
0114:0118: loads DLL C:\windows\system32\coml2.dll @79E40000 (262144<3883>)
0114:0118: loads DLL C:\windows\system32\iphlpapi.dll @779C0000 (487424<4777>)
0114:0118: loads DLL C:\windows\system32\dnsapi.dll @77970000 (258048<1399>)
0114:0118: loads DLL C:\windows\system32\nsi.dll @77940000 (118784<823>)
0114:0118: loads DLL C:\windows\system32\ws2_32.dll @7AE40000 (565248<2279>)
0114:0118: loads DLL C:\windows\system32\tzres.dll @009C0000 (0<0>)
00000114:00000118: unload DLL @009C0000
0114:0118: loads DLL C:\windows\system32\tzres.dll @009C0000 (0<0>)
00000114:00000118: unload DLL @009C0000
0114:0118: loads DLL C:\windows\system32\imm32.dll @782F0000 (401408<2996>)
0114:0118: loads DLL C:\windows\system32\winex11.drv @780F0000 (307200<4314>)
0114:0118: loads DLL C:\windows\system32\uxtheme.dll @78030000 (671744<3646>)
00000114:00000118: exit process (0)
X connection to :99 broken (explicit kill or server shutdown).
X connection to :99 broken (explicit kill or server shutdown).
