Wine-gdb> Already logging to /work/corpus-parity/stage20/hello-repeat-2013-repacked-all-context-paircosts/adapted-pairmatrix-gdb.log.
Wine-gdb> Hardware assisted breakpoint 1 at 0x100191bc
Wine-gdb> >>>> > > > > > > > > > >>>Wine-gdb> Wine-gdb> Hardware assisted breakpoint 2 at 0x408187
Wine-gdb> >>>>Wine-gdb> Wine-gdb> Continuing.
REPACKED_NEW_PAIR_COST context=2 current=272823 previous=279484 feature=10.3809 divisor=1 penalty=0 previous_path=779.478 local=69.8103 total=859.669
REPACKED_NEW_PAIR_COST context=2 current=272823 previous=1200 feature=8.56881 divisor=1 penalty=0 previous_path=772.714 local=69.8103 total=851.093
REPACKED_NEW_PAIR_COST context=2 current=272823 previous=2525 feature=18.4011 divisor=1 penalty=0 previous_path=786.834 local=69.8103 total=875.046
REPACKED_NEW_PAIR_COST context=2 current=272823 previous=20499 feature=9.8695 divisor=1 penalty=0 previous_path=774.995 local=69.8103 total=854.674
REPACKED_NEW_PAIR_COST context=2 current=272823 previous=22451 feature=8.51386 divisor=1 penalty=0 previous_path=777.751 local=69.8103 total=856.075
REPACKED_NEW_PAIR_COST context=2 current=272823 previous=28430 feature=20.6544 divisor=1 penalty=0 previous_path=779.905 local=69.8103 total=870.369
REPACKED_NEW_PAIR_COST context=2 current=272823 previous=31347 feature=7.33704 divisor=1 penalty=0 previous_path=781.683 local=69.8103 total=858.83
REPACKED_NEW_PAIR_COST context=2 current=272823 previous=31795 feature=9.5804 divisor=1 penalty=0 previous_path=776.794 local=69.8103 total=856.185
REPACKED_NEW_PAIR_COST context=2 current=272823 previous=51310 feature=11.5161 divisor=1 penalty=0 previous_path=780.135 local=69.8103 total=861.462
REPACKED_NEW_PAIR_COST context=2 current=272823 previous=52542 feature=20.0432 divisor=1 penalty=0 previous_path=810.379 local=69.8103 total=900.233
REPACKED_NEW_PAIR_COST context=2 current=272823 previous=92183 feature=7.91599 divisor=1 penalty=0 previous_path=779.731 local=69.8103 total=857.458
REPACKED_NEW_PAIR_COST context=2 current=272823 previous=116320 feature=11.1102 divisor=1 penalty=0 previous_path=776.737 local=69.8103 total=857.657
REPACKED_NEW_PAIR_COST context=2 current=272823 previous=129641 feature=11.7602 divisor=1 penalty=0 previous_path=770.925 local=69.8103 total=852.496
REPACKED_NEW_PAIR_COST context=2 current=272823 previous=165351 feature=31.4234 divisor=1 penalty=0 previous_path=794.391 local=69.8103 total=895.625
REPACKED_NEW_PAIR_COST context=2 current=272823 previous=178453 feature=19.0766 divisor=1 penalty=0 previous_path=776.735 local=69.8103 total=865.622
REPACKED_NEW_PAIR_COST context=2 current=272823 previous=179388 feature=7.14071 divisor=1 penalty=0 previous_path=772.989 local=69.8103 total=849.94
REPACKED_NEW_PAIR_COST context=2 current=272823 previous=182880 feature=23.4822 divisor=1 penalty=0 previous_path=772.884 local=69.8103 total=866.177
REPACKED_NEW_PAIR_COST context=2 current=272823 previous=279479 feature=15.1655 divisor=1 penalty=0 previous_path=785.521 local=69.8103 total=870.497
REPACKED_NEW_PAIR_COST context=2 current=272823 previous=273369 feature=21.9468 divisor=1 penalty=0 previous_path=505.8 local=69.8103 total=597.557
REPACKED_NEW_PAIR_COST context=2 current=272823 previous=272822 feature=2 divisor=1 penalty=0 previous_path=505.8 local=69.8103 total=577.61
REPACKED_NEW_PAIR_COST context=2 current=272823 previous=262454 feature=19.1119 divisor=1 penalty=0 previous_path=771.563 local=69.8103 total=860.485
REPACKED_NEW_PAIR_COST context=2 current=272823 previous=245736 feature=25.8029 divisor=1 penalty=0 previous_path=774.674 local=69.8103 total=870.287
REPACKED_NEW_PAIR_COST context=2 current=272823 previous=233533 feature=10.7053 divisor=1 penalty=0 previous_path=777.963 local=69.8103 total=858.478
REPACKED_NEW_PAIR_COST context=2 current=272823 previous=214148 feature=14.4499 divisor=1 penalty=0 previous_path=773.313 local=69.8103 total=857.574
REPACKED_NEW_PAIR_COST context=2 current=272823 previous=206118 feature=14.5136 divisor=1 penalty=0 previous_path=784.171 local=69.8103 total=868.495
REPACKED_NEW_PAIR_COST context=2 current=272823 previous=204612 feature=26.2812 divisor=1 penalty=0 previous_path=775.088 local=69.8103 total=871.179
REPACKED_NEW_PAIR_COST context=2 current=272823 previous=200614 feature=12.5405 divisor=1 penalty=0 previous_path=776.085 local=69.8103 total=858.436
REPACKED_NEW_PAIR_COST context=2 current=272823 previous=200525 feature=12.6636 divisor=1 penalty=0 previous_path=779.93 local=69.8103 total=862.404
REPACKED_NEW_PAIR_COST context=2 current=272823 previous=195687 feature=8.31027 divisor=1 penalty=0 previous_path=776.309 local=69.8103 total=854.429
REPACKED_NEW_PAIR_COST context=2 current=272823 previous=189906 feature=27.3365 divisor=1 penalty=0 previous_path=775.499 local=69.8103 total=872.646
REPACKED_NEW_PAIR_COST context=3 current=272823 previous=13942 feature=68.4327 divisor=1 penalty=5 previous_path=613.536 local=51.1557 total=738.124
REPACKED_NEW_PAIR_COST context=3 current=272823 previous=36540 feature=62.5665 divisor=1 penalty=5 previous_path=606.716 local=51.1557 total=725.439
REPACKED_NEW_PAIR_COST context=3 current=272823 previous=53487 feature=30.5821 divisor=1 penalty=5 previous_path=592.762 local=51.1557 total=679.5
REPACKED_NEW_PAIR_COST context=3 current=272823 previous=96599 feature=34.5668 divisor=1 penalty=5 previous_path=604.436 local=51.1557 total=695.159
REPACKED_NEW_PAIR_COST context=3 current=272823 previous=264072 feature=34.3272 divisor=1 penalty=5 previous_path=599.186 local=51.1557 total=689.669
REPACKED_NEW_PAIR_COST context=3 current=272823 previous=268760 feature=12.2957 divisor=1 penalty=5 previous_path=589.454 local=51.1557 total=657.905
REPACKED_NEW_PAIR_COST context=3 current=272823 previous=272152 feature=32.7256 divisor=1 penalty=5 previous_path=599.797 local=51.1557 total=688.678
REPACKED_NEW_PAIR_COST context=3 current=272823 previous=272823 feature=0 divisor=1 penalty=0 previous_path=577.61 local=51.1557 total=628.766
REPACKED_NEW_PAIR_COST context=3 current=272823 previous=273370 feature=31.1442 divisor=1 penalty=5 previous_path=589.209 local=51.1557 total=676.509
REPACKED_NEW_PAIR_COST context=3 current=272823 previous=145101 feature=19.9547 divisor=1 penalty=5 previous_path=593.964 local=51.1557 total=670.075
REPACKED_NEW_PAIR_COST context=9 current=272823 previous=114916 feature=17.4817 divisor=1 penalty=0 previous_path=821.976 local=55.4839 total=894.941
REPACKED_NEW_PAIR_COST context=9 current=272823 previous=212340 feature=13.8416 divisor=1 penalty=0 previous_path=821.468 local=55.4839 total=890.793
REPACKED_NEW_PAIR_COST context=9 current=272823 previous=48159 feature=76.2876 divisor=1 penalty=0 previous_path=823.726 local=55.4839 total=955.497
REPACKED_NEW_PAIR_COST context=9 current=272823 previous=186880 feature=15.5665 divisor=1 penalty=0 previous_path=821.334 local=55.4839 total=892.384
REPACKED_NEW_PAIR_COST context=9 current=272823 previous=253981 feature=76.3887 divisor=1 penalty=0 previous_path=824.885 local=55.4839 total=956.758
REPACKED_NEW_PAIR_COST context=9 current=272823 previous=257554 feature=14.3359 divisor=1 penalty=0 previous_path=814.697 local=55.4839 total=884.517
REPACKED_NEW_PAIR_COST context=9 current=272823 previous=267613 feature=12.0461 divisor=1 penalty=0 previous_path=818.56 local=55.4839 total=886.089
REPACKED_NEW_PAIR_COST context=9 current=272823 previous=63876 feature=30.7824 divisor=1 penalty=0 previous_path=816.571 local=55.4839 total=902.838
REPACKED_NEW_PAIR_COST context=9 current=272823 previous=252124 feature=9.38226 divisor=1 penalty=0 previous_path=824.901 local=55.4839 total=889.768
REPACKED_NEW_PAIR_COST context=9 current=272823 previous=29828 feature=10.1426 divisor=1 penalty=0 previous_path=820.506 local=55.4839 total=886.133
REPACKED_NEW_PAIR_COST context=9 current=272823 previous=225024 feature=15.3101 divisor=1 penalty=0 previous_path=824.282 local=55.4839 total=895.076
REPACKED_NEW_PAIR_COST context=9 current=272823 previous=273222 feature=11.6349 divisor=1 penalty=0 previous_path=822.422 local=55.4839 total=889.54
REPACKED_NEW_PAIR_COST context=9 current=272823 previous=219785 feature=12.1727 divisor=1 penalty=0 previous_path=824.815 local=55.4839 total=892.471
REPACKED_NEW_PAIR_COST context=9 current=272823 previous=233001 feature=17.1705 divisor=1 penalty=0 previous_path=823.388 local=55.4839 total=896.042
REPACKED_NEW_PAIR_COST context=9 current=272823 previous=195241 feature=9.36783 divisor=1 penalty=0 previous_path=817.277 local=55.4839 total=882.129
REPACKED_NEW_PAIR_COST context=9 current=272823 previous=181914 feature=14.0922 divisor=1 penalty=0 previous_path=818.697 local=55.4839 total=888.273
REPACKED_NEW_PAIR_COST context=9 current=272823 previous=179241 feature=10.9342 divisor=1 penalty=0 previous_path=824.555 local=55.4839 total=890.973
REPACKED_NEW_PAIR_COST context=9 current=272823 previous=178624 feature=9.28296 divisor=1 penalty=0 previous_path=822.01 local=55.4839 total=886.777
REPACKED_NEW_PAIR_COST context=9 current=272823 previous=259028 feature=26.7268 divisor=1 penalty=0 previous_path=822.148 local=55.4839 total=904.359
REPACKED_NEW_PAIR_COST context=9 current=272823 previous=126060 feature=9.37779 divisor=1 penalty=0 previous_path=823.951 local=55.4839 total=888.812
REPACKED_NEW_PAIR_COST context=9 current=272823 previous=110456 feature=16.7722 divisor=1 penalty=0 previous_path=823.622 local=55.4839 total=895.878
REPACKED_NEW_PAIR_COST context=9 current=272823 previous=76688 feature=20.7625 divisor=1 penalty=0 previous_path=817.297 local=55.4839 total=893.543
REPACKED_NEW_PAIR_COST context=9 current=272823 previous=40356 feature=13.2131 divisor=1 penalty=0 previous_path=825.539 local=55.4839 total=894.236
REPACKED_NEW_PAIR_COST context=10 current=272823 previous=13942 feature=68.4327 divisor=1 penalty=5 previous_path=894.64 local=76.8424 total=1044.91
REPACKED_NEW_PAIR_COST context=10 current=272823 previous=36540 feature=62.5665 divisor=1 penalty=5 previous_path=892.712 local=76.8424 total=1037.12
REPACKED_NEW_PAIR_COST context=10 current=272823 previous=53487 feature=30.5821 divisor=1 penalty=5 previous_path=887.03 local=76.8424 total=999.455
REPACKED_NEW_PAIR_COST context=10 current=272823 previous=96599 feature=34.5668 divisor=1 penalty=5 previous_path=891.157 local=76.8424 total=1007.57
REPACKED_NEW_PAIR_COST context=10 current=272823 previous=264072 feature=34.3272 divisor=1 penalty=5 previous_path=886.084 local=76.8424 total=1002.25
REPACKED_NEW_PAIR_COST context=10 current=272823 previous=268760 feature=12.2957 divisor=1 penalty=5 previous_path=881.695 local=76.8424 total=975.833
REPACKED_NEW_PAIR_COST context=10 current=272823 previous=272152 feature=32.7256 divisor=1 penalty=5 previous_path=892.353 local=76.8424 total=1006.92
REPACKED_NEW_PAIR_COST context=10 current=272823 previous=272823 feature=0 divisor=1 penalty=0 previous_path=882.129 local=76.8424 total=958.971
REPACKED_NEW_PAIR_COST context=10 current=272823 previous=273370 feature=31.1442 divisor=1 penalty=5 previous_path=888.132 local=76.8424 total=1001.12
REPACKED_NEW_PAIR_COST context=10 current=272823 previous=145101 feature=19.9547 divisor=1 penalty=5 previous_path=879.819 local=76.8424 total=981.616
[Inferior 1 (Remote target) exited normally]
Wine-gdb> 