Wine-gdb> Wine-gdb> Wine-gdb> Hardware assisted breakpoint 1 at 0x1001dfb0
Wine-gdb> >>>>>>>>> > > > >>>Wine-gdb> Wine-gdb> Hardware assisted breakpoint 2 at 0x1001da80
Wine-gdb> >>> > > > > > > > >  >  >  >  > >>>Wine-gdb> Wine-gdb> Hardware assisted breakpoint 3 at 0x408187
Wine-gdb> >>>>Wine-gdb> Wine-gdb> Continuing.
APPLE_OLD_QUERY_TRACE_READY
APPLE_SPLIT_ENTER n=1 slot=0
Hardware assisted breakpoint 4 at 0x1001e621
APPLE_CLASS_LOOKUP slot=0 mode=1 key:0x26f0834:	90	5	71	30	30
Hardware assisted breakpoint 5 at 0x1001e012
APPLE_CLASS_RETURN slot=0 appended=2
APPLE_SPLIT_RETURN n=1 slot=0 accepted=0
APPLE_SPLIT_ENTER n=2 slot=2
Hardware assisted breakpoint 6 at 0x1001e621
APPLE_CLASS_LOOKUP slot=2 mode=1 key:0x26f0839:	5	71	7	0	0
Hardware assisted breakpoint 7 at 0x1001e012
APPLE_CLASS_RETURN slot=2 appended=48
APPLE_SPLIT_RETURN n=2 slot=2 accepted=1
APPLE_SPLIT_ENTER n=3 slot=3
Hardware assisted breakpoint 8 at 0x1001e621
APPLE_CLASS_LOOKUP slot=3 mode=1 key:0x26f083e:	71	7	43	0	4
Hardware assisted breakpoint 9 at 0x1001e012
APPLE_CLASS_RETURN slot=3 appended=20
APPLE_SPLIT_RETURN n=3 slot=3 accepted=1
APPLE_SPLIT_ENTER n=4 slot=4
Hardware assisted breakpoint 10 at 0x1001e621
APPLE_CLASS_LOOKUP slot=4 mode=1 key:0x26f0843:	7	43	90	4	4
Hardware assisted breakpoint 11 at 0x1001e012
APPLE_CLASS_RETURN slot=4 appended=157
APPLE_SPLIT_RETURN n=4 slot=4 accepted=1
APPLE_SPLIT_ENTER n=5 slot=0
Hardware assisted breakpoint 12 at 0x1001e621
APPLE_CLASS_LOOKUP slot=0 mode=1 key:0x26f0834:	90	5	71	30	30
Hardware assisted breakpoint 13 at 0x1001e012
APPLE_CLASS_RETURN slot=0 appended=2
APPLE_SPLIT_RETURN n=5 slot=0 accepted=0
APPLE_SPLIT_ENTER n=6 slot=2
Hardware assisted breakpoint 14 at 0x1001e621
APPLE_CLASS_LOOKUP slot=2 mode=1 key:0x26f0839:	5	71	7	0	0
Hardware assisted breakpoint 15 at 0x1001e012
APPLE_CLASS_RETURN slot=2 appended=48
APPLE_SPLIT_RETURN n=6 slot=2 accepted=1
APPLE_SPLIT_ENTER n=7 slot=3
Hardware assisted breakpoint 16 at 0x1001e621
APPLE_CLASS_LOOKUP slot=3 mode=1 key:0x26f083e:	71	7	43	0	4
Hardware assisted breakpoint 17 at 0x1001e012
APPLE_CLASS_RETURN slot=3 appended=20
APPLE_SPLIT_RETURN n=7 slot=3 accepted=1
APPLE_SPLIT_ENTER n=8 slot=4
Hardware assisted breakpoint 18 at 0x1001e621
APPLE_CLASS_LOOKUP slot=4 mode=1 key:0x26f0843:	7	43	90	4	4
Hardware assisted breakpoint 19 at 0x1001e012
APPLE_CLASS_RETURN slot=4 appended=157
APPLE_SPLIT_RETURN n=8 slot=4 accepted=1
APPLE_SPLIT_ENTER n=9 slot=0
Hardware assisted breakpoint 20 at 0x1001e621
APPLE_CLASS_LOOKUP slot=0 mode=1 key:0x26f0834:	90	5	71	30	30
Hardware assisted breakpoint 21 at 0x1001e012
APPLE_CLASS_RETURN slot=0 appended=2
APPLE_SPLIT_RETURN n=9 slot=0 accepted=0
APPLE_SPLIT_ENTER n=10 slot=2
Hardware assisted breakpoint 22 at 0x1001e621
APPLE_CLASS_LOOKUP slot=2 mode=1 key:0x26f0839:	5	71	7	0	0
Hardware assisted breakpoint 23 at 0x1001e012
APPLE_CLASS_RETURN slot=2 appended=48
APPLE_SPLIT_RETURN n=10 slot=2 accepted=1
APPLE_SPLIT_ENTER n=11 slot=3
Hardware assisted breakpoint 24 at 0x1001e621
APPLE_CLASS_LOOKUP slot=3 mode=1 key:0x26f083e:	71	7	43	0	4
Hardware assisted breakpoint 25 at 0x1001e012
APPLE_CLASS_RETURN slot=3 appended=20
APPLE_SPLIT_RETURN n=11 slot=3 accepted=1
APPLE_SPLIT_ENTER n=12 slot=4
Hardware assisted breakpoint 26 at 0x1001e621
APPLE_CLASS_LOOKUP slot=4 mode=1 key:0x26f0843:	7	43	90	4	4
Hardware assisted breakpoint 27 at 0x1001e012
APPLE_CLASS_RETURN slot=4 appended=157
APPLE_SPLIT_RETURN n=12 slot=4 accepted=1
warning: Temporarily disabling breakpoints for unloaded shared library "/samples/vt_kat.dll"
[Inferior 1 (Remote target) exited normally]
Wine-gdb> 