Wine-gdb> Already logging to /work/corpus-parity/stage20/apple-plain-features-v3-gdb.log.
Wine-gdb> Breakpoint 1 at 0x408187
Wine-gdb> >>>>> > > >  >  >  >  >  >  >  >  >  >  >   >   >   >   >   >   >    >    >    >    >    >    >   >   >   >  > > >>>>Wine-gdb> Wine-gdb> Continuing.
APPLE_OLD_FEATURE_TRACE_READY
Breakpoint 2 at 0x1001da80
APPLE_OLD_CLASS_LOOKUP slot=0 mode=1 key:0x26f0834:	90	5	71	30	30
Temporary breakpoint 3 at 0x1001e012
APPLE_OLD_CLASS_RETURN slot=0 appended=2 total=2 ids: 51804
APPLE_OLD_CLASS_FEATURE id=51804:0x2225384:	90	5	53	30	30	71	0
 51804
APPLE_OLD_CLASS_FEATURE id=51804:0x2225384:	90	5	53	30	30	71	0

APPLE_OLD_CLASS_LOOKUP slot=2 mode=1 key:0x26f0839:	5	71	7	0	0
Temporary breakpoint 4 at 0x1001e012
APPLE_OLD_CLASS_RETURN slot=2 appended=48 total=3 ids: 10816
APPLE_OLD_CLASS_FEATURE id=10816:0x21df2c0:	1	71	7	0	0	7	5
 5341
APPLE_OLD_CLASS_FEATURE id=5341:0x21d5d0b:	1	53	7	0	0	7	2
 5342
APPLE_OLD_CLASS_FEATURE id=5342:0x21d5d12:	1	53	7	0	0	7	7

APPLE_OLD_CLASS_LOOKUP slot=3 mode=1 key:0x26f083e:	71	7	43	0	4
Temporary breakpoint 5 at 0x1001e012
APPLE_OLD_CLASS_RETURN slot=3 appended=20 total=1 ids: 49605
APPLE_OLD_CLASS_FEATURE id=49605:0x2221763:	71	7	43	0	4	43	71

APPLE_OLD_CLASS_LOOKUP slot=4 mode=1 key:0x26f0843:	7	43	90	4	4
Temporary breakpoint 6 at 0x1001e012
APPLE_OLD_CLASS_RETURN slot=4 appended=157 total=1 ids: 12253
APPLE_OLD_CLASS_FEATURE id=12253:0x21e1a0b:	7	43	90	4	4	0	7

APPLE_OLD_CLASS_LOOKUP slot=0 mode=1 key:0x26f0834:	90	5	71	30	30
Temporary breakpoint 7 at 0x1001e012
APPLE_OLD_CLASS_RETURN slot=0 appended=2 total=2 ids: 51804
APPLE_OLD_CLASS_FEATURE id=51804:0x2225384:	90	5	53	30	30	71	0
 51804
APPLE_OLD_CLASS_FEATURE id=51804:0x2225384:	90	5	53	30	30	71	0

APPLE_OLD_CLASS_LOOKUP slot=2 mode=1 key:0x26f0839:	5	71	7	0	0
Temporary breakpoint 8 at 0x1001e012
APPLE_OLD_CLASS_RETURN slot=2 appended=48 total=3 ids: 10816
APPLE_OLD_CLASS_FEATURE id=10816:0x21df2c0:	1	71	7	0	0	7	5
 5341
APPLE_OLD_CLASS_FEATURE id=5341:0x21d5d0b:	1	53	7	0	0	7	2
 5342
APPLE_OLD_CLASS_FEATURE id=5342:0x21d5d12:	1	53	7	0	0	7	7

APPLE_OLD_CLASS_LOOKUP slot=3 mode=1 key:0x26f083e:	71	7	43	0	4
Temporary breakpoint 9 at 0x1001e012
APPLE_OLD_CLASS_RETURN slot=3 appended=20 total=1 ids: 49605
APPLE_OLD_CLASS_FEATURE id=49605:0x2221763:	71	7	43	0	4	43	71

APPLE_OLD_CLASS_LOOKUP slot=4 mode=1 key:0x26f0843:	7	43	90	4	4
Temporary breakpoint 10 at 0x1001e012
APPLE_OLD_CLASS_RETURN slot=4 appended=157 total=1 ids: 12253
APPLE_OLD_CLASS_FEATURE id=12253:0x21e1a0b:	7	43	90	4	4	0	7

APPLE_OLD_CLASS_LOOKUP slot=0 mode=1 key:0x26f0834:	90	5	71	30	30
Temporary breakpoint 11 at 0x1001e012
APPLE_OLD_CLASS_RETURN slot=0 appended=2 total=2 ids: 51804
APPLE_OLD_CLASS_FEATURE id=51804:0x2225384:	90	5	53	30	30	71	0
 51804
APPLE_OLD_CLASS_FEATURE id=51804:0x2225384:	90	5	53	30	30	71	0

APPLE_OLD_CLASS_LOOKUP slot=2 mode=1 key:0x26f0839:	5	71	7	0	0
Temporary breakpoint 12 at 0x1001e012
APPLE_OLD_CLASS_RETURN slot=2 appended=48 total=3 ids: 10816
APPLE_OLD_CLASS_FEATURE id=10816:0x21df2c0:	1	71	7	0	0	7	5
 5341
APPLE_OLD_CLASS_FEATURE id=5341:0x21d5d0b:	1	53	7	0	0	7	2
 5342
APPLE_OLD_CLASS_FEATURE id=5342:0x21d5d12:	1	53	7	0	0	7	7

APPLE_OLD_CLASS_LOOKUP slot=3 mode=1 key:0x26f083e:	71	7	43	0	4
Temporary breakpoint 13 at 0x1001e012
APPLE_OLD_CLASS_RETURN slot=3 appended=20 total=1 ids: 49605
APPLE_OLD_CLASS_FEATURE id=49605:0x2221763:	71	7	43	0	4	43	71

APPLE_OLD_CLASS_LOOKUP slot=4 mode=1 key:0x26f0843:	7	43	90	4	4
Temporary breakpoint 14 at 0x1001e012
APPLE_OLD_CLASS_RETURN slot=4 appended=157 total=1 ids: 12253
APPLE_OLD_CLASS_FEATURE id=12253:0x21e1a0b:	7	43	90	4	4	0	7

warning: Temporarily disabling breakpoints for unloaded shared library "/samples/vt_kat.dll"
[Inferior 1 (Remote target) exited normally]
Wine-gdb> 