GNU gdb (Ubuntu 15.1-1ubuntu1~24.04.1) 15.1
Copyright (C) 2024 Free Software Foundation, Inc.
License GPLv3+: GNU GPL version 3 or later <http://gnu.org/licenses/gpl.html>
This is free software: you are free to change and redistribute it.
There is NO WARRANTY, to the extent permitted by law.
Type "show copying" and "show warranty" for details.
This GDB was configured as "x86_64-linux-gnu".
Type "show configuration" for configuration details.
For bug reporting instructions, please see:
<https://www.gnu.org/software/gdb/bugs/>.
Find the GDB manual and other documentation resources online at:
    <http://www.gnu.org/software/gdb/documentation/>.

For help, type "help".
Type "apropos word" to search for commands related to "word".
warning: remote target does not support file transfer, attempting to access files from local filesystem.
Reading symbols from /samples/voicetext_kate.exe...
0x7bd64525 in DbgBreakPoint@0 ()
   from /usr/lib/i386-linux-gnu/wine/i386-windows/ntdll.dll
Wine-gdb> Wine-gdb> Wine-gdb> Signal        Stop	Print	Pass to program	Description
SIGSEGV       No	No	Yes		Segmentation fault
Wine-gdb> Wine-gdb> Wine-gdb> Copying output to /work/corpus-parity/stage20/continuity-marker-writers-gdb.log.
Copying debug output to /work/corpus-parity/stage20/continuity-marker-writers-gdb.log.
Wine-gdb> Wine-gdb> Wine-gdb> Wine-gdb> Wine-gdb> Wine-gdb> Breakpoint 1 at 0x10019f40
Wine-gdb> >>>>>>> > > > >  >  >  >  >  > > >  >  >  >  >  > > >  >  >  >  >  > >>>Wine-gdb> Wine-gdb> Continuing.
MODEL_LOAD_ENTRY call=1 model=0x14bf198 signature_table=0x5000400 unit_count=419436032
MARKER_PRELOAD 272822=0 272823=0 272824=0 272825=0
Hardware watchpoint 2: *(unsigned char *)($signature_table + 272822 * 7 + 6)
Hardware watchpoint 3: *(unsigned char *)($signature_table + 272823 * 7 + 6)
Hardware watchpoint 4: *(unsigned char *)($signature_table + 272824 * 7 + 6)
Cannot execute this command while the target is running.
Use the "interrupt" command to stop the target
and then try again.
X connection to :99 broken (explicit kill or server shutdown).
X connection to :99 broken (explicit kill or server shutdown).
