Wine-gdb> Wine-gdb> Wine-gdb> Wine-gdb> Breakpoint 1 at 0x1001b200
Wine-gdb> >>> > > >  >  >  >   >   >   >   >  > >>>>>Wine-gdb> Wine-gdb> Breakpoint 2 at 0x1002c220
Wine-gdb> >>>>>>>>> > > >  >  >  >  > >  >  >  >  > > > >  >  >  >  > > >>>Wine-gdb> Wine-gdb> Continuing.
FORCED_UNIT n=1 forced=272822
FORCED_UNIT n=2 forced=272823
FORCED_UNIT n=3 forced=272824
FORCED_UNIT n=4 forced=272825
FORCED_UNIT n=5 forced=272825
FORCED_UNIT n=6 forced=272825
FORCED_UNIT n=7 forced=272825
FORCED_UNIT n=8 forced=272825
TIMELINE_ENTRY n=1 start=0 input_count=8
Temporary breakpoint 3 at 0x1002bde9
TIMELINE_RETURN n=1 records=8
TIMELINE_ROW i=0 words:0x25cde18:	0x00000064	0x00000064	0x000000c8	0x00000298
0x25cde28:	0x00010000	0x04262118	0x025fb26c	0x00194864
0x25cde38:	0x004e000a	0x02010040	0x00000000	0x00000000
0x25cde48:	0x00220000
TIMELINE_ROW i=1 words:0x25cde4c:	0x00000064	0x00000064	0x000000c8	0x00000168
0x25cde5c:	0x00010001	0x0426245e	0x025fb284	0x00194878
0x25cde6c:	0x00480005	0x02020048	0x00000000	0x00000000
0x25cde7c:	0x00220000
TIMELINE_ROW i=2 words:0x25cde80:	0x00000064	0x00000064	0x000000c8	0x000001f2
0x25cde90:	0x00010002	0x042624c0	0x025fb29c	0x0019487d
0x25cdea0:	0x00480007	0x02010046	0x00000000	0x00000001
0x25cdeb0:	0x00170000
TIMELINE_ROW i=3 words:0x25cdeb4:	0x00000064	0x00000064	0x000000c8	0x00000b1c
0x25cdec4:	0x00010003	0x04262efe	0x025fb2b4	0x001948a9
0x25cded4:	0x00660018	0x0202007e	0x00000000	0x00000001
0x25cdee4:	0x00170000
TIMELINE_ROW i=4 words:0x25cdee8:	0x00000064	0x00000064	0x000000c8	0x00000840
0x25cdef8:	0x00010004	0x04262724	0x025fb2cc	0x0019488e
0x25cdf08:	0x0044001c	0x02010066	0x00000000	0x00000002
0x25cdf18:	0x002b0000
TIMELINE_ROW i=5 words:0x25cdf1c:	0x00000064	0x00000064	0x000000c8	0x00000b1c
0x25cdf2c:	0x00010005	0x04262efe	0x025fb2e4	0x001948a9
0x25cdf3c:	0x00660018	0x0202007e	0x00000000	0x00000002
0x25cdf4c:	0x002b0000
TIMELINE_ROW i=6 words:0x25cdf50:	0x00000064	0x00000064	0x000000c8	0x00000840
0x25cdf60:	0x00010006	0x04262724	0x025fb2fc	0x0019488e
0x25cdf70:	0x0044001c	0x02010066	0x00000000	0x00000003
0x25cdf80:	0x00300000
TIMELINE_ROW i=7 words:0x25cdf84:	0x00000064	0x00000064	0x000000c8	0x00000b1c
0x25cdf94:	0x00010007	0x04262efe	0x025fb314	0x001948a9
0x25cdfa4:	0x00660018	0x0202007e	0x00000000	0x00000003
0x25cdfb4:	0x00300000
FORCED_UNIT n=9 forced=272825
FORCED_UNIT n=10 forced=272825
FORCED_UNIT n=11 forced=272825
FORCED_UNIT n=12 forced=272825
FORCED_UNIT n=13 forced=272825
FORCED_UNIT n=14 forced=272825
[Inferior 1 (Remote target) exited normally]
Wine-gdb> 