Wine-gdb> Wine-gdb> Wine-gdb> Hardware assisted breakpoint 1 at 0x1001dfb0
Wine-gdb> >>>>>>>>> > > > >>>Wine-gdb> Wine-gdb> Hardware assisted breakpoint 2 at 0x1001da80
Wine-gdb> >>> > > > > > > > > >  >  >  >  >  >   >   >   >  >  >  > >>>Wine-gdb> Wine-gdb> Hardware assisted breakpoint 3 at 0x1001d5c0
Wine-gdb> >>> > > > > > > > >  >  >  >  > > > >  >  >  >  > >>>Wine-gdb> Wine-gdb> Hardware assisted breakpoint 4 at 0x1001e110
Wine-gdb> >>>>Wine-gdb> Wine-gdb> Hardware assisted breakpoint 5 at 0x408187
Wine-gdb> >>>>Wine-gdb> Wine-gdb> Continuing.
OLD_HELLO_QUERY_CLASS_TRACE_READY
OLD_HELLO_SPLIT_ENTER n=1 slot=0 state=0x26f0020 context=0x18e1b30
Hardware assisted breakpoint 6 at 0x1001e621
OLD_HELLO_CLASS_LOOKUP slot=0 mode=1 key:0x26f0834:	90	34	23	30	30
Hardware assisted breakpoint 7 at 0x1001e012
OLD_HELLO_CLASS_RETURN slot=0 mode=1 appended=75 total=4 ids: 52164 52165 52166 52167
OLD_HELLO_METRIC_ENTRY count=4 ids_weights: 52164:45 52165:2 52166:24 52167:4
Hardware assisted breakpoint 8 at 0x1001e0fa
OLD_HELLO_METRIC_RETURN sum=75
OLD_HELLO_SPLIT_ENTER n=2 slot=1 state=0x26f0020 context=0x18e1b30
Hardware assisted breakpoint 9 at 0x1001e621
OLD_HELLO_CLASS_LOOKUP slot=1 mode=1 key:0x26f0839:	34	23	43	0	30
Hardware assisted breakpoint 10 at 0x1001e012
OLD_HELLO_CLASS_RETURN slot=1 mode=1 appended=9 total=2 ids: 32401 32400
OLD_HELLO_METRIC_ENTRY count=2 ids_weights: 32400:4 32401:5
Hardware assisted breakpoint 11 at 0x1001e0fa
OLD_HELLO_METRIC_RETURN sum=9
OLD_HELLO_SPLIT_ENTER n=3 slot=2 state=0x26f0020 context=0x18e1b30
Hardware assisted breakpoint 12 at 0x1001e621
OLD_HELLO_CLASS_LOOKUP slot=2 mode=1 key:0x26f083e:	23	43	48	0	0
Hardware assisted breakpoint 13 at 0x1001e012
OLD_HELLO_CLASS_RETURN slot=2 mode=1 appended=5 total=1 ids: 25383
OLD_HELLO_METRIC_ENTRY count=1 ids_weights: 25383:5
Hardware assisted breakpoint 14 at 0x1001e0fa
OLD_HELLO_METRIC_RETURN sum=5
OLD_HELLO_SPLIT_ENTER n=4 slot=3 state=0x26f0020 context=0x18e1b30
Hardware assisted breakpoint 15 at 0x1001e621
OLD_HELLO_CLASS_LOOKUP slot=3 mode=1 key:0x26f0843:	43	48	90	4	4
Hardware assisted breakpoint 16 at 0x1001e012
OLD_HELLO_CLASS_RETURN slot=3 mode=1 appended=6 total=1 ids: 37302
OLD_HELLO_METRIC_ENTRY count=1 ids_weights: 37302:6
Hardware assisted breakpoint 17 at 0x1001e0fa
OLD_HELLO_METRIC_RETURN sum=6
OLD_HELLO_SPLIT_ENTER n=5 slot=0 state=0x26f0020 context=0x18e1b30
Hardware assisted breakpoint 18 at 0x1001e621
OLD_HELLO_CLASS_LOOKUP slot=0 mode=1 key:0x26f0834:	90	34	23	30	30
Hardware assisted breakpoint 19 at 0x1001e012
OLD_HELLO_CLASS_RETURN slot=0 mode=1 appended=75 total=4 ids: 52164 52165 52166 52167
OLD_HELLO_METRIC_ENTRY count=4 ids_weights: 52164:45 52165:2 52166:24 52167:4
Hardware assisted breakpoint 20 at 0x1001e0fa
OLD_HELLO_METRIC_RETURN sum=75
OLD_HELLO_SPLIT_ENTER n=6 slot=1 state=0x26f0020 context=0x18e1b30
Hardware assisted breakpoint 21 at 0x1001e621
OLD_HELLO_CLASS_LOOKUP slot=1 mode=1 key:0x26f0839:	34	23	43	0	30
Hardware assisted breakpoint 22 at 0x1001e012
OLD_HELLO_CLASS_RETURN slot=1 mode=1 appended=9 total=2 ids: 32401 32400
OLD_HELLO_METRIC_ENTRY count=2 ids_weights: 32400:4 32401:5
Hardware assisted breakpoint 23 at 0x1001e0fa
OLD_HELLO_METRIC_RETURN sum=9
OLD_HELLO_SPLIT_ENTER n=7 slot=2 state=0x26f0020 context=0x18e1b30
Hardware assisted breakpoint 24 at 0x1001e621
OLD_HELLO_CLASS_LOOKUP slot=2 mode=1 key:0x26f083e:	23	43	48	0	0
Hardware assisted breakpoint 25 at 0x1001e012
OLD_HELLO_CLASS_RETURN slot=2 mode=1 appended=5 total=1 ids: 25383
OLD_HELLO_METRIC_ENTRY count=1 ids_weights: 25383:5
Hardware assisted breakpoint 26 at 0x1001e0fa
OLD_HELLO_METRIC_RETURN sum=5
OLD_HELLO_SPLIT_ENTER n=8 slot=3 state=0x26f0020 context=0x18e1b30
Hardware assisted breakpoint 27 at 0x1001e621
OLD_HELLO_CLASS_LOOKUP slot=3 mode=1 key:0x26f0843:	43	48	90	4	4
Hardware assisted breakpoint 28 at 0x1001e012
OLD_HELLO_CLASS_RETURN slot=3 mode=1 appended=6 total=1 ids: 37302
OLD_HELLO_METRIC_ENTRY count=1 ids_weights: 37302:6
Hardware assisted breakpoint 29 at 0x1001e0fa
OLD_HELLO_METRIC_RETURN sum=6
OLD_HELLO_SPLIT_ENTER n=9 slot=0 state=0x26f0020 context=0x18e1b30
Hardware assisted breakpoint 30 at 0x1001e621
OLD_HELLO_CLASS_LOOKUP slot=0 mode=1 key:0x26f0834:	90	34	23	30	30
Hardware assisted breakpoint 31 at 0x1001e012
OLD_HELLO_CLASS_RETURN slot=0 mode=1 appended=75 total=4 ids: 52164 52165 52166 52167
OLD_HELLO_METRIC_ENTRY count=4 ids_weights: 52164:45 52165:2 52166:24 52167:4
Hardware assisted breakpoint 32 at 0x1001e0fa
OLD_HELLO_METRIC_RETURN sum=75
OLD_HELLO_SPLIT_ENTER n=10 slot=1 state=0x26f0020 context=0x18e1b30
Hardware assisted breakpoint 33 at 0x1001e621
OLD_HELLO_CLASS_LOOKUP slot=1 mode=1 key:0x26f0839:	34	23	43	0	30
Hardware assisted breakpoint 34 at 0x1001e012
OLD_HELLO_CLASS_RETURN slot=1 mode=1 appended=9 total=2 ids: 32401 32400
OLD_HELLO_METRIC_ENTRY count=2 ids_weights: 32400:4 32401:5
Hardware assisted breakpoint 35 at 0x1001e0fa
OLD_HELLO_METRIC_RETURN sum=9
OLD_HELLO_SPLIT_ENTER n=11 slot=2 state=0x26f0020 context=0x18e1b30
Hardware assisted breakpoint 36 at 0x1001e621
OLD_HELLO_CLASS_LOOKUP slot=2 mode=1 key:0x26f083e:	23	43	48	0	0
Hardware assisted breakpoint 37 at 0x1001e012
OLD_HELLO_CLASS_RETURN slot=2 mode=1 appended=5 total=1 ids: 25383
OLD_HELLO_METRIC_ENTRY count=1 ids_weights: 25383:5
Hardware assisted breakpoint 38 at 0x1001e0fa
OLD_HELLO_METRIC_RETURN sum=5
OLD_HELLO_SPLIT_ENTER n=12 slot=3 state=0x26f0020 context=0x18e1b30
Hardware assisted breakpoint 39 at 0x1001e621
OLD_HELLO_CLASS_LOOKUP slot=3 mode=1 key:0x26f0843:	43	48	90	4	4
Hardware assisted breakpoint 40 at 0x1001e012
OLD_HELLO_CLASS_RETURN slot=3 mode=1 appended=6 total=1 ids: 37302
OLD_HELLO_METRIC_ENTRY count=1 ids_weights: 37302:6
Hardware assisted breakpoint 41 at 0x1001e0fa
OLD_HELLO_METRIC_RETURN sum=6
warning: Temporarily disabling breakpoints for unloaded shared library "/samples/vt_kat.dll"
[Inferior 1 (Remote target) exited normally]
Wine-gdb> 