Wine-gdb> Wine-gdb> Wine-gdb> Wine-gdb> Wine-gdb> Breakpoint 1 at 0x10001670
Wine-gdb> >>>>>>>>> > > > >>>Wine-gdb> Wine-gdb> Breakpoint 2 at 0x100016a0
Wine-gdb> >>>>>>>>>> > > > > >>>Wine-gdb> Wine-gdb> Breakpoint 3 at 0x1001b200
Wine-gdb> >>>>>Wine-gdb> Wine-gdb> Breakpoint 4 at 0x1002c220
Wine-gdb> >>>>>>>>> > > > > >  >  >  >  > > >>>Wine-gdb> Wine-gdb> Continuing.
TREE3_SCALAR_ENTRY n=1 tree=0x14bf308 features:0x6676ec:	16	40	11	0	1	1	1	2
0x6676fc:	1	0	2468	590	112	590	1740	590
Temporary breakpoint 5 at 0x100134e1
TREE3_SCALAR_RETURN n=1 value=1207
TREE3_SCALAR_ENTRY n=2 tree=0x14bf27c features:0x6676ec:	11	16	21	0	1	1	1	2
0x6676fc:	2	0	2468	590	112	590	1742	590
Temporary breakpoint 6 at 0x1001344e
TREE3_SCALAR_RETURN n=2 value=555
TREE3_SCALAR_ENTRY n=3 tree=0x14bf340 features:0x6676ec:	21	11	25	0	1	3	3	2
0x6676fc:	1	0	2470	590	112	590	1744	590
Temporary breakpoint 7 at 0x1001350b
TREE3_SCALAR_RETURN n=3 value=1740
TREE3_SCALAR_ENTRY n=4 tree=0x14bf2b4 features:0x6676ec:	25	21	40	1	1	3	3	2
0x6676fc:	2	0	2470	590	112	590	1746	590
Temporary breakpoint 8 at 0x1001347e
TREE3_SCALAR_RETURN n=4 value=4832
TREE3_SCALAR_ENTRY n=5 tree=0x14bf378 features:0x6676f0:	2	11	0	3	1	1	0	3
0x667700:	1	1	2	590	112	590	0	0
Temporary breakpoint 9 at 0x10013984
TREE3_SCALAR_RETURN n=5 value=0
TREE3_VECTOR_ENTRY n=6 tree=0x14bf3e8 features:0x6676f0:	2	11	0	3	1	1	0	3
0x667700:	1	1	2	0	112	590	0	0
Temporary breakpoint 10 at 0x100139b6
TREE3_VECTOR_RETURN n=6 values:
0x24f7dc0:	85	84	83	83	84	84	85	85
0x24f7dd0:	86	86	86	86
TREE3_SCALAR_ENTRY n=7 tree=0x14bf3b0 features:0x6676f0:	5	25	1	0	3	3	1	4
0x667700:	3	1	2	0	112	590	0	0
Temporary breakpoint 11 at 0x10013984
TREE3_SCALAR_RETURN n=7 value=0
TREE3_VECTOR_ENTRY n=8 tree=0x14bf420 features:0x6676f0:	5	25	1	0	3	3	1	4
0x667700:	3	1	2	0	112	590	0	0
Temporary breakpoint 12 at 0x100139b6
TREE3_VECTOR_RETURN n=8 values:
0x24f7dde:	96	98	100	104	108	112	116	120
0x24f7dee:	122	124	119	113
SELECTED_UNIT n=1 id=280529
SELECTED_UNIT n=2 id=91559
SELECTED_UNIT n=3 id=204071
SELECTED_UNIT n=4 id=238753
SELECTED_UNIT n=5 id=71004
SELECTED_UNIT n=6 id=40384
SELECTED_UNIT n=7 id=56352
SELECTED_UNIT n=8 id=56352
TIMELINE_ENTRY n=1 start=0 input_count=8
Temporary breakpoint 13 at 0x1002bde9
TIMELINE_RETURN n=1 records=8
TIMELINE_ROW i=0 words:0x25cde18:	0x00000064	0x00000064	0x000000c8	0x000001aa
0x25cde28:	0x00030000	0x00230bf8	0x025fb26c	0x0000b47d
0x25cde38:	0x004a0006	0x02010046	0x00000000	0x00000000
0x25cde48:	0x00220000
TIMELINE_ROW i=1 words:0x25cde4c:	0x00000064	0x00000064	0x000000c8	0x00000362
0x25cde5c:	0x00000001	0x045a5090	0x025fb284	0x001a0bb4
0x25cde6c:	0x0044000c	0x02020056	0x00000000	0x00000000
0x25cde7c:	0x00220000
TIMELINE_ROW i=2 words:0x25cde80:	0x00000064	0x00000064	0x000000c8	0x000002ce
0x25cde90:	0x00010002	0x0100a764	0x025fb29c	0x00063843
0x25cdea0:	0x00560008	0x0201005a	0x00000000	0x00000001
0x25cdeb0:	0x00170000
TIMELINE_ROW i=3 words:0x25cdeb4:	0x00000064	0x00000064	0x000000c8	0x00000166
0x25cdec4:	0x00010003	0x0273df8a	0x025fb2b4	0x000f20e9
0x25cded4:	0x00580004	0x0202005a	0x00000000	0x00000001
0x25cdee4:	0x00170000
TIMELINE_ROW i=4 words:0x25cdee8:	0x00000064	0x00000064	0x000000c8	0x00000168
0x25cdef8:	0x00000004	0x03709fa4	0x025fb2cc	0x00147e11
0x25cdf08:	0x00580004	0x02010058	0x00000000	0x00000002
0x25cdf18:	0x002b0000
TIMELINE_ROW i=5 words:0x25cdf1c:	0x00000064	0x00000064	0x000000c8	0x000002cc
0x25cdf2c:	0x00000005	0x02015f52	0x025fb2e4	0x000bf1f9
0x25cdf3c:	0x00560008	0x0202005c	0x00000000	0x00000002
0x25cdf4c:	0x002b0000
TIMELINE_ROW i=6 words:0x25cdf50:	0x00000064	0x00000064	0x000000c8	0x0000048e
0x25cdf60:	0x00000006	0x02c26574	0x025fb2fc	0x0010707c
0x25cdf70:	0x005c000d	0x0201005a	0x00000000	0x00000003
0x25cdf80:	0x00300000
TIMELINE_ROW i=7 words:0x25cdf84:	0x00000064	0x00000064	0x000000c8	0x000003bc
0x25cdf94:	0x00000007	0x02c269a8	0x025fb314	0x00107088
0x25cdfa4:	0x005a000b	0x02020052	0x00000000	0x00000003
0x25cdfb4:	0x00300000
SELECTED_UNIT n=9 id=91559
SELECTED_UNIT n=10 id=280529
SELECTED_UNIT n=11 id=238753
SELECTED_UNIT n=12 id=204071
SELECTED_UNIT n=13 id=40384
SELECTED_UNIT n=14 id=71004
[Inferior 1 (Remote target) exited normally]
Wine-gdb> 