Wine-gdb> Already logging to /work/corpus-parity/stage20/hello-index-field-origin-gdb.log.
Wine-gdb> Wine-gdb> Breakpoint 1 at 0x10019940
Wine-gdb> >>>>>>>> > > > > > > > >  >  >  >  >  >  >  >  >  >  >  >   >   >   >   >   >    >    >   >   >  > > >>>Wine-gdb> Wine-gdb> Wine-gdb> Breakpoint 2 at 0x100182e0
Wine-gdb> >>> > > > > > > > > >>>Wine-gdb> Wine-gdb> Continuing.
INDEX_ENTRY call=1 units=179995 object=0x14d0cc0 col_a=0x1fc0020 key=0x1dd0020 col_b=0x1c4f970
Temporary breakpoint 3 at 0x10019a16
INDEX_RETURN call=1 col_a_prefix:0x1fc0020:	0x00	0x00	0x00	0x00	0x00	0x00	0x00	0x00
INDEX_RETURN call=1 key_prefix:0x1dd0020:	0x01	0x00	0x00	0x00	0x01	0x01	0x01	0x01
0x1dd0028:	0x01	0x01	0x01	0x01	0x01	0x01	0x01	0x01
INDEX_RETURN call=1 col_b_prefix:0x1c4f970:	0x0e	0x23	0x22	0x42	0x40	0x13	0x17	0x1f
INDEX_ENTRY call=2 units=98133 object=0x14d0d24 col_a=0x1febf3b key=0x1f039dd col_b=0x1c7b88b
Temporary breakpoint 4 at 0x10019a16
INDEX_RETURN call=2 col_a_prefix:0x1febf3b:	0x00	0x00	0x00	0x00	0x00	0x00	0x00	0x00
INDEX_RETURN call=2 key_prefix:0x1f039dd:	0x01	0x01	0x01	0x00	0x01	0x01	0x01	0x01
0x1f039e5:	0x00	0x01	0x01	0x01	0x01	0x01	0x01	0x01
INDEX_RETURN call=2 col_b_prefix:0x1c7b88b:	0x15	0x1e	0x39	0x13	0x3d	0x2a	0x12	0x24
INDEX_ENTRY call=3 units=997 object=0x14d0d88 col_a=0x2003e90 key=0x1fab530 col_b=0x1c937e0
Temporary breakpoint 5 at 0x10019a16
INDEX_RETURN call=3 col_a_prefix:0x2003e90:	0x00	0x00	0x00	0x00	0x00	0x00	0x00	0x00
INDEX_RETURN call=3 key_prefix:0x1fab530:	0x00	0x00	0x01	0x01	0x01	0x00	0x01	0x01
0x1fab538:	0x01	0x01	0x00	0x00	0x01	0x01	0x01	0x01
INDEX_RETURN call=3 col_b_prefix:0x1c937e0:	0x80	0x66	0x50	0x25	0x24	0x66	0x4e	0x23
INDEX_ENTRY call=4 units=3666 object=0x14d0dec col_a=0x2004275 key=0x1fad073 col_b=0x1c93bc5
Temporary breakpoint 6 at 0x10019a16
INDEX_RETURN call=4 col_a_prefix:0x2004275:	0x00	0x00	0x00	0x00	0x00	0x00	0x00	0x00
INDEX_RETURN call=4 key_prefix:0x1fad073:	0x01	0x01	0x00	0x00	0x00	0x00	0x00	0x00
0x1fad07b:	0x00	0x00	0x00	0x00	0x00	0x00	0x00	0x00
INDEX_RETURN call=4 col_b_prefix:0x1c93bc5:	0x3a	0x1a	0x43	0x41	0x3c	0x37	0x76	0x34
INDEX_RETURN row=1286 col_a:0x200477b:	0x00
INDEX_RETURN row=1286 signature:0x1faf39d:	0x02	0x5a	0x22	0x22	0x43	0x30	0x5a
INDEX_RETURN row=1286 col_b:0x1c940cb:	0x15
Hardware watchpoint 7: *(unsigned char *)$watch_addr
ATTR_A_WRITE row=1286 address=0x200477b value=3 pc=0x1001a35b hits=1
#0  0x1001a35b in vt_eng!VT_CsvParser_IsCsv_ENG () from /samples/vt_kat.dll
#1  0x100127cd in ?? () from /samples/vt_kat.dll
#2  0x10012b2b in ?? () from /samples/vt_kat.dll
#3  0x10025f9a in vt_eng!VT_GetDefUserDictRelativeName_ENG () from /samples/vt_kat.dll
#4  0x014bf1c8 in ?? ()
#5  0x10027d73 in vt_eng!VT_LOADTTS_EXT_ENG () from /samples/vt_kat.dll
#6  0x10027e90 in vt_eng!VT_LOADTTS_ENG () from /samples/vt_kat.dll
#7  0x00401628 in main () from /samples/voicetext_kate.exe
INDEX_ENTRY call=5 units=905 object=0x14d0e50 col_a=0x20050c7 key=0x1fb34b1 col_b=0x1c94a17
Temporary breakpoint 8 at 0x10019a16
INDEX_RETURN call=5 col_a_prefix:0x20050c7:	0x00	0x00	0x00	0x00	0x00	0x00	0x00	0x00
INDEX_RETURN call=5 key_prefix:0x1fb34b1:	0x01	0x01	0x00	0x01	0x01	0x00	0x01	0x01
0x1fb34b9:	0x00	0x01	0x01	0x00	0x01	0x01	0x00	0x01
INDEX_RETURN call=5 col_b_prefix:0x1c94a17:	0x5d	0x5b	0x9d	0x6c	0x49	0x83	0x59	0x61
SCORE_FIELD_ORIGIN call=1 unit=274190 state=0x14bf1c8 sig_ptr=0x1dd0020 attr_a_ptr=0x1fc0020 attr_b_ptr=0x1c4f970 values_a_b=1,22 signature=0x1fa4982:	0x10	0x2d	0x22	0x1e	0x36	0x20	0x17
SCORE_FIELD_ORIGIN call=2 unit=159313 state=0x14bf1c8 sig_ptr=0x1dd0020 attr_a_ptr=0x1fc0020 attr_b_ptr=0x1c4f970 values_a_b=0,13 signature=0x1ee0457:	0x0a	0x0e	0x22	0x1b	0x13	0x20	0x1a
SCORE_FIELD_ORIGIN call=3 unit=172790 state=0x14bf1c8 sig_ptr=0x1dd0020 attr_a_ptr=0x1fc0020 attr_b_ptr=0x1c4f970 values_a_b=0,11 signature=0x1ef74da:	0x2d	0x27	0x22	0x0a	0x26	0x20	0x13
SCORE_FIELD_ORIGIN call=4 unit=157716 state=0x14bf1c8 sig_ptr=0x1dd0020 attr_a_ptr=0x1fc0020 attr_b_ptr=0x1c4f970 values_a_b=0,13 signature=0x1edd8ac:	0x13	0x2d	0x22	0x0a	0x1f	0x20	0x14
SCORE_FIELD_ORIGIN call=5 unit=283592 state=0x14bf1c8 sig_ptr=0x1dd0020 attr_a_ptr=0x1fc0020 attr_b_ptr=0x1c4f970 values_a_b=4,59 signature=0x1fb4a98:	0x80	0x61	0x22	0x57	0x89	0x5d	0x56
SCORE_FIELD_ORIGIN call=6 unit=279671 state=0x14bf1c8 sig_ptr=0x1dd0020 attr_a_ptr=0x1fc0020 attr_b_ptr=0x1c4f970 values_a_b=3,23 signature=0x1fadf61:	0x0b	0x5a	0x22	0x22	0x5a	0x11	0x5a
SCORE_FIELD_ORIGIN call=7 unit=279931 state=0x14bf1c8 sig_ptr=0x1dd0020 attr_a_ptr=0x1fc0020 attr_b_ptr=0x1c4f970 values_a_b=3,68 signature=0x1fae67d:	0x11	0x5a	0x22	0x22	0x5a	0x11	0x5a
SCORE_FIELD_ORIGIN call=8 unit=283559 state=0x14bf1c8 sig_ptr=0x1dd0020 attr_a_ptr=0x1fc0020 attr_b_ptr=0x1c4f970 values_a_b=4,123 signature=0x1fb49b1:	0x1e	0x5a	0x22	0x22	0x5a	0x1e	0x5a
SCORE_FIELD_ORIGIN call=9 unit=280411 state=0x14bf1c8 sig_ptr=0x1dd0020 attr_a_ptr=0x1fc0020 attr_b_ptr=0x1c4f970 values_a_b=3,21 signature=0x1faf39d:	0x02	0x5a	0x22	0x22	0x43	0x30	0x5a
SCORE_FIELD_ORIGIN call=10 unit=279826 state=0x14bf1c8 sig_ptr=0x1dd0020 attr_a_ptr=0x1fc0020 attr_b_ptr=0x1c4f970 values_a_b=3,120 signature=0x1fae39e:	0x1b	0x5a	0x22	0x22	0x2c	0x31	0x5a
SCORE_FIELD_ORIGIN call=11 unit=164355 state=0x14bf1c8 sig_ptr=0x1dd0020 attr_a_ptr=0x1fc0020 attr_b_ptr=0x1c4f970 values_a_b=0,40 signature=0x1ee8e35:	0x28	0x5a	0x22	0x3f	0x34	0x0f	0x0e
SCORE_FIELD_ORIGIN call=12 unit=274190 state=0x14bf1c8 sig_ptr=0x1dd0020 attr_a_ptr=0x1fc0020 attr_b_ptr=0x1c4f970 values_a_b=1,22 signature=0x1fa4982:	0x10	0x2d	0x22	0x1e	0x36	0x20	0x17
SCORE_FIELD_ORIGIN call=13 unit=280494 state=0x14bf1c8 sig_ptr=0x1dd0020 attr_a_ptr=0x1fc0020 attr_b_ptr=0x1c4f970 values_a_b=3,16 signature=0x1faf5e2:	0x21	0x00	0x22	0x18	0x22	0x15	0x00
SCORE_FIELD_ORIGIN call=14 unit=162247 state=0x14bf1c8 sig_ptr=0x1dd0020 attr_a_ptr=0x1fc0020 attr_b_ptr=0x1c4f970 values_a_b=0,29 signature=0x1ee5491:	0x10	0x23	0x22	0x17	0x1a	0x1b	0x45
SCORE_FIELD_ORIGIN call=15 unit=179092 state=0x14bf1c8 sig_ptr=0x1dd0020 attr_a_ptr=0x1fc0020 attr_b_ptr=0x1c4f970 values_a_b=0,11 signature=0x1f0212c:	0x17	0x21	0x22	0x1d	0x10	0x1f	0x1a
SCORE_FIELD_ORIGIN call=16 unit=173106 state=0x14bf1c8 sig_ptr=0x1dd0020 attr_a_ptr=0x1fc0020 attr_b_ptr=0x1c4f970 values_a_b=0,15 signature=0x1ef7d7e:	0x19	0x1c	0x22	0x1d	0x2e	0x1d	0x17
SCORE_FIELD_ORIGIN call=17 unit=266326 state=0x14bf1c8 sig_ptr=0x1dd0020 attr_a_ptr=0x1fc0020 attr_b_ptr=0x1c4f970 values_a_b=1,62 signature=0x1f9727a:	0x37	0x15	0x22	0x1d	0x19	0x1d	0x14
SCORE_FIELD_ORIGIN call=18 unit=167768 state=0x14bf1c8 sig_ptr=0x1dd0020 attr_a_ptr=0x1fc0020 attr_b_ptr=0x1c4f970 values_a_b=0,10 signature=0x1eeeb88:	0x27	0x1d	0x22	0x17	0x22	0x1b	0x19
SCORE_FIELD_ORIGIN call=19 unit=276732 state=0x14bf1c8 sig_ptr=0x1dd0020 attr_a_ptr=0x1fc0020 attr_b_ptr=0x1c4f970 values_a_b=1,36 signature=0x1fa8f04:	0x17	0x0d	0x22	0x17	0x30	0x1b	0x0a
SCORE_FIELD_ORIGIN call=20 unit=268779 state=0x14bf1c8 sig_ptr=0x1dd0020 attr_a_ptr=0x1fc0020 attr_b_ptr=0x1c4f970 values_a_b=1,27 signature=0x1f9b58d:	0x24	0x42	0x22	0x18	0x1e	0x13	0x0d
SCORE_FIELD_ORIGIN call=21 unit=171602 state=0x14bf1c8 sig_ptr=0x1dd0020 attr_a_ptr=0x1fc0020 attr_b_ptr=0x1c4f970 values_a_b=0,27 signature=0x1ef545e:	0x14	0x0a	0x22	0x1d	0x19	0x1e	0x16
SCORE_FIELD_ORIGIN call=22 unit=276698 state=0x14bf1c8 sig_ptr=0x1dd0020 attr_a_ptr=0x1fc0020 attr_b_ptr=0x1c4f970 values_a_b=1,34 signature=0x1fa8e16:	0x19	0x40	0x22	0x17	0x17	0x1d	0x54
SCORE_FIELD_ORIGIN call=23 unit=157928 state=0x14bf1c8 sig_ptr=0x1dd0020 attr_a_ptr=0x1fc0020 attr_b_ptr=0x1c4f970 values_a_b=0,54 signature=0x1edde78:	0x2a	0x37	0x22	0x1d	0x10	0x0d	0x10
SCORE_FIELD_ORIGIN call=24 unit=163577 state=0x14bf1c8 sig_ptr=0x1dd0020 attr_a_ptr=0x1fc0020 attr_b_ptr=0x1c4f970 values_a_b=0,16 signature=0x1ee78ef:	0x0a	0x2a	0x22	0x1e	0x0c	0x14	0x1c
SCORE_FIELD_ORIGIN call=25 unit=157858 state=0x14bf1c8 sig_ptr=0x1dd0020 attr_a_ptr=0x1fc0020 attr_b_ptr=0x1c4f970 values_a_b=0,18 signature=0x1eddc8e:	0x14	0x29	0x22	0x18	0x1f	0x27	0x1f
SCORE_FIELD_ORIGIN call=26 unit=174592 state=0x14bf1c8 sig_ptr=0x1dd0020 attr_a_ptr=0x1fc0020 attr_b_ptr=0x1c4f970 values_a_b=0,16 signature=0x1efa620:	0x26	0x27	0x22	0x17	0x10	0x27	0x10
SCORE_FIELD_ORIGIN call=27 unit=267747 state=0x14bf1c8 sig_ptr=0x1dd0020 attr_a_ptr=0x1fc0020 attr_b_ptr=0x1c4f970 values_a_b=1,16 signature=0x1f99955:	0x1d	0x1f	0x22	0x17	0x26	0x0d	0x0f
SCORE_FIELD_ORIGIN call=28 unit=276348 state=0x14bf1c8 sig_ptr=0x1dd0020 attr_a_ptr=0x1fc0020 attr_b_ptr=0x1c4f970 values_a_b=1,16 signature=0x1fa8484:	0x0a	0x31	0x22	0x1d	0x10	0x21	0x11
SCORE_FIELD_ORIGIN call=29 unit=172786 state=0x14bf1c8 sig_ptr=0x1dd0020 attr_a_ptr=0x1fc0020 attr_b_ptr=0x1c4f970 values_a_b=0,25 signature=0x1ef74be:	0x20	0x0b	0x22	0x18	0x0f	0x22	0x0f
SCORE_FIELD_ORIGIN call=30 unit=267775 state=0x14bf1c8 sig_ptr=0x1dd0020 attr_a_ptr=0x1fc0020 attr_b_ptr=0x1c4f970 values_a_b=1,13 signature=0x1f99a19:	0x2b	0x25	0x22	0x17	0x10	0x1f	0x19
SCORE_FIELD_ORIGIN call=31 unit=35672 state=0x14bf1c8 sig_ptr=0x1dd0020 attr_a_ptr=0x1fc0020 attr_b_ptr=0x1c4f970 values_a_b=0,45 signature=0x1e0cf88:	0x14	0x22	0x17	0x2b	0x00	0x00	0x17
SCORE_FIELD_ORIGIN call=32 unit=168830 state=0x14bf1c8 sig_ptr=0x1dd0020 attr_a_ptr=0x1fc0020 attr_b_ptr=0x1c4f970 values_a_b=0,19 signature=0x1ef0892:	0x25	0x22	0x17	0x12	0x0a	0x10	0x1f
SCORE_FIELD_ORIGIN call=33 unit=173569 state=0x14bf1c8 sig_ptr=0x1dd0020 attr_a_ptr=0x1fc0020 attr_b_ptr=0x1c4f970 values_a_b=0,12 signature=0x1ef8a27:	0x10	0x22	0x17	0x24	0x0d	0x13	0x19
SCORE_FIELD_ORIGIN call=34 unit=168598 state=0x14bf1c8 sig_ptr=0x1dd0020 attr_a_ptr=0x1fc0020 attr_b_ptr=0x1c4f970 values_a_b=0,13 signature=0x1ef023a:	0x14	0x22	0x17	0x21	0x10	0x0f	0x0b
SCORE_FIELD_ORIGIN call=35 unit=163180 state=0x14bf1c8 sig_ptr=0x1dd0020 attr_a_ptr=0x1fc0020 attr_b_ptr=0x1c4f970 values_a_b=0,28 signature=0x1ee6e14:	0x0e	0x22	0x17	0x1d	0x0d	0x14	0x16
SCORE_FIELD_ORIGIN call=36 unit=179163 state=0x14bf1c8 sig_ptr=0x1dd0020 attr_a_ptr=0x1fc0020 attr_b_ptr=0x1c4f970 values_a_b=0,9 signature=0x1f0231d:	0x16	0x22	0x17	0x19	0x0d	0x0a	0x0a
SCORE_FIELD_ORIGIN call=37 unit=264212 state=0x14bf1c8 sig_ptr=0x1dd0020 attr_a_ptr=0x1fc0020 attr_b_ptr=0x1c4f970 values_a_b=1,25 signature=0x1f938ac:	0x1e	0x22	0x17	0x15	0x27	0x11	0x1c
SCORE_FIELD_ORIGIN call=38 unit=178081 state=0x14bf1c8 sig_ptr=0x1dd0020 attr_a_ptr=0x1fc0020 attr_b_ptr=0x1c4f970 values_a_b=0,20 signature=0x1f00587:	0x14	0x22	0x17	0x13	0x29	0x13	0x17
SCORE_FIELD_ORIGIN call=39 unit=269315 state=0x14bf1c8 sig_ptr=0x1dd0020 attr_a_ptr=0x1fc0020 attr_b_ptr=0x1c4f970 values_a_b=1,49 signature=0x1f9c435:	0x2d	0x22	0x17	0x13	0x0c	0x11	0x09
SCORE_FIELD_ORIGIN call=40 unit=174208 state=0x14bf1c8 sig_ptr=0x1dd0020 attr_a_ptr=0x1fc0020 attr_b_ptr=0x1c4f970 values_a_b=0,19 signature=0x1ef9ba0:	0x0d	0x22	0x17	0x0a	0x09	0x0f	0x0e
SCORE_FIELD_ORIGIN call=41 unit=275816 state=0x14bf1c8 sig_ptr=0x1dd0020 attr_a_ptr=0x1fc0020 attr_b_ptr=0x1c4f970 values_a_b=1,39 signature=0x1fa75f8:	0x34	0x22	0x17	0x1a	0x30	0x0d	0x0d
SCORE_FIELD_ORIGIN call=42 unit=129357 state=0x14bf1c8 sig_ptr=0x1dd0020 attr_a_ptr=0x1fc0020 attr_b_ptr=0x1c4f970 values_a_b=0,22 signature=0x1ead13b:	0x02	0x22	0x17	0x41	0x00	0x00	0x5b
SCORE_FIELD_ORIGIN call=43 unit=265071 state=0x14bf1c8 sig_ptr=0x1dd0020 attr_a_ptr=0x1fc0020 attr_b_ptr=0x1c4f970 values_a_b=1,44 signature=0x1f95029:	0x0d	0x22	0x17	0x2c	0x17	0x0a	0x16
SCORE_FIELD_ORIGIN call=44 unit=272075 state=0x14bf1c8 sig_ptr=0x1dd0020 attr_a_ptr=0x1fc0020 attr_b_ptr=0x1c4f970 values_a_b=1,22 signature=0x1fa0fad:	0x1b	0x22	0x17	0x27	0x15	0x23	0x0d
SCORE_FIELD_ORIGIN call=45 unit=266475 state=0x14bf1c8 sig_ptr=0x1dd0020 attr_a_ptr=0x1fc0020 attr_b_ptr=0x1c4f970 values_a_b=1,13 signature=0x1f9768d:	0x32	0x22	0x17	0x26	0x0d	0x19	0x0c
SCORE_FIELD_ORIGIN call=46 unit=265302 state=0x14bf1c8 sig_ptr=0x1dd0020 attr_a_ptr=0x1fc0020 attr_b_ptr=0x1c4f970 values_a_b=1,31 signature=0x1f9567a:	0x2e	0x22	0x17	0x17	0x1a	0x29	0x0a
SCORE_FIELD_ORIGIN call=47 unit=156809 state=0x14bf1c8 sig_ptr=0x1dd0020 attr_a_ptr=0x1fc0020 attr_b_ptr=0x1c4f970 values_a_b=0,23 signature=0x1edbfdf:	0x0e	0x22	0x17	0x19	0x21	0x26	0x4e
SCORE_FIELD_ORIGIN call=48 unit=260319 state=0x14bf1c8 sig_ptr=0x1dd0020 attr_a_ptr=0x1fc0020 attr_b_ptr=0x1c4f970 values_a_b=1,44 signature=0x1f8ce39:	0x5a	0x22	0x17	0x1e	0x1e	0x22	0x17
SCORE_FIELD_ORIGIN call=49 unit=156981 state=0x14bf1c8 sig_ptr=0x1dd0020 attr_a_ptr=0x1fc0020 attr_b_ptr=0x1c4f970 values_a_b=0,9 signature=0x1edc493:	0x0a	0x22	0x17	0x19	0x0e	0x22	0x1c
SCORE_FIELD_ORIGIN call=50 unit=270092 state=0x14bf1c8 sig_ptr=0x1dd0020 attr_a_ptr=0x1fc0020 attr_b_ptr=0x1c4f970 values_a_b=1,13 signature=0x1f9d974:	0x14	0x22	0x17	0x0f	0x0e	0x20	0x19
SCORE_FIELD_ORIGIN call=51 unit=274303 state=0x14bf1c8 sig_ptr=0x1dd0020 attr_a_ptr=0x1fc0020 attr_b_ptr=0x1c4f970 values_a_b=1,46 signature=0x1fa4c99:	0x1c	0x22	0x17	0x46	0x3d	0x13	0x46
SCORE_FIELD_ORIGIN call=52 unit=35672 state=0x14bf1c8 sig_ptr=0x1dd0020 attr_a_ptr=0x1fc0020 attr_b_ptr=0x1c4f970 values_a_b=0,45 signature=0x1e0cf88:	0x14	0x22	0x17	0x2b	0x00	0x00	0x17
SCORE_FIELD_ORIGIN call=53 unit=233383 state=0x14bf1c8 sig_ptr=0x1dd0020 attr_a_ptr=0x1fc0020 attr_b_ptr=0x1c4f970 values_a_b=1,38 signature=0x1f5edb1:	0x00	0x00	0x17	0x2b	0x42	0x02	0x02
SCORE_FIELD_ORIGIN call=54 unit=167772 state=0x14bf1c8 sig_ptr=0x1dd0020 attr_a_ptr=0x1fc0020 attr_b_ptr=0x1c4f970 values_a_b=0,10 signature=0x1eeeba4:	0x09	0x0b	0x17	0x2b	0x0b	0x12	0x1a
SCORE_FIELD_ORIGIN call=55 unit=80917 state=0x14bf1c8 sig_ptr=0x1dd0020 attr_a_ptr=0x1fc0020 attr_b_ptr=0x1c4f970 values_a_b=0,19 signature=0x1e5a4b3:	0x14	0x14	0x17	0x2b	0x00	0x00	0x17
SCORE_FIELD_ORIGIN call=56 unit=120502 state=0x14bf1c8 sig_ptr=0x1dd0020 attr_a_ptr=0x1fc0020 attr_b_ptr=0x1c4f970 values_a_b=0,31 signature=0x1e9df1a:	0x00	0x15	0x17	0x2b	0x14	0x14	0x17
SCORE_FIELD_ORIGIN call=57 unit=158938 state=0x14bf1c8 sig_ptr=0x1dd0020 attr_a_ptr=0x1fc0020 attr_b_ptr=0x1c4f970 values_a_b=0,41 signature=0x1edfa16:	0x0a	0x16	0x17	0x2b	0x2e	0x21	0x11
SCORE_FIELD_ORIGIN call=58 unit=163278 state=0x14bf1c8 sig_ptr=0x1dd0020 attr_a_ptr=0x1fc0020 attr_b_ptr=0x1c4f970 values_a_b=0,33 signature=0x1ee70c2:	0x19	0x17	0x17	0x2b	0x2a	0x0d	0x1c
SCORE_FIELD_ORIGIN call=59 unit=264596 state=0x14bf1c8 sig_ptr=0x1dd0020 attr_a_ptr=0x1fc0020 attr_b_ptr=0x1c4f970 values_a_b=1,41 signature=0x1f9432c:	0x1c	0x1a	0x17	0x2c	0x33	0x20	0x17
SCORE_FIELD_ORIGIN call=60 unit=179247 state=0x14bf1c8 sig_ptr=0x1dd0020 attr_a_ptr=0x1fc0020 attr_b_ptr=0x1c4f970 values_a_b=0,25 signature=0x1f02569:	0x19	0x37	0x17	0x2d	0x30	0x20	0x19
SCORE_FIELD_ORIGIN call=61 unit=274488 state=0x14bf1c8 sig_ptr=0x1dd0020 attr_a_ptr=0x1fc0020 attr_b_ptr=0x1c4f970 values_a_b=1,70 signature=0x1fa51a8:	0x19	0x3d	0x17	0x2b	0x0e	0x18	0x14
SCORE_FIELD_ORIGIN call=62 unit=157910 state=0x14bf1c8 sig_ptr=0x1dd0020 attr_a_ptr=0x1fc0020 attr_b_ptr=0x1c4f970 values_a_b=0,28 signature=0x1edddfa:	0x1f	0x56	0x17	0x22	0x0a	0x10	0x1a
SCORE_FIELD_ORIGIN call=63 unit=170441 state=0x14bf1c8 sig_ptr=0x1dd0020 attr_a_ptr=0x1fc0020 attr_b_ptr=0x1c4f970 values_a_b=0,52 signature=0x1ef349f:	0x15	0x21	0x17	0x22	0x10	0x18	0x0a
SCORE_FIELD_ORIGIN call=64 unit=278054 state=0x14bf1c8 sig_ptr=0x1dd0020 attr_a_ptr=0x1fc0020 attr_b_ptr=0x1c4f970 values_a_b=1,31 signature=0x1fab32a:	0x30	0x26	0x17	0x2d	0x30	0x18	0x4d
SCORE_FIELD_ORIGIN call=65 unit=158377 state=0x14bf1c8 sig_ptr=0x1dd0020 attr_a_ptr=0x1fc0020 attr_b_ptr=0x1c4f970 values_a_b=0,16 signature=0x1edeabf:	0x09	0x29	0x17	0x36	0x0a	0x10	0x16
SCORE_FIELD_ORIGIN call=66 unit=90002 state=0x14bf1c8 sig_ptr=0x1dd0020 attr_a_ptr=0x1fc0020 attr_b_ptr=0x1c4f970 values_a_b=0,65 signature=0x1e69d1e:	0x14	0x43	0x17	0x2c	0x00	0x00	0x17
SCORE_FIELD_ORIGIN call=67 unit=204071 state=0x14bf1c8 sig_ptr=0x1dd0020 attr_a_ptr=0x1fc0020 attr_b_ptr=0x1c4f970 values_a_b=1,23 signature=0x1f2cc31:	0x0a	0x43	0x17	0x2c	0x00	0x00	0x17
SCORE_FIELD_ORIGIN call=68 unit=282192 state=0x14bf1c8 sig_ptr=0x1dd0020 attr_a_ptr=0x1fc0020 attr_b_ptr=0x1c4f970 values_a_b=3,55 signature=0x1fb2450:	0x05	0x05	0x2b	0x2f	0x44	0x00	0x05
SCORE_FIELD_ORIGIN call=69 unit=282172 state=0x14bf1c8 sig_ptr=0x1dd0020 attr_a_ptr=0x1fc0020 attr_b_ptr=0x1c4f970 values_a_b=3,74 signature=0x1fb23c4:	0x05	0x05	0x2b	0x31	0x44	0x00	0x05
SCORE_FIELD_ORIGIN call=70 unit=281072 state=0x14bf1c8 sig_ptr=0x1dd0020 attr_a_ptr=0x1fc0020 attr_b_ptr=0x1c4f970 values_a_b=3,91 signature=0x1fb05b0:	0x00	0x05	0x2b	0x34	0x15	0x00	0x05
SCORE_FIELD_ORIGIN call=71 unit=64354 state=0x14bf1c8 sig_ptr=0x1dd0020 attr_a_ptr=0x1fc0020 attr_b_ptr=0x1c4f970 values_a_b=0,46 signature=0x1e3dfce:	0x04	0x04	0x2b	0x33	0x4d	0x00	0x00
SCORE_FIELD_ORIGIN call=72 unit=250473 state=0x14bf1c8 sig_ptr=0x1dd0020 attr_a_ptr=0x1fc0020 attr_b_ptr=0x1c4f970 values_a_b=1,16 signature=0x1f7c0ff:	0x14	0x18	0x2b	0x33	0x15	0x00	0x1e
SCORE_FIELD_ORIGIN call=73 unit=214291 state=0x14bf1c8 sig_ptr=0x1dd0020 attr_a_ptr=0x1fc0020 attr_b_ptr=0x1c4f970 values_a_b=1,16 signature=0x1f3e3a5:	0x00	0x18	0x2b	0x15	0x02	0x02	0x11
SCORE_FIELD_ORIGIN call=74 unit=88702 state=0x14bf1c8 sig_ptr=0x1dd0020 attr_a_ptr=0x1fc0020 attr_b_ptr=0x1c4f970 values_a_b=0,21 signature=0x1e67992:	0x0e	0x18	0x2b	0x5a	0x04	0x04	0x5a
SCORE_FIELD_ORIGIN call=75 unit=222641 state=0x14bf1c8 sig_ptr=0x1dd0020 attr_a_ptr=0x1fc0020 attr_b_ptr=0x1c4f970 values_a_b=1,36 signature=0x1f4c7f7:	0x04	0x18	0x2b	0x5a	0x04	0x04	0x1a
SCORE_FIELD_ORIGIN call=76 unit=228961 state=0x14bf1c8 sig_ptr=0x1dd0020 attr_a_ptr=0x1fc0020 attr_b_ptr=0x1c4f970 values_a_b=1,12 signature=0x1f574c7:	0x04	0x18	0x2b	0x5a	0x04	0x04	0x5a
SCORE_FIELD_ORIGIN call=77 unit=248386 state=0x14bf1c8 sig_ptr=0x1dd0020 attr_a_ptr=0x1fc0020 attr_b_ptr=0x1c4f970 values_a_b=1,28 signature=0x1f787ee:	0x04	0x19	0x2b	0x5a	0x04	0x04	0x5a
SCORE_FIELD_ORIGIN call=78 unit=281550 state=0x14bf1c8 sig_ptr=0x1dd0020 attr_a_ptr=0x1fc0020 attr_b_ptr=0x1c4f970 values_a_b=3,10 signature=0x1fb12c2:	0x05	0x17	0x2b	0x5e	0x05	0x05	0x15
SCORE_FIELD_ORIGIN call=79 unit=120494 state=0x14bf1c8 sig_ptr=0x1dd0020 attr_a_ptr=0x1fc0020 attr_b_ptr=0x1c4f970 values_a_b=0,21 signature=0x1e9dee2:	0x04	0x04	0x2b	0x11	0x42	0x0c	0x0c
SCORE_FIELD_ORIGIN call=80 unit=282716 state=0x14bf1c8 sig_ptr=0x1dd0020 attr_a_ptr=0x1fc0020 attr_b_ptr=0x1c4f970 values_a_b=3,32 signature=0x1fb32a4:	0x81	0x69	0x2b	0x4a	0x5c	0x88	0x4e
[Inferior 1 (Remote target) exited normally]
Wine-gdb> 