Wine-gdb> Already logging to /work/corpus-parity/stage20/matched-context-unit-cost-fields-features-swap-gdb.log.
Wine-gdb> Breakpoint 1 at 0x100182e0
Wine-gdb> >>> > > > > > > > > > > > > > > > > > > > > > > > > > > >  >  >  >  > >>>Wine-gdb> Wine-gdb> Breakpoint 2 at 0x408187
Wine-gdb> >>>>Wine-gdb> Wine-gdb> Continuing.
UNIT_COST_ENTRY unit=273369 target:0x25cc648:	0	0	0	0	0	1	0
UNIT_COST_TARGET_VIEW:0x6676cc:	24	85	85	0	244	118	102	0
0x6676d4:	213	73
UNIT_COST_CANDIDATE_SIGNATURE:0x1fa330f:	1	90	34	23	0	160	0
UNIT_COST_ATTRS attr_a=1 attr_b=27 metrics= 763 283 1000 features= 67 113 157 90 89 87
Temporary breakpoint 3 at 0x1002389a
UNIT_COST_RETURN unit=273369 score=0.0705882
UNIT_COST_ENTRY unit=272822 target:0x25cc648:	0	0	0	0	0	1	0
UNIT_COST_TARGET_VIEW:0x6676cc:	24	85	85	0	244	118	102	0
0x6676d4:	213	73
UNIT_COST_CANDIDATE_SIGNATURE:0x1fa241a:	1	90	34	23	0	160	0
UNIT_COST_ATTRS attr_a=1 attr_b=23 metrics= 755 779 223 features= 73 108 164 66 66 75
Temporary breakpoint 4 at 0x1002389a
UNIT_COST_RETURN unit=272822 score=0.00851064
UNIT_COST_ENTRY unit=272823 target:0x25cc64e:	0	0	1	1	1	0	0
UNIT_COST_TARGET_VIEW:0x6676a8:	6	85	84	0	204	118	102	0
0x6676b0:	206	72
UNIT_COST_CANDIDATE_SIGNATURE:0x1fa2421:	1	34	23	43	0	32	0
UNIT_COST_ATTRS attr_a=1 attr_b=10 metrics= 223 183 63 features= 164 168 170 75 72 72
Temporary breakpoint 5 at 0x1002389a
UNIT_COST_RETURN unit=272823 score=0.637019
UNIT_COST_ENTRY unit=273370 target:0x25cc64e:	0	0	1	1	1	0	0
UNIT_COST_TARGET_VIEW:0x6676a8:	6	85	84	0	204	118	102	0
0x6676b0:	206	72
UNIT_COST_CANDIDATE_SIGNATURE:0x1fa3316:	1	34	23	43	0	32	0
UNIT_COST_ATTRS attr_a=1 attr_b=20 metrics= 1000 944 944 features= 157 168 170 87 84 91
Temporary breakpoint 6 at 0x1002389a
UNIT_COST_RETURN unit=273370 score=1.89043
UNIT_COST_ENTRY unit=273370 target:0x25cc654:	0	0	1	2	2	0	0
UNIT_COST_TARGET_VIEW:0x6676a8:	6	85	91	0	204	118	102	0
0x6676b0:	206	72
UNIT_COST_CANDIDATE_SIGNATURE:0x1fa3316:	1	34	23	43	0	32	0
UNIT_COST_ATTRS attr_a=1 attr_b=20 metrics= 1000 944 944 features= 157 168 170 87 84 91
Temporary breakpoint 7 at 0x1002389a
UNIT_COST_RETURN unit=273370 score=1.88609
UNIT_COST_ENTRY unit=272823 target:0x25cc654:	0	0	1	2	2	0	0
UNIT_COST_TARGET_VIEW:0x6676a8:	6	85	91	0	204	118	102	0
0x6676b0:	206	72
UNIT_COST_CANDIDATE_SIGNATURE:0x1fa2421:	1	34	23	43	0	32	0
UNIT_COST_ATTRS attr_a=1 attr_b=10 metrics= 223 183 63 features= 164 168 170 75 72 72
Temporary breakpoint 8 at 0x1002389a
UNIT_COST_RETURN unit=272823 score=1.07279
UNIT_COST_ENTRY unit=272824 target:0x25cc65a:	0	1	2	3	0	0	0
UNIT_COST_TARGET_VIEW:0x6676a8:	35	94	101	1	204	118	102	0
0x6676b0:	206	72
UNIT_COST_CANDIDATE_SIGNATURE:0x1fa2428:	1	23	43	48	0	0	0
UNIT_COST_ATTRS attr_a=1 attr_b=22 metrics= 63 924 360 features= 170 168 170 91 100 88
Temporary breakpoint 9 at 0x1002389a
UNIT_COST_RETURN unit=272824 score=6.87265
UNIT_COST_ENTRY unit=273371 target:0x25cc65a:	0	1	2	3	0	0	0
UNIT_COST_TARGET_VIEW:0x6676a8:	35	94	101	1	204	118	102	0
0x6676b0:	206	72
UNIT_COST_CANDIDATE_SIGNATURE:0x1fa331d:	1	23	43	48	0	0	0
UNIT_COST_ATTRS attr_a=1 attr_b=33 metrics= 944 348 944 features= 170 171 175 72 70 68
Temporary breakpoint 10 at 0x1002389a
UNIT_COST_RETURN unit=273371 score=9.4771
UNIT_COST_ENTRY unit=272825 target:0x25cc660:	0	1	3	4	1	0	0
UNIT_COST_TARGET_VIEW:0x6676a8:	48	104	116	1	204	118	102	0
0x6676b0:	206	72
UNIT_COST_CANDIDATE_SIGNATURE:0x1fa242f:	0	43	48	90	0	69	0
UNIT_COST_ATTRS attr_a=1 attr_b=95 metrics= 360 972 764 features= 175 162 138 68 103 120
Temporary breakpoint 11 at 0x1002389a
UNIT_COST_RETURN unit=272825 score=5.93853
UNIT_COST_ENTRY unit=255282 target:0x25cc660:	0	1	3	4	1	0	0
UNIT_COST_TARGET_VIEW:0x6676a8:	48	104	116	1	204	118	102	0
0x6676b0:	206	72
UNIT_COST_CANDIDATE_SIGNATURE:0x1f8447e:	0	43	48	90	0	69	0
UNIT_COST_ATTRS attr_a=1 attr_b=102 metrics= 240 708 508 features= 169 165 138 90 102 109
Temporary breakpoint 12 at 0x1002389a
UNIT_COST_RETURN unit=255282 score=5.33735
UNIT_COST_ENTRY unit=272825 target:0x25cc666:	0	1	3	5	2	0	0
UNIT_COST_TARGET_VIEW:0x6676a8:	48	120	113	1	204	118	102	0
0x6676b0:	206	72
UNIT_COST_CANDIDATE_SIGNATURE:0x1fa242f:	0	43	48	90	0	69	0
UNIT_COST_ATTRS attr_a=1 attr_b=95 metrics= 360 972 764 features= 175 162 138 68 103 120
Temporary breakpoint 13 at 0x1002389a
UNIT_COST_RETURN unit=272825 score=4.23845
UNIT_COST_ENTRY unit=255282 target:0x25cc666:	0	1	3	5	2	0	0
UNIT_COST_TARGET_VIEW:0x6676a8:	48	120	113	1	204	118	102	0
0x6676b0:	206	72
UNIT_COST_CANDIDATE_SIGNATURE:0x1f8447e:	0	43	48	90	0	69	0
UNIT_COST_ATTRS attr_a=1 attr_b=102 metrics= 240 708 508 features= 169 165 138 90 102 109
Temporary breakpoint 14 at 0x1002389a
UNIT_COST_RETURN unit=255282 score=5.24288
[Inferior 1 (Remote target) exited normally]
Wine-gdb> 