GNU gdb (Ubuntu 15.1-1ubuntu1~24.04.1) 15.1
Copyright (C) 2024 Free Software Foundation, Inc.
License GPLv3+: GNU GPL version 3 or later <http://gnu.org/licenses/gpl.html>
This is free software: you are free to change and redistribute it.
There is NO WARRANTY, to the extent permitted by law.
Type "show copying" and "show warranty" for details.
This GDB was configured as "x86_64-linux-gnu".
Type "show configuration" for configuration details.
For bug reporting instructions, please see:
<https://www.gnu.org/software/gdb/bugs/>.
Find the GDB manual and other documentation resources online at:
    <http://www.gnu.org/software/gdb/documentation/>.

For help, type "help".
Type "apropos word" to search for commands related to "word".
warning: remote target does not support file transfer, attempting to access files from local filesystem.
Reading symbols from /probe/probe-original-kate-2006.exe...
0x7bd64525 in DbgBreakPoint@0 ()
   from /usr/lib/i386-linux-gnu/wine/i386-windows/ntdll.dll
Wine-gdb> Wine-gdb> Wine-gdb> Wine-gdb> Signal        Stop	Print	Pass to program	Description
SIGSEGV       No	No	Yes		Segmentation fault
Wine-gdb> Wine-gdb> Wine-gdb> Copying output to /probe/stage20/original-forced-pah0-gdb.log.
Copying debug output to /probe/stage20/original-forced-pah0-gdb.log.
Wine-gdb> Wine-gdb> Wine-gdb> Wine-gdb> Wine-gdb> Breakpoint 1 at 0x408187
Wine-gdb> >>>> > > > > > > > > >  >  >  >  >  >  >   >   >   >   >   >  >  > > >>> > > >  >  >  >  >  >  >  >  >  >   >   >   >   >  > > >>> > > > > > > >  >  >  >  >  >  >   >   >   >   >   >  > > >>>Wine-gdb> Continuing.
OLD_ENGINE_HOST_READY_BEFORE_SYNTHESIS
Breakpoint 2 at 0x100546d0
Breakpoint 3 at 0x10001570
Breakpoint 4 at 0x100019b0
OLD_TEXT_PARSE_ENTRY n=1 source=0xbe8030:	"<phoneme alphabet=\"x-cmu\" ph=\"P AH0\">probe</phoneme>.\n"
Temporary breakpoint 5 at 0x1001c1b4
OLD_TEXT_PARSE_RETURN n=1 status=1 consumed=53 records=9
OLD_TEXT_RECORD n=1 i=0 span=1..8
OLD_TEXT_RECORD n=1 i=1 span=9..17
OLD_TEXT_RECORD n=1 i=2 span=19..24
OLD_TEXT_RECORD n=1 i=3 span=26..28
OLD_TEXT_RECORD n=1 i=4 span=30..31
OLD_TEXT_RECORD n=1 i=5 span=32..34
OLD_TEXT_RECORD n=1 i=6 span=34..36
OLD_TEXT_RECORD n=1 i=7 span=37..42
OLD_TEXT_RECORD n=1 i=8 span=44..52
TREE2_EVAL_ENTRY n=1 root=0x18fef50 features=0x63fb68 root_node=0x18fef50:	0x018fef64	0x01900f08	0x01901f98	0x0000041d
0x18fef60:	0x01174402
TREE2_FEATURE_VECTOR n=1 values:
0x63fb68:	27	40	18	0	1	3	1	7
0x63fb78:	1	0	1050	4098	0	0	0	0
0x63fb88:	6960	398	32	623	4304	416	1918	4098
0x63fb98:	6960	398	32	623	1	0	32	623
Temporary breakpoint 6 at 0x1000f6ec
TREE2_EVAL_RETURN n=1 output=1259
TREE2_EVAL_ENTRY n=2 root=0x18f3740 features=0x63fb68 root_node=0x18f3740:	0x018f3754	0x018f5450	0x018f60c8	0x0000070f
0x18f3750:	0x04154402
TREE2_FEATURE_VECTOR n=2 values:
0x63fb68:	18	27	13	1	1	3	1	7
0x63fb78:	2	0	1050	4098	0	0	1	0
0x63fb88:	6960	398	32	623	4304	416	1918	4098
0x63fb98:	6960	398	32	623	1	0	32	623
Temporary breakpoint 7 at 0x1000f683
TREE2_EVAL_RETURN n=2 output=979
TREE2_EVAL_ENTRY n=3 root=0x18fbaa0 features=0x63fb68 root_node=0x18fbaa0:	0x018fbab4	0x018fbca8	0x018e7838	0x000009d5
0x18fbab0:	0x00014406
TREE2_FEATURE_VECTOR n=3 values:
0x63fb68:	13	18	8	1	2	3	2	7
0x63fb78:	2	0	1050	4098	1	0	2	0
0x63fb88:	6960	398	32	623	4304	416	1918	4098
0x63fb98:	6960	398	32	623	1	0	32	623
Temporary breakpoint 8 at 0x1000f69c
TREE2_EVAL_RETURN n=3 output=2136
TREE2_EVAL_ENTRY n=4 root=0x18ebc20 features=0x63fb68 root_node=0x18ebc20:	0x018ebc34	0x018ec030	0x00baf7f0	0x00000760
0x18ebc30:	0x000c4402
TREE2_FEATURE_VECTOR n=4 values:
0x63fb68:	8	13	25	0	2	3	2	7
0x63fb78:	3	0	1050	4098	1	0	3	0
0x63fb88:	6960	398	32	623	4304	416	1918	4098
0x63fb98:	6960	398	32	623	1	0	32	623
Temporary breakpoint 9 at 0x1000f718
TREE2_EVAL_RETURN n=4 output=2354
TREE2_EVAL_ENTRY n=5 root=0x18fbaa0 features=0x63fb68 root_node=0x18fbaa0:	0x018fbab4	0x018fbca8	0x018e7838	0x000009d5
0x18fbab0:	0x00014406
TREE2_FEATURE_VECTOR n=5 values:
0x63fb68:	25	8	11	1	0	3	2	7
0x63fb78:	2	0	1050	4098	2	0	4	0
0x63fb88:	6960	398	32	623	4304	416	1918	4098
0x63fb98:	6960	398	32	623	1	0	32	623
Temporary breakpoint 10 at 0x1000f69c
TREE2_EVAL_RETURN n=5 output=2715
TREE2_EVAL_ENTRY n=6 root=0x18f6c88 features=0x63fb68 root_node=0x18f6c88:	0x018f6c9c	0x018f8948	0x018e9228	0x00000473
0x18f6c98:	0x00024400
TREE2_FEATURE_VECTOR n=6 values:
0x63fb68:	11	25	23	1	2	3	2	7
0x63fb78:	2	0	1050	4098	3	0	5	0
0x63fb88:	6960	398	32	623	4304	416	1918	4098
0x63fb98:	6960	398	32	623	1	0	32	623
Temporary breakpoint 11 at 0x1000f66a
TREE2_EVAL_RETURN n=6 output=1528
TREE2_EVAL_ENTRY n=7 root=0x19041e8 features=0x63fb68 root_node=0x19041e8:	0x019041fc	0x01904af8	0x01906df0	0x000004f6
0x19041f8:	0x50094402
TREE2_FEATURE_VECTOR n=7 values:
0x63fb68:	23	11	18	0	2	3	2	7
0x63fb78:	3	0	1050	4098	3	0	6	0
0x63fb88:	6960	398	32	623	4304	416	1918	4098
0x63fb98:	6960	398	32	623	1	0	32	623
Temporary breakpoint 12 at 0x1000f72e
TREE2_EVAL_RETURN n=7 output=956
TREE2_EVAL_ENTRY n=8 root=0x18f3740 features=0x63fb68 root_node=0x18f3740:	0x018f3754	0x018f5450	0x018f60c8	0x0000070f
0x18f3750:	0x04154402
TREE2_FEATURE_VECTOR n=8 values:
0x63fb68:	18	23	11	1	0	3	2	7
0x63fb78:	2	0	1050	4098	4	0	7	0
0x63fb88:	6960	398	32	623	4304	416	1918	4098
0x63fb98:	6960	398	32	623	1	0	32	623
Temporary breakpoint 13 at 0x1000f683
TREE2_EVAL_RETURN n=8 output=2162
TREE2_EVAL_ENTRY n=9 root=0x18f6c88 features=0x63fb68 root_node=0x18f6c88:	0x018f6c9c	0x018f8948	0x018e9228	0x00000473
0x18f6c98:	0x00024400
TREE2_FEATURE_VECTOR n=9 values:
0x63fb68:	11	18	22	1	2	3	2	7
0x63fb78:	2	0	1050	4098	5	0	8	0
0x63fb88:	6960	398	32	623	4304	416	1918	4098
0x63fb98:	6960	398	32	623	1	0	32	623
Temporary breakpoint 14 at 0x1000f66a
TREE2_EVAL_RETURN n=9 output=1269
TREE2_EVAL_ENTRY n=10 root=0x19041e8 features=0x63fb68 root_node=0x19041e8:	0x019041fc	0x01904af8	0x01906df0	0x000004f6
0x19041f8:	0x50094402
TREE2_FEATURE_VECTOR n=10 values:
0x63fb68:	22	11	18	0	2	3	2	7
0x63fb78:	3	0	1050	4098	5	0	9	0
0x63fb88:	6960	398	32	623	4304	416	1918	4098
0x63fb98:	6960	398	32	623	1	0	32	623
Temporary breakpoint 15 at 0x1000f72e
TREE2_EVAL_RETURN n=10 output=1205
TREE2_EVAL_ENTRY n=11 root=0x18f3740 features=0x63fb68 root_node=0x18f3740:	0x018f3754	0x018f5450	0x018f60c8	0x0000070f
0x18f3750:	0x04154402
TREE2_FEATURE_VECTOR n=11 values:
0x63fb68:	18	22	42	1	0	3	2	7
0x63fb78:	2	0	1050	4098	6	0	10	0
0x63fb88:	6960	398	32	623	4304	416	1918	4098
0x63fb98:	6960	398	32	623	1	0	32	623
Temporary breakpoint 16 at 0x1000f683
TREE2_EVAL_RETURN n=11 output=3821
TREE2_EVAL_ENTRY n=12 root=0x18fbaa0 features=0x63fb68 root_node=0x18fbaa0:	0x018fbab4	0x018fbca8	0x018e7838	0x000009d5
0x18fbab0:	0x00014406
TREE2_FEATURE_VECTOR n=12 values:
0x63fb68:	13	42	11	1	0	3	2	8
0x63fb78:	2	0	1050	4098	0	0	0	0
0x63fb88:	6960	398	32	623	4304	416	1918	4098
0x63fb98:	6960	398	32	623	1	0	32	623
Temporary breakpoint 17 at 0x1000f69c
TREE2_EVAL_RETURN n=12 output=3091
TREE2_EVAL_ENTRY n=13 root=0x18f6c88 features=0x63fb68 root_node=0x18f6c88:	0x018f6c9c	0x018f8948	0x018e9228	0x00000473
0x18f6c98:	0x00024400
TREE2_FEATURE_VECTOR n=13 values:
0x63fb68:	11	13	21	1	2	3	2	8
0x63fb78:	2	0	1050	4098	1	0	1	0
0x63fb88:	6960	398	32	623	4304	416	1918	4098
0x63fb98:	6960	398	32	623	1	0	32	623
Temporary breakpoint 18 at 0x1000f66a
TREE2_EVAL_RETURN n=13 output=1344
TREE2_EVAL_ENTRY n=14 root=0x19041e8 features=0x63fb68 root_node=0x19041e8:	0x019041fc	0x01904af8	0x01906df0	0x000004f6
0x19041f8:	0x50094402
TREE2_FEATURE_VECTOR n=14 values:
0x63fb68:	21	11	27	0	2	3	2	8
0x63fb78:	3	0	1050	4098	1	0	2	0
0x63fb88:	6960	398	32	623	4304	416	1918	4098
0x63fb98:	6960	398	32	623	1	0	32	623
Temporary breakpoint 19 at 0x1000f72e
TREE2_EVAL_RETURN n=14 output=1786
TREE2_EVAL_ENTRY n=15 root=0x18fef50 features=0x63fb68 root_node=0x18fef50:	0x018fef64	0x01900f08	0x01901f98	0x0000041d
0x18fef60:	0x01174402
TREE2_FEATURE_VECTOR n=15 values:
0x63fb68:	27	21	18	0	1	3	2	8
0x63fb78:	1	0	1050	4098	2	0	3	0
0x63fb88:	6960	398	32	623	4304	416	1918	4098
0x63fb98:	6960	398	32	623	1	0	32	623
Temporary breakpoint 20 at 0x1000f6ec
TREE2_EVAL_RETURN n=15 output=810
TREE2_EVAL_ENTRY n=16 root=0x18f3740 features=0x63fb68 root_node=0x18f3740:	0x018f3754	0x018f5450	0x018f60c8	0x0000070f
0x18f3750:	0x04154402
TREE2_FEATURE_VECTOR n=16 values:
0x63fb68:	18	27	13	1	1	3	2	8
0x63fb78:	2	0	1050	4098	2	0	4	0
0x63fb88:	6960	398	32	623	4304	416	1918	4098
0x63fb98:	6960	398	32	623	1	0	32	623
Temporary breakpoint 21 at 0x1000f683
TREE2_EVAL_RETURN n=16 output=979
TREE2_EVAL_ENTRY n=17 root=0x18fbaa0 features=0x63fb68 root_node=0x18fbaa0:	0x018fbab4	0x018fbca8	0x018e7838	0x000009d5
0x18fbab0:	0x00014406
TREE2_FEATURE_VECTOR n=17 values:
0x63fb68:	13	18	8	1	2	3	2	8
0x63fb78:	2	0	1050	4098	3	0	5	0
0x63fb88:	6960	398	32	623	4304	416	1918	4098
0x63fb98:	6960	398	32	623	1	0	32	623
Temporary breakpoint 22 at 0x1000f69c
TREE2_EVAL_RETURN n=17 output=2136
TREE2_EVAL_ENTRY n=18 root=0x18ebc20 features=0x63fb68 root_node=0x18ebc20:	0x018ebc34	0x018ec030	0x00baf7f0	0x00000760
0x18ebc30:	0x000c4402
TREE2_FEATURE_VECTOR n=18 values:
0x63fb68:	8	13	13	0	2	3	2	8
0x63fb78:	3	0	1050	4098	3	0	6	0
0x63fb88:	6960	398	32	623	4304	416	1918	4098
0x63fb98:	6960	398	32	623	1	0	32	623
Temporary breakpoint 23 at 0x1000f718
TREE2_EVAL_RETURN n=18 output=2354
TREE2_EVAL_ENTRY n=19 root=0x18fbaa0 features=0x63fb68 root_node=0x18fbaa0:	0x018fbab4	0x018fbca8	0x018e7838	0x000009d5
0x18fbab0:	0x00014406
TREE2_FEATURE_VECTOR n=19 values:
0x63fb68:	13	8	7	1	0	3	2	8
0x63fb78:	2	0	1050	4098	4	0	7	0
0x63fb88:	6960	398	32	623	4304	416	1918	4098
0x63fb98:	6960	398	32	623	1	0	32	623
Temporary breakpoint 24 at 0x1000f69c
TREE2_EVAL_RETURN n=19 output=2606
TREE2_EVAL_ENTRY n=20 root=0x18fef50 features=0x63fb68 root_node=0x18fef50:	0x018fef64	0x01900f08	0x01901f98	0x0000041d
0x18fef60:	0x01174402
TREE2_FEATURE_VECTOR n=20 values:
0x63fb68:	7	13	18	0	1	3	2	8
0x63fb78:	1	0	1050	4098	5	0	8	0
0x63fb88:	6960	398	32	623	4304	416	1918	4098
0x63fb98:	6960	398	32	623	1	0	32	623
Temporary breakpoint 25 at 0x1000f6ec
TREE2_EVAL_RETURN n=20 output=810
TREE2_EVAL_ENTRY n=21 root=0x18f3740 features=0x63fb68 root_node=0x18f3740:	0x018f3754	0x018f5450	0x018f60c8	0x0000070f
0x18f3750:	0x04154402
TREE2_FEATURE_VECTOR n=21 values:
0x63fb68:	18	7	18	1	1	3	2	8
0x63fb78:	2	0	1050	4098	5	0	9	0
0x63fb88:	6960	398	32	623	4304	416	1918	4098
0x63fb98:	6960	398	32	623	1	0	32	623
Temporary breakpoint 26 at 0x1000f683
TREE2_EVAL_RETURN n=21 output=2049
TREE2_EVAL_ENTRY n=22 root=0x18f3740 features=0x63fb68 root_node=0x18f3740:	0x018f3754	0x018f5450	0x018f60c8	0x0000070f
0x18f3750:	0x04154402
TREE2_FEATURE_VECTOR n=22 values:
0x63fb68:	18	18	31	1	0	3	2	8
0x63fb78:	2	0	1050	4098	6	0	10	0
0x63fb88:	6960	398	32	623	4304	416	1918	4098
0x63fb98:	6960	398	32	623	1	0	32	623
Temporary breakpoint 27 at 0x1000f683
TREE2_EVAL_RETURN n=22 output=1896
TREE2_EVAL_ENTRY n=23 root=0x18fef50 features=0x63fb68 root_node=0x18fef50:	0x018fef64	0x01900f08	0x01901f98	0x0000041d
0x18fef60:	0x01174402
TREE2_FEATURE_VECTOR n=23 values:
0x63fb68:	31	18	18	0	1	3	2	8
0x63fb78:	1	0	1050	4098	7	0	11	0
0x63fb88:	6960	398	32	623	4304	416	1918	4098
0x63fb98:	6960	398	32	623	1	0	32	623
Temporary breakpoint 28 at 0x1000f6ec
TREE2_EVAL_RETURN n=23 output=634
TREE2_EVAL_ENTRY n=24 root=0x18f3740 features=0x63fb68 root_node=0x18f3740:	0x018f3754	0x018f5450	0x018f60c8	0x0000070f
0x18f3750:	0x04154402
TREE2_FEATURE_VECTOR n=24 values:
0x63fb68:	18	31	42	1	1	3	2	8
0x63fb78:	2	0	1050	4098	7	0	12	0
0x63fb88:	6960	398	32	623	4304	416	1918	4098
0x63fb98:	6960	398	32	623	1	0	32	623
Temporary breakpoint 29 at 0x1000f683
TREE2_EVAL_RETURN n=24 output=2434
TREE2_EVAL_ENTRY n=25 root=0x18f6c88 features=0x63fb68 root_node=0x18f6c88:	0x018f6c9c	0x018f8948	0x018e9228	0x00000473
0x18f6c98:	0x00024400
TREE2_FEATURE_VECTOR n=25 values:
0x63fb68:	11	42	20	1	2	3	2	4
0x63fb78:	2	0	1050	4098	0	0	0	0
0x63fb88:	6960	398	32	623	4304	416	1918	4098
0x63fb98:	6960	398	32	623	1	0	32	623
Temporary breakpoint 30 at 0x1000f66a
TREE2_EVAL_RETURN n=25 output=1870
TREE2_EVAL_ENTRY n=26 root=0x18fef50 features=0x63fb68 root_node=0x18fef50:	0x018fef64	0x01900f08	0x01901f98	0x0000041d
0x18fef60:	0x01174402
TREE2_FEATURE_VECTOR n=26 values:
0x63fb68:	20	11	29	0	2	3	2	4
0x63fb78:	3	0	1050	4098	0	0	1	0
0x63fb88:	6960	398	32	623	4304	416	1918	4098
0x63fb98:	6960	398	32	623	1	0	32	623
Temporary breakpoint 31 at 0x1000f6ec
TREE2_EVAL_RETURN n=26 output=900
TREE2_EVAL_ENTRY n=27 root=0x1902a50 features=0x63fb68 root_node=0x1902a50:	0x01902a64	0x01903608	0x018ea450	0x000005cb
0x1902a60:	0x02044400
TREE2_FEATURE_VECTOR n=27 values:
0x63fb68:	29	20	29	0	2	3	2	4
0x63fb78:	3	0	1050	4098	0	0	2	0
0x63fb88:	6960	398	32	623	4304	416	1918	4098
0x63fb98:	6960	398	32	623	1	0	32	623
Temporary breakpoint 32 at 0x1000f702
TREE2_EVAL_RETURN n=27 output=1357
TREE2_EVAL_ENTRY n=28 root=0x1902a50 features=0x63fb68 root_node=0x1902a50:	0x01902a64	0x01903608	0x018ea450	0x000005cb
0x1902a60:	0x02044400
TREE2_FEATURE_VECTOR n=28 values:
0x63fb68:	29	29	18	0	1	3	2	4
0x63fb78:	1	0	1050	4098	1	0	3	0
0x63fb88:	6960	398	32	623	4304	416	1918	4098
0x63fb98:	6960	398	32	623	1	0	32	623
Temporary breakpoint 33 at 0x1000f702
TREE2_EVAL_RETURN n=28 output=1191
TREE2_EVAL_ENTRY n=29 root=0x18f3740 features=0x63fb68 root_node=0x18f3740:	0x018f3754	0x018f5450	0x018f60c8	0x0000070f
0x18f3750:	0x04154402
TREE2_FEATURE_VECTOR n=29 values:
0x63fb68:	18	29	11	1	1	3	2	4
0x63fb78:	2	0	1050	4098	1	0	4	0
0x63fb88:	6960	398	32	623	4304	416	1918	4098
0x63fb98:	6960	398	32	623	1	0	32	623
Temporary breakpoint 34 at 0x1000f683
TREE2_EVAL_RETURN n=29 output=2850
TREE2_EVAL_ENTRY n=30 root=0x18f6c88 features=0x63fb68 root_node=0x18f6c88:	0x018f6c9c	0x018f8948	0x018e9228	0x00000473
0x18f6c98:	0x00024400
TREE2_FEATURE_VECTOR n=30 values:
0x63fb68:	11	18	22	1	2	3	2	4
0x63fb78:	2	0	1050	4098	2	0	5	0
0x63fb88:	6960	398	32	623	4304	416	1918	4098
0x63fb98:	6960	398	32	623	1	0	32	623
Temporary breakpoint 35 at 0x1000f66a
TREE2_EVAL_RETURN n=30 output=1269
TREE2_EVAL_ENTRY n=31 root=0x19041e8 features=0x63fb68 root_node=0x19041e8:	0x019041fc	0x01904af8	0x01906df0	0x000004f6
0x19041f8:	0x50094402
TREE2_FEATURE_VECTOR n=31 values:
0x63fb68:	22	11	37	0	2	3	2	4
0x63fb78:	3	0	1050	4098	2	0	6	0
0x63fb88:	6960	398	32	623	4304	416	1918	4098
0x63fb98:	6960	398	32	623	1	0	32	623
Temporary breakpoint 36 at 0x1000f72e
TREE2_EVAL_RETURN n=31 output=1236
TREE2_EVAL_ENTRY n=32 root=0x19077c8 features=0x63fb68 root_node=0x19077c8:	0x019077dc	0x01908a38	0x018e7eb0	0x000004ea
0x19077d8:	0x01154401
TREE2_FEATURE_VECTOR n=32 values:
0x63fb68:	37	22	34	0	1	3	2	4
0x63fb78:	1	0	1050	4098	3	0	7	0
0x63fb88:	6960	398	32	623	4304	416	1918	4098
0x63fb98:	6960	398	32	623	1	0	32	623
Temporary breakpoint 37 at 0x1000f744
TREE2_EVAL_RETURN n=32 output=1055
TREE2_EVAL_ENTRY n=33 root=0x18f3740 features=0x63fb68 root_node=0x18f3740:	0x018f3754	0x018f5450	0x018f60c8	0x0000070f
0x18f3750:	0x04154402
TREE2_FEATURE_VECTOR n=33 values:
0x63fb68:	34	37	42	1	1	3	2	4
0x63fb78:	2	0	1050	4098	3	0	8	0
0x63fb88:	6960	398	32	623	4304	416	1918	4098
0x63fb98:	6960	398	32	623	1	0	32	623
Temporary breakpoint 38 at 0x1000f683
TREE2_EVAL_RETURN n=33 output=1297
TREE2_EVAL_ENTRY n=34 root=0x18fef50 features=0x63fb68 root_node=0x18fef50:	0x018fef64	0x01900f08	0x01901f98	0x0000041d
0x18fef60:	0x01174402
TREE2_FEATURE_VECTOR n=34 values:
0x63fb68:	27	42	18	0	1	3	2	2
0x63fb78:	1	0	1050	4098	0	0	0	0
0x63fb88:	6960	398	32	623	4304	416	1918	4098
0x63fb98:	6960	398	32	623	1	0	32	623
Temporary breakpoint 39 at 0x1000f6ec
TREE2_EVAL_RETURN n=34 output=1625
TREE2_EVAL_ENTRY n=35 root=0x18f3740 features=0x63fb68 root_node=0x18f3740:	0x018f3754	0x018f5450	0x018f60c8	0x0000070f
0x18f3750:	0x04154402
TREE2_FEATURE_VECTOR n=35 values:
0x63fb68:	18	27	13	1	1	3	2	2
0x63fb78:	2	0	1050	4098	0	0	1	0
0x63fb88:	6960	398	32	623	4304	416	1918	4098
0x63fb98:	6960	398	32	623	1	0	32	623
Temporary breakpoint 40 at 0x1000f683
TREE2_EVAL_RETURN n=35 output=979
TREE2_EVAL_ENTRY n=36 root=0x18fbaa0 features=0x63fb68 root_node=0x18fbaa0:	0x018fbab4	0x018fbca8	0x018e7838	0x000009d5
0x18fbab0:	0x00014406
TREE2_FEATURE_VECTOR n=36 values:
0x63fb68:	13	18	8	1	2	3	2	2
0x63fb78:	2	0	1050	4098	1	0	2	0
0x63fb88:	6960	398	32	623	4304	416	1918	4098
0x63fb98:	6960	398	32	623	1	0	32	623
Temporary breakpoint 41 at 0x1000f69c
TREE2_EVAL_RETURN n=36 output=2136
TREE2_EVAL_ENTRY n=37 root=0x18ebc20 features=0x63fb68 root_node=0x18ebc20:	0x018ebc34	0x018ec030	0x00baf7f0	0x00000760
0x18ebc30:	0x000c4402
TREE2_FEATURE_VECTOR n=37 values:
0x63fb68:	8	13	42	0	2	3	2	2
0x63fb78:	3	0	1050	4098	1	0	3	0
0x63fb88:	6960	398	32	623	4304	416	1918	4098
0x63fb98:	6960	398	32	623	1	0	32	623
Temporary breakpoint 42 at 0x1000f718
TREE2_EVAL_RETURN n=37 output=2354
TREE2_EVAL_ENTRY n=38 root=0x18fef50 features=0x63fb68 root_node=0x18fef50:	0x018fef64	0x01900f08	0x01901f98	0x0000041d
0x18fef60:	0x01174402
TREE2_FEATURE_VECTOR n=38 values:
0x63fb68:	27	42	18	0	1	3	2	1
0x63fb78:	1	0	1050	4098	0	0	0	0
0x63fb88:	6960	398	32	623	4304	416	1918	4098
0x63fb98:	6960	398	32	623	1	0	32	623
Temporary breakpoint 43 at 0x1000f6ec
TREE2_EVAL_RETURN n=38 output=2225
TREE2_EVAL_ENTRY n=39 root=0x18f3740 features=0x63fb68 root_node=0x18f3740:	0x018f3754	0x018f5450	0x018f60c8	0x0000070f
0x18f3750:	0x04154402
TREE2_FEATURE_VECTOR n=39 values:
0x63fb68:	18	27	42	1	1	3	2	1
0x63fb78:	2	0	1050	4098	0	0	1	0
0x63fb88:	6960	398	32	623	4304	416	1918	4098
0x63fb98:	6960	398	32	623	1	0	32	623
Temporary breakpoint 44 at 0x1000f683
TREE2_EVAL_RETURN n=39 output=2600
TREE2_EVAL_ENTRY n=40 root=0x18fbaa0 features=0x63fb68 root_node=0x18fbaa0:	0x018fbab4	0x018fbca8	0x018e7838	0x000009d5
0x18fbab0:	0x00014406
TREE2_FEATURE_VECTOR n=40 values:
0x63fb68:	13	42	13	1	0	3	2	2
0x63fb78:	2	0	1050	4098	0	0	0	0
0x63fb88:	6960	398	32	623	4304	416	1918	4098
0x63fb98:	6960	398	32	623	1	0	32	623
Temporary breakpoint 45 at 0x1000f69c
TREE2_EVAL_RETURN n=40 output=2697
TREE2_EVAL_ENTRY n=41 root=0x18fbaa0 features=0x63fb68 root_node=0x18fbaa0:	0x018fbab4	0x018fbca8	0x018e7838	0x000009d5
0x18fbab0:	0x00014406
TREE2_FEATURE_VECTOR n=41 values:
0x63fb68:	13	13	8	1	2	3	2	2
0x63fb78:	2	0	1050	4098	1	0	1	0
0x63fb88:	6960	398	32	623	4304	416	1918	4098
0x63fb98:	6960	398	32	623	1	0	32	623
Temporary breakpoint 46 at 0x1000f69c
TREE2_EVAL_RETURN n=41 output=3268
TREE2_EVAL_ENTRY n=42 root=0x18ebc20 features=0x63fb68 root_node=0x18ebc20:	0x018ebc34	0x018ec030	0x00baf7f0	0x00000760
0x18ebc30:	0x000c4402
TREE2_FEATURE_VECTOR n=42 values:
0x63fb68:	8	13	42	0	2	3	2	2
0x63fb78:	3	0	1050	4098	1	0	2	0
0x63fb88:	6960	398	32	623	4304	416	1918	4098
0x63fb98:	6960	398	32	623	1	0	32	623
Temporary breakpoint 47 at 0x1000f718
TREE2_EVAL_RETURN n=42 output=2354
TREE2_EVAL_ENTRY n=43 root=0x18fef50 features=0x63fb68 root_node=0x18fef50:	0x018fef64	0x01900f08	0x01901f98	0x0000041d
0x18fef60:	0x01174402
TREE2_FEATURE_VECTOR n=43 values:
0x63fb68:	27	42	18	0	1	3	2	5
0x63fb78:	1	0	1050	4098	0	0	0	0
0x63fb88:	6960	398	32	623	4304	416	1918	4098
0x63fb98:	6960	398	32	623	1	0	32	623
Temporary breakpoint 48 at 0x1000f6ec
TREE2_EVAL_RETURN n=43 output=1625
TREE2_EVAL_ENTRY n=44 root=0x18f3740 features=0x63fb68 root_node=0x18f3740:	0x018f3754	0x018f5450	0x018f60c8	0x0000070f
0x18f3750:	0x04154402
TREE2_FEATURE_VECTOR n=44 values:
0x63fb68:	18	27	1	1	1	3	2	5
0x63fb78:	2	0	1050	4098	0	0	1	0
0x63fb88:	6960	398	32	623	4304	416	1918	4098
0x63fb98:	6960	398	32	623	1	0	32	623
Temporary breakpoint 49 at 0x1000f683
TREE2_EVAL_RETURN n=44 output=2117
TREE2_EVAL_ENTRY n=45 root=0x18f3740 features=0x63fb68 root_node=0x18f3740:	0x018f3754	0x018f5450	0x018f60c8	0x0000070f
0x18f3750:	0x04154402
TREE2_FEATURE_VECTOR n=45 values:
0x63fb68:	1	18	28	1	2	3	2	5
0x63fb78:	2	0	1050	4098	1	0	2	0
0x63fb88:	6960	398	32	623	4304	416	1918	4098
0x63fb98:	6960	398	32	623	1	0	32	623
Temporary breakpoint 50 at 0x1000f683
TREE2_EVAL_RETURN n=45 output=614
TREE2_EVAL_ENTRY n=46 root=0x19077c8 features=0x63fb68 root_node=0x19077c8:	0x019077dc	0x01908a38	0x018e7eb0	0x000004ea
0x19077d8:	0x01154401
TREE2_FEATURE_VECTOR n=46 values:
0x63fb68:	28	1	25	0	2	3	2	5
0x63fb78:	3	0	1050	4098	1	0	3	0
0x63fb88:	6960	398	32	623	4304	416	1918	4098
0x63fb98:	6960	398	32	623	1	0	32	623
Temporary breakpoint 51 at 0x1000f744
TREE2_EVAL_RETURN n=46 output=1985
TREE2_EVAL_ENTRY n=47 root=0x18fbaa0 features=0x63fb68 root_node=0x18fbaa0:	0x018fbab4	0x018fbca8	0x018e7838	0x000009d5
0x18fbab0:	0x00014406
TREE2_FEATURE_VECTOR n=47 values:
0x63fb68:	25	28	7	1	0	3	2	5
0x63fb78:	2	0	1050	4098	2	0	4	0
0x63fb88:	6960	398	32	623	4304	416	1918	4098
0x63fb98:	6960	398	32	623	1	0	32	623
Temporary breakpoint 52 at 0x1000f69c
TREE2_EVAL_RETURN n=47 output=2247
TREE2_EVAL_ENTRY n=48 root=0x18fef50 features=0x63fb68 root_node=0x18fef50:	0x018fef64	0x01900f08	0x01901f98	0x0000041d
0x18fef60:	0x01174402
TREE2_FEATURE_VECTOR n=48 values:
0x63fb68:	7	25	18	0	1	3	2	5
0x63fb78:	1	0	1050	4098	3	0	5	0
0x63fb88:	6960	398	32	623	4304	416	1918	4098
0x63fb98:	6960	398	32	623	1	0	32	623
Temporary breakpoint 53 at 0x1000f6ec
TREE2_EVAL_RETURN n=48 output=915
TREE2_EVAL_ENTRY n=49 root=0x18f3740 features=0x63fb68 root_node=0x18f3740:	0x018f3754	0x018f5450	0x018f60c8	0x0000070f
0x18f3750:	0x04154402
TREE2_FEATURE_VECTOR n=49 values:
0x63fb68:	18	7	18	1	1	3	2	5
0x63fb78:	2	0	1050	4098	3	0	6	0
0x63fb88:	6960	398	32	623	4304	416	1918	4098
0x63fb98:	6960	398	32	623	1	0	32	623
Temporary breakpoint 54 at 0x1000f683
TREE2_EVAL_RETURN n=49 output=2049
TREE2_EVAL_ENTRY n=50 root=0x18f3740 features=0x63fb68 root_node=0x18f3740:	0x018f3754	0x018f5450	0x018f60c8	0x0000070f
0x18f3750:	0x04154402
TREE2_FEATURE_VECTOR n=50 values:
0x63fb68:	18	18	42	1	0	3	2	5
0x63fb78:	2	0	1050	4098	4	0	7	0
0x63fb88:	6960	398	32	623	4304	416	1918	4098
0x63fb98:	6960	398	32	623	1	0	32	623
Temporary breakpoint 55 at 0x1000f683
TREE2_EVAL_RETURN n=50 output=2434
TREE2_EVAL_ENTRY n=51 root=0x18fef50 features=0x63fb68 root_node=0x18fef50:	0x018fef64	0x01900f08	0x01901f98	0x0000041d
0x18fef60:	0x01174402
TREE2_FEATURE_VECTOR n=51 values:
0x63fb68:	27	42	18	0	1	3	2	7
0x63fb78:	1	0	1050	4098	0	0	0	0
0x63fb88:	6960	398	32	623	4304	416	1918	4098
0x63fb98:	6960	398	32	623	1	0	32	623
Temporary breakpoint 56 at 0x1000f6ec
TREE2_EVAL_RETURN n=51 output=606
TREE2_EVAL_ENTRY n=52 root=0x18f3740 features=0x63fb68 root_node=0x18f3740:	0x018f3754	0x018f5450	0x018f60c8	0x0000070f
0x18f3750:	0x04154402
TREE2_FEATURE_VECTOR n=52 values:
0x63fb68:	18	27	13	1	1	3	2	7
0x63fb78:	2	0	1050	4098	0	0	1	0
0x63fb88:	6960	398	32	623	4304	416	1918	4098
0x63fb98:	6960	398	32	623	1	0	32	623
Temporary breakpoint 57 at 0x1000f683
TREE2_EVAL_RETURN n=52 output=979
TREE2_EVAL_ENTRY n=53 root=0x18fbaa0 features=0x63fb68 root_node=0x18fbaa0:	0x018fbab4	0x018fbca8	0x018e7838	0x000009d5
0x18fbab0:	0x00014406
TREE2_FEATURE_VECTOR n=53 values:
0x63fb68:	13	18	8	1	2	3	2	7
0x63fb78:	2	0	1050	4098	1	0	2	0
0x63fb88:	6960	398	32	623	4304	416	1918	4098
0x63fb98:	6960	398	32	623	1	0	32	623
Temporary breakpoint 58 at 0x1000f69c
TREE2_EVAL_RETURN n=53 output=2136
TREE2_EVAL_ENTRY n=54 root=0x18ebc20 features=0x63fb68 root_node=0x18ebc20:	0x018ebc34	0x018ec030	0x00baf7f0	0x00000760
0x18ebc30:	0x000c4402
TREE2_FEATURE_VECTOR n=54 values:
0x63fb68:	8	13	25	0	2	3	2	7
0x63fb78:	3	0	1050	4098	1	0	3	0
0x63fb88:	6960	398	32	623	4304	416	1918	4098
0x63fb98:	6960	398	32	623	1	0	32	623
Temporary breakpoint 59 at 0x1000f718
TREE2_EVAL_RETURN n=54 output=2354
TREE2_EVAL_ENTRY n=55 root=0x18fbaa0 features=0x63fb68 root_node=0x18fbaa0:	0x018fbab4	0x018fbca8	0x018e7838	0x000009d5
0x18fbab0:	0x00014406
TREE2_FEATURE_VECTOR n=55 values:
0x63fb68:	25	8	11	1	0	3	2	7
0x63fb78:	2	0	1050	4098	2	0	4	0
0x63fb88:	6960	398	32	623	4304	416	1918	4098
0x63fb98:	6960	398	32	623	1	0	32	623
Temporary breakpoint 60 at 0x1000f69c
TREE2_EVAL_RETURN n=55 output=2715
TREE2_EVAL_ENTRY n=56 root=0x18f6c88 features=0x63fb68 root_node=0x18f6c88:	0x018f6c9c	0x018f8948	0x018e9228	0x00000473
0x18f6c98:	0x00024400
TREE2_FEATURE_VECTOR n=56 values:
0x63fb68:	11	25	23	1	2	3	2	7
0x63fb78:	2	0	1050	4098	3	0	5	0
0x63fb88:	6960	398	32	623	4304	416	1918	4098
0x63fb98:	6960	398	32	623	1	0	32	623
Temporary breakpoint 61 at 0x1000f66a
TREE2_EVAL_RETURN n=56 output=1528
TREE2_EVAL_ENTRY n=57 root=0x19041e8 features=0x63fb68 root_node=0x19041e8:	0x019041fc	0x01904af8	0x01906df0	0x000004f6
0x19041f8:	0x50094402
TREE2_FEATURE_VECTOR n=57 values:
0x63fb68:	23	11	18	0	2	3	2	7
0x63fb78:	3	0	1050	4098	3	0	6	0
0x63fb88:	6960	398	32	623	4304	416	1918	4098
0x63fb98:	6960	398	32	623	1	0	32	623
Temporary breakpoint 62 at 0x1000f72e
TREE2_EVAL_RETURN n=57 output=956
TREE2_EVAL_ENTRY n=58 root=0x18f3740 features=0x63fb68 root_node=0x18f3740:	0x018f3754	0x018f5450	0x018f60c8	0x0000070f
0x18f3750:	0x04154402
TREE2_FEATURE_VECTOR n=58 values:
0x63fb68:	18	23	11	1	0	3	2	7
0x63fb78:	2	0	1050	4098	4	0	7	0
0x63fb88:	6960	398	32	623	4304	416	1918	4098
0x63fb98:	6960	398	32	623	1	0	32	623
Temporary breakpoint 63 at 0x1000f683
TREE2_EVAL_RETURN n=58 output=2162
TREE2_EVAL_ENTRY n=59 root=0x18f6c88 features=0x63fb68 root_node=0x18f6c88:	0x018f6c9c	0x018f8948	0x018e9228	0x00000473
0x18f6c98:	0x00024400
TREE2_FEATURE_VECTOR n=59 values:
0x63fb68:	11	18	22	1	2	3	2	7
0x63fb78:	2	0	1050	4098	5	0	8	0
0x63fb88:	6960	398	32	623	4304	416	1918	4098
0x63fb98:	6960	398	32	623	1	0	32	623
Temporary breakpoint 64 at 0x1000f66a
TREE2_EVAL_RETURN n=59 output=1269
TREE2_EVAL_ENTRY n=60 root=0x19041e8 features=0x63fb68 root_node=0x19041e8:	0x019041fc	0x01904af8	0x01906df0	0x000004f6
0x19041f8:	0x50094402
TREE2_FEATURE_VECTOR n=60 values:
0x63fb68:	22	11	18	0	2	3	2	7
0x63fb78:	3	0	1050	4098	5	0	9	0
0x63fb88:	6960	398	32	623	4304	416	1918	4098
0x63fb98:	6960	398	32	623	1	0	32	623
Temporary breakpoint 65 at 0x1000f72e
TREE2_EVAL_RETURN n=60 output=1205
TREE2_EVAL_ENTRY n=61 root=0x18f3740 features=0x63fb68 root_node=0x18f3740:	0x018f3754	0x018f5450	0x018f60c8	0x0000070f
0x18f3750:	0x04154402
TREE2_FEATURE_VECTOR n=61 values:
0x63fb68:	18	22	40	1	0	3	3	7
0x63fb78:	2	0	1050	4098	6	0	10	0
0x63fb88:	6960	398	32	623	4304	416	1918	4098
0x63fb98:	6960	398	32	623	1	0	32	623
Temporary breakpoint 66 at 0x1000f683
TREE2_EVAL_RETURN n=61 output=3583
TREE2_EVAL_ENTRY n=62 root=0x18e61e0 features=0x63fb64 root_node=0x18e61e0:	0x018e61f4	0x018e6208	0x00440801	0x00010000
0x18e61f0:	0x0000430a
TREE2_FEATURE_VECTOR n=62 values:
0x63fb64:	1	18	1	3	1	3	0	3
0x63fb74:	1	1	7	0	1073	4098	6960	398
0x63fb84:	32	623	6960	398	32	623	4304	416
0x63fb94:	1918	4098	6960	398	32	623	1	0
Temporary breakpoint 67 at 0x1000fdf7
TREE2_EVAL_RETURN n=62 output=0
TREE2_VECTOR_ENTRY n=1 tree=0x18ec630 features=0x63fb64 output=0x2703138 root_node=0x18ec630:	0x018ec648	0x018eea60	0x018efaf0	0x018efad8
TREE2_VECTOR_FEATURES n=1 values:
0x63fb64:	1	18	1	3	1	3	0	3
0x63fb74:	1	1	7	0	1073	4098	6960	398
Temporary breakpoint 68 at 0x1000fe28
TREE2_VECTOR_RETURN n=1 values:
0x2703138:	86	85	83	81	79	76	73	71
0x2703148:	70	69	68	68	1744	623	1874	623
TREE2_EVAL_ENTRY n=63 root=0x18e61e0 features=0x63fb64 root_node=0x18e61e0:	0x018e61f4	0x018e6208	0x00440801	0x00010000
0x18e61f0:	0x0000430a
TREE2_FEATURE_VECTOR n=63 values:
0x63fb64:	0	13	1	1	1	3	3	3
0x63fb74:	2	2	7	0	1073	4098	6960	398
0x63fb84:	32	623	6960	398	32	623	4304	416
0x63fb94:	1918	4098	6960	398	32	623	1	0
Temporary breakpoint 69 at 0x1000fdf7
TREE2_EVAL_RETURN n=63 output=0
TREE2_VECTOR_ENTRY n=2 tree=0x18ec630 features=0x63fb64 output=0x2703160 root_node=0x18ec630:	0x018ec648	0x018eea60	0x018efaf0	0x018efad8
TREE2_VECTOR_FEATURES n=2 values:
0x63fb64:	0	13	1	1	1	3	3	3
0x63fb74:	2	2	7	0	1073	4098	6960	398
Temporary breakpoint 70 at 0x1000fe28
TREE2_VECTOR_RETURN n=2 values:
0x2703160:	90	91	92	92	93	93	93	93
0x2703170:	93	94	94	95	1746	623	1876	623
TREE2_EVAL_ENTRY n=64 root=0x18e61e0 features=0x63fb64 root_node=0x18e61e0:	0x018e61f4	0x018e6208	0x00440801	0x00010000
0x18e61f0:	0x0000430a
TREE2_FEATURE_VECTOR n=64 values:
0x63fb64:	0	25	1	1	1	3	3	3
0x63fb74:	2	0	7	0	1073	4098	6960	398
0x63fb84:	32	623	6960	398	32	623	4304	416
0x63fb94:	1918	4098	6960	398	32	623	1	0
Temporary breakpoint 71 at 0x1000fdf7
TREE2_EVAL_RETURN n=64 output=0
TREE2_VECTOR_ENTRY n=3 tree=0x18ec630 features=0x63fb64 output=0x2703188 root_node=0x18ec630:	0x018ec648	0x018eea60	0x018efaf0	0x018efad8
TREE2_VECTOR_FEATURES n=3 values:
0x63fb64:	0	25	1	1	1	3	3	3
0x63fb74:	2	0	7	0	1073	4098	6960	398
Temporary breakpoint 72 at 0x1000fe28
TREE2_VECTOR_RETURN n=3 values:
0x2703188:	78	79	80	81	81	82	83	83
0x2703198:	84	86	87	88	1748	623	1878	623
TREE2_EVAL_ENTRY n=65 root=0x18e61e0 features=0x63fb64 root_node=0x18e61e0:	0x018e61f4	0x018e6208	0x00440801	0x00010000
0x18e61f0:	0x0000430a
TREE2_FEATURE_VECTOR n=65 values:
0x63fb64:	0	11	1	1	1	3	3	3
0x63fb74:	2	2	7	0	1073	4098	6960	398
0x63fb84:	32	623	6960	398	32	623	4304	416
0x63fb94:	1918	4098	6960	398	32	623	1	0
Temporary breakpoint 73 at 0x1000fdf7
TREE2_EVAL_RETURN n=65 output=0
TREE2_VECTOR_ENTRY n=4 tree=0x18ec630 features=0x63fb64 output=0x27031b0 root_node=0x18ec630:	0x018ec648	0x018eea60	0x018efaf0	0x018efad8
TREE2_VECTOR_FEATURES n=4 values:
0x63fb64:	0	11	1	1	1	3	3	3
0x63fb74:	2	2	7	0	1073	4098	6960	398
Temporary breakpoint 74 at 0x1000fe28
TREE2_VECTOR_RETURN n=4 values:
0x27031b0:	90	91	92	92	93	93	93	93
0x27031c0:	93	94	94	95	1749	623	1879	623
TREE2_EVAL_ENTRY n=66 root=0x18e61e0 features=0x63fb64 root_node=0x18e61e0:	0x018e61f4	0x018e6208	0x00440801	0x00010000
0x18e61f0:	0x0000430a
TREE2_FEATURE_VECTOR n=66 values:
0x63fb64:	0	18	1	1	1	3	3	3
0x63fb74:	2	0	7	0	1073	4098	6960	398
0x63fb84:	32	623	6960	398	32	623	4304	416
0x63fb94:	1918	4098	6960	398	32	623	1	0
Temporary breakpoint 75 at 0x1000fdf7
TREE2_EVAL_RETURN n=66 output=0
TREE2_VECTOR_ENTRY n=5 tree=0x18ec630 features=0x63fb64 output=0x27031d8 root_node=0x18ec630:	0x018ec648	0x018eea60	0x018efaf0	0x018efad8
TREE2_VECTOR_FEATURES n=5 values:
0x63fb64:	0	18	1	1	1	3	3	3
0x63fb74:	2	0	7	0	1073	4098	6960	398
Temporary breakpoint 76 at 0x1000fe28
TREE2_VECTOR_RETURN n=5 values:
0x27031d8:	78	78	78	77	77	77	78	78
0x27031e8:	79	81	82	83	1751	623	1881	623
TREE2_EVAL_ENTRY n=67 root=0x18e61e0 features=0x63fb64 root_node=0x18e61e0:	0x018e61f4	0x018e6208	0x00440801	0x00010000
0x18e61f0:	0x0000430a
TREE2_FEATURE_VECTOR n=67 values:
0x63fb64:	0	11	1	1	1	3	3	3
0x63fb74:	2	2	7	0	1073	4098	6960	398
0x63fb84:	32	623	6960	398	32	623	4304	416
0x63fb94:	1918	4098	6960	398	32	623	1	0
Temporary breakpoint 77 at 0x1000fdf7
TREE2_EVAL_RETURN n=67 output=0
TREE2_VECTOR_ENTRY n=6 tree=0x18ec630 features=0x63fb64 output=0x2703200 root_node=0x18ec630:	0x018ec648	0x018eea60	0x018efaf0	0x018efad8
TREE2_VECTOR_FEATURES n=6 values:
0x63fb64:	0	11	1	1	1	3	3	3
0x63fb74:	2	2	7	0	1073	4098	6960	398
Temporary breakpoint 78 at 0x1000fe28
TREE2_VECTOR_RETURN n=6 values:
0x2703200:	90	91	92	92	93	93	93	93
0x2703210:	93	94	94	95	1752	623	1882	623
TREE2_EVAL_ENTRY n=68 root=0x18e61e0 features=0x63fb64 root_node=0x18e61e0:	0x018e61f4	0x018e6208	0x00440801	0x00010000
0x18e61f0:	0x0000430a
TREE2_FEATURE_VECTOR n=68 values:
0x63fb64:	0	18	1	1	3	3	3	4
0x63fb74:	2	0	7	0	1073	4098	6960	398
0x63fb84:	32	623	6960	398	32	623	4304	416
0x63fb94:	1918	4098	6960	398	32	623	1	0
Temporary breakpoint 79 at 0x1000fdf7
TREE2_EVAL_RETURN n=68 output=0
TREE2_VECTOR_ENTRY n=7 tree=0x18ec630 features=0x63fb64 output=0x2703228 root_node=0x18ec630:	0x018ec648	0x018eea60	0x018efaf0	0x018efad8
TREE2_VECTOR_FEATURES n=7 values:
0x63fb64:	0	18	1	1	3	3	3	4
0x63fb74:	2	0	7	0	1073	4098	6960	398
Temporary breakpoint 80 at 0x1000fe28
TREE2_VECTOR_RETURN n=7 values:
0x2703228:	78	78	78	77	77	77	78	78
0x2703238:	79	81	82	83	1754	623	1884	623
TREE2_EVAL_ENTRY n=69 root=0x18e61e0 features=0x63fb64 root_node=0x18e61e0:	0x018e61f4	0x018e6208	0x00440801	0x00010000
0x18e61f0:	0x0000430a
TREE2_FEATURE_VECTOR n=69 values:
0x63fb64:	0	13	1	3	1	3	0	3
0x63fb74:	2	0	8	0	1073	4098	6960	398
0x63fb84:	32	623	6960	398	32	623	4304	416
0x63fb94:	1918	4098	6960	398	32	623	1	0
Temporary breakpoint 81 at 0x1000fdf7
TREE2_EVAL_RETURN n=69 output=0
TREE2_VECTOR_ENTRY n=8 tree=0x18ec630 features=0x63fb64 output=0x2703250 root_node=0x18ec630:	0x018ec648	0x018eea60	0x018efaf0	0x018efad8
TREE2_VECTOR_FEATURES n=8 values:
0x63fb64:	0	13	1	3	1	3	0	3
0x63fb74:	2	0	8	0	1073	4098	6960	398
Temporary breakpoint 82 at 0x1000fe28
TREE2_VECTOR_RETURN n=8 values:
0x2703250:	79	80	80	81	82	84	85	87
0x2703260:	88	88	88	88	2508	623	2638	623
TREE2_EVAL_ENTRY n=70 root=0x18e61e0 features=0x63fb64 root_node=0x18e61e0:	0x018e61f4	0x018e6208	0x00440801	0x00010000
0x18e61f0:	0x0000430a
TREE2_FEATURE_VECTOR n=70 values:
0x63fb64:	0	11	1	1	1	3	3	3
0x63fb74:	2	2	8	0	1073	4098	6960	398
0x63fb84:	32	623	6960	398	32	623	4304	416
0x63fb94:	1918	4098	6960	398	32	623	1	0
Temporary breakpoint 83 at 0x1000fdf7
TREE2_EVAL_RETURN n=70 output=0
TREE2_VECTOR_ENTRY n=9 tree=0x18ec630 features=0x63fb64 output=0x2703278 root_node=0x18ec630:	0x018ec648	0x018eea60	0x018efaf0	0x018efad8
TREE2_VECTOR_FEATURES n=9 values:
0x63fb64:	0	11	1	1	1	3	3	3
0x63fb74:	2	2	8	0	1073	4098	6960	398
Temporary breakpoint 84 at 0x1000fe28
TREE2_VECTOR_RETURN n=9 values:
0x2703278:	90	91	92	92	93	93	93	93
0x2703288:	93	94	94	95	2509	623	2639	623
TREE2_EVAL_ENTRY n=71 root=0x18e61e0 features=0x63fb64 root_node=0x18e61e0:	0x018e61f4	0x018e6208	0x00440801	0x00010000
0x18e61f0:	0x0000430a
TREE2_FEATURE_VECTOR n=71 values:
0x63fb64:	1	18	1	1	1	3	3	3
0x63fb74:	2	1	8	0	1073	4098	6960	398
0x63fb84:	32	623	6960	398	32	623	4304	416
0x63fb94:	1918	4098	6960	398	32	623	1	0
Temporary breakpoint 85 at 0x1000fdf7
TREE2_EVAL_RETURN n=71 output=0
TREE2_VECTOR_ENTRY n=10 tree=0x18ec630 features=0x63fb64 output=0x27032a0 root_node=0x18ec630:	0x018ec648	0x018eea60	0x018efaf0	0x018efad8
TREE2_VECTOR_FEATURES n=10 values:
0x63fb64:	1	18	1	1	1	3	3	3
0x63fb74:	2	1	8	0	1073	4098	6960	398
Temporary breakpoint 86 at 0x1000fe28
TREE2_VECTOR_RETURN n=10 values:
0x27032a0:	78	78	78	77	77	77	78	78
0x27032b0:	79	81	82	83	2511	623	2641	623
TREE2_EVAL_ENTRY n=72 root=0x18e61e0 features=0x63fb64 root_node=0x18e61e0:	0x018e61f4	0x018e6208	0x00440801	0x00010000
0x18e61f0:	0x0000430a
TREE2_FEATURE_VECTOR n=72 values:
0x63fb64:	0	13	1	1	1	3	3	3
0x63fb74:	2	2	8	0	1073	4098	6960	398
0x63fb84:	32	623	6960	398	32	623	4304	416
0x63fb94:	1918	4098	6960	398	32	623	1	0
Temporary breakpoint 87 at 0x1000fdf7
TREE2_EVAL_RETURN n=72 output=0
TREE2_VECTOR_ENTRY n=11 tree=0x18ec630 features=0x63fb64 output=0x27032c8 root_node=0x18ec630:	0x018ec648	0x018eea60	0x018efaf0	0x018efad8
TREE2_VECTOR_FEATURES n=11 values:
0x63fb64:	0	13	1	1	1	3	3	3
0x63fb74:	2	2	8	0	1073	4098	6960	398
Temporary breakpoint 88 at 0x1000fe28
TREE2_VECTOR_RETURN n=11 values:
0x27032c8:	90	91	92	92	93	93	93	93
0x27032d8:	93	94	94	95	2513	623	2643	623
TREE2_EVAL_ENTRY n=73 root=0x18e61e0 features=0x63fb64 root_node=0x18e61e0:	0x018e61f4	0x018e6208	0x00440801	0x00010000
0x18e61f0:	0x0000430a
TREE2_FEATURE_VECTOR n=73 values:
0x63fb64:	0	13	1	1	1	3	3	3
0x63fb74:	2	0	8	0	1073	4098	6960	398
0x63fb84:	32	623	6960	398	32	623	4304	416
0x63fb94:	1918	4098	6960	398	32	623	1	0
Temporary breakpoint 89 at 0x1000fdf7
TREE2_EVAL_RETURN n=73 output=0
TREE2_VECTOR_ENTRY n=12 tree=0x18ec630 features=0x63fb64 output=0x27032f0 root_node=0x18ec630:	0x018ec648	0x018eea60	0x018efaf0	0x018efad8
TREE2_VECTOR_FEATURES n=12 values:
0x63fb64:	0	13	1	1	1	3	3	3
0x63fb74:	2	0	8	0	1073	4098	6960	398
Temporary breakpoint 90 at 0x1000fe28
TREE2_VECTOR_RETURN n=12 values:
0x27032f0:	79	80	80	81	82	84	85	87
0x2703300:	88	88	88	88	2515	623	2645	623
TREE2_EVAL_ENTRY n=74 root=0x18e61e0 features=0x63fb64 root_node=0x18e61e0:	0x018e61f4	0x018e6208	0x00440801	0x00010000
0x18e61f0:	0x0000430a
TREE2_FEATURE_VECTOR n=74 values:
0x63fb64:	1	18	1	1	1	3	3	3
0x63fb74:	2	1	8	0	1073	4098	6960	398
0x63fb84:	32	623	6960	398	32	623	4304	416
0x63fb94:	1918	4098	6960	398	32	623	1	0
Temporary breakpoint 91 at 0x1000fdf7
TREE2_EVAL_RETURN n=74 output=0
TREE2_VECTOR_ENTRY n=13 tree=0x18ec630 features=0x63fb64 output=0x2703318 root_node=0x18ec630:	0x018ec648	0x018eea60	0x018efaf0	0x018efad8
TREE2_VECTOR_FEATURES n=13 values:
0x63fb64:	1	18	1	1	1	3	3	3
0x63fb74:	2	1	8	0	1073	4098	6960	398
Temporary breakpoint 92 at 0x1000fe28
TREE2_VECTOR_RETURN n=13 values:
0x2703318:	78	78	78	77	77	77	78	78
0x2703328:	79	81	82	83	2516	623	2646	623
TREE2_EVAL_ENTRY n=75 root=0x18e61e0 features=0x63fb64 root_node=0x18e61e0:	0x018e61f4	0x018e6208	0x00440801	0x00010000
0x18e61f0:	0x0000430a
TREE2_FEATURE_VECTOR n=75 values:
0x63fb64:	0	18	1	1	1	3	3	3
0x63fb74:	2	0	8	0	1073	4098	6960	398
0x63fb84:	32	623	6960	398	32	623	4304	416
0x63fb94:	1918	4098	6960	398	32	623	1	0
Temporary breakpoint 93 at 0x1000fdf7
TREE2_EVAL_RETURN n=75 output=0
TREE2_VECTOR_ENTRY n=14 tree=0x18ec630 features=0x63fb64 output=0x2703340 root_node=0x18ec630:	0x018ec648	0x018eea60	0x018efaf0	0x018efad8
TREE2_VECTOR_FEATURES n=14 values:
0x63fb64:	0	18	1	1	1	3	3	3
0x63fb74:	2	0	8	0	1073	4098	6960	398
Temporary breakpoint 94 at 0x1000fe28
TREE2_VECTOR_RETURN n=14 values:
0x2703340:	78	78	78	77	77	77	78	78
0x2703350:	79	81	82	83	2518	623	2648	623
TREE2_EVAL_ENTRY n=76 root=0x18e61e0 features=0x63fb64 root_node=0x18e61e0:	0x018e61f4	0x018e6208	0x00440801	0x00010000
0x18e61f0:	0x0000430a
TREE2_FEATURE_VECTOR n=76 values:
0x63fb64:	1	18	1	1	3	3	3	4
0x63fb74:	2	1	8	0	1073	4098	6960	398
0x63fb84:	32	623	6960	398	32	623	4304	416
0x63fb94:	1918	4098	6960	398	32	623	1	0
Temporary breakpoint 95 at 0x1000fdf7
TREE2_EVAL_RETURN n=76 output=0
TREE2_VECTOR_ENTRY n=15 tree=0x18ec630 features=0x63fb64 output=0x2703368 root_node=0x18ec630:	0x018ec648	0x018eea60	0x018efaf0	0x018efad8
TREE2_VECTOR_FEATURES n=15 values:
0x63fb64:	1	18	1	1	3	3	3	4
0x63fb74:	2	1	8	0	1073	4098	6960	398
Temporary breakpoint 96 at 0x1000fe28
TREE2_VECTOR_RETURN n=15 values:
0x2703368:	78	78	78	77	77	77	78	78
0x2703378:	79	81	82	83	2519	623	2649	623
TREE2_EVAL_ENTRY n=77 root=0x18e61e0 features=0x63fb64 root_node=0x18e61e0:	0x018e61f4	0x018e6208	0x00440801	0x00010000
0x18e61f0:	0x0000430a
TREE2_FEATURE_VECTOR n=77 values:
0x63fb64:	0	11	1	3	1	3	0	3
0x63fb74:	2	2	4	0	1073	4098	6960	398
0x63fb84:	32	623	6960	398	32	623	4304	416
0x63fb94:	1918	4098	6960	398	32	623	1	0
Temporary breakpoint 97 at 0x1000fdf7
TREE2_EVAL_RETURN n=77 output=0
TREE2_VECTOR_ENTRY n=16 tree=0x18ec630 features=0x63fb64 output=0x2703390 root_node=0x18ec630:	0x018ec648	0x018eea60	0x018efaf0	0x018efad8
TREE2_VECTOR_FEATURES n=16 values:
0x63fb64:	0	11	1	3	1	3	0	3
0x63fb74:	2	2	4	0	1073	4098	6960	398
Temporary breakpoint 98 at 0x1000fe28
TREE2_VECTOR_RETURN n=16 values:
0x2703390:	90	91	92	92	93	93	93	93
0x27033a0:	93	94	94	95	3272	623	3402	623
TREE2_EVAL_ENTRY n=78 root=0x18e61e0 features=0x63fb64 root_node=0x18e61e0:	0x018e61f4	0x018e6208	0x00440801	0x00010000
0x18e61f0:	0x0000430a
TREE2_FEATURE_VECTOR n=78 values:
0x63fb64:	2	18	1	1	1	3	3	3
0x63fb74:	2	1	4	0	1073	4098	6960	398
0x63fb84:	32	623	6960	398	32	623	4304	416
0x63fb94:	1918	4098	6960	398	32	623	1	0
Temporary breakpoint 99 at 0x1000fdf7
TREE2_EVAL_RETURN n=78 output=0
TREE2_VECTOR_ENTRY n=17 tree=0x18ec630 features=0x63fb64 output=0x27033b8 root_node=0x18ec630:	0x018ec648	0x018eea60	0x018efaf0	0x018efad8
TREE2_VECTOR_FEATURES n=17 values:
0x63fb64:	2	18	1	1	1	3	3	3
0x63fb74:	2	1	4	0	1073	4098	6960	398
Temporary breakpoint 100 at 0x1000fe28
TREE2_VECTOR_RETURN n=17 values:
0x27033b8:	78	78	78	77	77	77	78	78
0x27033c8:	79	81	82	83	3275	623	3405	623
TREE2_EVAL_ENTRY n=79 root=0x18e61e0 features=0x63fb64 root_node=0x18e61e0:	0x018e61f4	0x018e6208	0x00440801	0x00010000
0x18e61f0:	0x0000430a
TREE2_FEATURE_VECTOR n=79 values:
0x63fb64:	0	11	1	1	1	3	3	3
0x63fb74:	2	2	4	0	1073	4098	6960	398
0x63fb84:	32	623	6960	398	32	623	4304	416
0x63fb94:	1918	4098	6960	398	32	623	1	0
Temporary breakpoint 101 at 0x1000fdf7
TREE2_EVAL_RETURN n=79 output=0
TREE2_VECTOR_ENTRY n=18 tree=0x18ec630 features=0x63fb64 output=0x27033e0 root_node=0x18ec630:	0x018ec648	0x018eea60	0x018efaf0	0x018efad8
TREE2_VECTOR_FEATURES n=18 values:
0x63fb64:	0	11	1	1	1	3	3	3
0x63fb74:	2	2	4	0	1073	4098	6960	398
Temporary breakpoint 102 at 0x1000fe28
TREE2_VECTOR_RETURN n=18 values:
0x27033e0:	90	91	92	92	93	93	93	93
0x27033f0:	93	94	94	95	3277	623	3407	623
TREE2_EVAL_ENTRY n=80 root=0x18e61e0 features=0x63fb64 root_node=0x18e61e0:	0x018e61f4	0x018e6208	0x00440801	0x00010000
0x18e61f0:	0x0000430a
TREE2_FEATURE_VECTOR n=80 values:
0x63fb64:	6	34	1	1	3	3	3	4
0x63fb74:	2	1	4	0	1073	4098	6960	398
0x63fb84:	32	623	6960	398	32	623	4304	416
0x63fb94:	1918	4098	6960	398	32	623	1	0
Temporary breakpoint 103 at 0x1000fdf7
TREE2_EVAL_RETURN n=80 output=0
TREE2_VECTOR_ENTRY n=19 tree=0x18ec630 features=0x63fb64 output=0x2703408 root_node=0x18ec630:	0x018ec648	0x018eea60	0x018efaf0	0x018efad8
TREE2_VECTOR_FEATURES n=19 values:
0x63fb64:	6	34	1	1	3	3	3	4
0x63fb74:	2	1	4	0	1073	4098	6960	398
Temporary breakpoint 104 at 0x1000fe28
TREE2_VECTOR_RETURN n=19 values:
0x2703408:	69	70	71	71	72	72	73	73
0x2703418:	74	75	77	80	3279	623	3409	623
TREE2_EVAL_ENTRY n=81 root=0x18e61e0 features=0x63fb64 root_node=0x18e61e0:	0x018e61f4	0x018e6208	0x00440801	0x00010000
0x18e61f0:	0x0000430a
TREE2_FEATURE_VECTOR n=81 values:
0x63fb64:	1	18	1	3	1	3	0	3
0x63fb74:	2	1	2	0	1073	4098	6960	398
0x63fb84:	32	623	6960	398	32	623	4304	416
0x63fb94:	1918	4098	6960	398	32	623	1	0
Temporary breakpoint 105 at 0x1000fdf7
TREE2_EVAL_RETURN n=81 output=1
TREE2_VECTOR_ENTRY n=20 tree=0x18ec630 features=0x63fb64 output=0x2703430 root_node=0x18ec630:	0x018ec648	0x018eea60	0x018efaf0	0x018efad8
TREE2_VECTOR_FEATURES n=20 values:
0x63fb64:	1	18	1	3	1	3	0	3
0x63fb74:	2	1	2	1	1073	4098	6960	398
Temporary breakpoint 106 at 0x1000fe28
TREE2_VECTOR_RETURN n=20 values:
0x2703430:	77	76	75	74	72	71	70	69
0x2703440:	69	70	71	73	4036	623	4166	623
TREE2_EVAL_ENTRY n=82 root=0x18e61e0 features=0x63fb64 root_node=0x18e61e0:	0x018e61f4	0x018e6208	0x00440801	0x00010000
0x18e61f0:	0x0000430a
TREE2_FEATURE_VECTOR n=82 values:
0x63fb64:	0	13	1	1	3	3	3	4
0x63fb74:	2	2	2	1	1073	4098	6960	398
0x63fb84:	32	623	6960	398	32	623	4304	416
0x63fb94:	1918	4098	6960	398	32	623	1	0
Temporary breakpoint 107 at 0x1000fdf7
TREE2_EVAL_RETURN n=82 output=0
TREE2_VECTOR_ENTRY n=21 tree=0x18ec630 features=0x63fb64 output=0x2703458 root_node=0x18ec630:	0x018ec648	0x018eea60	0x018efaf0	0x018efad8
TREE2_VECTOR_FEATURES n=21 values:
0x63fb64:	0	13	1	1	3	3	3	4
0x63fb74:	2	2	2	0	1073	4098	6960	398
Temporary breakpoint 108 at 0x1000fe28
TREE2_VECTOR_RETURN n=21 values:
0x2703458:	73	74	76	76	77	78	79	80
0x2703468:	81	82	83	84	4038	623	4168	623
TREE2_EVAL_ENTRY n=83 root=0x18e61e0 features=0x63fb64 root_node=0x18e61e0:	0x018e61f4	0x018e6208	0x00440801	0x00010000
0x18e61f0:	0x0000430a
TREE2_FEATURE_VECTOR n=83 values:
0x63fb64:	1	18	1	3	3	3	0	4
0x63fb74:	2	1	1	0	1073	4098	6960	398
0x63fb84:	32	623	6960	398	32	623	4304	416
0x63fb94:	1918	4098	6960	398	32	623	1	0
Temporary breakpoint 109 at 0x1000fdf7
TREE2_EVAL_RETURN n=83 output=0
TREE2_VECTOR_ENTRY n=22 tree=0x18ec630 features=0x63fb64 output=0x2703480 root_node=0x18ec630:	0x018ec648	0x018eea60	0x018efaf0	0x018efad8
TREE2_VECTOR_FEATURES n=22 values:
0x63fb64:	1	18	1	3	3	3	0	4
0x63fb74:	2	1	1	0	1073	4098	6960	398
Temporary breakpoint 110 at 0x1000fe28
TREE2_VECTOR_RETURN n=22 values:
0x2703480:	78	76	74	73	71	70	69	69
0x2703490:	70	71	72	75	4800	623	4930	623
TREE2_EVAL_ENTRY n=84 root=0x18e61e0 features=0x63fb64 root_node=0x18e61e0:	0x018e61f4	0x018e6208	0x00440801	0x00010000
0x18e61f0:	0x0000430a
TREE2_FEATURE_VECTOR n=84 values:
0x63fb64:	0	13	1	3	1	3	0	3
0x63fb74:	2	0	2	0	1073	4098	6960	398
0x63fb84:	32	623	6960	398	32	623	4304	416
0x63fb94:	1918	4098	6960	398	32	623	1	0
Temporary breakpoint 111 at 0x1000fdf7
TREE2_EVAL_RETURN n=84 output=0
TREE2_VECTOR_ENTRY n=23 tree=0x18ec630 features=0x63fb64 output=0x27034a8 root_node=0x18ec630:	0x018ec648	0x018eea60	0x018efaf0	0x018efad8
TREE2_VECTOR_FEATURES n=23 values:
0x63fb64:	0	13	1	3	1	3	0	3
0x63fb74:	2	0	2	0	1073	4098	6960	398
Temporary breakpoint 112 at 0x1000fe28
TREE2_VECTOR_RETURN n=23 values:
0x27034a8:	73	74	76	76	77	78	79	80
0x27034b8:	81	82	83	84	5564	623	5694	623
TREE2_EVAL_ENTRY n=85 root=0x18e61e0 features=0x63fb64 root_node=0x18e61e0:	0x018e61f4	0x018e6208	0x00440801	0x00010000
0x18e61f0:	0x0000430a
TREE2_FEATURE_VECTOR n=85 values:
0x63fb64:	0	13	1	1	3	3	3	4
0x63fb74:	2	2	2	0	1073	4098	6960	398
0x63fb84:	32	623	6960	398	32	623	4304	416
0x63fb94:	1918	4098	6960	398	32	623	1	0
Temporary breakpoint 113 at 0x1000fdf7
TREE2_EVAL_RETURN n=85 output=0
TREE2_VECTOR_ENTRY n=24 tree=0x18ec630 features=0x63fb64 output=0x27034d0 root_node=0x18ec630:	0x018ec648	0x018eea60	0x018efaf0	0x018efad8
TREE2_VECTOR_FEATURES n=24 values:
0x63fb64:	0	13	1	1	3	3	3	4
0x63fb74:	2	2	2	0	1073	4098	6960	398
Temporary breakpoint 114 at 0x1000fe28
TREE2_VECTOR_RETURN n=24 values:
0x27034d0:	73	74	76	76	77	78	79	80
0x27034e0:	81	82	83	84	5565	623	5695	623
TREE2_EVAL_ENTRY n=86 root=0x18e61e0 features=0x63fb64 root_node=0x18e61e0:	0x018e61f4	0x018e6208	0x00440801	0x00010000
0x18e61f0:	0x0000430a
TREE2_FEATURE_VECTOR n=86 values:
0x63fb64:	1	18	1	3	1	3	0	3
0x63fb74:	2	1	5	0	1073	4098	6960	398
0x63fb84:	32	623	6960	398	32	623	4304	416
0x63fb94:	1918	4098	6960	398	32	623	1	0
Temporary breakpoint 115 at 0x1000fdf7
TREE2_EVAL_RETURN n=86 output=0
TREE2_VECTOR_ENTRY n=25 tree=0x18ec630 features=0x63fb64 output=0x27034f8 root_node=0x18ec630:	0x018ec648	0x018eea60	0x018efaf0	0x018efad8
TREE2_VECTOR_FEATURES n=25 values:
0x63fb64:	1	18	1	3	1	3	0	3
0x63fb74:	2	1	5	0	1073	4098	6960	398
Temporary breakpoint 116 at 0x1000fe28
TREE2_VECTOR_RETURN n=25 values:
0x27034f8:	86	85	84	82	80	78	76	75
0x2703508:	75	74	75	75	7092	623	7222	623
TREE2_EVAL_ENTRY n=87 root=0x18e61e0 features=0x63fb64 root_node=0x18e61e0:	0x018e61f4	0x018e6208	0x00440801	0x00010000
0x18e61f0:	0x0000430a
TREE2_FEATURE_VECTOR n=87 values:
0x63fb64:	0	1	1	1	1	3	3	3
0x63fb74:	2	2	5	0	1073	4098	6960	398
0x63fb84:	32	623	6960	398	32	623	4304	416
0x63fb94:	1918	4098	6960	398	32	623	1	0
Temporary breakpoint 117 at 0x1000fdf7
TREE2_EVAL_RETURN n=87 output=0
TREE2_VECTOR_ENTRY n=26 tree=0x18ec630 features=0x63fb64 output=0x2703520 root_node=0x18ec630:	0x018ec648	0x018eea60	0x018efaf0	0x018efad8
TREE2_VECTOR_FEATURES n=26 values:
0x63fb64:	0	1	1	1	1	3	3	3
0x63fb74:	2	2	5	0	1073	4098	6960	398
Temporary breakpoint 118 at 0x1000fe28
TREE2_VECTOR_RETURN n=26 values:
0x2703520:	90	91	92	92	93	93	93	93
0x2703530:	93	94	94	95	7094	623	7224	623
TREE2_EVAL_ENTRY n=88 root=0x18e61e0 features=0x63fb64 root_node=0x18e61e0:	0x018e61f4	0x018e6208	0x00440801	0x00010000
0x18e61f0:	0x0000430a
TREE2_FEATURE_VECTOR n=88 values:
0x63fb64:	0	25	1	1	1	3	3	3
0x63fb74:	2	0	5	0	1073	4098	6960	398
0x63fb84:	32	623	6960	398	32	623	4304	416
0x63fb94:	1918	4098	6960	398	32	623	1	0
Temporary breakpoint 119 at 0x1000fdf7
TREE2_EVAL_RETURN n=88 output=0
TREE2_VECTOR_ENTRY n=27 tree=0x18ec630 features=0x63fb64 output=0x2703548 root_node=0x18ec630:	0x018ec648	0x018eea60	0x018efaf0	0x018efad8
TREE2_VECTOR_FEATURES n=27 values:
0x63fb64:	0	25	1	1	1	3	3	3
0x63fb74:	2	0	5	0	1073	4098	6960	398
Temporary breakpoint 120 at 0x1000fe28
TREE2_VECTOR_RETURN n=27 values:
0x2703548:	78	79	80	81	81	82	83	83
0x2703558:	84	86	87	88	7096	623	7226	623
TREE2_EVAL_ENTRY n=89 root=0x18e61e0 features=0x63fb64 root_node=0x18e61e0:	0x018e61f4	0x018e6208	0x00440801	0x00010000
0x18e61f0:	0x0000430a
TREE2_FEATURE_VECTOR n=89 values:
0x63fb64:	1	18	1	1	1	3	3	3
0x63fb74:	2	1	5	0	1073	4098	6960	398
0x63fb84:	32	623	6960	398	32	623	4304	416
0x63fb94:	1918	4098	6960	398	32	623	1	0
Temporary breakpoint 121 at 0x1000fdf7
TREE2_EVAL_RETURN n=89 output=0
TREE2_VECTOR_ENTRY n=28 tree=0x18ec630 features=0x63fb64 output=0x2703570 root_node=0x18ec630:	0x018ec648	0x018eea60	0x018efaf0	0x018efad8
TREE2_VECTOR_FEATURES n=28 values:
0x63fb64:	1	18	1	1	1	3	3	3
0x63fb74:	2	1	5	0	1073	4098	6960	398
Temporary breakpoint 122 at 0x1000fe28
TREE2_VECTOR_RETURN n=28 values:
0x2703570:	78	78	78	77	77	77	78	78
0x2703580:	79	81	82	83	7097	623	7227	623
TREE2_EVAL_ENTRY n=90 root=0x18e61e0 features=0x63fb64 root_node=0x18e61e0:	0x018e61f4	0x018e6208	0x00440801	0x00010000
0x18e61f0:	0x0000430a
TREE2_FEATURE_VECTOR n=90 values:
0x63fb64:	0	18	1	1	3	3	3	4
0x63fb74:	2	0	5	0	1073	4098	6960	398
0x63fb84:	32	623	6960	398	32	623	4304	416
0x63fb94:	1918	4098	6960	398	32	623	1	0
Temporary breakpoint 123 at 0x1000fdf7
TREE2_EVAL_RETURN n=90 output=0
TREE2_VECTOR_ENTRY n=29 tree=0x18ec630 features=0x63fb64 output=0x2703598 root_node=0x18ec630:	0x018ec648	0x018eea60	0x018efaf0	0x018efad8
TREE2_VECTOR_FEATURES n=29 values:
0x63fb64:	0	18	1	1	3	3	3	4
0x63fb74:	2	0	5	0	1073	4098	6960	398
Temporary breakpoint 124 at 0x1000fe28
TREE2_VECTOR_RETURN n=29 values:
0x2703598:	78	78	78	77	77	77	78	78
0x27035a8:	79	81	82	83	7099	623	7229	623
TREE2_EVAL_ENTRY n=91 root=0x18e61e0 features=0x63fb64 root_node=0x18e61e0:	0x018e61f4	0x018e6208	0x00440801	0x00010000
0x18e61f0:	0x0000430a
TREE2_FEATURE_VECTOR n=91 values:
0x63fb64:	1	18	1	3	1	3	0	3
0x63fb74:	2	1	7	0	1073	4098	6960	398
0x63fb84:	32	623	6960	398	32	623	4304	416
0x63fb94:	1918	4098	6960	398	32	623	1	0
Temporary breakpoint 125 at 0x1000fdf7
TREE2_EVAL_RETURN n=91 output=0
TREE2_VECTOR_ENTRY n=30 tree=0x18ec630 features=0x63fb64 output=0x27035c0 root_node=0x18ec630:	0x018ec648	0x018eea60	0x018efaf0	0x018efad8
TREE2_VECTOR_FEATURES n=30 values:
0x63fb64:	1	18	1	3	1	3	0	3
0x63fb74:	2	1	7	0	1073	4098	6960	398
Temporary breakpoint 126 at 0x1000fe28
TREE2_VECTOR_RETURN n=30 values:
0x27035c0:	86	85	84	82	80	78	76	75
0x27035d0:	75	74	75	75	7856	623	7986	623
TREE2_EVAL_ENTRY n=92 root=0x18e61e0 features=0x63fb64 root_node=0x18e61e0:	0x018e61f4	0x018e6208	0x00440801	0x00010000
0x18e61f0:	0x0000430a
TREE2_FEATURE_VECTOR n=92 values:
0x63fb64:	0	13	1	1	1	3	3	3
0x63fb74:	2	2	7	0	1073	4098	6960	398
0x63fb84:	32	623	6960	398	32	623	4304	416
0x63fb94:	1918	4098	6960	398	32	623	1	0
Temporary breakpoint 127 at 0x1000fdf7
TREE2_EVAL_RETURN n=92 output=0
TREE2_VECTOR_ENTRY n=31 tree=0x18ec630 features=0x63fb64 output=0x27035e8 root_node=0x18ec630:	0x018ec648	0x018eea60	0x018efaf0	0x018efad8
TREE2_VECTOR_FEATURES n=31 values:
0x63fb64:	0	13	1	1	1	3	3	3
0x63fb74:	2	2	7	0	1073	4098	6960	398
Temporary breakpoint 128 at 0x1000fe28
TREE2_VECTOR_RETURN n=31 values:
0x27035e8:	90	91	92	92	93	93	93	93
0x27035f8:	93	94	94	95	7858	623	7988	623
TREE2_EVAL_ENTRY n=93 root=0x18e61e0 features=0x63fb64 root_node=0x18e61e0:	0x018e61f4	0x018e6208	0x00440801	0x00010000
0x18e61f0:	0x0000430a
TREE2_FEATURE_VECTOR n=93 values:
0x63fb64:	0	25	1	1	1	3	3	3
0x63fb74:	2	0	7	0	1073	4098	6960	398
0x63fb84:	32	623	6960	398	32	623	4304	416
0x63fb94:	1918	4098	6960	398	32	623	1	0
Temporary breakpoint 129 at 0x1000fdf7
TREE2_EVAL_RETURN n=93 output=0
TREE2_VECTOR_ENTRY n=32 tree=0x18ec630 features=0x63fb64 output=0x2703610 root_node=0x18ec630:	0x018ec648	0x018eea60	0x018efaf0	0x018efad8
TREE2_VECTOR_FEATURES n=32 values:
0x63fb64:	0	25	1	1	1	3	3	3
0x63fb74:	2	0	7	0	1073	4098	6960	398
Temporary breakpoint 130 at 0x1000fe28
TREE2_VECTOR_RETURN n=32 values:
0x2703610:	78	79	80	81	81	82	83	83
0x2703620:	84	86	87	88	7860	623	7990	623
TREE2_EVAL_ENTRY n=94 root=0x18e61e0 features=0x63fb64 root_node=0x18e61e0:	0x018e61f4	0x018e6208	0x00440801	0x00010000
0x18e61f0:	0x0000430a
TREE2_FEATURE_VECTOR n=94 values:
0x63fb64:	0	11	1	1	1	3	3	3
0x63fb74:	2	2	7	0	1073	4098	6960	398
0x63fb84:	32	623	6960	398	32	623	4304	416
0x63fb94:	1918	4098	6960	398	32	623	1	0
Temporary breakpoint 131 at 0x1000fdf7
TREE2_EVAL_RETURN n=94 output=0
TREE2_EVAL_ENTRY n=95 root=0x18e61e0 features=0x63fb64 root_node=0x18e61e0:	0x018e61f4	0x018e6208	0x00440801	0x00010000
0x18e61f0:	0x0000430a
TREE2_FEATURE_VECTOR n=95 values:
0x63fb64:	0	18	1	1	1	3	3	3
0x63fb74:	2	0	7	0	1073	4098	6960	398
0x63fb84:	32	623	6960	398	32	623	4304	416
0x63fb94:	1918	4098	6960	398	32	623	1	0
Temporary breakpoint 132 at 0x1000fdf7
TREE2_EVAL_RETURN n=95 output=0
TREE2_EVAL_ENTRY n=96 root=0x18e61e0 features=0x63fb64 root_node=0x18e61e0:	0x018e61f4	0x018e6208	0x00440801	0x00010000
0x18e61f0:	0x0000430a
TREE2_FEATURE_VECTOR n=96 values:
0x63fb64:	0	11	1	1	1	3	3	3
0x63fb74:	2	2	7	0	1073	4098	6960	398
0x63fb84:	32	623	6960	398	32	623	4304	416
0x63fb94:	1918	4098	6960	398	32	623	1	0
Temporary breakpoint 133 at 0x1000fdf7
TREE2_EVAL_RETURN n=96 output=0
TREE2_EVAL_ENTRY n=97 root=0xbaf9c0 features=0x63fb64 root_node=0xbaf9c0:	0x00baf9d4	0x00baf9e8	0x00baf010	0x00000000
0xbaf9d0:	0x00024402
TREE2_FEATURE_VECTOR n=97 values:
0x63fb64:	0	18	1	1	3	3	3	4
0x63fb74:	3	0	7	0	1073	4098	6960	398
0x63fb84:	32	623	6960	398	32	623	4304	416
0x63fb94:	1918	4098	6960	398	32	623	1	0
Temporary breakpoint 134 at 0x1000fdf7
TREE2_EVAL_RETURN n=97 output=0
OLD_TEXT_PARSE_ENTRY n=2 source=0xbe8065:	"\n"
Temporary breakpoint 135 at 0x1001c1b4
OLD_TEXT_PARSE_RETURN n=2 status=0 consumed=1 records=0
OLD_TEXT_PARSE_ENTRY n=3 source=0xbe8066:	""
Temporary breakpoint 136 at 0x1001c1b4
OLD_TEXT_PARSE_RETURN n=3 status=0 consumed=0 records=0
OLD_TEXT_PARSE_ENTRY n=4 source=0xbe8066:	""
Temporary breakpoint 137 at 0x1001c1b4
OLD_TEXT_PARSE_RETURN n=4 status=0 consumed=0 records=0
OLD_TEXT_PARSE_ENTRY n=5 source=0xbe0030:	"<phoneme alphabet=\"x-cmu\" ph=\"P AH0\">probe</phoneme>.\n"
Temporary breakpoint 138 at 0x1001c1b4
OLD_TEXT_PARSE_RETURN n=5 status=1 consumed=53 records=9
OLD_TEXT_RECORD n=5 i=0 span=1..8
OLD_TEXT_RECORD n=5 i=1 span=9..17
OLD_TEXT_RECORD n=5 i=2 span=19..24
OLD_TEXT_RECORD n=5 i=3 span=26..28
OLD_TEXT_RECORD n=5 i=4 span=30..31
OLD_TEXT_RECORD n=5 i=5 span=32..34
OLD_TEXT_RECORD n=5 i=6 span=34..36
OLD_TEXT_RECORD n=5 i=7 span=37..42
OLD_TEXT_RECORD n=5 i=8 span=44..52
TREE2_EVAL_ENTRY n=98 root=0x18fef50 features=0x63fb68 root_node=0x18fef50:	0x018fef64	0x01900f08	0x01901f98	0x0000041d
0x18fef60:	0x01174402
TREE2_FEATURE_VECTOR n=98 values:
0x63fb68:	27	40	18	0	1	3	1	7
0x63fb78:	1	0	1050	4098	0	0	0	0
0x63fb88:	6960	398	32	623	-3568	416	1918	4098
0x63fb98:	6960	398	32	623	1	0	32	623
Temporary breakpoint 139 at 0x1000f6ec
TREE2_EVAL_RETURN n=98 output=1259
TREE2_EVAL_ENTRY n=99 root=0x18f3740 features=0x63fb68 root_node=0x18f3740:	0x018f3754	0x018f5450	0x018f60c8	0x0000070f
0x18f3750:	0x04154402
TREE2_FEATURE_VECTOR n=99 values:
0x63fb68:	18	27	13	1	1	3	1	7
0x63fb78:	2	0	1050	4098	0	0	1	0
0x63fb88:	6960	398	32	623	-3568	416	1918	4098
0x63fb98:	6960	398	32	623	1	0	32	623
Temporary breakpoint 140 at 0x1000f683
TREE2_EVAL_RETURN n=99 output=979
TREE2_EVAL_ENTRY n=100 root=0x18fbaa0 features=0x63fb68 root_node=0x18fbaa0:	0x018fbab4	0x018fbca8	0x018e7838	0x000009d5
0x18fbab0:	0x00014406
TREE2_FEATURE_VECTOR n=100 values:
0x63fb68:	13	18	8	1	2	3	2	7
0x63fb78:	2	0	1050	4098	1	0	2	0
0x63fb88:	6960	398	32	623	-3568	416	1918	4098
0x63fb98:	6960	398	32	623	1	0	32	623
Temporary breakpoint 141 at 0x1000f69c
TREE2_EVAL_RETURN n=100 output=2136
TREE2_EVAL_ENTRY n=101 root=0x18ebc20 features=0x63fb68 root_node=0x18ebc20:	0x018ebc34	0x018ec030	0x00baf7f0	0x00000760
0x18ebc30:	0x000c4402
TREE2_FEATURE_VECTOR n=101 values:
0x63fb68:	8	13	25	0	2	3	2	7
0x63fb78:	3	0	1050	4098	1	0	3	0
0x63fb88:	6960	398	32	623	-3568	416	1918	4098
0x63fb98:	6960	398	32	623	1	0	32	623
Temporary breakpoint 142 at 0x1000f718
TREE2_EVAL_RETURN n=101 output=2354
TREE2_EVAL_ENTRY n=102 root=0x18fbaa0 features=0x63fb68 root_node=0x18fbaa0:	0x018fbab4	0x018fbca8	0x018e7838	0x000009d5
0x18fbab0:	0x00014406
TREE2_FEATURE_VECTOR n=102 values:
0x63fb68:	25	8	11	1	0	3	2	7
0x63fb78:	2	0	1050	4098	2	0	4	0
0x63fb88:	6960	398	32	623	-3568	416	1918	4098
0x63fb98:	6960	398	32	623	1	0	32	623
Temporary breakpoint 143 at 0x1000f69c
TREE2_EVAL_RETURN n=102 output=2715
TREE2_EVAL_ENTRY n=103 root=0x18f6c88 features=0x63fb68 root_node=0x18f6c88:	0x018f6c9c	0x018f8948	0x018e9228	0x00000473
0x18f6c98:	0x00024400
TREE2_FEATURE_VECTOR n=103 values:
0x63fb68:	11	25	23	1	2	3	2	7
0x63fb78:	2	0	1050	4098	3	0	5	0
0x63fb88:	6960	398	32	623	-3568	416	1918	4098
0x63fb98:	6960	398	32	623	1	0	32	623
Temporary breakpoint 144 at 0x1000f66a
TREE2_EVAL_RETURN n=103 output=1528
TREE2_EVAL_ENTRY n=104 root=0x19041e8 features=0x63fb68 root_node=0x19041e8:	0x019041fc	0x01904af8	0x01906df0	0x000004f6
0x19041f8:	0x50094402
TREE2_FEATURE_VECTOR n=104 values:
0x63fb68:	23	11	18	0	2	3	2	7
0x63fb78:	3	0	1050	4098	3	0	6	0
0x63fb88:	6960	398	32	623	-3568	416	1918	4098
0x63fb98:	6960	398	32	623	1	0	32	623
Temporary breakpoint 145 at 0x1000f72e
TREE2_EVAL_RETURN n=104 output=956
TREE2_EVAL_ENTRY n=105 root=0x18f3740 features=0x63fb68 root_node=0x18f3740:	0x018f3754	0x018f5450	0x018f60c8	0x0000070f
0x18f3750:	0x04154402
TREE2_FEATURE_VECTOR n=105 values:
0x63fb68:	18	23	11	1	0	3	2	7
0x63fb78:	2	0	1050	4098	4	0	7	0
0x63fb88:	6960	398	32	623	-3568	416	1918	4098
0x63fb98:	6960	398	32	623	1	0	32	623
Temporary breakpoint 146 at 0x1000f683
TREE2_EVAL_RETURN n=105 output=2162
TREE2_EVAL_ENTRY n=106 root=0x18f6c88 features=0x63fb68 root_node=0x18f6c88:	0x018f6c9c	0x018f8948	0x018e9228	0x00000473
0x18f6c98:	0x00024400
TREE2_FEATURE_VECTOR n=106 values:
0x63fb68:	11	18	22	1	2	3	2	7
0x63fb78:	2	0	1050	4098	5	0	8	0
0x63fb88:	6960	398	32	623	-3568	416	1918	4098
0x63fb98:	6960	398	32	623	1	0	32	623
Temporary breakpoint 147 at 0x1000f66a
TREE2_EVAL_RETURN n=106 output=1269
TREE2_EVAL_ENTRY n=107 root=0x19041e8 features=0x63fb68 root_node=0x19041e8:	0x019041fc	0x01904af8	0x01906df0	0x000004f6
0x19041f8:	0x50094402
TREE2_FEATURE_VECTOR n=107 values:
0x63fb68:	22	11	18	0	2	3	2	7
0x63fb78:	3	0	1050	4098	5	0	9	0
0x63fb88:	6960	398	32	623	-3568	416	1918	4098
0x63fb98:	6960	398	32	623	1	0	32	623
Temporary breakpoint 148 at 0x1000f72e
TREE2_EVAL_RETURN n=107 output=1205
TREE2_EVAL_ENTRY n=108 root=0x18f3740 features=0x63fb68 root_node=0x18f3740:	0x018f3754	0x018f5450	0x018f60c8	0x0000070f
0x18f3750:	0x04154402
TREE2_FEATURE_VECTOR n=108 values:
0x63fb68:	18	22	42	1	0	3	2	7
0x63fb78:	2	0	1050	4098	6	0	10	0
0x63fb88:	6960	398	32	623	-3568	416	1918	4098
0x63fb98:	6960	398	32	623	1	0	32	623
Temporary breakpoint 149 at 0x1000f683
TREE2_EVAL_RETURN n=108 output=3821
TREE2_EVAL_ENTRY n=109 root=0x18fbaa0 features=0x63fb68 root_node=0x18fbaa0:	0x018fbab4	0x018fbca8	0x018e7838	0x000009d5
0x18fbab0:	0x00014406
TREE2_FEATURE_VECTOR n=109 values:
0x63fb68:	13	42	11	1	0	3	2	8
0x63fb78:	2	0	1050	4098	0	0	0	0
0x63fb88:	6960	398	32	623	-3568	416	1918	4098
0x63fb98:	6960	398	32	623	1	0	32	623
Temporary breakpoint 150 at 0x1000f69c
TREE2_EVAL_RETURN n=109 output=3091
TREE2_EVAL_ENTRY n=110 root=0x18f6c88 features=0x63fb68 root_node=0x18f6c88:	0x018f6c9c	0x018f8948	0x018e9228	0x00000473
0x18f6c98:	0x00024400
TREE2_FEATURE_VECTOR n=110 values:
0x63fb68:	11	13	21	1	2	3	2	8
0x63fb78:	2	0	1050	4098	1	0	1	0
0x63fb88:	6960	398	32	623	-3568	416	1918	4098
0x63fb98:	6960	398	32	623	1	0	32	623
Temporary breakpoint 151 at 0x1000f66a
TREE2_EVAL_RETURN n=110 output=1344
TREE2_EVAL_ENTRY n=111 root=0x19041e8 features=0x63fb68 root_node=0x19041e8:	0x019041fc	0x01904af8	0x01906df0	0x000004f6
0x19041f8:	0x50094402
TREE2_FEATURE_VECTOR n=111 values:
0x63fb68:	21	11	27	0	2	3	2	8
0x63fb78:	3	0	1050	4098	1	0	2	0
0x63fb88:	6960	398	32	623	-3568	416	1918	4098
0x63fb98:	6960	398	32	623	1	0	32	623
Temporary breakpoint 152 at 0x1000f72e
TREE2_EVAL_RETURN n=111 output=1786
TREE2_EVAL_ENTRY n=112 root=0x18fef50 features=0x63fb68 root_node=0x18fef50:	0x018fef64	0x01900f08	0x01901f98	0x0000041d
0x18fef60:	0x01174402
TREE2_FEATURE_VECTOR n=112 values:
0x63fb68:	27	21	18	0	1	3	2	8
0x63fb78:	1	0	1050	4098	2	0	3	0
0x63fb88:	6960	398	32	623	-3568	416	1918	4098
0x63fb98:	6960	398	32	623	1	0	32	623
Temporary breakpoint 153 at 0x1000f6ec
TREE2_EVAL_RETURN n=112 output=810
TREE2_EVAL_ENTRY n=113 root=0x18f3740 features=0x63fb68 root_node=0x18f3740:	0x018f3754	0x018f5450	0x018f60c8	0x0000070f
0x18f3750:	0x04154402
TREE2_FEATURE_VECTOR n=113 values:
0x63fb68:	18	27	13	1	1	3	2	8
0x63fb78:	2	0	1050	4098	2	0	4	0
0x63fb88:	6960	398	32	623	-3568	416	1918	4098
0x63fb98:	6960	398	32	623	1	0	32	623
Temporary breakpoint 154 at 0x1000f683
TREE2_EVAL_RETURN n=113 output=979
TREE2_EVAL_ENTRY n=114 root=0x18fbaa0 features=0x63fb68 root_node=0x18fbaa0:	0x018fbab4	0x018fbca8	0x018e7838	0x000009d5
0x18fbab0:	0x00014406
TREE2_FEATURE_VECTOR n=114 values:
0x63fb68:	13	18	8	1	2	3	2	8
0x63fb78:	2	0	1050	4098	3	0	5	0
0x63fb88:	6960	398	32	623	-3568	416	1918	4098
0x63fb98:	6960	398	32	623	1	0	32	623
Temporary breakpoint 155 at 0x1000f69c
TREE2_EVAL_RETURN n=114 output=2136
TREE2_EVAL_ENTRY n=115 root=0x18ebc20 features=0x63fb68 root_node=0x18ebc20:	0x018ebc34	0x018ec030	0x00baf7f0	0x00000760
0x18ebc30:	0x000c4402
TREE2_FEATURE_VECTOR n=115 values:
0x63fb68:	8	13	13	0	2	3	2	8
0x63fb78:	3	0	1050	4098	3	0	6	0
0x63fb88:	6960	398	32	623	-3568	416	1918	4098
0x63fb98:	6960	398	32	623	1	0	32	623
Temporary breakpoint 156 at 0x1000f718
TREE2_EVAL_RETURN n=115 output=2354
TREE2_EVAL_ENTRY n=116 root=0x18fbaa0 features=0x63fb68 root_node=0x18fbaa0:	0x018fbab4	0x018fbca8	0x018e7838	0x000009d5
0x18fbab0:	0x00014406
TREE2_FEATURE_VECTOR n=116 values:
0x63fb68:	13	8	7	1	0	3	2	8
0x63fb78:	2	0	1050	4098	4	0	7	0
0x63fb88:	6960	398	32	623	-3568	416	1918	4098
0x63fb98:	6960	398	32	623	1	0	32	623
Temporary breakpoint 157 at 0x1000f69c
TREE2_EVAL_RETURN n=116 output=2606
TREE2_EVAL_ENTRY n=117 root=0x18fef50 features=0x63fb68 root_node=0x18fef50:	0x018fef64	0x01900f08	0x01901f98	0x0000041d
0x18fef60:	0x01174402
TREE2_FEATURE_VECTOR n=117 values:
0x63fb68:	7	13	18	0	1	3	2	8
0x63fb78:	1	0	1050	4098	5	0	8	0
0x63fb88:	6960	398	32	623	-3568	416	1918	4098
0x63fb98:	6960	398	32	623	1	0	32	623
Temporary breakpoint 158 at 0x1000f6ec
TREE2_EVAL_RETURN n=117 output=810
TREE2_EVAL_ENTRY n=118 root=0x18f3740 features=0x63fb68 root_node=0x18f3740:	0x018f3754	0x018f5450	0x018f60c8	0x0000070f
0x18f3750:	0x04154402
TREE2_FEATURE_VECTOR n=118 values:
0x63fb68:	18	7	18	1	1	3	2	8
0x63fb78:	2	0	1050	4098	5	0	9	0
0x63fb88:	6960	398	32	623	-3568	416	1918	4098
0x63fb98:	6960	398	32	623	1	0	32	623
Temporary breakpoint 159 at 0x1000f683
TREE2_EVAL_RETURN n=118 output=2049
TREE2_EVAL_ENTRY n=119 root=0x18f3740 features=0x63fb68 root_node=0x18f3740:	0x018f3754	0x018f5450	0x018f60c8	0x0000070f
0x18f3750:	0x04154402
TREE2_FEATURE_VECTOR n=119 values:
0x63fb68:	18	18	31	1	0	3	2	8
0x63fb78:	2	0	1050	4098	6	0	10	0
0x63fb88:	6960	398	32	623	-3568	416	1918	4098
0x63fb98:	6960	398	32	623	1	0	32	623
Temporary breakpoint 160 at 0x1000f683
TREE2_EVAL_RETURN n=119 output=1896
TREE2_EVAL_ENTRY n=120 root=0x18fef50 features=0x63fb68 root_node=0x18fef50:	0x018fef64	0x01900f08	0x01901f98	0x0000041d
0x18fef60:	0x01174402
TREE2_FEATURE_VECTOR n=120 values:
0x63fb68:	31	18	18	0	1	3	2	8
0x63fb78:	1	0	1050	4098	7	0	11	0
0x63fb88:	6960	398	32	623	-3568	416	1918	4098
0x63fb98:	6960	398	32	623	1	0	32	623
Temporary breakpoint 161 at 0x1000f6ec
TREE2_EVAL_RETURN n=120 output=634
TREE2_EVAL_ENTRY n=121 root=0x18f3740 features=0x63fb68 root_node=0x18f3740:	0x018f3754	0x018f5450	0x018f60c8	0x0000070f
0x18f3750:	0x04154402
TREE2_FEATURE_VECTOR n=121 values:
0x63fb68:	18	31	42	1	1	3	2	8
0x63fb78:	2	0	1050	4098	7	0	12	0
0x63fb88:	6960	398	32	623	-3568	416	1918	4098
0x63fb98:	6960	398	32	623	1	0	32	623
Temporary breakpoint 162 at 0x1000f683
TREE2_EVAL_RETURN n=121 output=2434
TREE2_EVAL_ENTRY n=122 root=0x18f6c88 features=0x63fb68 root_node=0x18f6c88:	0x018f6c9c	0x018f8948	0x018e9228	0x00000473
0x18f6c98:	0x00024400
TREE2_FEATURE_VECTOR n=122 values:
0x63fb68:	11	42	20	1	2	3	2	4
0x63fb78:	2	0	1050	4098	0	0	0	0
0x63fb88:	6960	398	32	623	-3568	416	1918	4098
0x63fb98:	6960	398	32	623	1	0	32	623
Temporary breakpoint 163 at 0x1000f66a
TREE2_EVAL_RETURN n=122 output=1870
TREE2_EVAL_ENTRY n=123 root=0x18fef50 features=0x63fb68 root_node=0x18fef50:	0x018fef64	0x01900f08	0x01901f98	0x0000041d
0x18fef60:	0x01174402
TREE2_FEATURE_VECTOR n=123 values:
0x63fb68:	20	11	29	0	2	3	2	4
0x63fb78:	3	0	1050	4098	0	0	1	0
0x63fb88:	6960	398	32	623	-3568	416	1918	4098
0x63fb98:	6960	398	32	623	1	0	32	623
Temporary breakpoint 164 at 0x1000f6ec
TREE2_EVAL_RETURN n=123 output=900
TREE2_EVAL_ENTRY n=124 root=0x1902a50 features=0x63fb68 root_node=0x1902a50:	0x01902a64	0x01903608	0x018ea450	0x000005cb
0x1902a60:	0x02044400
TREE2_FEATURE_VECTOR n=124 values:
0x63fb68:	29	20	29	0	2	3	2	4
0x63fb78:	3	0	1050	4098	0	0	2	0
0x63fb88:	6960	398	32	623	-3568	416	1918	4098
0x63fb98:	6960	398	32	623	1	0	32	623
Temporary breakpoint 165 at 0x1000f702
TREE2_EVAL_RETURN n=124 output=1357
TREE2_EVAL_ENTRY n=125 root=0x1902a50 features=0x63fb68 root_node=0x1902a50:	0x01902a64	0x01903608	0x018ea450	0x000005cb
0x1902a60:	0x02044400
TREE2_FEATURE_VECTOR n=125 values:
0x63fb68:	29	29	18	0	1	3	2	4
0x63fb78:	1	0	1050	4098	1	0	3	0
0x63fb88:	6960	398	32	623	-3568	416	1918	4098
0x63fb98:	6960	398	32	623	1	0	32	623
Temporary breakpoint 166 at 0x1000f702
TREE2_EVAL_RETURN n=125 output=1191
TREE2_EVAL_ENTRY n=126 root=0x18f3740 features=0x63fb68 root_node=0x18f3740:	0x018f3754	0x018f5450	0x018f60c8	0x0000070f
0x18f3750:	0x04154402
TREE2_FEATURE_VECTOR n=126 values:
0x63fb68:	18	29	11	1	1	3	2	4
0x63fb78:	2	0	1050	4098	1	0	4	0
0x63fb88:	6960	398	32	623	-3568	416	1918	4098
0x63fb98:	6960	398	32	623	1	0	32	623
Temporary breakpoint 167 at 0x1000f683
TREE2_EVAL_RETURN n=126 output=2850
TREE2_EVAL_ENTRY n=127 root=0x18f6c88 features=0x63fb68 root_node=0x18f6c88:	0x018f6c9c	0x018f8948	0x018e9228	0x00000473
0x18f6c98:	0x00024400
TREE2_FEATURE_VECTOR n=127 values:
0x63fb68:	11	18	22	1	2	3	2	4
0x63fb78:	2	0	1050	4098	2	0	5	0
0x63fb88:	6960	398	32	623	-3568	416	1918	4098
0x63fb98:	6960	398	32	623	1	0	32	623
Temporary breakpoint 168 at 0x1000f66a
TREE2_EVAL_RETURN n=127 output=1269
TREE2_EVAL_ENTRY n=128 root=0x19041e8 features=0x63fb68 root_node=0x19041e8:	0x019041fc	0x01904af8	0x01906df0	0x000004f6
0x19041f8:	0x50094402
TREE2_FEATURE_VECTOR n=128 values:
0x63fb68:	22	11	37	0	2	3	2	4
0x63fb78:	3	0	1050	4098	2	0	6	0
0x63fb88:	6960	398	32	623	-3568	416	1918	4098
0x63fb98:	6960	398	32	623	1	0	32	623
Temporary breakpoint 169 at 0x1000f72e
TREE2_EVAL_RETURN n=128 output=1236
OLD_TEXT_PARSE_ENTRY n=6 source=0xbe0065:	"\n"
Temporary breakpoint 170 at 0x1001c1b4
OLD_TEXT_PARSE_RETURN n=6 status=0 consumed=1 records=0
OLD_TEXT_PARSE_ENTRY n=7 source=0xbe0066:	""
Temporary breakpoint 171 at 0x1001c1b4
OLD_TEXT_PARSE_RETURN n=7 status=0 consumed=0 records=0
OLD_TEXT_PARSE_ENTRY n=8 source=0xbe0066:	""
Temporary breakpoint 172 at 0x1001c1b4
OLD_TEXT_PARSE_RETURN n=8 status=0 consumed=0 records=0
OLD_TEXT_PARSE_ENTRY n=9 source=0xbe8030:	"<phoneme alphabet=\"x-cmu\" ph=\"P AH0\">probe</phoneme>.\n"
Temporary breakpoint 173 at 0x1001c1b4
OLD_TEXT_PARSE_RETURN n=9 status=1 consumed=53 records=9
OLD_TEXT_RECORD n=9 i=0 span=1..8
OLD_TEXT_RECORD n=9 i=1 span=9..17
OLD_TEXT_RECORD n=9 i=2 span=19..24
OLD_TEXT_RECORD n=9 i=3 span=26..28
OLD_TEXT_RECORD n=9 i=4 span=30..31
OLD_TEXT_RECORD n=9 i=5 span=32..34
OLD_TEXT_RECORD n=9 i=6 span=34..36
OLD_TEXT_RECORD n=9 i=7 span=37..42
OLD_TEXT_RECORD n=9 i=8 span=44..52
OLD_TEXT_PARSE_ENTRY n=10 source=0xbe8065:	"\n"
Temporary breakpoint 174 at 0x1001c1b4
OLD_TEXT_PARSE_RETURN n=10 status=0 consumed=1 records=0
OLD_TEXT_PARSE_ENTRY n=11 source=0xbe8066:	""
Temporary breakpoint 175 at 0x1001c1b4
OLD_TEXT_PARSE_RETURN n=11 status=0 consumed=0 records=0
OLD_TEXT_PARSE_ENTRY n=12 source=0xbe8066:	""
Temporary breakpoint 176 at 0x1001c1b4
OLD_TEXT_PARSE_RETURN n=12 status=0 consumed=0 records=0
warning: Temporarily disabling breakpoints for unloaded shared library "/samples/vt_kat.dll"
[Inferior 1 (Remote target) exited normally]
Wine-gdb> 0114:0118: create process 'Z:\probe\probe-original-kate-2006.exe'/00000000 @004013E0 (204288<1830>)
0114:0118: create thread I @004013E0
0114:0118: loads DLL C:\windows\system32\ntdll.dll @7BD10000 (2994176<5095>)
0114:0118: loads DLL C:\windows\system32\kernel32.dll @7BB90000 (1466368<19395>)
0114:0118: loads DLL C:\windows\system32\kernelbase.dll @7B650000 (5410816<14148>)
0114:0118: loads DLL C:\windows\system32\msvcrt.dll @7B2A0000 (2715648<8214>)
0114:0118: loads DLL C:\windows\system32\tzres.dll @10000000 (0<0>)
00000114:00000118: unload DLL @10000000
0114:0118: loads DLL C:\windows\system32\tzres.dll @10000000 (0<0>)
00000114:00000118: unload DLL @10000000
0114:0118: loads DLL Z:\samples\vt_kat.dll @10000000 (0<0>)
0114:0118: loads DLL C:\windows\system32\WINMM.dll @78E90000 (1474560<4890>)
0114:0118: loads DLL C:\windows\system32\advapi32.dll @7B550000 (958464<7400>)
0114:0118: loads DLL C:\windows\system32\sechost.dll @7B200000 (565248<3163>)
0114:0118: loads DLL C:\windows\system32\ucrtbase.dll @7AEE0000 (3198976<11541>)
0114:0118: loads DLL C:\windows\system32\msacm32.dll @78E10000 (413696<1982>)
0114:0118: loads DLL C:\windows\system32\user32.dll @7A160000 (5005312<14159>)
0114:0118: loads DLL C:\windows\system32\zlib1.dll @7A120000 (135680<0>)
0114:0118: loads DLL C:\windows\system32\gdi32.dll @7A640000 (2355200<7390>)
0114:0118: loads DLL C:\windows\system32\win32u.dll @7A0D0000 (221184<1966>)
0114:0118: loads DLL C:\windows\system32\ole32.dll @7A9F0000 (4440064<14323>)
0114:0118: loads DLL C:\windows\system32\combase.dll @7A890000 (1314816<7562>)
0114:0118: loads DLL C:\windows\system32\rpcrt4.dll @79EA0000 (2162688<9274>)
0114:0118: loads DLL C:\windows\system32\coml2.dll @79E40000 (262144<3883>)
0114:0118: loads DLL C:\windows\system32\iphlpapi.dll @779C0000 (487424<4777>)
0114:0118: loads DLL C:\windows\system32\dnsapi.dll @77970000 (258048<1399>)
0114:0118: loads DLL C:\windows\system32\nsi.dll @77940000 (118784<823>)
0114:0118: loads DLL C:\windows\system32\ws2_32.dll @7AE40000 (565248<2279>)
0114:0118: loads DLL C:\windows\system32\imm32.dll @782F0000 (401408<2996>)
0114:0118: loads DLL C:\windows\system32\winex11.drv @780F0000 (307200<4314>)
0114:0118: loads DLL C:\windows\system32\uxtheme.dll @78030000 (671744<3646>)
00000114:00000118: unload DLL @10000000
00000114:00000118: unload DLL @779C0000
00000114:00000118: unload DLL @7AE40000
00000114:00000118: unload DLL @77940000
00000114:00000118: unload DLL @77970000
00000114:00000118: unload DLL @78E90000
00000114:00000118: unload DLL @7A9F0000
00000114:00000118: unload DLL @79E40000
00000114:00000118: unload DLL @7A890000
00000114:00000118: unload DLL @79EA0000
00000114:00000118: unload DLL @78E10000
00000114:00000118: exit process (0)
X connection to :99 broken (explicit kill or server shutdown).
X connection to :99 broken (explicit kill or server shutdown).
