Wine-gdb> Wine-gdb> Wine-gdb> Wine-gdb> Wine-gdb> Wine-gdb> Breakpoint 1 at 0x408187
Wine-gdb> >>>> > > > > >>> > > > > > > > > >  >  >  >  >  >  >   >   >   >   >   >  >  > > >>> > > >  >  >  >  >  >  >  >  >  >   >   >   >   >  > > >>> > > > > > > >  >  >  >  >  >  >  >  >   >   >   >   >   >  > > >>>Wine-gdb> Continuing.
OLD_ENGINE_HOST_READY_BEFORE_SYNTHESIS
Breakpoint 2 at 0x1000fd30
Breakpoint 3 at 0x100546d0
Breakpoint 4 at 0x10001570
Breakpoint 5 at 0x100019b0
OLD_TEXT_PARSE_ENTRY n=1 source=0xbe8110:	"Hello.\n"
Temporary breakpoint 6 at 0x1001c1b4
OLD_TEXT_PARSE_RETURN n=1 status=1 consumed=6 records=1
OLD_TEXT_RECORD n=1 i=0 span=0..5
TREE2_EVAL_ENTRY n=1 root=0x1902a50 features=0x63fb68 root_node=0x1902a50:	0x01902a64	0x01903608	0x018ea450	0x000005cb
0x1902a60:	0x02044400
TREE2_FEATURE_VECTOR n=1 values:
0x63fb68:	16	40	11	0	1	1	1	2
0x63fb78:	1	0	1050	4098	0	0	0	0
0x63fb88:	6960	398	32	623	4304	416	1918	4098
0x63fb98:	6960	398	32	623	1	0	32	623
Temporary breakpoint 7 at 0x1000f702
TREE2_EVAL_RETURN n=1 output=1207
TREE2_EVAL_ENTRY n=2 root=0x18f6c88 features=0x63fb68 root_node=0x18f6c88:	0x018f6c9c	0x018f8948	0x018e9228	0x00000473
0x18f6c98:	0x00024400
TREE2_FEATURE_VECTOR n=2 values:
0x63fb68:	11	16	21	0	1	1	1	2
0x63fb78:	2	0	1050	4098	0	0	1	0
0x63fb88:	6960	398	32	623	4304	416	1918	4098
0x63fb98:	6960	398	32	623	1	0	32	623
Temporary breakpoint 8 at 0x1000f66a
TREE2_EVAL_RETURN n=2 output=555
TREE2_EVAL_ENTRY n=3 root=0x19041e8 features=0x63fb68 root_node=0x19041e8:	0x019041fc	0x01904af8	0x01906df0	0x000004f6
0x19041f8:	0x50094402
TREE2_FEATURE_VECTOR n=3 values:
0x63fb68:	21	11	25	0	1	3	3	2
0x63fb78:	1	0	1050	4098	1	0	2	0
0x63fb88:	6960	398	32	623	4304	416	1918	4098
0x63fb98:	6960	398	32	623	1	0	32	623
Temporary breakpoint 9 at 0x1000f72e
TREE2_EVAL_RETURN n=3 output=1740
TREE2_EVAL_ENTRY n=4 root=0x18fbaa0 features=0x63fb68 root_node=0x18fbaa0:	0x018fbab4	0x018fbca8	0x018e7838	0x000009d5
0x18fbab0:	0x00014406
TREE2_FEATURE_VECTOR n=4 values:
0x63fb68:	25	21	40	1	1	3	3	2
0x63fb78:	2	0	1050	4098	1	0	3	0
0x63fb88:	6960	398	32	623	4304	416	1918	4098
0x63fb98:	6960	398	32	623	1	0	32	623
Temporary breakpoint 10 at 0x1000f69c
TREE2_EVAL_RETURN n=4 output=4832
OLD_PHONE_TREE_DISPATCH engine=0x18e1b30
TREE2_EVAL_ENTRY n=5 root=0x18e61e0 features=0x63fb64 root_node=0x18e61e0:	0x018e61f4	0x018e6208	0x00440801	0x00010000
0x18e61f0:	0x0000430a
TREE2_FEATURE_VECTOR n=5 values:
0x63fb64:	2	11	0	3	1	1	0	3
0x63fb74:	1	1	2	0	1073	4098	6960	398
0x63fb84:	32	623	6960	398	32	623	4304	416
0x63fb94:	1918	4098	6960	398	32	623	1	0
Temporary breakpoint 11 at 0x1000fdf7
TREE2_EVAL_RETURN n=5 output=0
TREE2_VECTOR_ENTRY n=1 tree=0x18ec630 tree_offset=0xab00 features=0x63fb64 output=0x2703138 root_node=TREE2_VECTOR_HEADER width=12
TREE2_TREE_SLOTS nbf=0x18ec630 bf=0xbaf570 sbf=0x188f970 qbf=0xbaf050
0x18ec630:	0x018ec648	0x018eea60	0x018efaf0	0x018efad8
0x18ec640:	0x440b0000	0x0002040c	0x018ec660	0x018ed158
0x18ec650:	0x018efb10	0x018efaf8	0x44020000	0x4a00020c
TREE2_VECTOR_FEATURES n=1 values:
0x63fb64:	2	11	0	3	1	1	0	3
0x63fb74:	1	1	2	0	1073	4098	6960	398
0x63fb84:	32	623	6960	398	32	623	4304	416
0x63fb94:	1918	4098	6960	398	32	623	1	0
Temporary breakpoint 12 at 0x1000fe28
TREE2_VECTOR_RETURN n=1 values:
0x2703138:	85	84	83	83	84	84	85	85
0x2703148:	86	86	86	86
TREE2_EVAL_ENTRY n=6 root=0xbaf9c0 features=0x63fb64 root_node=0xbaf9c0:	0x00baf9d4	0x00baf9e8	0x00baf010	0x00000000
0xbaf9d0:	0x00024402
TREE2_FEATURE_VECTOR n=6 values:
0x63fb64:	5	25	1	0	3	3	1	4
0x63fb74:	3	1	2	0	1073	4098	6960	398
0x63fb84:	32	623	6960	398	32	623	4304	416
0x63fb94:	1918	4098	6960	398	32	623	1	0
Temporary breakpoint 13 at 0x1000fdf7
TREE2_EVAL_RETURN n=6 output=0
TREE2_VECTOR_ENTRY n=2 tree=0x188f970 tree_offset=0xfffade40 features=0x63fb64 output=0x2703160 root_node=TREE2_VECTOR_HEADER width=12
TREE2_TREE_SLOTS nbf=0x18ec630 bf=0xbaf570 sbf=0x188f970 qbf=0xbaf050
0x188f970:	0x0188f988	0x0188fca0	0x018e86d8	0x018e86c0
0x188f980:	0x44020000	0x0002020c	0x0188f9a0	0x0188fa78
0x188f990:	0x018e86f4	0x018e86dc	0x44030000	0x0044020c
TREE2_VECTOR_FEATURES n=2 values:
0x63fb64:	5	25	1	0	3	3	1	4
0x63fb74:	3	1	2	0	1073	4098	6960	398
0x63fb84:	32	623	6960	398	32	623	4304	416
0x63fb94:	1918	4098	6960	398	32	623	1	0
Temporary breakpoint 14 at 0x1000fe28
TREE2_VECTOR_RETURN n=2 values:
0x2703160:	96	98	100	104	108	112	116	120
0x2703170:	122	124	119	113
OLD_TEXT_PARSE_ENTRY n=2 source=0xbe8116:	"\n"
Temporary breakpoint 15 at 0x1001c1b4
OLD_TEXT_PARSE_RETURN n=2 status=0 consumed=1 records=0
OLD_TEXT_PARSE_ENTRY n=3 source=0xbe8117:	""
Temporary breakpoint 16 at 0x1001c1b4
OLD_TEXT_PARSE_RETURN n=3 status=0 consumed=0 records=0
OLD_TEXT_PARSE_ENTRY n=4 source=0xbe8117:	""
Temporary breakpoint 17 at 0x1001c1b4
OLD_TEXT_PARSE_RETURN n=4 status=0 consumed=0 records=0
OLD_TEXT_PARSE_ENTRY n=5 source=0xbe0110:	"Hello.\n"
Temporary breakpoint 18 at 0x1001c1b4
OLD_TEXT_PARSE_RETURN n=5 status=1 consumed=6 records=1
OLD_TEXT_RECORD n=5 i=0 span=0..5
TREE2_EVAL_ENTRY n=7 root=0x1902a50 features=0x63fb68 root_node=0x1902a50:	0x01902a64	0x01903608	0x018ea450	0x000005cb
0x1902a60:	0x02044400
TREE2_FEATURE_VECTOR n=7 values:
0x63fb68:	16	40	11	0	1	1	1	2
0x63fb78:	1	0	1050	4098	0	0	0	0
0x63fb88:	6960	398	32	623	-3568	416	1918	4098
0x63fb98:	6960	398	32	623	1	0	32	623
Temporary breakpoint 19 at 0x1000f702
TREE2_EVAL_RETURN n=7 output=1207
TREE2_EVAL_ENTRY n=8 root=0x18f6c88 features=0x63fb68 root_node=0x18f6c88:	0x018f6c9c	0x018f8948	0x018e9228	0x00000473
0x18f6c98:	0x00024400
TREE2_FEATURE_VECTOR n=8 values:
0x63fb68:	11	16	21	0	1	1	1	2
0x63fb78:	2	0	1050	4098	0	0	1	0
0x63fb88:	6960	398	32	623	-3568	416	1918	4098
0x63fb98:	6960	398	32	623	1	0	32	623
Temporary breakpoint 20 at 0x1000f66a
TREE2_EVAL_RETURN n=8 output=555
TREE2_EVAL_ENTRY n=9 root=0x19041e8 features=0x63fb68 root_node=0x19041e8:	0x019041fc	0x01904af8	0x01906df0	0x000004f6
0x19041f8:	0x50094402
TREE2_FEATURE_VECTOR n=9 values:
0x63fb68:	21	11	25	0	1	3	3	2
0x63fb78:	1	0	1050	4098	1	0	2	0
0x63fb88:	6960	398	32	623	-3568	416	1918	4098
0x63fb98:	6960	398	32	623	1	0	32	623
Temporary breakpoint 21 at 0x1000f72e
TREE2_EVAL_RETURN n=9 output=1740
TREE2_EVAL_ENTRY n=10 root=0x18fbaa0 features=0x63fb68 root_node=0x18fbaa0:	0x018fbab4	0x018fbca8	0x018e7838	0x000009d5
0x18fbab0:	0x00014406
TREE2_FEATURE_VECTOR n=10 values:
0x63fb68:	25	21	40	1	1	3	3	2
0x63fb78:	2	0	1050	4098	1	0	3	0
0x63fb88:	6960	398	32	623	-3568	416	1918	4098
0x63fb98:	6960	398	32	623	1	0	32	623
Temporary breakpoint 22 at 0x1000f69c
TREE2_EVAL_RETURN n=10 output=4832
OLD_PHONE_TREE_DISPATCH engine=0x18e1b30
TREE2_EVAL_ENTRY n=11 root=0x18e61e0 features=0x63fb64 root_node=0x18e61e0:	0x018e61f4	0x018e6208	0x00440801	0x00010000
0x18e61f0:	0x0000430a
TREE2_FEATURE_VECTOR n=11 values:
0x63fb64:	2	11	0	3	1	1	0	3
0x63fb74:	1	1	2	0	1073	4098	6960	398
0x63fb84:	32	623	6960	398	32	623	-3568	416
0x63fb94:	1918	4098	6960	398	32	623	1	0
Temporary breakpoint 23 at 0x1000fdf7
TREE2_EVAL_RETURN n=11 output=0
TREE2_VECTOR_ENTRY n=3 tree=0x18ec630 tree_offset=0xab00 features=0x63fb64 output=0x2703138 root_node=TREE2_VECTOR_HEADER width=12
TREE2_TREE_SLOTS nbf=0x18ec630 bf=0xbaf570 sbf=0x188f970 qbf=0xbaf050
0x18ec630:	0x018ec648	0x018eea60	0x018efaf0	0x018efad8
0x18ec640:	0x440b0000	0x0002040c	0x018ec660	0x018ed158
0x18ec650:	0x018efb10	0x018efaf8	0x44020000	0x4a00020c
TREE2_VECTOR_FEATURES n=3 values:
0x63fb64:	2	11	0	3	1	1	0	3
0x63fb74:	1	1	2	0	1073	4098	6960	398
0x63fb84:	32	623	6960	398	32	623	-3568	416
0x63fb94:	1918	4098	6960	398	32	623	1	0
Temporary breakpoint 24 at 0x1000fe28
TREE2_VECTOR_RETURN n=3 values:
0x2703138:	85	84	83	83	84	84	85	85
0x2703148:	86	86	86	86
TREE2_EVAL_ENTRY n=12 root=0xbaf9c0 features=0x63fb64 root_node=0xbaf9c0:	0x00baf9d4	0x00baf9e8	0x00baf010	0x00000000
0xbaf9d0:	0x00024402
TREE2_FEATURE_VECTOR n=12 values:
0x63fb64:	5	25	1	0	3	3	1	4
0x63fb74:	3	1	2	0	1073	4098	6960	398
0x63fb84:	32	623	6960	398	32	623	-3568	416
0x63fb94:	1918	4098	6960	398	32	623	1	0
Temporary breakpoint 25 at 0x1000fdf7
TREE2_EVAL_RETURN n=12 output=0
TREE2_VECTOR_ENTRY n=4 tree=0x188f970 tree_offset=0xfffade40 features=0x63fb64 output=0x2703160 root_node=TREE2_VECTOR_HEADER width=12
TREE2_TREE_SLOTS nbf=0x18ec630 bf=0xbaf570 sbf=0x188f970 qbf=0xbaf050
0x188f970:	0x0188f988	0x0188fca0	0x018e86d8	0x018e86c0
0x188f980:	0x44020000	0x0002020c	0x0188f9a0	0x0188fa78
0x188f990:	0x018e86f4	0x018e86dc	0x44030000	0x0044020c
TREE2_VECTOR_FEATURES n=4 values:
0x63fb64:	5	25	1	0	3	3	1	4
0x63fb74:	3	1	2	0	1073	4098	6960	398
0x63fb84:	32	623	6960	398	32	623	-3568	416
0x63fb94:	1918	4098	6960	398	32	623	1	0
Temporary breakpoint 26 at 0x1000fe28
TREE2_VECTOR_RETURN n=4 values:
0x2703160:	96	98	100	104	108	112	116	120
0x2703170:	122	124	119	113
OLD_TEXT_PARSE_ENTRY n=6 source=0xbe0116:	"\n"
Temporary breakpoint 27 at 0x1001c1b4
OLD_TEXT_PARSE_RETURN n=6 status=0 consumed=1 records=0
OLD_TEXT_PARSE_ENTRY n=7 source=0xbe0117:	""
Temporary breakpoint 28 at 0x1001c1b4
OLD_TEXT_PARSE_RETURN n=7 status=0 consumed=0 records=0
OLD_TEXT_PARSE_ENTRY n=8 source=0xbe0117:	""
Temporary breakpoint 29 at 0x1001c1b4
OLD_TEXT_PARSE_RETURN n=8 status=0 consumed=0 records=0
OLD_TEXT_PARSE_ENTRY n=9 source=0xbe8110:	"Hello.\n"
Temporary breakpoint 30 at 0x1001c1b4
OLD_TEXT_PARSE_RETURN n=9 status=1 consumed=6 records=1
OLD_TEXT_RECORD n=9 i=0 span=0..5
TREE2_EVAL_ENTRY n=13 root=0x1902a50 features=0x63fb68 root_node=0x1902a50:	0x01902a64	0x01903608	0x018ea450	0x000005cb
0x1902a60:	0x02044400
TREE2_FEATURE_VECTOR n=13 values:
0x63fb68:	16	40	11	0	1	1	1	2
0x63fb78:	1	0	1050	4098	0	0	0	0
0x63fb88:	6960	398	32	623	-3568	416	1918	4098
0x63fb98:	6960	398	32	623	1	0	32	623
Temporary breakpoint 31 at 0x1000f702
TREE2_EVAL_RETURN n=13 output=1207
TREE2_EVAL_ENTRY n=14 root=0x18f6c88 features=0x63fb68 root_node=0x18f6c88:	0x018f6c9c	0x018f8948	0x018e9228	0x00000473
0x18f6c98:	0x00024400
TREE2_FEATURE_VECTOR n=14 values:
0x63fb68:	11	16	21	0	1	1	1	2
0x63fb78:	2	0	1050	4098	0	0	1	0
0x63fb88:	6960	398	32	623	-3568	416	1918	4098
0x63fb98:	6960	398	32	623	1	0	32	623
Temporary breakpoint 32 at 0x1000f66a
TREE2_EVAL_RETURN n=14 output=555
TREE2_EVAL_ENTRY n=15 root=0x19041e8 features=0x63fb68 root_node=0x19041e8:	0x019041fc	0x01904af8	0x01906df0	0x000004f6
0x19041f8:	0x50094402
TREE2_FEATURE_VECTOR n=15 values:
0x63fb68:	21	11	25	0	1	3	3	2
0x63fb78:	1	0	1050	4098	1	0	2	0
0x63fb88:	6960	398	32	623	-3568	416	1918	4098
0x63fb98:	6960	398	32	623	1	0	32	623
Temporary breakpoint 33 at 0x1000f72e
TREE2_EVAL_RETURN n=15 output=1740
TREE2_EVAL_ENTRY n=16 root=0x18fbaa0 features=0x63fb68 root_node=0x18fbaa0:	0x018fbab4	0x018fbca8	0x018e7838	0x000009d5
0x18fbab0:	0x00014406
TREE2_FEATURE_VECTOR n=16 values:
0x63fb68:	25	21	40	1	1	3	3	2
0x63fb78:	2	0	1050	4098	1	0	3	0
0x63fb88:	6960	398	32	623	-3568	416	1918	4098
0x63fb98:	6960	398	32	623	1	0	32	623
Temporary breakpoint 34 at 0x1000f69c
TREE2_EVAL_RETURN n=16 output=4832
OLD_PHONE_TREE_DISPATCH engine=0x18e1b30
TREE2_EVAL_ENTRY n=17 root=0x18e61e0 features=0x63fb64 root_node=0x18e61e0:	0x018e61f4	0x018e6208	0x00440801	0x00010000
0x18e61f0:	0x0000430a
TREE2_FEATURE_VECTOR n=17 values:
0x63fb64:	2	11	0	3	1	1	0	3
0x63fb74:	1	1	2	0	1073	4098	6960	398
0x63fb84:	32	623	6960	398	32	623	-3568	416
0x63fb94:	1918	4098	6960	398	32	623	1	0
Temporary breakpoint 35 at 0x1000fdf7
TREE2_EVAL_RETURN n=17 output=0
TREE2_VECTOR_ENTRY n=5 tree=0x18ec630 tree_offset=0xab00 features=0x63fb64 output=0x2703138 root_node=TREE2_VECTOR_HEADER width=12
TREE2_TREE_SLOTS nbf=0x18ec630 bf=0xbaf570 sbf=0x188f970 qbf=0xbaf050
0x18ec630:	0x018ec648	0x018eea60	0x018efaf0	0x018efad8
0x18ec640:	0x440b0000	0x0002040c	0x018ec660	0x018ed158
0x18ec650:	0x018efb10	0x018efaf8	0x44020000	0x4a00020c
TREE2_VECTOR_FEATURES n=5 values:
0x63fb64:	2	11	0	3	1	1	0	3
0x63fb74:	1	1	2	0	1073	4098	6960	398
0x63fb84:	32	623	6960	398	32	623	-3568	416
0x63fb94:	1918	4098	6960	398	32	623	1	0
Temporary breakpoint 36 at 0x1000fe28
TREE2_VECTOR_RETURN n=5 values:
0x2703138:	85	84	83	83	84	84	85	85
0x2703148:	86	86	86	86
TREE2_EVAL_ENTRY n=18 root=0xbaf9c0 features=0x63fb64 root_node=0xbaf9c0:	0x00baf9d4	0x00baf9e8	0x00baf010	0x00000000
0xbaf9d0:	0x00024402
TREE2_FEATURE_VECTOR n=18 values:
0x63fb64:	5	25	1	0	3	3	1	4
0x63fb74:	3	1	2	0	1073	4098	6960	398
0x63fb84:	32	623	6960	398	32	623	-3568	416
0x63fb94:	1918	4098	6960	398	32	623	1	0
Temporary breakpoint 37 at 0x1000fdf7
TREE2_EVAL_RETURN n=18 output=0
TREE2_VECTOR_ENTRY n=6 tree=0x188f970 tree_offset=0xfffade40 features=0x63fb64 output=0x2703160 root_node=TREE2_VECTOR_HEADER width=12
TREE2_TREE_SLOTS nbf=0x18ec630 bf=0xbaf570 sbf=0x188f970 qbf=0xbaf050
0x188f970:	0x0188f988	0x0188fca0	0x018e86d8	0x018e86c0
0x188f980:	0x44020000	0x0002020c	0x0188f9a0	0x0188fa78
0x188f990:	0x018e86f4	0x018e86dc	0x44030000	0x0044020c
TREE2_VECTOR_FEATURES n=6 values:
0x63fb64:	5	25	1	0	3	3	1	4
0x63fb74:	3	1	2	0	1073	4098	6960	398
0x63fb84:	32	623	6960	398	32	623	-3568	416
0x63fb94:	1918	4098	6960	398	32	623	1	0
Temporary breakpoint 38 at 0x1000fe28
TREE2_VECTOR_RETURN n=6 values:
0x2703160:	96	98	100	104	108	112	116	120
0x2703170:	122	124	119	113
OLD_TEXT_PARSE_ENTRY n=10 source=0xbe8116:	"\n"
Temporary breakpoint 39 at 0x1001c1b4
OLD_TEXT_PARSE_RETURN n=10 status=0 consumed=1 records=0
OLD_TEXT_PARSE_ENTRY n=11 source=0xbe8117:	""
Temporary breakpoint 40 at 0x1001c1b4
OLD_TEXT_PARSE_RETURN n=11 status=0 consumed=0 records=0
OLD_TEXT_PARSE_ENTRY n=12 source=0xbe8117:	""
Temporary breakpoint 41 at 0x1001c1b4
OLD_TEXT_PARSE_RETURN n=12 status=0 consumed=0 records=0
warning: Temporarily disabling breakpoints for unloaded shared library "/samples/vt_kat.dll"
[Inferior 1 (Remote target) exited normally]
Wine-gdb> 