Wine-gdb> Already logging to /work/corpus-parity/stage20/split-threshold-new-stable-gdb.log.
Wine-gdb> Breakpoint 1 at 0x10024060
Wine-gdb> >>>>>> > > > >>>Wine-gdb> Wine-gdb> Breakpoint 2 at 0x10023060
Wine-gdb> >>> > > > > > > > >  >  >  >  > > > >  >  >  >  > >>>Wine-gdb> Wine-gdb> Breakpoint 3 at 0x100242a0
Wine-gdb> >>>>>> > > > >>>Wine-gdb> Wine-gdb> Breakpoint 4 at 0x10024680
Wine-gdb> >>>> > > > >>>Wine-gdb> Wine-gdb> Breakpoint 5 at 0x408187
Wine-gdb> >>>>Wine-gdb> Wine-gdb> Continuing.
Temporary breakpoint 6 at 0x100249bb
NEW_SPLIT_ENTER slot=0
Temporary breakpoint 7 at 0x10024808
NEW_SPLIT_METRIC_ENTRY caller=0x10024271 count=1 ids_weights: 34598:30
Temporary breakpoint 8 at 0x10024271
NEW_SPLIT_METRIC_RETURN sum=30
NEW_SPLIT_RETURN slot=0 accepted=1
NEW_SPLIT_ENTER slot=1
Temporary breakpoint 9 at 0x10024808
NEW_SPLIT_METRIC_ENTRY caller=0x10024271 count=1 ids_weights: 14110:5
Temporary breakpoint 10 at 0x10024271
NEW_SPLIT_METRIC_RETURN sum=5
NEW_SPLIT_RETURN slot=1 accepted=0
NEW_SPLIT_FALLBACK_ENTER slot=1
Temporary breakpoint 11 at 0x1002481e
NEW_SPLIT_FALLBACK_RETURN slot=1 positions=2
NEW_SPLIT_ENTER slot=3
Temporary breakpoint 12 at 0x10024808
NEW_SPLIT_METRIC_ENTRY caller=0x10024271 count=1 ids_weights: 9433:25
Temporary breakpoint 13 at 0x10024271
NEW_SPLIT_METRIC_RETURN sum=25
NEW_SPLIT_RETURN slot=3 accepted=1
NEW_SPLIT_ENTER slot=4
Temporary breakpoint 14 at 0x10024808
NEW_SPLIT_RETURN slot=4 accepted=0
NEW_SPLIT_FALLBACK_ENTER slot=4
Temporary breakpoint 15 at 0x1002481e
NEW_SPLIT_FALLBACK_RETURN slot=4 positions=2
NEW_SPLIT_ENTER slot=6
Temporary breakpoint 16 at 0x10024808
NEW_SPLIT_RETURN slot=6 accepted=0
NEW_SPLIT_FALLBACK_ENTER slot=6
Temporary breakpoint 17 at 0x1002481e
NEW_SPLIT_FALLBACK_RETURN slot=6 positions=2
NEW_SPLIT_ENTER slot=8
Temporary breakpoint 18 at 0x10024808
NEW_SPLIT_RETURN slot=8 accepted=0
NEW_SPLIT_FALLBACK_ENTER slot=8
Temporary breakpoint 19 at 0x1002481e
NEW_SPLIT_FALLBACK_RETURN slot=8 positions=2
NEW_SPLIT_ENTER slot=10
Temporary breakpoint 20 at 0x10024808
NEW_SPLIT_RETURN slot=10 accepted=0
NEW_SPLIT_FALLBACK_ENTER slot=10
Temporary breakpoint 21 at 0x1002481e
NEW_SPLIT_FALLBACK_RETURN slot=10 positions=2
NEW_SPLIT_ENTER slot=12
Temporary breakpoint 22 at 0x10024808
NEW_SPLIT_METRIC_ENTRY caller=0x10024271 count=1 ids_weights: 19017:46
Temporary breakpoint 23 at 0x10024271
NEW_SPLIT_METRIC_RETURN sum=46
NEW_SPLIT_RETURN slot=12 accepted=1
NEW_POSITION_BUILDER_RETURN positions=13
Temporary breakpoint 24 at 0x100249bb
NEW_SPLIT_ENTER slot=0
Temporary breakpoint 25 at 0x10024808
NEW_SPLIT_METRIC_ENTRY caller=0x10024271 count=1 ids_weights: 34598:30
Temporary breakpoint 26 at 0x10024271
NEW_SPLIT_METRIC_RETURN sum=30
NEW_SPLIT_RETURN slot=0 accepted=1
NEW_SPLIT_ENTER slot=1
Temporary breakpoint 27 at 0x10024808
NEW_SPLIT_METRIC_ENTRY caller=0x10024271 count=1 ids_weights: 14110:5
Temporary breakpoint 28 at 0x10024271
NEW_SPLIT_METRIC_RETURN sum=5
NEW_SPLIT_RETURN slot=1 accepted=0
NEW_SPLIT_FALLBACK_ENTER slot=1
Temporary breakpoint 29 at 0x1002481e
NEW_SPLIT_FALLBACK_RETURN slot=1 positions=2
NEW_SPLIT_ENTER slot=3
Temporary breakpoint 30 at 0x10024808
NEW_SPLIT_METRIC_ENTRY caller=0x10024271 count=1 ids_weights: 9433:25
Temporary breakpoint 31 at 0x10024271
NEW_SPLIT_METRIC_RETURN sum=25
NEW_SPLIT_RETURN slot=3 accepted=1
NEW_SPLIT_ENTER slot=4
Temporary breakpoint 32 at 0x10024808
NEW_SPLIT_RETURN slot=4 accepted=0
NEW_SPLIT_FALLBACK_ENTER slot=4
Temporary breakpoint 33 at 0x1002481e
NEW_SPLIT_FALLBACK_RETURN slot=4 positions=2
NEW_SPLIT_ENTER slot=6
Temporary breakpoint 34 at 0x10024808
NEW_SPLIT_RETURN slot=6 accepted=0
NEW_SPLIT_FALLBACK_ENTER slot=6
Temporary breakpoint 35 at 0x1002481e
NEW_SPLIT_FALLBACK_RETURN slot=6 positions=2
NEW_SPLIT_ENTER slot=8
Temporary breakpoint 36 at 0x10024808
NEW_SPLIT_RETURN slot=8 accepted=0
NEW_SPLIT_FALLBACK_ENTER slot=8
Temporary breakpoint 37 at 0x1002481e
NEW_SPLIT_FALLBACK_RETURN slot=8 positions=2
NEW_SPLIT_ENTER slot=10
Temporary breakpoint 38 at 0x10024808
NEW_SPLIT_RETURN slot=10 accepted=0
NEW_SPLIT_FALLBACK_ENTER slot=10
Temporary breakpoint 39 at 0x1002481e
NEW_SPLIT_FALLBACK_RETURN slot=10 positions=2
NEW_SPLIT_ENTER slot=12
Temporary breakpoint 40 at 0x10024808
NEW_SPLIT_METRIC_ENTRY caller=0x10024271 count=1 ids_weights: 19017:46
Temporary breakpoint 41 at 0x10024271
NEW_SPLIT_METRIC_RETURN sum=46
NEW_SPLIT_RETURN slot=12 accepted=1
NEW_POSITION_BUILDER_RETURN positions=13
Temporary breakpoint 42 at 0x100249bb
NEW_SPLIT_ENTER slot=0
Temporary breakpoint 43 at 0x10024808
NEW_SPLIT_METRIC_ENTRY caller=0x10024271 count=1 ids_weights: 34598:30
Temporary breakpoint 44 at 0x10024271
NEW_SPLIT_METRIC_RETURN sum=30
NEW_SPLIT_RETURN slot=0 accepted=1
NEW_SPLIT_ENTER slot=1
Temporary breakpoint 45 at 0x10024808
NEW_SPLIT_METRIC_ENTRY caller=0x10024271 count=1 ids_weights: 14110:5
Temporary breakpoint 46 at 0x10024271
NEW_SPLIT_METRIC_RETURN sum=5
NEW_SPLIT_RETURN slot=1 accepted=0
NEW_SPLIT_FALLBACK_ENTER slot=1
Temporary breakpoint 47 at 0x1002481e
NEW_SPLIT_FALLBACK_RETURN slot=1 positions=2
NEW_SPLIT_ENTER slot=3
Temporary breakpoint 48 at 0x10024808
NEW_SPLIT_METRIC_ENTRY caller=0x10024271 count=1 ids_weights: 9433:25
Temporary breakpoint 49 at 0x10024271
NEW_SPLIT_METRIC_RETURN sum=25
NEW_SPLIT_RETURN slot=3 accepted=1
NEW_SPLIT_ENTER slot=4
Temporary breakpoint 50 at 0x10024808
NEW_SPLIT_RETURN slot=4 accepted=0
NEW_SPLIT_FALLBACK_ENTER slot=4
Temporary breakpoint 51 at 0x1002481e
NEW_SPLIT_FALLBACK_RETURN slot=4 positions=2
NEW_SPLIT_ENTER slot=6
Temporary breakpoint 52 at 0x10024808
NEW_SPLIT_RETURN slot=6 accepted=0
NEW_SPLIT_FALLBACK_ENTER slot=6
Temporary breakpoint 53 at 0x1002481e
NEW_SPLIT_FALLBACK_RETURN slot=6 positions=2
NEW_SPLIT_ENTER slot=8
Temporary breakpoint 54 at 0x10024808
NEW_SPLIT_RETURN slot=8 accepted=0
NEW_SPLIT_FALLBACK_ENTER slot=8
Temporary breakpoint 55 at 0x1002481e
NEW_SPLIT_FALLBACK_RETURN slot=8 positions=2
NEW_SPLIT_ENTER slot=10
Temporary breakpoint 56 at 0x10024808
NEW_SPLIT_RETURN slot=10 accepted=0
NEW_SPLIT_FALLBACK_ENTER slot=10
Temporary breakpoint 57 at 0x1002481e
NEW_SPLIT_FALLBACK_RETURN slot=10 positions=2
NEW_SPLIT_ENTER slot=12
Temporary breakpoint 58 at 0x10024808
NEW_SPLIT_METRIC_ENTRY caller=0x10024271 count=1 ids_weights: 19017:46
Temporary breakpoint 59 at 0x10024271
NEW_SPLIT_METRIC_RETURN sum=46
NEW_SPLIT_RETURN slot=12 accepted=1
NEW_POSITION_BUILDER_RETURN positions=13
Temporary breakpoint 60 at 0x100249bb
NEW_SPLIT_ENTER slot=0
Temporary breakpoint 61 at 0x10024808
NEW_SPLIT_METRIC_ENTRY caller=0x10024271 count=1 ids_weights: 34598:30
Temporary breakpoint 62 at 0x10024271
NEW_SPLIT_METRIC_RETURN sum=30
NEW_SPLIT_RETURN slot=0 accepted=1
NEW_SPLIT_ENTER slot=1
Temporary breakpoint 63 at 0x10024808
NEW_SPLIT_METRIC_ENTRY caller=0x10024271 count=1 ids_weights: 14110:5
Temporary breakpoint 64 at 0x10024271
NEW_SPLIT_METRIC_RETURN sum=5
NEW_SPLIT_RETURN slot=1 accepted=0
NEW_SPLIT_FALLBACK_ENTER slot=1
Temporary breakpoint 65 at 0x1002481e
NEW_SPLIT_FALLBACK_RETURN slot=1 positions=2
NEW_SPLIT_ENTER slot=3
Temporary breakpoint 66 at 0x10024808
NEW_SPLIT_METRIC_ENTRY caller=0x10024271 count=1 ids_weights: 9433:25
Temporary breakpoint 67 at 0x10024271
NEW_SPLIT_METRIC_RETURN sum=25
NEW_SPLIT_RETURN slot=3 accepted=1
NEW_SPLIT_ENTER slot=4
Temporary breakpoint 68 at 0x10024808
NEW_SPLIT_RETURN slot=4 accepted=0
NEW_SPLIT_FALLBACK_ENTER slot=4
Temporary breakpoint 69 at 0x1002481e
NEW_SPLIT_FALLBACK_RETURN slot=4 positions=2
NEW_SPLIT_ENTER slot=6
Temporary breakpoint 70 at 0x10024808
NEW_SPLIT_RETURN slot=6 accepted=0
NEW_SPLIT_FALLBACK_ENTER slot=6
Temporary breakpoint 71 at 0x1002481e
NEW_SPLIT_FALLBACK_RETURN slot=6 positions=2
NEW_SPLIT_ENTER slot=8
Temporary breakpoint 72 at 0x10024808
NEW_SPLIT_RETURN slot=8 accepted=0
NEW_SPLIT_FALLBACK_ENTER slot=8
Temporary breakpoint 73 at 0x1002481e
NEW_SPLIT_FALLBACK_RETURN slot=8 positions=2
NEW_SPLIT_ENTER slot=10
Temporary breakpoint 74 at 0x10024808
NEW_SPLIT_RETURN slot=10 accepted=0
NEW_SPLIT_FALLBACK_ENTER slot=10
Temporary breakpoint 75 at 0x1002481e
NEW_SPLIT_FALLBACK_RETURN slot=10 positions=2
NEW_SPLIT_ENTER slot=12
Temporary breakpoint 76 at 0x10024808
NEW_SPLIT_METRIC_ENTRY caller=0x10024271 count=1 ids_weights: 19017:46
Temporary breakpoint 77 at 0x10024271
NEW_SPLIT_METRIC_RETURN sum=46
NEW_SPLIT_RETURN slot=12 accepted=1
NEW_POSITION_BUILDER_RETURN positions=13
Temporary breakpoint 78 at 0x100249bb
NEW_SPLIT_ENTER slot=0
Temporary breakpoint 79 at 0x10024808
NEW_SPLIT_METRIC_ENTRY caller=0x10024271 count=1 ids_weights: 34598:30
Temporary breakpoint 80 at 0x10024271
NEW_SPLIT_METRIC_RETURN sum=30
NEW_SPLIT_RETURN slot=0 accepted=1
NEW_SPLIT_ENTER slot=1
Temporary breakpoint 81 at 0x10024808
NEW_SPLIT_METRIC_ENTRY caller=0x10024271 count=1 ids_weights: 14110:5
Temporary breakpoint 82 at 0x10024271
NEW_SPLIT_METRIC_RETURN sum=5
NEW_SPLIT_RETURN slot=1 accepted=0
NEW_SPLIT_FALLBACK_ENTER slot=1
Temporary breakpoint 83 at 0x1002481e
NEW_SPLIT_FALLBACK_RETURN slot=1 positions=2
NEW_SPLIT_ENTER slot=3
Temporary breakpoint 84 at 0x10024808
NEW_SPLIT_METRIC_ENTRY caller=0x10024271 count=1 ids_weights: 9433:25
Temporary breakpoint 85 at 0x10024271
NEW_SPLIT_METRIC_RETURN sum=25
NEW_SPLIT_RETURN slot=3 accepted=1
NEW_SPLIT_ENTER slot=4
Temporary breakpoint 86 at 0x10024808
NEW_SPLIT_RETURN slot=4 accepted=0
NEW_SPLIT_FALLBACK_ENTER slot=4
Temporary breakpoint 87 at 0x1002481e
NEW_SPLIT_FALLBACK_RETURN slot=4 positions=2
NEW_SPLIT_ENTER slot=6
Temporary breakpoint 88 at 0x10024808
NEW_SPLIT_RETURN slot=6 accepted=0
NEW_SPLIT_FALLBACK_ENTER slot=6
Temporary breakpoint 89 at 0x1002481e
NEW_SPLIT_FALLBACK_RETURN slot=6 positions=2
NEW_SPLIT_ENTER slot=8
Temporary breakpoint 90 at 0x10024808
NEW_SPLIT_RETURN slot=8 accepted=0
NEW_SPLIT_FALLBACK_ENTER slot=8
Temporary breakpoint 91 at 0x1002481e
NEW_SPLIT_FALLBACK_RETURN slot=8 positions=2
NEW_SPLIT_ENTER slot=10
Temporary breakpoint 92 at 0x10024808
NEW_SPLIT_RETURN slot=10 accepted=0
NEW_SPLIT_FALLBACK_ENTER slot=10
Temporary breakpoint 93 at 0x1002481e
NEW_SPLIT_FALLBACK_RETURN slot=10 positions=2
NEW_SPLIT_ENTER slot=12
Temporary breakpoint 94 at 0x10024808
NEW_SPLIT_METRIC_ENTRY caller=0x10024271 count=1 ids_weights: 19017:46
Temporary breakpoint 95 at 0x10024271
NEW_SPLIT_METRIC_RETURN sum=46
NEW_SPLIT_RETURN slot=12 accepted=1
NEW_POSITION_BUILDER_RETURN positions=13
Temporary breakpoint 96 at 0x100249bb
NEW_SPLIT_ENTER slot=0
Temporary breakpoint 97 at 0x10024808
NEW_SPLIT_METRIC_ENTRY caller=0x10024271 count=1 ids_weights: 34598:30
Temporary breakpoint 98 at 0x10024271
NEW_SPLIT_METRIC_RETURN sum=30
NEW_SPLIT_RETURN slot=0 accepted=1
NEW_SPLIT_ENTER slot=1
Temporary breakpoint 99 at 0x10024808
NEW_SPLIT_METRIC_ENTRY caller=0x10024271 count=1 ids_weights: 14110:5
Temporary breakpoint 100 at 0x10024271
NEW_SPLIT_METRIC_RETURN sum=5
NEW_SPLIT_RETURN slot=1 accepted=0
NEW_SPLIT_FALLBACK_ENTER slot=1
Temporary breakpoint 101 at 0x1002481e
NEW_SPLIT_FALLBACK_RETURN slot=1 positions=2
NEW_SPLIT_ENTER slot=3
Temporary breakpoint 102 at 0x10024808
NEW_SPLIT_METRIC_ENTRY caller=0x10024271 count=1 ids_weights: 9433:25
Temporary breakpoint 103 at 0x10024271
NEW_SPLIT_METRIC_RETURN sum=25
NEW_SPLIT_RETURN slot=3 accepted=1
NEW_SPLIT_ENTER slot=4
Temporary breakpoint 104 at 0x10024808
NEW_SPLIT_RETURN slot=4 accepted=0
NEW_SPLIT_FALLBACK_ENTER slot=4
Temporary breakpoint 105 at 0x1002481e
NEW_SPLIT_FALLBACK_RETURN slot=4 positions=2
NEW_SPLIT_ENTER slot=6
Temporary breakpoint 106 at 0x10024808
NEW_SPLIT_RETURN slot=6 accepted=0
NEW_SPLIT_FALLBACK_ENTER slot=6
Temporary breakpoint 107 at 0x1002481e
NEW_SPLIT_FALLBACK_RETURN slot=6 positions=2
NEW_SPLIT_ENTER slot=8
Temporary breakpoint 108 at 0x10024808
NEW_SPLIT_RETURN slot=8 accepted=0
NEW_SPLIT_FALLBACK_ENTER slot=8
Temporary breakpoint 109 at 0x1002481e
NEW_SPLIT_FALLBACK_RETURN slot=8 positions=2
NEW_SPLIT_ENTER slot=10
Temporary breakpoint 110 at 0x10024808
NEW_SPLIT_RETURN slot=10 accepted=0
NEW_SPLIT_FALLBACK_ENTER slot=10
Temporary breakpoint 111 at 0x1002481e
NEW_SPLIT_FALLBACK_RETURN slot=10 positions=2
NEW_SPLIT_ENTER slot=12
Temporary breakpoint 112 at 0x10024808
NEW_SPLIT_METRIC_ENTRY caller=0x10024271 count=1 ids_weights: 19017:46
Temporary breakpoint 113 at 0x10024271
NEW_SPLIT_METRIC_RETURN sum=46
NEW_SPLIT_RETURN slot=12 accepted=1
NEW_POSITION_BUILDER_RETURN positions=13
Temporary breakpoint 114 at 0x100249bb
NEW_SPLIT_ENTER slot=0
Temporary breakpoint 115 at 0x10024808
NEW_SPLIT_METRIC_ENTRY caller=0x10024271 count=1 ids_weights: 34598:30
Temporary breakpoint 116 at 0x10024271
NEW_SPLIT_METRIC_RETURN sum=30
NEW_SPLIT_RETURN slot=0 accepted=1
NEW_SPLIT_ENTER slot=1
Temporary breakpoint 117 at 0x10024808
NEW_SPLIT_METRIC_ENTRY caller=0x10024271 count=1 ids_weights: 14110:5
Temporary breakpoint 118 at 0x10024271
NEW_SPLIT_METRIC_RETURN sum=5
NEW_SPLIT_RETURN slot=1 accepted=0
NEW_SPLIT_FALLBACK_ENTER slot=1
Temporary breakpoint 119 at 0x1002481e
NEW_SPLIT_FALLBACK_RETURN slot=1 positions=2
NEW_SPLIT_ENTER slot=3
Temporary breakpoint 120 at 0x10024808
NEW_SPLIT_METRIC_ENTRY caller=0x10024271 count=1 ids_weights: 9433:25
Temporary breakpoint 121 at 0x10024271
NEW_SPLIT_METRIC_RETURN sum=25
NEW_SPLIT_RETURN slot=3 accepted=1
NEW_SPLIT_ENTER slot=4
Temporary breakpoint 122 at 0x10024808
NEW_SPLIT_RETURN slot=4 accepted=0
NEW_SPLIT_FALLBACK_ENTER slot=4
Temporary breakpoint 123 at 0x1002481e
NEW_SPLIT_FALLBACK_RETURN slot=4 positions=2
NEW_SPLIT_ENTER slot=6
Temporary breakpoint 124 at 0x10024808
NEW_SPLIT_RETURN slot=6 accepted=0
NEW_SPLIT_FALLBACK_ENTER slot=6
Temporary breakpoint 125 at 0x1002481e
NEW_SPLIT_FALLBACK_RETURN slot=6 positions=2
NEW_SPLIT_ENTER slot=8
Temporary breakpoint 126 at 0x10024808
NEW_SPLIT_RETURN slot=8 accepted=0
NEW_SPLIT_FALLBACK_ENTER slot=8
Temporary breakpoint 127 at 0x1002481e
NEW_SPLIT_FALLBACK_RETURN slot=8 positions=2
NEW_SPLIT_ENTER slot=10
Temporary breakpoint 128 at 0x10024808
NEW_SPLIT_RETURN slot=10 accepted=0
NEW_SPLIT_FALLBACK_ENTER slot=10
Temporary breakpoint 129 at 0x1002481e
NEW_SPLIT_FALLBACK_RETURN slot=10 positions=2
NEW_SPLIT_ENTER slot=12
Temporary breakpoint 130 at 0x10024808
NEW_SPLIT_METRIC_ENTRY caller=0x10024271 count=1 ids_weights: 19017:46
Temporary breakpoint 131 at 0x10024271
NEW_SPLIT_METRIC_RETURN sum=46
NEW_SPLIT_RETURN slot=12 accepted=1
NEW_POSITION_BUILDER_RETURN positions=13
Temporary breakpoint 132 at 0x100249bb
NEW_SPLIT_ENTER slot=0
Temporary breakpoint 133 at 0x10024808
NEW_SPLIT_METRIC_ENTRY caller=0x10024271 count=1 ids_weights: 34598:30
Temporary breakpoint 134 at 0x10024271
NEW_SPLIT_METRIC_RETURN sum=30
NEW_SPLIT_RETURN slot=0 accepted=1
NEW_SPLIT_ENTER slot=1
Temporary breakpoint 135 at 0x10024808
NEW_SPLIT_METRIC_ENTRY caller=0x10024271 count=1 ids_weights: 14110:5
Temporary breakpoint 136 at 0x10024271
NEW_SPLIT_METRIC_RETURN sum=5
NEW_SPLIT_RETURN slot=1 accepted=0
NEW_SPLIT_FALLBACK_ENTER slot=1
Temporary breakpoint 137 at 0x1002481e
NEW_SPLIT_FALLBACK_RETURN slot=1 positions=2
NEW_SPLIT_ENTER slot=3
Temporary breakpoint 138 at 0x10024808
NEW_SPLIT_METRIC_ENTRY caller=0x10024271 count=1 ids_weights: 9433:25
Temporary breakpoint 139 at 0x10024271
NEW_SPLIT_METRIC_RETURN sum=25
NEW_SPLIT_RETURN slot=3 accepted=1
NEW_SPLIT_ENTER slot=4
Temporary breakpoint 140 at 0x10024808
NEW_SPLIT_RETURN slot=4 accepted=0
NEW_SPLIT_FALLBACK_ENTER slot=4
Temporary breakpoint 141 at 0x1002481e
NEW_SPLIT_FALLBACK_RETURN slot=4 positions=2
NEW_SPLIT_ENTER slot=6
Temporary breakpoint 142 at 0x10024808
NEW_SPLIT_RETURN slot=6 accepted=0
NEW_SPLIT_FALLBACK_ENTER slot=6
Temporary breakpoint 143 at 0x1002481e
NEW_SPLIT_FALLBACK_RETURN slot=6 positions=2
NEW_SPLIT_ENTER slot=8
Temporary breakpoint 144 at 0x10024808
NEW_SPLIT_RETURN slot=8 accepted=0
NEW_SPLIT_FALLBACK_ENTER slot=8
Temporary breakpoint 145 at 0x1002481e
NEW_SPLIT_FALLBACK_RETURN slot=8 positions=2
NEW_SPLIT_ENTER slot=10
Temporary breakpoint 146 at 0x10024808
NEW_SPLIT_RETURN slot=10 accepted=0
NEW_SPLIT_FALLBACK_ENTER slot=10
Temporary breakpoint 147 at 0x1002481e
NEW_SPLIT_FALLBACK_RETURN slot=10 positions=2
NEW_SPLIT_ENTER slot=12
Temporary breakpoint 148 at 0x10024808
NEW_SPLIT_METRIC_ENTRY caller=0x10024271 count=1 ids_weights: 19017:46
Temporary breakpoint 149 at 0x10024271
NEW_SPLIT_METRIC_RETURN sum=46
NEW_SPLIT_RETURN slot=12 accepted=1
NEW_POSITION_BUILDER_RETURN positions=13
Temporary breakpoint 150 at 0x100249bb
NEW_SPLIT_ENTER slot=0
Temporary breakpoint 151 at 0x10024808
NEW_SPLIT_METRIC_ENTRY caller=0x10024271 count=1 ids_weights: 34598:30
Temporary breakpoint 152 at 0x10024271
NEW_SPLIT_METRIC_RETURN sum=30
NEW_SPLIT_RETURN slot=0 accepted=1
NEW_SPLIT_ENTER slot=1
Temporary breakpoint 153 at 0x10024808
NEW_SPLIT_METRIC_ENTRY caller=0x10024271 count=1 ids_weights: 14110:5
Temporary breakpoint 154 at 0x10024271
NEW_SPLIT_METRIC_RETURN sum=5
NEW_SPLIT_RETURN slot=1 accepted=0
NEW_SPLIT_FALLBACK_ENTER slot=1
Temporary breakpoint 155 at 0x1002481e
NEW_SPLIT_FALLBACK_RETURN slot=1 positions=2
NEW_SPLIT_ENTER slot=3
Temporary breakpoint 156 at 0x10024808
NEW_SPLIT_METRIC_ENTRY caller=0x10024271 count=1 ids_weights: 9433:25
Temporary breakpoint 157 at 0x10024271
NEW_SPLIT_METRIC_RETURN sum=25
NEW_SPLIT_RETURN slot=3 accepted=1
NEW_SPLIT_ENTER slot=4
Temporary breakpoint 158 at 0x10024808
NEW_SPLIT_RETURN slot=4 accepted=0
NEW_SPLIT_FALLBACK_ENTER slot=4
Temporary breakpoint 159 at 0x1002481e
NEW_SPLIT_FALLBACK_RETURN slot=4 positions=2
NEW_SPLIT_ENTER slot=6
Temporary breakpoint 160 at 0x10024808
NEW_SPLIT_RETURN slot=6 accepted=0
NEW_SPLIT_FALLBACK_ENTER slot=6
Temporary breakpoint 161 at 0x1002481e
NEW_SPLIT_FALLBACK_RETURN slot=6 positions=2
NEW_SPLIT_ENTER slot=8
Temporary breakpoint 162 at 0x10024808
NEW_SPLIT_RETURN slot=8 accepted=0
NEW_SPLIT_FALLBACK_ENTER slot=8
Temporary breakpoint 163 at 0x1002481e
NEW_SPLIT_FALLBACK_RETURN slot=8 positions=2
NEW_SPLIT_ENTER slot=10
Temporary breakpoint 164 at 0x10024808
NEW_SPLIT_RETURN slot=10 accepted=0
NEW_SPLIT_FALLBACK_ENTER slot=10
Temporary breakpoint 165 at 0x1002481e
NEW_SPLIT_FALLBACK_RETURN slot=10 positions=2
NEW_SPLIT_ENTER slot=12
Temporary breakpoint 166 at 0x10024808
NEW_SPLIT_METRIC_ENTRY caller=0x10024271 count=1 ids_weights: 19017:46
Temporary breakpoint 167 at 0x10024271
NEW_SPLIT_METRIC_RETURN sum=46
NEW_SPLIT_RETURN slot=12 accepted=1
NEW_POSITION_BUILDER_RETURN positions=13
Temporary breakpoint 168 at 0x100249bb
NEW_SPLIT_ENTER slot=0
Temporary breakpoint 169 at 0x10024808
NEW_SPLIT_METRIC_ENTRY caller=0x10024271 count=1 ids_weights: 34598:30
Temporary breakpoint 170 at 0x10024271
NEW_SPLIT_METRIC_RETURN sum=30
NEW_SPLIT_RETURN slot=0 accepted=1
NEW_SPLIT_ENTER slot=1
Temporary breakpoint 171 at 0x10024808
NEW_SPLIT_METRIC_ENTRY caller=0x10024271 count=1 ids_weights: 14110:5
Temporary breakpoint 172 at 0x10024271
NEW_SPLIT_METRIC_RETURN sum=5
NEW_SPLIT_RETURN slot=1 accepted=0
NEW_SPLIT_FALLBACK_ENTER slot=1
Temporary breakpoint 173 at 0x1002481e
NEW_SPLIT_FALLBACK_RETURN slot=1 positions=2
NEW_SPLIT_ENTER slot=3
Temporary breakpoint 174 at 0x10024808
NEW_SPLIT_METRIC_ENTRY caller=0x10024271 count=1 ids_weights: 9433:25
Temporary breakpoint 175 at 0x10024271
NEW_SPLIT_METRIC_RETURN sum=25
NEW_SPLIT_RETURN slot=3 accepted=1
NEW_SPLIT_ENTER slot=4
Temporary breakpoint 176 at 0x10024808
NEW_SPLIT_RETURN slot=4 accepted=0
NEW_SPLIT_FALLBACK_ENTER slot=4
Temporary breakpoint 177 at 0x1002481e
NEW_SPLIT_FALLBACK_RETURN slot=4 positions=2
NEW_SPLIT_ENTER slot=6
Temporary breakpoint 178 at 0x10024808
NEW_SPLIT_RETURN slot=6 accepted=0
NEW_SPLIT_FALLBACK_ENTER slot=6
Temporary breakpoint 179 at 0x1002481e
NEW_SPLIT_FALLBACK_RETURN slot=6 positions=2
NEW_SPLIT_ENTER slot=8
Temporary breakpoint 180 at 0x10024808
NEW_SPLIT_RETURN slot=8 accepted=0
NEW_SPLIT_FALLBACK_ENTER slot=8
Temporary breakpoint 181 at 0x1002481e
NEW_SPLIT_FALLBACK_RETURN slot=8 positions=2
NEW_SPLIT_ENTER slot=10
Temporary breakpoint 182 at 0x10024808
NEW_SPLIT_RETURN slot=10 accepted=0
NEW_SPLIT_FALLBACK_ENTER slot=10
Temporary breakpoint 183 at 0x1002481e
NEW_SPLIT_FALLBACK_RETURN slot=10 positions=2
NEW_SPLIT_ENTER slot=12
Temporary breakpoint 184 at 0x10024808
NEW_SPLIT_METRIC_ENTRY caller=0x10024271 count=1 ids_weights: 19017:46
Temporary breakpoint 185 at 0x10024271
NEW_SPLIT_METRIC_RETURN sum=46
NEW_SPLIT_RETURN slot=12 accepted=1
NEW_POSITION_BUILDER_RETURN positions=13
[Inferior 1 (Remote target) exited normally]
Wine-gdb> 