Wine-gdb> Already logging to /work/corpus-parity/stage20/split-threshold-old-gdb.log.
Wine-gdb> Breakpoint 1 at 0x408187
Wine-gdb> >>>>> > > > > > > > >  >  >  >  > > >>>> > > >  >  >  >  >  >  >  >  >   >   >   >   >  >  >  >   >   >   >   >  > > >>>> > > >  >  >  >  >  >  >  >  >  >   >   >   >   >   >    >    >    >   >   >   >  > > >>>> > > > > > >  >  >  >  > > >>>> > > > > >  >  >  >  > > >>>>Wine-gdb> Wine-gdb> Continuing.
OLD_THRESHOLD_TRACE_READY
Breakpoint 2 at 0x1001dfb0
Breakpoint 3 at 0x1001d5c0
Breakpoint 4 at 0x1001da80
Breakpoint 5 at 0x1001e110
Breakpoint 6 at 0x1001e470
Temporary breakpoint 7 at 0x10022f8e
OLD_SPLIT_ENTER slot=0 state=0x26f0020 context=0x18e1b30
Temporary breakpoint 8 at 0x1001e621
OLD_CLASS_LOOKUP_ENTER slot=0 mode=1 key:0x26f0834:	90	34	23	30	30
Temporary breakpoint 9 at 0x1001e012
OLD_CLASS_LOOKUP_RETURN slot=0 mode=1 appended=75 total=4 ids: 52164 52165 52166 52167
OLD_SPLIT_METRIC_ENTRY caller=0x1001e0fa count=4 ids_weights: 52164:45 52165:2 52166:24 52167:4
Temporary breakpoint 10 at 0x1001e0fa
OLD_SPLIT_METRIC_RETURN sum=75
OLD_SPLIT_RETURN slot=0 accepted=1
OLD_SPLIT_ENTER slot=1 state=0x26f0020 context=0x18e1b30
Temporary breakpoint 11 at 0x1001e621
OLD_CLASS_LOOKUP_ENTER slot=1 mode=1 key:0x26f0839:	34	23	43	0	30
Temporary breakpoint 12 at 0x1001e012
OLD_CLASS_LOOKUP_RETURN slot=1 mode=1 appended=9 total=2 ids: 32401 32400
OLD_SPLIT_METRIC_ENTRY caller=0x1001e0fa count=2 ids_weights: 32400:4 32401:5
Temporary breakpoint 13 at 0x1001e0fa
OLD_SPLIT_METRIC_RETURN sum=9
OLD_SPLIT_RETURN slot=1 accepted=1
OLD_SPLIT_ENTER slot=2 state=0x26f0020 context=0x18e1b30
Temporary breakpoint 14 at 0x1001e621
OLD_CLASS_LOOKUP_ENTER slot=2 mode=1 key:0x26f083e:	23	43	48	0	0
Temporary breakpoint 15 at 0x1001e012
OLD_CLASS_LOOKUP_RETURN slot=2 mode=1 appended=5 total=1 ids: 25383
OLD_SPLIT_METRIC_ENTRY caller=0x1001e0fa count=1 ids_weights: 25383:5
Temporary breakpoint 16 at 0x1001e0fa
OLD_SPLIT_METRIC_RETURN sum=5
OLD_SPLIT_RETURN slot=2 accepted=1
OLD_SPLIT_ENTER slot=3 state=0x26f0020 context=0x18e1b30
Temporary breakpoint 17 at 0x1001e621
OLD_CLASS_LOOKUP_ENTER slot=3 mode=1 key:0x26f0843:	43	48	90	4	4
Temporary breakpoint 18 at 0x1001e012
OLD_CLASS_LOOKUP_RETURN slot=3 mode=1 appended=6 total=1 ids: 37302
OLD_SPLIT_METRIC_ENTRY caller=0x1001e0fa count=1 ids_weights: 37302:6
Temporary breakpoint 19 at 0x1001e0fa
OLD_SPLIT_METRIC_RETURN sum=6
OLD_SPLIT_RETURN slot=3 accepted=1
OLD_SELECTOR_RETURN positions=4
Temporary breakpoint 20 at 0x10022f8e
OLD_SPLIT_ENTER slot=0 state=0x26f0020 context=0x18e1b30
Temporary breakpoint 21 at 0x1001e621
OLD_CLASS_LOOKUP_ENTER slot=0 mode=1 key:0x26f0834:	90	34	23	30	30
Temporary breakpoint 22 at 0x1001e012
OLD_CLASS_LOOKUP_RETURN slot=0 mode=1 appended=75 total=4 ids: 52164 52165 52166 52167
OLD_SPLIT_METRIC_ENTRY caller=0x1001e0fa count=4 ids_weights: 52164:45 52165:2 52166:24 52167:4
Temporary breakpoint 23 at 0x1001e0fa
OLD_SPLIT_METRIC_RETURN sum=75
OLD_SPLIT_RETURN slot=0 accepted=1
OLD_SPLIT_ENTER slot=1 state=0x26f0020 context=0x18e1b30
Temporary breakpoint 24 at 0x1001e621
OLD_CLASS_LOOKUP_ENTER slot=1 mode=1 key:0x26f0839:	34	23	43	0	30
Temporary breakpoint 25 at 0x1001e012
OLD_CLASS_LOOKUP_RETURN slot=1 mode=1 appended=9 total=2 ids: 32401 32400
OLD_SPLIT_METRIC_ENTRY caller=0x1001e0fa count=2 ids_weights: 32400:4 32401:5
Temporary breakpoint 26 at 0x1001e0fa
OLD_SPLIT_METRIC_RETURN sum=9
OLD_SPLIT_RETURN slot=1 accepted=1
OLD_SPLIT_ENTER slot=2 state=0x26f0020 context=0x18e1b30
Temporary breakpoint 27 at 0x1001e621
OLD_CLASS_LOOKUP_ENTER slot=2 mode=1 key:0x26f083e:	23	43	48	0	0
Temporary breakpoint 28 at 0x1001e012
OLD_CLASS_LOOKUP_RETURN slot=2 mode=1 appended=5 total=1 ids: 25383
OLD_SPLIT_METRIC_ENTRY caller=0x1001e0fa count=1 ids_weights: 25383:5
Temporary breakpoint 29 at 0x1001e0fa
OLD_SPLIT_METRIC_RETURN sum=5
OLD_SPLIT_RETURN slot=2 accepted=1
OLD_SPLIT_ENTER slot=3 state=0x26f0020 context=0x18e1b30
Temporary breakpoint 30 at 0x1001e621
OLD_CLASS_LOOKUP_ENTER slot=3 mode=1 key:0x26f0843:	43	48	90	4	4
Temporary breakpoint 31 at 0x1001e012
OLD_CLASS_LOOKUP_RETURN slot=3 mode=1 appended=6 total=1 ids: 37302
OLD_SPLIT_METRIC_ENTRY caller=0x1001e0fa count=1 ids_weights: 37302:6
Temporary breakpoint 32 at 0x1001e0fa
OLD_SPLIT_METRIC_RETURN sum=6
OLD_SPLIT_RETURN slot=3 accepted=1
OLD_SELECTOR_RETURN positions=4
Temporary breakpoint 33 at 0x10022f8e
OLD_SPLIT_ENTER slot=0 state=0x26f0020 context=0x18e1b30
Temporary breakpoint 34 at 0x1001e621
OLD_CLASS_LOOKUP_ENTER slot=0 mode=1 key:0x26f0834:	90	34	23	30	30
Temporary breakpoint 35 at 0x1001e012
OLD_CLASS_LOOKUP_RETURN slot=0 mode=1 appended=75 total=4 ids: 52164 52165 52166 52167
OLD_SPLIT_METRIC_ENTRY caller=0x1001e0fa count=4 ids_weights: 52164:45 52165:2 52166:24 52167:4
Temporary breakpoint 36 at 0x1001e0fa
OLD_SPLIT_METRIC_RETURN sum=75
OLD_SPLIT_RETURN slot=0 accepted=1
OLD_SPLIT_ENTER slot=1 state=0x26f0020 context=0x18e1b30
Temporary breakpoint 37 at 0x1001e621
OLD_CLASS_LOOKUP_ENTER slot=1 mode=1 key:0x26f0839:	34	23	43	0	30
Temporary breakpoint 38 at 0x1001e012
OLD_CLASS_LOOKUP_RETURN slot=1 mode=1 appended=9 total=2 ids: 32401 32400
OLD_SPLIT_METRIC_ENTRY caller=0x1001e0fa count=2 ids_weights: 32400:4 32401:5
Temporary breakpoint 39 at 0x1001e0fa
OLD_SPLIT_METRIC_RETURN sum=9
OLD_SPLIT_RETURN slot=1 accepted=1
OLD_SPLIT_ENTER slot=2 state=0x26f0020 context=0x18e1b30
Temporary breakpoint 40 at 0x1001e621
OLD_CLASS_LOOKUP_ENTER slot=2 mode=1 key:0x26f083e:	23	43	48	0	0
Temporary breakpoint 41 at 0x1001e012
OLD_CLASS_LOOKUP_RETURN slot=2 mode=1 appended=5 total=1 ids: 25383
OLD_SPLIT_METRIC_ENTRY caller=0x1001e0fa count=1 ids_weights: 25383:5
Temporary breakpoint 42 at 0x1001e0fa
OLD_SPLIT_METRIC_RETURN sum=5
OLD_SPLIT_RETURN slot=2 accepted=1
OLD_SPLIT_ENTER slot=3 state=0x26f0020 context=0x18e1b30
Temporary breakpoint 43 at 0x1001e621
OLD_CLASS_LOOKUP_ENTER slot=3 mode=1 key:0x26f0843:	43	48	90	4	4
Temporary breakpoint 44 at 0x1001e012
OLD_CLASS_LOOKUP_RETURN slot=3 mode=1 appended=6 total=1 ids: 37302
OLD_SPLIT_METRIC_ENTRY caller=0x1001e0fa count=1 ids_weights: 37302:6
Temporary breakpoint 45 at 0x1001e0fa
OLD_SPLIT_METRIC_RETURN sum=6
OLD_SPLIT_RETURN slot=3 accepted=1
OLD_SELECTOR_RETURN positions=4
warning: Temporarily disabling breakpoints for unloaded shared library "/samples/vt_kat.dll"
[Inferior 1 (Remote target) exited normally]
Wine-gdb> 