GNU gdb (Ubuntu 15.1-1ubuntu1~24.04.1) 15.1
Copyright (C) 2024 Free Software Foundation, Inc.
License GPLv3+: GNU GPL version 3 or later <http://gnu.org/licenses/gpl.html>
This is free software: you are free to change and redistribute it.
There is NO WARRANTY, to the extent permitted by law.
Type "show copying" and "show warranty" for details.
This GDB was configured as "x86_64-linux-gnu".
Type "show configuration" for configuration details.
For bug reporting instructions, please see:
<https://www.gnu.org/software/gdb/bugs/>.
Find the GDB manual and other documentation resources online at:
    <http://www.gnu.org/software/gdb/documentation/>.

For help, type "help".
Type "apropos word" to search for commands related to "word".
warning: remote target does not support file transfer, attempting to access files from local filesystem.
Reading symbols from /samples/voicetext_kate.exe...
0x7bd64525 in DbgBreakPoint@0 ()
   from /usr/lib/i386-linux-gnu/wine/i386-windows/ntdll.dll
Wine-gdb> Wine-gdb> Wine-gdb> Wine-gdb> Signal        Stop	Print	Pass to program	Description
SIGSEGV       No	No	Yes		Segmentation fault
Wine-gdb> Wine-gdb> Wine-gdb> Copying output to /work/corpus-parity/stage20/hello-repeat-2013-unmarked-prefix-232670/adapted-prefix-edge-gdb.log.
Copying debug output to /work/corpus-parity/stage20/hello-repeat-2013-unmarked-prefix-232670/adapted-prefix-edge-gdb.log.
Wine-gdb> Already logging to /work/corpus-parity/stage20/hello-repeat-2013-unmarked-prefix-232670/adapted-prefix-edge-gdb.log.
Wine-gdb> Wine-gdb> Wine-gdb> Breakpoint 1 at 0x10023331
Wine-gdb> >>>> > > >  >  >   >   >  >  > >>>Wine-gdb> Wine-gdb> Wine-gdb> Wine-gdb> Hardware assisted breakpoint 2 at 0x100191bc
Wine-gdb> >>>>>> > > > > > > > >>>Wine-gdb> Wine-gdb> Hardware assisted breakpoint 3 at 0x408187
Wine-gdb> >>>>Wine-gdb> Wine-gdb> Continuing.
UNMARKED_PREFIX_EDGE context=3 current=264073 previous=36540 feature=17.3689 divisor=1 penalty=10 previous_path=38.7541 local=35.1225 total=101.245
UNMARKED_PREFIX_EDGE context=3 current=264073 previous=273370 feature=15.7059 divisor=1 penalty=10 previous_path=28.9985 local=35.1225 total=89.8269
UNMARKED_PREFIX_EDGE context=3 current=264073 previous=272823 feature=33.3572 divisor=1 penalty=10 previous_path=36.8171 local=35.1225 total=115.297
UNMARKED_PREFIX_EDGE context=3 current=264073 previous=272152 feature=11.0072 divisor=1 penalty=10 previous_path=37.5061 local=35.1225 total=93.6358
UNMARKED_PREFIX_EDGE context=3 current=264073 previous=268760 feature=20.4667 divisor=1 penalty=10 previous_path=34.7094 local=35.1225 total=100.299
UNMARKED_PREFIX_EDGE context=3 current=264073 previous=264072 feature=2 divisor=1 penalty=0 previous_path=35.4855 local=35.1225 total=72.608
UNMARKED_PREFIX_EDGE context=3 current=264073 previous=96599 feature=11.2718 divisor=1 penalty=10 previous_path=39.6419 local=35.1225 total=96.0361
UNMARKED_PREFIX_EDGE context=3 current=264073 previous=13942 feature=19.4778 divisor=1 penalty=10 previous_path=41.7486 local=35.1225 total=106.349
UNMARKED_PREFIX_EDGE context=3 current=264073 previous=53487 feature=11.8166 divisor=1 penalty=10 previous_path=33.3076 local=35.1225 total=90.2466
UNMARKED_PREFIX_EDGE context=3 current=264073 previous=4105 feature=12.0503 divisor=1 penalty=10 previous_path=42.576 local=35.1225 total=99.7488
UNMARKED_PREFIX_EDGE context=3 current=264073 previous=72577 feature=9.61477 divisor=1 penalty=10 previous_path=41.9527 local=35.1225 total=96.69
UNMARKED_PREFIX_EDGE context=3 current=264073 previous=63692 feature=24.4179 divisor=1 penalty=10 previous_path=50.5632 local=35.1225 total=120.104
UNMARKED_PREFIX_EDGE context=3 current=264073 previous=93736 feature=20.5224 divisor=1 penalty=10 previous_path=46.8797 local=35.1225 total=112.525
UNMARKED_PREFIX_EDGE context=3 current=264073 previous=235111 feature=24.8164 divisor=1 penalty=10 previous_path=46.5717 local=35.1225 total=116.511
UNMARKED_PREFIX_EDGE context=3 current=264073 previous=45237 feature=30.5591 divisor=1 penalty=10 previous_path=46.9865 local=35.1225 total=122.668
UNMARKED_PREFIX_EDGE context=3 current=264073 previous=77285 feature=11.7109 divisor=1 penalty=10 previous_path=45.0309 local=35.1225 total=101.864
UNMARKED_PREFIX_EDGE context=3 current=264073 previous=281786 feature=24.5266 divisor=1 penalty=10 previous_path=46.1968 local=35.1225 total=115.846
UNMARKED_PREFIX_EDGE context=3 current=264073 previous=115179 feature=10.0723 divisor=1 penalty=10 previous_path=40.081 local=35.1225 total=95.2758
[Inferior 1 (Remote target) exited normally]
Wine-gdb> 0114:0118: create process 'Z:\samples\voicetext_kate.exe'/00000000 @004014C0 (450560<1847>)
0114:0118: create thread I @004014C0
0114:0118: loads DLL C:\windows\system32\ntdll.dll @7BD10000 (2994176<5095>)
0114:0118: loads DLL C:\windows\system32\kernel32.dll @7BB90000 (1466368<19395>)
0114:0118: loads DLL C:\windows\system32\kernelbase.dll @7B650000 (5410816<14148>)
0114:0118: loads DLL C:\windows\system32\msvcrt.dll @7B2A0000 (2715648<8214>)
0114:0118: loads DLL Z:\samples\vt_kat.dll @10000000 (0<0>)
0114:0118: loads DLL C:\windows\system32\WINMM.dll @78CF0000 (1474560<4890>)
0114:0118: loads DLL C:\windows\system32\advapi32.dll @7B550000 (958464<7400>)
0114:0118: loads DLL C:\windows\system32\sechost.dll @7B200000 (565248<3163>)
0114:0118: loads DLL C:\windows\system32\ucrtbase.dll @7AEE0000 (3198976<11541>)
0114:0118: loads DLL C:\windows\system32\msacm32.dll @78C70000 (413696<1982>)
0114:0118: loads DLL C:\windows\system32\user32.dll @7A160000 (5005312<14159>)
0114:0118: loads DLL Z:\samples\zlib1.dll @7A120000 (135680<0>)
0114:0118: loads DLL C:\windows\system32\gdi32.dll @7A640000 (2355200<7390>)
0114:0118: loads DLL C:\windows\system32\win32u.dll @7A0D0000 (221184<1966>)
0114:0118: loads DLL C:\windows\system32\ole32.dll @7A9F0000 (4440064<14323>)
0114:0118: loads DLL C:\windows\system32\combase.dll @7A890000 (1314816<7562>)
0114:0118: loads DLL C:\windows\system32\rpcrt4.dll @79EA0000 (2162688<9274>)
0114:0118: loads DLL C:\windows\system32\coml2.dll @79E40000 (262144<3883>)
0114:0118: loads DLL C:\windows\system32\iphlpapi.dll @779C0000 (487424<4777>)
0114:0118: loads DLL C:\windows\system32\dnsapi.dll @77970000 (258048<1399>)
0114:0118: loads DLL C:\windows\system32\nsi.dll @77940000 (118784<823>)
0114:0118: loads DLL C:\windows\system32\ws2_32.dll @7AE40000 (565248<2279>)
0114:0118: loads DLL C:\windows\system32\tzres.dll @009C0000 (0<0>)
00000114:00000118: unload DLL @009C0000
0114:0118: loads DLL C:\windows\system32\tzres.dll @009C0000 (0<0>)
00000114:00000118: unload DLL @009C0000
0114:0118: loads DLL C:\windows\system32\imm32.dll @782F0000 (401408<2996>)
0114:0118: loads DLL C:\windows\system32\winex11.drv @780F0000 (307200<4314>)
0114:0118: loads DLL C:\windows\system32\uxtheme.dll @77FF0000 (671744<3646>)
00000114:00000118: exit process (0)
X connection to :99 broken (explicit kill or server shutdown).
X connection to :99 broken (explicit kill or server shutdown).
