Wine-gdb> Wine-gdb> Wine-gdb> Wine-gdb> Breakpoint 1 at 0x100182e0
Wine-gdb> >>> > > > > > > > > > > > > > > > > > > > > >  >  >  >  > >>>Wine-gdb> Wine-gdb> Breakpoint 2 at 0x1001b200
Wine-gdb> >>>>>Wine-gdb> Wine-gdb> Continuing.
SCORE_ENTRY call=1 unit=164876 scale=1 target_desc=0x25cc648:	0x00	0x00	0x00	0x00	0x01	0x01	0x00
SCORE_EXPECTED_SIGNATURE=0x24e0752:	0x5a	0x5a	0x39	0x23	0x5a	0xa0	0x00
SCORE_UNIT_SIGNATURE=0x1ee9c74:	0x25	0x15	0x39	0x27	0x0a	0x20	0x14
SCORE_BYTE1 target=90 unit=21 category_target=0 category_unit=9 lookup_target=5 lookup_unit=3
SCORE_BYTE3 target=35 unit=39 category_target=17 category_unit=18 lookup_target=1 lookup_unit=1
SCORE_FEATURE_VIEW=0x6676cc:	0x13	0x0c	0x0c	0x00	0xf4	0x76	0x66	0x00
0x6676d4:	0xd5	0x49
Temporary breakpoint 3 at 0x1002389a
SCORE_RETURN call=1 value=517.6
SCORE_ENTRY call=2 unit=271793 scale=1 target_desc=0x25cc648:	0x00	0x00	0x00	0x00	0x01	0x01	0x00
SCORE_EXPECTED_SIGNATURE=0x24e0752:	0x5a	0x5a	0x39	0x23	0x5a	0xa0	0x00
SCORE_UNIT_SIGNATURE=0x1fa07f7:	0x13	0x09	0x4a	0x36	0x24	0x20	0x08
SCORE_BYTE1 target=90 unit=9 category_target=0 category_unit=3 lookup_target=5 lookup_unit=1
SCORE_BYTE3 target=35 unit=54 category_target=17 category_unit=28 lookup_target=1 lookup_unit=2
SCORE_FEATURE_VIEW=0x6676cc:	0x13	0x0c	0x0c	0x00	0xf4	0x76	0x66	0x00
0x6676d4:	0xd5	0x49
Temporary breakpoint 4 at 0x1002389a
SCORE_RETURN call=2 value=512.6
SCORE_ENTRY call=3 unit=276068 scale=1 target_desc=0x25cc648:	0x00	0x00	0x00	0x00	0x01	0x01	0x00
SCORE_EXPECTED_SIGNATURE=0x24e0752:	0x5a	0x5a	0x39	0x23	0x5a	0xa0	0x00
SCORE_UNIT_SIGNATURE=0x1fa7cdc:	0x10	0x0d	0x39	0x18	0x18	0x21	0x16
SCORE_BYTE1 target=90 unit=13 category_target=0 category_unit=5 lookup_target=5 lookup_unit=1
SCORE_BYTE3 target=35 unit=24 category_target=17 category_unit=11 lookup_target=1 lookup_unit=1
SCORE_FEATURE_VIEW=0x6676cc:	0x13	0x0c	0x0c	0x00	0xf4	0x76	0x66	0x00
0x6676d4:	0xd5	0x49
Temporary breakpoint 5 at 0x1002389a
SCORE_RETURN call=3 value=527.6
SCORE_ENTRY call=4 unit=164528 scale=1 target_desc=0x25cc648:	0x00	0x00	0x00	0x00	0x01	0x01	0x00
SCORE_EXPECTED_SIGNATURE=0x24e0752:	0x5a	0x5a	0x39	0x23	0x5a	0xa0	0x00
SCORE_UNIT_SIGNATURE=0x1ee92f0:	0x24	0x0d	0x39	0x29	0x1a	0x20	0x17
SCORE_BYTE1 target=90 unit=13 category_target=0 category_unit=5 lookup_target=5 lookup_unit=1
SCORE_BYTE3 target=35 unit=41 category_target=17 category_unit=19 lookup_target=1 lookup_unit=4
SCORE_FEATURE_VIEW=0x6676cc:	0x13	0x0c	0x0c	0x00	0xf4	0x76	0x66	0x00
0x6676d4:	0xd5	0x49
Temporary breakpoint 6 at 0x1002389a
SCORE_RETURN call=4 value=507.6
SCORE_ENTRY call=5 unit=274803 scale=1 target_desc=0x25cc648:	0x00	0x00	0x00	0x00	0x01	0x01	0x00
SCORE_EXPECTED_SIGNATURE=0x24e0752:	0x5a	0x5a	0x39	0x23	0x5a	0xa0	0x00
SCORE_UNIT_SIGNATURE=0x1fa5a45:	0x2c	0x16	0x39	0x10	0x0c	0x23	0x14
SCORE_BYTE1 target=90 unit=22 category_target=0 category_unit=10 lookup_target=5 lookup_unit=3
SCORE_BYTE3 target=35 unit=16 category_target=17 category_unit=6 lookup_target=1 lookup_unit=1
SCORE_FEATURE_VIEW=0x6676cc:	0x13	0x0c	0x0c	0x00	0xf4	0x76	0x66	0x00
0x6676d4:	0xd5	0x49
Temporary breakpoint 7 at 0x1002389a
SCORE_RETURN call=5 value=607.6
SCORE_ENTRY call=6 unit=55945 scale=1 target_desc=0x25cc648:	0x00	0x00	0x00	0x00	0x01	0x01	0x00
SCORE_EXPECTED_SIGNATURE=0x24e0752:	0x5a	0x5a	0x39	0x23	0x5a	0xa0	0x00
SCORE_UNIT_SIGNATURE=0x1e2f9df:	0x2b	0x1a	0x39	0x02	0x02	0x20	0x02
SCORE_BYTE1 target=90 unit=26 category_target=0 category_unit=12 lookup_target=5 lookup_unit=1
SCORE_BYTE3 target=35 unit=2 category_target=17 category_unit=1 lookup_target=1 lookup_unit=1
SCORE_FEATURE_VIEW=0x6676cc:	0x13	0x0c	0x0c	0x00	0xf4	0x76	0x66	0x00
0x6676d4:	0xd5	0x49
Temporary breakpoint 8 at 0x1002389a
SCORE_RETURN call=6 value=517.6
SCORE_ENTRY call=7 unit=155765 scale=1 target_desc=0x25cc648:	0x00	0x00	0x00	0x00	0x01	0x01	0x00
SCORE_EXPECTED_SIGNATURE=0x24e0752:	0x5a	0x5a	0x39	0x23	0x5a	0xa0	0x00
SCORE_UNIT_SIGNATURE=0x1eda353:	0x10	0x1c	0x4a	0x11	0x25	0x20	0x18
SCORE_BYTE1 target=90 unit=28 category_target=0 category_unit=12 lookup_target=5 lookup_unit=1
SCORE_BYTE3 target=35 unit=17 category_target=17 category_unit=6 lookup_target=1 lookup_unit=1
SCORE_FEATURE_VIEW=0x6676cc:	0x13	0x0c	0x0c	0x00	0xf4	0x76	0x66	0x00
0x6676d4:	0xd5	0x49
Temporary breakpoint 9 at 0x1002389a
SCORE_RETURN call=7 value=522.6
SCORE_ENTRY call=8 unit=173416 scale=1 target_desc=0x25cc648:	0x00	0x00	0x00	0x00	0x01	0x01	0x00
SCORE_EXPECTED_SIGNATURE=0x24e0752:	0x5a	0x5a	0x39	0x23	0x5a	0xa0	0x00
SCORE_UNIT_SIGNATURE=0x1ef85f8:	0x19	0x28	0x39	0x1a	0x18	0x20	0x19
SCORE_BYTE1 target=90 unit=40 category_target=0 category_unit=18 lookup_target=5 lookup_unit=1
SCORE_BYTE3 target=35 unit=26 category_target=17 category_unit=12 lookup_target=1 lookup_unit=1
SCORE_FEATURE_VIEW=0x6676cc:	0x13	0x0c	0x0c	0x00	0xf4	0x76	0x66	0x00
0x6676d4:	0xd5	0x49
Temporary breakpoint 10 at 0x1002389a
SCORE_RETURN call=8 value=507.6
SCORE_ENTRY call=9 unit=201699 scale=1 target_desc=0x25cc648:	0x00	0x00	0x00	0x00	0x01	0x01	0x00
SCORE_EXPECTED_SIGNATURE=0x24e0752:	0x5a	0x5a	0x39	0x23	0x5a	0xa0	0x00
SCORE_UNIT_SIGNATURE=0x1f28b55:	0x0b	0x2e	0x39	0x02	0x02	0x26	0x13
SCORE_BYTE1 target=90 unit=46 category_target=0 category_unit=24 lookup_target=5 lookup_unit=2
SCORE_BYTE3 target=35 unit=2 category_target=17 category_unit=1 lookup_target=1 lookup_unit=1
SCORE_FEATURE_VIEW=0x6676cc:	0x13	0x0c	0x0c	0x00	0xf4	0x76	0x66	0x00
0x6676d4:	0xd5	0x49
Temporary breakpoint 11 at 0x1002389a
SCORE_RETURN call=9 value=1507.6
SCORE_ENTRY call=10 unit=42440 scale=1 target_desc=0x25cc648:	0x00	0x00	0x00	0x00	0x01	0x01	0x00
SCORE_EXPECTED_SIGNATURE=0x24e0752:	0x5a	0x5a	0x39	0x23	0x5a	0xa0	0x00
SCORE_UNIT_SIGNATURE=0x1e18898:	0x2d	0x39	0x39	0x02	0x02	0x22	0x11
SCORE_BYTE1 target=90 unit=57 category_target=0 category_unit=31 lookup_target=5 lookup_unit=4
SCORE_BYTE3 target=35 unit=2 category_target=17 category_unit=1 lookup_target=1 lookup_unit=1
SCORE_FEATURE_VIEW=0x6676cc:	0x13	0x0c	0x0c	0x00	0xf4	0x76	0x66	0x00
0x6676d4:	0xd5	0x49
Temporary breakpoint 12 at 0x1002389a
SCORE_RETURN call=10 value=527.6
SCORE_ENTRY call=11 unit=282773 scale=1 target_desc=0x25cc648:	0x00	0x00	0x00	0x00	0x01	0x01	0x00
SCORE_EXPECTED_SIGNATURE=0x24e0752:	0x5a	0x5a	0x39	0x23	0x5a	0xa0	0x00
SCORE_UNIT_SIGNATURE=0x1fb3433:	0x5a	0x5a	0x39	0x49	0x30	0x36	0x16
SCORE_BYTE1 target=90 unit=90 category_target=0 category_unit=0 lookup_target=5 lookup_unit=5
SCORE_BYTE3 target=35 unit=73 category_target=17 category_unit=9 lookup_target=1 lookup_unit=2
SCORE_FEATURE_VIEW=0x6676cc:	0x13	0x0c	0x0c	0x00	0xf4	0x76	0x66	0x00
0x6676d4:	0xd5	0x49
Temporary breakpoint 13 at 0x1002389a
SCORE_RETURN call=11 value=1037.6
SCORE_ENTRY call=12 unit=164876 scale=1 target_desc=0x25cc64e:	0x00	0x00	0x00	0x01	0x02	0x01	0x00
SCORE_EXPECTED_SIGNATURE=0x24e0752:	0x5a	0x5a	0x39	0x23	0x5a	0xa0	0x00
SCORE_UNIT_SIGNATURE=0x1ee9c74:	0x25	0x15	0x39	0x27	0x0a	0x20	0x14
SCORE_BYTE1 target=90 unit=21 category_target=0 category_unit=9 lookup_target=5 lookup_unit=3
SCORE_BYTE3 target=35 unit=39 category_target=17 category_unit=18 lookup_target=1 lookup_unit=1
SCORE_FEATURE_VIEW=0x6676a8:	0x13	0x0c	0x0c	0x00	0xcc	0x76	0x66	0x00
0x6676b0:	0xce	0x48
Temporary breakpoint 14 at 0x1002389a
SCORE_RETURN call=12 value=27.6
SELECTED_UNIT n=1 id=42440
SELECTED_UNIT n=2 id=196073
SELECTED_UNIT n=3 id=210306
SELECTED_UNIT n=4 id=269729
SELECTED_UNIT n=5 id=196073
SELECTED_UNIT n=6 id=42440
SELECTED_UNIT n=7 id=269729
SELECTED_UNIT n=8 id=210306
[Inferior 1 (Remote target) exited normally]
Wine-gdb> 