Wine-gdb> Wine-gdb> Wine-gdb> Wine-gdb> Breakpoint 1 at 0x100182e0
Wine-gdb> >>> > > > > > > > > > > > > > > > > > > > > >  >  >  >  > >>>Wine-gdb> Wine-gdb> Breakpoint 2 at 0x1001b200
Wine-gdb> >>>>>Wine-gdb> Wine-gdb> Continuing.
SCORE_ENTRY call=1 unit=162385 scale=1 target_desc=0x25cc648:	0x00	0x00	0x00	0x00	0x01	0x01	0x00
SCORE_EXPECTED_SIGNATURE=0x24e0752:	0x5a	0x5a	0x35	0x23	0x5a	0xa0	0x00
SCORE_UNIT_SIGNATURE=0x1ee5857:	0x14	0x0b	0x35	0x26	0x09	0x20	0x10
SCORE_BYTE1 target=90 unit=11 category_target=0 category_unit=4 lookup_target=5 lookup_unit=1
SCORE_BYTE3 target=35 unit=38 category_target=17 category_unit=18 lookup_target=1 lookup_unit=1
SCORE_FEATURE_VIEW=0x6676cc:	0x13	0x0c	0x0c	0x00	0xf4	0x76	0x66	0x00
0x6676d4:	0xd5	0x49
Temporary breakpoint 3 at 0x1002389a
SCORE_RETURN call=1 value=507.6
SCORE_ENTRY call=2 unit=282432 scale=1 target_desc=0x25cc648:	0x00	0x00	0x00	0x00	0x01	0x01	0x00
SCORE_EXPECTED_SIGNATURE=0x24e0752:	0x5a	0x5a	0x35	0x23	0x5a	0xa0	0x00
SCORE_UNIT_SIGNATURE=0x1fb2ae0:	0x4f	0x20	0x35	0x23	0x3f	0x22	0x1d
SCORE_BYTE1 target=90 unit=32 category_target=0 category_unit=14 lookup_target=5 lookup_unit=4
SCORE_BYTE3 target=35 unit=35 category_target=17 category_unit=17 lookup_target=1 lookup_unit=1
SCORE_FEATURE_VIEW=0x6676cc:	0x13	0x0c	0x0c	0x00	0xf4	0x76	0x66	0x00
0x6676d4:	0xd5	0x49
Temporary breakpoint 4 at 0x1002389a
SCORE_RETURN call=2 value=272.6
SCORE_ENTRY call=3 unit=42015 scale=1 target_desc=0x25cc648:	0x00	0x00	0x00	0x00	0x01	0x01	0x00
SCORE_EXPECTED_SIGNATURE=0x24e0752:	0x5a	0x5a	0x35	0x23	0x5a	0xa0	0x00
SCORE_UNIT_SIGNATURE=0x1e17cf9:	0x2b	0x07	0x35	0x02	0x02	0x21	0x02
SCORE_BYTE1 target=90 unit=7 category_target=0 category_unit=3 lookup_target=5 lookup_unit=1
SCORE_BYTE3 target=35 unit=2 category_target=17 category_unit=1 lookup_target=1 lookup_unit=1
SCORE_FEATURE_VIEW=0x6676cc:	0x13	0x0c	0x0c	0x00	0xf4	0x76	0x66	0x00
0x6676d4:	0xd5	0x49
Temporary breakpoint 5 at 0x1002389a
SCORE_RETURN call=3 value=527.6
SCORE_ENTRY call=4 unit=55400 scale=1 target_desc=0x25cc648:	0x00	0x00	0x00	0x00	0x01	0x01	0x00
SCORE_EXPECTED_SIGNATURE=0x24e0752:	0x5a	0x5a	0x35	0x23	0x5a	0xa0	0x00
SCORE_UNIT_SIGNATURE=0x1e2eaf8:	0x44	0x07	0x35	0x0c	0x0c	0x21	0x42
SCORE_BYTE1 target=90 unit=7 category_target=0 category_unit=3 lookup_target=5 lookup_unit=1
SCORE_BYTE3 target=35 unit=12 category_target=17 category_unit=4 lookup_target=1 lookup_unit=1
SCORE_FEATURE_VIEW=0x6676cc:	0x13	0x0c	0x0c	0x00	0xf4	0x76	0x66	0x00
0x6676d4:	0xd5	0x49
Temporary breakpoint 6 at 0x1002389a
SCORE_RETURN call=4 value=527.6
SCORE_ENTRY call=5 unit=274307 scale=1 target_desc=0x25cc648:	0x00	0x00	0x00	0x00	0x01	0x01	0x00
SCORE_EXPECTED_SIGNATURE=0x24e0752:	0x5a	0x5a	0x35	0x23	0x5a	0xa0	0x00
SCORE_UNIT_SIGNATURE=0x1fa4cb5:	0x24	0x10	0x35	0x09	0x17	0x20	0x1d
SCORE_BYTE1 target=90 unit=16 category_target=0 category_unit=6 lookup_target=5 lookup_unit=1
SCORE_BYTE3 target=35 unit=9 category_target=17 category_unit=3 lookup_target=1 lookup_unit=1
SCORE_FEATURE_VIEW=0x6676cc:	0x13	0x0c	0x0c	0x00	0xf4	0x76	0x66	0x00
0x6676d4:	0xd5	0x49
Temporary breakpoint 7 at 0x1002389a
SCORE_RETURN call=5 value=512.6
SCORE_ENTRY call=6 unit=71225 scale=1 target_desc=0x25cc648:	0x00	0x00	0x00	0x00	0x01	0x01	0x00
SCORE_EXPECTED_SIGNATURE=0x24e0752:	0x5a	0x5a	0x35	0x23	0x5a	0xa0	0x00
SCORE_UNIT_SIGNATURE=0x1e49baf:	0x2d	0x15	0x35	0x02	0x02	0x27	0x4c
SCORE_BYTE1 target=90 unit=21 category_target=0 category_unit=9 lookup_target=5 lookup_unit=3
SCORE_BYTE3 target=35 unit=2 category_target=17 category_unit=1 lookup_target=1 lookup_unit=1
SCORE_FEATURE_VIEW=0x6676cc:	0x13	0x0c	0x0c	0x00	0xf4	0x76	0x66	0x00
0x6676d4:	0xd5	0x49
Temporary breakpoint 8 at 0x1002389a
SCORE_RETURN call=6 value=1007.6
SCORE_ENTRY call=7 unit=172017 scale=1 target_desc=0x25cc648:	0x00	0x00	0x00	0x00	0x01	0x01	0x00
SCORE_EXPECTED_SIGNATURE=0x24e0752:	0x5a	0x5a	0x35	0x23	0x5a	0xa0	0x00
SCORE_UNIT_SIGNATURE=0x1ef5fb7:	0x23	0x1a	0x35	0x0e	0x10	0x22	0x1a
SCORE_BYTE1 target=90 unit=26 category_target=0 category_unit=12 lookup_target=5 lookup_unit=1
SCORE_BYTE3 target=35 unit=14 category_target=17 category_unit=5 lookup_target=1 lookup_unit=1
SCORE_FEATURE_VIEW=0x6676cc:	0x13	0x0c	0x0c	0x00	0xf4	0x76	0x66	0x00
0x6676d4:	0xd5	0x49
Temporary breakpoint 9 at 0x1002389a
SCORE_RETURN call=7 value=527.6
SCORE_ENTRY call=8 unit=173068 scale=1 target_desc=0x25cc648:	0x00	0x00	0x00	0x00	0x01	0x01	0x00
SCORE_EXPECTED_SIGNATURE=0x24e0752:	0x5a	0x5a	0x35	0x23	0x5a	0xa0	0x00
SCORE_UNIT_SIGNATURE=0x1ef7c74:	0x2a	0x1a	0x35	0x1b	0x37	0x22	0x1d
SCORE_BYTE1 target=90 unit=26 category_target=0 category_unit=12 lookup_target=5 lookup_unit=1
SCORE_BYTE3 target=35 unit=27 category_target=17 category_unit=12 lookup_target=1 lookup_unit=1
SCORE_FEATURE_VIEW=0x6676cc:	0x13	0x0c	0x0c	0x00	0xf4	0x76	0x66	0x00
0x6676d4:	0xd5	0x49
Temporary breakpoint 10 at 0x1002389a
SCORE_RETURN call=8 value=527.6
SCORE_ENTRY call=9 unit=138115 scale=1 target_desc=0x25cc648:	0x00	0x00	0x00	0x00	0x01	0x01	0x00
SCORE_EXPECTED_SIGNATURE=0x24e0752:	0x5a	0x5a	0x35	0x23	0x5a	0xa0	0x00
SCORE_UNIT_SIGNATURE=0x1ebc0b5:	0x24	0x2b	0x35	0x02	0x02	0x24	0x46
SCORE_BYTE1 target=90 unit=43 category_target=0 category_unit=21 lookup_target=5 lookup_unit=2
SCORE_BYTE3 target=35 unit=2 category_target=17 category_unit=1 lookup_target=1 lookup_unit=1
SCORE_FEATURE_VIEW=0x6676cc:	0x13	0x0c	0x0c	0x00	0xf4	0x76	0x66	0x00
0x6676d4:	0xd5	0x49
Temporary breakpoint 11 at 0x1002389a
SCORE_RETURN call=9 value=1007.6
SCORE_ENTRY call=10 unit=246304 scale=1 target_desc=0x25cc648:	0x00	0x00	0x00	0x00	0x01	0x01	0x00
SCORE_EXPECTED_SIGNATURE=0x24e0752:	0x5a	0x5a	0x35	0x23	0x5a	0xa0	0x00
SCORE_UNIT_SIGNATURE=0x1f74f00:	0x05	0x44	0x35	0x02	0x02	0x26	0x42
SCORE_BYTE1 target=90 unit=68 category_target=0 category_unit=38 lookup_target=5 lookup_unit=3
SCORE_BYTE3 target=35 unit=2 category_target=17 category_unit=1 lookup_target=1 lookup_unit=1
SCORE_FEATURE_VIEW=0x6676cc:	0x13	0x0c	0x0c	0x00	0xf4	0x76	0x66	0x00
0x6676d4:	0xd5	0x49
Temporary breakpoint 12 at 0x1002389a
SCORE_RETURN call=10 value=1507.6
SCORE_ENTRY call=11 unit=162385 scale=1 target_desc=0x25cc64e:	0x00	0x00	0x00	0x01	0x02	0x01	0x00
SCORE_EXPECTED_SIGNATURE=0x24e0752:	0x5a	0x5a	0x35	0x23	0x5a	0xa0	0x00
SCORE_UNIT_SIGNATURE=0x1ee5857:	0x14	0x0b	0x35	0x26	0x09	0x20	0x10
SCORE_BYTE1 target=90 unit=11 category_target=0 category_unit=4 lookup_target=5 lookup_unit=1
SCORE_BYTE3 target=35 unit=38 category_target=17 category_unit=18 lookup_target=1 lookup_unit=1
SCORE_FEATURE_VIEW=0x6676a8:	0x13	0x0c	0x0c	0x00	0xcc	0x76	0x66	0x00
0x6676b0:	0xce	0x48
Temporary breakpoint 13 at 0x1002389a
SCORE_RETURN call=11 value=17.6
SCORE_ENTRY call=12 unit=282432 scale=1 target_desc=0x25cc64e:	0x00	0x00	0x00	0x01	0x02	0x01	0x00
SCORE_EXPECTED_SIGNATURE=0x24e0752:	0x5a	0x5a	0x35	0x23	0x5a	0xa0	0x00
SCORE_UNIT_SIGNATURE=0x1fb2ae0:	0x4f	0x20	0x35	0x23	0x3f	0x22	0x1d
SCORE_BYTE1 target=90 unit=32 category_target=0 category_unit=14 lookup_target=5 lookup_unit=4
SCORE_BYTE3 target=35 unit=35 category_target=17 category_unit=17 lookup_target=1 lookup_unit=1
SCORE_FEATURE_VIEW=0x6676a8:	0x13	0x0c	0x0c	0x00	0xcc	0x76	0x66	0x00
0x6676b0:	0xce	0x48
Temporary breakpoint 14 at 0x1002389a
SCORE_RETURN call=12 value=22.6
SELECTED_UNIT n=1 id=282432
SELECTED_UNIT n=2 id=102934
SELECTED_UNIT n=3 id=271868
SELECTED_UNIT n=4 id=269729
SELECTED_UNIT n=5 id=102934
SELECTED_UNIT n=6 id=282432
SELECTED_UNIT n=7 id=269729
SELECTED_UNIT n=8 id=271868
[Inferior 1 (Remote target) exited normally]
Wine-gdb> 