GNU gdb (Ubuntu 15.1-1ubuntu1~24.04.1) 15.1
Copyright (C) 2024 Free Software Foundation, Inc.
License GPLv3+: GNU GPL version 3 or later <http://gnu.org/licenses/gpl.html>
This is free software: you are free to change and redistribute it.
There is NO WARRANTY, to the extent permitted by law.
Type "show copying" and "show warranty" for details.
This GDB was configured as "x86_64-linux-gnu".
Type "show configuration" for configuration details.
For bug reporting instructions, please see:
<https://www.gnu.org/software/gdb/bugs/>.
Find the GDB manual and other documentation resources online at:
    <http://www.gnu.org/software/gdb/documentation/>.

For help, type "help".
Type "apropos word" to search for commands related to "word".
warning: remote target does not support file transfer, attempting to access files from local filesystem.
Reading symbols from /samples/voicetext_kate.exe...
0x7bd64525 in DbgBreakPoint@0 ()
   from /usr/lib/i386-linux-gnu/wine/i386-windows/ntdll.dll
Wine-gdb> Wine-gdb> Wine-gdb> Signal        Stop	Print	Pass to program	Description
SIGSEGV       No	No	Yes		Segmentation fault
Wine-gdb> Wine-gdb> Wine-gdb> Copying output to /probe/candidates-gdb.log.
Copying debug output to /probe/candidates-gdb.log.
Wine-gdb> Wine-gdb> Wine-gdb> Wine-gdb> Breakpoint 1 at 0x100182e0
Wine-gdb> >>> > > > > > > > > > > > > > > > > > > > > >  >  >  >  > >>>Wine-gdb> Wine-gdb> Breakpoint 2 at 0x1001b200
Wine-gdb> >>>>>Wine-gdb> Wine-gdb> Continuing.
SCORE_ENTRY call=1 unit=274190 scale=1 target_desc=0x25cc648:	0x00	0x00	0x00	0x00	0x01	0x01	0x00
SCORE_EXPECTED_SIGNATURE=0x24e0752:	0x5a	0x5a	0x22	0x17	0x2b	0xa0	0x00
SCORE_UNIT_SIGNATURE=0x1fa4982:	0x10	0x2d	0x22	0x1e	0x36	0x20	0x17
SCORE_BYTE1 target=90 unit=45 category_target=0 category_unit=23 lookup_target=5 lookup_unit=2
SCORE_BYTE3 target=23 unit=30 category_target=11 category_unit=13 lookup_target=1 lookup_unit=1
SCORE_FEATURE_VIEW=0x6676cc:	0x0c	0x0c	0x0c	0x00	0xf4	0x76	0x66	0x00
0x6676d4:	0xd5	0x49
Temporary breakpoint 3 at 0x1002389a
SCORE_RETURN call=1 value=514.8
SCORE_ENTRY call=2 unit=159313 scale=1 target_desc=0x25cc648:	0x00	0x00	0x00	0x00	0x01	0x01	0x00
SCORE_EXPECTED_SIGNATURE=0x24e0752:	0x5a	0x5a	0x22	0x17	0x2b	0xa0	0x00
SCORE_UNIT_SIGNATURE=0x1ee0457:	0x0a	0x0e	0x22	0x1b	0x13	0x20	0x1a
SCORE_BYTE1 target=90 unit=14 category_target=0 category_unit=5 lookup_target=5 lookup_unit=1
SCORE_BYTE3 target=23 unit=27 category_target=11 category_unit=12 lookup_target=1 lookup_unit=1
SCORE_FEATURE_VIEW=0x6676cc:	0x0c	0x0c	0x0c	0x00	0xf4	0x76	0x66	0x00
0x6676d4:	0xd5	0x49
Temporary breakpoint 4 at 0x1002389a
SCORE_RETURN call=2 value=514.8
SCORE_ENTRY call=3 unit=172790 scale=1 target_desc=0x25cc648:	0x00	0x00	0x00	0x00	0x01	0x01	0x00
SCORE_EXPECTED_SIGNATURE=0x24e0752:	0x5a	0x5a	0x22	0x17	0x2b	0xa0	0x00
SCORE_UNIT_SIGNATURE=0x1ef74da:	0x2d	0x27	0x22	0x0a	0x26	0x20	0x13
SCORE_BYTE1 target=90 unit=39 category_target=0 category_unit=18 lookup_target=5 lookup_unit=1
SCORE_BYTE3 target=23 unit=10 category_target=11 category_unit=4 lookup_target=1 lookup_unit=1
SCORE_FEATURE_VIEW=0x6676cc:	0x0c	0x0c	0x0c	0x00	0xf4	0x76	0x66	0x00
0x6676d4:	0xd5	0x49
Temporary breakpoint 5 at 0x1002389a
SCORE_RETURN call=3 value=504.8
SCORE_ENTRY call=4 unit=157716 scale=1 target_desc=0x25cc648:	0x00	0x00	0x00	0x00	0x01	0x01	0x00
SCORE_EXPECTED_SIGNATURE=0x24e0752:	0x5a	0x5a	0x22	0x17	0x2b	0xa0	0x00
SCORE_UNIT_SIGNATURE=0x1edd8ac:	0x13	0x2d	0x22	0x0a	0x1f	0x20	0x14
SCORE_BYTE1 target=90 unit=45 category_target=0 category_unit=23 lookup_target=5 lookup_unit=2
SCORE_BYTE3 target=23 unit=10 category_target=11 category_unit=4 lookup_target=1 lookup_unit=1
SCORE_FEATURE_VIEW=0x6676cc:	0x0c	0x0c	0x0c	0x00	0xf4	0x76	0x66	0x00
0x6676d4:	0xd5	0x49
Temporary breakpoint 6 at 0x1002389a
SCORE_RETURN call=4 value=504.8
SCORE_ENTRY call=5 unit=283592 scale=1 target_desc=0x25cc648:	0x00	0x00	0x00	0x00	0x01	0x01	0x00
SCORE_EXPECTED_SIGNATURE=0x24e0752:	0x5a	0x5a	0x22	0x17	0x2b	0xa0	0x00
SCORE_UNIT_SIGNATURE=0x1fb4a98:	0x80	0x61	0x22	0x57	0x89	0x5d	0x56
SCORE_BYTE1 target=90 unit=97 category_target=0 category_unit=0 lookup_target=5 lookup_unit=5
SCORE_BYTE3 target=23 unit=87 category_target=11 category_unit=0 lookup_target=1 lookup_unit=0
SCORE_FEATURE_VIEW=0x6676cc:	0x0c	0x0c	0x0c	0x00	0xf4	0x76	0x66	0x00
0x6676d4:	0xd5	0x49
Temporary breakpoint 7 at 0x1002389a
SCORE_RETURN call=5 value=521.8
SCORE_ENTRY call=6 unit=279671 scale=1 target_desc=0x25cc648:	0x00	0x00	0x00	0x00	0x01	0x01	0x00
SCORE_EXPECTED_SIGNATURE=0x24e0752:	0x5a	0x5a	0x22	0x17	0x2b	0xa0	0x00
SCORE_UNIT_SIGNATURE=0x1fadf61:	0x0b	0x5a	0x22	0x22	0x5a	0x11	0x5a
SCORE_BYTE1 target=90 unit=90 category_target=0 category_unit=0 lookup_target=5 lookup_unit=5
SCORE_BYTE3 target=23 unit=34 category_target=11 category_unit=16 lookup_target=1 lookup_unit=2
SCORE_FEATURE_VIEW=0x6676cc:	0x0c	0x0c	0x0c	0x00	0xf4	0x76	0x66	0x00
0x6676d4:	0xd5	0x49
Temporary breakpoint 8 at 0x1002389a
SCORE_RETURN call=6 value=44.8
SCORE_ENTRY call=7 unit=279931 scale=1 target_desc=0x25cc648:	0x00	0x00	0x00	0x00	0x01	0x01	0x00
SCORE_EXPECTED_SIGNATURE=0x24e0752:	0x5a	0x5a	0x22	0x17	0x2b	0xa0	0x00
SCORE_UNIT_SIGNATURE=0x1fae67d:	0x11	0x5a	0x22	0x22	0x5a	0x11	0x5a
SCORE_BYTE1 target=90 unit=90 category_target=0 category_unit=0 lookup_target=5 lookup_unit=5
SCORE_BYTE3 target=23 unit=34 category_target=11 category_unit=16 lookup_target=1 lookup_unit=2
SCORE_FEATURE_VIEW=0x6676cc:	0x0c	0x0c	0x0c	0x00	0xf4	0x76	0x66	0x00
0x6676d4:	0xd5	0x49
Temporary breakpoint 9 at 0x1002389a
SCORE_RETURN call=7 value=44.8
SCORE_ENTRY call=8 unit=283559 scale=1 target_desc=0x25cc648:	0x00	0x00	0x00	0x00	0x01	0x01	0x00
SCORE_EXPECTED_SIGNATURE=0x24e0752:	0x5a	0x5a	0x22	0x17	0x2b	0xa0	0x00
SCORE_UNIT_SIGNATURE=0x1fb49b1:	0x1e	0x5a	0x22	0x22	0x5a	0x1e	0x5a
SCORE_BYTE1 target=90 unit=90 category_target=0 category_unit=0 lookup_target=5 lookup_unit=5
SCORE_BYTE3 target=23 unit=34 category_target=11 category_unit=16 lookup_target=1 lookup_unit=2
SCORE_FEATURE_VIEW=0x6676cc:	0x0c	0x0c	0x0c	0x00	0xf4	0x76	0x66	0x00
0x6676d4:	0xd5	0x49
Temporary breakpoint 10 at 0x1002389a
SCORE_RETURN call=8 value=1016.8
SCORE_ENTRY call=9 unit=280411 scale=1 target_desc=0x25cc648:	0x00	0x00	0x00	0x00	0x01	0x01	0x00
SCORE_EXPECTED_SIGNATURE=0x24e0752:	0x5a	0x5a	0x22	0x17	0x2b	0xa0	0x00
SCORE_UNIT_SIGNATURE=0x1faf39d:	0x02	0x5a	0x22	0x22	0x43	0x30	0x5a
SCORE_BYTE1 target=90 unit=90 category_target=0 category_unit=0 lookup_target=5 lookup_unit=5
SCORE_BYTE3 target=23 unit=34 category_target=11 category_unit=16 lookup_target=1 lookup_unit=2
SCORE_FEATURE_VIEW=0x6676cc:	0x0c	0x0c	0x0c	0x00	0xf4	0x76	0x66	0x00
0x6676d4:	0xd5	0x49
Temporary breakpoint 11 at 0x1002389a
SCORE_RETURN call=9 value=34.8
SCORE_ENTRY call=10 unit=279826 scale=1 target_desc=0x25cc648:	0x00	0x00	0x00	0x00	0x01	0x01	0x00
SCORE_EXPECTED_SIGNATURE=0x24e0752:	0x5a	0x5a	0x22	0x17	0x2b	0xa0	0x00
SCORE_UNIT_SIGNATURE=0x1fae39e:	0x1b	0x5a	0x22	0x22	0x2c	0x31	0x5a
SCORE_BYTE1 target=90 unit=90 category_target=0 category_unit=0 lookup_target=5 lookup_unit=5
SCORE_BYTE3 target=23 unit=34 category_target=11 category_unit=16 lookup_target=1 lookup_unit=2
SCORE_FEATURE_VIEW=0x6676cc:	0x0c	0x0c	0x0c	0x00	0xf4	0x76	0x66	0x00
0x6676d4:	0xd5	0x49
Temporary breakpoint 12 at 0x1002389a
SCORE_RETURN call=10 value=54.8
SCORE_ENTRY call=11 unit=164355 scale=1 target_desc=0x25cc648:	0x00	0x00	0x00	0x00	0x01	0x01	0x00
SCORE_EXPECTED_SIGNATURE=0x24e0752:	0x5a	0x5a	0x22	0x17	0x2b	0xa0	0x00
SCORE_UNIT_SIGNATURE=0x1ee8e35:	0x28	0x5a	0x22	0x3f	0x34	0x0f	0x0e
SCORE_BYTE1 target=90 unit=90 category_target=0 category_unit=0 lookup_target=5 lookup_unit=5
SCORE_BYTE3 target=23 unit=63 category_target=11 category_unit=34 lookup_target=1 lookup_unit=1
SCORE_FEATURE_VIEW=0x6676cc:	0x0c	0x0c	0x0c	0x00	0xf4	0x76	0x66	0x00
0x6676d4:	0xd5	0x49
Temporary breakpoint 13 at 0x1002389a
SCORE_RETURN call=11 value=514.8
SCORE_ENTRY call=12 unit=274190 scale=1 target_desc=0x25cc64e:	0x00	0x00	0x00	0x01	0x02	0x01	0x00
SCORE_EXPECTED_SIGNATURE=0x24e0752:	0x5a	0x5a	0x22	0x17	0x2b	0xa0	0x00
SCORE_UNIT_SIGNATURE=0x1fa4982:	0x10	0x2d	0x22	0x1e	0x36	0x20	0x17
SCORE_BYTE1 target=90 unit=45 category_target=0 category_unit=23 lookup_target=5 lookup_unit=2
SCORE_BYTE3 target=23 unit=30 category_target=11 category_unit=13 lookup_target=1 lookup_unit=1
SCORE_FEATURE_VIEW=0x6676a8:	0x0c	0x0c	0x0c	0x00	0xcc	0x76	0x66	0x00
0x6676b0:	0xce	0x48
Temporary breakpoint 14 at 0x1002389a
SCORE_RETURN call=12 value=24.8
SELECTED_UNIT n=1 id=280411
SELECTED_UNIT n=2 id=276348
SELECTED_UNIT n=3 id=265071
SELECTED_UNIT n=4 id=278054
SELECTED_UNIT n=5 id=263578
SELECTED_UNIT n=6 id=118259
SELECTED_UNIT n=7 id=84762
SELECTED_UNIT n=8 id=223008
SELECTED_UNIT n=9 id=69642
SELECTED_UNIT n=10 id=69642
SELECTED_UNIT n=11 id=46972
SELECTED_UNIT n=12 id=37644
SELECTED_UNIT n=13 id=27307
SELECTED_UNIT n=14 id=252716
SELECTED_UNIT n=15 id=82957
SELECTED_UNIT n=16 id=82957
SELECTED_UNIT n=17 id=276348
SELECTED_UNIT n=18 id=280411
SELECTED_UNIT n=19 id=278054
SELECTED_UNIT n=20 id=265071
SELECTED_UNIT n=21 id=118259
SELECTED_UNIT n=22 id=263578
SELECTED_UNIT n=23 id=223008
SELECTED_UNIT n=24 id=84762
SELECTED_UNIT n=25 id=37644
SELECTED_UNIT n=26 id=46972
SELECTED_UNIT n=27 id=252716
SELECTED_UNIT n=28 id=27307
[Inferior 1 (Remote target) exited normally]
Wine-gdb> 0114:0118: create process 'Z:\samples\voicetext_kate.exe'/00000000 @004014C0 (450560<1847>)
0114:0118: create thread I @004014C0
0114:0118: loads DLL C:\windows\system32\ntdll.dll @7BD10000 (2994176<5095>)
0114:0118: loads DLL C:\windows\system32\kernel32.dll @7BB90000 (1466368<19395>)
0114:0118: loads DLL C:\windows\system32\kernelbase.dll @7B650000 (5410816<14148>)
0114:0118: loads DLL C:\windows\system32\msvcrt.dll @7B2A0000 (2715648<8214>)
0114:0118: loads DLL Z:\samples\vt_kat.dll @10000000 (0<0>)
0114:0118: loads DLL C:\windows\system32\WINMM.dll @78C50000 (1474560<4890>)
0114:0118: loads DLL C:\windows\system32\advapi32.dll @7B550000 (958464<7400>)
0114:0118: loads DLL C:\windows\system32\sechost.dll @7B200000 (565248<3163>)
0114:0118: loads DLL C:\windows\system32\ucrtbase.dll @7AEE0000 (3198976<11541>)
0114:0118: loads DLL C:\windows\system32\msacm32.dll @78BD0000 (413696<1982>)
0114:0118: loads DLL C:\windows\system32\user32.dll @7A160000 (5005312<14159>)
0114:0118: loads DLL Z:\samples\zlib1.dll @7A120000 (135680<0>)
0114:0118: loads DLL C:\windows\system32\gdi32.dll @7A640000 (2355200<7390>)
0114:0118: loads DLL C:\windows\system32\win32u.dll @7A0D0000 (221184<1966>)
0114:0118: loads DLL C:\windows\system32\ole32.dll @7A9F0000 (4440064<14323>)
0114:0118: loads DLL C:\windows\system32\combase.dll @7A890000 (1314816<7562>)
0114:0118: loads DLL C:\windows\system32\rpcrt4.dll @79EA0000 (2162688<9274>)
0114:0118: loads DLL C:\windows\system32\coml2.dll @79E40000 (262144<3883>)
0114:0118: loads DLL C:\windows\system32\iphlpapi.dll @779C0000 (487424<4777>)
0114:0118: loads DLL C:\windows\system32\dnsapi.dll @77970000 (258048<1399>)
0114:0118: loads DLL C:\windows\system32\nsi.dll @77940000 (118784<823>)
0114:0118: loads DLL C:\windows\system32\ws2_32.dll @7AE40000 (565248<2279>)
0114:0118: loads DLL C:\windows\system32\tzres.dll @009C0000 (0<0>)
00000114:00000118: unload DLL @009C0000
0114:0118: loads DLL C:\windows\system32\tzres.dll @009C0000 (0<0>)
00000114:00000118: unload DLL @009C0000
0114:0118: loads DLL C:\windows\system32\imm32.dll @782F0000 (401408<2996>)
0114:0118: loads DLL C:\windows\system32\winex11.drv @780F0000 (307200<4314>)
0114:0118: loads DLL C:\windows\system32\uxtheme.dll @78030000 (671744<3646>)
00000114:00000118: exit process (0)
X connection to :99 broken (explicit kill or server shutdown).
X connection to :99 broken (explicit kill or server shutdown).
