GNU gdb (Ubuntu 15.1-1ubuntu1~24.04.1) 15.1
Copyright (C) 2024 Free Software Foundation, Inc.
License GPLv3+: GNU GPL version 3 or later <http://gnu.org/licenses/gpl.html>
This is free software: you are free to change and redistribute it.
There is NO WARRANTY, to the extent permitted by law.
Type "show copying" and "show warranty" for details.
This GDB was configured as "x86_64-linux-gnu".
Type "show configuration" for configuration details.
For bug reporting instructions, please see:
<https://www.gnu.org/software/gdb/bugs/>.
Find the GDB manual and other documentation resources online at:
    <http://www.gnu.org/software/gdb/documentation/>.

For help, type "help".
Type "apropos word" to search for commands related to "word".
warning: remote target does not support file transfer, attempting to access files from local filesystem.
Reading symbols from /samples/voicetext_kate.exe...
0x7bd64525 in DbgBreakPoint@0 ()
   from /usr/lib/i386-linux-gnu/wine/i386-windows/ntdll.dll
Wine-gdb> Wine-gdb> Wine-gdb> Signal        Stop	Print	Pass to program	Description
SIGSEGV       No	No	Yes		Segmentation fault
Wine-gdb> Wine-gdb> Wine-gdb> Copying output to /probe/score-signatures-gdb.log.
Copying debug output to /probe/score-signatures-gdb.log.
Wine-gdb> Wine-gdb> Wine-gdb> Wine-gdb> Breakpoint 1 at 0x100182e0
Wine-gdb> >>> > > > > > > > > > > > > > > > > > > > > >  >  >  >  > >>>Wine-gdb> Wine-gdb> Breakpoint 2 at 0x1001b200
Wine-gdb> >>>>>Wine-gdb> Wine-gdb> Continuing.
SCORE_ENTRY call=1 unit=164876 scale=1 target_desc=0x25cc648:	0x00	0x00	0x00	0x00	0x01	0x01	0x00
SCORE_EXPECTED_SIGNATURE=0x24e0752:	0x5a	0x5a	0x39	0x23	0x5a	0xa0	0x00
SCORE_UNIT_SIGNATURE=0x1ee9c74:	0x25	0x15	0x39	0x27	0x0a	0x20	0x14
SCORE_BYTE1 target=90 unit=21 category_target=0 category_unit=9 lookup_target=5 lookup_unit=3
SCORE_BYTE3 target=35 unit=39 category_target=17 category_unit=18 lookup_target=1 lookup_unit=1
SCORE_FEATURE_VIEW=0x6676cc:	0x13	0x0c	0x0c	0x00	0xf4	0x76	0x66	0x00
0x6676d4:	0xd5	0x49
Temporary breakpoint 3 at 0x1002389a
SCORE_RETURN call=1 value=517.6
SCORE_ENTRY call=2 unit=271793 scale=1 target_desc=0x25cc648:	0x00	0x00	0x00	0x00	0x01	0x01	0x00
SCORE_EXPECTED_SIGNATURE=0x24e0752:	0x5a	0x5a	0x39	0x23	0x5a	0xa0	0x00
SCORE_UNIT_SIGNATURE=0x1fa07f7:	0x13	0x09	0x4a	0x36	0x24	0x20	0x08
SCORE_BYTE1 target=90 unit=9 category_target=0 category_unit=3 lookup_target=5 lookup_unit=1
SCORE_BYTE3 target=35 unit=54 category_target=17 category_unit=28 lookup_target=1 lookup_unit=2
SCORE_FEATURE_VIEW=0x6676cc:	0x13	0x0c	0x0c	0x00	0xf4	0x76	0x66	0x00
0x6676d4:	0xd5	0x49
Temporary breakpoint 4 at 0x1002389a
SCORE_RETURN call=2 value=512.6
SCORE_ENTRY call=3 unit=276068 scale=1 target_desc=0x25cc648:	0x00	0x00	0x00	0x00	0x01	0x01	0x00
SCORE_EXPECTED_SIGNATURE=0x24e0752:	0x5a	0x5a	0x39	0x23	0x5a	0xa0	0x00
SCORE_UNIT_SIGNATURE=0x1fa7cdc:	0x10	0x0d	0x39	0x18	0x18	0x21	0x16
SCORE_BYTE1 target=90 unit=13 category_target=0 category_unit=5 lookup_target=5 lookup_unit=1
SCORE_BYTE3 target=35 unit=24 category_target=17 category_unit=11 lookup_target=1 lookup_unit=1
SCORE_FEATURE_VIEW=0x6676cc:	0x13	0x0c	0x0c	0x00	0xf4	0x76	0x66	0x00
0x6676d4:	0xd5	0x49
Temporary breakpoint 5 at 0x1002389a
SCORE_RETURN call=3 value=527.6
SCORE_ENTRY call=4 unit=164528 scale=1 target_desc=0x25cc648:	0x00	0x00	0x00	0x00	0x01	0x01	0x00
SCORE_EXPECTED_SIGNATURE=0x24e0752:	0x5a	0x5a	0x39	0x23	0x5a	0xa0	0x00
SCORE_UNIT_SIGNATURE=0x1ee92f0:	0x24	0x0d	0x39	0x29	0x1a	0x20	0x17
SCORE_BYTE1 target=90 unit=13 category_target=0 category_unit=5 lookup_target=5 lookup_unit=1
SCORE_BYTE3 target=35 unit=41 category_target=17 category_unit=19 lookup_target=1 lookup_unit=4
SCORE_FEATURE_VIEW=0x6676cc:	0x13	0x0c	0x0c	0x00	0xf4	0x76	0x66	0x00
0x6676d4:	0xd5	0x49
Temporary breakpoint 6 at 0x1002389a
SCORE_RETURN call=4 value=507.6
SCORE_ENTRY call=5 unit=274803 scale=1 target_desc=0x25cc648:	0x00	0x00	0x00	0x00	0x01	0x01	0x00
SCORE_EXPECTED_SIGNATURE=0x24e0752:	0x5a	0x5a	0x39	0x23	0x5a	0xa0	0x00
SCORE_UNIT_SIGNATURE=0x1fa5a45:	0x2c	0x16	0x39	0x10	0x0c	0x23	0x14
SCORE_BYTE1 target=90 unit=22 category_target=0 category_unit=10 lookup_target=5 lookup_unit=3
SCORE_BYTE3 target=35 unit=16 category_target=17 category_unit=6 lookup_target=1 lookup_unit=1
SCORE_FEATURE_VIEW=0x6676cc:	0x13	0x0c	0x0c	0x00	0xf4	0x76	0x66	0x00
0x6676d4:	0xd5	0x49
Temporary breakpoint 7 at 0x1002389a
SCORE_RETURN call=5 value=607.6
SCORE_ENTRY call=6 unit=55945 scale=1 target_desc=0x25cc648:	0x00	0x00	0x00	0x00	0x01	0x01	0x00
SCORE_EXPECTED_SIGNATURE=0x24e0752:	0x5a	0x5a	0x39	0x23	0x5a	0xa0	0x00
SCORE_UNIT_SIGNATURE=0x1e2f9df:	0x2b	0x1a	0x39	0x02	0x02	0x20	0x02
SCORE_BYTE1 target=90 unit=26 category_target=0 category_unit=12 lookup_target=5 lookup_unit=1
SCORE_BYTE3 target=35 unit=2 category_target=17 category_unit=1 lookup_target=1 lookup_unit=1
SCORE_FEATURE_VIEW=0x6676cc:	0x13	0x0c	0x0c	0x00	0xf4	0x76	0x66	0x00
0x6676d4:	0xd5	0x49
Temporary breakpoint 8 at 0x1002389a
SCORE_RETURN call=6 value=517.6
SCORE_ENTRY call=7 unit=155765 scale=1 target_desc=0x25cc648:	0x00	0x00	0x00	0x00	0x01	0x01	0x00
SCORE_EXPECTED_SIGNATURE=0x24e0752:	0x5a	0x5a	0x39	0x23	0x5a	0xa0	0x00
SCORE_UNIT_SIGNATURE=0x1eda353:	0x10	0x1c	0x4a	0x11	0x25	0x20	0x18
SCORE_BYTE1 target=90 unit=28 category_target=0 category_unit=12 lookup_target=5 lookup_unit=1
SCORE_BYTE3 target=35 unit=17 category_target=17 category_unit=6 lookup_target=1 lookup_unit=1
SCORE_FEATURE_VIEW=0x6676cc:	0x13	0x0c	0x0c	0x00	0xf4	0x76	0x66	0x00
0x6676d4:	0xd5	0x49
Temporary breakpoint 9 at 0x1002389a
SCORE_RETURN call=7 value=522.6
SCORE_ENTRY call=8 unit=173416 scale=1 target_desc=0x25cc648:	0x00	0x00	0x00	0x00	0x01	0x01	0x00
SCORE_EXPECTED_SIGNATURE=0x24e0752:	0x5a	0x5a	0x39	0x23	0x5a	0xa0	0x00
SCORE_UNIT_SIGNATURE=0x1ef85f8:	0x19	0x28	0x39	0x1a	0x18	0x20	0x19
SCORE_BYTE1 target=90 unit=40 category_target=0 category_unit=18 lookup_target=5 lookup_unit=1
SCORE_BYTE3 target=35 unit=26 category_target=17 category_unit=12 lookup_target=1 lookup_unit=1
SCORE_FEATURE_VIEW=0x6676cc:	0x13	0x0c	0x0c	0x00	0xf4	0x76	0x66	0x00
0x6676d4:	0xd5	0x49
Temporary breakpoint 10 at 0x1002389a
SCORE_RETURN call=8 value=507.6
SCORE_ENTRY call=9 unit=201699 scale=1 target_desc=0x25cc648:	0x00	0x00	0x00	0x00	0x01	0x01	0x00
SCORE_EXPECTED_SIGNATURE=0x24e0752:	0x5a	0x5a	0x39	0x23	0x5a	0xa0	0x00
SCORE_UNIT_SIGNATURE=0x1f28b55:	0x0b	0x2e	0x39	0x02	0x02	0x26	0x13
SCORE_BYTE1 target=90 unit=46 category_target=0 category_unit=24 lookup_target=5 lookup_unit=2
SCORE_BYTE3 target=35 unit=2 category_target=17 category_unit=1 lookup_target=1 lookup_unit=1
SCORE_FEATURE_VIEW=0x6676cc:	0x13	0x0c	0x0c	0x00	0xf4	0x76	0x66	0x00
0x6676d4:	0xd5	0x49
Temporary breakpoint 11 at 0x1002389a
SCORE_RETURN call=9 value=1507.6
SCORE_ENTRY call=10 unit=42440 scale=1 target_desc=0x25cc648:	0x00	0x00	0x00	0x00	0x01	0x01	0x00
SCORE_EXPECTED_SIGNATURE=0x24e0752:	0x5a	0x5a	0x39	0x23	0x5a	0xa0	0x00
SCORE_UNIT_SIGNATURE=0x1e18898:	0x2d	0x39	0x39	0x02	0x02	0x22	0x11
SCORE_BYTE1 target=90 unit=57 category_target=0 category_unit=31 lookup_target=5 lookup_unit=4
SCORE_BYTE3 target=35 unit=2 category_target=17 category_unit=1 lookup_target=1 lookup_unit=1
SCORE_FEATURE_VIEW=0x6676cc:	0x13	0x0c	0x0c	0x00	0xf4	0x76	0x66	0x00
0x6676d4:	0xd5	0x49
Temporary breakpoint 12 at 0x1002389a
SCORE_RETURN call=10 value=527.6
SCORE_ENTRY call=11 unit=282773 scale=1 target_desc=0x25cc648:	0x00	0x00	0x00	0x00	0x01	0x01	0x00
SCORE_EXPECTED_SIGNATURE=0x24e0752:	0x5a	0x5a	0x39	0x23	0x5a	0xa0	0x00
SCORE_UNIT_SIGNATURE=0x1fb3433:	0x5a	0x5a	0x39	0x49	0x30	0x36	0x16
SCORE_BYTE1 target=90 unit=90 category_target=0 category_unit=0 lookup_target=5 lookup_unit=5
SCORE_BYTE3 target=35 unit=73 category_target=17 category_unit=9 lookup_target=1 lookup_unit=2
SCORE_FEATURE_VIEW=0x6676cc:	0x13	0x0c	0x0c	0x00	0xf4	0x76	0x66	0x00
0x6676d4:	0xd5	0x49
Temporary breakpoint 13 at 0x1002389a
SCORE_RETURN call=11 value=1037.6
SCORE_ENTRY call=12 unit=164876 scale=1 target_desc=0x25cc64e:	0x00	0x00	0x00	0x01	0x02	0x01	0x00
SCORE_EXPECTED_SIGNATURE=0x24e0752:	0x5a	0x5a	0x39	0x23	0x5a	0xa0	0x00
SCORE_UNIT_SIGNATURE=0x1ee9c74:	0x25	0x15	0x39	0x27	0x0a	0x20	0x14
SCORE_BYTE1 target=90 unit=21 category_target=0 category_unit=9 lookup_target=5 lookup_unit=3
SCORE_BYTE3 target=35 unit=39 category_target=17 category_unit=18 lookup_target=1 lookup_unit=1
SCORE_FEATURE_VIEW=0x6676a8:	0x13	0x0c	0x0c	0x00	0xcc	0x76	0x66	0x00
0x6676b0:	0xce	0x48
Temporary breakpoint 14 at 0x1002389a
SCORE_RETURN call=12 value=27.6
SELECTED_UNIT n=1 id=42440
SELECTED_UNIT n=2 id=196073
SELECTED_UNIT n=3 id=210306
SELECTED_UNIT n=4 id=269729
SELECTED_UNIT n=5 id=196073
SELECTED_UNIT n=6 id=42440
SELECTED_UNIT n=7 id=269729
SELECTED_UNIT n=8 id=210306
[Inferior 1 (Remote target) exited normally]
Wine-gdb> 0114:0118: create process 'Z:\samples\voicetext_kate.exe'/00000000 @004014C0 (450560<1847>)
0114:0118: create thread I @004014C0
0114:0118: loads DLL C:\windows\system32\ntdll.dll @7BD10000 (2994176<5095>)
0114:0118: loads DLL C:\windows\system32\kernel32.dll @7BB90000 (1466368<19395>)
0114:0118: loads DLL C:\windows\system32\kernelbase.dll @7B650000 (5410816<14148>)
0114:0118: loads DLL C:\windows\system32\msvcrt.dll @7B2A0000 (2715648<8214>)
0114:0118: loads DLL Z:\samples\vt_kat.dll @10000000 (0<0>)
0114:0118: loads DLL C:\windows\system32\WINMM.dll @78EC0000 (1474560<4890>)
0114:0118: loads DLL C:\windows\system32\advapi32.dll @7B550000 (958464<7400>)
0114:0118: loads DLL C:\windows\system32\sechost.dll @7B200000 (565248<3163>)
0114:0118: loads DLL C:\windows\system32\ucrtbase.dll @7AEE0000 (3198976<11541>)
0114:0118: loads DLL C:\windows\system32\msacm32.dll @78E40000 (413696<1982>)
0114:0118: loads DLL C:\windows\system32\user32.dll @7A160000 (5005312<14159>)
0114:0118: loads DLL Z:\samples\zlib1.dll @7A120000 (135680<0>)
0114:0118: loads DLL C:\windows\system32\gdi32.dll @7A640000 (2355200<7390>)
0114:0118: loads DLL C:\windows\system32\win32u.dll @7A0D0000 (221184<1966>)
0114:0118: loads DLL C:\windows\system32\ole32.dll @7A9F0000 (4440064<14323>)
0114:0118: loads DLL C:\windows\system32\combase.dll @7A890000 (1314816<7562>)
0114:0118: loads DLL C:\windows\system32\rpcrt4.dll @79EA0000 (2162688<9274>)
0114:0118: loads DLL C:\windows\system32\coml2.dll @79E40000 (262144<3883>)
0114:0118: loads DLL C:\windows\system32\iphlpapi.dll @779C0000 (487424<4777>)
0114:0118: loads DLL C:\windows\system32\dnsapi.dll @77970000 (258048<1399>)
0114:0118: loads DLL C:\windows\system32\nsi.dll @77940000 (118784<823>)
0114:0118: loads DLL C:\windows\system32\ws2_32.dll @7AE40000 (565248<2279>)
0114:0118: loads DLL C:\windows\system32\tzres.dll @009C0000 (0<0>)
00000114:00000118: unload DLL @009C0000
0114:0118: loads DLL C:\windows\system32\tzres.dll @009C0000 (0<0>)
00000114:00000118: unload DLL @009C0000
0114:0118: loads DLL C:\windows\system32\imm32.dll @782F0000 (401408<2996>)
0114:0118: loads DLL C:\windows\system32\winex11.drv @780F0000 (307200<4314>)
0114:0118: loads DLL C:\windows\system32\uxtheme.dll @77FF0000 (671744<3646>)
00000114:00000118: exit process (0)
X connection to :99 broken (explicit kill or server shutdown).
X connection to :99 broken (explicit kill or server shutdown).
