GNU gdb (Ubuntu 15.1-1ubuntu1~24.04.1) 15.1
Copyright (C) 2024 Free Software Foundation, Inc.
License GPLv3+: GNU GPL version 3 or later <http://gnu.org/licenses/gpl.html>
This is free software: you are free to change and redistribute it.
There is NO WARRANTY, to the extent permitted by law.
Type "show copying" and "show warranty" for details.
This GDB was configured as "x86_64-linux-gnu".
Type "show configuration" for configuration details.
For bug reporting instructions, please see:
<https://www.gnu.org/software/gdb/bugs/>.
Find the GDB manual and other documentation resources online at:
    <http://www.gnu.org/software/gdb/documentation/>.

For help, type "help".
Type "apropos word" to search for commands related to "word".
warning: remote target does not support file transfer, attempting to access files from local filesystem.
Reading symbols from /samples/voicetext_kate.exe...
0x7bd64525 in DbgBreakPoint@0 ()
   from /usr/lib/i386-linux-gnu/wine/i386-windows/ntdll.dll
Wine-gdb> Wine-gdb> Wine-gdb> Wine-gdb> Signal        Stop	Print	Pass to program	Description
SIGSEGV       No	No	Yes		Segmentation fault
Wine-gdb> Signal        Stop	Print	Pass to program	Description
SIGSEGV       No	No	Yes		Segmentation fault
Wine-gdb> Breakpoint 1 at 0x10023350
Wine-gdb> >>> > > > > > > > > >  >  >  >  >  >  >  >  >   >   >    >    >    >   >   >  >   >   >  >  >  > > >>>Wine-gdb> Wine-gdb> Hardware assisted breakpoint 2 at 0x408187
Wine-gdb> >>>>Wine-gdb> Wine-gdb> Continuing.
BRIDGET_CONTEXT_CLASSES context=4 count=20
 {class=9243 key=0d2b2f0000 members=115 targets=365789 382197 }
 {class=13537 key=102b010000 members=20 targets=-}
 {class=13596 key=102b230000 members=96 targets=-}
 {class=13615 key=102b2f0000 members=325 targets=548226 }
 {class=13631 key=102b3b0000 members=2 targets=-}
 {class=24263 key=232b2f0000 members=19 targets=150652 }
 {class=34400 key=3b2b2f0000 members=12 targets=-}
 {class=46501 key=512b010000 members=6 targets=-}
 {class=46552 key=512b2f0000 members=220 targets=-}
 {class=46568 key=512b3b0000 members=2 targets=-}
 {class=9177 key=0d2b000e00 members=1 targets=-}
 {class=9191 key=0d2b010a00 members=1 targets=-}
 {class=9210 key=0d2b130b00 members=1 targets=-}
 {class=9241 key=0d2b2e0a00 members=1 targets=-}
 {class=9248 key=0d2b2f0a00 members=1 targets=-}
 {class=9273 key=0d2b430a00 members=1 targets=-}
 {class=13544 key=102b010a00 members=1 targets=-}
 {class=13654 key=102b440a00 members=1 targets=-}
 {class=34383 key=3b2b170c00 members=1 targets=-}
 {class=46580 key=512b430a00 members=1 targets=-}
BRIDGET_CONTEXT_CLASSES context=5 count=10
 {class=9243 key=0d2b2f0000 members=115 targets=365789 382197 }
 {class=13615 key=102b2f0000 members=325 targets=548226 }
 {class=24263 key=232b2f0000 members=19 targets=150652 }
 {class=34400 key=3b2b2f0000 members=12 targets=-}
 {class=46552 key=512b2f0000 members=220 targets=-}
 {class=1592 key=002b2f0000 members=49 targets=-}
 {class=22801 key=222b2f0000 members=4 targets=-}
 {class=28529 key=2d2b2f0000 members=2 targets=-}
 {class=29536 key=2e2b2f0000 members=9 targets=-}
 {class=38034 key=432b2f0000 members=171 targets=-}
[Inferior 1 (Remote target) exited normally]
Wine-gdb> 0114:0118: create process 'Z:\samples\voicetext_kate.exe'/00000000 @004014C0 (450560<1847>)
0114:0118: create thread I @004014C0
0114:0118: loads DLL C:\windows\system32\ntdll.dll @7BD10000 (2994176<5095>)
0114:0118: loads DLL C:\windows\system32\kernel32.dll @7BB90000 (1466368<19395>)
0114:0118: loads DLL C:\windows\system32\kernelbase.dll @7B650000 (5410816<14148>)
0114:0118: loads DLL C:\windows\system32\msvcrt.dll @7B2A0000 (2715648<8214>)
0114:0118: loads DLL Z:\samples\vt_kat.dll @10000000 (0<0>)
0114:0118: loads DLL C:\windows\system32\WINMM.dll @78EC0000 (1474560<4890>)
0114:0118: loads DLL C:\windows\system32\advapi32.dll @7B550000 (958464<7400>)
0114:0118: loads DLL C:\windows\system32\sechost.dll @7B200000 (565248<3163>)
0114:0118: loads DLL C:\windows\system32\ucrtbase.dll @7AEE0000 (3198976<11541>)
0114:0118: loads DLL C:\windows\system32\msacm32.dll @78E40000 (413696<1982>)
0114:0118: loads DLL C:\windows\system32\user32.dll @7A160000 (5005312<14159>)
0114:0118: loads DLL Z:\samples\zlib1.dll @7A120000 (135680<0>)
0114:0118: loads DLL C:\windows\system32\gdi32.dll @7A640000 (2355200<7390>)
0114:0118: loads DLL C:\windows\system32\win32u.dll @7A0D0000 (221184<1966>)
0114:0118: loads DLL C:\windows\system32\ole32.dll @7A9F0000 (4440064<14323>)
0114:0118: loads DLL C:\windows\system32\combase.dll @7A890000 (1314816<7562>)
0114:0118: loads DLL C:\windows\system32\rpcrt4.dll @79EA0000 (2162688<9274>)
0114:0118: loads DLL C:\windows\system32\coml2.dll @79E40000 (262144<3883>)
0114:0118: loads DLL C:\windows\system32\iphlpapi.dll @779C0000 (487424<4777>)
0114:0118: loads DLL C:\windows\system32\dnsapi.dll @77970000 (258048<1399>)
0114:0118: loads DLL C:\windows\system32\nsi.dll @77940000 (118784<823>)
0114:0118: loads DLL C:\windows\system32\ws2_32.dll @7AE40000 (565248<2279>)
0114:0118: loads DLL C:\windows\system32\tzres.dll @009C0000 (0<0>)
00000114:00000118: unload DLL @009C0000
0114:0118: loads DLL C:\windows\system32\tzres.dll @009C0000 (0<0>)
00000114:00000118: unload DLL @009C0000
0114:0118: loads DLL C:\windows\system32\imm32.dll @782F0000 (401408<2996>)
0114:0118: loads DLL C:\windows\system32\winex11.drv @780F0000 (307200<4314>)
0114:0118: loads DLL C:\windows\system32\uxtheme.dll @77FF0000 (671744<3646>)
00000114:00000118: exit process (0)
X connection to :99 broken (explicit kill or server shutdown).
X connection to :99 broken (explicit kill or server shutdown).
