GNU gdb (Ubuntu 15.1-1ubuntu1~24.04.1) 15.1
Copyright (C) 2024 Free Software Foundation, Inc.
License GPLv3+: GNU GPL version 3 or later <http://gnu.org/licenses/gpl.html>
This is free software: you are free to change and redistribute it.
There is NO WARRANTY, to the extent permitted by law.
Type "show copying" and "show warranty" for details.
This GDB was configured as "x86_64-linux-gnu".
Type "show configuration" for configuration details.
For bug reporting instructions, please see:
<https://www.gnu.org/software/gdb/bugs/>.
Find the GDB manual and other documentation resources online at:
    <http://www.gnu.org/software/gdb/documentation/>.

For help, type "help".
Type "apropos word" to search for commands related to "word".
warning: remote target does not support file transfer, attempting to access files from local filesystem.
Reading symbols from /samples/voicetext_kate.exe...
0x7bd64525 in DbgBreakPoint@0 ()
   from /usr/lib/i386-linux-gnu/wine/i386-windows/ntdll.dll
Wine-gdb> Wine-gdb> Wine-gdb> Wine-gdb> Signal        Stop	Print	Pass to program	Description
SIGSEGV       No	No	Yes		Segmentation fault
Wine-gdb> Signal        Stop	Print	Pass to program	Description
SIGSEGV       No	No	Yes		Segmentation fault
Wine-gdb> Breakpoint 1 at 0x10023350
Wine-gdb> >>> > > > > > > > > >  >  >  >  >  >  >  >  >   >   >    >    >    >   >   >  >   >   >  >  >  > > >>>Wine-gdb> Wine-gdb> Hardware assisted breakpoint 2 at 0x408187
Wine-gdb> >>>>Wine-gdb> Wine-gdb> Continuing.
BRIDGET_CONTEXT_CLASSES context=4 count=20
 {class=11795 key=0d2b2f0000 members=2 targets=365789 382197 }
 {class=11803 key=0d2b2f0400 members=5 targets=-}
 {class=18048 key=102b2f0000 members=1 targets=548226 }
 {class=18054 key=102b2f0300 members=6 targets=-}
 {class=18056 key=102b2f0400 members=9 targets=-}
 {class=32188 key=232b2f0000 members=1 targets=150652 }
 {class=44014 key=3b2b010000 members=9 targets=-}
 {class=44065 key=3b2b2f0100 members=4 targets=-}
 {class=61288 key=512b010000 members=6 targets=-}
 {class=61363 key=512b2f0000 members=1 targets=-}
 {class=11808 key=0d2b2f0b00 members=53 targets=-}
 {class=11810 key=0d2b2f0c00 members=2 targets=-}
 {class=11812 key=0d2b2f0d00 members=6 targets=-}
 {class=11814 key=0d2b2f0e00 members=9 targets=-}
 {class=18060 key=102b2f0a00 members=1 targets=-}
 {class=18068 key=102b2f0e00 members=4 targets=-}
 {class=44072 key=3b2b2f0a00 members=1 targets=-}
 {class=44077 key=3b2b2f0d00 members=1 targets=-}
 {class=61379 key=512b2f0d00 members=24 targets=-}
 {class=61381 key=512b2f0e00 members=17 targets=-}
BRIDGET_CONTEXT_CLASSES context=5 count=11
 {class=11795 key=0d2b2f0000 members=2 targets=365789 382197 }
 {class=18048 key=102b2f0000 members=1 targets=548226 }
 {class=32188 key=232b2f0000 members=1 targets=150652 }
 {class=37074 key=2d2b2f0000 members=2 targets=-}
 {class=38347 key=2e2b2f0000 members=2 targets=-}
 {class=47507 key=412b2f0000 members=25 targets=-}
 {class=50332 key=432b2f0000 members=4 targets=-}
 {class=52251 key=442b2f0000 members=3 targets=-}
 {class=54395 key=452b2f0000 members=7 targets=-}
 {class=61363 key=512b2f0000 members=1 targets=-}
 {class=44083 key=3b2b2f1800 members=1 targets=-}
[Inferior 1 (Remote target) exited normally]
Wine-gdb> 0114:0118: create process 'Z:\samples\voicetext_kate.exe'/00000000 @004014C0 (450560<1847>)
0114:0118: create thread I @004014C0
0114:0118: loads DLL C:\windows\system32\ntdll.dll @7BD10000 (2994176<5095>)
0114:0118: loads DLL C:\windows\system32\kernel32.dll @7BB90000 (1466368<19395>)
0114:0118: loads DLL C:\windows\system32\kernelbase.dll @7B650000 (5410816<14148>)
0114:0118: loads DLL C:\windows\system32\msvcrt.dll @7B2A0000 (2715648<8214>)
0114:0118: loads DLL Z:\samples\vt_kat.dll @10000000 (0<0>)
0114:0118: loads DLL C:\windows\system32\WINMM.dll @78EC0000 (1474560<4890>)
0114:0118: loads DLL C:\windows\system32\advapi32.dll @7B550000 (958464<7400>)
0114:0118: loads DLL C:\windows\system32\sechost.dll @7B200000 (565248<3163>)
0114:0118: loads DLL C:\windows\system32\ucrtbase.dll @7AEE0000 (3198976<11541>)
0114:0118: loads DLL C:\windows\system32\msacm32.dll @78E40000 (413696<1982>)
0114:0118: loads DLL C:\windows\system32\user32.dll @7A160000 (5005312<14159>)
0114:0118: loads DLL Z:\samples\zlib1.dll @7A120000 (135680<0>)
0114:0118: loads DLL C:\windows\system32\gdi32.dll @7A640000 (2355200<7390>)
0114:0118: loads DLL C:\windows\system32\win32u.dll @7A0D0000 (221184<1966>)
0114:0118: loads DLL C:\windows\system32\ole32.dll @7A9F0000 (4440064<14323>)
0114:0118: loads DLL C:\windows\system32\combase.dll @7A890000 (1314816<7562>)
0114:0118: loads DLL C:\windows\system32\rpcrt4.dll @79EA0000 (2162688<9274>)
0114:0118: loads DLL C:\windows\system32\coml2.dll @79E40000 (262144<3883>)
0114:0118: loads DLL C:\windows\system32\iphlpapi.dll @779C0000 (487424<4777>)
0114:0118: loads DLL C:\windows\system32\dnsapi.dll @77970000 (258048<1399>)
0114:0118: loads DLL C:\windows\system32\nsi.dll @77940000 (118784<823>)
0114:0118: loads DLL C:\windows\system32\ws2_32.dll @7AE40000 (565248<2279>)
0114:0118: loads DLL C:\windows\system32\tzres.dll @009C0000 (0<0>)
00000114:00000118: unload DLL @009C0000
0114:0118: loads DLL C:\windows\system32\tzres.dll @009C0000 (0<0>)
00000114:00000118: unload DLL @009C0000
0114:0118: loads DLL C:\windows\system32\imm32.dll @782F0000 (401408<2996>)
0114:0118: loads DLL C:\windows\system32\winex11.drv @780F0000 (307200<4314>)
0114:0118: loads DLL C:\windows\system32\uxtheme.dll @78030000 (671744<3646>)
00000114:00000118: exit process (0)
X connection to :99 broken (explicit kill or server shutdown).
X connection to :99 broken (explicit kill or server shutdown).
