GNU gdb (Ubuntu 15.1-1ubuntu1~24.04.1) 15.1
Copyright (C) 2024 Free Software Foundation, Inc.
License GPLv3+: GNU GPL version 3 or later <http://gnu.org/licenses/gpl.html>
This is free software: you are free to change and redistribute it.
There is NO WARRANTY, to the extent permitted by law.
Type "show copying" and "show warranty" for details.
This GDB was configured as "x86_64-linux-gnu".
Type "show configuration" for configuration details.
For bug reporting instructions, please see:
<https://www.gnu.org/software/gdb/bugs/>.
Find the GDB manual and other documentation resources online at:
    <http://www.gnu.org/software/gdb/documentation/>.

For help, type "help".
Type "apropos word" to search for commands related to "word".
warning: remote target does not support file transfer, attempting to access files from local filesystem.
Reading symbols from /samples/voicetext_kate.exe...
0x7bd64525 in DbgBreakPoint@0 ()
   from /usr/lib/i386-linux-gnu/wine/i386-windows/ntdll.dll
Wine-gdb> Wine-gdb> Wine-gdb> Wine-gdb> Signal        Stop	Print	Pass to program	Description
SIGSEGV       No	No	Yes		Segmentation fault
Wine-gdb> Signal        Stop	Print	Pass to program	Description
SIGSEGV       No	No	Yes		Segmentation fault
Wine-gdb> Breakpoint 1 at 0x100235f6
Wine-gdb> >>>>>>>>> > > >  >  >   >   >  > > >>>> > > >  >  >  >  >  >  >  > > >>> > > > > > > > >>>Wine-gdb> Wine-gdb> Hardware assisted breakpoint 2 at 0x408187
Wine-gdb> >>>>Wine-gdb> Wine-gdb> Continuing.
APPLE_WEIGHTED_COVERAGE position=0 count=114 nonzero=0 max=0
APPLE_WEIGHTED_TOP position=0 index=0 id=177774 rank_term=-2 fields_c_e_10=1,2,0
APPLE_WEIGHTED_TOP position=0 index=1 id=7004 rank_term=-1 fields_c_e_10=0,1,0
APPLE_WEIGHTED_TOP position=0 index=2 id=58872 rank_term=-1 fields_c_e_10=0,1,0
APPLE_WEIGHTED_TOP position=0 index=3 id=43586 rank_term=-1 fields_c_e_10=0,1,0
APPLE_WEIGHTED_TOP position=0 index=4 id=39903 rank_term=-1 fields_c_e_10=0,1,0
APPLE_WEIGHTED_TOP position=0 index=5 id=20919 rank_term=-1 fields_c_e_10=0,1,0
APPLE_WEIGHTED_TOP position=0 index=6 id=241971 rank_term=-1 fields_c_e_10=0,1,0
APPLE_WEIGHTED_TOP position=0 index=7 id=274816 rank_term=-1 fields_c_e_10=0,1,0
APPLE_WEIGHTED_TOP position=0 index=8 id=252581 rank_term=-1 fields_c_e_10=0,1,0
APPLE_WEIGHTED_TOP position=0 index=9 id=237465 rank_term=-1 fields_c_e_10=0,1,0
APPLE_WEIGHTED_TOP position=0 index=10 id=198806 rank_term=-1 fields_c_e_10=0,1,0
APPLE_WEIGHTED_TOP position=0 index=11 id=153718 rank_term=-1 fields_c_e_10=0,1,0
APPLE_WEIGHTED_COVERAGE position=1 count=42 nonzero=0 max=0
APPLE_WEIGHTED_TOP position=1 index=0 id=64727 rank_term=-4 fields_c_e_10=3,4,0
APPLE_WEIGHTED_TOP position=1 index=1 id=64718 rank_term=-4 fields_c_e_10=3,4,0
APPLE_WEIGHTED_TOP position=1 index=2 id=40502 rank_term=-4 fields_c_e_10=3,4,0
APPLE_WEIGHTED_TOP position=1 index=3 id=177774 rank_term=-2 fields_c_e_10=0,2,0
APPLE_WEIGHTED_TOP position=1 index=4 id=188825 rank_term=-2 fields_c_e_10=1,2,0
APPLE_WEIGHTED_TOP position=1 index=5 id=227604 rank_term=-2 fields_c_e_10=1,2,0
APPLE_WEIGHTED_TOP position=1 index=6 id=97600 rank_term=-2 fields_c_e_10=1,2,0
APPLE_WEIGHTED_TOP position=1 index=7 id=143936 rank_term=-1 fields_c_e_10=0,1,0
APPLE_WEIGHTED_TOP position=1 index=8 id=148495 rank_term=-1 fields_c_e_10=0,1,0
APPLE_WEIGHTED_TOP position=1 index=9 id=150419 rank_term=-1 fields_c_e_10=0,1,0
APPLE_WEIGHTED_TOP position=1 index=10 id=150786 rank_term=-1 fields_c_e_10=0,1,0
APPLE_WEIGHTED_TOP position=1 index=11 id=152272 rank_term=-1 fields_c_e_10=0,1,0
APPLE_WEIGHTED_COVERAGE position=2 count=50 nonzero=0 max=0
APPLE_WEIGHTED_TOP position=2 index=0 id=40503 rank_term=-4 fields_c_e_10=2,4,0
APPLE_WEIGHTED_TOP position=2 index=1 id=64719 rank_term=-4 fields_c_e_10=2,4,0
APPLE_WEIGHTED_TOP position=2 index=2 id=64728 rank_term=-4 fields_c_e_10=2,4,0
APPLE_WEIGHTED_TOP position=2 index=3 id=2645 rank_term=-3 fields_c_e_10=2,3,0
APPLE_WEIGHTED_TOP position=2 index=4 id=244717 rank_term=-3 fields_c_e_10=2,3,0
APPLE_WEIGHTED_TOP position=2 index=5 id=55213 rank_term=-3 fields_c_e_10=2,3,0
APPLE_WEIGHTED_TOP position=2 index=6 id=213256 rank_term=-3 fields_c_e_10=2,3,0
APPLE_WEIGHTED_TOP position=2 index=7 id=137215 rank_term=-2 fields_c_e_10=1,2,0
APPLE_WEIGHTED_TOP position=2 index=8 id=138741 rank_term=-2 fields_c_e_10=1,2,0
APPLE_WEIGHTED_TOP position=2 index=9 id=145945 rank_term=-2 fields_c_e_10=1,2,0
APPLE_WEIGHTED_TOP position=2 index=10 id=150075 rank_term=-2 fields_c_e_10=1,2,0
APPLE_WEIGHTED_TOP position=2 index=11 id=151210 rank_term=-2 fields_c_e_10=1,2,0
APPLE_WEIGHTED_COVERAGE position=3 count=491 nonzero=0 max=0
APPLE_WEIGHTED_TOP position=3 index=0 id=40504 rank_term=-4 fields_c_e_10=1,4,0
APPLE_WEIGHTED_TOP position=3 index=1 id=266884 rank_term=-4 fields_c_e_10=3,4,0
APPLE_WEIGHTED_TOP position=3 index=2 id=64729 rank_term=-4 fields_c_e_10=1,4,0
APPLE_WEIGHTED_TOP position=3 index=3 id=64720 rank_term=-4 fields_c_e_10=1,4,0
APPLE_WEIGHTED_TOP position=3 index=4 id=27440 rank_term=-3 fields_c_e_10=2,3,0
APPLE_WEIGHTED_TOP position=3 index=5 id=27794 rank_term=-3 fields_c_e_10=2,3,0
APPLE_WEIGHTED_TOP position=3 index=6 id=27966 rank_term=-3 fields_c_e_10=2,3,0
APPLE_WEIGHTED_TOP position=3 index=7 id=28631 rank_term=-3 fields_c_e_10=2,3,0
APPLE_WEIGHTED_TOP position=3 index=8 id=67064 rank_term=-3 fields_c_e_10=2,3,0
APPLE_WEIGHTED_TOP position=3 index=9 id=138984 rank_term=-3 fields_c_e_10=2,3,0
APPLE_WEIGHTED_TOP position=3 index=10 id=239586 rank_term=-3 fields_c_e_10=2,3,0
APPLE_WEIGHTED_TOP position=3 index=11 id=134712 rank_term=-3 fields_c_e_10=2,3,0
APPLE_WEIGHTED_COVERAGE position=4 count=1346 nonzero=0 max=0
APPLE_WEIGHTED_TOP position=4 index=0 id=40504 rank_term=-4 fields_c_e_10=0,4,0
APPLE_WEIGHTED_TOP position=4 index=1 id=64729 rank_term=-4 fields_c_e_10=0,4,0
APPLE_WEIGHTED_TOP position=4 index=2 id=64720 rank_term=-4 fields_c_e_10=0,4,0
APPLE_WEIGHTED_TOP position=4 index=3 id=266884 rank_term=-4 fields_c_e_10=2,4,0
APPLE_WEIGHTED_TOP position=4 index=4 id=244718 rank_term=-3 fields_c_e_10=0,3,0
APPLE_WEIGHTED_TOP position=4 index=5 id=2554 rank_term=-3 fields_c_e_10=1,3,0
APPLE_WEIGHTED_TOP position=4 index=6 id=2646 rank_term=-3 fields_c_e_10=0,3,0
APPLE_WEIGHTED_TOP position=4 index=7 id=103238 rank_term=-3 fields_c_e_10=1,3,0
APPLE_WEIGHTED_TOP position=4 index=8 id=107074 rank_term=-3 fields_c_e_10=1,3,0
APPLE_WEIGHTED_TOP position=4 index=9 id=256581 rank_term=-3 fields_c_e_10=1,3,0
APPLE_WEIGHTED_TOP position=4 index=10 id=11135 rank_term=-3 fields_c_e_10=1,3,0
APPLE_WEIGHTED_TOP position=4 index=11 id=258822 rank_term=-3 fields_c_e_10=1,3,0
APPLE_WEIGHTED_COVERAGE position=5 count=402 nonzero=1 max=1
APPLE_WEIGHTED_ROW position=5 index=0 id=266885 rank_term=-104 fields_c_e_10=1,4,1 sig6=00
APPLE_WEIGHTED_TOP position=5 index=0 id=266885 rank_term=-104 fields_c_e_10=1,4,1
APPLE_WEIGHTED_TOP position=5 index=1 id=97885 rank_term=-3 fields_c_e_10=0,3,0
APPLE_WEIGHTED_TOP position=5 index=2 id=258823 rank_term=-3 fields_c_e_10=0,3,0
APPLE_WEIGHTED_TOP position=5 index=3 id=256582 rank_term=-3 fields_c_e_10=0,3,0
APPLE_WEIGHTED_TOP position=5 index=4 id=232463 rank_term=-3 fields_c_e_10=0,3,0
APPLE_WEIGHTED_TOP position=5 index=5 id=2555 rank_term=-3 fields_c_e_10=0,3,0
APPLE_WEIGHTED_TOP position=5 index=6 id=218671 rank_term=-3 fields_c_e_10=0,3,0
APPLE_WEIGHTED_TOP position=5 index=7 id=11136 rank_term=-3 fields_c_e_10=0,3,0
APPLE_WEIGHTED_TOP position=5 index=8 id=27441 rank_term=-3 fields_c_e_10=0,3,0
APPLE_WEIGHTED_TOP position=5 index=9 id=27795 rank_term=-3 fields_c_e_10=0,3,0
APPLE_WEIGHTED_TOP position=5 index=10 id=27967 rank_term=-3 fields_c_e_10=0,3,0
APPLE_WEIGHTED_TOP position=5 index=11 id=40215 rank_term=-3 fields_c_e_10=0,3,0
APPLE_WEIGHTED_COVERAGE position=6 count=40 nonzero=1 max=1
APPLE_WEIGHTED_ROW position=6 index=0 id=266885 rank_term=-104 fields_c_e_10=0,4,1 sig6=00
APPLE_WEIGHTED_TOP position=6 index=0 id=266885 rank_term=-104 fields_c_e_10=0,4,1
APPLE_WEIGHTED_TOP position=6 index=1 id=265755 rank_term=-2 fields_c_e_10=0,2,0
APPLE_WEIGHTED_TOP position=6 index=2 id=271296 rank_term=-2 fields_c_e_10=0,2,0
APPLE_WEIGHTED_TOP position=6 index=3 id=267088 rank_term=-2 fields_c_e_10=0,2,0
APPLE_WEIGHTED_TOP position=6 index=4 id=19892 rank_term=-2 fields_c_e_10=0,2,0
APPLE_WEIGHTED_TOP position=6 index=5 id=281381 rank_term=-1 fields_c_e_10=0,1,0
APPLE_WEIGHTED_TOP position=6 index=6 id=282186 rank_term=-1 fields_c_e_10=0,1,0
APPLE_WEIGHTED_TOP position=6 index=7 id=264277 rank_term=-1 fields_c_e_10=0,1,0
APPLE_WEIGHTED_TOP position=6 index=8 id=281016 rank_term=-1 fields_c_e_10=0,1,0
APPLE_WEIGHTED_TOP position=6 index=9 id=281212 rank_term=-1 fields_c_e_10=0,1,0
APPLE_WEIGHTED_TOP position=6 index=10 id=281465 rank_term=-1 fields_c_e_10=0,1,0
APPLE_WEIGHTED_TOP position=6 index=11 id=281787 rank_term=-1 fields_c_e_10=0,1,0
[Inferior 1 (Remote target) exited normally]
Wine-gdb> 0114:0118: create process 'Z:\samples\voicetext_kate.exe'/00000000 @004014C0 (450560<1847>)
0114:0118: create thread I @004014C0
0114:0118: loads DLL C:\windows\system32\ntdll.dll @7BD10000 (2994176<5095>)
0114:0118: loads DLL C:\windows\system32\kernel32.dll @7BB90000 (1466368<19395>)
0114:0118: loads DLL C:\windows\system32\kernelbase.dll @7B650000 (5410816<14148>)
0114:0118: loads DLL C:\windows\system32\msvcrt.dll @7B2A0000 (2715648<8214>)
0114:0118: loads DLL Z:\samples\vt_kat.dll @10000000 (0<0>)
0114:0118: loads DLL C:\windows\system32\WINMM.dll @78EC0000 (1474560<4890>)
0114:0118: loads DLL C:\windows\system32\advapi32.dll @7B550000 (958464<7400>)
0114:0118: loads DLL C:\windows\system32\sechost.dll @7B200000 (565248<3163>)
0114:0118: loads DLL C:\windows\system32\ucrtbase.dll @7AEE0000 (3198976<11541>)
0114:0118: loads DLL C:\windows\system32\msacm32.dll @78E40000 (413696<1982>)
0114:0118: loads DLL C:\windows\system32\user32.dll @7A160000 (5005312<14159>)
0114:0118: loads DLL Z:\samples\zlib1.dll @7A120000 (135680<0>)
0114:0118: loads DLL C:\windows\system32\gdi32.dll @7A640000 (2355200<7390>)
0114:0118: loads DLL C:\windows\system32\win32u.dll @7A0D0000 (221184<1966>)
0114:0118: loads DLL C:\windows\system32\ole32.dll @7A9F0000 (4440064<14323>)
0114:0118: loads DLL C:\windows\system32\combase.dll @7A890000 (1314816<7562>)
0114:0118: loads DLL C:\windows\system32\rpcrt4.dll @79EA0000 (2162688<9274>)
0114:0118: loads DLL C:\windows\system32\coml2.dll @79E40000 (262144<3883>)
0114:0118: loads DLL C:\windows\system32\iphlpapi.dll @779C0000 (487424<4777>)
0114:0118: loads DLL C:\windows\system32\dnsapi.dll @77970000 (258048<1399>)
0114:0118: loads DLL C:\windows\system32\nsi.dll @77940000 (118784<823>)
0114:0118: loads DLL C:\windows\system32\ws2_32.dll @7AE40000 (565248<2279>)
0114:0118: loads DLL C:\windows\system32\tzres.dll @009C0000 (0<0>)
00000114:00000118: unload DLL @009C0000
0114:0118: loads DLL C:\windows\system32\tzres.dll @009C0000 (0<0>)
00000114:00000118: unload DLL @009C0000
0114:0118: loads DLL C:\windows\system32\imm32.dll @782F0000 (401408<2996>)
0114:0118: loads DLL C:\windows\system32\winex11.drv @780F0000 (307200<4314>)
0114:0118: loads DLL C:\windows\system32\uxtheme.dll @78030000 (671744<3646>)
00000114:00000118: exit process (0)
X connection to :99 broken (explicit kill or server shutdown).
