GNU gdb (Ubuntu 15.1-1ubuntu1~24.04.1) 15.1
Copyright (C) 2024 Free Software Foundation, Inc.
License GPLv3+: GNU GPL version 3 or later <http://gnu.org/licenses/gpl.html>
This is free software: you are free to change and redistribute it.
There is NO WARRANTY, to the extent permitted by law.
Type "show copying" and "show warranty" for details.
This GDB was configured as "x86_64-linux-gnu".
Type "show configuration" for configuration details.
For bug reporting instructions, please see:
<https://www.gnu.org/software/gdb/bugs/>.
Find the GDB manual and other documentation resources online at:
    <http://www.gnu.org/software/gdb/documentation/>.

For help, type "help".
Type "apropos word" to search for commands related to "word".
warning: remote target does not support file transfer, attempting to access files from local filesystem.
Reading symbols from /probe/probe-original-kate-2006.exe...
0x7bd64525 in DbgBreakPoint@0 ()
   from /usr/lib/i386-linux-gnu/wine/i386-windows/ntdll.dll
Wine-gdb> Wine-gdb> Wine-gdb> Wine-gdb> Signal        Stop	Print	Pass to program	Description
SIGSEGV       No	No	Yes		Segmentation fault
Wine-gdb> Wine-gdb> Wine-gdb> Copying output to /probe/stage20/hello-repeat-2006-late-edge/legacy-late-edge-gdb.log.
Copying debug output to /probe/stage20/hello-repeat-2006-late-edge/legacy-late-edge-gdb.log.
Wine-gdb> Already logging to /probe/stage20/hello-repeat-2006-late-edge/legacy-late-edge-gdb.log.
Wine-gdb> Hardware assisted breakpoint 1 at 0x1001ec07
Wine-gdb> >>>>> > >>>Wine-gdb> Wine-gdb> Breakpoint 2 at 0x408187
Wine-gdb> >>>>Wine-gdb> Wine-gdb> Continuing.
LEGACY_LATE_EDGE_TRACE_READY
LEGACY_LATE_EDGE context=1 current=273370 previous=273369 transition=0 previous_path=0.0201681 local=2.33293 total=2.3531 penalty=0
LEGACY_LATE_EDGE context=1 current=273370 previous=272822 transition=30.8357 previous_path=0.00243161 local=2.33293 total=33.1711 penalty=0
LEGACY_LATE_EDGE context=1 current=273370 previous=92183 transition=28.111 previous_path=12.0082 local=2.33293 total=42.4521 penalty=0
LEGACY_LATE_EDGE context=1 current=273370 previous=262454 transition=9.47711 previous_path=12.0082 local=2.33293 total=23.8182 penalty=0
LEGACY_LATE_EDGE context=1 current=273370 previous=195687 transition=43.5113 previous_path=12.0082 local=2.33293 total=57.8523 penalty=0
LEGACY_LATE_EDGE context=1 current=273370 previous=182880 transition=2.46753 previous_path=12.0085 local=2.33293 total=16.809 penalty=0
LEGACY_LATE_EDGE context=1 current=273370 previous=204612 transition=3.13051 previous_path=12.0085 local=2.33293 total=17.472 penalty=0
LEGACY_LATE_EDGE context=1 current=273370 previous=200525 transition=32.0808 previous_path=12.032 local=2.33293 total=46.4457 penalty=0
LEGACY_LATE_EDGE context=1 current=273370 previous=51310 transition=50.0085 previous_path=12.0348 local=2.33293 total=64.3762 penalty=0
LEGACY_LATE_EDGE context=1 current=273370 previous=31795 transition=13.2453 previous_path=12.0348 local=2.33293 total=27.6131 penalty=0
LEGACY_LATE_EDGE context=1 current=273370 previous=200614 transition=14.1822 previous_path=12.0348 local=2.33293 total=28.5499 penalty=0
LEGACY_LATE_EDGE context=1 current=273370 previous=116320 transition=16.5012 previous_path=12.1455 local=2.33293 total=30.9796 penalty=0
LEGACY_LATE_EDGE context=1 current=273370 previous=214148 transition=12.197 previous_path=12.1455 local=2.33293 total=26.6754 penalty=0
LEGACY_LATE_EDGE context=1 current=273370 previous=189906 transition=11.4331 previous_path=12.1455 local=2.33293 total=25.9114 penalty=0
LEGACY_LATE_EDGE context=1 current=273370 previous=178453 transition=9.78079 previous_path=12.1455 local=2.33293 total=24.2592 penalty=0
LEGACY_LATE_EDGE context=1 current=273370 previous=179388 transition=29.6491 previous_path=12.2667 local=2.33293 total=44.2487 penalty=0
LEGACY_LATE_EDGE context=1 current=273370 previous=129641 transition=34.0849 previous_path=14.0082 local=2.33293 total=50.426 penalty=0
LEGACY_LATE_EDGE context=1 current=273370 previous=20499 transition=22.2328 previous_path=14.0085 local=2.33293 total=38.5743 penalty=0
LEGACY_LATE_EDGE context=1 current=273370 previous=1200 transition=32.7434 previous_path=14.032 local=2.33293 total=49.1083 penalty=0
LEGACY_LATE_EDGE context=1 current=273370 previous=245736 transition=11.134 previous_path=14.0348 local=2.33293 total=27.5017 penalty=0
LEGACY_LATE_EDGE context=1 current=273370 previous=165351 transition=18.4782 previous_path=14.0706 local=2.33293 total=34.8817 penalty=0
LEGACY_LATE_EDGE context=1 current=273370 previous=22451 transition=29.7118 previous_path=14.1887 local=2.33293 total=46.2334 penalty=0
LEGACY_LATE_EDGE context=1 current=273370 previous=31347 transition=21.3054 previous_path=14.3564 local=2.33293 total=37.9947 penalty=0
LEGACY_LATE_EDGE context=1 current=273370 previous=52542 transition=6.57434 previous_path=14.5684 local=2.33293 total=23.4757 penalty=0
LEGACY_LATE_EDGE context=1 current=273370 previous=233533 transition=22.6337 previous_path=14.96 local=2.33293 total=39.9267 penalty=0
LEGACY_LATE_EDGE context=1 current=273370 previous=25895 transition=13.5183 previous_path=20 local=2.33293 total=35.8512 penalty=0
LEGACY_LATE_EDGE context=1 current=273370 previous=28430 transition=15.3724 previous_path=20 local=2.33293 total=37.7053 penalty=0
LEGACY_LATE_EDGE context=1 current=273370 previous=2525 transition=56.2124 previous_path=20 local=2.33293 total=78.5453 penalty=0
LEGACY_LATE_EDGE context=1 current=273370 previous=234795 transition=17.5041 previous_path=20.0082 local=2.33293 total=39.8452 penalty=0
LEGACY_LATE_EDGE context=1 current=273370 previous=264663 transition=14.8229 previous_path=20.0085 local=2.33293 total=37.1643 penalty=0
LEGACY_LATE_EDGE context=1 current=273370 previous=273369 transition=0 previous_path=0.0201681 local=2.33293 total=2.3531 penalty=0
LEGACY_LATE_EDGE context=1 current=273370 previous=272822 transition=30.8357 previous_path=0.00243161 local=2.33293 total=33.1711 penalty=0
LEGACY_LATE_EDGE context=1 current=273370 previous=92183 transition=28.111 previous_path=12.0082 local=2.33293 total=42.4521 penalty=0
LEGACY_LATE_EDGE context=1 current=273370 previous=262454 transition=9.47711 previous_path=12.0082 local=2.33293 total=23.8182 penalty=0
LEGACY_LATE_EDGE context=1 current=273370 previous=195687 transition=43.5113 previous_path=12.0082 local=2.33293 total=57.8523 penalty=0
LEGACY_LATE_EDGE context=1 current=273370 previous=182880 transition=2.46753 previous_path=12.0085 local=2.33293 total=16.809 penalty=0
LEGACY_LATE_EDGE context=1 current=273370 previous=204612 transition=3.13051 previous_path=12.0085 local=2.33293 total=17.472 penalty=0
LEGACY_LATE_EDGE context=1 current=273370 previous=200525 transition=32.0808 previous_path=12.032 local=2.33293 total=46.4457 penalty=0
LEGACY_LATE_EDGE context=1 current=273370 previous=51310 transition=50.0085 previous_path=12.0348 local=2.33293 total=64.3762 penalty=0
LEGACY_LATE_EDGE context=1 current=273370 previous=31795 transition=13.2453 previous_path=12.0348 local=2.33293 total=27.6131 penalty=0
LEGACY_LATE_EDGE context=1 current=273370 previous=200614 transition=14.1822 previous_path=12.0348 local=2.33293 total=28.5499 penalty=0
LEGACY_LATE_EDGE context=1 current=273370 previous=116320 transition=16.5012 previous_path=12.1455 local=2.33293 total=30.9796 penalty=0
LEGACY_LATE_EDGE context=1 current=273370 previous=214148 transition=12.197 previous_path=12.1455 local=2.33293 total=26.6754 penalty=0
LEGACY_LATE_EDGE context=1 current=273370 previous=189906 transition=11.4331 previous_path=12.1455 local=2.33293 total=25.9114 penalty=0
LEGACY_LATE_EDGE context=1 current=273370 previous=178453 transition=9.78079 previous_path=12.1455 local=2.33293 total=24.2592 penalty=0
LEGACY_LATE_EDGE context=1 current=273370 previous=179388 transition=29.6491 previous_path=12.2667 local=2.33293 total=44.2487 penalty=0
LEGACY_LATE_EDGE context=1 current=273370 previous=129641 transition=34.0849 previous_path=14.0082 local=2.33293 total=50.426 penalty=0
LEGACY_LATE_EDGE context=1 current=273370 previous=20499 transition=22.2328 previous_path=14.0085 local=2.33293 total=38.5743 penalty=0
LEGACY_LATE_EDGE context=1 current=273370 previous=1200 transition=32.7434 previous_path=14.032 local=2.33293 total=49.1083 penalty=0
LEGACY_LATE_EDGE context=1 current=273370 previous=245736 transition=11.134 previous_path=14.0348 local=2.33293 total=27.5017 penalty=0
LEGACY_LATE_EDGE context=1 current=273370 previous=165351 transition=18.4782 previous_path=14.0706 local=2.33293 total=34.8817 penalty=0
LEGACY_LATE_EDGE context=1 current=273370 previous=22451 transition=29.7118 previous_path=14.1887 local=2.33293 total=46.2334 penalty=0
LEGACY_LATE_EDGE context=1 current=273370 previous=31347 transition=21.3054 previous_path=14.3564 local=2.33293 total=37.9947 penalty=0
LEGACY_LATE_EDGE context=1 current=273370 previous=52542 transition=6.57434 previous_path=14.5684 local=2.33293 total=23.4757 penalty=0
LEGACY_LATE_EDGE context=1 current=273370 previous=233533 transition=22.6337 previous_path=14.96 local=2.33293 total=39.9267 penalty=0
LEGACY_LATE_EDGE context=1 current=273370 previous=25895 transition=13.5183 previous_path=20 local=2.33293 total=35.8512 penalty=0
LEGACY_LATE_EDGE context=1 current=273370 previous=28430 transition=15.3724 previous_path=20 local=2.33293 total=37.7053 penalty=0
LEGACY_LATE_EDGE context=1 current=273370 previous=2525 transition=56.2124 previous_path=20 local=2.33293 total=78.5453 penalty=0
LEGACY_LATE_EDGE context=1 current=273370 previous=234795 transition=17.5041 previous_path=20.0082 local=2.33293 total=39.8452 penalty=0
LEGACY_LATE_EDGE context=1 current=273370 previous=264663 transition=14.8229 previous_path=20.0085 local=2.33293 total=37.1643 penalty=0
LEGACY_LATE_EDGE context=1 current=273370 previous=273369 transition=0 previous_path=0.0201681 local=2.33293 total=2.3531 penalty=0
LEGACY_LATE_EDGE context=1 current=273370 previous=272822 transition=30.8357 previous_path=0.00243161 local=2.33293 total=33.1711 penalty=0
LEGACY_LATE_EDGE context=1 current=273370 previous=92183 transition=28.111 previous_path=12.0082 local=2.33293 total=42.4521 penalty=0
LEGACY_LATE_EDGE context=1 current=273370 previous=262454 transition=9.47711 previous_path=12.0082 local=2.33293 total=23.8182 penalty=0
LEGACY_LATE_EDGE context=1 current=273370 previous=195687 transition=43.5113 previous_path=12.0082 local=2.33293 total=57.8523 penalty=0
LEGACY_LATE_EDGE context=1 current=273370 previous=182880 transition=2.46753 previous_path=12.0085 local=2.33293 total=16.809 penalty=0
LEGACY_LATE_EDGE context=1 current=273370 previous=204612 transition=3.13051 previous_path=12.0085 local=2.33293 total=17.472 penalty=0
LEGACY_LATE_EDGE context=1 current=273370 previous=200525 transition=32.0808 previous_path=12.032 local=2.33293 total=46.4457 penalty=0
LEGACY_LATE_EDGE context=1 current=273370 previous=51310 transition=50.0085 previous_path=12.0348 local=2.33293 total=64.3762 penalty=0
LEGACY_LATE_EDGE context=1 current=273370 previous=31795 transition=13.2453 previous_path=12.0348 local=2.33293 total=27.6131 penalty=0
LEGACY_LATE_EDGE context=1 current=273370 previous=200614 transition=14.1822 previous_path=12.0348 local=2.33293 total=28.5499 penalty=0
LEGACY_LATE_EDGE context=1 current=273370 previous=116320 transition=16.5012 previous_path=12.1455 local=2.33293 total=30.9796 penalty=0
LEGACY_LATE_EDGE context=1 current=273370 previous=214148 transition=12.197 previous_path=12.1455 local=2.33293 total=26.6754 penalty=0
LEGACY_LATE_EDGE context=1 current=273370 previous=189906 transition=11.4331 previous_path=12.1455 local=2.33293 total=25.9114 penalty=0
LEGACY_LATE_EDGE context=1 current=273370 previous=178453 transition=9.78079 previous_path=12.1455 local=2.33293 total=24.2592 penalty=0
LEGACY_LATE_EDGE context=1 current=273370 previous=179388 transition=29.6491 previous_path=12.2667 local=2.33293 total=44.2487 penalty=0
LEGACY_LATE_EDGE context=1 current=273370 previous=129641 transition=34.0849 previous_path=14.0082 local=2.33293 total=50.426 penalty=0
LEGACY_LATE_EDGE context=1 current=273370 previous=20499 transition=22.2328 previous_path=14.0085 local=2.33293 total=38.5743 penalty=0
LEGACY_LATE_EDGE context=1 current=273370 previous=1200 transition=32.7434 previous_path=14.032 local=2.33293 total=49.1083 penalty=0
LEGACY_LATE_EDGE context=1 current=273370 previous=245736 transition=11.134 previous_path=14.0348 local=2.33293 total=27.5017 penalty=0
LEGACY_LATE_EDGE context=1 current=273370 previous=165351 transition=18.4782 previous_path=14.0706 local=2.33293 total=34.8817 penalty=0
LEGACY_LATE_EDGE context=1 current=273370 previous=22451 transition=29.7118 previous_path=14.1887 local=2.33293 total=46.2334 penalty=0
LEGACY_LATE_EDGE context=1 current=273370 previous=31347 transition=21.3054 previous_path=14.3564 local=2.33293 total=37.9947 penalty=0
LEGACY_LATE_EDGE context=1 current=273370 previous=52542 transition=6.57434 previous_path=14.5684 local=2.33293 total=23.4757 penalty=0
LEGACY_LATE_EDGE context=1 current=273370 previous=233533 transition=22.6337 previous_path=14.96 local=2.33293 total=39.9267 penalty=0
LEGACY_LATE_EDGE context=1 current=273370 previous=25895 transition=13.5183 previous_path=20 local=2.33293 total=35.8512 penalty=0
LEGACY_LATE_EDGE context=1 current=273370 previous=28430 transition=15.3724 previous_path=20 local=2.33293 total=37.7053 penalty=0
LEGACY_LATE_EDGE context=1 current=273370 previous=2525 transition=56.2124 previous_path=20 local=2.33293 total=78.5453 penalty=0
LEGACY_LATE_EDGE context=1 current=273370 previous=234795 transition=17.5041 previous_path=20.0082 local=2.33293 total=39.8452 penalty=0
LEGACY_LATE_EDGE context=1 current=273370 previous=264663 transition=14.8229 previous_path=20.0085 local=2.33293 total=37.1643 penalty=0
warning: Temporarily disabling breakpoints for unloaded shared library "/samples/vt_kat.dll"
[Inferior 1 (Remote target) exited normally]
Wine-gdb> 0114:0118: create process 'Z:\probe\probe-original-kate-2006.exe'/00000000 @004013E0 (204288<1830>)
0114:0118: create thread I @004013E0
0114:0118: loads DLL C:\windows\system32\ntdll.dll @7BD10000 (2994176<5095>)
0114:0118: loads DLL C:\windows\system32\kernel32.dll @7BB90000 (1466368<19395>)
0114:0118: loads DLL C:\windows\system32\kernelbase.dll @7B650000 (5410816<14148>)
0114:0118: loads DLL C:\windows\system32\msvcrt.dll @7B2A0000 (2715648<8214>)
0114:0118: loads DLL C:\windows\system32\tzres.dll @10000000 (0<0>)
00000114:00000118: unload DLL @10000000
0114:0118: loads DLL C:\windows\system32\tzres.dll @10000000 (0<0>)
00000114:00000118: unload DLL @10000000
0114:0118: loads DLL Z:\samples\vt_kat.dll @10000000 (0<0>)
0114:0118: loads DLL C:\windows\system32\WINMM.dll @78CC0000 (1474560<4890>)
0114:0118: loads DLL C:\windows\system32\advapi32.dll @7B550000 (958464<7400>)
0114:0118: loads DLL C:\windows\system32\sechost.dll @7B200000 (565248<3163>)
0114:0118: loads DLL C:\windows\system32\ucrtbase.dll @7AEE0000 (3198976<11541>)
0114:0118: loads DLL C:\windows\system32\msacm32.dll @78C40000 (413696<1982>)
0114:0118: loads DLL C:\windows\system32\user32.dll @7A160000 (5005312<14159>)
0114:0118: loads DLL C:\windows\system32\zlib1.dll @7A120000 (135680<0>)
0114:0118: loads DLL C:\windows\system32\gdi32.dll @7A640000 (2355200<7390>)
0114:0118: loads DLL C:\windows\system32\win32u.dll @7A0D0000 (221184<1966>)
0114:0118: loads DLL C:\windows\system32\ole32.dll @7A9F0000 (4440064<14323>)
0114:0118: loads DLL C:\windows\system32\combase.dll @7A890000 (1314816<7562>)
0114:0118: loads DLL C:\windows\system32\rpcrt4.dll @79EA0000 (2162688<9274>)
0114:0118: loads DLL C:\windows\system32\coml2.dll @79E40000 (262144<3883>)
0114:0118: loads DLL C:\windows\system32\iphlpapi.dll @779C0000 (487424<4777>)
0114:0118: loads DLL C:\windows\system32\dnsapi.dll @77970000 (258048<1399>)
0114:0118: loads DLL C:\windows\system32\nsi.dll @77940000 (118784<823>)
0114:0118: loads DLL C:\windows\system32\ws2_32.dll @7AE40000 (565248<2279>)
0114:0118: loads DLL C:\windows\system32\imm32.dll @782F0000 (401408<2996>)
0114:0118: loads DLL C:\windows\system32\winex11.drv @780F0000 (307200<4314>)
0114:0118: loads DLL C:\windows\system32\uxtheme.dll @78030000 (671744<3646>)
00000114:00000118: unload DLL @10000000
00000114:00000118: unload DLL @779C0000
00000114:00000118: unload DLL @7AE40000
00000114:00000118: unload DLL @77940000
00000114:00000118: unload DLL @77970000
00000114:00000118: unload DLL @78CC0000
00000114:00000118: unload DLL @7A9F0000
00000114:00000118: unload DLL @79E40000
00000114:00000118: unload DLL @7A890000
00000114:00000118: unload DLL @79EA0000
00000114:00000118: unload DLL @78C40000
00000114:00000118: exit process (0)
