Wine-gdb> Wine-gdb> Wine-gdb> Wine-gdb> Wine-gdb> Wine-gdb> Hardware assisted breakpoint 1 at 0x1001cff0
Wine-gdb> >>>> > > > > >  >  >  > > > > >  >  >  >  >  >  >   >   >   >  >  >  > >>>Wine-gdb> Wine-gdb> Wine-gdb> Wine-gdb> Hardware assisted breakpoint 2 at 0x1001cd60
Wine-gdb> >> > > >  >  >  >  >  >  >  >  >   >   >    >    >   >   >  >  >  >   >   >   >   >  >  > >>>Wine-gdb> Wine-gdb> Wine-gdb> Wine-gdb> Hardware assisted breakpoint 3 at 0x1001d48e
Wine-gdb> >> > > > > > >  >  >   >   >  >  > >>>Wine-gdb> Wine-gdb> Hardware assisted breakpoint 4 at 0x1001d493
Wine-gdb> >> > > >  >  >  >  > > >>>Wine-gdb> Wine-gdb> Hardware assisted breakpoint 5 at 0x408187
Wine-gdb> >>>>Wine-gdb> Wine-gdb> Continuing.
APPLE_OLD_CONTEXT2_CANDIDATE_TRACE_READY
APPLE_OLD_CONTEXT2_CLASS_INPUT count=3 classes: 5341 5342 10816
Hardware assisted breakpoint 6 at 0x1001e771
Hardware assisted breakpoint 7 at 0x1001d289
APPLE_OLD_CONTEXT2_AFTER_COVERAGE count=48 target188826_index=14
APPLE_OLD_CONTEXT2_COVERAGE_ROW index=0 id=276016 span=1 left=0 right=0 local=4.29283
APPLE_OLD_CONTEXT2_COVERAGE_ROW index=1 id=100180 span=1 left=0 right=0 local=2.47897
APPLE_OLD_CONTEXT2_COVERAGE_ROW index=2 id=108878 span=1 left=0 right=0 local=2.71149
APPLE_OLD_CONTEXT2_COVERAGE_ROW index=3 id=111020 span=1 left=0 right=0 local=3.0351
APPLE_OLD_CONTEXT2_COVERAGE_ROW index=4 id=118661 span=1 left=0 right=0 local=3.29212
APPLE_OLD_CONTEXT2_COVERAGE_ROW index=5 id=128863 span=1 left=0 right=0 local=3.44609
APPLE_OLD_CONTEXT2_COVERAGE_ROW index=6 id=137215 span=1 left=0 right=0 local=3.45201
APPLE_OLD_CONTEXT2_COVERAGE_ROW index=7 id=138741 span=1 left=0 right=0 local=3.85278
APPLE_OLD_CONTEXT2_COVERAGE_ROW index=8 id=150075 span=1 left=0 right=0 local=3.86713
APPLE_OLD_CONTEXT2_COVERAGE_ROW index=9 id=151210 span=1 left=0 right=0 local=3.8813
APPLE_OLD_CONTEXT2_COVERAGE_ROW index=10 id=157135 span=1 left=0 right=0 local=4.08099
APPLE_OLD_CONTEXT2_COVERAGE_ROW index=11 id=158593 span=1 left=0 right=0 local=4.09708
APPLE_OLD_CONTEXT2_COVERAGE_ROW index=12 id=175727 span=1 left=0 right=0 local=4.20468
APPLE_OLD_CONTEXT2_COVERAGE_ROW index=13 id=188302 span=1 left=0 right=0 local=4.36609
APPLE_OLD_CONTEXT2_COVERAGE_ROW index=14 id=188826 span=1 left=0 right=0 local=4.3948
APPLE_OLD_CONTEXT2_COVERAGE_ROW index=15 id=189455 span=1 left=0 right=0 local=4.45909
APPLE_OLD_CONTEXT2_COVERAGE_ROW index=16 id=199880 span=1 left=0 right=0 local=4.66328
APPLE_OLD_CONTEXT2_COVERAGE_ROW index=17 id=208106 span=1 left=0 right=0 local=4.74644
APPLE_OLD_CONTEXT2_COVERAGE_ROW index=18 id=213256 span=1 left=0 right=0 local=4.99388
APPLE_OLD_CONTEXT2_COVERAGE_ROW index=19 id=223157 span=1 left=0 right=0 local=5.39844
APPLE_OLD_CONTEXT2_COVERAGE_ROW index=20 id=227605 span=1 left=0 right=0 local=5.6352
APPLE_OLD_CONTEXT2_COVERAGE_ROW index=21 id=231014 span=1 left=0 right=0 local=5.87367
APPLE_OLD_CONTEXT2_COVERAGE_ROW index=22 id=244717 span=1 left=0 right=0 local=6.04911
APPLE_OLD_CONTEXT2_COVERAGE_ROW index=23 id=97601 span=1 left=0 right=0 local=2.38899
APPLE_OLD_CONTEXT2_COVERAGE_ROW index=24 id=96145 span=1 left=0 right=0 local=2.2711
APPLE_OLD_CONTEXT2_COVERAGE_ROW index=25 id=19870 span=1 left=0 right=0 local=17.9783
APPLE_OLD_CONTEXT2_COVERAGE_ROW index=26 id=45873 span=1 left=0 right=0 local=17.2016
APPLE_OLD_CONTEXT2_COVERAGE_ROW index=27 id=225775 span=1 left=0 right=0 local=24.2613
APPLE_OLD_CONTEXT2_COVERAGE_ROW index=28 id=251672 span=1 left=0 right=0 local=27.2576
APPLE_OLD_CONTEXT2_COVERAGE_ROW index=29 id=2645 span=1 left=0 right=0 local=20.2384
APPLE_OLD_CONTEXT2_COVERAGE_ROW index=30 id=32957 span=1 left=0 right=0 local=14.1226
APPLE_OLD_CONTEXT2_COVERAGE_ROW index=31 id=38294 span=1 left=0 right=0 local=29.8591
APPLE_OLD_CONTEXT2_COVERAGE_ROW index=32 id=40503 span=1 left=0 right=0 local=0.787162
APPLE_OLD_CONTEXT2_COVERAGE_ROW index=33 id=40810 span=1 left=0 right=0 local=0.825029
APPLE_OLD_CONTEXT2_COVERAGE_ROW index=34 id=41008 span=1 left=0 right=0 local=0.836517
APPLE_OLD_CONTEXT2_COVERAGE_ROW index=35 id=45509 span=1 left=0 right=0 local=0.983962
APPLE_OLD_CONTEXT2_COVERAGE_ROW index=36 id=55213 span=1 left=0 right=0 local=1.16739
APPLE_OLD_CONTEXT2_COVERAGE_ROW index=37 id=56167 span=1 left=0 right=0 local=1.24605
APPLE_OLD_CONTEXT2_COVERAGE_ROW index=38 id=61725 span=1 left=0 right=0 local=1.2515
APPLE_OLD_CONTEXT2_COVERAGE_ROW index=39 id=64719 span=1 left=0 right=0 local=1.35906
APPLE_OLD_CONTEXT2_COVERAGE_ROW index=40 id=64728 span=1 left=0 right=0 local=1.55484
APPLE_OLD_CONTEXT2_COVERAGE_ROW index=41 id=78432 span=1 left=0 right=0 local=1.66853
APPLE_OLD_CONTEXT2_COVERAGE_ROW index=42 id=82377 span=1 left=0 right=0 local=1.9134
APPLE_OLD_CONTEXT2_COVERAGE_ROW index=43 id=82557 span=1 left=0 right=0 local=2.09685
APPLE_OLD_CONTEXT2_COVERAGE_ROW index=44 id=82709 span=1 left=0 right=0 local=2.1853
APPLE_OLD_CONTEXT2_COVERAGE_ROW index=45 id=83349 span=1 left=0 right=0 local=2.24521
APPLE_OLD_CONTEXT2_COVERAGE_ROW index=46 id=86012 span=1 left=0 right=0 local=2.25674
APPLE_OLD_CONTEXT2_COVERAGE_ROW index=47 id=272427 span=1 left=0 right=0 local=6.10391
APPLE_OLD_CONTEXT2_SORT_INPUT total=48 presorted_prefix=0
APPLE_OLD_CONTEXT2_SORT_TARGET index=14 score=0.222222 rank_key=0.222222 span=1
APPLE_OLD_CONTEXT2_SORTED_TOP30 [0]=189455(score=0,span=1) [1]=100180(score=0,span=1) [2]=2645(score=0,span=1) [3]=188302(score=0,span=1) [4]=199880(score=0.00784314,span=1) [5]=38294(score=0.00784314,span=1) [6]=137215(score=0.0307692,span=1) [7]=45509(score=0.0307692,span=1) [8]=61725(score=0.0307692,span=1) [9]=40810(score=0.0333333,span=1) [10]=151210(score=0.0333333,span=1) [11]=41008(score=0.0333333,span=1) [12]=96145(score=0.0333333,span=1) [13]=231014(score=0.0333333,span=1) [14]=118661(score=0.0333333,span=1) [15]=56167(score=0.0333333,span=1) [16]=108878(score=0.0765957,span=1) [17]=244717(score=0.0765957,span=1) [18]=213256(score=0.0765957,span=1) [19]=64719(score=0.0765957,span=1) [20]=64728(score=0.0765957,span=1) [21]=82377(score=0.0765957,span=1) [22]=82709(score=0.0765957,span=1) [23]=97601(score=0.0765957,span=1) [24]=128863(score=0.118519,span=1) [25]=40503(score=0.118519,span=1) [26]=86012(score=0.13913,span=1) [27]=78432(score=0.13913,span=1) [28]=150075(score=0.13913,span=1) [29]=32957(score=0.181818,span=1)
APPLE_OLD_CONTEXT2_CLASS_INPUT count=3 classes: 5341 5342 10816
Hardware assisted breakpoint 8 at 0x1001e771
Hardware assisted breakpoint 9 at 0x1001d289
APPLE_OLD_CONTEXT2_AFTER_COVERAGE count=48 target188826_index=14
APPLE_OLD_CONTEXT2_COVERAGE_ROW index=0 id=276016 span=1 left=0 right=0 local=4.29283
APPLE_OLD_CONTEXT2_COVERAGE_ROW index=1 id=100180 span=1 left=0 right=0 local=2.47897
APPLE_OLD_CONTEXT2_COVERAGE_ROW index=2 id=108878 span=1 left=0 right=0 local=2.71149
APPLE_OLD_CONTEXT2_COVERAGE_ROW index=3 id=111020 span=1 left=0 right=0 local=3.0351
APPLE_OLD_CONTEXT2_COVERAGE_ROW index=4 id=118661 span=1 left=0 right=0 local=3.29212
APPLE_OLD_CONTEXT2_COVERAGE_ROW index=5 id=128863 span=1 left=0 right=0 local=3.44609
APPLE_OLD_CONTEXT2_COVERAGE_ROW index=6 id=137215 span=1 left=0 right=0 local=3.45201
APPLE_OLD_CONTEXT2_COVERAGE_ROW index=7 id=138741 span=1 left=0 right=0 local=3.85278
APPLE_OLD_CONTEXT2_COVERAGE_ROW index=8 id=150075 span=1 left=0 right=0 local=3.86713
APPLE_OLD_CONTEXT2_COVERAGE_ROW index=9 id=151210 span=1 left=0 right=0 local=3.8813
APPLE_OLD_CONTEXT2_COVERAGE_ROW index=10 id=157135 span=1 left=0 right=0 local=4.08099
APPLE_OLD_CONTEXT2_COVERAGE_ROW index=11 id=158593 span=1 left=0 right=0 local=4.09708
APPLE_OLD_CONTEXT2_COVERAGE_ROW index=12 id=175727 span=1 left=0 right=0 local=4.20468
APPLE_OLD_CONTEXT2_COVERAGE_ROW index=13 id=188302 span=1 left=0 right=0 local=4.36609
APPLE_OLD_CONTEXT2_COVERAGE_ROW index=14 id=188826 span=1 left=0 right=0 local=4.3948
APPLE_OLD_CONTEXT2_COVERAGE_ROW index=15 id=189455 span=1 left=0 right=0 local=4.45909
APPLE_OLD_CONTEXT2_COVERAGE_ROW index=16 id=199880 span=1 left=0 right=0 local=4.66328
APPLE_OLD_CONTEXT2_COVERAGE_ROW index=17 id=208106 span=1 left=0 right=0 local=4.74644
APPLE_OLD_CONTEXT2_COVERAGE_ROW index=18 id=213256 span=1 left=0 right=0 local=4.99388
APPLE_OLD_CONTEXT2_COVERAGE_ROW index=19 id=223157 span=1 left=0 right=0 local=5.39844
APPLE_OLD_CONTEXT2_COVERAGE_ROW index=20 id=227605 span=1 left=0 right=0 local=5.6352
APPLE_OLD_CONTEXT2_COVERAGE_ROW index=21 id=231014 span=1 left=0 right=0 local=5.87367
APPLE_OLD_CONTEXT2_COVERAGE_ROW index=22 id=244717 span=1 left=0 right=0 local=6.04911
APPLE_OLD_CONTEXT2_COVERAGE_ROW index=23 id=97601 span=1 left=0 right=0 local=2.38899
APPLE_OLD_CONTEXT2_COVERAGE_ROW index=24 id=96145 span=1 left=0 right=0 local=2.2711
APPLE_OLD_CONTEXT2_COVERAGE_ROW index=25 id=19870 span=1 left=0 right=0 local=17.9783
APPLE_OLD_CONTEXT2_COVERAGE_ROW index=26 id=45873 span=1 left=0 right=0 local=17.2016
APPLE_OLD_CONTEXT2_COVERAGE_ROW index=27 id=225775 span=1 left=0 right=0 local=24.2613
APPLE_OLD_CONTEXT2_COVERAGE_ROW index=28 id=251672 span=1 left=0 right=0 local=27.2576
APPLE_OLD_CONTEXT2_COVERAGE_ROW index=29 id=2645 span=1 left=0 right=0 local=20.2384
APPLE_OLD_CONTEXT2_COVERAGE_ROW index=30 id=32957 span=1 left=0 right=0 local=14.1226
APPLE_OLD_CONTEXT2_COVERAGE_ROW index=31 id=38294 span=1 left=0 right=0 local=29.8591
APPLE_OLD_CONTEXT2_COVERAGE_ROW index=32 id=40503 span=1 left=0 right=0 local=0.787162
APPLE_OLD_CONTEXT2_COVERAGE_ROW index=33 id=40810 span=1 left=0 right=0 local=0.825029
APPLE_OLD_CONTEXT2_COVERAGE_ROW index=34 id=41008 span=1 left=0 right=0 local=0.836517
APPLE_OLD_CONTEXT2_COVERAGE_ROW index=35 id=45509 span=1 left=0 right=0 local=0.983962
APPLE_OLD_CONTEXT2_COVERAGE_ROW index=36 id=55213 span=1 left=0 right=0 local=1.16739
APPLE_OLD_CONTEXT2_COVERAGE_ROW index=37 id=56167 span=1 left=0 right=0 local=1.24605
APPLE_OLD_CONTEXT2_COVERAGE_ROW index=38 id=61725 span=1 left=0 right=0 local=1.2515
APPLE_OLD_CONTEXT2_COVERAGE_ROW index=39 id=64719 span=1 left=0 right=0 local=1.35906
APPLE_OLD_CONTEXT2_COVERAGE_ROW index=40 id=64728 span=1 left=0 right=0 local=1.55484
APPLE_OLD_CONTEXT2_COVERAGE_ROW index=41 id=78432 span=1 left=0 right=0 local=1.66853
APPLE_OLD_CONTEXT2_COVERAGE_ROW index=42 id=82377 span=1 left=0 right=0 local=1.9134
APPLE_OLD_CONTEXT2_COVERAGE_ROW index=43 id=82557 span=1 left=0 right=0 local=2.09685
APPLE_OLD_CONTEXT2_COVERAGE_ROW index=44 id=82709 span=1 left=0 right=0 local=2.1853
APPLE_OLD_CONTEXT2_COVERAGE_ROW index=45 id=83349 span=1 left=0 right=0 local=2.24521
APPLE_OLD_CONTEXT2_COVERAGE_ROW index=46 id=86012 span=1 left=0 right=0 local=2.25674
APPLE_OLD_CONTEXT2_COVERAGE_ROW index=47 id=272427 span=1 left=0 right=0 local=6.10391
APPLE_OLD_CONTEXT2_SORT_INPUT total=48 presorted_prefix=0
APPLE_OLD_CONTEXT2_SORT_TARGET index=14 score=0.222222 rank_key=0.222222 span=1
APPLE_OLD_CONTEXT2_SORTED_TOP30 [0]=189455(score=0,span=1) [1]=100180(score=0,span=1) [2]=2645(score=0,span=1) [3]=188302(score=0,span=1) [4]=199880(score=0.00784314,span=1) [5]=38294(score=0.00784314,span=1) [6]=137215(score=0.0307692,span=1) [7]=45509(score=0.0307692,span=1) [8]=61725(score=0.0307692,span=1) [9]=40810(score=0.0333333,span=1) [10]=151210(score=0.0333333,span=1) [11]=41008(score=0.0333333,span=1) [12]=96145(score=0.0333333,span=1) [13]=231014(score=0.0333333,span=1) [14]=118661(score=0.0333333,span=1) [15]=56167(score=0.0333333,span=1) [16]=108878(score=0.0765957,span=1) [17]=244717(score=0.0765957,span=1) [18]=213256(score=0.0765957,span=1) [19]=64719(score=0.0765957,span=1) [20]=64728(score=0.0765957,span=1) [21]=82377(score=0.0765957,span=1) [22]=82709(score=0.0765957,span=1) [23]=97601(score=0.0765957,span=1) [24]=128863(score=0.118519,span=1) [25]=40503(score=0.118519,span=1) [26]=86012(score=0.13913,span=1) [27]=78432(score=0.13913,span=1) [28]=150075(score=0.13913,span=1) [29]=32957(score=0.181818,span=1)
APPLE_OLD_CONTEXT2_CLASS_INPUT count=3 classes: 5341 5342 10816
Hardware assisted breakpoint 10 at 0x1001e771
Hardware assisted breakpoint 11 at 0x1001d289
APPLE_OLD_CONTEXT2_AFTER_COVERAGE count=48 target188826_index=14
APPLE_OLD_CONTEXT2_COVERAGE_ROW index=0 id=276016 span=1 left=0 right=0 local=4.29283
APPLE_OLD_CONTEXT2_COVERAGE_ROW index=1 id=100180 span=1 left=0 right=0 local=2.47897
APPLE_OLD_CONTEXT2_COVERAGE_ROW index=2 id=108878 span=1 left=0 right=0 local=2.71149
APPLE_OLD_CONTEXT2_COVERAGE_ROW index=3 id=111020 span=1 left=0 right=0 local=3.0351
APPLE_OLD_CONTEXT2_COVERAGE_ROW index=4 id=118661 span=1 left=0 right=0 local=3.29212
APPLE_OLD_CONTEXT2_COVERAGE_ROW index=5 id=128863 span=1 left=0 right=0 local=3.44609
APPLE_OLD_CONTEXT2_COVERAGE_ROW index=6 id=137215 span=1 left=0 right=0 local=3.45201
APPLE_OLD_CONTEXT2_COVERAGE_ROW index=7 id=138741 span=1 left=0 right=0 local=3.85278
APPLE_OLD_CONTEXT2_COVERAGE_ROW index=8 id=150075 span=1 left=0 right=0 local=3.86713
APPLE_OLD_CONTEXT2_COVERAGE_ROW index=9 id=151210 span=1 left=0 right=0 local=3.8813
APPLE_OLD_CONTEXT2_COVERAGE_ROW index=10 id=157135 span=1 left=0 right=0 local=4.08099
APPLE_OLD_CONTEXT2_COVERAGE_ROW index=11 id=158593 span=1 left=0 right=0 local=4.09708
APPLE_OLD_CONTEXT2_COVERAGE_ROW index=12 id=175727 span=1 left=0 right=0 local=4.20468
APPLE_OLD_CONTEXT2_COVERAGE_ROW index=13 id=188302 span=1 left=0 right=0 local=4.36609
APPLE_OLD_CONTEXT2_COVERAGE_ROW index=14 id=188826 span=1 left=0 right=0 local=4.3948
APPLE_OLD_CONTEXT2_COVERAGE_ROW index=15 id=189455 span=1 left=0 right=0 local=4.45909
APPLE_OLD_CONTEXT2_COVERAGE_ROW index=16 id=199880 span=1 left=0 right=0 local=4.66328
APPLE_OLD_CONTEXT2_COVERAGE_ROW index=17 id=208106 span=1 left=0 right=0 local=4.74644
APPLE_OLD_CONTEXT2_COVERAGE_ROW index=18 id=213256 span=1 left=0 right=0 local=4.99388
APPLE_OLD_CONTEXT2_COVERAGE_ROW index=19 id=223157 span=1 left=0 right=0 local=5.39844
APPLE_OLD_CONTEXT2_COVERAGE_ROW index=20 id=227605 span=1 left=0 right=0 local=5.6352
APPLE_OLD_CONTEXT2_COVERAGE_ROW index=21 id=231014 span=1 left=0 right=0 local=5.87367
APPLE_OLD_CONTEXT2_COVERAGE_ROW index=22 id=244717 span=1 left=0 right=0 local=6.04911
APPLE_OLD_CONTEXT2_COVERAGE_ROW index=23 id=97601 span=1 left=0 right=0 local=2.38899
APPLE_OLD_CONTEXT2_COVERAGE_ROW index=24 id=96145 span=1 left=0 right=0 local=2.2711
APPLE_OLD_CONTEXT2_COVERAGE_ROW index=25 id=19870 span=1 left=0 right=0 local=17.9783
APPLE_OLD_CONTEXT2_COVERAGE_ROW index=26 id=45873 span=1 left=0 right=0 local=17.2016
APPLE_OLD_CONTEXT2_COVERAGE_ROW index=27 id=225775 span=1 left=0 right=0 local=24.2613
APPLE_OLD_CONTEXT2_COVERAGE_ROW index=28 id=251672 span=1 left=0 right=0 local=27.2576
APPLE_OLD_CONTEXT2_COVERAGE_ROW index=29 id=2645 span=1 left=0 right=0 local=20.2384
APPLE_OLD_CONTEXT2_COVERAGE_ROW index=30 id=32957 span=1 left=0 right=0 local=14.1226
APPLE_OLD_CONTEXT2_COVERAGE_ROW index=31 id=38294 span=1 left=0 right=0 local=29.8591
APPLE_OLD_CONTEXT2_COVERAGE_ROW index=32 id=40503 span=1 left=0 right=0 local=0.787162
APPLE_OLD_CONTEXT2_COVERAGE_ROW index=33 id=40810 span=1 left=0 right=0 local=0.825029
APPLE_OLD_CONTEXT2_COVERAGE_ROW index=34 id=41008 span=1 left=0 right=0 local=0.836517
APPLE_OLD_CONTEXT2_COVERAGE_ROW index=35 id=45509 span=1 left=0 right=0 local=0.983962
APPLE_OLD_CONTEXT2_COVERAGE_ROW index=36 id=55213 span=1 left=0 right=0 local=1.16739
APPLE_OLD_CONTEXT2_COVERAGE_ROW index=37 id=56167 span=1 left=0 right=0 local=1.24605
APPLE_OLD_CONTEXT2_COVERAGE_ROW index=38 id=61725 span=1 left=0 right=0 local=1.2515
APPLE_OLD_CONTEXT2_COVERAGE_ROW index=39 id=64719 span=1 left=0 right=0 local=1.35906
APPLE_OLD_CONTEXT2_COVERAGE_ROW index=40 id=64728 span=1 left=0 right=0 local=1.55484
APPLE_OLD_CONTEXT2_COVERAGE_ROW index=41 id=78432 span=1 left=0 right=0 local=1.66853
APPLE_OLD_CONTEXT2_COVERAGE_ROW index=42 id=82377 span=1 left=0 right=0 local=1.9134
APPLE_OLD_CONTEXT2_COVERAGE_ROW index=43 id=82557 span=1 left=0 right=0 local=2.09685
APPLE_OLD_CONTEXT2_COVERAGE_ROW index=44 id=82709 span=1 left=0 right=0 local=2.1853
APPLE_OLD_CONTEXT2_COVERAGE_ROW index=45 id=83349 span=1 left=0 right=0 local=2.24521
APPLE_OLD_CONTEXT2_COVERAGE_ROW index=46 id=86012 span=1 left=0 right=0 local=2.25674
APPLE_OLD_CONTEXT2_COVERAGE_ROW index=47 id=272427 span=1 left=0 right=0 local=6.10391
APPLE_OLD_CONTEXT2_SORT_INPUT total=48 presorted_prefix=0
APPLE_OLD_CONTEXT2_SORT_TARGET index=14 score=0.222222 rank_key=0.222222 span=1
APPLE_OLD_CONTEXT2_SORTED_TOP30 [0]=189455(score=0,span=1) [1]=100180(score=0,span=1) [2]=2645(score=0,span=1) [3]=188302(score=0,span=1) [4]=199880(score=0.00784314,span=1) [5]=38294(score=0.00784314,span=1) [6]=137215(score=0.0307692,span=1) [7]=45509(score=0.0307692,span=1) [8]=61725(score=0.0307692,span=1) [9]=40810(score=0.0333333,span=1) [10]=151210(score=0.0333333,span=1) [11]=41008(score=0.0333333,span=1) [12]=96145(score=0.0333333,span=1) [13]=231014(score=0.0333333,span=1) [14]=118661(score=0.0333333,span=1) [15]=56167(score=0.0333333,span=1) [16]=108878(score=0.0765957,span=1) [17]=244717(score=0.0765957,span=1) [18]=213256(score=0.0765957,span=1) [19]=64719(score=0.0765957,span=1) [20]=64728(score=0.0765957,span=1) [21]=82377(score=0.0765957,span=1) [22]=82709(score=0.0765957,span=1) [23]=97601(score=0.0765957,span=1) [24]=128863(score=0.118519,span=1) [25]=40503(score=0.118519,span=1) [26]=86012(score=0.13913,span=1) [27]=78432(score=0.13913,span=1) [28]=150075(score=0.13913,span=1) [29]=32957(score=0.181818,span=1)
warning: Temporarily disabling breakpoints for unloaded shared library "/samples/vt_kat.dll"
[Inferior 1 (Remote target) exited normally]
Wine-gdb> 