GNU gdb (Ubuntu 15.1-1ubuntu1~24.04.1) 15.1
Copyright (C) 2024 Free Software Foundation, Inc.
License GPLv3+: GNU GPL version 3 or later <http://gnu.org/licenses/gpl.html>
This is free software: you are free to change and redistribute it.
There is NO WARRANTY, to the extent permitted by law.
Type "show copying" and "show warranty" for details.
This GDB was configured as "x86_64-linux-gnu".
Type "show configuration" for configuration details.
For bug reporting instructions, please see:
<https://www.gnu.org/software/gdb/bugs/>.
Find the GDB manual and other documentation resources online at:
    <http://www.gnu.org/software/gdb/documentation/>.

For help, type "help".
Type "apropos word" to search for commands related to "word".
warning: remote target does not support file transfer, attempting to access files from local filesystem.
Reading symbols from /probe/probe-original-kate-2006.exe...
0x7bd64525 in DbgBreakPoint@0 ()
   from /usr/lib/i386-linux-gnu/wine/i386-windows/ntdll.dll
Wine-gdb> Wine-gdb> Wine-gdb> Wine-gdb> Signal        Stop	Print	Pass to program	Description
SIGSEGV       No	No	Yes		Segmentation fault
Wine-gdb> Wine-gdb> Wine-gdb> Copying output to /probe/stage20/apple-selector-byte0-old-path-costs-2026-09-29/legacy-path-costs-gdb.log.
Copying debug output to /probe/stage20/apple-selector-byte0-old-path-costs-2026-09-29/legacy-path-costs-gdb.log.
Wine-gdb> Already logging to /probe/stage20/apple-selector-byte0-old-path-costs-2026-09-29/legacy-path-costs-gdb.log.
Wine-gdb> Wine-gdb> Wine-gdb> Hardware assisted breakpoint 1 at 0x1001ec07
Wine-gdb> >>>>> > >>>Wine-gdb> Wine-gdb> Wine-gdb> Wine-gdb> Hardware assisted breakpoint 2 at 0x1001ec44
Wine-gdb> >>>> > > > > > >>>Wine-gdb> Wine-gdb> Wine-gdb> Hardware assisted breakpoint 3 at 0x1001ed7f
Wine-gdb> >>>>Wine-gdb> Wine-gdb> Hardware assisted breakpoint 4 at 0x408187
Wine-gdb> >>>>Wine-gdb> Wine-gdb> Continuing.
APPLE_OLD_PATH_TRACE_READY
APPLE_OLD_PATH_EDGE context=2 current=100180 previous=177774 transition=6.84252 previous_path=8.48421 local=0 total=15.3267 penalty=0
APPLE_OLD_PATH_EDGE context=2 current=100180 previous=261978 transition=7.88606 previous_path=36.6463 local=0 total=44.5324 penalty=0
APPLE_OLD_PATH_EDGE context=2 current=100180 previous=52644 transition=107.301 previous_path=35.0302 local=0 total=142.331 penalty=100
APPLE_OLD_PATH_EDGE context=2 current=100180 previous=106017 transition=114.873 previous_path=40.4766 local=0 total=155.349 penalty=100
APPLE_OLD_PATH_EDGE context=2 current=100180 previous=212593 transition=107.769 previous_path=50.9321 local=0 total=158.701 penalty=100
APPLE_OLD_PATH_EDGE context=2 current=100180 previous=225631 transition=38.3057 previous_path=41.2644 local=0 total=79.5701 penalty=0
APPLE_OLD_PATH_EDGE context=2 current=100180 previous=179969 transition=132.48 previous_path=37.1493 local=0 total=169.629 penalty=100
APPLE_OLD_PATH_EDGE context=2 current=100180 previous=279649 transition=111.115 previous_path=44.0931 local=0 total=155.208 penalty=100
APPLE_OLD_PATH_BACKPOINTER position=2 candidate=100180 predecessor_index=0 predecessor=177774
APPLE_OLD_PATH_EDGE context=2 current=64719 previous=177774 transition=5.73442 previous_path=8.48421 local=0.0765957 total=14.2952 penalty=0
APPLE_OLD_PATH_EDGE context=2 current=64719 previous=261978 transition=9.34015 previous_path=36.6463 local=0.0765957 total=46.0631 penalty=0
APPLE_OLD_PATH_EDGE context=2 current=64719 previous=52644 transition=109.429 previous_path=35.0302 local=0.0765957 total=144.536 penalty=100
APPLE_OLD_PATH_EDGE context=2 current=64719 previous=106017 transition=120.295 previous_path=40.4766 local=0.0765957 total=160.848 penalty=100
APPLE_OLD_PATH_EDGE context=2 current=64719 previous=212593 transition=110.421 previous_path=50.9321 local=0.0765957 total=161.429 penalty=100
APPLE_OLD_PATH_EDGE context=2 current=64719 previous=225631 transition=31.9659 previous_path=41.2644 local=0.0765957 total=73.307 penalty=0
APPLE_OLD_PATH_EDGE context=2 current=64719 previous=179969 transition=131.597 previous_path=37.1493 local=0.0765957 total=168.823 penalty=100
APPLE_OLD_PATH_EDGE context=2 current=64719 previous=279649 transition=112.036 previous_path=44.0931 local=0.0765957 total=156.206 penalty=100
APPLE_OLD_PATH_BACKPOINTER position=2 candidate=64719 predecessor_index=0 predecessor=177774
APPLE_OLD_PATH_EDGE context=3 current=2554 previous=189455 transition=63.7079 previous_path=19.3989 local=1.3899 total=84.4967 penalty=0
APPLE_OLD_PATH_EDGE context=3 current=2554 previous=100180 transition=40.6668 previous_path=15.3267 local=1.3899 total=57.3834 penalty=0
APPLE_OLD_PATH_EDGE context=3 current=2554 previous=64719 transition=14.2417 previous_path=14.2952 local=1.3899 total=29.9268 penalty=0
APPLE_OLD_PATH_BACKPOINTER position=3 candidate=2554 predecessor_index=16 predecessor=64719
APPLE_OLD_PATH_EDGE context=3 current=82036 previous=189455 transition=79.5648 previous_path=19.3989 local=1.06144 total=100.025 penalty=0
APPLE_OLD_PATH_EDGE context=3 current=82036 previous=100180 transition=46.6575 previous_path=15.3267 local=1.06144 total=63.0456 penalty=0
APPLE_OLD_PATH_EDGE context=3 current=82036 previous=64719 transition=16.3335 previous_path=14.2952 local=1.06144 total=31.6901 penalty=0
APPLE_OLD_PATH_BACKPOINTER position=3 candidate=82036 predecessor_index=16 predecessor=64719
APPLE_OLD_PATH_EDGE context=3 current=59558 previous=189455 transition=140.665 previous_path=19.3989 local=0.323902 total=160.387 penalty=0
APPLE_OLD_PATH_EDGE context=3 current=59558 previous=100180 transition=11.9439 previous_path=15.3267 local=0.323902 total=27.5946 penalty=0
APPLE_OLD_PATH_EDGE context=3 current=59558 previous=64719 transition=77.9548 previous_path=14.2952 local=0.323902 total=92.5739 penalty=0
APPLE_OLD_PATH_BACKPOINTER position=3 candidate=59558 predecessor_index=1 predecessor=100180
APPLE_OLD_PATH_EDGE context=4 current=59559 previous=2554 transition=17.9694 previous_path=29.9268 local=0.307186 total=48.2034 penalty=10
APPLE_OLD_PATH_EDGE context=4 current=59559 previous=82036 transition=16.8546 previous_path=31.6901 local=0.307186 total=48.8519 penalty=10
APPLE_OLD_PATH_EDGE context=4 current=59559 previous=59558 transition=0 previous_path=27.5946 local=0.307186 total=27.9018 penalty=0
APPLE_OLD_PATH_BACKPOINTER position=4 candidate=59559 predecessor_index=11 predecessor=59558
APPLE_OLD_PATH_EDGE context=4 current=82037 previous=2554 transition=18.5763 previous_path=29.9268 local=0.247923 total=48.751 penalty=10
APPLE_OLD_PATH_EDGE context=4 current=82037 previous=82036 transition=0 previous_path=31.6901 local=0.247923 total=31.9381 penalty=0
APPLE_OLD_PATH_EDGE context=4 current=82037 previous=59558 transition=16.8546 previous_path=27.5946 local=0.247923 total=44.6971 penalty=10
APPLE_OLD_PATH_BACKPOINTER position=4 candidate=82037 predecessor_index=10 predecessor=82036
APPLE_OLD_PATH_EDGE context=4 current=2555 previous=2554 transition=0 previous_path=29.9268 local=0.377395 total=30.3042 penalty=0
APPLE_OLD_PATH_EDGE context=4 current=2555 previous=82036 transition=18.5763 previous_path=31.6901 local=0.377395 total=50.6438 penalty=10
APPLE_OLD_PATH_EDGE context=4 current=2555 previous=59558 transition=17.9694 previous_path=27.5946 local=0.377395 total=45.9414 penalty=10
APPLE_OLD_PATH_BACKPOINTER position=4 candidate=2555 predecessor_index=0 predecessor=2554
APPLE_OLD_FINAL_CHAIN selected_index=0 unit_id=177774
APPLE_OLD_FINAL_CHAIN selected_index=0 unit_id=177774
APPLE_OLD_FINAL_CHAIN selected_index=1 unit_id=100180
APPLE_OLD_FINAL_CHAIN selected_index=11 unit_id=59558
APPLE_OLD_FINAL_CHAIN selected_index=3 unit_id=59559
APPLE_OLD_PATH_EDGE context=2 current=100180 previous=177774 transition=6.84252 previous_path=8.48421 local=0 total=15.3267 penalty=0
APPLE_OLD_PATH_EDGE context=2 current=100180 previous=261978 transition=7.88606 previous_path=36.6463 local=0 total=44.5324 penalty=0
APPLE_OLD_PATH_EDGE context=2 current=100180 previous=52644 transition=107.301 previous_path=35.0302 local=0 total=142.331 penalty=100
APPLE_OLD_PATH_EDGE context=2 current=100180 previous=106017 transition=114.873 previous_path=40.4766 local=0 total=155.349 penalty=100
APPLE_OLD_PATH_EDGE context=2 current=100180 previous=212593 transition=107.769 previous_path=50.9321 local=0 total=158.701 penalty=100
APPLE_OLD_PATH_EDGE context=2 current=100180 previous=225631 transition=38.3057 previous_path=41.2644 local=0 total=79.5701 penalty=0
APPLE_OLD_PATH_EDGE context=2 current=100180 previous=179969 transition=132.48 previous_path=37.1493 local=0 total=169.629 penalty=100
APPLE_OLD_PATH_EDGE context=2 current=100180 previous=279649 transition=111.115 previous_path=44.0931 local=0 total=155.208 penalty=100
APPLE_OLD_PATH_BACKPOINTER position=2 candidate=100180 predecessor_index=0 predecessor=177774
APPLE_OLD_PATH_EDGE context=2 current=64719 previous=177774 transition=5.73442 previous_path=8.48421 local=0.0765957 total=14.2952 penalty=0
APPLE_OLD_PATH_EDGE context=2 current=64719 previous=261978 transition=9.34015 previous_path=36.6463 local=0.0765957 total=46.0631 penalty=0
APPLE_OLD_PATH_EDGE context=2 current=64719 previous=52644 transition=109.429 previous_path=35.0302 local=0.0765957 total=144.536 penalty=100
APPLE_OLD_PATH_EDGE context=2 current=64719 previous=106017 transition=120.295 previous_path=40.4766 local=0.0765957 total=160.848 penalty=100
APPLE_OLD_PATH_EDGE context=2 current=64719 previous=212593 transition=110.421 previous_path=50.9321 local=0.0765957 total=161.429 penalty=100
APPLE_OLD_PATH_EDGE context=2 current=64719 previous=225631 transition=31.9659 previous_path=41.2644 local=0.0765957 total=73.307 penalty=0
APPLE_OLD_PATH_EDGE context=2 current=64719 previous=179969 transition=131.597 previous_path=37.1493 local=0.0765957 total=168.823 penalty=100
APPLE_OLD_PATH_EDGE context=2 current=64719 previous=279649 transition=112.036 previous_path=44.0931 local=0.0765957 total=156.206 penalty=100
APPLE_OLD_PATH_BACKPOINTER position=2 candidate=64719 predecessor_index=0 predecessor=177774
APPLE_OLD_PATH_EDGE context=3 current=2554 previous=189455 transition=63.7079 previous_path=19.3989 local=1.3899 total=84.4967 penalty=0
APPLE_OLD_PATH_EDGE context=3 current=2554 previous=100180 transition=40.6668 previous_path=15.3267 local=1.3899 total=57.3834 penalty=0
APPLE_OLD_PATH_EDGE context=3 current=2554 previous=64719 transition=14.2417 previous_path=14.2952 local=1.3899 total=29.9268 penalty=0
APPLE_OLD_PATH_BACKPOINTER position=3 candidate=2554 predecessor_index=16 predecessor=64719
APPLE_OLD_PATH_EDGE context=3 current=82036 previous=189455 transition=79.5648 previous_path=19.3989 local=1.06144 total=100.025 penalty=0
APPLE_OLD_PATH_EDGE context=3 current=82036 previous=100180 transition=46.6575 previous_path=15.3267 local=1.06144 total=63.0456 penalty=0
APPLE_OLD_PATH_EDGE context=3 current=82036 previous=64719 transition=16.3335 previous_path=14.2952 local=1.06144 total=31.6901 penalty=0
APPLE_OLD_PATH_BACKPOINTER position=3 candidate=82036 predecessor_index=16 predecessor=64719
APPLE_OLD_PATH_EDGE context=3 current=59558 previous=189455 transition=140.665 previous_path=19.3989 local=0.323902 total=160.387 penalty=0
APPLE_OLD_PATH_EDGE context=3 current=59558 previous=100180 transition=11.9439 previous_path=15.3267 local=0.323902 total=27.5946 penalty=0
APPLE_OLD_PATH_EDGE context=3 current=59558 previous=64719 transition=77.9548 previous_path=14.2952 local=0.323902 total=92.5739 penalty=0
APPLE_OLD_PATH_BACKPOINTER position=3 candidate=59558 predecessor_index=1 predecessor=100180
APPLE_OLD_PATH_EDGE context=4 current=59559 previous=2554 transition=17.9694 previous_path=29.9268 local=0.307186 total=48.2034 penalty=10
APPLE_OLD_PATH_EDGE context=4 current=59559 previous=82036 transition=16.8546 previous_path=31.6901 local=0.307186 total=48.8519 penalty=10
APPLE_OLD_PATH_EDGE context=4 current=59559 previous=59558 transition=0 previous_path=27.5946 local=0.307186 total=27.9018 penalty=0
APPLE_OLD_PATH_BACKPOINTER position=4 candidate=59559 predecessor_index=11 predecessor=59558
APPLE_OLD_PATH_EDGE context=4 current=82037 previous=2554 transition=18.5763 previous_path=29.9268 local=0.247923 total=48.751 penalty=10
APPLE_OLD_PATH_EDGE context=4 current=82037 previous=82036 transition=0 previous_path=31.6901 local=0.247923 total=31.9381 penalty=0
APPLE_OLD_PATH_EDGE context=4 current=82037 previous=59558 transition=16.8546 previous_path=27.5946 local=0.247923 total=44.6971 penalty=10
APPLE_OLD_PATH_BACKPOINTER position=4 candidate=82037 predecessor_index=10 predecessor=82036
APPLE_OLD_PATH_EDGE context=4 current=2555 previous=2554 transition=0 previous_path=29.9268 local=0.377395 total=30.3042 penalty=0
APPLE_OLD_PATH_EDGE context=4 current=2555 previous=82036 transition=18.5763 previous_path=31.6901 local=0.377395 total=50.6438 penalty=10
APPLE_OLD_PATH_EDGE context=4 current=2555 previous=59558 transition=17.9694 previous_path=27.5946 local=0.377395 total=45.9414 penalty=10
APPLE_OLD_PATH_BACKPOINTER position=4 candidate=2555 predecessor_index=0 predecessor=2554
APPLE_OLD_FINAL_CHAIN selected_index=0 unit_id=177774
APPLE_OLD_FINAL_CHAIN selected_index=0 unit_id=177774
APPLE_OLD_FINAL_CHAIN selected_index=1 unit_id=100180
APPLE_OLD_FINAL_CHAIN selected_index=11 unit_id=59558
APPLE_OLD_FINAL_CHAIN selected_index=3 unit_id=59559
APPLE_OLD_PATH_EDGE context=2 current=100180 previous=177774 transition=6.84252 previous_path=8.48421 local=0 total=15.3267 penalty=0
APPLE_OLD_PATH_EDGE context=2 current=100180 previous=261978 transition=7.88606 previous_path=36.6463 local=0 total=44.5324 penalty=0
APPLE_OLD_PATH_EDGE context=2 current=100180 previous=52644 transition=107.301 previous_path=35.0302 local=0 total=142.331 penalty=100
APPLE_OLD_PATH_EDGE context=2 current=100180 previous=106017 transition=114.873 previous_path=40.4766 local=0 total=155.349 penalty=100
APPLE_OLD_PATH_EDGE context=2 current=100180 previous=212593 transition=107.769 previous_path=50.9321 local=0 total=158.701 penalty=100
APPLE_OLD_PATH_EDGE context=2 current=100180 previous=225631 transition=38.3057 previous_path=41.2644 local=0 total=79.5701 penalty=0
APPLE_OLD_PATH_EDGE context=2 current=100180 previous=179969 transition=132.48 previous_path=37.1493 local=0 total=169.629 penalty=100
APPLE_OLD_PATH_EDGE context=2 current=100180 previous=279649 transition=111.115 previous_path=44.0931 local=0 total=155.208 penalty=100
APPLE_OLD_PATH_BACKPOINTER position=2 candidate=100180 predecessor_index=0 predecessor=177774
APPLE_OLD_PATH_EDGE context=2 current=64719 previous=177774 transition=5.73442 previous_path=8.48421 local=0.0765957 total=14.2952 penalty=0
APPLE_OLD_PATH_EDGE context=2 current=64719 previous=261978 transition=9.34015 previous_path=36.6463 local=0.0765957 total=46.0631 penalty=0
APPLE_OLD_PATH_EDGE context=2 current=64719 previous=52644 transition=109.429 previous_path=35.0302 local=0.0765957 total=144.536 penalty=100
APPLE_OLD_PATH_EDGE context=2 current=64719 previous=106017 transition=120.295 previous_path=40.4766 local=0.0765957 total=160.848 penalty=100
APPLE_OLD_PATH_EDGE context=2 current=64719 previous=212593 transition=110.421 previous_path=50.9321 local=0.0765957 total=161.429 penalty=100
APPLE_OLD_PATH_EDGE context=2 current=64719 previous=225631 transition=31.9659 previous_path=41.2644 local=0.0765957 total=73.307 penalty=0
APPLE_OLD_PATH_EDGE context=2 current=64719 previous=179969 transition=131.597 previous_path=37.1493 local=0.0765957 total=168.823 penalty=100
APPLE_OLD_PATH_EDGE context=2 current=64719 previous=279649 transition=112.036 previous_path=44.0931 local=0.0765957 total=156.206 penalty=100
APPLE_OLD_PATH_BACKPOINTER position=2 candidate=64719 predecessor_index=0 predecessor=177774
APPLE_OLD_PATH_EDGE context=3 current=2554 previous=189455 transition=63.7079 previous_path=19.3989 local=1.3899 total=84.4967 penalty=0
APPLE_OLD_PATH_EDGE context=3 current=2554 previous=100180 transition=40.6668 previous_path=15.3267 local=1.3899 total=57.3834 penalty=0
APPLE_OLD_PATH_EDGE context=3 current=2554 previous=64719 transition=14.2417 previous_path=14.2952 local=1.3899 total=29.9268 penalty=0
APPLE_OLD_PATH_BACKPOINTER position=3 candidate=2554 predecessor_index=16 predecessor=64719
APPLE_OLD_PATH_EDGE context=3 current=82036 previous=189455 transition=79.5648 previous_path=19.3989 local=1.06144 total=100.025 penalty=0
APPLE_OLD_PATH_EDGE context=3 current=82036 previous=100180 transition=46.6575 previous_path=15.3267 local=1.06144 total=63.0456 penalty=0
APPLE_OLD_PATH_EDGE context=3 current=82036 previous=64719 transition=16.3335 previous_path=14.2952 local=1.06144 total=31.6901 penalty=0
APPLE_OLD_PATH_BACKPOINTER position=3 candidate=82036 predecessor_index=16 predecessor=64719
APPLE_OLD_PATH_EDGE context=3 current=59558 previous=189455 transition=140.665 previous_path=19.3989 local=0.323902 total=160.387 penalty=0
APPLE_OLD_PATH_EDGE context=3 current=59558 previous=100180 transition=11.9439 previous_path=15.3267 local=0.323902 total=27.5946 penalty=0
APPLE_OLD_PATH_EDGE context=3 current=59558 previous=64719 transition=77.9548 previous_path=14.2952 local=0.323902 total=92.5739 penalty=0
APPLE_OLD_PATH_BACKPOINTER position=3 candidate=59558 predecessor_index=1 predecessor=100180
APPLE_OLD_PATH_EDGE context=4 current=59559 previous=2554 transition=17.9694 previous_path=29.9268 local=0.307186 total=48.2034 penalty=10
APPLE_OLD_PATH_EDGE context=4 current=59559 previous=82036 transition=16.8546 previous_path=31.6901 local=0.307186 total=48.8519 penalty=10
APPLE_OLD_PATH_EDGE context=4 current=59559 previous=59558 transition=0 previous_path=27.5946 local=0.307186 total=27.9018 penalty=0
APPLE_OLD_PATH_BACKPOINTER position=4 candidate=59559 predecessor_index=11 predecessor=59558
APPLE_OLD_PATH_EDGE context=4 current=82037 previous=2554 transition=18.5763 previous_path=29.9268 local=0.247923 total=48.751 penalty=10
APPLE_OLD_PATH_EDGE context=4 current=82037 previous=82036 transition=0 previous_path=31.6901 local=0.247923 total=31.9381 penalty=0
APPLE_OLD_PATH_EDGE context=4 current=82037 previous=59558 transition=16.8546 previous_path=27.5946 local=0.247923 total=44.6971 penalty=10
APPLE_OLD_PATH_BACKPOINTER position=4 candidate=82037 predecessor_index=10 predecessor=82036
APPLE_OLD_PATH_EDGE context=4 current=2555 previous=2554 transition=0 previous_path=29.9268 local=0.377395 total=30.3042 penalty=0
APPLE_OLD_PATH_EDGE context=4 current=2555 previous=82036 transition=18.5763 previous_path=31.6901 local=0.377395 total=50.6438 penalty=10
APPLE_OLD_PATH_EDGE context=4 current=2555 previous=59558 transition=17.9694 previous_path=27.5946 local=0.377395 total=45.9414 penalty=10
APPLE_OLD_PATH_BACKPOINTER position=4 candidate=2555 predecessor_index=0 predecessor=2554
APPLE_OLD_FINAL_CHAIN selected_index=0 unit_id=177774
APPLE_OLD_FINAL_CHAIN selected_index=0 unit_id=177774
APPLE_OLD_FINAL_CHAIN selected_index=1 unit_id=100180
APPLE_OLD_FINAL_CHAIN selected_index=11 unit_id=59558
APPLE_OLD_FINAL_CHAIN selected_index=3 unit_id=59559
warning: Temporarily disabling breakpoints for unloaded shared library "/samples/vt_kat.dll"
[Inferior 1 (Remote target) exited normally]
Wine-gdb> 0114:0118: create process 'Z:\probe\probe-original-kate-2006.exe'/00000000 @004013E0 (204288<1830>)
0114:0118: create thread I @004013E0
0114:0118: loads DLL C:\windows\system32\ntdll.dll @7BD10000 (2994176<5095>)
0114:0118: loads DLL C:\windows\system32\kernel32.dll @7BB90000 (1466368<19395>)
0114:0118: loads DLL C:\windows\system32\kernelbase.dll @7B650000 (5410816<14148>)
0114:0118: loads DLL C:\windows\system32\msvcrt.dll @7B2A0000 (2715648<8214>)
0114:0118: loads DLL C:\windows\system32\tzres.dll @10000000 (0<0>)
00000114:00000118: unload DLL @10000000
0114:0118: loads DLL C:\windows\system32\tzres.dll @10000000 (0<0>)
00000114:00000118: unload DLL @10000000
0114:0118: loads DLL Z:\samples\vt_kat.dll @10000000 (0<0>)
0114:0118: loads DLL C:\windows\system32\WINMM.dll @78E90000 (1474560<4890>)
0114:0118: loads DLL C:\windows\system32\advapi32.dll @7B550000 (958464<7400>)
0114:0118: loads DLL C:\windows\system32\sechost.dll @7B200000 (565248<3163>)
0114:0118: loads DLL C:\windows\system32\ucrtbase.dll @7AEE0000 (3198976<11541>)
0114:0118: loads DLL C:\windows\system32\msacm32.dll @78E10000 (413696<1982>)
0114:0118: loads DLL C:\windows\system32\user32.dll @7A160000 (5005312<14159>)
0114:0118: loads DLL C:\windows\system32\zlib1.dll @7A120000 (135680<0>)
0114:0118: loads DLL C:\windows\system32\gdi32.dll @7A640000 (2355200<7390>)
0114:0118: loads DLL C:\windows\system32\win32u.dll @7A0D0000 (221184<1966>)
0114:0118: loads DLL C:\windows\system32\ole32.dll @7A9F0000 (4440064<14323>)
0114:0118: loads DLL C:\windows\system32\combase.dll @7A890000 (1314816<7562>)
0114:0118: loads DLL C:\windows\system32\rpcrt4.dll @79EA0000 (2162688<9274>)
0114:0118: loads DLL C:\windows\system32\coml2.dll @79E40000 (262144<3883>)
0114:0118: loads DLL C:\windows\system32\iphlpapi.dll @779C0000 (487424<4777>)
0114:0118: loads DLL C:\windows\system32\dnsapi.dll @77970000 (258048<1399>)
0114:0118: loads DLL C:\windows\system32\nsi.dll @77940000 (118784<823>)
0114:0118: loads DLL C:\windows\system32\ws2_32.dll @7AE40000 (565248<2279>)
0114:0118: loads DLL C:\windows\system32\imm32.dll @782F0000 (401408<2996>)
0114:0118: loads DLL C:\windows\system32\winex11.drv @780F0000 (307200<4314>)
0114:0118: loads DLL C:\windows\system32\uxtheme.dll @78030000 (671744<3646>)
00000114:00000118: unload DLL @10000000
00000114:00000118: unload DLL @779C0000
00000114:00000118: unload DLL @7AE40000
00000114:00000118: unload DLL @77940000
00000114:00000118: unload DLL @77970000
00000114:00000118: unload DLL @78E90000
00000114:00000118: unload DLL @7A9F0000
00000114:00000118: unload DLL @79E40000
00000114:00000118: unload DLL @7A890000
00000114:00000118: unload DLL @79EA0000
00000114:00000118: unload DLL @78E10000
00000114:00000118: exit process (0)
X connection to :99 broken (explicit kill or server shutdown).
X connection to :99 broken (explicit kill or server shutdown).
