GNU gdb (Ubuntu 15.1-1ubuntu1~24.04.1) 15.1
Copyright (C) 2024 Free Software Foundation, Inc.
License GPLv3+: GNU GPL version 3 or later <http://gnu.org/licenses/gpl.html>
This is free software: you are free to change and redistribute it.
There is NO WARRANTY, to the extent permitted by law.
Type "show copying" and "show warranty" for details.
This GDB was configured as "x86_64-linux-gnu".
Type "show configuration" for configuration details.
For bug reporting instructions, please see:
<https://www.gnu.org/software/gdb/bugs/>.
Find the GDB manual and other documentation resources online at:
    <http://www.gnu.org/software/gdb/documentation/>.

For help, type "help".
Type "apropos word" to search for commands related to "word".
warning: remote target does not support file transfer, attempting to access files from local filesystem.
Reading symbols from /samples/voicetext_kate.exe...
0x7bd64525 in DbgBreakPoint@0 ()
   from /usr/lib/i386-linux-gnu/wine/i386-windows/ntdll.dll
Wine-gdb> Wine-gdb> Wine-gdb> Wine-gdb> Signal        Stop	Print	Pass to program	Description
SIGSEGV       No	No	Yes		Segmentation fault
Wine-gdb> Wine-gdb> Wine-gdb> Copying output to /work/corpus-parity/stage20/hello-repeat-2013-bit7-next-row-edge/adapted-next-row-edge-gdb.log.
Copying debug output to /work/corpus-parity/stage20/hello-repeat-2013-bit7-next-row-edge/adapted-next-row-edge-gdb.log.
Wine-gdb> Already logging to /work/corpus-parity/stage20/hello-repeat-2013-bit7-next-row-edge/adapted-next-row-edge-gdb.log.
Wine-gdb> Wine-gdb> Breakpoint 1 at 0x10023331
Wine-gdb> >>>> > > >  >  >   >   >  >  > >>>Wine-gdb> Wine-gdb> Wine-gdb> Hardware assisted breakpoint 2 at 0x100191bc
Wine-gdb> >>>>>> > > > > > > > >>>Wine-gdb> Wine-gdb> Hardware assisted breakpoint 3 at 0x408187
Wine-gdb> >>>>Wine-gdb> Wine-gdb> Continuing.
BIT7_NEXT_EDGE context=7 current=264072 previous=264071 feature=0 divisor=1 penalty=0 previous_path=116.271 local=11.5375 total=127.809
BIT7_NEXT_EDGE context=7 current=264072 previous=177867 feature=23.1281 divisor=1 penalty=0 previous_path=110.139 local=11.5375 total=144.805
BIT7_NEXT_EDGE context=7 current=264072 previous=166213 feature=35.7985 divisor=1 penalty=0 previous_path=114.041 local=11.5375 total=161.377
BIT7_NEXT_EDGE context=7 current=264072 previous=114916 feature=10.3779 divisor=1 penalty=0 previous_path=123.09 local=11.5375 total=145.006
BIT7_NEXT_EDGE context=7 current=264072 previous=5030 feature=37.2219 divisor=1 penalty=0 previous_path=123.377 local=11.5375 total=172.137
BIT7_NEXT_EDGE context=7 current=264072 previous=6694 feature=32.562 divisor=1 penalty=0 previous_path=117.773 local=11.5375 total=161.873
BIT7_NEXT_EDGE context=7 current=264072 previous=8054 feature=21.7021 divisor=1 penalty=0 previous_path=117.074 local=11.5375 total=150.314
BIT7_NEXT_EDGE context=7 current=264072 previous=14659 feature=29.8881 divisor=1 penalty=0 previous_path=123.416 local=11.5375 total=164.842
BIT7_NEXT_EDGE context=7 current=264072 previous=15884 feature=6.40796 divisor=1 penalty=0 previous_path=117.031 local=11.5375 total=134.976
BIT7_NEXT_EDGE context=7 current=264072 previous=19726 feature=30.4053 divisor=1 penalty=0 previous_path=118.473 local=11.5375 total=160.416
BIT7_NEXT_EDGE context=7 current=264072 previous=21433 feature=19.5719 divisor=1 penalty=0 previous_path=116.466 local=11.5375 total=147.576
BIT7_NEXT_EDGE context=7 current=264072 previous=27063 feature=21.9383 divisor=1 penalty=0 previous_path=116.104 local=11.5375 total=149.58
BIT7_NEXT_EDGE context=7 current=264072 previous=32482 feature=35.6944 divisor=1 penalty=0 previous_path=118.789 local=11.5375 total=166.021
BIT7_NEXT_EDGE context=7 current=264072 previous=46001 feature=12.8239 divisor=1 penalty=0 previous_path=125.284 local=11.5375 total=149.645
BIT7_NEXT_EDGE context=7 current=264072 previous=49874 feature=10.4675 divisor=1 penalty=0 previous_path=112.217 local=11.5375 total=134.222
BIT7_NEXT_EDGE context=7 current=264072 previous=59821 feature=14.2802 divisor=1 penalty=0 previous_path=122.383 local=11.5375 total=148.201
BIT7_NEXT_EDGE context=7 current=264072 previous=62239 feature=11.2411 divisor=1 penalty=0 previous_path=120.065 local=11.5375 total=142.844
BIT7_NEXT_EDGE context=7 current=264072 previous=69479 feature=17.4097 divisor=1 penalty=0 previous_path=122.119 local=11.5375 total=151.066
BIT7_NEXT_EDGE context=7 current=264072 previous=71823 feature=18.9425 divisor=1 penalty=0 previous_path=121.029 local=11.5375 total=151.51
BIT7_NEXT_EDGE context=7 current=264072 previous=86057 feature=16.1645 divisor=1 penalty=0 previous_path=118.292 local=11.5375 total=145.994
BIT7_NEXT_EDGE context=7 current=264072 previous=93490 feature=24.1756 divisor=1 penalty=0 previous_path=122.4 local=11.5375 total=158.113
BIT7_NEXT_EDGE context=7 current=264072 previous=97409 feature=24.6097 divisor=1 penalty=0 previous_path=115.826 local=11.5375 total=151.973
BIT7_NEXT_EDGE context=7 current=264072 previous=97795 feature=23.218 divisor=1 penalty=0 previous_path=117.679 local=11.5375 total=152.434
BIT7_NEXT_EDGE context=7 current=264072 previous=104395 feature=28.41 divisor=1 penalty=0 previous_path=116.814 local=11.5375 total=156.762
BIT7_NEXT_EDGE context=7 current=264072 previous=105256 feature=18.966 divisor=1 penalty=0 previous_path=121.901 local=11.5375 total=152.405
[Inferior 1 (Remote target) exited normally]
Wine-gdb> 0118:011c: create process 'Z:\samples\voicetext_kate.exe'/00000000 @004014C0 (450560<1847>)
0118:011c: create thread I @004014C0
0118:011c: loads DLL C:\windows\system32\ntdll.dll @7BD10000 (2994176<5095>)
0118:011c: loads DLL C:\windows\system32\kernel32.dll @7BB90000 (1466368<19395>)
0118:011c: loads DLL C:\windows\system32\kernelbase.dll @7B650000 (5410816<14148>)
0118:011c: loads DLL C:\windows\system32\msvcrt.dll @7B2A0000 (2715648<8214>)
0118:011c: loads DLL Z:\samples\vt_kat.dll @10000000 (0<0>)
0118:011c: loads DLL C:\windows\system32\WINMM.dll @78EC0000 (1474560<4890>)
0118:011c: loads DLL C:\windows\system32\advapi32.dll @7B550000 (958464<7400>)
0118:011c: loads DLL C:\windows\system32\sechost.dll @7B200000 (565248<3163>)
0118:011c: loads DLL C:\windows\system32\ucrtbase.dll @7AEE0000 (3198976<11541>)
0118:011c: loads DLL C:\windows\system32\msacm32.dll @78E40000 (413696<1982>)
0118:011c: loads DLL C:\windows\system32\user32.dll @7A160000 (5005312<14159>)
0118:011c: loads DLL Z:\samples\zlib1.dll @7A120000 (135680<0>)
0118:011c: loads DLL C:\windows\system32\gdi32.dll @7A640000 (2355200<7390>)
0118:011c: loads DLL C:\windows\system32\win32u.dll @7A0D0000 (221184<1966>)
0118:011c: loads DLL C:\windows\system32\ole32.dll @7A9F0000 (4440064<14323>)
0118:011c: loads DLL C:\windows\system32\combase.dll @7A890000 (1314816<7562>)
0118:011c: loads DLL C:\windows\system32\rpcrt4.dll @79EA0000 (2162688<9274>)
0118:011c: loads DLL C:\windows\system32\coml2.dll @79E40000 (262144<3883>)
0118:011c: loads DLL C:\windows\system32\iphlpapi.dll @779C0000 (487424<4777>)
0118:011c: loads DLL C:\windows\system32\dnsapi.dll @77970000 (258048<1399>)
0118:011c: loads DLL C:\windows\system32\nsi.dll @77940000 (118784<823>)
0118:011c: loads DLL C:\windows\system32\ws2_32.dll @7AE40000 (565248<2279>)
0118:011c: loads DLL C:\windows\system32\tzres.dll @009C0000 (0<0>)
00000118:0000011c: unload DLL @009C0000
0118:011c: loads DLL C:\windows\system32\tzres.dll @009C0000 (0<0>)
00000118:0000011c: unload DLL @009C0000
0118:011c: loads DLL C:\windows\system32\imm32.dll @782F0000 (401408<2996>)
0118:011c: loads DLL C:\windows\system32\winex11.drv @780F0000 (307200<4314>)
0118:011c: loads DLL C:\windows\system32\uxtheme.dll @78030000 (671744<3646>)
00000118:0000011c: exit process (0)
X connection to :99 broken (explicit kill or server shutdown).
X connection to :99 broken (explicit kill or server shutdown).
