Wine-gdb> Already logging to /work/corpus-parity/stage20/hello-repeat-2013-pairmatrix/adapted-pairmatrix-gdb.log.
Wine-gdb> Hardware assisted breakpoint 1 at 0x100191bc
Wine-gdb> >>>>>> > > > > > > > >>>Wine-gdb> Wine-gdb> Hardware assisted breakpoint 2 at 0x408187
Wine-gdb> >>>>Wine-gdb> Wine-gdb> Continuing.
NEW_PAIR_COST context=1 current=272823 previous=272822 feature=0 divisor=1 penalty=0 previous_path=0.000945626 local=3.29502 total=3.29596
NEW_PAIR_COST context=1 current=272823 previous=273369 feature=21.9468 divisor=1 penalty=0 previous_path=0.00882353 local=3.29502 total=25.2507
NEW_PAIR_COST context=1 current=272823 previous=1200 feature=8.56881 divisor=1 penalty=0 previous_path=8.016 local=3.29502 total=19.8798
NEW_PAIR_COST context=1 current=272823 previous=279479 feature=15.1655 divisor=1 penalty=0 previous_path=15.016 local=3.29502 total=33.4765
NEW_PAIR_COST context=1 current=272823 previous=262454 feature=19.1119 divisor=1 penalty=0 previous_path=7.50408 local=3.29502 total=29.911
NEW_PAIR_COST context=1 current=272823 previous=245736 feature=25.8029 divisor=1 penalty=0 previous_path=8.01739 local=3.29502 total=37.1153
NEW_PAIR_COST context=1 current=272823 previous=233533 feature=10.7053 divisor=1 penalty=0 previous_path=8.48 local=3.29502 total=22.4803
NEW_PAIR_COST context=1 current=272823 previous=214148 feature=14.4499 divisor=1 penalty=0 previous_path=7.57273 local=3.29502 total=25.3177
NEW_PAIR_COST context=1 current=272823 previous=206118 feature=14.5136 divisor=1 penalty=0 previous_path=10.0615 local=3.29502 total=27.8701
NEW_PAIR_COST context=1 current=272823 previous=204612 feature=26.2812 divisor=1 penalty=0 previous_path=7.50426 local=3.29502 total=37.0805
NEW_PAIR_COST context=1 current=272823 previous=200614 feature=12.5405 divisor=1 penalty=0 previous_path=7.51739 local=3.29502 total=23.3529
NEW_PAIR_COST context=1 current=272823 previous=200525 feature=12.6636 divisor=1 penalty=0 previous_path=7.516 local=3.29502 total=23.4746
NEW_PAIR_COST context=1 current=272823 previous=195687 feature=8.31027 divisor=1 penalty=0 previous_path=7.50408 local=3.29502 total=19.1094
NEW_PAIR_COST context=1 current=272823 previous=189906 feature=27.3365 divisor=1 penalty=0 previous_path=7.57273 local=3.29502 total=38.2042
NEW_PAIR_COST context=1 current=272823 previous=182880 feature=23.4822 divisor=1 penalty=0 previous_path=7.50426 local=3.29502 total=34.2815
NEW_PAIR_COST context=1 current=272823 previous=179388 feature=7.14071 divisor=1 penalty=0 previous_path=7.63333 local=3.29502 total=18.0691
NEW_PAIR_COST context=1 current=272823 previous=178453 feature=19.0766 divisor=1 penalty=0 previous_path=7.57273 local=3.29502 total=29.9444
NEW_PAIR_COST context=1 current=272823 previous=165351 feature=31.4234 divisor=1 penalty=0 previous_path=8.03529 local=3.29502 total=42.7537
NEW_PAIR_COST context=1 current=272823 previous=129641 feature=11.7602 divisor=1 penalty=0 previous_path=8.00408 local=3.29502 total=23.0593
NEW_PAIR_COST context=1 current=272823 previous=116320 feature=11.1102 divisor=1 penalty=0 previous_path=7.57273 local=3.29502 total=21.9779
NEW_PAIR_COST context=1 current=272823 previous=92183 feature=7.91599 divisor=1 penalty=0 previous_path=7.50408 local=3.29502 total=18.7151
NEW_PAIR_COST context=1 current=272823 previous=52542 feature=20.0432 divisor=1 penalty=0 previous_path=8.28421 local=3.29502 total=31.6225
NEW_PAIR_COST context=1 current=272823 previous=51310 feature=11.5161 divisor=1 penalty=0 previous_path=7.51739 local=3.29502 total=22.3285
NEW_PAIR_COST context=1 current=272823 previous=31795 feature=9.5804 divisor=1 penalty=0 previous_path=7.51739 local=3.29502 total=20.3928
NEW_PAIR_COST context=1 current=272823 previous=31347 feature=7.33704 divisor=1 penalty=0 previous_path=8.17818 local=3.29502 total=18.8102
NEW_PAIR_COST context=1 current=272823 previous=28430 feature=20.6544 divisor=1 penalty=0 previous_path=10 local=3.29502 total=33.9495
NEW_PAIR_COST context=1 current=272823 previous=22451 feature=8.51386 divisor=1 penalty=0 previous_path=8.09434 local=3.29502 total=19.9032
NEW_PAIR_COST context=1 current=272823 previous=20499 feature=9.8695 divisor=1 penalty=0 previous_path=8.00426 local=3.29502 total=21.1688
NEW_PAIR_COST context=1 current=272823 previous=2525 feature=18.4011 divisor=1 penalty=0 previous_path=10 local=3.29502 total=31.6961
NEW_PAIR_COST context=1 current=272823 previous=279484 feature=10.3809 divisor=1 penalty=0 previous_path=12.6714 local=3.29502 total=26.3474
[Inferior 1 (Remote target) exited normally]
Wine-gdb> 