Wine-gdb> Breakpoint 1 at 0x10023f90
Breakpoint 2 at 0x10023fca
Breakpoint 3 at 0x10024006
Hardware assisted breakpoint 4 at 0x408187
HELLO_QUERY_MEMBERSHIP_ENTRY call=1 context=0 start=0 signature=5a,5a,22,17,2b,a0,00 key=5a,22,17,a0,00
HELLO_QUERY_MEMBERSHIP_RETURN call=1 count=0 classes:
HELLO_QUERY_MEMBERSHIP_ENTRY call=2 context=0 start=0 signature=61,61,22,17,2b,98,00 key=5a,22,17,98,00
HELLO_QUERY_MEMBERSHIP_RETURN call=2 count=0 classes:
HELLO_QUERY_MEMBERSHIP_ENTRY call=3 context=0 start=0 signature=5a,5a,22,17,2b,a0,00 key=5a,22,17,a0,00
HELLO_QUERY_MEMBERSHIP_RELAXED_RETURN call=3 count=10 classes: 32929 32926 32924 32925 32927 32935 32933 32930 32934 32937
HELLO_QUERY_MEMBERSHIP_ENTRY call=4 context=0 start=10 signature=61,61,22,17,2b,98,00 key=5a,22,17,98,00
HELLO_QUERY_MEMBERSHIP_RELAXED_RETURN call=4 count=0 classes:
HELLO_QUERY_MEMBERSHIP_ENTRY call=5 context=1 start=0 signature=5a,5a,22,17,2b,a0,00 key=5a,22,17,a0,00
HELLO_QUERY_MEMBERSHIP_RELAXED_RETURN call=5 count=10 classes: 32929 24287 28859 30155 6394 12873 8029 18450 19982 21359
HELLO_QUERY_MEMBERSHIP_ENTRY call=6 context=1 start=10 signature=61,61,22,17,2b,98,00 key=5a,22,17,98,00
HELLO_QUERY_MEMBERSHIP_RELAXED_RETURN call=6 count=10 classes: 32929 24287 28859 30155 6394 12873 8029 18450 19982 21359
HELLO_QUERY_MEMBERSHIP_ENTRY call=7 context=2 start=0 signature=5a,22,17,2b,30,20,00 key=22,17,2b,20,00
HELLO_QUERY_MEMBERSHIP_RETURN call=7 count=0 classes:
HELLO_QUERY_MEMBERSHIP_ENTRY call=8 context=2 start=0 signature=5a,22,17,2b,30,18,00 key=22,17,2b,18,00
HELLO_QUERY_MEMBERSHIP_RETURN call=8 count=0 classes:
HELLO_QUERY_MEMBERSHIP_ENTRY call=9 context=2 start=0 signature=5a,22,17,2b,30,10,00 key=22,17,2b,10,00
HELLO_QUERY_MEMBERSHIP_RETURN call=9 count=0 classes:
HELLO_QUERY_MEMBERSHIP_ENTRY call=10 context=2 start=0 signature=5a,22,17,2b,30,08,00 key=22,17,2b,08,00
HELLO_QUERY_MEMBERSHIP_RETURN call=10 count=0 classes:
HELLO_QUERY_MEMBERSHIP_ENTRY call=11 context=2 start=0 signature=5a,22,17,2b,30,20,00 key=22,17,2b,20,00
HELLO_QUERY_MEMBERSHIP_RELAXED_RETURN call=11 count=2 classes: 13478 13479
HELLO_QUERY_MEMBERSHIP_ENTRY call=12 context=2 start=2 signature=5a,22,17,2b,30,18,00 key=22,17,2b,18,00
HELLO_QUERY_MEMBERSHIP_RELAXED_RETURN call=12 count=2 classes: 13478 13479
HELLO_QUERY_MEMBERSHIP_ENTRY call=13 context=2 start=4 signature=5a,22,17,2b,30,10,00 key=22,17,2b,10,00
HELLO_QUERY_MEMBERSHIP_RELAXED_RETURN call=13 count=2 classes: 13478 13479
HELLO_QUERY_MEMBERSHIP_ENTRY call=14 context=2 start=6 signature=5a,22,17,2b,30,08,00 key=22,17,2b,08,00
HELLO_QUERY_MEMBERSHIP_RELAXED_RETURN call=14 count=2 classes: 13478 13479
HELLO_QUERY_MEMBERSHIP_ENTRY call=15 context=3 start=0 signature=5a,22,17,2b,30,20,00 key=22,17,2b,20,00
HELLO_QUERY_MEMBERSHIP_RELAXED_RETURN call=15 count=9 classes: 3454 13478 12760 30797 7748 31393 28626 6972 12048
HELLO_QUERY_MEMBERSHIP_ENTRY call=16 context=3 start=9 signature=5a,22,17,2b,30,18,00 key=22,17,2b,18,00
HELLO_QUERY_MEMBERSHIP_RELAXED_RETURN call=16 count=9 classes: 3454 13478 12760 30797 7748 31393 28626 6972 12048
HELLO_QUERY_MEMBERSHIP_ENTRY call=17 context=3 start=18 signature=5a,22,17,2b,30,10,00 key=22,17,2b,10,00
HELLO_QUERY_MEMBERSHIP_RELAXED_RETURN call=17 count=9 classes: 3454 13478 12760 30797 7748 31393 28626 6972 12048
HELLO_QUERY_MEMBERSHIP_ENTRY call=18 context=3 start=27 signature=5a,22,17,2b,30,08,00 key=22,17,2b,08,00
HELLO_QUERY_MEMBERSHIP_RELAXED_RETURN call=18 count=9 classes: 3454 13478 12760 30797 7748 31393 28626 6972 12048
HELLO_QUERY_MEMBERSHIP_ENTRY call=19 context=4 start=0 signature=22,17,2b,30,5a,00,00 key=17,2b,2f,00,00
HELLO_QUERY_MEMBERSHIP_RETURN call=19 count=1 classes: 9147
HELLO_QUERY_MEMBERSHIP_ENTRY call=20 context=4 start=1 signature=22,17,2b,30,5a,08,00 key=17,2b,2f,08,00
HELLO_QUERY_MEMBERSHIP_RETURN call=20 count=0 classes:
HELLO_QUERY_MEMBERSHIP_ENTRY call=21 context=5 start=0 signature=17,2b,30,5a,5a,45,00 key=2b,30,5a,45,00
HELLO_QUERY_MEMBERSHIP_RETURN call=21 count=0 classes:
HELLO_QUERY_MEMBERSHIP_ENTRY call=22 context=5 start=0 signature=17,2b,30,5a,5a,4d,00 key=2b,30,5a,4d,00
HELLO_QUERY_MEMBERSHIP_RETURN call=22 count=0 classes:
HELLO_QUERY_MEMBERSHIP_ENTRY call=23 context=5 start=0 signature=17,2b,30,5a,5a,45,00 key=2b,30,5a,45,00
HELLO_QUERY_MEMBERSHIP_RELAXED_RETURN call=23 count=10 classes: 18858 18856 18854 18823 18813 18843 18836 18816 18840 18832
HELLO_QUERY_MEMBERSHIP_ENTRY call=24 context=5 start=10 signature=17,2b,30,5a,5a,4d,00 key=2b,30,5a,4d,00
HELLO_QUERY_MEMBERSHIP_RELAXED_RETURN call=24 count=10 classes: 18858 18856 18854 18823 18813 18843 18836 18816 18840 18832
HELLO_QUERY_MEMBERSHIP_ENTRY call=25 context=6 start=0 signature=17,2b,30,5a,5a,45,00 key=2b,30,5a,45,00
HELLO_QUERY_MEMBERSHIP_RELAXED_RETURN call=25 count=10 classes: 15230 18858 21801 13733 5504 23389 24741 25527 31904 29099
HELLO_QUERY_MEMBERSHIP_ENTRY call=26 context=6 start=10 signature=17,2b,30,5a,5a,4d,00 key=2b,30,5a,4d,00
HELLO_QUERY_MEMBERSHIP_RELAXED_RETURN call=26 count=0 classes:
[Inferior 1 (Remote target) exited normally]
Wine-gdb> 