Wine-gdb> Wine-gdb> Wine-gdb> Wine-gdb> Wine-gdb> Wine-gdb> Wine-gdb> Wine-gdb> Wine-gdb> Breakpoint 1 at 0x10024060
Wine-gdb> >>>>>> > > >  >  >  > > >>>Wine-gdb> Wine-gdb> Breakpoint 2 at 0x10023060
Wine-gdb> >>> > > > > > > > >  >  >  >  > > >  >  >  >  > >>>Wine-gdb> Wine-gdb> Wine-gdb> Wine-gdb> Breakpoint 3 at 0x10023350
Wine-gdb> >>>>>>Wine-gdb> Wine-gdb> Wine-gdb> Wine-gdb> Wine-gdb> Breakpoint 4 at 0x10023814
Wine-gdb> >>>>>>>>>>> > > >>>>>>>> > > > >>>Wine-gdb> Wine-gdb> Continuing.
Temporary breakpoint 5 at 0x10024808
Temporary breakpoint 6 at 0x10024271
Temporary breakpoint 7 at 0x10024808
Temporary breakpoint 8 at 0x10024271
OLD_CUTOFF_OVERRIDE slot=1 sum=9 native=0 overridden=1
Temporary breakpoint 9 at 0x10024808
Temporary breakpoint 10 at 0x10024271
Temporary breakpoint 11 at 0x10024808
Temporary breakpoint 12 at 0x10024271
OLD_CUTOFF_OVERRIDE slot=3 sum=6 native=0 overridden=1
POST_COVERAGE_GATE call=1 context=0 total_positions=4 candidate_count=30 input_ids=32928 
MODEL_TABLE_30_LOOKUP context=0 272822->32928 272823->13478 272824->9147 272825->18857
MODEL_UNIT_FLAG context=0 272822=0 272823=0 272824=0 272825=0
POST_COVERAGE_CANDIDATE context=0 index=0 unit=1200 left=0 right=0 span=1
POST_COVERAGE_CANDIDATE context=0 index=1 unit=279479 left=0 right=0 span=1
POST_COVERAGE_CANDIDATE context=0 index=2 unit=273369 left=0 right=0 span=1
POST_COVERAGE_CANDIDATE context=0 index=3 unit=272822 left=0 right=0 span=1
POST_COVERAGE_CANDIDATE context=0 index=4 unit=262454 left=0 right=0 span=1
POST_COVERAGE_CANDIDATE context=0 index=5 unit=245736 left=0 right=0 span=1
POST_COVERAGE_CANDIDATE context=0 index=6 unit=233533 left=0 right=0 span=1
POST_COVERAGE_CANDIDATE context=0 index=7 unit=214148 left=0 right=0 span=1
POST_COVERAGE_CANDIDATE context=0 index=8 unit=206118 left=0 right=0 span=1
POST_COVERAGE_CANDIDATE context=0 index=9 unit=204612 left=0 right=0 span=1
POST_COVERAGE_CANDIDATE context=0 index=10 unit=200614 left=0 right=0 span=1
POST_COVERAGE_CANDIDATE context=0 index=11 unit=200525 left=0 right=0 span=1
POST_COVERAGE_CANDIDATE context=0 index=12 unit=195687 left=0 right=0 span=1
POST_COVERAGE_CANDIDATE context=0 index=13 unit=189906 left=0 right=0 span=1
POST_COVERAGE_CANDIDATE context=0 index=14 unit=182880 left=0 right=0 span=1
POST_COVERAGE_CANDIDATE context=0 index=15 unit=179388 left=0 right=0 span=1
POST_COVERAGE_CANDIDATE context=0 index=16 unit=178453 left=0 right=0 span=1
POST_COVERAGE_CANDIDATE context=0 index=17 unit=165351 left=0 right=0 span=1
POST_COVERAGE_CANDIDATE context=0 index=18 unit=129641 left=0 right=0 span=1
POST_COVERAGE_CANDIDATE context=0 index=19 unit=116320 left=0 right=0 span=1
POST_COVERAGE_CANDIDATE context=0 index=20 unit=92183 left=0 right=0 span=1
POST_COVERAGE_CANDIDATE context=0 index=21 unit=52542 left=0 right=0 span=1
POST_COVERAGE_CANDIDATE context=0 index=22 unit=51310 left=0 right=0 span=1
POST_COVERAGE_CANDIDATE context=0 index=23 unit=31795 left=0 right=0 span=1
POST_COVERAGE_CANDIDATE context=0 index=24 unit=31347 left=0 right=0 span=1
POST_COVERAGE_CANDIDATE context=0 index=25 unit=28430 left=0 right=0 span=1
POST_COVERAGE_CANDIDATE context=0 index=26 unit=22451 left=0 right=0 span=1
POST_COVERAGE_CANDIDATE context=0 index=27 unit=20499 left=0 right=0 span=1
POST_COVERAGE_CANDIDATE context=0 index=28 unit=2525 left=0 right=0 span=1
POST_COVERAGE_CANDIDATE context=0 index=29 unit=279484 left=0 right=0 span=1
POST_COVERAGE_GATE call=2 context=1 total_positions=4 candidate_count=9 input_ids=13478 
MODEL_TABLE_30_LOOKUP context=1 272822->32928 272823->13478 272824->9147 272825->18857
MODEL_UNIT_FLAG context=1 272822=0 272823=0 272824=0 272825=0
POST_COVERAGE_CANDIDATE context=1 index=0 unit=13942 left=0 right=0 span=1
POST_COVERAGE_CANDIDATE context=1 index=1 unit=36540 left=0 right=0 span=1
POST_COVERAGE_CANDIDATE context=1 index=2 unit=53487 left=0 right=0 span=1
POST_COVERAGE_CANDIDATE context=1 index=3 unit=96599 left=0 right=0 span=1
POST_COVERAGE_CANDIDATE context=1 index=4 unit=264072 left=0 right=0 span=1
POST_COVERAGE_CANDIDATE context=1 index=5 unit=268760 left=0 right=0 span=1
POST_COVERAGE_CANDIDATE context=1 index=6 unit=272152 left=0 right=0 span=1
POST_COVERAGE_CANDIDATE context=1 index=7 unit=272823 left=0 right=0 span=1
POST_COVERAGE_CANDIDATE context=1 index=8 unit=273370 left=0 right=0 span=1
POST_COVERAGE_GATE call=3 context=2 total_positions=4 candidate_count=25 input_ids=9147 
MODEL_TABLE_30_LOOKUP context=2 272822->32928 272823->13478 272824->9147 272825->18857
MODEL_UNIT_FLAG context=2 272822=0 272823=0 272824=0 272825=0
POST_COVERAGE_CANDIDATE context=2 index=0 unit=2529 left=0 right=0 span=1
POST_COVERAGE_CANDIDATE context=2 index=1 unit=272824 left=0 right=0 span=1
POST_COVERAGE_CANDIDATE context=2 index=2 unit=272153 left=0 right=0 span=1
POST_COVERAGE_CANDIDATE context=2 index=3 unit=265815 left=0 right=0 span=1
POST_COVERAGE_CANDIDATE context=2 index=4 unit=264073 left=0 right=0 span=1
POST_COVERAGE_CANDIDATE context=2 index=5 unit=252236 left=0 right=0 span=1
POST_COVERAGE_CANDIDATE context=2 index=6 unit=238356 left=0 right=0 span=1
POST_COVERAGE_CANDIDATE context=2 index=7 unit=233274 left=0 right=0 span=1
POST_COVERAGE_CANDIDATE context=2 index=8 unit=206047 left=0 right=0 span=1
POST_COVERAGE_CANDIDATE context=2 index=9 unit=173825 left=0 right=0 span=1
POST_COVERAGE_CANDIDATE context=2 index=10 unit=160529 left=0 right=0 span=1
POST_COVERAGE_CANDIDATE context=2 index=11 unit=153132 left=0 right=0 span=1
POST_COVERAGE_CANDIDATE context=2 index=12 unit=146098 left=0 right=0 span=1
POST_COVERAGE_CANDIDATE context=2 index=13 unit=105185 left=0 right=0 span=1
POST_COVERAGE_CANDIDATE context=2 index=14 unit=87003 left=0 right=0 span=1
POST_COVERAGE_CANDIDATE context=2 index=15 unit=83568 left=0 right=0 span=1
POST_COVERAGE_CANDIDATE context=2 index=16 unit=75575 left=0 right=0 span=1
POST_COVERAGE_CANDIDATE context=2 index=17 unit=49761 left=0 right=0 span=1
POST_COVERAGE_CANDIDATE context=2 index=18 unit=31841 left=0 right=0 span=1
POST_COVERAGE_CANDIDATE context=2 index=19 unit=29459 left=0 right=0 span=1
POST_COVERAGE_CANDIDATE context=2 index=20 unit=28296 left=0 right=0 span=1
POST_COVERAGE_CANDIDATE context=2 index=21 unit=13943 left=0 right=0 span=1
POST_COVERAGE_CANDIDATE context=2 index=22 unit=6519 left=0 right=0 span=1
POST_COVERAGE_CANDIDATE context=2 index=23 unit=4632 left=0 right=0 span=1
POST_COVERAGE_CANDIDATE context=2 index=24 unit=273371 left=0 right=0 span=1
POST_COVERAGE_GATE call=4 context=3 total_positions=4 candidate_count=6 input_ids=18857 
MODEL_TABLE_30_LOOKUP context=3 272822->32928 272823->13478 272824->9147 272825->18857
MODEL_UNIT_FLAG context=3 272822=0 272823=0 272824=0 272825=0
POST_COVERAGE_CANDIDATE context=3 index=0 unit=1869 left=0 right=0 span=1
POST_COVERAGE_CANDIDATE context=3 index=1 unit=5170 left=0 right=0 span=1
POST_COVERAGE_CANDIDATE context=3 index=2 unit=246677 left=0 right=0 span=1
POST_COVERAGE_CANDIDATE context=3 index=3 unit=255282 left=0 right=0 span=1
POST_COVERAGE_CANDIDATE context=3 index=4 unit=264074 left=0 right=0 span=1
POST_COVERAGE_CANDIDATE context=3 index=5 unit=272825 left=0 right=0 span=1
[Inferior 1 (Remote target) exited normally]
Wine-gdb> 