GNU gdb (Ubuntu 15.1-1ubuntu1~24.04.1) 15.1
Copyright (C) 2024 Free Software Foundation, Inc.
License GPLv3+: GNU GPL version 3 or later <http://gnu.org/licenses/gpl.html>
This is free software: you are free to change and redistribute it.
There is NO WARRANTY, to the extent permitted by law.
Type "show copying" and "show warranty" for details.
This GDB was configured as "x86_64-linux-gnu".
Type "show configuration" for configuration details.
For bug reporting instructions, please see:
<https://www.gnu.org/software/gdb/bugs/>.
Find the GDB manual and other documentation resources online at:
    <http://www.gnu.org/software/gdb/documentation/>.

For help, type "help".
Type "apropos word" to search for commands related to "word".
warning: remote target does not support file transfer, attempting to access files from local filesystem.
Reading symbols from /samples/voicetext_kate.exe...
0x7bd64525 in DbgBreakPoint@0 ()
   from /usr/lib/i386-linux-gnu/wine/i386-windows/ntdll.dll
Wine-gdb> Wine-gdb> Wine-gdb> Wine-gdb> Signal        Stop	Print	Pass to program	Description
SIGSEGV       No	No	Yes		Segmentation fault
Wine-gdb> Wine-gdb> Wine-gdb> Wine-gdb> Breakpoint 1 at 0x100235f6
Wine-gdb> >>>>>> > > > >>>Wine-gdb> Wine-gdb> Wine-gdb> Wine-gdb> Breakpoint 2 at 0x1002389a
Wine-gdb> Wine-gdb> >>>>>Wine-gdb> Wine-gdb> Wine-gdb> Breakpoint 3 at 0x10018c80
Wine-gdb> >>>>>>>> > > > > >  >  >  >  >  >  >  >  > > >>>Wine-gdb> Wine-gdb> Hardware assisted breakpoint 4 at 0x1001b200
Wine-gdb> >>>>>Wine-gdb> Wine-gdb> Hardware assisted breakpoint 5 at 0x408187
Wine-gdb> >>>>Wine-gdb> Wine-gdb> Continuing.
HELLO_ORDER_COST_PRE_SCORE count=30 [0]=272822(key=-406,span=6,weighted=4)
 [1]=273369(key=-205,span=5,weighted=2) [2]=1200(key=-1,span=1,weighted=0)
 [3]=279479(key=-1,span=1,weighted=0) [4]=262454(key=-1,span=1,weighted=0)
 [5]=245736(key=-1,span=1,weighted=0) [6]=233533(key=-1,span=1,weighted=0)
 [7]=214148(key=-1,span=1,weighted=0)
HELLO_ORDER_COST_LOCAL id=272822 key=-406 span=6 weighted=4 cost=0.00121581
HELLO_ORDER_COST_PRE_SCORE count=1 [0]=272823(key=-406,span=6,weighted=4)
HELLO_CONTROL_TRANSITION_ENTER context=1 current_count=1 previous_count=1
Temporary breakpoint 6 at 0x100248d6
HELLO_CONTROL_TRANSITION_RETURN context=1 candidates=1
HELLO_CONTROL_PATH context=1 unit=272823 cumulative=2.11883 predecessor=272822 predecessor_index=0
HELLO_ORDER_COST_PRE_SCORE count=1 [0]=272823(key=-406,span=6,weighted=4)
HELLO_CONTROL_TRANSITION_ENTER context=2 current_count=1 previous_count=1
Temporary breakpoint 7 at 0x100248d6
HELLO_CONTROL_TRANSITION_RETURN context=2 candidates=1
HELLO_CONTROL_PATH context=2 unit=272823 cumulative=4.30964 predecessor=272823 predecessor_index=0
HELLO_ORDER_COST_PRE_SCORE count=1 [0]=272824(key=-406,span=6,weighted=4)
HELLO_CONTROL_TRANSITION_ENTER context=3 current_count=1 previous_count=1
Temporary breakpoint 8 at 0x100248d6
HELLO_CONTROL_TRANSITION_RETURN context=3 candidates=1
HELLO_CONTROL_PATH context=3 unit=272824 cumulative=12.1469 predecessor=272823 predecessor_index=0
HELLO_ORDER_COST_PRE_SCORE count=1 [0]=272825(key=-406,span=6,weighted=4)
HELLO_CONTROL_TRANSITION_ENTER context=4 current_count=1 previous_count=1
Temporary breakpoint 9 at 0x100248d6
HELLO_CONTROL_TRANSITION_RETURN context=4 candidates=1
HELLO_CONTROL_PATH context=4 unit=272825 cumulative=15.4763 predecessor=272824 predecessor_index=0
HELLO_ORDER_COST_PRE_SCORE count=1 [0]=272825(key=-406,span=6,weighted=4)
HELLO_CONTROL_TRANSITION_ENTER context=5 current_count=1 previous_count=1
Temporary breakpoint 10 at 0x100248d6
HELLO_CONTROL_TRANSITION_RETURN context=5 candidates=1
HELLO_CONTROL_PATH context=5 unit=272825 cumulative=19.7343 predecessor=272825 predecessor_index=0
HELLO_ORDER_COST_SELECTED n=1 id=272822
HELLO_ORDER_COST_SELECTED n=2 id=272823
HELLO_ORDER_COST_SELECTED n=3 id=272823
HELLO_ORDER_COST_SELECTED n=4 id=272824
HELLO_ORDER_COST_SELECTED n=5 id=272825
HELLO_ORDER_COST_SELECTED n=6 id=272825
[Inferior 1 (Remote target) exited normally]
Wine-gdb> 0114:0118: create process 'Z:\samples\voicetext_kate.exe'/00000000 @004014C0 (450560<1847>)
0114:0118: create thread I @004014C0
0114:0118: loads DLL C:\windows\system32\ntdll.dll @7BD10000 (2994176<5095>)
0114:0118: loads DLL C:\windows\system32\kernel32.dll @7BB90000 (1466368<19395>)
0114:0118: loads DLL C:\windows\system32\kernelbase.dll @7B650000 (5410816<14148>)
0114:0118: loads DLL C:\windows\system32\msvcrt.dll @7B2A0000 (2715648<8214>)
0114:0118: loads DLL Z:\samples\vt_kat.dll @10000000 (0<0>)
0114:0118: loads DLL C:\windows\system32\WINMM.dll @78EC0000 (1474560<4890>)
0114:0118: loads DLL C:\windows\system32\advapi32.dll @7B550000 (958464<7400>)
0114:0118: loads DLL C:\windows\system32\sechost.dll @7B200000 (565248<3163>)
0114:0118: loads DLL C:\windows\system32\ucrtbase.dll @7AEE0000 (3198976<11541>)
0114:0118: loads DLL C:\windows\system32\msacm32.dll @78E40000 (413696<1982>)
0114:0118: loads DLL C:\windows\system32\user32.dll @7A160000 (5005312<14159>)
0114:0118: loads DLL Z:\samples\zlib1.dll @7A120000 (135680<0>)
0114:0118: loads DLL C:\windows\system32\gdi32.dll @7A640000 (2355200<7390>)
0114:0118: loads DLL C:\windows\system32\win32u.dll @7A0D0000 (221184<1966>)
0114:0118: loads DLL C:\windows\system32\ole32.dll @7A9F0000 (4440064<14323>)
0114:0118: loads DLL C:\windows\system32\combase.dll @7A890000 (1314816<7562>)
0114:0118: loads DLL C:\windows\system32\rpcrt4.dll @79EA0000 (2162688<9274>)
0114:0118: loads DLL C:\windows\system32\coml2.dll @79E40000 (262144<3883>)
0114:0118: loads DLL C:\windows\system32\iphlpapi.dll @779C0000 (487424<4777>)
0114:0118: loads DLL C:\windows\system32\dnsapi.dll @77970000 (258048<1399>)
0114:0118: loads DLL C:\windows\system32\nsi.dll @77940000 (118784<823>)
0114:0118: loads DLL C:\windows\system32\ws2_32.dll @7AE40000 (565248<2279>)
0114:0118: loads DLL C:\windows\system32\tzres.dll @009C0000 (0<0>)
00000114:00000118: unload DLL @009C0000
0114:0118: loads DLL C:\windows\system32\tzres.dll @009C0000 (0<0>)
00000114:00000118: unload DLL @009C0000
0114:0118: loads DLL C:\windows\system32\imm32.dll @782F0000 (401408<2996>)
0114:0118: loads DLL C:\windows\system32\winex11.drv @780F0000 (307200<4314>)
0114:0118: loads DLL C:\windows\system32\uxtheme.dll @78030000 (671744<3646>)
00000114:00000118: exit process (0)
X connection to :99 broken (explicit kill or server shutdown).
X connection to :99 broken (explicit kill or server shutdown).
