GNU gdb (Ubuntu 15.1-1ubuntu1~24.04.1) 15.1
Copyright (C) 2024 Free Software Foundation, Inc.
License GPLv3+: GNU GPL version 3 or later <http://gnu.org/licenses/gpl.html>
This is free software: you are free to change and redistribute it.
There is NO WARRANTY, to the extent permitted by law.
Type "show copying" and "show warranty" for details.
This GDB was configured as "x86_64-linux-gnu".
Type "show configuration" for configuration details.
For bug reporting instructions, please see:
<https://www.gnu.org/software/gdb/bugs/>.
Find the GDB manual and other documentation resources online at:
    <http://www.gnu.org/software/gdb/documentation/>.

For help, type "help".
Type "apropos word" to search for commands related to "word".
warning: remote target does not support file transfer, attempting to access files from local filesystem.
Reading symbols from /samples/voicetext_paul.exe...

This GDB supports auto-downloading debuginfo from the following URLs:
  <https://debuginfod.ubuntu.com>
Enable debuginfod for this session? (y or [n]) [answered N; input not from terminal]
Debuginfod has been disabled.
To make this setting permanent, add 'set debuginfod enabled off' to .gdbinit.
0x7bd64525 in DbgBreakPoint@0 ()
   from /usr/lib/i386-linux-gnu/wine/i386-windows/ntdll.dll
Wine-gdb> Wine-gdb> Wine-gdb> Wine-gdb> Wine-gdb> Copying output to /work/stage5/tree-lookups-gdb.log.
Copying debug output to /work/stage5/tree-lookups-gdb.log.
Wine-gdb> Breakpoint 1 at 0x10001670
Wine-gdb> >>>>>>>>>> > > > >>>Wine-gdb> Wine-gdb> Breakpoint 2 at 0x100016a0
Wine-gdb> >>>>>>>>>>> > > > > >>>Wine-gdb> Wine-gdb> Continuing.
SCALAR_ENTRY tree=0x100fee7c nodes=3377 output_width=1 features=0x6672e4 return=0x10003052
0x6672e4:	15	9	3	5	0	0	0	0
0x6672f4:	0	0	-29379	-103
Temporary breakpoint 3 at 0x10003052
SCALAR_RETURN value=1
SCALAR_ENTRY tree=0x100fee44 nodes=362 output_width=1 features=0x6672e4 return=0x10003052
0x6672e4:	22	15	9	3	5	0	0	1
0x6672f4:	0	0	-29379	-103
Temporary breakpoint 4 at 0x10003052
SCALAR_RETURN value=65
SCALAR_ENTRY tree=0x100feeec nodes=2625 output_width=1 features=0x6672e4 return=0x10003052
0x6672e4:	0	22	15	9	3	5	0	65
0x6672f4:	1	0	-29379	-103
Temporary breakpoint 5 at 0x10003052
SCALAR_RETURN value=1
SCALAR_ENTRY tree=0x100fef94 nodes=2939 output_width=1 features=0x6672e4 return=0x10003052
0x6672e4:	0	0	22	15	9	3	5	1
0x6672f4:	65	1	-29379	-103
Temporary breakpoint 6 at 0x10003052
SCALAR_RETURN value=61
SCALAR_ENTRY tree=0x100ff058 nodes=1 output_width=1 features=0x6672e4 return=0x10003052
0x6672e4:	0	0	0	22	15	9	3	61
0x6672f4:	1	65	-29379	-103
Temporary breakpoint 7 at 0x10003052
SCALAR_RETURN value=76
SCALAR_ENTRY tree=0x100ff020 nodes=103 output_width=1 features=0x6672e4 return=0x10003052
0x6672e4:	20	5	24	20	0	0	0	0
0x6672f4:	0	0	-29379	-103
Temporary breakpoint 8 at 0x10003052
SCALAR_RETURN value=67
SCALAR_ENTRY tree=0x100ff090 nodes=20 output_width=1 features=0x6672e4 return=0x10003052
0x6672e4:	0	20	5	24	20	0	0	67
0x6672f4:	0	0	-29379	-103
Temporary breakpoint 9 at 0x10003052
SCALAR_RETURN value=51
SCALAR_ENTRY tree=0x100fee7c nodes=3377 output_width=1 features=0x6672e4 return=0x10003052
0x6672e4:	0	0	20	5	24	20	0	51
0x6672f4:	67	0	-29379	-103
Temporary breakpoint 10 at 0x10003052
SCALAR_RETURN value=29
SCALAR_ENTRY tree=0x100ff020 nodes=103 output_width=1 features=0x6672e4 return=0x10003052
0x6672e4:	0	0	0	20	5	24	20	29
0x6672f4:	51	67	-29379	-103
Temporary breakpoint 11 at 0x10003052
SCALAR_RETURN value=67
SCALAR_ENTRY tree=0x100fee7c nodes=3377 output_width=1 features=0x667630 return=0x10003052
0x667630:	20	1	7	5	0	0	0	0
0x667640:	0	0	-30223	-103
Temporary breakpoint 12 at 0x10003052
SCALAR_RETURN value=1
SCALAR_ENTRY tree=0x100feeb4 nodes=277 output_width=1 features=0x667630 return=0x10003052
0x667630:	19	20	1	7	5	0	0	1
0x667640:	0	0	-30223	-103
Temporary breakpoint 13 at 0x10003052
SCALAR_RETURN value=49
SCALAR_ENTRY tree=0x100fee0c nodes=1719 output_width=1 features=0x667630 return=0x10003052
0x667630:	0	19	20	1	7	5	0	49
0x667640:	1	0	-30223	-103
Temporary breakpoint 14 at 0x10003052
SCALAR_RETURN value=35
SCALAR_ENTRY tree=0x100ff020 nodes=103 output_width=1 features=0x667630 return=0x10003052
0x667630:	0	0	19	20	1	7	5	35
0x667640:	49	1	-30223	-103
Temporary breakpoint 15 at 0x10003052
SCALAR_RETURN value=67
SCALAR_ENTRY tree=0x100ff004 nodes=487 output_width=1 features=0x667630 return=0x10003052
0x667630:	0	0	0	19	20	1	7	67
0x667640:	35	49	-30223	-103
Temporary breakpoint 16 at 0x10003052
SCALAR_RETURN value=65
SCALAR_ENTRY tree=0x100fef24 nodes=5 output_width=1 features=0x667630 return=0x10003052
0x667630:	8	5	3	11	0	0	0	0
0x667640:	0	0	-30223	-103
Temporary breakpoint 17 at 0x10003052
SCALAR_RETURN value=1
SCALAR_ENTRY tree=0x100fee44 nodes=362 output_width=1 features=0x667630 return=0x10003052
0x667630:	3	8	5	3	11	0	0	1
0x667640:	0	0	-30223	-103
Temporary breakpoint 18 at 0x10003052
SCALAR_RETURN value=50
SCALAR_ENTRY tree=0x100fee7c nodes=3377 output_width=1 features=0x667630 return=0x10003052
0x667630:	0	3	8	5	3	11	0	50
0x667640:	1	0	-30223	-103
Temporary breakpoint 19 at 0x10003052
SCALAR_RETURN value=29
SCALAR_ENTRY tree=0x100feed0 nodes=131 output_width=1 features=0x667630 return=0x10003052
0x667630:	0	0	3	8	5	3	11	29
0x667640:	50	1	-30223	-103
Temporary breakpoint 20 at 0x10003052
SCALAR_RETURN value=1
SCALAR_ENTRY tree=0x100fee44 nodes=362 output_width=1 features=0x667630 return=0x10003052
0x667630:	0	0	0	3	8	5	3	1
0x667640:	29	50	-30223	-103
Temporary breakpoint 21 at 0x10003052
SCALAR_RETURN value=25
SCALAR_ENTRY tree=0x1470220 nodes=531 output_width=1 features=0x6676bc return=0x10013086
0x6676bc:	7	1	8	10	1	11	1	1
0x6676cc:	0	0	0	0
Temporary breakpoint 22 at 0x10013086
SCALAR_RETURN value=30
SCALAR_ENTRY tree=0x1470220 nodes=531 output_width=1 features=0x6676bc return=0x10013086
0x6676bc:	6	2	8	8	3	11	2	3
0x6676cc:	0	6	0	0
Temporary breakpoint 23 at 0x10013086
SCALAR_RETURN value=21
SCALAR_ENTRY tree=0x1470220 nodes=531 output_width=1 features=0x6676bc return=0x10013086
0x6676bc:	5	3	8	7	4	11	3	4
0x6676cc:	58	0	6	0
Temporary breakpoint 24 at 0x10013086
SCALAR_RETURN value=630
SCALAR_ENTRY tree=0x1470220 nodes=531 output_width=1 features=0x6676bc return=0x10013086
0x6676bc:	4	4	8	6	5	11	1	1
0x6676cc:	0	0	0	0
Temporary breakpoint 25 at 0x10013086
SCALAR_RETURN value=169
SCALAR_ENTRY tree=0x1470220 nodes=531 output_width=1 features=0x6676bc return=0x10013086
0x6676bc:	3	5	8	4	7	11	2	3
0x6676cc:	0	23	0	0
Temporary breakpoint 26 at 0x10013086
SCALAR_RETURN value=5
SCALAR_ENTRY tree=0x1470220 nodes=531 output_width=1 features=0x6676bc return=0x10013086
0x6676bc:	2	6	8	3	8	11	3	4
0x6676cc:	77	61	23	0
Temporary breakpoint 27 at 0x10013086
SCALAR_RETURN value=21
SCALAR_ENTRY tree=0x1470220 nodes=531 output_width=1 features=0x6676bc return=0x10013086
0x6676bc:	1	7	8	2	9	11	4	5
0x6676cc:	31	118	61	0
Temporary breakpoint 28 at 0x10013086
SCALAR_RETURN value=83
SCALAR_ENTRY tree=0x14bf2d8 nodes=248 output_width=1 features=0x6676ec return=0x100134e1
0x6676ec:	16	40	11	0	1	1	1	2
0x6676fc:	1	0	2468	686
Temporary breakpoint 29 at 0x100134e1
SCALAR_RETURN value=2053
SCALAR_ENTRY tree=0x14bf24c nodes=812 output_width=1 features=0x6676ec return=0x1001344e
0x6676ec:	11	16	21	0	1	1	1	2
0x6676fc:	2	0	2468	686
Temporary breakpoint 30 at 0x1001344e
SCALAR_RETURN value=889
SCALAR_ENTRY tree=0x14bf310 nodes=352 output_width=1 features=0x6676ec return=0x1001350b
0x6676ec:	21	11	25	0	1	3	2	2
0x6676fc:	1	0	2470	686
Temporary breakpoint 31 at 0x1001350b
SCALAR_RETURN value=1511
SCALAR_ENTRY tree=0x14bf284 nodes=433 output_width=1 features=0x6676ec return=0x1001347e
0x6676ec:	25	21	42	1	1	3	2	2
0x6676fc:	2	0	2470	686
Temporary breakpoint 32 at 0x1001347e
SCALAR_RETURN value=2464
SCALAR_ENTRY tree=0x14bf2d8 nodes=248 output_width=1 features=0x6676ec return=0x100134e1
0x6676ec:	14	42	28	0	3	1	2	1
0x6676fc:	1	0	3428	686
Temporary breakpoint 33 at 0x100134e1
SCALAR_RETURN value=1280
SCALAR_ENTRY tree=0x14bf32c nodes=315 output_width=1 features=0x6676ec return=0x10013520
0x6676ec:	28	14	3	0	3	1	2	1
0x6676fc:	1	0	3428	686
Temporary breakpoint 34 at 0x10013520
SCALAR_RETURN value=505
SCALAR_ENTRY tree=0x14bf24c nodes=812 output_width=1 features=0x6676ec return=0x1001344e
0x6676ec:	3	28	22	1	3	1	2	1
0x6676fc:	2	0	3428	686
Temporary breakpoint 35 at 0x1001344e
SCALAR_RETURN value=517
SCALAR_ENTRY tree=0x14bf310 nodes=352 output_width=1 features=0x6676ec return=0x1001350b
0x6676ec:	22	3	42	0	3	1	2	1
0x6676fc:	3	0	3428	686
Temporary breakpoint 36 at 0x1001350b
SCALAR_RETURN value=1116
SCALAR_ENTRY tree=0x14bf2d8 nodes=248 output_width=1 features=0x6676ec return=0x100134e1
0x6676ec:	10	42	3	0	1	1	2	1
0x6676fc:	1	0	4388	686
Temporary breakpoint 37 at 0x100134e1
SCALAR_RETURN value=694
SCALAR_ENTRY tree=0x14bf24c nodes=812 output_width=1 features=0x6676ec return=0x1001344e
0x6676ec:	3	10	42	0	1	1	2	1
0x6676fc:	2	0	4388	686
Temporary breakpoint 38 at 0x1001344e
SCALAR_RETURN value=719
SCALAR_ENTRY tree=0x14bf2d8 nodes=248 output_width=1 features=0x6676ec return=0x100134e1
0x6676ec:	35	42	26	0	3	1	2	2
0x6676fc:	1	0	5348	686
Temporary breakpoint 39 at 0x100134e1
SCALAR_RETURN value=1275
SCALAR_ENTRY tree=0x14bf284 nodes=433 output_width=1 features=0x6676ec return=0x1001347e
0x6676ec:	26	35	29	1	3	1	2	2
0x6676fc:	2	0	5348	686
Temporary breakpoint 40 at 0x1001347e
SCALAR_RETURN value=2889
SCALAR_ENTRY tree=0x14bf2d8 nodes=248 output_width=1 features=0x6676ec return=0x100134e1
0x6676ec:	29	26	31	0	3	1	2	2
0x6676fc:	3	0	5348	686
Temporary breakpoint 41 at 0x100134e1
SCALAR_RETURN value=1560
SCALAR_ENTRY tree=0x14bf2bc nodes=717 output_width=1 features=0x6676ec return=0x100134cc
0x6676ec:	31	29	11	0	3	1	2	2
0x6676fc:	1	0	5351	686
Temporary breakpoint 42 at 0x100134cc
SCALAR_RETURN value=909
SCALAR_ENTRY tree=0x14bf24c nodes=812 output_width=1 features=0x6676ec return=0x1001344e
0x6676ec:	11	31	20	1	3	1	2	2
0x6676fc:	2	0	5351	686
Temporary breakpoint 43 at 0x1001344e
SCALAR_RETURN value=1418
SCALAR_ENTRY tree=0x14bf2bc nodes=717 output_width=1 features=0x6676ec return=0x100134cc
0x6676ec:	20	11	29	0	3	1	2	2
0x6676fc:	3	0	5351	686
Temporary breakpoint 44 at 0x100134cc
SCALAR_RETURN value=1071
SCALAR_ENTRY tree=0x14bf2d8 nodes=248 output_width=1 features=0x6676ec return=0x100134e1
0x6676ec:	29	20	31	0	3	1	2	2
0x6676fc:	3	0	5351	686
Temporary breakpoint 45 at 0x100134e1
SCALAR_RETURN value=841
SCALAR_ENTRY tree=0x14bf2bc nodes=717 output_width=1 features=0x6676ec return=0x100134cc
0x6676ec:	31	29	42	0	3	1	2	2
0x6676fc:	3	0	5351	686
Temporary breakpoint 46 at 0x100134cc
SCALAR_RETURN value=758
SCALAR_ENTRY tree=0x14bf2d8 nodes=248 output_width=1 features=0x6676ec return=0x100134e1
0x6676ec:	29	42	31	0	3	1	2	1
0x6676fc:	1	0	6308	686
Temporary breakpoint 47 at 0x100134e1
SCALAR_RETURN value=1831
SCALAR_ENTRY tree=0x14bf2bc nodes=717 output_width=1 features=0x6676ec return=0x100134cc
0x6676ec:	31	29	13	0	3	1	2	1
0x6676fc:	1	0	6308	686
Temporary breakpoint 48 at 0x100134cc
SCALAR_RETURN value=793
SCALAR_ENTRY tree=0x14bf284 nodes=433 output_width=1 features=0x6676ec return=0x1001347e
0x6676ec:	13	31	19	1	3	1	2	1
0x6676fc:	2	0	6308	686
Temporary breakpoint 49 at 0x1001347e
SCALAR_RETURN value=2676
SCALAR_ENTRY tree=0x14bf2f4 nodes=48 output_width=1 features=0x6676ec return=0x100134f6
0x6676ec:	19	13	42	0	3	1	2	1
0x6676fc:	3	0	6308	686
Temporary breakpoint 50 at 0x100134f6
SCALAR_RETURN value=1555
SCALAR_ENTRY tree=0x14bf32c nodes=315 output_width=1 features=0x6676ec return=0x10013520
0x6676ec:	36	42	3	0	3	1	2	1
0x6676fc:	1	0	7268	686
Temporary breakpoint 51 at 0x10013520
SCALAR_RETURN value=1308
SCALAR_ENTRY tree=0x14bf24c nodes=812 output_width=1 features=0x6676ec return=0x1001344e
0x6676ec:	3	36	23	1	3	1	2	1
0x6676fc:	2	0	7268	686
Temporary breakpoint 52 at 0x1001344e
SCALAR_RETURN value=770
SCALAR_ENTRY tree=0x14bf310 nodes=352 output_width=1 features=0x6676ec return=0x1001350b
0x6676ec:	23	3	42	0	3	1	2	1
0x6676fc:	3	0	7268	686
Temporary breakpoint 53 at 0x1001350b
SCALAR_RETURN value=1081
SCALAR_ENTRY tree=0x14bf32c nodes=315 output_width=1 features=0x6676ec return=0x10013520
0x6676ec:	28	42	3	0	3	1	2	2
0x6676fc:	1	0	8228	686
Temporary breakpoint 54 at 0x10013520
SCALAR_RETURN value=1477
SCALAR_ENTRY tree=0x14bf24c nodes=812 output_width=1 features=0x6676ec return=0x1001344e
0x6676ec:	3	28	23	1	3	1	2	2
0x6676fc:	2	0	8228	686
Temporary breakpoint 55 at 0x1001344e
SCALAR_RETURN value=1256
SCALAR_ENTRY tree=0x14bf310 nodes=352 output_width=1 features=0x6676ec return=0x1001350b
0x6676ec:	23	3	31	0	3	1	2	2
0x6676fc:	3	0	8228	686
Temporary breakpoint 56 at 0x1001350b
SCALAR_RETURN value=832
SCALAR_ENTRY tree=0x14bf2bc nodes=717 output_width=1 features=0x6676ec return=0x100134cc
0x6676ec:	31	23	6	0	3	1	2	2
0x6676fc:	1	0	8231	686
Temporary breakpoint 57 at 0x100134cc
SCALAR_RETURN value=1197
SCALAR_ENTRY tree=0x14bf284 nodes=433 output_width=1 features=0x6676ec return=0x1001347e
0x6676ec:	6	31	22	2	3	1	2	2
0x6676fc:	2	0	8231	686
Temporary breakpoint 58 at 0x1001347e
SCALAR_RETURN value=2154
SCALAR_ENTRY tree=0x14bf310 nodes=352 output_width=1 features=0x6676ec return=0x1001350b
0x6676ec:	22	6	42	0	3	1	2	2
0x6676fc:	3	0	8231	686
Temporary breakpoint 59 at 0x1001350b
SCALAR_RETURN value=1098
SCALAR_ENTRY tree=0x14bf2f4 nodes=48 output_width=1 features=0x6676ec return=0x100134f6
0x6676ec:	8	42	11	0	3	1	3	1
0x6676fc:	1	0	9188	686
Temporary breakpoint 60 at 0x100134f6
SCALAR_RETURN value=2217
SCALAR_ENTRY tree=0x14bf24c nodes=812 output_width=1 features=0x6676ec return=0x1001344e
0x6676ec:	11	8	20	1	3	1	3	1
0x6676fc:	2	0	9188	686
Temporary breakpoint 61 at 0x1001344e
SCALAR_RETURN value=2066
SCALAR_ENTRY tree=0x14bf2bc nodes=717 output_width=1 features=0x6676ec return=0x100134cc
0x6676ec:	20	11	40	0	3	1	3	1
0x6676fc:	3	0	9188	686
Temporary breakpoint 62 at 0x100134cc
SCALAR_RETURN value=1848
SCALAR_ENTRY tree=0x14bf348 nodes=167 output_width=1 features=0x6676f0 return=0x10013984
0x6676f0:	2	11	0	3	1	1	0	3
0x667700:	1	1	2	686
Temporary breakpoint 63 at 0x10013984
SCALAR_RETURN value=0
VECTOR_ENTRY tree=0x14bf3b8 nodes=263 output_width=12 features=0x6676f0 output=0x2af7dc0 return=0x100139b6
0x6676f0:	2	11	0	3	1	1	0	3
0x667700:	1	1	2	0
Temporary breakpoint 64 at 0x100139b6
VECTOR_RETURN values:0x2af7dc0:	101	104	107	112	114	115	113	111
0x2af7dd0:	107	104	104	106
SCALAR_ENTRY tree=0x14bf348 nodes=167 output_width=1 features=0x6676f0 return=0x10013984
0x6676f0:	5	25	1	0	3	3	1	4
0x667700:	2	1	2	0
Temporary breakpoint 65 at 0x10013984
SCALAR_RETURN value=1
VECTOR_ENTRY tree=0x14bf3b8 nodes=263 output_width=12 features=0x6676f0 output=0x2af7dde return=0x100139b6
0x6676f0:	5	25	1	0	3	3	1	4
0x667700:	2	1	2	1
Temporary breakpoint 66 at 0x100139b6
VECTOR_RETURN values:0x2af7dde:	132	128	122	117	113	111	111	111
0x2af7dee:	113	116	118	121
SCALAR_ENTRY tree=0x14bf348 nodes=167 output_width=1 features=0x6676f0 return=0x10013984
0x6676f0:	2	3	1	3	3	1	0	4
0x667700:	2	3	1	1
Temporary breakpoint 67 at 0x10013984
SCALAR_RETURN value=0
VECTOR_ENTRY tree=0x14bf3b8 nodes=263 output_width=12 features=0x6676f0 output=0x2af7dfc return=0x100139b6
0x6676f0:	2	3	1	3	3	1	0	4
0x667700:	2	3	1	0
Temporary breakpoint 68 at 0x100139b6
VECTOR_RETURN values:0x2af7dfc:	129	123	120	117	116	116	117	119
0x2af7e0c:	120	121	122	122
SCALAR_ENTRY tree=0x14bf348 nodes=167 output_width=1 features=0x6676f0 return=0x10013984
0x6676f0:	2	3	0	3	3	1	0	4
0x667700:	2	1	1	0
Temporary breakpoint 69 at 0x10013984
SCALAR_RETURN value=0
VECTOR_ENTRY tree=0x14bf3b8 nodes=263 output_width=12 features=0x6676f0 output=0x2af7e1a return=0x100139b6
0x6676f0:	2	3	0	3	3	1	0	4
0x667700:	2	1	1	0
Temporary breakpoint 70 at 0x100139b6
VECTOR_RETURN values:0x2af7e1a:	128	128	128	127	127	127	128	129
0x2af7e2a:	131	133	133	133
SCALAR_ENTRY tree=0x14bf348 nodes=167 output_width=1 features=0x6676f0 return=0x10013984
0x6676f0:	2	26	1	3	1	1	0	1
0x667700:	2	3	2	0
Temporary breakpoint 71 at 0x10013984
SCALAR_RETURN value=0
VECTOR_ENTRY tree=0x14bf3b8 nodes=263 output_width=12 features=0x6676f0 output=0x2af7e38 return=0x100139b6
0x6676f0:	2	26	1	3	1	1	0	1
0x667700:	2	3	2	0
Temporary breakpoint 72 at 0x100139b6
VECTOR_RETURN values:0x2af7e38:	140	130	122	117	115	114	114	114
0x2af7e48:	115	117	119	120
SCALAR_ENTRY tree=0x14bf348 nodes=167 output_width=1 features=0x6676f0 return=0x10013984
0x6676f0:	1	11	1	1	3	1	1	4
0x667700:	2	3	2	0
Temporary breakpoint 73 at 0x10013984
SCALAR_RETURN value=0
VECTOR_ENTRY tree=0x14bf3b8 nodes=263 output_width=12 features=0x6676f0 output=0x2af7e56 return=0x100139b6
0x6676f0:	1	11	1	1	3	1	1	4
0x667700:	2	3	2	0
Temporary breakpoint 74 at 0x100139b6
VECTOR_RETURN values:0x2af7e56:	132	128	124	121	119	118	118	118
0x2af7e66:	119	120	121	121
SCALAR_ENTRY tree=0x14bf348 nodes=167 output_width=1 features=0x6676f0 return=0x10013984
0x6676f0:	2	13	1	3	3	1	0	4
0x667700:	2	3	1	0
Temporary breakpoint 75 at 0x10013984
SCALAR_RETURN value=0
VECTOR_ENTRY tree=0x14bf3b8 nodes=263 output_width=12 features=0x6676f0 output=0x2af7e74 return=0x100139b6
0x6676f0:	2	13	1	3	3	1	0	4
0x667700:	2	3	1	0
Temporary breakpoint 76 at 0x100139b6
VECTOR_RETURN values:0x2af7e74:	140	130	122	117	115	114	114	114
0x2af7e84:	115	117	119	120
SCALAR_ENTRY tree=0x14bf348 nodes=167 output_width=1 features=0x6676f0 return=0x10013984
0x6676f0:	6	3	1	3	3	1	0	4
0x667700:	2	3	1	0
Temporary breakpoint 77 at 0x10013984
SCALAR_RETURN value=0
VECTOR_ENTRY tree=0x14bf3b8 nodes=263 output_width=12 features=0x6676f0 output=0x2af7e92 return=0x100139b6
0x6676f0:	6	3	1	3	3	1	0	4
0x667700:	2	3	1	0
Temporary breakpoint 78 at 0x100139b6
VECTOR_RETURN values:0x2af7e92:	126	127	125	124	122	121	121	121
0x2af7ea2:	121	122	121	120
SCALAR_ENTRY tree=0x14bf348 nodes=167 output_width=1 features=0x6676f0 return=0x10013984
0x6676f0:	6	3	1	3	2	1	0	1
0x667700:	2	3	2	0
Temporary breakpoint 79 at 0x10013984
SCALAR_RETURN value=0
VECTOR_ENTRY tree=0x14bf3b8 nodes=263 output_width=12 features=0x6676f0 output=0x2af7eb0 return=0x100139b6
0x6676f0:	6	3	1	3	2	1	0	1
0x667700:	2	3	2	0
Temporary breakpoint 80 at 0x100139b6
VECTOR_RETURN values:0x2af7eb0:	129	127	123	118	113	109	106	104
0x2af7ec0:	104	106	108	112
SCALAR_ENTRY tree=0x14bf348 nodes=167 output_width=1 features=0x6676f0 return=0x10013984
0x6676f0:	1	6	2	1	3	1	1	4
0x667700:	2	3	2	0
Temporary breakpoint 81 at 0x10013984
SCALAR_RETURN value=0
VECTOR_ENTRY tree=0x14bf3b8 nodes=263 output_width=12 features=0x6676f0 output=0x2af7ece return=0x100139b6
0x6676f0:	1	6	2	1	3	1	1	4
0x667700:	2	3	2	0
Temporary breakpoint 82 at 0x100139b6
VECTOR_RETURN values:0x2af7ece:	113	117	121	124	128	131	134	136
0x2af7ede:	138	140	140	138
SCALAR_ENTRY tree=0x14bf380 nodes=26 output_width=1 features=0x6676f0 return=0x10013984
0x6676f0:	3	11	1	3	3	1	0	4
0x667700:	3	3	1	0
Temporary breakpoint 83 at 0x10013984
SCALAR_RETURN value=4
VECTOR_ENTRY tree=0x14bf3f0 nodes=42 output_width=12 features=0x6676f0 output=0x2af7eec return=0x100139b6
0x6676f0:	3	11	1	3	3	1	0	4
0x667700:	3	3	1	4
Temporary breakpoint 84 at 0x100139b6
VECTOR_RETURN values:0x2af7eec:	150	134	123	116	114	114	119	129
0x2af7efc:	145	163	169	166
[Inferior 1 (Remote target) exited normally]
Wine-gdb> 0114:0118: create process 'Z:\samples\voicetext_paul.exe'/00000000 @004014C0 (450560<1847>)
0114:0118: create thread I @004014C0
0114:0118: loads DLL C:\windows\system32\ntdll.dll @7BD10000 (2994176<5095>)
0114:0118: loads DLL C:\windows\system32\kernel32.dll @7BB90000 (1466368<19395>)
0114:0118: loads DLL C:\windows\system32\kernelbase.dll @7B650000 (5410816<14148>)
0114:0118: loads DLL C:\windows\system32\msvcrt.dll @7B2A0000 (2715648<8214>)
0114:0118: loads DLL Z:\samples\vt_pau.dll @10000000 (0<0>)
0114:0118: loads DLL C:\windows\system32\WINMM.dll @78EC0000 (1474560<4890>)
0114:0118: loads DLL C:\windows\system32\advapi32.dll @7B550000 (958464<7400>)
0114:0118: loads DLL C:\windows\system32\sechost.dll @7B200000 (565248<3163>)
0114:0118: loads DLL C:\windows\system32\ucrtbase.dll @7AEE0000 (3198976<11541>)
0114:0118: loads DLL C:\windows\system32\msacm32.dll @78E40000 (413696<1982>)
0114:0118: loads DLL C:\windows\system32\user32.dll @7A160000 (5005312<14159>)
0114:0118: loads DLL Z:\samples\zlib1.dll @7A120000 (135680<0>)
0114:0118: loads DLL C:\windows\system32\gdi32.dll @7A640000 (2355200<7390>)
0114:0118: loads DLL C:\windows\system32\win32u.dll @7A0D0000 (221184<1966>)
0114:0118: loads DLL C:\windows\system32\ole32.dll @7A9F0000 (4440064<14323>)
0114:0118: loads DLL C:\windows\system32\combase.dll @7A890000 (1314816<7562>)
0114:0118: loads DLL C:\windows\system32\rpcrt4.dll @79EA0000 (2162688<9274>)
0114:0118: loads DLL C:\windows\system32\coml2.dll @79E40000 (262144<3883>)
0114:0118: loads DLL C:\windows\system32\iphlpapi.dll @779C0000 (487424<4777>)
0114:0118: loads DLL C:\windows\system32\dnsapi.dll @77970000 (258048<1399>)
0114:0118: loads DLL C:\windows\system32\nsi.dll @77940000 (118784<823>)
0114:0118: loads DLL C:\windows\system32\ws2_32.dll @7AE40000 (565248<2279>)
0114:0118: loads DLL C:\windows\system32\tzres.dll @009C0000 (0<0>)
00000114:00000118: unload DLL @009C0000
0114:0118: loads DLL C:\windows\system32\tzres.dll @009C0000 (0<0>)
00000114:00000118: unload DLL @009C0000
0114:0118: loads DLL C:\windows\system32\imm32.dll @782F0000 (401408<2996>)
0114:0118: loads DLL C:\windows\system32\winex11.drv @780F0000 (307200<4314>)
0114:0118: loads DLL C:\windows\system32\uxtheme.dll @78030000 (671744<3646>)
00000114:00000118: exit process (0)
X connection to :99 broken (explicit kill or server shutdown).
X connection to :99 broken (explicit kill or server shutdown).
