Wine-gdb> Already logging to /probe/stage20/hello-plain-crosswalk-old-candidate-scores/legacy-unit-score-gdb.log.
Wine-gdb> Hardware assisted breakpoint 1 at 0x1001c860
Wine-gdb> >>>> > > >  >  >  >   >   >   >    >    >   >  > >> > > > > > > > > > > > > > > > > >  >  >  >  >  > >>>Wine-gdb> Wine-gdb> Breakpoint 2 at 0x408187
Wine-gdb> >>>>Wine-gdb> Wine-gdb> Continuing.
OLD_SCORE_COUNTERFACTUAL_TRACE_READY
OLD_SCORE_COUNTERFACTUAL_INPUT old_unit=272822 scored_unit=52542 target_row=0 target_context=0x27a9a04 target_features=0x63fa94 signature:0x24b0256:	91	34	24	30	30
OLD_SCORE_COUNTERFACTUAL_TARGET_CONTEXT:0x27a9a04:	0	0	0	0	0	1
OLD_SCORE_COUNTERFACTUAL_TARGET_FEATURES:0x63fa94:	24	85	85	2	0	0	0	0
Hardware assisted breakpoint 3 at 0x1001d3f4
OLD_SCORE_COUNTERFACTUAL_RETURN old_unit=272822 scored_unit=52542 target_row=0 score=14.0947
OLD_SCORE_COUNTERFACTUAL_INPUT old_unit=272823 scored_unit=273370 target_row=1 target_context=0x27a9a0a target_features=0x63fa94 signature:0x25bdb62:	34	23	43	0	30
OLD_SCORE_COUNTERFACTUAL_TARGET_CONTEXT:0x27a9a0a:	0	0	1	1	0	0
OLD_SCORE_COUNTERFACTUAL_TARGET_FEATURES:0x63fa94:	11	85	99	2	0	0	0	0
Hardware assisted breakpoint 4 at 0x1001d3f4
OLD_SCORE_COUNTERFACTUAL_RETURN old_unit=272823 scored_unit=273370 target_row=1 score=0.991
OLD_SCORE_COUNTERFACTUAL_INPUT old_unit=272824 scored_unit=273371 target_row=2 target_context=0x27a9a10 target_features=0x63fa94 signature:0x25bdb67:	23	43	48	0	0
OLD_SCORE_COUNTERFACTUAL_TARGET_CONTEXT:0x27a9a10:	0	1	2	2	0	0
OLD_SCORE_COUNTERFACTUAL_TARGET_FEATURES:0x63fa94:	35	101	112	2	0	0	0	0
Hardware assisted breakpoint 5 at 0x1001d3f4
OLD_SCORE_COUNTERFACTUAL_RETURN old_unit=272824 scored_unit=273371 target_row=2 score=1.15322
OLD_SCORE_COUNTERFACTUAL_INPUT old_unit=272825 scored_unit=255282 target_row=3 target_context=0x27a9a16 target_features=0x63fa94 signature:0x25a7a1a:	43	48	90	4	4
OLD_SCORE_COUNTERFACTUAL_TARGET_CONTEXT:0x27a9a16:	0	1	3	3	0	0
OLD_SCORE_COUNTERFACTUAL_TARGET_FEATURES:0x63fa94:	97	114	113	2	0	0	0	0
Hardware assisted breakpoint 6 at 0x1001d3f4
OLD_SCORE_COUNTERFACTUAL_RETURN old_unit=272825 scored_unit=255282 target_row=3 score=1.00708
OLD_SCORE_COUNTERFACTUAL_INPUT old_unit=272822 scored_unit=52542 target_row=0 target_context=0x27a9a04 target_features=0x63fa94 signature:0x24b0256:	91	34	24	30	30
OLD_SCORE_COUNTERFACTUAL_TARGET_CONTEXT:0x27a9a04:	0	0	0	0	0	1
OLD_SCORE_COUNTERFACTUAL_TARGET_FEATURES:0x63fa94:	24	85	85	2	0	0	0	0
Hardware assisted breakpoint 7 at 0x1001d3f4
OLD_SCORE_COUNTERFACTUAL_RETURN old_unit=272822 scored_unit=52542 target_row=0 score=14.0947
OLD_SCORE_COUNTERFACTUAL_INPUT old_unit=272823 scored_unit=273370 target_row=1 target_context=0x27a9a0a target_features=0x63fa94 signature:0x25bdb62:	34	23	43	0	30
OLD_SCORE_COUNTERFACTUAL_TARGET_CONTEXT:0x27a9a0a:	0	0	1	1	0	0
OLD_SCORE_COUNTERFACTUAL_TARGET_FEATURES:0x63fa94:	11	85	99	2	0	0	0	0
Hardware assisted breakpoint 8 at 0x1001d3f4
OLD_SCORE_COUNTERFACTUAL_RETURN old_unit=272823 scored_unit=273370 target_row=1 score=0.991
OLD_SCORE_COUNTERFACTUAL_INPUT old_unit=272824 scored_unit=273371 target_row=2 target_context=0x27a9a10 target_features=0x63fa94 signature:0x25bdb67:	23	43	48	0	0
OLD_SCORE_COUNTERFACTUAL_TARGET_CONTEXT:0x27a9a10:	0	1	2	2	0	0
OLD_SCORE_COUNTERFACTUAL_TARGET_FEATURES:0x63fa94:	35	101	112	2	0	0	0	0
Hardware assisted breakpoint 9 at 0x1001d3f4
OLD_SCORE_COUNTERFACTUAL_RETURN old_unit=272824 scored_unit=273371 target_row=2 score=1.15322
OLD_SCORE_COUNTERFACTUAL_INPUT old_unit=272825 scored_unit=255282 target_row=3 target_context=0x27a9a16 target_features=0x63fa94 signature:0x25a7a1a:	43	48	90	4	4
OLD_SCORE_COUNTERFACTUAL_TARGET_CONTEXT:0x27a9a16:	0	1	3	3	0	0
OLD_SCORE_COUNTERFACTUAL_TARGET_FEATURES:0x63fa94:	97	114	113	2	0	0	0	0
Hardware assisted breakpoint 10 at 0x1001d3f4
OLD_SCORE_COUNTERFACTUAL_RETURN old_unit=272825 scored_unit=255282 target_row=3 score=1.00708
OLD_SCORE_COUNTERFACTUAL_INPUT old_unit=272822 scored_unit=52542 target_row=0 target_context=0x27a9a04 target_features=0x63fa94 signature:0x24b0256:	91	34	24	30	30
OLD_SCORE_COUNTERFACTUAL_TARGET_CONTEXT:0x27a9a04:	0	0	0	0	0	1
OLD_SCORE_COUNTERFACTUAL_TARGET_FEATURES:0x63fa94:	24	85	85	2	0	0	0	0
Hardware assisted breakpoint 11 at 0x1001d3f4
OLD_SCORE_COUNTERFACTUAL_RETURN old_unit=272822 scored_unit=52542 target_row=0 score=14.0947
OLD_SCORE_COUNTERFACTUAL_INPUT old_unit=272823 scored_unit=273370 target_row=1 target_context=0x27a9a0a target_features=0x63fa94 signature:0x25bdb62:	34	23	43	0	30
OLD_SCORE_COUNTERFACTUAL_TARGET_CONTEXT:0x27a9a0a:	0	0	1	1	0	0
OLD_SCORE_COUNTERFACTUAL_TARGET_FEATURES:0x63fa94:	11	85	99	2	0	0	0	0
Hardware assisted breakpoint 12 at 0x1001d3f4
OLD_SCORE_COUNTERFACTUAL_RETURN old_unit=272823 scored_unit=273370 target_row=1 score=0.991
OLD_SCORE_COUNTERFACTUAL_INPUT old_unit=272824 scored_unit=273371 target_row=2 target_context=0x27a9a10 target_features=0x63fa94 signature:0x25bdb67:	23	43	48	0	0
OLD_SCORE_COUNTERFACTUAL_TARGET_CONTEXT:0x27a9a10:	0	1	2	2	0	0
OLD_SCORE_COUNTERFACTUAL_TARGET_FEATURES:0x63fa94:	35	101	112	2	0	0	0	0
Hardware assisted breakpoint 13 at 0x1001d3f4
OLD_SCORE_COUNTERFACTUAL_RETURN old_unit=272824 scored_unit=273371 target_row=2 score=1.15322
OLD_SCORE_COUNTERFACTUAL_INPUT old_unit=272825 scored_unit=255282 target_row=3 target_context=0x27a9a16 target_features=0x63fa94 signature:0x25a7a1a:	43	48	90	4	4
OLD_SCORE_COUNTERFACTUAL_TARGET_CONTEXT:0x27a9a16:	0	1	3	3	0	0
OLD_SCORE_COUNTERFACTUAL_TARGET_FEATURES:0x63fa94:	97	114	113	2	0	0	0	0
Hardware assisted breakpoint 14 at 0x1001d3f4
OLD_SCORE_COUNTERFACTUAL_RETURN old_unit=272825 scored_unit=255282 target_row=3 score=1.00708
warning: Temporarily disabling breakpoints for unloaded shared library "/samples/vt_kat.dll"
[Inferior 1 (Remote target) exited normally]
Wine-gdb> 