Wine-gdb> Wine-gdb> Breakpoint 1 at 0x1000d450
Wine-gdb> >>>>>>>>>>>>>>> > > > > > > >  >  >  >  > > > > >>>Wine-gdb> Wine-gdb> Breakpoint 2 at 0x10060e50
Wine-gdb> >>>>>>>>>> > > > > >>>Wine-gdb> Wine-gdb> Breakpoint 3 at 0x1005fa60
Wine-gdb> >>>>>>>>> > > > > >>>Wine-gdb> Wine-gdb> Breakpoint 4 at 0x10039d50
Wine-gdb> >>>>>>>> > > > > >>>Wine-gdb> Wine-gdb> Continuing.
PHONE_RECORD_ENTRY call=1 dst=0x16adbd2 base=0x16adbd0 token=0x667618 arg4=0 arg5=-1 arg8=21895423 dict=0x667440 ret=0x1000d3b5
0x667618:	"doctor"
0x667440:	0xb0	0x00	0x00	0x00	0x00	0x00	0x00	0x00
0x667448:	0x00	0x00	0x00	0x00	0x00	0x00	0x00	0x00
0x667450:	0x00	0x00	0x00	0x00	0x01	0x00	0x00	0x00
0x667458:	0x03	0x00	0x00	0x00	0x02	0x00	0x00	0x00
Temporary breakpoint 5 at 0x1000d3b5
PHONE_RECORD_RETURN call=1 count=0 token_index=0 status=0 boundary_marker=0xff source=0x16adbd7:	"doctor"
PHONE_RECORD_HEADER bytes:
0x16adbd2:	0x00	0x00	0x00	0x00	0x00	0x64	0x6f	0x63
0x16adbda:	0x74	0x6f	0x72	0x00	0x9d	0x01	0x10	0xcb
0x16adbe2:	0x9c	0x01	0x30	0xf0	0x9d	0x01	0x3a	0xf0
0x16adbea:	0x9d	0x01	0x4a	0x85	0x9e	0x01	0x78	0x69
0x16adbf2:	0xa0	0x01	0x54	0xff	0x9e	0x01	0x02	0x42
PHONE_RECORD_TAIL words:
0x16ae11e:	0x0000	0x0001	0x0001	0x0001	0x019f	0xeab2	0x019e	0x740a
PHONE_RECORD_ENTRY call=2 dst=0x16ae126 base=0x16ae124 token=0x667618 arg4=1 arg5=0 arg8=21895423 dict=0x667440 ret=0x1000d3b5
0x667618:	"Paul"
0x667440:	0xe0	0x00	0x00	0x00	0x00	0x00	0x00	0x00
0x667448:	0x00	0x00	0x00	0x00	0x00	0x00	0x00	0x00
0x667450:	0x00	0x00	0x00	0x00	0x01	0x00	0x00	0x00
0x667458:	0x03	0x00	0x00	0x00	0x02	0x00	0x00	0x00
Temporary breakpoint 6 at 0x1000d3b5
PHONE_RECORD_RETURN call=2 count=0 token_index=1 status=0 boundary_marker=0xff source=0x16ae12b:	"Paul"
PHONE_RECORD_HEADER bytes:
0x16ae126:	0x00	0x00	0x01	0x00	0x00	0x50	0x61	0x75
0x16ae12e:	0x6c	0x00	0x14	0x74	0x9a	0x01	0x70	0xca
0x16ae136:	0xa1	0x01	0x3c	0x5e	0xa1	0x01	0xb2	0x80
0x16ae13e:	0x9f	0x01	0x8c	0x69	0xa0	0x01	0x70	0xa1
0x16ae146:	0x9d	0x01	0x9e	0xff	0x9b	0x01	0xbc	0xea
PHONE_RECORD_TAIL words:
0x16ae672:	0x0001	0x0000	0x0001	0x0001	0x019a	0x8242	0x019f	0x736c
PHONE_RECORD_ENTRY call=3 dst=0x16ae67a base=0x16ae678 token=0x667618 arg4=2 arg5=1 arg8=21895423 dict=0x667440 ret=0x1000d3b5
0x667618:	"spoke"
0x667440:	0x80	0x00	0x00	0x00	0x00	0x00	0x00	0x00
0x667448:	0x00	0x00	0x00	0x00	0x00	0x00	0x00	0x00
0x667450:	0x00	0x00	0x00	0x00	0x01	0x00	0x00	0x00
0x667458:	0x03	0x00	0x00	0x00	0x02	0x00	0x00	0x00
Temporary breakpoint 7 at 0x1000d3b5
PHONE_RECORD_RETURN call=3 count=0 token_index=2 status=0 boundary_marker=0xff source=0x16ae67f:	"spoke"
PHONE_RECORD_HEADER bytes:
0x16ae67a:	0x00	0x00	0x02	0x00	0x00	0x73	0x70	0x6f
0x16ae682:	0x6b	0x65	0x00	0x52	0x9c	0x01	0xa8	0x73
0x16ae68a:	0x9d	0x01	0x70	0x63	0x9f	0x01	0xde	0x06
0x16ae692:	0x9d	0x01	0x1a	0xb0	0x99	0x01	0xdc	0x96
0x16ae69a:	0x9b	0x01	0xaa	0xff	0x9c	0x01	0x28	0xf3
PHONE_RECORD_TAIL words:
0x16aebc6:	0x0000	0x0000	0x0000	0x0001	0x01a1	0xedaa	0x019e	0xf47c
PHONE_RECORD_ENTRY call=4 dst=0x16aebce base=0x16aebcc token=0x667618 arg4=3 arg5=2 arg8=21895423 dict=0x667440 ret=0x1000d3b5
0x667618:	"with"
0x667440:	0x80	0x00	0x00	0x00	0x00	0x00	0x00	0x00
0x667448:	0x00	0x00	0x00	0x00	0x00	0x00	0x00	0x00
0x667450:	0x00	0x00	0x00	0x00	0x01	0x00	0x00	0x00
0x667458:	0x03	0x00	0x00	0x00	0x02	0x00	0x00	0x00
Temporary breakpoint 8 at 0x1000d3b5
PHONE_RECORD_RETURN call=4 count=0 token_index=3 status=0 boundary_marker=0xff source=0x16aebd3:	"with"
PHONE_RECORD_HEADER bytes:
0x16aebce:	0x00	0x00	0x03	0x00	0x00	0x77	0x69	0x74
0x16aebd6:	0x68	0x00	0x22	0xcd	0x9c	0x01	0x7e	0x88
0x16aebde:	0x9e	0x01	0xfe	0xf2	0x9a	0x01	0xea	0x5f
0x16aebe6:	0xa1	0x01	0xce	0xb2	0xa1	0x01	0x0c	0x9e
0x16aebee:	0xa0	0x01	0x98	0xff	0x9a	0x01	0x98	0xc7
PHONE_RECORD_TAIL words:
0x16af11a:	0x0000	0x0000	0x0000	0x0001	0x019f	0x3ae8	0x01a0	0xaf34
PHONE_RECORD_ENTRY call=5 dst=0x16af122 base=0x16af120 token=0x667618 arg4=4 arg5=3 arg8=21895423 dict=0x667440 ret=0x1000d3b5
0x667618:	"doctor"
0x667440:	0xb0	0x00	0x00	0x00	0x00	0x00	0x00	0x00
0x667448:	0x00	0x00	0x00	0x00	0x00	0x00	0x00	0x00
0x667450:	0x00	0x00	0x00	0x00	0x01	0x00	0x00	0x00
0x667458:	0x03	0x00	0x00	0x00	0x02	0x00	0x00	0x00
Temporary breakpoint 9 at 0x1000d3b5
PHONE_RECORD_RETURN call=5 count=0 token_index=4 status=0 boundary_marker=0xff source=0x16af127:	"doctor"
PHONE_RECORD_HEADER bytes:
0x16af122:	0x00	0x00	0x04	0x00	0x00	0x64	0x6f	0x63
0x16af12a:	0x74	0x6f	0x72	0x00	0x9b	0x01	0xb0	0xf0
0x16af132:	0x9a	0x01	0x04	0x96	0x9c	0x01	0xcc	0xc5
0x16af13a:	0x9f	0x01	0x1c	0xec	0xa1	0x01	0x3e	0xaf
0x16af142:	0x99	0x01	0x74	0xff	0x9b	0x01	0xf2	0xeb
PHONE_RECORD_TAIL words:
0x16af66e:	0x0000	0x0001	0x0001	0x0001	0x019f	0x528e	0x019c	0xcc16
PHONE_RECORD_ENTRY call=6 dst=0x16af676 base=0x16af674 token=0x667618 arg4=5 arg5=4 arg8=21895423 dict=0x667440 ret=0x1000d3b5
0x667618:	"Paul"
0x667440:	0xe0	0x00	0x00	0x00	0x00	0x00	0x00	0x00
0x667448:	0x00	0x00	0x00	0x00	0x00	0x00	0x00	0x00
0x667450:	0x00	0x00	0x00	0x00	0x01	0x00	0x00	0x00
0x667458:	0x03	0x00	0x00	0x00	0x02	0x00	0x00	0x00
Temporary breakpoint 10 at 0x1000d3b5
PHONE_RECORD_RETURN call=6 count=0 token_index=5 status=0 boundary_marker=0xff source=0x16af67b:	"Paul"
PHONE_RECORD_HEADER bytes:
0x16af676:	0x00	0x00	0x05	0x00	0x00	0x50	0x61	0x75
0x16af67e:	0x6c	0x00	0xd0	0x9d	0xa0	0x01	0xe6	0x69
0x16af686:	0xa0	0x01	0x28	0xa3	0x9d	0x01	0xb6	0x42
0x16af68e:	0xa2	0x01	0xf2	0xf1	0x9d	0x01	0x1a	0xf2
0x16af696:	0x9d	0x01	0x4c	0xff	0x9d	0x01	0x24	0xec
PHONE_RECORD_TAIL words:
0x16afbc2:	0x0001	0x0000	0x0001	0x0001	0x019d	0x42a8	0x01a1	0xf634
PHONE_RECORD_ENTRY call=7 dst=0x16afbca base=0x16afbc8 token=0x667618 arg4=5 arg5=5 arg8=21895423 dict=0x667440 ret=0x1000d3b5
0x667618:	"."
0x667440:	0x00	0x00	0x00	0x00	0x00	0x00	0x00	0x00
0x667448:	0x00	0x00	0x00	0x00	0x00	0x00	0x00	0x00
0x667450:	0x00	0x00	0x00	0x00	0x01	0x00	0x00	0x00
0x667458:	0x03	0x00	0x00	0x00	0x02	0x00	0x00	0x00
Temporary breakpoint 11 at 0x1000d3b5
PHONE_RECORD_RETURN call=7 count=0 token_index=5 status=0 boundary_marker=0xff source=0x16afbcf:	"."
PHONE_RECORD_HEADER bytes:
0x16afbca:	0x00	0x00	0x05	0x00	0x00	0x2e	0x00	0xf6
0x16afbd2:	0x9d	0x01	0x46	0xb3	0xa1	0x01	0x42	0xee
0x16afbda:	0xa1	0x01	0x4c	0x43	0xa2	0x01	0x3e	0x99
0x16afbe2:	0x9b	0x01	0x36	0xb2	0x99	0x01	0x7a	0x98
0x16afbea:	0x9c	0x01	0x2a	0xff	0x9d	0x01	0x3e	0xf6
PHONE_RECORD_TAIL words:
0x16b0116:	0x0000	0x0000	0x0000	0x0000	0x019a	0x0800	0x019d	0x99b6
CARDINAL_ENTRY number=4 mode=L current=0x667414:	""
Temporary breakpoint 12 at 0x10061427
CARDINAL_RETURN number=4 mode=L output=0x667414:	"four"
PHONE_RECORD_ENTRY call=8 dst=0x16adbd2 base=0x16adbd0 token=0x6675f8 arg4=0 arg5=-1 arg8=21895423 dict=0x667420 ret=0x1000d3b5
0x6675f8:	"Saint"
0x667420:	0xb0	0x00	0x00	0x10	0xbc	0x06	0x08	0x10
0x667428:	0xb8	0x06	0x08	0x10	0x00	0x00	0x00	0x00
0x667430:	0xff	0xff	0xff	0xff	0xdc	0x75	0x66	0x00
0x667438:	0x05	0x00	0x00	0x00	0x84	0x92	0x07	0x10
Temporary breakpoint 13 at 0x1000d3b5
PHONE_RECORD_RETURN call=8 count=0 token_index=0 status=0 boundary_marker=0xff source=0x16adbd7:	"Saint"
PHONE_RECORD_HEADER bytes:
0x16adbd2:	0x00	0x00	0x00	0x00	0x00	0x53	0x61	0x69
0x16adbda:	0x6e	0x74	0x00	0x00	0x9d	0x01	0x10	0xcb
0x16adbe2:	0x9c	0x01	0x30	0xf0	0x9d	0x01	0x3a	0xf0
0x16adbea:	0x9d	0x01	0x4a	0x85	0x9e	0x01	0x78	0x69
0x16adbf2:	0xa0	0x01	0x54	0xff	0x9e	0x01	0x02	0x42
PHONE_RECORD_TAIL words:
0x16ae11e:	0x0000	0x0001	0x0001	0x0001	0x0000	0x0001	0x5000	0x7561
PHONE_RECORD_ENTRY call=9 dst=0x16ae126 base=0x16ae124 token=0x6675f8 arg4=1 arg5=0 arg8=21895423 dict=0x667420 ret=0x1000d3b5
0x6675f8:	"Paul"
0x667420:	0xe0	0x00	0x00	0x10	0xbc	0x06	0x08	0x10
0x667428:	0xb8	0x06	0x08	0x10	0x00	0x00	0x00	0x00
0x667430:	0xff	0xff	0xff	0xff	0xdc	0x75	0x66	0x00
0x667438:	0x05	0x00	0x00	0x00	0x84	0x92	0x07	0x10
Temporary breakpoint 14 at 0x1000d3b5
PHONE_RECORD_RETURN call=9 count=0 token_index=1 status=0 boundary_marker=0xff source=0x16ae12b:	"Paul"
PHONE_RECORD_HEADER bytes:
0x16ae126:	0x00	0x00	0x01	0x00	0x00	0x50	0x61	0x75
0x16ae12e:	0x6c	0x00	0x14	0x74	0x9a	0x01	0x70	0xca
0x16ae136:	0xa1	0x01	0x3c	0x5e	0xa1	0x01	0xb2	0x80
0x16ae13e:	0x9f	0x01	0x8c	0x69	0xa0	0x01	0x70	0xa1
0x16ae146:	0x9d	0x01	0x9e	0xff	0x9b	0x01	0xbc	0xea
PHONE_RECORD_TAIL words:
0x16ae672:	0x0001	0x0000	0x0001	0x0001	0x0000	0x0002	0x7300	0x6f70
PHONE_RECORD_ENTRY call=10 dst=0x16ae67a base=0x16ae678 token=0x6675f8 arg4=2 arg5=1 arg8=21895423 dict=0x667420 ret=0x1000d3b5
0x6675f8:	"is"
0x667420:	0x09	0xdb	0xfb	0x00	0xbc	0x06	0x08	0x10
0x667428:	0xb8	0x06	0x08	0x10	0x00	0x00	0x00	0x00
0x667430:	0xff	0xff	0xff	0xff	0xdc	0x75	0x66	0x00
0x667438:	0x05	0x00	0x00	0x00	0x84	0x92	0x07	0x10
Temporary breakpoint 15 at 0x1000d3b5
PHONE_RECORD_RETURN call=10 count=1 token_index=2 status=0x41 boundary_marker=0xff source=0x16ae67f:	"is"
PHONE_RECORD_HEADER bytes:
0x16ae67a:	0x01	0x00	0x02	0x00	0x41	0x69	0x73	0x00
0x16ae682:	0x6b	0x65	0x00	0x52	0x9c	0x01	0xa8	0x73
0x16ae68a:	0x9d	0x01	0x70	0x63	0x9f	0x01	0xde	0x06
0x16ae692:	0x9d	0x01	0x1a	0xb0	0x99	0x01	0xdc	0x96
0x16ae69a:	0x9b	0x01	0xaa	0xff	0x9c	0x01	0x28	0xf3
PHONE_SLOT index=0 marker=0xff bytes:
0x16ae6b1:	0x24	0x44	0x00	0x24	0x82	0x9f	0x01	0x4c
0x16ae6b9:	0xb0	0x99	0x01	0x04	0x97	0x9b	0x01	0x50
0x16ae6c1:	0xf3	0x9d	0x01	0xec	0xec	0x9e	0x01	0xbe
0x16ae6c9:	0xcc	0x9c	0x01	0x40	0xf2	0x9a	0x01	0x64
0x16ae6d1:	0x04	0xa1	0x01	0x54	0x5f	0xa1	0x01	0xc6
0x16ae6d9:	0x76	0x9a	0x01	0x04	0xa4	0x9d	0x01	0x76
0x16ae6e1:	0x73	0x9d	0x01	0x4c	0x82	0x9f	0x01	0x18
0x16ae6e9:	0x97	0x9b	0x01	0x00	0xed	0x9e	0x01	0xee
0x16ae6f1:	0x76
PHONE_RECORD_TAIL words:
0x16aebc6:	0x0000	0x0000	0x0000	0x0000	0x0000	0x0003	0x7700	0x7469
PHONE_RECORD_ENTRY call=11 dst=0x16aebce base=0x16aebcc token=0x6675f8 arg4=3 arg5=2 arg8=21895423 dict=0x667420 ret=0x1000d3b5
0x6675f8:	"on"
0x667420:	0x88	0x00	0xfb	0x00	0xbc	0x06	0x08	0x10
0x667428:	0xb8	0x06	0x08	0x10	0x00	0x00	0x00	0x00
0x667430:	0xff	0xff	0xff	0xff	0xdc	0x75	0x66	0x00
0x667438:	0x05	0x00	0x00	0x00	0x84	0x92	0x07	0x10
Temporary breakpoint 16 at 0x1000d3b5
PHONE_RECORD_RETURN call=11 count=0 token_index=3 status=0x41 boundary_marker=0xff source=0x16aebd3:	"on"
PHONE_RECORD_HEADER bytes:
0x16aebce:	0x00	0x00	0x03	0x00	0x41	0x6f	0x6e	0x00
0x16aebd6:	0x68	0x00	0x22	0xcd	0x9c	0x01	0x7e	0x88
0x16aebde:	0x9e	0x01	0xfe	0xf2	0x9a	0x01	0xea	0x5f
0x16aebe6:	0xa1	0x01	0xce	0xb2	0xa1	0x01	0x0c	0x9e
0x16aebee:	0xa0	0x01	0x98	0xff	0x9a	0x01	0x98	0xc7
PHONE_RECORD_TAIL words:
0x16af11a:	0x0000	0x0000	0x0000	0x0001	0x0000	0x0004	0x6400	0x636f
PHONE_RECORD_ENTRY call=12 dst=0x16af122 base=0x16af120 token=0x6675f8 arg4=4 arg5=3 arg8=21895423 dict=0x667420 ret=0x1000d3b5
0x6675f8:	"Main"
0x667420:	0x80	0x00	0xfb	0x00	0xbc	0x06	0x08	0x10
0x667428:	0xb8	0x06	0x08	0x10	0x00	0x00	0x00	0x00
0x667430:	0xff	0xff	0xff	0xff	0xdc	0x75	0x66	0x00
0x667438:	0x05	0x00	0x00	0x00	0x84	0x92	0x07	0x10
Temporary breakpoint 17 at 0x1000d3b5
PHONE_RECORD_RETURN call=12 count=0 token_index=4 status=0 boundary_marker=0xff source=0x16af127:	"Main"
PHONE_RECORD_HEADER bytes:
0x16af122:	0x00	0x00	0x04	0x00	0x00	0x4d	0x61	0x69
0x16af12a:	0x6e	0x00	0x72	0x00	0x9b	0x01	0xb0	0xf0
0x16af132:	0x9a	0x01	0x04	0x96	0x9c	0x01	0xcc	0xc5
0x16af13a:	0x9f	0x01	0x1c	0xec	0xa1	0x01	0x3e	0xaf
0x16af142:	0x99	0x01	0x74	0xff	0x9b	0x01	0xf2	0xeb
PHONE_RECORD_TAIL words:
0x16af66e:	0x0000	0x0000	0x0000	0x0001	0x0000	0x0005	0x5000	0x7561
PHONE_RECORD_ENTRY call=13 dst=0x16af676 base=0x16af674 token=0x6675f8 arg4=5 arg5=4 arg8=21895423 dict=0x667420 ret=0x1000d3b5
0x6675f8:	"Street"
0x667420:	0x71	0xb0	0x71	0xf0	0x00	0x06	0x08	0x10
0x667428:	0xb8	0x06	0x08	0x10	0x00	0x00	0x00	0x00
0x667430:	0xff	0xff	0xff	0xff	0xdc	0x75	0x66	0x00
0x667438:	0x05	0x00	0x00	0x00	0x84	0x92	0x07	0x10
Temporary breakpoint 18 at 0x1000d3b5
PHONE_RECORD_RETURN call=13 count=1 token_index=5 status=0 boundary_marker=0xff source=0x16af67b:	"Street"
PHONE_RECORD_HEADER bytes:
0x16af676:	0x01	0x00	0x05	0x00	0x00	0x53	0x74	0x72
0x16af67e:	0x65	0x65	0x74	0x00	0xa0	0x01	0xe6	0x69
0x16af686:	0xa0	0x01	0x28	0xa3	0x9d	0x01	0xb6	0x42
0x16af68e:	0xa2	0x01	0xf2	0xf1	0x9d	0x01	0x1a	0xf2
0x16af696:	0x9d	0x01	0x4c	0xff	0x9d	0x01	0x24	0xec
PHONE_SLOT index=0 marker=0xff bytes:
0x16af6ad:	0x37	0x39	0x36	0x27	0x39	0x00	0x01	0x88
0x16af6b5:	0xf2	0x9d	0x01	0x42	0xec	0x9e	0x01	0x06
0x16af6bd:	0xcb	0xa1	0x01	0x14	0xa3	0x9d	0x01	0x70
0x16af6c5:	0x52	0x9c	0x01	0xfc	0xf1	0x9d	0x01	0x00
0x16af6cd:	0x96	0x9b	0x01	0x24	0xf2	0x9d	0x01	0xcc
0x16af6d5:	0x75	0x9a	0x01	0x1e	0x96	0x9b	0x01	0xe4
0x16af6dd:	0x86	0x9e	0x01	0x56	0xf2	0x9d	0x01	0x2e
0x16af6e5:	0xec	0x9e	0x01	0xde	0xca	0xa1	0x01	0x46
0x16af6ed:	0xf1
PHONE_RECORD_TAIL words:
0x16afbc2:	0x0001	0x0001	0x0001	0x0000	0x0000	0x0005	0x2e00	0xf600
PHONE_RECORD_ENTRY call=14 dst=0x16afbca base=0x16afbc8 token=0x6675f8 arg4=6 arg5=5 arg8=21895423 dict=0x667420 ret=0x1000d3b5
0x6675f8:	"Apartment"
0x667420:	0xb0	0x00	0x71	0xf0	0x00	0x06	0x08	0x10
0x667428:	0xb8	0x06	0x08	0x10	0x00	0x00	0x00	0x00
0x667430:	0xff	0xff	0xff	0xff	0xdc	0x75	0x66	0x00
0x667438:	0x05	0x00	0x00	0x00	0x84	0x92	0x07	0x10
Temporary breakpoint 19 at 0x1000d3b5
PHONE_RECORD_RETURN call=14 count=0 token_index=6 status=0 boundary_marker=0xff source=0x16afbcf:	"Apartment"
PHONE_RECORD_HEADER bytes:
0x16afbca:	0x00	0x00	0x06	0x00	0x00	0x41	0x70	0x61
0x16afbd2:	0x72	0x74	0x6d	0x65	0x6e	0x74	0x00	0xee
0x16afbda:	0xa1	0x01	0x4c	0x43	0xa2	0x01	0x3e	0x99
0x16afbe2:	0x9b	0x01	0x36	0xb2	0x99	0x01	0x7a	0x98
0x16afbea:	0x9c	0x01	0x2a	0xff	0x9d	0x01	0x3e	0xf6
PHONE_RECORD_TAIL words:
0x16b0116:	0x0000	0x0001	0x0001	0x0001	0x019a	0x0800	0x019d	0x99b6
PHONE_RECORD_ENTRY call=15 dst=0x16b011e base=0x16b011c token=0x6675f8 arg4=7 arg5=6 arg8=21895423 dict=0x667420 ret=0x1000d3b5
0x6675f8:	"four"
0x667420:	0x80	0x00	0x71	0xf0	0x00	0x06	0x08	0x10
0x667428:	0xb8	0x06	0x08	0x10	0x00	0x00	0x00	0x00
0x667430:	0xff	0xff	0xff	0xff	0xdc	0x75	0x66	0x00
0x667438:	0x05	0x00	0x00	0x00	0x84	0x92	0x07	0x10
Temporary breakpoint 20 at 0x1000d3b5
PHONE_RECORD_RETURN call=15 count=0 token_index=7 status=0 boundary_marker=0xff source=0x16b0123:	"four"
PHONE_RECORD_HEADER bytes:
0x16b011e:	0x00	0x00	0x07	0x00	0x00	0x66	0x6f	0x75
0x16b0126:	0x72	0x00	0xbc	0xef	0x9e	0x01	0x9c	0x78
0x16b012e:	0x9a	0x01	0xa4	0xb2	0x99	0x01	0x02	0xf4
0x16b0136:	0x9a	0x01	0x56	0xc8	0x9f	0x01	0xc4	0x78
0x16b013e:	0x9a	0x01	0xba	0xff	0x9a	0x01	0xc6	0xef
PHONE_RECORD_TAIL words:
0x16b066a:	0x0000	0x0000	0x0000	0x0001	0x019b	0xb3c6	0x0199	0xf81e
PHONE_RECORD_ENTRY call=16 dst=0x16b0672 base=0x16b0670 token=0x6675f8 arg4=8 arg5=7 arg8=21895423 dict=0x667420 ret=0x1000d3b5
0x6675f8:	"and"
0x667420:	0x01	0xbb	0x9f	0x00	0x00	0x06	0x08	0x10
0x667428:	0xb8	0x06	0x08	0x10	0x00	0x00	0x00	0x00
0x667430:	0xff	0xff	0xff	0xff	0xdc	0x75	0x66	0x00
0x667438:	0x05	0x00	0x00	0x00	0x84	0x92	0x07	0x10
Temporary breakpoint 21 at 0x1000d3b5
PHONE_RECORD_RETURN call=16 count=1 token_index=8 status=0 boundary_marker=0xff source=0x16b0677:	"and"
PHONE_RECORD_HEADER bytes:
0x16b0672:	0x01	0x00	0x08	0x00	0x00	0x61	0x6e	0x64
0x16b067a:	0x00	0x01	0xf2	0x63	0x9f	0x01	0x7a	0x8c
0x16b0682:	0x9e	0x01	0x88	0xf1	0x9e	0x01	0x5a	0x79
0x16b068a:	0x9a	0x01	0x12	0x06	0xa1	0x01	0x6a	0x99
0x16b0692:	0x9c	0x01	0x1a	0xff	0x9a	0x01	0xe4	0x92
PHONE_SLOT index=0 marker=0xff bytes:
0x16b06a9:	0x04	0x2d	0x15	0x00	0x3d	0xa0	0x01	0xac
0x16b06b1:	0x74	0x9d	0x01	0xce	0xa7	0x9d	0x01	0x28
0x16b06b9:	0xc9	0x9f	0x01	0x26	0x6b	0xa0	0x01	0x60
0x16b06c1:	0xcd	0x9a	0x01	0x14	0x44	0xa2	0x01	0x42
0x16b06c9:	0xf1	0x9e	0x01	0x16	0xcf	0x9c	0x01	0x4c
0x16b06d1:	0x99	0x9c	0x01	0xfe	0x6a	0xa0	0x01	0x1e
0x16b06d9:	0x44	0xa2	0x01	0x4c	0xf1	0x9e	0x01	0x1c
0x16b06e1:	0xc0	0xa0	0x01	0x92	0xf1	0x9e	0x01	0x28
0x16b06e9:	0x44
PHONE_RECORD_TAIL words:
0x16b0bbe:	0x0000	0x0000	0x0000	0x0000	0x019c	0x3e9e	0x01a0	0x06da
PHONE_RECORD_ENTRY call=17 dst=0x16b0bc6 base=0x16b0bc4 token=0x6675f8 arg4=9 arg5=8 arg8=21895423 dict=0x667420 ret=0x1000d3b5
0x6675f8:	"Apt"
0x667420:	0x88	0x00	0x9f	0x00	0x00	0x06	0x08	0x10
0x667428:	0xb8	0x06	0x08	0x10	0x00	0x00	0x00	0x00
0x667430:	0xff	0xff	0xff	0xff	0xdc	0x75	0x66	0x00
0x667438:	0x05	0x00	0x00	0x00	0x84	0x92	0x07	0x10
Temporary breakpoint 22 at 0x1000d3b5
PHONE_RECORD_RETURN call=17 count=0 token_index=9 status=0x41 boundary_marker=0xff source=0x16b0bcb:	"Apt"
PHONE_RECORD_HEADER bytes:
0x16b0bc6:	0x00	0x00	0x09	0x00	0x41	0x41	0x70	0x74
0x16b0bce:	0x00	0x01	0xce	0x87	0x9f	0x01	0xc6	0x3e
0x16b0bd6:	0xa0	0x01	0xe0	0xf0	0xa1	0x01	0xf0	0x44
0x16b0bde:	0xa2	0x01	0x06	0x9f	0x9b	0x01	0x7c	0xf3
0x16b0be6:	0x9e	0x01	0x0e	0xff	0x9a	0x01	0x56	0x9f
PHONE_RECORD_TAIL words:
0x16b1112:	0x0000	0x0000	0x0000	0x0001	0x019b	0xcb8a	0x019f	0xc0ee
PHONE_RECORD_ENTRY call=18 dst=0x16b111a base=0x16b1118 token=0x6675f8 arg4=10 arg5=9 arg8=21895423 dict=0x667420 ret=0x1000d3b5
0x6675f8:	"four"
0x667420:	0x80	0x00	0x9f	0x00	0x00	0x06	0x08	0x10
0x667428:	0xb8	0x06	0x08	0x10	0x00	0x00	0x00	0x00
0x667430:	0xff	0xff	0xff	0xff	0xdc	0x75	0x66	0x00
0x667438:	0x05	0x00	0x00	0x00	0x84	0x92	0x07	0x10
Temporary breakpoint 23 at 0x1000d3b5
PHONE_RECORD_RETURN call=18 count=0 token_index=10 status=0 boundary_marker=0xff source=0x16b111f:	"four"
PHONE_RECORD_HEADER bytes:
0x16b111a:	0x00	0x00	0x0a	0x00	0x00	0x66	0x6f	0x75
0x16b1122:	0x72	0x00	0xf6	0x9f	0x9b	0x01	0x72	0x2a
0x16b112a:	0x9a	0x01	0xbc	0xfa	0x9d	0x01	0xa0	0x8e
0x16b1132:	0x9e	0x01	0x18	0xb4	0xa1	0x01	0xea	0xcd
0x16b113a:	0xa1	0x01	0x34	0xff	0xa1	0x01	0x78	0x9a
PHONE_RECORD_TAIL words:
0x16b1666:	0x0000	0x0000	0x0000	0x0001	0x01a2	0xb486	0x01a1	0xcf40
PHONE_RECORD_ENTRY call=19 dst=0x16b166e base=0x16b166c token=0x6675f8 arg4=10 arg5=10 arg8=21895423 dict=0x667420 ret=0x1000d3b5
0x6675f8:	"."
0x667420:	0x00	0x00	0x9f	0x00	0x00	0x06	0x08	0x10
0x667428:	0xb8	0x06	0x08	0x10	0x00	0x00	0x00	0x00
0x667430:	0xff	0xff	0xff	0xff	0xdc	0x75	0x66	0x00
0x667438:	0x05	0x00	0x00	0x00	0x84	0x92	0x07	0x10
Temporary breakpoint 24 at 0x1000d3b5
PHONE_RECORD_RETURN call=19 count=0 token_index=10 status=0 boundary_marker=0xff source=0x16b1673:	"."
PHONE_RECORD_HEADER bytes:
0x16b166e:	0x00	0x00	0x0a	0x00	0x00	0x2e	0x00	0xcf
0x16b1676:	0x9a	0x01	0x80	0xd3	0x9c	0x01	0x64	0x76
0x16b167e:	0x9d	0x01	0xa8	0xd3	0x9c	0x01	0xac	0x0b
0x16b1686:	0x9d	0x01	0x60	0x51	0x99	0x01	0xa2	0xc1
0x16b168e:	0xa0	0x01	0xc0	0xff	0x9b	0x01	0x4e	0x2b
PHONE_RECORD_TAIL words:
0x16b1bba:	0x0000	0x0000	0x0000	0x0000	0x019c	0x8d7e	0x019e	0x6152
CARDINAL_ENTRY number=5 mode=L current=0x6672c8:	""
Temporary breakpoint 25 at 0x10061427
CARDINAL_RETURN number=5 mode=L output=0x6672c8:	"five"
CARDINAL_ENTRY number=5 mode=L current=0x6672c8:	""
Temporary breakpoint 26 at 0x10061427
CARDINAL_RETURN number=5 mode=L output=0x6672c8:	"five"
PHONE_RECORD_ENTRY call=20 dst=0x16adbd2 base=0x16adbd0 token=0x6675f8 arg4=0 arg5=-1 arg8=21895423 dict=0x667420 ret=0x1000d3b5
0x6675f8:	"mister"
0x667420:	0xe0	0x00	0x00	0x00	0x00	0x00	0x00	0x00
0x667428:	0x00	0x00	0x00	0x00	0x00	0x00	0x00	0x00
0x667430:	0x00	0x00	0x00	0x00	0x00	0x00	0x00	0x00
0x667438:	0x00	0x00	0x00	0x00	0x00	0x00	0x00	0x00
Temporary breakpoint 27 at 0x1000d3b5
PHONE_RECORD_RETURN call=20 count=0 token_index=0 status=0 boundary_marker=0xff source=0x16adbd7:	"mister"
PHONE_RECORD_HEADER bytes:
0x16adbd2:	0x00	0x00	0x00	0x00	0x00	0x6d	0x69	0x73
0x16adbda:	0x74	0x65	0x72	0x00	0x9d	0x01	0x10	0xcb
0x16adbe2:	0x9c	0x01	0x30	0xf0	0x9d	0x01	0x3a	0xf0
0x16adbea:	0x9d	0x01	0x4a	0x85	0x9e	0x01	0x78	0x69
0x16adbf2:	0xa0	0x01	0x54	0xff	0x9e	0x01	0x02	0x42
PHONE_RECORD_TAIL words:
0x16ae11e:	0x0001	0x0000	0x0001	0x0001	0x0000	0x0001	0x5000	0x7561
PHONE_RECORD_ENTRY call=21 dst=0x16ae126 base=0x16ae124 token=0x6675f8 arg4=1 arg5=0 arg8=21895423 dict=0x667420 ret=0x1000d3b5
0x6675f8:	"Jones"
0x667420:	0xe0	0x00	0x00	0x00	0x00	0x00	0x00	0x00
0x667428:	0x00	0x00	0x00	0x00	0x00	0x00	0x00	0x00
0x667430:	0x00	0x00	0x00	0x00	0x00	0x00	0x00	0x00
0x667438:	0x00	0x00	0x00	0x00	0x00	0x00	0x00	0x00
Temporary breakpoint 28 at 0x1000d3b5
PHONE_RECORD_RETURN call=21 count=0 token_index=1 status=0 boundary_marker=0xff source=0x16ae12b:	"Jones"
PHONE_RECORD_HEADER bytes:
0x16ae126:	0x00	0x00	0x01	0x00	0x00	0x4a	0x6f	0x6e
0x16ae12e:	0x65	0x73	0x00	0x74	0x9a	0x01	0x70	0xca
0x16ae136:	0xa1	0x01	0x3c	0x5e	0xa1	0x01	0xb2	0x80
0x16ae13e:	0x9f	0x01	0x8c	0x69	0xa0	0x01	0x70	0xa1
0x16ae146:	0x9d	0x01	0x9e	0xff	0x9b	0x01	0xbc	0xea
PHONE_RECORD_TAIL words:
0x16ae672:	0x0001	0x0000	0x0001	0x0001	0x0001	0x0002	0x6941	0x0073
PHONE_RECORD_ENTRY call=22 dst=0x16ae67a base=0x16ae678 token=0x6675f8 arg4=2 arg5=1 arg8=21895423 dict=0x667420 ret=0x1000d3b5
0x6675f8:	"called"
0x667420:	0x01	0xe1	0x21	0xcc	0x00	0x00	0x00	0x00
0x667428:	0x00	0x00	0x00	0x00	0x00	0x00	0x00	0x00
0x667430:	0x00	0x00	0x00	0x00	0x00	0x00	0x00	0x00
0x667438:	0x00	0x00	0x00	0x00	0x00	0x00	0x00	0x00
Temporary breakpoint 29 at 0x1000d3b5
PHONE_RECORD_RETURN call=22 count=1 token_index=2 status=0 boundary_marker=0xff source=0x16ae67f:	"called"
PHONE_RECORD_HEADER bytes:
0x16ae67a:	0x01	0x00	0x02	0x00	0x00	0x63	0x61	0x6c
0x16ae682:	0x6c	0x65	0x64	0x00	0x9c	0x01	0xa8	0x73
0x16ae68a:	0x9d	0x01	0x70	0x63	0x9f	0x01	0xde	0x06
0x16ae692:	0x9d	0x01	0x1a	0xb0	0x99	0x01	0xdc	0x96
0x16ae69a:	0x9b	0x01	0xaa	0xff	0x9c	0x01	0x28	0xf3
PHONE_SLOT index=0 marker=0xff bytes:
0x16ae6b1:	0x2a	0x0b	0x2b	0x15	0x00	0x9f	0x01	0x4c
0x16ae6b9:	0xb0	0x99	0x01	0x04	0x97	0x9b	0x01	0x50
0x16ae6c1:	0xf3	0x9d	0x01	0xec	0xec	0x9e	0x01	0xbe
0x16ae6c9:	0xcc	0x9c	0x01	0x40	0xf2	0x9a	0x01	0x64
0x16ae6d1:	0x04	0xa1	0x01	0x54	0x5f	0xa1	0x01	0xc6
0x16ae6d9:	0x76	0x9a	0x01	0x04	0xa4	0x9d	0x01	0x76
0x16ae6e1:	0x73	0x9d	0x01	0x4c	0x82	0x9f	0x01	0x18
0x16ae6e9:	0x97	0x9b	0x01	0x00	0xed	0x9e	0x01	0xee
0x16ae6f1:	0x76
PHONE_RECORD_TAIL words:
0x16aebc6:	0x0000	0x0000	0x0000	0x0000	0x0000	0x0003	0x6f41	0x006e
PHONE_RECORD_ENTRY call=23 dst=0x16aebce base=0x16aebcc token=0x6675f8 arg4=3 arg5=2 arg8=21895423 dict=0x667420 ret=0x1000d3b5
0x6675f8:	"Mister"
0x667420:	0xe0	0x00	0x21	0xcc	0x00	0x00	0x00	0x00
0x667428:	0x00	0x00	0x00	0x00	0x00	0x00	0x00	0x00
0x667430:	0x00	0x00	0x00	0x00	0x00	0x00	0x00	0x00
0x667438:	0x00	0x00	0x00	0x00	0x00	0x00	0x00	0x00
Temporary breakpoint 30 at 0x1000d3b5
PHONE_RECORD_RETURN call=23 count=0 token_index=3 status=0 boundary_marker=0xff source=0x16aebd3:	"Mister"
PHONE_RECORD_HEADER bytes:
0x16aebce:	0x00	0x00	0x03	0x00	0x00	0x4d	0x69	0x73
0x16aebd6:	0x74	0x65	0x72	0x00	0x9c	0x01	0x7e	0x88
0x16aebde:	0x9e	0x01	0xfe	0xf2	0x9a	0x01	0xea	0x5f
0x16aebe6:	0xa1	0x01	0xce	0xb2	0xa1	0x01	0x0c	0x9e
0x16aebee:	0xa0	0x01	0x98	0xff	0x9a	0x01	0x98	0xc7
PHONE_RECORD_TAIL words:
0x16af11a:	0x0001	0x0000	0x0001	0x0001	0x0000	0x0004	0x4d00	0x6961
PHONE_RECORD_ENTRY call=24 dst=0x16af122 base=0x16af120 token=0x6675f8 arg4=4 arg5=3 arg8=21895423 dict=0x667420 ret=0x1000d3b5
0x6675f8:	"Jones"
0x667420:	0xe0	0x00	0x21	0xcc	0x00	0x00	0x00	0x00
0x667428:	0x00	0x00	0x00	0x00	0x00	0x00	0x00	0x00
0x667430:	0x00	0x00	0x00	0x00	0x00	0x00	0x00	0x00
0x667438:	0x00	0x00	0x00	0x00	0x00	0x00	0x00	0x00
Temporary breakpoint 31 at 0x1000d3b5
PHONE_RECORD_RETURN call=24 count=0 token_index=4 status=0 boundary_marker=0xff source=0x16af127:	"Jones"
PHONE_RECORD_HEADER bytes:
0x16af122:	0x00	0x00	0x04	0x00	0x00	0x4a	0x6f	0x6e
0x16af12a:	0x65	0x73	0x00	0x00	0x9b	0x01	0xb0	0xf0
0x16af132:	0x9a	0x01	0x04	0x96	0x9c	0x01	0xcc	0xc5
0x16af13a:	0x9f	0x01	0x1c	0xec	0xa1	0x01	0x3e	0xaf
0x16af142:	0x99	0x01	0x74	0xff	0x9b	0x01	0xf2	0xeb
PHONE_RECORD_TAIL words:
0x16af66e:	0x0001	0x0000	0x0001	0x0001	0x0001	0x0005	0x5300	0x7274
PHONE_RECORD_ENTRY call=25 dst=0x16af676 base=0x16af674 token=0x6675f8 arg4=5 arg5=4 arg8=21895423 dict=0x667420 ret=0x1000d3b5
0x6675f8:	"at"
0x667420:	0x88	0x00	0x21	0xcc	0x00	0x00	0x00	0x00
0x667428:	0x00	0x00	0x00	0x00	0x00	0x00	0x00	0x00
0x667430:	0x00	0x00	0x00	0x00	0x00	0x00	0x00	0x00
0x667438:	0x00	0x00	0x00	0x00	0x00	0x00	0x00	0x00
Temporary breakpoint 32 at 0x1000d3b5
PHONE_RECORD_RETURN call=25 count=0 token_index=5 status=0x41 boundary_marker=0xff source=0x16af67b:	"at"
PHONE_RECORD_HEADER bytes:
0x16af676:	0x00	0x00	0x05	0x00	0x41	0x61	0x74	0x00
0x16af67e:	0x65	0x65	0x74	0x00	0xa0	0x01	0xe6	0x69
0x16af686:	0xa0	0x01	0x28	0xa3	0x9d	0x01	0xb6	0x42
0x16af68e:	0xa2	0x01	0xf2	0xf1	0x9d	0x01	0x1a	0xf2
0x16af696:	0x9d	0x01	0x4c	0xff	0x9d	0x01	0x24	0xec
PHONE_RECORD_TAIL words:
0x16afbc2:	0x0000	0x0000	0x0000	0x0001	0x0000	0x0006	0x4100	0x6170
PHONE_RECORD_ENTRY call=26 dst=0x16afbca base=0x16afbc8 token=0x6675f8 arg4=6 arg5=5 arg8=21895423 dict=0x667420 ret=0x1000d3b5
0x6675f8:	"five"
0x667420:	0x80	0x00	0x21	0xcc	0x00	0x00	0x00	0x00
0x667428:	0x00	0x00	0x00	0x00	0x00	0x00	0x00	0x00
0x667430:	0x00	0x00	0x00	0x00	0x00	0x00	0x00	0x00
0x667438:	0x00	0x00	0x00	0x00	0x00	0x00	0x00	0x00
Temporary breakpoint 33 at 0x1000d3b5
PHONE_RECORD_RETURN call=26 count=0 token_index=6 status=0 boundary_marker=0xff source=0x16afbcf:	"five"
PHONE_RECORD_HEADER bytes:
0x16afbca:	0x00	0x00	0x06	0x00	0x00	0x66	0x69	0x76
0x16afbd2:	0x65	0x00	0x6d	0x65	0x6e	0x74	0x00	0xee
0x16afbda:	0xa1	0x01	0x4c	0x43	0xa2	0x01	0x3e	0x99
0x16afbe2:	0x9b	0x01	0x36	0xb2	0x99	0x01	0x7a	0x98
0x16afbea:	0x9c	0x01	0x2a	0xff	0x9d	0x01	0x3e	0xf6
PHONE_RECORD_TAIL words:
0x16b0116:	0x0000	0x0000	0x0000	0x0001	0x0000	0x0007	0x6600	0x756f
PHONE_RECORD_ENTRY call=27 dst=0x16b011e base=0x16b011c token=0x6675f8 arg4=7 arg5=6 arg8=21895423 dict=0x667420 ret=0x1000d3b5
0x6675f8:	"PM"
0x667420:	0x10	0x00	0x21	0xcc	0x00	0x00	0x00	0x00
0x667428:	0x00	0x00	0x00	0x00	0x00	0x00	0x00	0x00
0x667430:	0x00	0x00	0x00	0x00	0x00	0x00	0x00	0x00
0x667438:	0x00	0x00	0x00	0x00	0x00	0x00	0x00	0x00
Temporary breakpoint 34 at 0x1000d3b5
PHONE_RECORD_RETURN call=27 count=0 token_index=7 status=0 boundary_marker=0xff source=0x16b0123:	"PM"
PHONE_RECORD_HEADER bytes:
0x16b011e:	0x00	0x00	0x07	0x00	0x00	0x50	0x4d	0x00
0x16b0126:	0x72	0x00	0xbc	0xef	0x9e	0x01	0x9c	0x78
0x16b012e:	0x9a	0x01	0xa4	0xb2	0x99	0x01	0x02	0xf4
0x16b0136:	0x9a	0x01	0x56	0xc8	0x9f	0x01	0xc4	0x78
0x16b013e:	0x9a	0x01	0xba	0xff	0x9a	0x01	0xc6	0xef
PHONE_RECORD_TAIL words:
0x16b066a:	0x0000	0x0001	0x0000	0x0000	0x0001	0x0008	0x6100	0x646e
PHONE_RECORD_ENTRY call=28 dst=0x16b0672 base=0x16b0670 token=0x6675f8 arg4=8 arg5=7 arg8=21895423 dict=0x667420 ret=0x1000d3b5
0x6675f8:	"and"
0x667420:	0x01	0xbb	0x9f	0x00	0x00	0x00	0x00	0x00
0x667428:	0x00	0x00	0x00	0x00	0x00	0x00	0x00	0x00
0x667430:	0x00	0x00	0x00	0x00	0x00	0x00	0x00	0x00
0x667438:	0x00	0x00	0x00	0x00	0x00	0x00	0x00	0x00
Temporary breakpoint 35 at 0x1000d3b5
PHONE_RECORD_RETURN call=28 count=1 token_index=8 status=0 boundary_marker=0xff source=0x16b0677:	"and"
PHONE_RECORD_HEADER bytes:
0x16b0672:	0x01	0x00	0x08	0x00	0x00	0x61	0x6e	0x64
0x16b067a:	0x00	0x01	0xf2	0x63	0x9f	0x01	0x7a	0x8c
0x16b0682:	0x9e	0x01	0x88	0xf1	0x9e	0x01	0x5a	0x79
0x16b068a:	0x9a	0x01	0x12	0x06	0xa1	0x01	0x6a	0x99
0x16b0692:	0x9c	0x01	0x1a	0xff	0x9a	0x01	0xe4	0x92
PHONE_SLOT index=0 marker=0xff bytes:
0x16b06a9:	0x04	0x2d	0x15	0x00	0x3d	0xa0	0x01	0xac
0x16b06b1:	0x74	0x9d	0x01	0xce	0xa7	0x9d	0x01	0x28
0x16b06b9:	0xc9	0x9f	0x01	0x26	0x6b	0xa0	0x01	0x60
0x16b06c1:	0xcd	0x9a	0x01	0x14	0x44	0xa2	0x01	0x42
0x16b06c9:	0xf1	0x9e	0x01	0x16	0xcf	0x9c	0x01	0x4c
0x16b06d1:	0x99	0x9c	0x01	0xfe	0x6a	0xa0	0x01	0x1e
0x16b06d9:	0x44	0xa2	0x01	0x4c	0xf1	0x9e	0x01	0x1c
0x16b06e1:	0xc0	0xa0	0x01	0x92	0xf1	0x9e	0x01	0x28
0x16b06e9:	0x44
PHONE_RECORD_TAIL words:
0x16b0bbe:	0x0000	0x0000	0x0000	0x0000	0x0000	0x0009	0x4141	0x7470
PHONE_RECORD_ENTRY call=29 dst=0x16b0bc6 base=0x16b0bc4 token=0x6675f8 arg4=9 arg5=8 arg8=21895423 dict=0x667420 ret=0x1000d3b5
0x6675f8:	"five"
0x667420:	0x80	0x00	0x9f	0x00	0x00	0x00	0x00	0x00
0x667428:	0x00	0x00	0x00	0x00	0x00	0x00	0x00	0x00
0x667430:	0x00	0x00	0x00	0x00	0x00	0x00	0x00	0x00
0x667438:	0x00	0x00	0x00	0x00	0x00	0x00	0x00	0x00
Temporary breakpoint 36 at 0x1000d3b5
PHONE_RECORD_RETURN call=29 count=0 token_index=9 status=0 boundary_marker=0xff source=0x16b0bcb:	"five"
PHONE_RECORD_HEADER bytes:
0x16b0bc6:	0x00	0x00	0x09	0x00	0x00	0x66	0x69	0x76
0x16b0bce:	0x65	0x00	0xce	0x87	0x9f	0x01	0xc6	0x3e
0x16b0bd6:	0xa0	0x01	0xe0	0xf0	0xa1	0x01	0xf0	0x44
0x16b0bde:	0xa2	0x01	0x06	0x9f	0x9b	0x01	0x7c	0xf3
0x16b0be6:	0x9e	0x01	0x0e	0xff	0x9a	0x01	0x56	0x9f
PHONE_RECORD_TAIL words:
0x16b1112:	0x0000	0x0000	0x0000	0x0001	0x0000	0x000a	0x6600	0x756f
PHONE_RECORD_ENTRY call=30 dst=0x16b111a base=0x16b1118 token=0x6675f8 arg4=10 arg5=9 arg8=21895423 dict=0x667420 ret=0x1000d3b5
0x6675f8:	"PM."
0x667420:	0x00	0x00	0x9f	0x00	0x00	0x00	0x00	0x00
0x667428:	0x00	0x00	0x00	0x00	0x00	0x00	0x00	0x00
0x667430:	0x00	0x00	0x00	0x00	0x00	0x00	0x00	0x00
0x667438:	0x00	0x00	0x00	0x00	0x00	0x00	0x00	0x00
Temporary breakpoint 37 at 0x1000d3b5
PHONE_RECORD_RETURN call=30 count=0 token_index=10 status=0 boundary_marker=0xff source=0x16b111f:	"PM."
PHONE_RECORD_HEADER bytes:
0x16b111a:	0x00	0x00	0x0a	0x00	0x00	0x50	0x4d	0x2e
0x16b1122:	0x00	0x00	0xf6	0x9f	0x9b	0x01	0x72	0x2a
0x16b112a:	0x9a	0x01	0xbc	0xfa	0x9d	0x01	0xa0	0x8e
0x16b1132:	0x9e	0x01	0x18	0xb4	0xa1	0x01	0xea	0xcd
0x16b113a:	0xa1	0x01	0x34	0xff	0xa1	0x01	0x78	0x9a
PHONE_RECORD_TAIL words:
0x16b1666:	0x0000	0x0000	0x0000	0x0000	0x0000	0x000a	0x2e00	0xcf00
[Inferior 1 (Remote target) exited normally]
Wine-gdb>
