Wine-gdb> Wine-gdb> Breakpoint 1 at 0x1000d450
Wine-gdb> >>>>>>>>>>>>>>> > > > > > > >  >  >  >  > > > > >>>Wine-gdb> Wine-gdb> Breakpoint 2 at 0x10060e50
Wine-gdb> >>>>>>>>>> > > > > >>>Wine-gdb> Wine-gdb> Breakpoint 3 at 0x1005fa60
Wine-gdb> >>>>>>>>> > > > > >>>Wine-gdb> Wine-gdb> Breakpoint 4 at 0x10039d50
Wine-gdb> >>>>>>>> > > > > >>>Wine-gdb> Wine-gdb> Breakpoint 5 at 0x1000fd70
Wine-gdb> >>>>>>>> > > > > >>>Wine-gdb> Wine-gdb> Continuing.
WORD_ENCODE_ENTRY word=
0x667618:	"a"
Temporary breakpoint 6 at 0x10003a8f
WORD_ENCODE_RETURN bytes=
0x6673f8:	0x61	0x00	0x00	0x00	0x61	0x70	0x74	0x00
0x667400:	0x00	0x00	0x00	0x00	0x00	0x00	0x00	0x00
0x667408:	0x00	0x00	0x00	0x00	0x38	0x76	0x66	0x00
0x667410:	0x70	0x76	0x66	0x00	0xd6	0xd2	0x00	0x10
PHONE_RECORD_ENTRY call=1 dst=0x16adbd2 base=0x16adbd0 token=0x667618 arg4=0 arg5=-1 arg8=21895423 dict=0x667440 ret=0x1000d3b5
0x667618:	"a"
0x667440:	0x02	0x12	0x14	0x15	0x7c	0xd5	0xff	0x0b
0x667448:	0x7c	0xbe	0x00	0x00	0x00	0x00	0x00	0x00
0x667450:	0x00	0x00	0x00	0x00	0x00	0x00	0x00	0x00
0x667458:	0x00	0x00	0x00	0x00	0x00	0x00	0x00	0x00
Temporary breakpoint 7 at 0x1000d3b5
PHONE_RECORD_RETURN call=1 count=2 token_index=0 status=0 boundary_marker=0x11 source=0x16adbd7:	"a"
PHONE_RECORD_HEADER bytes:
0x16adbd2:	0x02	0x00	0x00	0x00	0x00	0x61	0x00	0x5e
0x16adbda:	0xa1	0x01	0x94	0xf0	0x9d	0x01	0x10	0xcb
0x16adbe2:	0x9c	0x01	0x30	0xf0	0x9d	0x01	0x3a	0xf0
0x16adbea:	0x9d	0x01	0x4a	0x85	0x9e	0x01	0x78	0x69
0x16adbf2:	0xa0	0x01	0x54	0x11	0x13	0x14	0x64	0x0a
PHONE_SLOT index=0 marker=0x11 bytes:
0x16adc09:	0x1e	0x00	0x01	0xa0	0xc4	0x9f	0x01	0xc6
0x16adc11:	0x80	0x9f	0x01	0xd0	0xea	0x9e	0x01	0x4c
0x16adc19:	0x03	0xa1	0x01	0x38	0xf0	0x9a	0x01	0xaa
0x16adc21:	0xc4	0x9f	0x01	0xd0	0x80	0x9f	0x01	0x16
0x16adc29:	0x42	0xa2	0x01	0x5a	0x2b	0xa2	0x01	0x24
0x16adc31:	0xf0	0x9a	0x01	0x2e	0xf0	0x9a	0x01	0x64
0x16adc39:	0x2b	0xa2	0x01	0x94	0x05	0x9d	0x01	0x76
0x16adc41:	0xf0	0x9d	0x01	0xd0	0x93	0x9b	0x01	0x24
0x16adc49:	0xcb
PHONE_SLOT index=1 marker=0x13 bytes:
0x16adc4a:	0x07	0x00	0xda	0x80	0x9f	0x01	0x3c	0x74
0x16adc52:	0x9a	0x01	0x98	0x50	0x99	0x01	0xda	0xea
0x16adc5a:	0x9e	0x01	0x56	0x03	0xa1	0x01	0x46	0x5e
0x16adc62:	0xa1	0x01	0x20	0x42	0xa2	0x01	0x78	0x2b
0x16adc6a:	0xa2	0x01	0x42	0xf0	0x9a	0x01	0x9a	0xad
0x16adc72:	0x99	0x01	0xc6	0x93	0x9b	0x01	0xa4	0xad
0x16adc7a:	0x99	0x01	0xae	0xad	0x99	0x01	0x9e	0x05
0x16adc82:	0x9d	0x01	0x8e	0xca	0xa1	0x01	0x1a	0xb2
0x16adc8a:	0xa1
PHONE_RECORD_TAIL words:
0x16ae11e:	0x0000	0x0000	0x0000	0x0000	0x019f	0xeab2	0x019e	0x740a
WORD_ENCODE_ENTRY word=
0x667618:	"an"
Temporary breakpoint 8 at 0x10003a8f
WORD_ENCODE_RETURN bytes=
0x6673f8:	0x88	0x00	0x00	0x00	0x61	0x70	0x74	0x00
0x667400:	0x00	0x00	0x00	0x00	0x70	0x76	0x66	0x00
0x667408:	0xb5	0xd3	0x00	0x10	0x38	0x76	0x66	0x00
0x667410:	0x70	0x76	0x66	0x00	0xd6	0xd2	0x00	0x10
PHONE_RECORD_ENTRY call=2 dst=0x16ae126 base=0x16ae124 token=0x667618 arg4=1 arg5=0 arg8=21895423 dict=0x667440 ret=0x1000d3b5
0x667618:	"an"
0x667440:	0x09	0xbb	0xe4	0x00	0x7c	0xd5	0xff	0x0b
0x667448:	0x7c	0xbe	0x00	0x00	0x00	0x00	0x00	0x00
0x667450:	0x00	0x00	0x00	0x00	0x00	0x00	0x00	0x00
0x667458:	0x00	0x00	0x00	0x00	0x00	0x00	0x00	0x00
Temporary breakpoint 9 at 0x1000d3b5
PHONE_RECORD_RETURN call=2 count=1 token_index=1 status=0x41 boundary_marker=0xff source=0x16ae12b:	"an"
PHONE_RECORD_HEADER bytes:
0x16ae126:	0x01	0x00	0x01	0x00	0x41	0x61	0x6e	0x00
0x16ae12e:	0x9a	0x01	0x14	0x74	0x9a	0x01	0x70	0xca
0x16ae136:	0xa1	0x01	0x3c	0x5e	0xa1	0x01	0xb2	0x80
0x16ae13e:	0x9f	0x01	0x8c	0x69	0xa0	0x01	0x70	0xa1
0x16ae146:	0x9d	0x01	0x9e	0xff	0x9b	0x01	0xbc	0xea
PHONE_SLOT index=0 marker=0xff bytes:
0x16ae15d:	0x04	0x2d	0x00	0x70	0x27	0x9a	0x01	0xd0
0x16ae165:	0x05	0x9d	0x01	0xc2	0xad	0x99	0x01	0xa0
0x16ae16d:	0x69	0xa0	0x01	0xf8	0x80	0x9f	0x01	0x7a
0x16ae175:	0x94	0x9b	0x01	0x20	0x06	0x9d	0x01	0x96
0x16ae17d:	0x74	0x9a	0x01	0xe8	0xa1	0x9d	0x01	0x02
0x16ae185:	0x98	0xa1	0x01	0x3a	0xae	0x99	0x01	0x2a
0x16ae18d:	0x06	0x9d	0x01	0xa0	0x74	0x9a	0x01	0x0c
0x16ae195:	0x98	0xa1	0x01	0xf2	0xa1	0x9d	0x01	0x44
0x16ae19d:	0xae
PHONE_RECORD_TAIL words:
0x16ae672:	0x0000	0x0000	0x0000	0x0000	0x019a	0x8242	0x019f	0x736c
WORD_ENCODE_ENTRY word=
0x667618:	"the"
Temporary breakpoint 10 at 0x10003a8f
WORD_ENCODE_RETURN bytes=
0x6673f8:	0xf4	0x65	0x00	0x00	0x61	0x70	0x74	0x00
0x667400:	0x00	0x00	0x00	0x00	0x70	0x76	0x66	0x00
0x667408:	0xb5	0xd3	0x00	0x10	0x38	0x76	0x66	0x00
0x667410:	0x70	0x76	0x66	0x00	0xd6	0xd2	0x00	0x10
PHONE_RECORD_ENTRY call=3 dst=0x16ae67a base=0x16ae678 token=0x667618 arg4=2 arg5=1 arg8=21895423 dict=0x667440 ret=0x1000d3b5
0x667618:	"the"
0x667440:	0x01	0xcd	0xbe	0x00	0x7c	0xd5	0xff	0x0b
0x667448:	0x7c	0xbe	0x00	0x00	0x00	0x00	0x00	0x00
0x667450:	0x00	0x00	0x00	0x00	0x00	0x00	0x00	0x00
0x667458:	0x00	0x00	0x00	0x00	0x00	0x00	0x00	0x00
Temporary breakpoint 11 at 0x1000d3b5
PHONE_RECORD_RETURN call=3 count=1 token_index=2 status=0 boundary_marker=0xff source=0x16ae67f:	"the"
PHONE_RECORD_HEADER bytes:
0x16ae67a:	0x01	0x00	0x02	0x00	0x00	0x74	0x68	0x65
0x16ae682:	0x00	0x01	0xd4	0x52	0x9c	0x01	0xa8	0x73
0x16ae68a:	0x9d	0x01	0x70	0x63	0x9f	0x01	0xde	0x06
0x16ae692:	0x9d	0x01	0x1a	0xb0	0x99	0x01	0xdc	0x96
0x16ae69a:	0x9b	0x01	0xaa	0xff	0x9c	0x01	0x28	0xf3
PHONE_SLOT index=0 marker=0xff bytes:
0x16ae6b1:	0x16	0x07	0x00	0x24	0x82	0x9f	0x01	0x4c
0x16ae6b9:	0xb0	0x99	0x01	0x04	0x97	0x9b	0x01	0x50
0x16ae6c1:	0xf3	0x9d	0x01	0xec	0xec	0x9e	0x01	0xbe
0x16ae6c9:	0xcc	0x9c	0x01	0x40	0xf2	0x9a	0x01	0x64
0x16ae6d1:	0x04	0xa1	0x01	0x54	0x5f	0xa1	0x01	0xc6
0x16ae6d9:	0x76	0x9a	0x01	0x04	0xa4	0x9d	0x01	0x76
0x16ae6e1:	0x73	0x9d	0x01	0x4c	0x82	0x9f	0x01	0x18
0x16ae6e9:	0x97	0x9b	0x01	0x00	0xed	0x9e	0x01	0xee
0x16ae6f1:	0x76
PHONE_RECORD_TAIL words:
0x16aebc6:	0x0000	0x0000	0x0000	0x0000	0x01a1	0xedaa	0x019e	0xf47c
WORD_ENCODE_ENTRY word=
0x667618:	"doctor"
Temporary breakpoint 12 at 0x10003a8f
WORD_ENCODE_RETURN bytes=
0x6673f8:	0x64	0xd1	0xf6	0x72	0x00	0x70	0x74	0x00
0x667400:	0x00	0x00	0x00	0x00	0x70	0x76	0x66	0x00
0x667408:	0xb5	0xd3	0x00	0x10	0x38	0x76	0x66	0x00
0x667410:	0x70	0x76	0x66	0x00	0xd6	0xd2	0x00	0x10
PHONE_RECORD_ENTRY call=4 dst=0x16aebce base=0x16aebcc token=0x667618 arg4=3 arg5=2 arg8=21895423 dict=0x667440 ret=0x1000d3b5
0x667618:	"doctor"
0x667440:	0xb0	0x00	0xbe	0x00	0x7c	0xd5	0xff	0x0b
0x667448:	0x7c	0xbe	0x00	0x00	0x00	0x00	0x00	0x00
0x667450:	0x00	0x00	0x00	0x00	0x00	0x00	0x00	0x00
0x667458:	0x00	0x00	0x00	0x00	0x00	0x00	0x00	0x00
Temporary breakpoint 13 at 0x1000d3b5
PHONE_RECORD_RETURN call=4 count=0 token_index=3 status=0 boundary_marker=0xff source=0x16aebd3:	"doctor"
PHONE_RECORD_HEADER bytes:
0x16aebce:	0x00	0x00	0x03	0x00	0x00	0x64	0x6f	0x63
0x16aebd6:	0x74	0x6f	0x72	0x00	0x9c	0x01	0x7e	0x88
0x16aebde:	0x9e	0x01	0xfe	0xf2	0x9a	0x01	0xea	0x5f
0x16aebe6:	0xa1	0x01	0xce	0xb2	0xa1	0x01	0x0c	0x9e
0x16aebee:	0xa0	0x01	0x98	0xff	0x9a	0x01	0x98	0xc7
PHONE_RECORD_TAIL words:
0x16af11a:	0x0000	0x0001	0x0001	0x0001	0x019f	0x3ae8	0x01a0	0xaf34
WORD_ENCODE_ENTRY word=
0x667618:	"Drive"
Temporary breakpoint 14 at 0x10003a8f
WORD_ENCODE_RETURN bytes=
0x6673f8:	0x64	0xe4	0xfe	0x00	0x00	0x70	0x74	0x00
0x667400:	0x00	0x00	0x00	0x00	0x70	0x76	0x66	0x00
0x667408:	0xb5	0xd3	0x00	0x10	0x38	0x76	0x66	0x00
0x667410:	0x70	0x76	0x66	0x00	0xd6	0xd2	0x00	0x10
PHONE_RECORD_ENTRY call=5 dst=0x16af122 base=0x16af120 token=0x667618 arg4=4 arg5=3 arg8=21895423 dict=0x667440 ret=0x1000d3b5
0x667618:	"Drive"
0x667440:	0x90	0x00	0xbe	0x00	0x7c	0xd5	0xff	0x0b
0x667448:	0x7c	0xbe	0x00	0x00	0x00	0x00	0x00	0x00
0x667450:	0x00	0x00	0x00	0x00	0x00	0x00	0x00	0x00
0x667458:	0x00	0x00	0x00	0x00	0x00	0x00	0x00	0x00
Temporary breakpoint 15 at 0x1000d3b5
PHONE_RECORD_RETURN call=5 count=0 token_index=4 status=0 boundary_marker=0xff source=0x16af127:	"Drive"
PHONE_RECORD_HEADER bytes:
0x16af122:	0x00	0x00	0x04	0x00	0x00	0x44	0x72	0x69
0x16af12a:	0x76	0x65	0x00	0x95	0x9b	0x01	0xb0	0xf0
0x16af132:	0x9a	0x01	0x04	0x96	0x9c	0x01	0xcc	0xc5
0x16af13a:	0x9f	0x01	0x1c	0xec	0xa1	0x01	0x3e	0xaf
0x16af142:	0x99	0x01	0x74	0xff	0x9b	0x01	0xf2	0xeb
PHONE_RECORD_TAIL words:
0x16af66e:	0x0000	0x0001	0x0000	0x0001	0x019f	0x528e	0x019c	0xcc16
WORD_ENCODE_ENTRY word=
0x667618:	"street"
Temporary breakpoint 16 at 0x10003a8f
WORD_ENCODE_RETURN bytes=
0x6673f8:	0xf0	0xe3	0xa6	0x00	0x00	0x70	0x74	0x00
0x667400:	0x00	0x00	0x00	0x00	0x70	0x76	0x66	0x00
0x667408:	0xb5	0xd3	0x00	0x10	0x38	0x76	0x66	0x00
0x667410:	0x70	0x76	0x66	0x00	0xd6	0xd2	0x00	0x10
PHONE_RECORD_ENTRY call=6 dst=0x16af676 base=0x16af674 token=0x667618 arg4=5 arg5=4 arg8=21895423 dict=0x667440 ret=0x1000d3b5
0x667618:	"street"
0x667440:	0x71	0xb0	0x71	0xf0	0x00	0xd5	0xff	0x0b
0x667448:	0x7c	0xbe	0x00	0x00	0x00	0x00	0x00	0x00
0x667450:	0x00	0x00	0x00	0x00	0x00	0x00	0x00	0x00
0x667458:	0x00	0x00	0x00	0x00	0x00	0x00	0x00	0x00
Temporary breakpoint 17 at 0x1000d3b5
PHONE_RECORD_RETURN call=6 count=1 token_index=5 status=0 boundary_marker=0xff source=0x16af67b:	"street"
PHONE_RECORD_HEADER bytes:
0x16af676:	0x01	0x00	0x05	0x00	0x00	0x73	0x74	0x72
0x16af67e:	0x65	0x65	0x74	0x00	0xa0	0x01	0xe6	0x69
0x16af686:	0xa0	0x01	0x28	0xa3	0x9d	0x01	0xb6	0x42
0x16af68e:	0xa2	0x01	0xf2	0xf1	0x9d	0x01	0x1a	0xf2
0x16af696:	0x9d	0x01	0x4c	0xff	0x9d	0x01	0x24	0xec
PHONE_SLOT index=0 marker=0xff bytes:
0x16af6ad:	0x37	0x39	0x36	0x27	0x39	0x00	0x01	0x88
0x16af6b5:	0xf2	0x9d	0x01	0x42	0xec	0x9e	0x01	0x06
0x16af6bd:	0xcb	0xa1	0x01	0x14	0xa3	0x9d	0x01	0x70
0x16af6c5:	0x52	0x9c	0x01	0xfc	0xf1	0x9d	0x01	0x00
0x16af6cd:	0x96	0x9b	0x01	0x24	0xf2	0x9d	0x01	0xcc
0x16af6d5:	0x75	0x9a	0x01	0x1e	0x96	0x9b	0x01	0xe4
0x16af6dd:	0x86	0x9e	0x01	0x56	0xf2	0x9d	0x01	0x2e
0x16af6e5:	0xec	0x9e	0x01	0xde	0xca	0xa1	0x01	0x46
0x16af6ed:	0xf1
PHONE_RECORD_TAIL words:
0x16afbc2:	0x0001	0x0001	0x0001	0x0000	0x019d	0x42a8	0x01a1	0xf634
WORD_ENCODE_ENTRY word=
0x667618:	"st"
Temporary breakpoint 18 at 0x10003a8f
WORD_ENCODE_RETURN bytes=
0x6673f8:	0xf0	0x00	0x00	0x00	0x00	0x70	0x74	0x00
0x667400:	0x00	0x00	0x00	0x00	0x70	0x76	0x66	0x00
0x667408:	0xb5	0xd3	0x00	0x10	0x38	0x76	0x66	0x00
0x667410:	0x70	0x76	0x66	0x00	0xd6	0xd2	0x00	0x10
PHONE_RECORD_ENTRY call=7 dst=0x16afbca base=0x16afbc8 token=0x667618 arg4=6 arg5=5 arg8=21895423 dict=0x667440 ret=0x1000d3b5
0x667618:	"st"
0x667440:	0x70	0x00	0x71	0xf0	0x00	0xd5	0xff	0x0b
0x667448:	0x7c	0xbe	0x00	0x00	0x00	0x00	0x00	0x00
0x667450:	0x00	0x00	0x00	0x00	0x00	0x00	0x00	0x00
0x667458:	0x00	0x00	0x00	0x00	0x00	0x00	0x00	0x00
Temporary breakpoint 19 at 0x1000d3b5
PHONE_RECORD_RETURN call=7 count=0 token_index=6 status=0 boundary_marker=0xff source=0x16afbcf:	"st"
PHONE_RECORD_HEADER bytes:
0x16afbca:	0x00	0x00	0x06	0x00	0x00	0x73	0x74	0x00
0x16afbd2:	0x9d	0x01	0x46	0xb3	0xa1	0x01	0x42	0xee
0x16afbda:	0xa1	0x01	0x4c	0x43	0xa2	0x01	0x3e	0x99
0x16afbe2:	0x9b	0x01	0x36	0xb2	0x99	0x01	0x7a	0x98
0x16afbea:	0x9c	0x01	0x2a	0xff	0x9d	0x01	0x3e	0xf6
PHONE_RECORD_TAIL words:
0x16b0116:	0x0001	0x0001	0x0001	0x0000	0x019a	0x0800	0x019d	0x99b6
WORD_ENCODE_ENTRY word=
0x667618:	"apartment"
Temporary breakpoint 20 at 0x10003a8f
WORD_ENCODE_RETURN bytes=
0x6673f8:	0x89	0x8a	0x74	0xc5	0xd0	0x00	0x00	0x00
0x667400:	0x00	0x00	0x00	0x00	0x70	0x76	0x66	0x00
0x667408:	0xb5	0xd3	0x00	0x10	0x38	0x76	0x66	0x00
0x667410:	0x70	0x76	0x66	0x00	0xd6	0xd2	0x00	0x10
PHONE_RECORD_ENTRY call=8 dst=0x16b011e base=0x16b011c token=0x667618 arg4=7 arg5=6 arg8=21895423 dict=0x667440 ret=0x1000d3b5
0x667618:	"apartment"
0x667440:	0xb0	0x00	0x71	0xf0	0x00	0xd5	0xff	0x0b
0x667448:	0x7c	0xbe	0x00	0x00	0x00	0x00	0x00	0x00
0x667450:	0x00	0x00	0x00	0x00	0x00	0x00	0x00	0x00
0x667458:	0x00	0x00	0x00	0x00	0x00	0x00	0x00	0x00
Temporary breakpoint 21 at 0x1000d3b5
PHONE_RECORD_RETURN call=8 count=0 token_index=7 status=0 boundary_marker=0xff source=0x16b0123:	"apartment"
PHONE_RECORD_HEADER bytes:
0x16b011e:	0x00	0x00	0x07	0x00	0x00	0x61	0x70	0x61
0x16b0126:	0x72	0x74	0x6d	0x65	0x6e	0x74	0x00	0x78
0x16b012e:	0x9a	0x01	0xa4	0xb2	0x99	0x01	0x02	0xf4
0x16b0136:	0x9a	0x01	0x56	0xc8	0x9f	0x01	0xc4	0x78
0x16b013e:	0x9a	0x01	0xba	0xff	0x9a	0x01	0xc6	0xef
PHONE_RECORD_TAIL words:
0x16b066a:	0x0000	0x0001	0x0001	0x0001	0x019b	0xb3c6	0x0199	0xf81e
WORD_ENCODE_ENTRY word=
0x667618:	"apt"
Temporary breakpoint 22 at 0x10003a8f
WORD_ENCODE_RETURN bytes=
0x6673f8:	0x89	0x74	0x00	0xc5	0xd0	0x00	0x00	0x00
0x667400:	0x00	0x00	0x00	0x00	0x70	0x76	0x66	0x00
0x667408:	0xb5	0xd3	0x00	0x10	0x38	0x76	0x66	0x00
0x667410:	0x70	0x76	0x66	0x00	0xd6	0xd2	0x00	0x10
PHONE_RECORD_ENTRY call=9 dst=0x16b0672 base=0x16b0670 token=0x667618 arg4=8 arg5=7 arg8=21895423 dict=0x667440 ret=0x1000d3b5
0x667618:	"apt"
0x667440:	0x88	0x00	0x71	0xf0	0x00	0xd5	0xff	0x0b
0x667448:	0x7c	0xbe	0x00	0x00	0x00	0x00	0x00	0x00
0x667450:	0x00	0x00	0x00	0x00	0x00	0x00	0x00	0x00
0x667458:	0x00	0x00	0x00	0x00	0x00	0x00	0x00	0x00
Temporary breakpoint 23 at 0x1000d3b5
PHONE_RECORD_RETURN call=9 count=0 token_index=8 status=0x41 boundary_marker=0xff source=0x16b0677:	"apt"
PHONE_RECORD_HEADER bytes:
0x16b0672:	0x00	0x00	0x08	0x00	0x41	0x61	0x70	0x74
0x16b067a:	0x00	0x01	0xf2	0x63	0x9f	0x01	0x7a	0x8c
0x16b0682:	0x9e	0x01	0x88	0xf1	0x9e	0x01	0x5a	0x79
0x16b068a:	0x9a	0x01	0x12	0x06	0xa1	0x01	0x6a	0x99
0x16b0692:	0x9c	0x01	0x1a	0xff	0x9a	0x01	0xe4	0x92
PHONE_RECORD_TAIL words:
0x16b0bbe:	0x0000	0x0000	0x0000	0x0001	0x019c	0x3e9e	0x01a0	0x06da
WORD_ENCODE_ENTRY word=
0x667618:	"."
Temporary breakpoint 24 at 0x10003a8f
WORD_ENCODE_RETURN bytes=
0x6673f8:	0x2e	0x00	0x00	0xc5	0xd0	0x00	0x00	0x00
0x667400:	0x00	0x00	0x00	0x00	0x70	0x76	0x66	0x00
0x667408:	0xb5	0xd3	0x00	0x10	0x38	0x76	0x66	0x00
0x667410:	0x70	0x76	0x66	0x00	0xd6	0xd2	0x00	0x10
PHONE_RECORD_ENTRY call=10 dst=0x16b0bc6 base=0x16b0bc4 token=0x667618 arg4=8 arg5=8 arg8=21895423 dict=0x667440 ret=0x1000d3b5
0x667618:	"."
0x667440:	0x00	0x00	0x71	0xf0	0x00	0xd5	0xff	0x0b
0x667448:	0x7c	0xbe	0x00	0x00	0x00	0x00	0x00	0x00
0x667450:	0x00	0x00	0x00	0x00	0x00	0x00	0x00	0x00
0x667458:	0x00	0x00	0x00	0x00	0x00	0x00	0x00	0x00
Temporary breakpoint 25 at 0x1000d3b5
PHONE_RECORD_RETURN call=10 count=0 token_index=8 status=0 boundary_marker=0xff source=0x16b0bcb:	"."
PHONE_RECORD_HEADER bytes:
0x16b0bc6:	0x00	0x00	0x08	0x00	0x00	0x2e	0x00	0x06
0x16b0bce:	0xa1	0x01	0xce	0x87	0x9f	0x01	0xc6	0x3e
0x16b0bd6:	0xa0	0x01	0xe0	0xf0	0xa1	0x01	0xf0	0x44
0x16b0bde:	0xa2	0x01	0x06	0x9f	0x9b	0x01	0x7c	0xf3
0x16b0be6:	0x9e	0x01	0x0e	0xff	0x9a	0x01	0x56	0x9f
PHONE_RECORD_TAIL words:
0x16b1112:	0x0000	0x0000	0x0000	0x0000	0x019b	0xcb8a	0x019f	0xc0ee
WORD_ENCODE_ENTRY word=
0x667598:	"a"
Temporary breakpoint 26 at 0x10003bc6
WORD_ENCODE_RETURN bytes=
0x667428:	0x61	0x00	0x4e	0x01	0xd4	0x75	0x66	0x00
0x667430:	0x01	0x00	0x00	0x00	0x09	0x00	0x00	0x00
0x667438:	0xd0	0xdb	0x6a	0x01	0x4c	0x18	0x4e	0x01
0x667440:	0x00	0x00	0x71	0xf0	0x00	0xd5	0xff	0x0b
WORD_ENCODE_ENTRY word=
0x667598:	"a-an"
Temporary breakpoint 27 at 0x10003bc6
WORD_ENCODE_RETURN bytes=
0x667428:	0x61	0x2d	0x88	0x00	0x00	0x75	0x66	0x00
0x667430:	0x01	0x00	0x00	0x00	0x09	0x00	0x00	0x00
0x667438:	0xd0	0xdb	0x6a	0x01	0x4c	0x18	0x4e	0x01
0x667440:	0x00	0x00	0x71	0xf0	0x00	0xd5	0xff	0x0b
WORD_ENCODE_ENTRY word=
0x667598:	"a-an-the"
Temporary breakpoint 28 at 0x10003bc6
WORD_ENCODE_RETURN bytes=
0x667428:	0x61	0x2d	0x88	0x2d	0xf4	0x65	0x00	0x00
0x667430:	0x01	0x00	0x00	0x00	0x09	0x00	0x00	0x00
0x667438:	0xd0	0xdb	0x6a	0x01	0x4c	0x18	0x4e	0x01
0x667440:	0x00	0x00	0x71	0xf0	0x00	0xd5	0xff	0x0b
WORD_ENCODE_ENTRY word=
0x667598:	"a-an-the-doctor"
Temporary breakpoint 29 at 0x10003bc6
WORD_ENCODE_RETURN bytes=
0x667428:	0x61	0x2d	0x88	0x2d	0xf4	0x65	0x2d	0x64
0x667430:	0xd1	0xf6	0x72	0x00	0x09	0x00	0x00	0x00
0x667438:	0xd0	0xdb	0x6a	0x01	0x4c	0x18	0x4e	0x01
0x667440:	0x00	0x00	0x71	0xf0	0x00	0xd5	0xff	0x0b
WORD_ENCODE_ENTRY word=
0x667598:	"an"
Temporary breakpoint 30 at 0x10003bc6
WORD_ENCODE_RETURN bytes=
0x667428:	0x88	0x00	0x00	0x2d	0xf4	0x65	0x2d	0x64
0x667430:	0xd1	0xf6	0x72	0x00	0x09	0x00	0x00	0x00
0x667438:	0xd0	0xdb	0x6a	0x01	0x4c	0x18	0x4e	0x01
0x667440:	0x00	0x00	0x71	0xf0	0x00	0xd5	0xff	0x0b
WORD_ENCODE_ENTRY word=
0x667598:	"an-the"
Temporary breakpoint 31 at 0x10003bc6
WORD_ENCODE_RETURN bytes=
0x667428:	0x88	0x2d	0xf4	0x65	0x00	0x65	0x2d	0x64
0x667430:	0xd1	0xf6	0x72	0x00	0x09	0x00	0x00	0x00
0x667438:	0xd0	0xdb	0x6a	0x01	0x4c	0x18	0x4e	0x01
0x667440:	0x00	0x00	0x71	0xf0	0x00	0xd5	0xff	0x0b
WORD_ENCODE_ENTRY word=
0x667598:	"an-the-doctor"
Temporary breakpoint 32 at 0x10003bc6
WORD_ENCODE_RETURN bytes=
0x667428:	0x88	0x2d	0xf4	0x65	0x2d	0x64	0xd1	0xf6
0x667430:	0x72	0x00	0x72	0x00	0x09	0x00	0x00	0x00
0x667438:	0xd0	0xdb	0x6a	0x01	0x4c	0x18	0x4e	0x01
0x667440:	0x00	0x00	0x71	0xf0	0x00	0xd5	0xff	0x0b
WORD_ENCODE_ENTRY word=
0x667598:	"an-the-doctor-Drive"
Temporary breakpoint 33 at 0x10003bc6
WORD_ENCODE_RETURN bytes=
0x667428:	0x88	0x2d	0xf4	0x65	0x2d	0x64	0xd1	0xf6
0x667430:	0x72	0x2d	0x64	0xe4	0xfe	0x00	0x00	0x00
0x667438:	0xd0	0xdb	0x6a	0x01	0x4c	0x18	0x4e	0x01
0x667440:	0x00	0x00	0x71	0xf0	0x00	0xd5	0xff	0x0b
WORD_ENCODE_ENTRY word=
0x667598:	"the"
Temporary breakpoint 34 at 0x10003bc6
WORD_ENCODE_RETURN bytes=
0x667428:	0xf4	0x65	0x00	0x65	0x2d	0x64	0xd1	0xf6
0x667430:	0x72	0x2d	0x64	0xe4	0xfe	0x00	0x00	0x00
0x667438:	0xd0	0xdb	0x6a	0x01	0x4c	0x18	0x4e	0x01
0x667440:	0x00	0x00	0x71	0xf0	0x00	0xd5	0xff	0x0b
WORD_ENCODE_ENTRY word=
0x667598:	"the-doctor"
Temporary breakpoint 35 at 0x10003bc6
WORD_ENCODE_RETURN bytes=
0x667428:	0xf4	0x65	0x2d	0x64	0xd1	0xf6	0x72	0x00
0x667430:	0x72	0x2d	0x64	0xe4	0xfe	0x00	0x00	0x00
0x667438:	0xd0	0xdb	0x6a	0x01	0x4c	0x18	0x4e	0x01
0x667440:	0x00	0x00	0x71	0xf0	0x00	0xd5	0xff	0x0b
WORD_ENCODE_ENTRY word=
0x667598:	"the-doctor-Drive"
Temporary breakpoint 36 at 0x10003bc6
WORD_ENCODE_RETURN bytes=
0x667428:	0xf4	0x65	0x2d	0x64	0xd1	0xf6	0x72	0x2d
0x667430:	0x64	0xe4	0xfe	0x00	0x00	0x00	0x00	0x00
0x667438:	0xd0	0xdb	0x6a	0x01	0x4c	0x18	0x4e	0x01
0x667440:	0x00	0x00	0x71	0xf0	0x00	0xd5	0xff	0x0b
WORD_ENCODE_ENTRY word=
0x667598:	"the-doctor-Drive-street"
Temporary breakpoint 37 at 0x10003bc6
WORD_ENCODE_RETURN bytes=
0x667428:	0xf4	0x65	0x2d	0x64	0xd1	0xf6	0x72	0x2d
0x667430:	0x64	0xe4	0xfe	0x2d	0xf0	0xe3	0xa6	0x00
0x667438:	0x00	0xdb	0x6a	0x01	0x4c	0x18	0x4e	0x01
0x667440:	0x00	0x00	0x71	0xf0	0x00	0xd5	0xff	0x0b
WORD_ENCODE_ENTRY word=
0x667598:	"doctor"
Temporary breakpoint 38 at 0x10003bc6
WORD_ENCODE_RETURN bytes=
0x667428:	0x64	0xd1	0xf6	0x72	0x00	0xf6	0x72	0x2d
0x667430:	0x64	0xe4	0xfe	0x2d	0xf0	0xe3	0xa6	0x00
0x667438:	0x00	0xdb	0x6a	0x01	0x4c	0x18	0x4e	0x01
0x667440:	0x00	0x00	0x71	0xf0	0x00	0xd5	0xff	0x0b
WORD_ENCODE_ENTRY word=
0x667598:	"doctor-Drive"
Temporary breakpoint 39 at 0x10003bc6
WORD_ENCODE_RETURN bytes=
0x667428:	0x64	0xd1	0xf6	0x72	0x2d	0x64	0xe4	0xfe
0x667430:	0x00	0x00	0xfe	0x2d	0xf0	0xe3	0xa6	0x00
0x667438:	0x00	0xdb	0x6a	0x01	0x4c	0x18	0x4e	0x01
0x667440:	0x00	0x00	0x71	0xf0	0x00	0xd5	0xff	0x0b
WORD_ENCODE_ENTRY word=
0x667598:	"doctor-Drive-street"
Temporary breakpoint 40 at 0x10003bc6
WORD_ENCODE_RETURN bytes=
0x667428:	0x64	0xd1	0xf6	0x72	0x2d	0x64	0xe4	0xfe
0x667430:	0x2d	0xf0	0xe3	0xa6	0x00	0x00	0xa6	0x00
0x667438:	0x00	0xdb	0x6a	0x01	0x4c	0x18	0x4e	0x01
0x667440:	0x00	0x00	0x71	0xf0	0x00	0xd5	0xff	0x0b
WORD_ENCODE_ENTRY word=
0x667598:	"doctor-Drive-street-st"
Temporary breakpoint 41 at 0x10003bc6
WORD_ENCODE_RETURN bytes=
0x667428:	0x64	0xd1	0xf6	0x72	0x2d	0x64	0xe4	0xfe
0x667430:	0x2d	0xf0	0xe3	0xa6	0x2d	0xf0	0x00	0x00
0x667438:	0x00	0xdb	0x6a	0x01	0x4c	0x18	0x4e	0x01
0x667440:	0x00	0x00	0x71	0xf0	0x00	0xd5	0xff	0x0b
WORD_ENCODE_ENTRY word=
0x667598:	"Drive"
Temporary breakpoint 42 at 0x10003bc6
WORD_ENCODE_RETURN bytes=
0x667428:	0x64	0xe4	0xfe	0x00	0x00	0x64	0xe4	0xfe
0x667430:	0x2d	0xf0	0xe3	0xa6	0x2d	0xf0	0x00	0x00
0x667438:	0x00	0xdb	0x6a	0x01	0x4c	0x18	0x4e	0x01
0x667440:	0x00	0x00	0x71	0xf0	0x00	0xd5	0xff	0x0b
WORD_ENCODE_ENTRY word=
0x667598:	"Drive-street"
Temporary breakpoint 43 at 0x10003bc6
WORD_ENCODE_RETURN bytes=
0x667428:	0x64	0xe4	0xfe	0x2d	0xf0	0xe3	0xa6	0x00
0x667430:	0x00	0xf0	0xe3	0xa6	0x2d	0xf0	0x00	0x00
0x667438:	0x00	0xdb	0x6a	0x01	0x4c	0x18	0x4e	0x01
0x667440:	0x00	0x00	0x71	0xf0	0x00	0xd5	0xff	0x0b
WORD_ENCODE_ENTRY word=
0x667598:	"Drive-street-st"
Temporary breakpoint 44 at 0x10003bc6
WORD_ENCODE_RETURN bytes=
0x667428:	0x64	0xe4	0xfe	0x2d	0xf0	0xe3	0xa6	0x2d
0x667430:	0xf0	0x00	0x00	0xa6	0x2d	0xf0	0x00	0x00
0x667438:	0x00	0xdb	0x6a	0x01	0x4c	0x18	0x4e	0x01
0x667440:	0x00	0x00	0x71	0xf0	0x00	0xd5	0xff	0x0b
WORD_ENCODE_ENTRY word=
0x667598:	"Drive-street-st-apartment"
Temporary breakpoint 45 at 0x10003bc6
WORD_ENCODE_RETURN bytes=
0x667428:	0x64	0xe4	0xfe	0x2d	0xf0	0xe3	0xa6	0x2d
0x667430:	0xf0	0x2d	0x89	0x8a	0x74	0xc5	0xd0	0x00
0x667438:	0x00	0xdb	0x6a	0x01	0x4c	0x18	0x4e	0x01
0x667440:	0x00	0x00	0x71	0xf0	0x00	0xd5	0xff	0x0b
WORD_ENCODE_ENTRY word=
0x667598:	"street"
Temporary breakpoint 46 at 0x10003bc6
WORD_ENCODE_RETURN bytes=
0x667428:	0xf0	0xe3	0xa6	0x00	0x00	0xe3	0xa6	0x2d
0x667430:	0xf0	0x2d	0x89	0x8a	0x74	0xc5	0xd0	0x00
0x667438:	0x00	0xdb	0x6a	0x01	0x4c	0x18	0x4e	0x01
0x667440:	0x00	0x00	0x71	0xf0	0x00	0xd5	0xff	0x0b
WORD_ENCODE_ENTRY word=
0x667598:	"street-st"
Temporary breakpoint 47 at 0x10003bc6
WORD_ENCODE_RETURN bytes=
0x667428:	0xf0	0xe3	0xa6	0x2d	0xf0	0x00	0x00	0x2d
0x667430:	0xf0	0x2d	0x89	0x8a	0x74	0xc5	0xd0	0x00
0x667438:	0x00	0xdb	0x6a	0x01	0x4c	0x18	0x4e	0x01
0x667440:	0x00	0x00	0x71	0xf0	0x00	0xd5	0xff	0x0b
WORD_ENCODE_ENTRY word=
0x667598:	"street-st-apartment"
Temporary breakpoint 48 at 0x10003bc6
WORD_ENCODE_RETURN bytes=
0x667428:	0xf0	0xe3	0xa6	0x2d	0xf0	0x2d	0x89	0x8a
0x667430:	0x74	0xc5	0xd0	0x00	0x00	0xc5	0xd0	0x00
0x667438:	0x00	0xdb	0x6a	0x01	0x4c	0x18	0x4e	0x01
0x667440:	0x00	0x00	0x71	0xf0	0x00	0xd5	0xff	0x0b
WORD_ENCODE_ENTRY word=
0x667598:	"street-st-apartment-apt"
Temporary breakpoint 49 at 0x10003bc6
WORD_ENCODE_RETURN bytes=
0x667428:	0xf0	0xe3	0xa6	0x2d	0xf0	0x2d	0x89	0x8a
0x667430:	0x74	0xc5	0xd0	0x2d	0x89	0x74	0x00	0x00
0x667438:	0x00	0xdb	0x6a	0x01	0x4c	0x18	0x4e	0x01
0x667440:	0x00	0x00	0x71	0xf0	0x00	0xd5	0xff	0x0b
WORD_ENCODE_ENTRY word=
0x667598:	"st"
Temporary breakpoint 50 at 0x10003bc6
WORD_ENCODE_RETURN bytes=
0x667428:	0xf0	0x00	0x00	0x2d	0xf0	0x2d	0x89	0x8a
0x667430:	0x74	0xc5	0xd0	0x2d	0x89	0x74	0x00	0x00
0x667438:	0x00	0xdb	0x6a	0x01	0x4c	0x18	0x4e	0x01
0x667440:	0x00	0x00	0x71	0xf0	0x00	0xd5	0xff	0x0b
WORD_ENCODE_ENTRY word=
0x667598:	"st-apartment"
Temporary breakpoint 51 at 0x10003bc6
WORD_ENCODE_RETURN bytes=
0x667428:	0xf0	0x2d	0x89	0x8a	0x74	0xc5	0xd0	0x00
0x667430:	0x00	0xc5	0xd0	0x2d	0x89	0x74	0x00	0x00
0x667438:	0x00	0xdb	0x6a	0x01	0x4c	0x18	0x4e	0x01
0x667440:	0x00	0x00	0x71	0xf0	0x00	0xd5	0xff	0x0b
WORD_ENCODE_ENTRY word=
0x667598:	"st-apartment-apt"
Temporary breakpoint 52 at 0x10003bc6
WORD_ENCODE_RETURN bytes=
0x667428:	0xf0	0x2d	0x89	0x8a	0x74	0xc5	0xd0	0x2d
0x667430:	0x89	0x74	0x00	0x2d	0x89	0x74	0x00	0x00
0x667438:	0x00	0xdb	0x6a	0x01	0x4c	0x18	0x4e	0x01
0x667440:	0x00	0x00	0x71	0xf0	0x00	0xd5	0xff	0x0b
WORD_ENCODE_ENTRY word=
0x667598:	"apartment"
Temporary breakpoint 53 at 0x10003bc6
WORD_ENCODE_RETURN bytes=
0x667428:	0x89	0x8a	0x74	0xc5	0xd0	0x00	0x00	0x2d
0x667430:	0x89	0x74	0x00	0x2d	0x89	0x74	0x00	0x00
0x667438:	0x00	0xdb	0x6a	0x01	0x4c	0x18	0x4e	0x01
0x667440:	0x00	0x00	0x71	0xf0	0x00	0xd5	0xff	0x0b
WORD_ENCODE_ENTRY word=
0x667598:	"apartment-apt"
Temporary breakpoint 54 at 0x10003bc6
WORD_ENCODE_RETURN bytes=
0x667428:	0x89	0x8a	0x74	0xc5	0xd0	0x2d	0x89	0x74
0x667430:	0x00	0x74	0x00	0x2d	0x89	0x74	0x00	0x00
0x667438:	0x00	0xdb	0x6a	0x01	0x4c	0x18	0x4e	0x01
0x667440:	0x00	0x00	0x71	0xf0	0x00	0xd5	0xff	0x0b
WORD_ENCODE_ENTRY word=
0x667598:	"apt"
Temporary breakpoint 55 at 0x10003bc6
WORD_ENCODE_RETURN bytes=
0x667428:	0x89	0x74	0x00	0xc5	0xd0	0x2d	0x89	0x74
0x667430:	0x00	0x74	0x00	0x2d	0x89	0x74	0x00	0x00
0x667438:	0x00	0xdb	0x6a	0x01	0x4c	0x18	0x4e	0x01
0x667440:	0x00	0x00	0x71	0xf0	0x00	0xd5	0xff	0x0b
[Inferior 1 (Remote target) exited normally]
Wine-gdb>
