warning: remote target does not support file transfer, attempting to access files from local filesystem.
Reading symbols from /samples/voicetext_paul.exe...

This GDB supports auto-downloading debuginfo from the following URLs:
  <https://debuginfod.ubuntu.com>
Debuginfod has been disabled.
To make this setting permanent, add 'set debuginfod enabled off' to .gdbinit.
0x7bd64525 in DbgBreakPoint@0 () from /usr/lib/i386-linux-gnu/wine/i386-windows/ntdll.dll
Breakpoint 1 at 0x1001da50

Breakpoint 1, 0x1001da50 in vt_eng!VT_TextToFile_ENG () from /samples/vt_pau.dll
API before fmt=4 pitch=-1 speed=-1 volume=-1\nAPI after fmt=4 pitch=120 speed=-1 volume=-1\nBreakpoint 2 at 0x1002bbd0

Breakpoint 2, 0x1002bbd0 in vt_eng!VT_SpeakersInfo_ENG () from /samples/vt_pau.dll
UPM entry bank=0 offset=0 count=13 samples=1518 dat_offset=0 edge_a=108 edge_b=104 return=0x1002bf8b\nTemporary breakpoint 3 at 0x1002bf8b

Temporary breakpoint 3, 0x1002bf8b in vt_eng!VT_SpeakersInfo_ENG () from /samples/vt_pau.dll
UPM scaled vector:0x2beecbc:	108	106	108	106	122	114	130	132
0x2beeccc:	146	124	112	106	104	0	0	0
0x2beecdc:	0	0	0	0	0	0	0	0
0x2beecec:	0	0	0	0	0	0	0	0
Breakpoint 4 at 0x1002bc60

Breakpoint 4, 0x1002bc60 in vt_eng!VT_SpeakersInfo_ENG () from /samples/vt_pau.dll
SEGMENT entry output=0x2beb608 vector=0x2beecbc unit=0x2bcde18 periods=200 field0=120 field1=100 return=0x1002bfac\nSEGMENT vector:0x2beecbc:	108	106	108	106	122	114	130	132
0x2beeccc:	146	124	112	106	104	0	0	0
0x2beecdc:	0	0	0	0	0	0	0	0
0x2beecec:	0	0	0	0	0	0	0	0
Temporary breakpoint 5 at 0x1002bfac

Temporary breakpoint 5, 0x1002bfac in vt_eng!VT_SpeakersInfo_ENG () from /samples/vt_pau.dll
SEGMENT return count=12\n0x2beb608:	0x00000000	0x0000006c	0x0000006a	0x00000064
0x2beb618:	0x00000078	0x0000006c	0x0000006a	0x0000006c
0x2beb628:	0x00000064	0x00000078	0x000000d6	0x0000006c
0x2beb638:	0x0000006a	0x00000064	0x00000078	0x00000142
0x2beb648:	0x0000006a	0x0000007a	0x00000064	0x00000078
0x2beb658:	0x000001ac	0x0000007a	0x00000072	0x00000064
0x2beb668:	0x00000078	0x00000226	0x00000072	0x00000082
0x2beb678:	0x00000064	0x00000078	0x00000298	0x00000082
0x2beb688:	0x00000084	0x00000064	0x00000078	0x0000031a
0x2beb698:	0x00000084	0x00000092	0x00000064	0x00000078
Breakpoint 6 at 0x1002afb0

Breakpoint 6, 0x1002afb0 in vt_eng!VT_SpeakersInfo_ENG () from /samples/vt_pau.dll
RECON entry unit=0 cursor=0 return=0x1002bfbd\nTemporary breakpoint 7 at 0x1002bfbd

Temporary breakpoint 7, 0x1002bfbd in vt_eng!VT_SpeakersInfo_ENG () from /samples/vt_pau.dll
RECON return eax=1 cursor=2948\nBreakpoint 8 at 0x1002bbd0

Breakpoint 8, 0x1002bbd0 in vt_eng!VT_SpeakersInfo_ENG () from /samples/vt_pau.dll
NEXT UPM bank=0 offset=13 count=10 samples=1006 edge_a=104 edge_b=100 return=0x1002bf8b\nTemporary breakpoint 9 at 0x1002bf8b

Temporary breakpoint 9, 0x1002bf8b in vt_eng!VT_SpeakersInfo_ENG () from /samples/vt_pau.dll
NEXT UPM scaled vector:0x2beecbc:	104	104	102	100	100	102	98	98
0x2beeccc:	98	100	112	106	104	0	0	0
0x2beecdc:	0	0	0	0	0	0	0	0
0x2beecec:	0	0	0	0	0	0	0	0
Breakpoint 10 at 0x1002bc60

Breakpoint 10, 0x1002bc60 in vt_eng!VT_SpeakersInfo_ENG () from /samples/vt_pau.dll
NEXT SEGMENT vector=0x2beecbc unit=0x2bcde4c first=120 second=100 return=0x1002bfac\nTemporary breakpoint 11 at 0x1002bfac

Temporary breakpoint 11, 0x1002bfac in vt_eng!VT_SpeakersInfo_ENG () from /samples/vt_pau.dll
NEXT SEGMENT return count=9\nBreakpoint 12 at 0x1002afb0

Breakpoint 12, 0x1002afb0 in vt_eng!VT_SpeakersInfo_ENG () from /samples/vt_pau.dll
NEXT RECON entry unit=1 cursor=2948 return=0x1002bfbd\nTemporary breakpoint 13 at 0x1002bfbd

Temporary breakpoint 13, 0x1002bfbd in vt_eng!VT_SpeakersInfo_ENG () from /samples/vt_pau.dll
NEXT RECON return eax=1 cursor=4782 samples_added=917\n[Inferior 1 (Remote target) exited normally]
