GNU gdb (Ubuntu 15.1-1ubuntu1~24.04.1) 15.1
Copyright (C) 2024 Free Software Foundation, Inc.
License GPLv3+: GNU GPL version 3 or later <http://gnu.org/licenses/gpl.html>
This is free software: you are free to change and redistribute it.
There is NO WARRANTY, to the extent permitted by law.
Type "show copying" and "show warranty" for details.
This GDB was configured as "x86_64-linux-gnu".
Type "show configuration" for configuration details.
For bug reporting instructions, please see:
<https://www.gnu.org/software/gdb/bugs/>.
Find the GDB manual and other documentation resources online at:
    <http://www.gnu.org/software/gdb/documentation/>.

For help, type "help".
Type "apropos word" to search for commands related to "word".
warning: remote target does not support file transfer, attempting to access files from local filesystem.
Reading symbols from /samples/voicetext_kate.exe...
0x7bd64525 in DbgBreakPoint@0 ()
   from /usr/lib/i386-linux-gnu/wine/i386-windows/ntdll.dll
Wine-gdb> Wine-gdb> Wine-gdb> Wine-gdb> Signal        Stop	Print	Pass to program	Description
SIGSEGV       No	No	Yes		Segmentation fault
Wine-gdb> Wine-gdb> Wine-gdb> Copying output to /work/corpus-parity/stage20/hello-legacy-feature-crosswalk-score-fields/adapted-score-fields-gdb.log.
Copying debug output to /work/corpus-parity/stage20/hello-legacy-feature-crosswalk-score-fields/adapted-score-fields-gdb.log.
Wine-gdb> Already logging to /work/corpus-parity/stage20/hello-legacy-feature-crosswalk-score-fields/adapted-score-fields-gdb.log.
Wine-gdb> Wine-gdb> Wine-gdb> Wine-gdb> Breakpoint 1 at 0x10024060
Wine-gdb> >>>>>> > >  >  >  > > >>>Wine-gdb> Wine-gdb> Breakpoint 2 at 0x10023060
Wine-gdb> >>> > > > > > > >  >  >  >  > >>>Wine-gdb> Wine-gdb> Breakpoint 3 at 0x100182e0
Wine-gdb> >>> > > > > > > > > > > > > > > > > > > > > > > > > > > >  >  >  >  > >>>Wine-gdb> Wine-gdb> Wine-gdb> Breakpoint 4 at 0x1001b200
Wine-gdb> >>> > >>>Wine-gdb> Wine-gdb> Hardware assisted breakpoint 5 at 0x408187
Wine-gdb> >>>>Wine-gdb> Wine-gdb> Continuing.
Temporary breakpoint 6 at 0x10024808
Temporary breakpoint 7 at 0x10024271
Temporary breakpoint 8 at 0x10024808
Temporary breakpoint 9 at 0x10024271
SCORE_FIELDS_CUTOFF_OVERRIDE slot=1 sum=9
Temporary breakpoint 10 at 0x10024808
Temporary breakpoint 11 at 0x10024271
SCORE_FIELDS_CUTOFF_OVERRIDE slot=2 sum=5
Temporary breakpoint 12 at 0x10024808
Temporary breakpoint 13 at 0x10024271
SCORE_FIELDS_CUTOFF_OVERRIDE slot=3 sum=6
SCORE_FIELDS_ENTRY unit=272822 target=0x25cc648:	0	0	0	0	0	1	0
SCORE_FIELDS_TARGET_VIEW:0x6676cc:	24	12	12	0	244	118	102	0
0x6676d4:	213	73
SCORE_FIELDS_CANDIDATE_SIGNATURE:0x1fa241a:	1	90	34	23	23	160	0
SCORE_FIELDS_ATTRS attr_a=1 attr_b=0 metrics=755,779,223 features=73,108,164,66,66,75
Temporary breakpoint 14 at 0x1002389a
SCORE_FIELDS_RETURN unit=272822 score=9.6
SCORE_FIELDS_ENTRY unit=52542 target=0x25cc648:	0	0	0	0	0	1	0
SCORE_FIELDS_TARGET_VIEW:0x6676cc:	24	12	12	0	244	118	102	0
0x6676d4:	213	73
SCORE_FIELDS_CANDIDATE_SIGNATURE:0x1e29cd2:	1	90	34	23	33	160	0
SCORE_FIELDS_ATTRS attr_a=0 attr_b=0 metrics=885,267,255 features=76,134,162,89,130,88
Temporary breakpoint 15 at 0x1002389a
SCORE_FIELDS_RETURN unit=52542 score=9.6
SCORE_FIELDS_ENTRY unit=264072 target=0x25cc64e:	0	0	1	1	0	0	0
SCORE_FIELDS_TARGET_VIEW:0x6676a8:	11	12	185	0	204	118	102	0
0x6676b0:	206	72
SCORE_FIELDS_CANDIDATE_SIGNATURE:0x1f934d8:	1	34	23	43	17	32	0
SCORE_FIELDS_ATTRS attr_a=1 attr_b=0 metrics=1007,892,428 features=161,164,165,92,86,86
Temporary breakpoint 16 at 0x1002389a
SCORE_FIELDS_RETURN unit=264072 score=27.1761
SCORE_FIELDS_ENTRY unit=272823 target=0x25cc64e:	0	0	1	1	0	0	0
SCORE_FIELDS_TARGET_VIEW:0x6676a8:	11	12	185	0	204	118	102	0
0x6676b0:	206	72
SCORE_FIELDS_CANDIDATE_SIGNATURE:0x1fa2421:	1	34	23	43	10	32	0
SCORE_FIELDS_ATTRS attr_a=1 attr_b=0 metrics=223,183,63 features=164,168,170,75,72,72
Temporary breakpoint 17 at 0x1002389a
SCORE_FIELDS_RETURN unit=272823 score=26.5764
SCORE_FIELDS_ENTRY unit=264073 target=0x25cc654:	0	1	2	2	0	0	0
SCORE_FIELDS_TARGET_VIEW:0x6676a8:	35	185	185	1	204	118	102	0
0x6676b0:	206	72
SCORE_FIELDS_CANDIDATE_SIGNATURE:0x1f934df:	1	23	43	48	21	0	0
SCORE_FIELDS_ATTRS attr_a=1 attr_b=0 metrics=428,860,752 features=165,164,167,86,86,86
Temporary breakpoint 18 at 0x1002389a
SCORE_FIELDS_RETURN unit=264073 score=142.332
SCORE_FIELDS_ENTRY unit=272824 target=0x25cc654:	0	1	2	2	0	0	0
SCORE_FIELDS_TARGET_VIEW:0x6676a8:	35	185	185	1	204	118	102	0
0x6676b0:	206	72
SCORE_FIELDS_CANDIDATE_SIGNATURE:0x1fa2428:	1	23	43	48	22	0	0
SCORE_FIELDS_ATTRS attr_a=1 attr_b=0 metrics=63,924,360 features=170,171,175,72,70,68
Temporary breakpoint 19 at 0x1002389a
SCORE_FIELDS_RETURN unit=272824 score=173.792
SCORE_FIELDS_ENTRY unit=264074 target=0x25cc65a:	0	1	3	3	0	0	0
SCORE_FIELDS_TARGET_VIEW:0x6676a8:	97	0	0	1	204	118	102	0
0x6676b0:	206	72
SCORE_FIELDS_CANDIDATE_SIGNATURE:0x1f934e6:	0	43	48	90	77	69	0
SCORE_FIELDS_ATTRS attr_a=1 attr_b=0 metrics=752,352,508 features=167,163,139,86,105,118
Temporary breakpoint 20 at 0x1002389a
SCORE_FIELDS_RETURN unit=264074 score=75.25
SCORE_FIELDS_ENTRY unit=272825 target=0x25cc65a:	0	1	3	3	0	0	0
SCORE_FIELDS_TARGET_VIEW:0x6676a8:	97	0	0	1	204	118	102	0
0x6676b0:	206	72
SCORE_FIELDS_CANDIDATE_SIGNATURE:0x1fa242f:	0	43	48	90	95	69	0
SCORE_FIELDS_ATTRS attr_a=1 attr_b=0 metrics=360,972,764 features=175,162,138,68,103,120
Temporary breakpoint 21 at 0x1002389a
SCORE_FIELDS_RETURN unit=272825 score=71.25
SCORE_FIELDS_SELECTED n=1 id=52542
SCORE_FIELDS_SELECTED n=2 id=273370
SCORE_FIELDS_SELECTED n=3 id=273371
SCORE_FIELDS_SELECTED n=4 id=255282
[Inferior 1 (Remote target) exited normally]
Wine-gdb> 0114:0118: create process 'Z:\samples\voicetext_kate.exe'/00000000 @004014C0 (450560<1847>)
0114:0118: create thread I @004014C0
0114:0118: loads DLL C:\windows\system32\ntdll.dll @7BD10000 (2994176<5095>)
0114:0118: loads DLL C:\windows\system32\kernel32.dll @7BB90000 (1466368<19395>)
0114:0118: loads DLL C:\windows\system32\kernelbase.dll @7B650000 (5410816<14148>)
0114:0118: loads DLL C:\windows\system32\msvcrt.dll @7B2A0000 (2715648<8214>)
0114:0118: loads DLL Z:\samples\vt_kat.dll @10000000 (0<0>)
0114:0118: loads DLL C:\windows\system32\WINMM.dll @78D30000 (1474560<4890>)
0114:0118: loads DLL C:\windows\system32\advapi32.dll @7B550000 (958464<7400>)
0114:0118: loads DLL C:\windows\system32\sechost.dll @7B200000 (565248<3163>)
0114:0118: loads DLL C:\windows\system32\ucrtbase.dll @7AEE0000 (3198976<11541>)
0114:0118: loads DLL C:\windows\system32\msacm32.dll @78CB0000 (413696<1982>)
0114:0118: loads DLL C:\windows\system32\user32.dll @7A160000 (5005312<14159>)
0114:0118: loads DLL Z:\samples\zlib1.dll @7A120000 (135680<0>)
0114:0118: loads DLL C:\windows\system32\gdi32.dll @7A640000 (2355200<7390>)
0114:0118: loads DLL C:\windows\system32\win32u.dll @7A0D0000 (221184<1966>)
0114:0118: loads DLL C:\windows\system32\ole32.dll @7A9F0000 (4440064<14323>)
0114:0118: loads DLL C:\windows\system32\combase.dll @7A890000 (1314816<7562>)
0114:0118: loads DLL C:\windows\system32\rpcrt4.dll @79EA0000 (2162688<9274>)
0114:0118: loads DLL C:\windows\system32\coml2.dll @79E40000 (262144<3883>)
0114:0118: loads DLL C:\windows\system32\iphlpapi.dll @779C0000 (487424<4777>)
0114:0118: loads DLL C:\windows\system32\dnsapi.dll @77970000 (258048<1399>)
0114:0118: loads DLL C:\windows\system32\nsi.dll @77940000 (118784<823>)
0114:0118: loads DLL C:\windows\system32\ws2_32.dll @7AE40000 (565248<2279>)
0114:0118: loads DLL C:\windows\system32\tzres.dll @009C0000 (0<0>)
00000114:00000118: unload DLL @009C0000
0114:0118: loads DLL C:\windows\system32\tzres.dll @009C0000 (0<0>)
00000114:00000118: unload DLL @009C0000
0114:0118: loads DLL C:\windows\system32\imm32.dll @782F0000 (401408<2996>)
0114:0118: loads DLL C:\windows\system32\winex11.drv @780F0000 (307200<4314>)
0114:0118: loads DLL C:\windows\system32\uxtheme.dll @78030000 (671744<3646>)
00000114:00000118: exit process (0)
X connection to :99 broken (explicit kill or server shutdown).
